### [1/3] golden 單測（手冊圖8 ＋ W-D.2 滑池槽 8 案 ＋ B-3 欄集結構閘）
  ✅ B-3 欄集結構閘（app==sel _candidates 鍵集）：15 鍵一致
  ✅ 圖8 golden PASS（1地號=0.6685、2地號=0.3315、winner=1地號）
  ✅ 滑池槽 golden PASS（8/8：KL例 J=1.80/1.50㎡＋E1-E7）

  🔴 禁寫死絕對路徑閘（全倉 *.py）：1 命中
     verify\tools\nameset_diff.py:19: 絕對路徑（Windows `C:\…` 與 POSIX `/…/x.py` 皆處理）、`line N`、`0x…` 位址、連續空白。
  ✅ 末端夾具 fixture_cad_binding_order.py（🆕 C-6 CAD 線層綁定·順序不變性(3 置換)）rc=0
  ✅ 末端夾具 fixture_baseline_candidates.py（🆕 C-5 BASELINE 候選三分支＋R1 共線 golden）rc=0
  ✅ 末端夾具 fixture_n14_min_width.py（🆕 N-14/N-15 宗地最小寬度·深度帶內取 min）rc=0
  ✅ 末端夾具 fixture_n14_feed_chain.py（🆕 K-9-6-b 餵值鏈合成案·逐街廓路由＋查無 BASELINE 停機）rc=0
  ✅ 末端夾具 fixture_block_depth_n19p.py（🆕 K-8 §二 N-19′ 街廓平均深度·app 真符號 vs 裁定靶(六塊+region_min)）rc=0
     ┌─ 引擎↔快照 脫鉤清單（K-8 前置 A·不判紅）──────────────────────────────
     │ 【T10】現算 N-19′ vs **快照檔案原值**：檔案層制度看守（🆕 commit A 後執行期已同源·本格只看檔案）
     │ --------------------------------------------------------------------------------------------------------
     │   街廓      app N-19′(2dp)      快照檔案         Δ
     │   R1               33.15     32.97     +0.18
     │   R2               44.47     43.90     +0.57
     │   R3               44.34     43.64     +0.70
     │   R4               33.10     32.59     +0.51
     │   R5               45.71     45.04     +0.67
     │   R6               45.51     44.59     +0.92
     │   ⇒ **制度甲：檔案仍為凍結舊值**（＝K-8 §三 commit A 後之正常態）　✅
     │      **執行期已同源**：`run_verification.load_snapshot()` 於記憶體內以現算 N-19′ 覆寫該欄（檔案零修改·U-K8-1＝乙），逐塊同源由 `stepg_pipeline.assert_depth_same_source` loud 看守。
     │      ⇒ 引擎側 MinA_區 自 commit A 起為 **115.85**（非 114.07）。
     │      🚩 尚未做者＝**換檔＋重烤 v3 baseline**（U-K8-1＝乙·K-8 全案完成後一次換）。
     └────────────────────────────────────────────────────────────────────
  🔴 末端夾具 fixture_corner_range_k8.py（🆕 K-8 §三〜§五 街角規定範圍新構造·構造/單調性自檢＋判別力反例）rc=1
     ----------------------------------------------------------------------------------------------------
       ✅ 缺 SIDE_LINE：loud raise
       ✅ 缺 BASELINE：loud raise
       ✅ 缺 FRONT_LINE：loud raise
       ✅ 深度 ≤ 0：loud raise
       ✅ 退縮＋最小寬 ＝ 0：loud raise
       ✅ ALLOC ∥ FRONT（平行前緣線之距離不可定義）：loud raise
     ----------------------------------------------------------------------------------------------------
     RESULT: FAIL
     ====================================================================================================
  ✅ 末端夾具 fixture_end_reserve.py（P2-f 末端保留·窗位移(左右)）rc=0
  ✅ 末端夾具 fixture_end_fallback.py（§4 無勝者 fallback·守恆真檢(左右)）rc=0
  ✅ 末端夾具 fixture_end_winner.py（末端 gate 判別力·_unfront_area＋咬合反例）rc=0
  🔴 E 系列實測快照閘（E-1′雙向/E-2′/E-8a凸性/E-8b單點/E-9起點/E-10解析弦·兩情境逐宗）rc=1
       [3.5m] R2·628-32(2) 欄「臨街邊長(m)」：快照 '9.8730' → 實跑 '9.8727'
       [3.5m] R2·628-32(2) 欄「E-6差(m)」：快照 '2.664e-08' → 實跑 '2.666e-08'
       [3.5m] R2·628-34(1) 欄「min_t」：快照 '5.121e-08' → 實跑 '5.116e-08'
       [3.5m] R2·628-34(1) 欄「寬度(m)」：快照 '9.8038' → 實跑 '9.8042'
       [3.5m] R2·628-34(1) 欄「臨街邊長(m)」：快照 '9.8038' → 實跑 '9.8042'
       [3.5m] R2·628-34(1) 欄「E-6差(m)」：快照 '2.647e-08' → 實跑 '2.655e-08'
       [3.5m] R2·628-35(1) 欄「寬度(m)」：快照 '1.3393' → 實跑 '1.3392'
       [3.5m] R2·628-35(1) 欄「臨街邊長(m)」：快照 '1.3393' → 實跑 '1.3392'
       [3.5m] R2·628-35(1) 欄「E-6差(m)」：快照 '3.622e-09' → 實跑 '3.619e-09'
       [3.5m] R2·628-39(1) 欄「max_t」：快照 '44.7708' → 實跑 '44.7710'
       [3.5m] R2·628-39(1) 欄「凸性Δ(㎡)」：快照 '-0.000000' → 實跑 '0.000000'
       [3.5m] R2·628-39(1) 欄「寬度(m)」：快照 '5.2864' → 實跑 '5.2863'
       [3.5m] R2·628-39(1) 欄「臨街邊長(m)」：快照 '5.2864' → 實跑 '5.2863'
     ================================================================================================================
  ✅ K-4 S 起算點閘（FRONT 端點≡理論角/恆等式/三變體衝擊·patch 載具自檢）rc=0
  ✅ K-8 SIDE_LINE 配對驗證閘（8 實體／8 街角側／勝差>1.0m 無共用／app 輸出逐格對拍）rc=0
  ✅ K-8 配對驗證閘（既有 C-2/C-5 配對·集合斷言 R1/R4∈{#0,#2}·N-19′ 六塊對照靶）rc=0

### [2/3] diff 引擎自檢（竄改必咬＋Gxxx 分流；證綠非虛）
  ✅ 竄改自檢（改值×2＋缺列×1 → 咬 3/3）
  ✅ _classify_gxxx 分流（Gxxx-only→警告級、實質差→hard）

### [3/3] W-V headless 對拍（verify/run_verification.py）
… ownership（tab1 歸戶指紋複刻，讀 匿名版 xlsx）
    重劃區地籍 53 筆｜U_LAND 64453 筆｜失敗 0｜歸戶群組 33 組
    ✅ 靶 628-18 → G005（預期 G005）
    ✅ 靶 628-45 → G007（預期 G007）
    ✅ 靶 628 → G009（預期 G009）
    ✅ 靶 628-37 → G019（預期 G019）
    ✅ 靶 628-41 → G023（預期 G023）
    ✅ 靶 628-36 → G029（預期 G029）
… parcels：temp 126 筆｜可建築 build 61 筆｜面積交叉換位 2 對
🔴 S0d 異常：S_cut(未捨入)=0.19536602438260764 > 0 但實切面積 = 0.0（side=左側）——切帶與街廓不交？入報告（no-silent-fallback）
… Step G headless（0m；v3 真值財務＋結構不變量永久閘）
[T2-DIAG] 街廓 R1｜宗數 5｜池帶 2 片｜池帶 s 寬 [0.3248  35.2780]｜池帶面積 [5.3255  1169.3067]｜Σ池 1174.6322｜覆蓋殘差 0.0000｜Σ 殘差 +0.0000｜宗-宗疊 0.0000（上界 0.6630）｜內部縫 0 帶／0.0000㎡｜退化帶 0 個｜s 域 [-0.3248,87.7155]
[T2-DIAG] 街廓 R2｜宗數 15｜池帶 1 片｜池帶 s 寬 [40.4268]｜池帶面積 [1799.3957]｜Σ池 1799.3957｜覆蓋殘差 0.0000｜Σ 殘差 -0.0000｜宗-宗疊 0.0000（上界 3.1129）｜內部縫 0 帶／0.0000㎡｜退化帶 4 個（s 寬 1.69e-10, 4.23e-11, 4.36e-10, 4.23e-11）｜s 域 [0.2677,100.0274]
[T2-DIAG] 街廓 R4｜宗數 2｜池帶 1 片｜池帶 s 寬 [37.1234]｜池帶面積 [1229.0551]｜Σ池 1229.0551｜覆蓋殘差 0.0000｜Σ 殘差 -0.0000｜宗-宗疊 0.0000（上界 0.1655）｜內部縫 0 帶／0.0000㎡｜退化帶 1 個（s 寬 1.85e-10）｜s 域 [0.1759,98.7170]
[T2-DIAG] 街廓 R6｜宗數 11｜池帶 2 片｜池帶 s 寬 [3.6068  34.0515]｜池帶面積 [85.7064  1542.9818]｜Σ池 1628.6881｜覆蓋殘差 0.0000｜Σ 殘差 -0.0000｜宗-宗疊 0.0000（上界 2.2755）｜內部縫 0 帶／0.0000㎡｜退化帶 2 個（s 寬 6.75e-11, 7.85e-11）｜s 域 [-3.6068,85.8549]
[T2-DIAG] 街廓 R5｜宗數 12｜池帶 1 片｜池帶 s 寬 [38.6193]｜池帶面積 [1766.0761]｜Σ池 1766.0761｜覆蓋殘差 0.0000｜Σ 殘差 +0.0000｜宗-宗疊 0.0000（上界 2.5141）｜內部縫 0 帶／0.0000㎡｜退化帶 1 個（s 寬 4.24e-11）｜s 域 [0.2685,92.7995]
[T2-DIAG] 街廓 R3｜宗數 14｜池帶 1 片｜池帶 s 寬 [40.5345]｜池帶面積 [1795.1667]｜Σ池 1795.1667｜覆蓋殘差 0.0001｜Σ 殘差 -0.0001｜宗-宗疊 0.0000（上界 2.8821）｜內部縫 0 帶／0.0000㎡｜退化帶 3 個（s 寬 5.57e-06, 1.70e-10, 4.24e-11）｜s 域 [-0.0000,96.8032]
🔴 S0d 異常：S_cut(未捨入)=0.19536602438260764 > 0 但實切面積 = 0.0（side=左側）——切帶與街廓不交？入報告（no-silent-fallback）
… Step G headless（3.5m；v3 真值財務＋結構不變量永久閘）
[T2-DIAG] 街廓 R1｜宗數 5｜池帶 2 片｜池帶 s 寬 [0.3248  35.2678]｜池帶面積 [5.3255  1169.0674]｜Σ池 1174.3929｜覆蓋殘差 0.0000｜Σ 殘差 -0.0000｜宗-宗疊 0.0000（上界 0.6630）｜內部縫 0 帶／0.0000㎡｜退化帶 0 個｜s 域 [-0.3248,87.7155]
[T2-DIAG] 街廓 R2｜宗數 15｜池帶 2 片｜池帶 s 寬 [8.4281  32.9691]｜池帶面積 [308.1600  1466.2592]｜Σ池 1774.4192｜覆蓋殘差 0.0000｜Σ 殘差 +0.0000｜宗-宗疊 0.0000（上界 3.1129）｜內部縫 0 帶／0.0000㎡｜退化帶 3 個（s 寬 1.69e-10, 3.58e-10, 4.23e-11）｜s 域 [0.2677,100.0274]
[T2-DIAG] 街廓 R4｜宗數 2｜池帶 1 片｜池帶 s 寬 [37.1234]｜池帶面積 [1229.0551]｜Σ池 1229.0551｜覆蓋殘差 0.0000｜Σ 殘差 -0.0000｜宗-宗疊 0.0000（上界 0.1655）｜內部縫 0 帶／0.0000㎡｜退化帶 1 個（s 寬 1.85e-10）｜s 域 [0.1759,98.7170]
[T2-DIAG] 街廓 R6｜宗數 11｜池帶 2 片｜池帶 s 寬 [3.6068  34.0515]｜池帶面積 [85.7064  1542.9818]｜Σ池 1628.6881｜覆蓋殘差 0.0000｜Σ 殘差 -0.0000｜宗-宗疊 0.0000（上界 2.2755）｜內部縫 0 帶／0.0000㎡｜退化帶 2 個（s 寬 6.75e-11, 7.85e-11）｜s 域 [-3.6068,85.8549]
[T2-DIAG] 街廓 R5｜宗數 12｜池帶 2 片｜池帶 s 寬 [8.3899  31.4117]｜池帶面積 [299.6900  1441.8095]｜Σ池 1741.4995｜覆蓋殘差 0.0000｜Σ 殘差 +0.0000｜宗-宗疊 0.0000（上界 2.5141）｜內部縫 0 帶／0.0000㎡｜退化帶 2 個（s 寬 1.70e-10, 4.75e-10）｜s 域 [0.2685,92.7995]
[T2-DIAG] 街廓 R3｜宗數 14｜池帶 2 片｜池帶 s 寬 [33.0573  8.7027]｜池帶面積 [1462.5339  307.7500]｜Σ池 1770.2839｜覆蓋殘差 0.0001｜Σ 殘差 -0.0001｜宗-宗疊 0.0000（上界 2.8821）｜內部縫 0 帶／0.0000㎡｜退化帶 2 個（s 寬 5.57e-06, 1.27e-10）｜s 域 [-0.0000,96.8032]
… v3 財務接線閘（B/C 錨・中繼錨・C 兩形等價・A 逐宗全查・雙 reverse-test）
[T2-DIAG] 街廓 R1｜宗數 5｜池帶 2 片｜池帶 s 寬 [0.3248  35.3416]｜池帶面積 [5.3255  1171.4138]｜Σ池 1176.7394｜覆蓋殘差 0.0000｜Σ 殘差 -0.0000｜宗-宗疊 0.0000（上界 0.6630）｜內部縫 0 帶／0.0000㎡｜退化帶 0 個｜s 域 [-0.3248,87.7155]
[T2-DIAG] 街廓 R2｜宗數 15｜池帶 1 片｜池帶 s 寬 [40.4948]｜池帶面積 [1802.4224]｜Σ池 1802.4224｜覆蓋殘差 0.0000｜Σ 殘差 +0.0000｜宗-宗疊 0.0000（上界 3.1129）｜內部縫 0 帶／0.0000㎡｜退化帶 2 個（s 寬 3.86e-10, 4.23e-11）｜s 域 [0.2677,100.0274]
[T2-DIAG] 街廓 R4｜宗數 2｜池帶 1 片｜池帶 s 寬 [37.1958]｜池帶面積 [1231.4541]｜Σ池 1231.4541｜覆蓋殘差 0.0000｜Σ 殘差 +0.0000｜宗-宗疊 0.0000（上界 0.1655）｜內部縫 0 帶／0.0000㎡｜退化帶 1 個（s 寬 1.85e-10）｜s 域 [0.1759,98.7170]
[T2-DIAG] 街廓 R6｜宗數 11｜池帶 2 片｜池帶 s 寬 [3.6068  34.1131]｜池帶面積 [85.7064  1545.7783]｜Σ池 1631.4846｜覆蓋殘差 0.0000｜Σ 殘差 -0.0000｜宗-宗疊 0.0000（上界 2.2755）｜內部縫 0 帶／0.0000㎡｜退化帶 2 個（s 寬 1.96e-10, 7.85e-11）｜s 域 [-3.6068,85.8549]
[T2-DIAG] 街廓 R5｜宗數 12｜池帶 1 片｜池帶 s 寬 [38.6819]｜池帶面積 [1768.9314]｜Σ池 1768.9314｜覆蓋殘差 0.0000｜Σ 殘差 -0.0000｜宗-宗疊 0.0000（上界 2.5141）｜內部縫 0 帶／0.0000㎡｜退化帶 0 個｜s 域 [0.2685,92.7995]
[T2-DIAG] 街廓 R3｜宗數 14｜池帶 1 片｜池帶 s 寬 [40.5971]｜池帶面積 [1797.9403]｜Σ池 1797.9403｜覆蓋殘差 0.0001｜Σ 殘差 -0.0001｜宗-宗疊 0.0000（上界 2.8821）｜內部縫 0 帶／0.0000㎡｜退化帶 4 個（s 寬 5.57e-06, 1.70e-10, 4.49e-10, 4.24e-11）｜s 域 [-0.0000,96.8032]
[T2-DIAG] 街廓 R1｜宗數 5｜池帶 2 片｜池帶 s 寬 [0.3248  37.7885]｜池帶面積 [5.3255  1252.5158]｜Σ池 1257.8413｜覆蓋殘差 0.0000｜Σ 殘差 -0.0000｜宗-宗疊 0.0000（上界 0.6630）｜內部縫 0 帶／0.0000㎡｜退化帶 0 個｜s 域 [-0.3248,87.7155]
[T2-DIAG] 街廓 R2｜宗數 15｜池帶 1 片｜池帶 s 寬 [43.1198]｜池帶面積 [1919.2368]｜Σ池 1919.2368｜覆蓋殘差 0.0000｜Σ 殘差 -0.0000｜宗-宗疊 0.0000（上界 3.1129）｜內部縫 0 帶／0.0000㎡｜退化帶 3 個（s 寬 1.69e-10, 1.69e-10, 4.23e-11）｜s 域 [0.2677,100.0274]
[T2-DIAG] 街廓 R4｜宗數 2｜池帶 1 片｜池帶 s 寬 [39.7000]｜池帶面積 [1314.3679]｜Σ池 1314.3679｜覆蓋殘差 0.0000｜Σ 殘差 -0.0000｜宗-宗疊 0.0000（上界 0.1655）｜內部縫 0 帶／0.0000㎡｜退化帶 1 個（s 寬 1.85e-10）｜s 域 [0.1759,98.7170]
[T2-DIAG] 街廓 R6｜宗數 11｜池帶 2 片｜池帶 s 寬 [3.6068  36.4339]｜池帶面積 [85.7064  1651.0218]｜Σ池 1736.7282｜覆蓋殘差 0.0000｜Σ 殘差 +0.0000｜宗-宗疊 0.0000（上界 2.2755）｜內部縫 0 帶／0.0000㎡｜退化帶 1 個（s 寬 7.85e-11）｜s 域 [-3.6068,85.8549]
[T2-DIAG] 街廓 R5｜宗數 12｜池帶 1 片｜池帶 s 寬 [41.2289]｜池帶面積 [1885.1000]｜Σ池 1885.1000｜覆蓋殘差 0.0000｜Σ 殘差 +0.0000｜宗-宗疊 0.0000（上界 2.5141）｜內部縫 0 帶／0.0000㎡｜退化帶 1 個（s 寬 1.04e-10）｜s 域 [0.2685,92.7995]
[T2-DIAG] 街廓 R3｜宗數 14｜池帶 1 片｜池帶 s 寬 [43.2762]｜池帶面積 [1916.6323]｜Σ池 1916.6323｜覆蓋殘差 0.0001｜Σ 殘差 -0.0001｜宗-宗疊 0.0000（上界 2.8821）｜內部縫 0 帶／0.0000㎡｜退化帶 4 個（s 寬 5.57e-06, 1.27e-10, 7.85e-11, 4.24e-11）｜s 域 [-0.0000,96.8032]
… W-D.3 碎片幾何/分類/逐邊 CAD 對拍
🔴 S0d 異常：S_cut(未捨入)=0.19536602438260764 > 0 但實切面積 = 0.0（side=左側）——切帶與街廓不交？入報告（no-silent-fallback）
[T2-DIAG] 街廓 R1｜宗數 5｜池帶 2 片｜池帶 s 寬 [0.3248  35.2780]｜池帶面積 [5.3255  1169.3067]｜Σ池 1174.6322｜覆蓋殘差 0.0000｜Σ 殘差 +0.0000｜宗-宗疊 0.0000（上界 0.6630）｜內部縫 0 帶／0.0000㎡｜退化帶 0 個｜s 域 [-0.3248,87.7155]
[T2-DIAG] 街廓 R2｜宗數 15｜池帶 1 片｜池帶 s 寬 [40.4268]｜池帶面積 [1799.3957]｜Σ池 1799.3957｜覆蓋殘差 0.0000｜Σ 殘差 -0.0000｜宗-宗疊 0.0000（上界 3.1129）｜內部縫 0 帶／0.0000㎡｜退化帶 4 個（s 寬 1.69e-10, 4.23e-11, 4.36e-10, 4.23e-11）｜s 域 [0.2677,100.0274]
[T2-DIAG] 街廓 R4｜宗數 2｜池帶 1 片｜池帶 s 寬 [37.1234]｜池帶面積 [1229.0551]｜Σ池 1229.0551｜覆蓋殘差 0.0000｜Σ 殘差 -0.0000｜宗-宗疊 0.0000（上界 0.1655）｜內部縫 0 帶／0.0000㎡｜退化帶 1 個（s 寬 1.85e-10）｜s 域 [0.1759,98.7170]
[T2-DIAG] 街廓 R6｜宗數 11｜池帶 2 片｜池帶 s 寬 [3.6068  34.0515]｜池帶面積 [85.7064  1542.9818]｜Σ池 1628.6881｜覆蓋殘差 0.0000｜Σ 殘差 -0.0000｜宗-宗疊 0.0000（上界 2.2755）｜內部縫 0 帶／0.0000㎡｜退化帶 2 個（s 寬 6.75e-11, 7.85e-11）｜s 域 [-3.6068,85.8549]
[T2-DIAG] 街廓 R5｜宗數 12｜池帶 1 片｜池帶 s 寬 [38.6193]｜池帶面積 [1766.0761]｜Σ池 1766.0761｜覆蓋殘差 0.0000｜Σ 殘差 +0.0000｜宗-宗疊 0.0000（上界 2.5141）｜內部縫 0 帶／0.0000㎡｜退化帶 1 個（s 寬 4.24e-11）｜s 域 [0.2685,92.7995]
[T2-DIAG] 街廓 R3｜宗數 14｜池帶 1 片｜池帶 s 寬 [40.5345]｜池帶面積 [1795.1667]｜Σ池 1795.1667｜覆蓋殘差 0.0001｜Σ 殘差 -0.0001｜宗-宗疊 0.0000（上界 2.8821）｜內部縫 0 帶／0.0000㎡｜退化帶 3 個（s 寬 5.57e-06, 1.70e-10, 4.24e-11）｜s 域 [-0.0000,96.8032]
🔴 S0d 異常：S_cut(未捨入)=0.19536602438260764 > 0 但實切面積 = 0.0（side=左側）——切帶與街廓不交？入報告（no-silent-fallback）
[T2-DIAG] 街廓 R1｜宗數 5｜池帶 2 片｜池帶 s 寬 [0.3248  35.2678]｜池帶面積 [5.3255  1169.0674]｜Σ池 1174.3929｜覆蓋殘差 0.0000｜Σ 殘差 -0.0000｜宗-宗疊 0.0000（上界 0.6630）｜內部縫 0 帶／0.0000㎡｜退化帶 0 個｜s 域 [-0.3248,87.7155]
[T2-DIAG] 街廓 R2｜宗數 15｜池帶 2 片｜池帶 s 寬 [8.4281  32.9691]｜池帶面積 [308.1600  1466.2592]｜Σ池 1774.4192｜覆蓋殘差 0.0000｜Σ 殘差 +0.0000｜宗-宗疊 0.0000（上界 3.1129）｜內部縫 0 帶／0.0000㎡｜退化帶 3 個（s 寬 1.69e-10, 3.58e-10, 4.23e-11）｜s 域 [0.2677,100.0274]
[T2-DIAG] 街廓 R4｜宗數 2｜池帶 1 片｜池帶 s 寬 [37.1234]｜池帶面積 [1229.0551]｜Σ池 1229.0551｜覆蓋殘差 0.0000｜Σ 殘差 -0.0000｜宗-宗疊 0.0000（上界 0.1655）｜內部縫 0 帶／0.0000㎡｜退化帶 1 個（s 寬 1.85e-10）｜s 域 [0.1759,98.7170]
[T2-DIAG] 街廓 R6｜宗數 11｜池帶 2 片｜池帶 s 寬 [3.6068  34.0515]｜池帶面積 [85.7064  1542.9818]｜Σ池 1628.6881｜覆蓋殘差 0.0000｜Σ 殘差 -0.0000｜宗-宗疊 0.0000（上界 2.2755）｜內部縫 0 帶／0.0000㎡｜退化帶 2 個（s 寬 6.75e-11, 7.85e-11）｜s 域 [-3.6068,85.8549]
[T2-DIAG] 街廓 R5｜宗數 12｜池帶 2 片｜池帶 s 寬 [8.3899  31.4117]｜池帶面積 [299.6900  1441.8095]｜Σ池 1741.4995｜覆蓋殘差 0.0000｜Σ 殘差 +0.0000｜宗-宗疊 0.0000（上界 2.5141）｜內部縫 0 帶／0.0000㎡｜退化帶 2 個（s 寬 1.70e-10, 4.75e-10）｜s 域 [0.2685,92.7995]
[T2-DIAG] 街廓 R3｜宗數 14｜池帶 2 片｜池帶 s 寬 [33.0573  8.7027]｜池帶面積 [1462.5339  307.7500]｜Σ池 1770.2839｜覆蓋殘差 0.0001｜Σ 殘差 -0.0001｜宗-宗疊 0.0000（上界 2.8821）｜內部縫 0 帶／0.0000㎡｜退化帶 2 個（s 寬 5.57e-06, 1.27e-10）｜s 域 [-0.0000,96.8032]
… W-D.4 四梯分級清單（Gxxx 群組·31 旗標消費·遞補錨·fixture·v3 半實算）
🔴 S0d 異常：S_cut(未捨入)=0.19536602438260764 > 0 但實切面積 = 0.0（side=左側）——切帶與街廓不交？入報告（no-silent-fallback）
[T2-DIAG] 街廓 R1｜宗數 5｜池帶 2 片｜池帶 s 寬 [0.3248  35.2780]｜池帶面積 [5.3255  1169.3067]｜Σ池 1174.6322｜覆蓋殘差 0.0000｜Σ 殘差 +0.0000｜宗-宗疊 0.0000（上界 0.6630）｜內部縫 0 帶／0.0000㎡｜退化帶 0 個｜s 域 [-0.3248,87.7155]
[T2-DIAG] 街廓 R2｜宗數 15｜池帶 1 片｜池帶 s 寬 [40.4268]｜池帶面積 [1799.3957]｜Σ池 1799.3957｜覆蓋殘差 0.0000｜Σ 殘差 -0.0000｜宗-宗疊 0.0000（上界 3.1129）｜內部縫 0 帶／0.0000㎡｜退化帶 4 個（s 寬 1.69e-10, 4.23e-11, 4.36e-10, 4.23e-11）｜s 域 [0.2677,100.0274]
[T2-DIAG] 街廓 R4｜宗數 2｜池帶 1 片｜池帶 s 寬 [37.1234]｜池帶面積 [1229.0551]｜Σ池 1229.0551｜覆蓋殘差 0.0000｜Σ 殘差 -0.0000｜宗-宗疊 0.0000（上界 0.1655）｜內部縫 0 帶／0.0000㎡｜退化帶 1 個（s 寬 1.85e-10）｜s 域 [0.1759,98.7170]
[T2-DIAG] 街廓 R6｜宗數 11｜池帶 2 片｜池帶 s 寬 [3.6068  34.0515]｜池帶面積 [85.7064  1542.9818]｜Σ池 1628.6881｜覆蓋殘差 0.0000｜Σ 殘差 -0.0000｜宗-宗疊 0.0000（上界 2.2755）｜內部縫 0 帶／0.0000㎡｜退化帶 2 個（s 寬 6.75e-11, 7.85e-11）｜s 域 [-3.6068,85.8549]
[T2-DIAG] 街廓 R5｜宗數 12｜池帶 1 片｜池帶 s 寬 [38.6193]｜池帶面積 [1766.0761]｜Σ池 1766.0761｜覆蓋殘差 0.0000｜Σ 殘差 +0.0000｜宗-宗疊 0.0000（上界 2.5141）｜內部縫 0 帶／0.0000㎡｜退化帶 1 個（s 寬 4.24e-11）｜s 域 [0.2685,92.7995]
[T2-DIAG] 街廓 R3｜宗數 14｜池帶 1 片｜池帶 s 寬 [40.5345]｜池帶面積 [1795.1667]｜Σ池 1795.1667｜覆蓋殘差 0.0001｜Σ 殘差 -0.0001｜宗-宗疊 0.0000（上界 2.8821）｜內部縫 0 帶／0.0000㎡｜退化帶 3 個（s 寬 5.57e-06, 1.70e-10, 4.24e-11）｜s 域 [-0.0000,96.8032]
🔴 S0d 異常：S_cut(未捨入)=0.19536602438260764 > 0 但實切面積 = 0.0（side=左側）——切帶與街廓不交？入報告（no-silent-fallback）
[T2-DIAG] 街廓 R1｜宗數 5｜池帶 2 片｜池帶 s 寬 [0.3248  35.2678]｜池帶面積 [5.3255  1169.0674]｜Σ池 1174.3929｜覆蓋殘差 0.0000｜Σ 殘差 -0.0000｜宗-宗疊 0.0000（上界 0.6630）｜內部縫 0 帶／0.0000㎡｜退化帶 0 個｜s 域 [-0.3248,87.7155]
[T2-DIAG] 街廓 R2｜宗數 15｜池帶 2 片｜池帶 s 寬 [8.4281  32.9691]｜池帶面積 [308.1600  1466.2592]｜Σ池 1774.4192｜覆蓋殘差 0.0000｜Σ 殘差 +0.0000｜宗-宗疊 0.0000（上界 3.1129）｜內部縫 0 帶／0.0000㎡｜退化帶 3 個（s 寬 1.69e-10, 3.58e-10, 4.23e-11）｜s 域 [0.2677,100.0274]
[T2-DIAG] 街廓 R4｜宗數 2｜池帶 1 片｜池帶 s 寬 [37.1234]｜池帶面積 [1229.0551]｜Σ池 1229.0551｜覆蓋殘差 0.0000｜Σ 殘差 -0.0000｜宗-宗疊 0.0000（上界 0.1655）｜內部縫 0 帶／0.0000㎡｜退化帶 1 個（s 寬 1.85e-10）｜s 域 [0.1759,98.7170]
[T2-DIAG] 街廓 R6｜宗數 11｜池帶 2 片｜池帶 s 寬 [3.6068  34.0515]｜池帶面積 [85.7064  1542.9818]｜Σ池 1628.6881｜覆蓋殘差 0.0000｜Σ 殘差 -0.0000｜宗-宗疊 0.0000（上界 2.2755）｜內部縫 0 帶／0.0000㎡｜退化帶 2 個（s 寬 6.75e-11, 7.85e-11）｜s 域 [-3.6068,85.8549]
[T2-DIAG] 街廓 R5｜宗數 12｜池帶 2 片｜池帶 s 寬 [8.3899  31.4117]｜池帶面積 [299.6900  1441.8095]｜Σ池 1741.4995｜覆蓋殘差 0.0000｜Σ 殘差 +0.0000｜宗-宗疊 0.0000（上界 2.5141）｜內部縫 0 帶／0.0000㎡｜退化帶 2 個（s 寬 1.70e-10, 4.75e-10）｜s 域 [0.2685,92.7995]
[T2-DIAG] 街廓 R3｜宗數 14｜池帶 2 片｜池帶 s 寬 [33.0573  8.7027]｜池帶面積 [1462.5339  307.7500]｜Σ池 1770.2839｜覆蓋殘差 0.0001｜Σ 殘差 -0.0001｜宗-宗疊 0.0000（上界 2.8821）｜內部縫 0 帶／0.0000㎡｜退化帶 2 個（s 寬 5.57e-06, 1.27e-10）｜s 域 [-0.0000,96.8032]
🔴 S0d 異常：S_cut(未捨入)=0.19536602438260764 > 0 但實切面積 = 0.0（side=左側）——切帶與街廓不交？入報告（no-silent-fallback）
[T2-DIAG] 街廓 R1｜宗數 5｜池帶 2 片｜池帶 s 寬 [0.3248  35.2780]｜池帶面積 [5.3255  1169.3067]｜Σ池 1174.6322｜覆蓋殘差 0.0000｜Σ 殘差 +0.0000｜宗-宗疊 0.0000（上界 0.6630）｜內部縫 0 帶／0.0000㎡｜退化帶 0 個｜s 域 [-0.3248,87.7155]
[T2-DIAG] 街廓 R2｜宗數 15｜池帶 1 片｜池帶 s 寬 [40.4268]｜池帶面積 [1799.3957]｜Σ池 1799.3957｜覆蓋殘差 0.0000｜Σ 殘差 -0.0000｜宗-宗疊 0.0000（上界 3.1129）｜內部縫 0 帶／0.0000㎡｜退化帶 4 個（s 寬 1.69e-10, 4.23e-11, 4.36e-10, 4.23e-11）｜s 域 [0.2677,100.0274]
[T2-DIAG] 街廓 R4｜宗數 2｜池帶 1 片｜池帶 s 寬 [37.1234]｜池帶面積 [1229.0551]｜Σ池 1229.0551｜覆蓋殘差 0.0000｜Σ 殘差 -0.0000｜宗-宗疊 0.0000（上界 0.1655）｜內部縫 0 帶／0.0000㎡｜退化帶 1 個（s 寬 1.85e-10）｜s 域 [0.1759,98.7170]
[T2-DIAG] 街廓 R6｜宗數 11｜池帶 2 片｜池帶 s 寬 [3.6068  34.0515]｜池帶面積 [85.7064  1542.9818]｜Σ池 1628.6881｜覆蓋殘差 0.0000｜Σ 殘差 -0.0000｜宗-宗疊 0.0000（上界 2.2755）｜內部縫 0 帶／0.0000㎡｜退化帶 2 個（s 寬 6.75e-11, 7.85e-11）｜s 域 [-3.6068,85.8549]
[T2-DIAG] 街廓 R5｜宗數 12｜池帶 1 片｜池帶 s 寬 [38.6193]｜池帶面積 [1766.0761]｜Σ池 1766.0761｜覆蓋殘差 0.0000｜Σ 殘差 +0.0000｜宗-宗疊 0.0000（上界 2.5141）｜內部縫 0 帶／0.0000㎡｜退化帶 1 個（s 寬 4.24e-11）｜s 域 [0.2685,92.7995]
[T2-DIAG] 街廓 R3｜宗數 14｜池帶 1 片｜池帶 s 寬 [40.5345]｜池帶面積 [1795.1667]｜Σ池 1795.1667｜覆蓋殘差 0.0001｜Σ 殘差 -0.0001｜宗-宗疊 0.0000（上界 2.8821）｜內部縫 0 帶／0.0000㎡｜退化帶 3 個（s 寬 5.57e-06, 1.70e-10, 4.24e-11）｜s 域 [-0.0000,96.8032]
🔴 S0d 異常：S_cut(未捨入)=0.19536602438260764 > 0 但實切面積 = 0.0（side=左側）——切帶與街廓不交？入報告（no-silent-fallback）
[T2-DIAG] 街廓 R1｜宗數 5｜池帶 2 片｜池帶 s 寬 [0.3248  35.2678]｜池帶面積 [5.3255  1169.0674]｜Σ池 1174.3929｜覆蓋殘差 0.0000｜Σ 殘差 -0.0000｜宗-宗疊 0.0000（上界 0.6630）｜內部縫 0 帶／0.0000㎡｜退化帶 0 個｜s 域 [-0.3248,87.7155]
[T2-DIAG] 街廓 R2｜宗數 15｜池帶 2 片｜池帶 s 寬 [8.4281  32.9691]｜池帶面積 [308.1600  1466.2592]｜Σ池 1774.4192｜覆蓋殘差 0.0000｜Σ 殘差 +0.0000｜宗-宗疊 0.0000（上界 3.1129）｜內部縫 0 帶／0.0000㎡｜退化帶 3 個（s 寬 1.69e-10, 3.58e-10, 4.23e-11）｜s 域 [0.2677,100.0274]
[T2-DIAG] 街廓 R4｜宗數 2｜池帶 1 片｜池帶 s 寬 [37.1234]｜池帶面積 [1229.0551]｜Σ池 1229.0551｜覆蓋殘差 0.0000｜Σ 殘差 -0.0000｜宗-宗疊 0.0000（上界 0.1655）｜內部縫 0 帶／0.0000㎡｜退化帶 1 個（s 寬 1.85e-10）｜s 域 [0.1759,98.7170]
[T2-DIAG] 街廓 R6｜宗數 11｜池帶 2 片｜池帶 s 寬 [3.6068  34.0515]｜池帶面積 [85.7064  1542.9818]｜Σ池 1628.6881｜覆蓋殘差 0.0000｜Σ 殘差 -0.0000｜宗-宗疊 0.0000（上界 2.2755）｜內部縫 0 帶／0.0000㎡｜退化帶 2 個（s 寬 6.75e-11, 7.85e-11）｜s 域 [-3.6068,85.8549]
[T2-DIAG] 街廓 R5｜宗數 12｜池帶 2 片｜池帶 s 寬 [8.3899  31.4117]｜池帶面積 [299.6900  1441.8095]｜Σ池 1741.4995｜覆蓋殘差 0.0000｜Σ 殘差 +0.0000｜宗-宗疊 0.0000（上界 2.5141）｜內部縫 0 帶／0.0000㎡｜退化帶 2 個（s 寬 1.70e-10, 4.75e-10）｜s 域 [0.2685,92.7995]
[T2-DIAG] 街廓 R3｜宗數 14｜池帶 2 片｜池帶 s 寬 [33.0573  8.7027]｜池帶面積 [1462.5339  307.7500]｜Σ池 1770.2839｜覆蓋殘差 0.0001｜Σ 殘差 -0.0001｜宗-宗疊 0.0000（上界 2.8821）｜內部縫 0 帶／0.0000㎡｜退化帶 2 個（s 寬 5.57e-06, 1.27e-10）｜s 域 [-0.0000,96.8032]
🔴 S0d 異常：S_cut(未捨入)=0.19536602438260764 > 0 但實切面積 = 0.0（side=左側）——切帶與街廓不交？入報告（no-silent-fallback）
[T2-DIAG] 街廓 R1｜宗數 5｜池帶 2 片｜池帶 s 寬 [0.3248  35.2780]｜池帶面積 [5.3255  1169.3067]｜Σ池 1174.6322｜覆蓋殘差 0.0000｜Σ 殘差 +0.0000｜宗-宗疊 0.0000（上界 0.6630）｜內部縫 0 帶／0.0000㎡｜退化帶 0 個｜s 域 [-0.3248,87.7155]
[T2-DIAG] 街廓 R2｜宗數 15｜池帶 1 片｜池帶 s 寬 [40.4268]｜池帶面積 [1799.3957]｜Σ池 1799.3957｜覆蓋殘差 0.0000｜Σ 殘差 -0.0000｜宗-宗疊 0.0000（上界 3.1129）｜內部縫 0 帶／0.0000㎡｜退化帶 4 個（s 寬 1.69e-10, 4.23e-11, 4.36e-10, 4.23e-11）｜s 域 [0.2677,100.0274]
[T2-DIAG] 街廓 R4｜宗數 2｜池帶 1 片｜池帶 s 寬 [37.1234]｜池帶面積 [1229.0551]｜Σ池 1229.0551｜覆蓋殘差 0.0000｜Σ 殘差 -0.0000｜宗-宗疊 0.0000（上界 0.1655）｜內部縫 0 帶／0.0000㎡｜退化帶 1 個（s 寬 1.85e-10）｜s 域 [0.1759,98.7170]
[T2-DIAG] 街廓 R6｜宗數 11｜池帶 2 片｜池帶 s 寬 [3.6068  34.0515]｜池帶面積 [85.7064  1542.9818]｜Σ池 1628.6881｜覆蓋殘差 0.0000｜Σ 殘差 -0.0000｜宗-宗疊 0.0000（上界 2.2755）｜內部縫 0 帶／0.0000㎡｜退化帶 2 個（s 寬 6.75e-11, 7.85e-11）｜s 域 [-3.6068,85.8549]
[T2-DIAG] 街廓 R5｜宗數 12｜池帶 1 片｜池帶 s 寬 [38.6193]｜池帶面積 [1766.0761]｜Σ池 1766.0761｜覆蓋殘差 0.0000｜Σ 殘差 +0.0000｜宗-宗疊 0.0000（上界 2.5141）｜內部縫 0 帶／0.0000㎡｜退化帶 1 個（s 寬 4.24e-11）｜s 域 [0.2685,92.7995]
[T2-DIAG] 街廓 R3｜宗數 14｜池帶 1 片｜池帶 s 寬 [40.5345]｜池帶面積 [1795.1667]｜Σ池 1795.1667｜覆蓋殘差 0.0001｜Σ 殘差 -0.0001｜宗-宗疊 0.0000（上界 2.8821）｜內部縫 0 帶／0.0000㎡｜退化帶 3 個（s 寬 5.57e-06, 1.70e-10, 4.24e-11）｜s 域 [-0.0000,96.8032]
🔴 S0d 異常：S_cut(未捨入)=0.19536602438260764 > 0 但實切面積 = 0.0（side=左側）——切帶與街廓不交？入報告（no-silent-fallback）
[T2-DIAG] 街廓 R1｜宗數 5｜池帶 2 片｜池帶 s 寬 [0.3248  35.2678]｜池帶面積 [5.3255  1169.0674]｜Σ池 1174.3929｜覆蓋殘差 0.0000｜Σ 殘差 -0.0000｜宗-宗疊 0.0000（上界 0.6630）｜內部縫 0 帶／0.0000㎡｜退化帶 0 個｜s 域 [-0.3248,87.7155]
[T2-DIAG] 街廓 R2｜宗數 15｜池帶 2 片｜池帶 s 寬 [8.4281  32.9691]｜池帶面積 [308.1600  1466.2592]｜Σ池 1774.4192｜覆蓋殘差 0.0000｜Σ 殘差 +0.0000｜宗-宗疊 0.0000（上界 3.1129）｜內部縫 0 帶／0.0000㎡｜退化帶 3 個（s 寬 1.69e-10, 3.58e-10, 4.23e-11）｜s 域 [0.2677,100.0274]
[T2-DIAG] 街廓 R4｜宗數 2｜池帶 1 片｜池帶 s 寬 [37.1234]｜池帶面積 [1229.0551]｜Σ池 1229.0551｜覆蓋殘差 0.0000｜Σ 殘差 -0.0000｜宗-宗疊 0.0000（上界 0.1655）｜內部縫 0 帶／0.0000㎡｜退化帶 1 個（s 寬 1.85e-10）｜s 域 [0.1759,98.7170]
[T2-DIAG] 街廓 R6｜宗數 11｜池帶 2 片｜池帶 s 寬 [3.6068  34.0515]｜池帶面積 [85.7064  1542.9818]｜Σ池 1628.6881｜覆蓋殘差 0.0000｜Σ 殘差 -0.0000｜宗-宗疊 0.0000（上界 2.2755）｜內部縫 0 帶／0.0000㎡｜退化帶 2 個（s 寬 6.75e-11, 7.85e-11）｜s 域 [-3.6068,85.8549]
[T2-DIAG] 街廓 R5｜宗數 12｜池帶 2 片｜池帶 s 寬 [8.3899  31.4117]｜池帶面積 [299.6900  1441.8095]｜Σ池 1741.4995｜覆蓋殘差 0.0000｜Σ 殘差 +0.0000｜宗-宗疊 0.0000（上界 2.5141）｜內部縫 0 帶／0.0000㎡｜退化帶 2 個（s 寬 1.70e-10, 4.75e-10）｜s 域 [0.2685,92.7995]
[T2-DIAG] 街廓 R3｜宗數 14｜池帶 2 片｜池帶 s 寬 [33.0573  8.7027]｜池帶面積 [1462.5339  307.7500]｜Σ池 1770.2839｜覆蓋殘差 0.0001｜Σ 殘差 -0.0001｜宗-宗疊 0.0000（上界 2.8821）｜內部縫 0 帶／0.0000㎡｜退化帶 2 個（s 寬 5.57e-06, 1.27e-10）｜s 域 [-0.0000,96.8032]
🔴 S0d 異常：S_cut(未捨入)=0.19536602438260764 > 0 但實切面積 = 0.0（side=左側）——切帶與街廓不交？入報告（no-silent-fallback）
[T2-DIAG] 街廓 R1｜宗數 5｜池帶 2 片｜池帶 s 寬 [0.3248  35.2780]｜池帶面積 [5.3255  1169.3067]｜Σ池 1174.6322｜覆蓋殘差 0.0000｜Σ 殘差 +0.0000｜宗-宗疊 0.0000（上界 0.6630）｜內部縫 0 帶／0.0000㎡｜退化帶 0 個｜s 域 [-0.3248,87.7155]
[T2-DIAG] 街廓 R2｜宗數 15｜池帶 1 片｜池帶 s 寬 [40.4268]｜池帶面積 [1799.3957]｜Σ池 1799.3957｜覆蓋殘差 0.0000｜Σ 殘差 -0.0000｜宗-宗疊 0.0000（上界 3.1129）｜內部縫 0 帶／0.0000㎡｜退化帶 4 個（s 寬 1.69e-10, 4.23e-11, 4.36e-10, 4.23e-11）｜s 域 [0.2677,100.0274]
[T2-DIAG] 街廓 R4｜宗數 2｜池帶 1 片｜池帶 s 寬 [37.1234]｜池帶面積 [1229.0551]｜Σ池 1229.0551｜覆蓋殘差 0.0000｜Σ 殘差 -0.0000｜宗-宗疊 0.0000（上界 0.1655）｜內部縫 0 帶／0.0000㎡｜退化帶 1 個（s 寬 1.85e-10）｜s 域 [0.1759,98.7170]
[T2-DIAG] 街廓 R6｜宗數 11｜池帶 2 片｜池帶 s 寬 [3.6068  34.0515]｜池帶面積 [85.7064  1542.9818]｜Σ池 1628.6881｜覆蓋殘差 0.0000｜Σ 殘差 -0.0000｜宗-宗疊 0.0000（上界 2.2755）｜內部縫 0 帶／0.0000㎡｜退化帶 2 個（s 寬 6.75e-11, 7.85e-11）｜s 域 [-3.6068,85.8549]
[T2-DIAG] 街廓 R5｜宗數 12｜池帶 1 片｜池帶 s 寬 [38.6193]｜池帶面積 [1766.0761]｜Σ池 1766.0761｜覆蓋殘差 0.0000｜Σ 殘差 +0.0000｜宗-宗疊 0.0000（上界 2.5141）｜內部縫 0 帶／0.0000㎡｜退化帶 1 個（s 寬 4.24e-11）｜s 域 [0.2685,92.7995]
[T2-DIAG] 街廓 R3｜宗數 14｜池帶 1 片｜池帶 s 寬 [40.5345]｜池帶面積 [1795.1667]｜Σ池 1795.1667｜覆蓋殘差 0.0001｜Σ 殘差 -0.0001｜宗-宗疊 0.0000（上界 2.8821）｜內部縫 0 帶／0.0000㎡｜退化帶 3 個（s 寬 5.57e-06, 1.70e-10, 4.24e-11）｜s 域 [-0.0000,96.8032]
🔴 S0d 異常：S_cut(未捨入)=0.19536602438260764 > 0 但實切面積 = 0.0（side=左側）——切帶與街廓不交？入報告（no-silent-fallback）
[T2-DIAG] 街廓 R1｜宗數 5｜池帶 2 片｜池帶 s 寬 [0.3248  35.2678]｜池帶面積 [5.3255  1169.0674]｜Σ池 1174.3929｜覆蓋殘差 0.0000｜Σ 殘差 -0.0000｜宗-宗疊 0.0000（上界 0.6630）｜內部縫 0 帶／0.0000㎡｜退化帶 0 個｜s 域 [-0.3248,87.7155]
[T2-DIAG] 街廓 R2｜宗數 15｜池帶 2 片｜池帶 s 寬 [8.4281  32.9691]｜池帶面積 [308.1600  1466.2592]｜Σ池 1774.4192｜覆蓋殘差 0.0000｜Σ 殘差 +0.0000｜宗-宗疊 0.0000（上界 3.1129）｜內部縫 0 帶／0.0000㎡｜退化帶 3 個（s 寬 1.69e-10, 3.58e-10, 4.23e-11）｜s 域 [0.2677,100.0274]
[T2-DIAG] 街廓 R4｜宗數 2｜池帶 1 片｜池帶 s 寬 [37.1234]｜池帶面積 [1229.0551]｜Σ池 1229.0551｜覆蓋殘差 0.0000｜Σ 殘差 -0.0000｜宗-宗疊 0.0000（上界 0.1655）｜內部縫 0 帶／0.0000㎡｜退化帶 1 個（s 寬 1.85e-10）｜s 域 [0.1759,98.7170]
[T2-DIAG] 街廓 R6｜宗數 11｜池帶 2 片｜池帶 s 寬 [3.6068  34.0515]｜池帶面積 [85.7064  1542.9818]｜Σ池 1628.6881｜覆蓋殘差 0.0000｜Σ 殘差 -0.0000｜宗-宗疊 0.0000（上界 2.2755）｜內部縫 0 帶／0.0000㎡｜退化帶 2 個（s 寬 6.75e-11, 7.85e-11）｜s 域 [-3.6068,85.8549]
[T2-DIAG] 街廓 R5｜宗數 12｜池帶 2 片｜池帶 s 寬 [8.3899  31.4117]｜池帶面積 [299.6900  1441.8095]｜Σ池 1741.4995｜覆蓋殘差 0.0000｜Σ 殘差 +0.0000｜宗-宗疊 0.0000（上界 2.5141）｜內部縫 0 帶／0.0000㎡｜退化帶 2 個（s 寬 1.70e-10, 4.75e-10）｜s 域 [0.2685,92.7995]
[T2-DIAG] 街廓 R3｜宗數 14｜池帶 2 片｜池帶 s 寬 [33.0573  8.7027]｜池帶面積 [1462.5339  307.7500]｜Σ池 1770.2839｜覆蓋殘差 0.0001｜Σ 殘差 -0.0001｜宗-宗疊 0.0000（上界 2.8821）｜內部縫 0 帶／0.0000㎡｜退化帶 2 個（s 寬 5.57e-06, 1.27e-10）｜s 域 [-0.0000,96.8032]
… W-F F.0（級0/0' 合併＋梯3 釋池；trunk B 終態）
[T2-DIAG] 街廓 R1｜宗數 5｜池帶 2 片｜池帶 s 寬 [0.3248  35.2780]｜池帶面積 [5.3255  1169.3067]｜Σ池 1174.6322｜覆蓋殘差 0.0000｜Σ 殘差 +0.0000｜宗-宗疊 0.0000（上界 0.6630）｜內部縫 0 帶／0.0000㎡｜退化帶 0 個｜s 域 [-0.3248,87.7155]
[T2-DIAG] 街廓 R2｜宗數 13｜池帶 1 片｜池帶 s 寬 [41.1138]｜池帶面積 [1830.1152]｜Σ池 1830.1152｜覆蓋殘差 0.0000｜Σ 殘差 +0.0000｜宗-宗疊 0.0000（上界 2.6682）｜內部縫 0 帶／0.0000㎡｜退化帶 3 個（s 寬 9.09e-12, 1.69e-10, 4.23e-11）｜s 域 [0.2677,100.0274]
[T2-DIAG] 街廓 R4｜宗數 2｜池帶 1 片｜池帶 s 寬 [37.1234]｜池帶面積 [1229.0551]｜Σ池 1229.0551｜覆蓋殘差 0.0000｜Σ 殘差 -0.0000｜宗-宗疊 0.0000（上界 0.1655）｜內部縫 0 帶／0.0000㎡｜退化帶 1 個（s 寬 1.85e-10）｜s 域 [0.1759,98.7170]
[T2-DIAG] 街廓 R5｜宗數 9｜池帶 1 片｜池帶 s 寬 [38.6564]｜池帶面積 [1767.7384]｜Σ池 1767.7384｜覆蓋殘差 0.0000｜Σ 殘差 -0.0000｜宗-宗疊 0.0000（上界 1.8284）｜內部縫 0 帶／0.0000㎡｜退化帶 1 個（s 寬 4.42e-10）｜s 域 [0.2685,92.7995]
[T2-DIAG] 街廓 R3｜宗數 10｜池帶 1 片｜池帶 s 寬 [41.1449]｜池帶面積 [1822.3504]｜Σ池 1822.3504｜覆蓋殘差 0.0001｜Σ 殘差 -0.0001｜宗-宗疊 0.0000（上界 1.9953）｜內部縫 0 帶／0.0000㎡｜退化帶 4 個（s 寬 5.57e-06, 1.70e-10, 4.49e-10, 4.24e-11）｜s 域 [-0.0000,96.8032]
[T2-DIAG] 街廓 R6｜宗數 7｜池帶 2 片｜池帶 s 寬 [3.6068  34.0581]｜池帶面積 [85.7064  1543.2766]｜Σ池 1628.9830｜覆蓋殘差 0.0000｜Σ 殘差 -0.0000｜宗-宗疊 0.0000（上界 1.3653）｜內部縫 0 帶／0.0000㎡｜退化帶 1 個（s 寬 7.85e-11）｜s 域 [-3.6068,85.8549]
… W-F F.1（R1 楔形等 G 吞納＋前移；R3/R6 標記待 F.4）
… W-F F.2（跨街廓搬 a′ 模式一；五群 G009/G001/G021/G026/G027）
… W-F F.3（公設地調配：RD 五則①切半5/③集中30＋PF6；轉7-4 24筆）
… W-F F.4（7-4 三級調配＋7-5 批次最佳化＋終態整形＋33 群總決算；trunk E）
… W-G G.1 接線層 ctx-builder 同源（app _build_wf_ctx vs native _ctx；0m）
… W-G G.2 世代幾何曝出契約＋只寫不讀（0m）
============================================================
  🔴 FAIL  參數0m
        [參數0m] ('R1',) 欄「街廓分配深度(m)」: baseline='32.97' got=33.15
        [參數0m] ('R1',) 欄「【左】街角最小面積(㎡)」: baseline='109.79' got=114.94
        [參數0m] ('R1',) 欄「【右】街角最小面積(㎡)」: baseline='110.56' got=110.17
        [參數0m] ('R2',) 欄「街廓分配深度(m)」: baseline='43.9' got=44.47
        [參數0m] ('R2',) 欄「【左】街角最小面積(㎡)」: baseline='151.44' got=152.99
        [參數0m] ('R3',) 欄「街廓分配深度(m)」: baseline='43.64' got=44.34
        [參數0m] ('R3',) 欄「【右】街角最小面積(㎡)」: baseline='152.82' got=153.8
        [參數0m] ('R4',) 欄「街廓分配深度(m)」: baseline='32.59' got=33.1
        [參數0m] ('R4',) 欄「【左】街角最小面積(㎡)」: baseline='109.2' got=116.08
        [參數0m] ('R4',) 欄「【右】街角最小面積(㎡)」: baseline='109.7' got=111.02
        [參數0m] ('R5',) 欄「街廓分配深度(m)」: baseline='45.04' got=45.71
        [參數0m] ('R5',) 欄「【左】街角最小面積(㎡)」: baseline='146.93' got=146.48
        …（**另 2 列未顯示**·本閘違規總計 14 列）
  🔴 FAIL  參數3.5m
        [參數3.5m] ('R1',) 欄「街廓分配深度(m)」: baseline='32.97' got=33.15
        [參數3.5m] ('R1',) 欄「【左】街角最小面積(㎡)」: baseline='226.18' got=225.42
        [參數3.5m] ('R1',) 欄「【右】街角最小面積(㎡)」: baseline='226.88' got=226.13
        [參數3.5m] ('R2',) 欄「街廓分配深度(m)」: baseline='43.9' got=44.47
        [參數3.5m] ('R2',) 欄「【左】街角最小面積(㎡)」: baseline='309.05' got=308.16
        [參數3.5m] ('R3',) 欄「街廓分配深度(m)」: baseline='43.64' got=44.34
        [參數3.5m] ('R3',) 欄「【右】街角最小面積(㎡)」: baseline='308.93' got=307.75
        [參數3.5m] ('R4',) 欄「街廓分配深度(m)」: baseline='32.59' got=33.1
        [參數3.5m] ('R4',) 欄「【左】街角最小面積(㎡)」: baseline='225.25' got=225.0
        [參數3.5m] ('R4',) 欄「【右】街角最小面積(㎡)」: baseline='225.67' got=225.42
        [參數3.5m] ('R5',) 欄「街廓分配深度(m)」: baseline='45.04' got=45.71
        [參數3.5m] ('R5',) 欄「【左】街角最小面積(㎡)」: baseline='300.52' got=299.69
        …（**另 2 列未顯示**·本閘違規總計 14 列）
  ✅ PASS  -a診斷0m
  ✅ PASS  -a診斷3.5m
  ✅ PASS  ownership Gxxx 靶組（三環定理鏈）
  ✅ PASS  W-D.3 ghost 零面積不變量（8 筆全零）
  ✅ PASS  F.0-pre 15.73㎡ 歸因（公設 15.73 ＋ 可建築 13.34 = 29.07 ＝ ghost 真面積 29.09）
  🔴 FAIL  v3·診斷0m（全欄逐格·無豁免）
        [v3·診斷0m] 缺列 ('R3', '右', '628-28(1)')
        [v3·診斷0m] ('R4', '左', '628(1)') 欄「真交集(㎡)」: baseline='109.15' got=116.08
        [v3·診斷0m] ('R4', '左', '628(1)') 欄「範圍面積(㎡)」: baseline='109.2' got=116.08
        [v3·診斷0m] ('R4', '左', '628(1)') 欄「門檻(㎡)」: baseline='109.2' got=116.08
        [v3·診斷0m] ('R4', '右', '628-1(1)') 欄「真交集(㎡)」: baseline='109.65' got=111.02
        [v3·診斷0m] ('R4', '右', '628-1(1)') 欄「範圍面積(㎡)」: baseline='109.7' got=111.02
        [v3·診斷0m] ('R4', '右', '628-1(1)') 欄「門檻(㎡)」: baseline='109.7' got=111.02
        [v3·診斷0m] ('R6', '右', '628-18(1)') 欄「真交集(㎡)」: baseline='16.81' got=16.67
        [v3·診斷0m] ('R6', '右', '628-18(1)') 欄「範圍面積(㎡)」: baseline='146.38' got=145.88
        [v3·診斷0m] ('R6', '右', '628-18(1)') 欄「門檻(㎡)」: baseline='146.38' got=145.88
        [v3·診斷0m] ('R6', '右', '628-38(1)') 欄「真交集(㎡)」: baseline='129.13' got=128.78
        [v3·診斷0m] ('R6', '右', '628-38(1)') 欄「範圍面積(㎡)」: baseline='146.38' got=145.88
        …（**另 66 列未顯示**·本閘違規總計 78 列）
  🔴 FAIL  率接線無串聯0m（vs v1 原錨，豁免 G估 後逐格全等）
        [無串聯0m] 缺列 ('R3', '右', '628-28(1)')
        [無串聯0m] ('R4', '左', '628(1)') 欄「真交集(㎡)」: baseline='109.15' got=116.08
        [無串聯0m] ('R4', '左', '628(1)') 欄「範圍面積(㎡)」: baseline='109.2' got=116.08
        [無串聯0m] ('R4', '左', '628(1)') 欄「門檻(㎡)」: baseline='109.2' got=116.08
        [無串聯0m] ('R4', '右', '628-1(1)') 欄「真交集(㎡)」: baseline='109.65' got=111.02
        [無串聯0m] ('R4', '右', '628-1(1)') 欄「範圍面積(㎡)」: baseline='109.7' got=111.02
        [無串聯0m] ('R4', '右', '628-1(1)') 欄「門檻(㎡)」: baseline='109.7' got=111.02
        [無串聯0m] ('R6', '右', '628-18(1)') 欄「真交集(㎡)」: baseline='16.81' got=16.67
        [無串聯0m] ('R6', '右', '628-18(1)') 欄「範圍面積(㎡)」: baseline='146.38' got=145.88
        [無串聯0m] ('R6', '右', '628-18(1)') 欄「門檻(㎡)」: baseline='146.38' got=145.88
        [無串聯0m] ('R6', '右', '628-38(1)') 欄「真交集(㎡)」: baseline='129.13' got=128.78
        [無串聯0m] ('R6', '右', '628-38(1)') 欄「範圍面積(㎡)」: baseline='146.38' got=145.88
        …（**另 66 列未顯示**·本閘違規總計 78 列）
  🔴 FAIL  率接線 G估 欄變動0m 1 格（期 0·Y 波後 baseline 同源）
        實得 1 格＝值異動 0＋新候選 0＋消失候選 1
        消失候選 ('R3', '右', '628-28(1)')
  🔴 FAIL  指配0m
        [指配0m] ('R4',) 欄「【左】最小面積(㎡)」: baseline='109.2' got='116.08'
        [指配0m] ('R4',) 欄「【右】最小面積(㎡)」: baseline='109.7' got='111.02'
        [指配0m] ('R6',) 欄「【右】最小面積(㎡)」: baseline='146.38' got='145.88'
        [指配0m] ('R5',) 欄「【左】最小面積(㎡)」: baseline='146.93' got='146.48'
        [指配0m] ('R5',) 欄「【左】優先權指數」: baseline='0.5247' got=0.5412
        [指配0m] ('R2',) 欄「【左】最小面積(㎡)」: baseline='151.44' got='152.99'
        [指配0m] ('R2',) 欄「【左】優先權指數」: baseline='0.9309' got=0.9146
        [指配0m] ('R3',) 欄「【右】最小面積(㎡)」: baseline='152.82' got='153.8'
        [指配0m] ('R3',) 欄「【右】優先權指數」: baseline='0.5585' got=0.6031
        [指配0m] ('R1',) 欄「【左】最小面積(㎡)」: baseline='109.79' got='114.94'
        [指配0m] ('R1',) 欄「【右】最小面積(㎡)」: baseline='110.56' got='110.17'
        [指配0m] ('R1',) 欄「【右】優先權指數」: baseline='1.0' got=0.9919
  ✅ PASS  抵費地0m(應空)
  ✅ PASS  結構不變量永久閘0m（守恆/⊥/位次=投影序/J(k*)≥J(naive)/理論=實跑/telescoping）
  🔴 FAIL  v3·G值0m
        [v3·G值0m] ('R1', '628-37(1)') 欄「平均深度(m)」: baseline='32.97' got=33.15
        [v3·G值0m] ('R1', '628-35(2)') 欄「平均深度(m)」: baseline='32.97' got=33.15
        [v3·G值0m] ('R1', '628(5)') 欄「平均深度(m)」: baseline='32.97' got=33.15
        [v3·G值0m] ('R1', '628-34(3)') 欄「平均深度(m)」: baseline='32.97' got=33.15
        [v3·G值0m] ('R1', '628-36(1)') 欄「平均深度(m)」: baseline='32.97' got=33.15
        [v3·G值0m] ('R1', 'R1-抵費地-1') 欄「平均深度(m)」: baseline='32.97' got=33.15
        [v3·G值0m] ('R1', 'R1-抵費地-2') 欄「平均深度(m)」: baseline='32.97' got=33.15
        [v3·G值0m] ('R2', '628-41(1)') 欄「平均深度(m)」: baseline='43.9' got=44.47
        [v3·G值0m] ('R2', '628-42(1)') 欄「平均深度(m)」: baseline='43.9' got=44.47
        [v3·G值0m] ('R2', '628-27(1)') 欄「平均深度(m)」: baseline='43.9' got=44.47
        [v3·G值0m] ('R2', '628-40(1)') 欄「平均深度(m)」: baseline='43.9' got=44.47
        [v3·G值0m] ('R2', '628-43(1)') 欄「平均深度(m)」: baseline='43.9' got=44.47
        …（**另 55 列未顯示**·本閘違規總計 67 列）
  ✅ PASS  v3·滑池槽0m
  ✅ PASS  v3·J表0m
  ✅ PASS  k* 六塊經驗錨0m {'R1': 2, 'R2': 8, 'R3': 7, 'R4': 1, 'R5': 7, 'R6': 6}
  🔴 FAIL  v3·診斷3.5m（全欄逐格·無豁免）
        [v3·診斷3.5m] ('R4', '左', '628(1)') 欄「真交集(㎡)」: baseline='224.94' got=224.76
        [v3·診斷3.5m] ('R4', '左', '628(1)') 欄「範圍面積(㎡)」: baseline='225.25' got=225.0
        [v3·診斷3.5m] ('R4', '左', '628(1)') 欄「門檻(㎡)」: baseline='225.25' got=225.0
        [v3·診斷3.5m] ('R4', '右', '628-1(1)') 欄「真交集(㎡)」: baseline='225.38' got=225.19
        [v3·診斷3.5m] ('R4', '右', '628-1(1)') 欄「範圍面積(㎡)」: baseline='225.67' got=225.42
        [v3·診斷3.5m] ('R4', '右', '628-1(1)') 欄「門檻(㎡)」: baseline='225.67' got=225.42
        [v3·診斷3.5m] ('R6', '右', '628-18(1)') 欄「真交集(㎡)」: baseline='98.02' got=97.21
        [v3·診斷3.5m] ('R6', '右', '628-18(1)') 欄「範圍面積(㎡)」: baseline='299.13' got=298.14
        [v3·診斷3.5m] ('R6', '右', '628-18(1)') 欄「門檻(㎡)」: baseline='299.13' got=298.14
        [v3·診斷3.5m] ('R6', '右', '628-38(1)') 欄「真交集(㎡)」: baseline='200.61' got=200.44
        [v3·診斷3.5m] ('R6', '右', '628-38(1)') 欄「範圍面積(㎡)」: baseline='299.13' got=298.14
        [v3·診斷3.5m] ('R6', '右', '628-38(1)') 欄「門檻(㎡)」: baseline='299.13' got=298.14
        …（**另 59 列未顯示**·本閘違規總計 71 列）
  🔴 FAIL  率接線無串聯3.5m（vs v1 原錨，豁免 G估 後逐格全等）
        [無串聯3.5m] ('R4', '左', '628(1)') 欄「真交集(㎡)」: baseline='224.94' got=224.76
        [無串聯3.5m] ('R4', '左', '628(1)') 欄「範圍面積(㎡)」: baseline='225.25' got=225.0
        [無串聯3.5m] ('R4', '左', '628(1)') 欄「門檻(㎡)」: baseline='225.25' got=225.0
        [無串聯3.5m] ('R4', '右', '628-1(1)') 欄「真交集(㎡)」: baseline='225.38' got=225.19
        [無串聯3.5m] ('R4', '右', '628-1(1)') 欄「範圍面積(㎡)」: baseline='225.67' got=225.42
        [無串聯3.5m] ('R4', '右', '628-1(1)') 欄「門檻(㎡)」: baseline='225.67' got=225.42
        [無串聯3.5m] ('R6', '右', '628-18(1)') 欄「真交集(㎡)」: baseline='98.02' got=97.21
        [無串聯3.5m] ('R6', '右', '628-18(1)') 欄「範圍面積(㎡)」: baseline='299.13' got=298.14
        [無串聯3.5m] ('R6', '右', '628-18(1)') 欄「門檻(㎡)」: baseline='299.13' got=298.14
        [無串聯3.5m] ('R6', '右', '628-38(1)') 欄「真交集(㎡)」: baseline='200.61' got=200.44
        [無串聯3.5m] ('R6', '右', '628-38(1)') 欄「範圍面積(㎡)」: baseline='299.13' got=298.14
        [無串聯3.5m] ('R6', '右', '628-38(1)') 欄「門檻(㎡)」: baseline='299.13' got=298.14
        …（**另 59 列未顯示**·本閘違規總計 71 列）
  ✅ PASS  率接線 G估 欄變動3.5m 0 格（期 0·Y 波後 baseline 同源）
  🔴 FAIL  指配3.5m
        [指配3.5m] ('R4',) 欄「【左】最小面積(㎡)」: baseline='225.25' got='225.0'
        [指配3.5m] ('R4',) 欄「【右】最小面積(㎡)」: baseline='225.67' got='225.42'
        [指配3.5m] ('R6',) 欄「【右】最小面積(㎡)」: baseline='299.13' got='298.14'
        [指配3.5m] ('R5',) 欄「【左】最小面積(㎡)」: baseline='300.52' got='299.69'
        [指配3.5m] ('R2',) 欄「【左】最小面積(㎡)」: baseline='309.05' got='308.16'
        [指配3.5m] ('R3',) 欄「【右】最小面積(㎡)」: baseline='308.93' got='307.75'
        [指配3.5m] ('R1',) 欄「【左】最小面積(㎡)」: baseline='226.18' got='225.42'
        [指配3.5m] ('R1',) 欄「【右】最小面積(㎡)」: baseline='226.88' got='226.13'
  🔴 FAIL  抵費地3.5m
        [抵費地3.5m] ('R5', '左') 欄「抵費地面積＝range(㎡)」: baseline='300.52' got='299.69'
        [抵費地3.5m] ('R2', '左') 欄「抵費地面積＝range(㎡)」: baseline='309.05' got='308.16'
        [抵費地3.5m] ('R3', '右') 欄「抵費地面積＝range(㎡)」: baseline='308.93' got='307.75'
  ✅ PASS  結構不變量永久閘3.5m（守恆/⊥/位次=投影序/J(k*)≥J(naive)/理論=實跑/telescoping）
  🔴 FAIL  v3·G值3.5m
        [v3·G值3.5m] ('R1', '628-36(1)') 欄「平均深度(m)」: baseline='32.97' got=33.15
        [v3·G值3.5m] ('R1', '628(5)') 欄「平均深度(m)」: baseline='32.97' got=33.15
        [v3·G值3.5m] ('R1', '628-34(3)') 欄「平均深度(m)」: baseline='32.97' got=33.15
        [v3·G值3.5m] ('R1', '628-37(1)') 欄「平均深度(m)」: baseline='32.97' got=33.15
        [v3·G值3.5m] ('R1', '628-35(2)') 欄「平均深度(m)」: baseline='32.97' got=33.15
        [v3·G值3.5m] ('R1', 'R1-抵費地-1') 欄「平均深度(m)」: baseline='32.97' got=33.15
        [v3·G值3.5m] ('R1', 'R1-抵費地-2') 欄「平均深度(m)」: baseline='32.97' got=33.15
        [v3·G值3.5m] ('R2', '628-42(1)') 欄「平均深度(m)」: baseline='43.9' got=44.47
        [v3·G值3.5m] ('R2', '628-42(1)') 欄「W(m)」: baseline='7.11' got=7.09
        [v3·G值3.5m] ('R2', '628-42(1)') 欄「Rw(%)」: baseline='0.57' got=0.58
        [v3·G值3.5m] ('R2', '628-42(1)') 欄「累積S(m)」: baseline='8.82' got=8.8
        [v3·G值3.5m] ('R2', '628-41(1)') 欄「平均深度(m)」: baseline='43.9' got=44.47
        …（**另 182 列未顯示**·本閘違規總計 194 列）
  🔴 FAIL  v3·滑池槽3.5m
        [v3·滑池槽3.5m] ('R2',) 欄「J(naive)」: baseline='19.9149' got=19.9656
        [v3·滑池槽3.5m] ('R2',) 欄「J(k*)」: baseline='19.9149' got=19.9656
        [v3·滑池槽3.5m] ('R2',) 欄「ΣRw_L理論@k*(%)」: baseline='44.3' got=44.41
        [v3·滑池槽3.5m] ('R2',) 欄「ΣRw_L實跑(%)」: baseline='44.29' got=44.42
        [v3·滑池槽3.5m] ('R2',) 欄「ΣG(㎡)」: baseline='2594.22' got=2594.17
        [v3·滑池槽3.5m] ('R2',) 欄「Σ配地幾何(㎡)」: baseline='2594.21' got=2594.19
        [v3·滑池槽3.5m] ('R2',) 欄「池總=幾何剩餘(㎡)」: baseline='1774.4' got=1774.42
        [v3·滑池槽3.5m] ('R2',) 欄「角落抵費地L(㎡)」: baseline='309.05' got=308.16
        [v3·滑池槽3.5m] ('R2',) 欄「中央池(㎡)」: baseline='1465.35' got=1466.26
        [v3·滑池槽3.5m] ('R2',) 欄「守恆殘差(㎡)」: baseline='0.01' got=-0.01
        [v3·滑池槽3.5m] ('R2',) 欄「幾何片明細(㎡)」: baseline='[1465.35, 309.05]' got='[1466.26, 308.16]'
        [v3·滑池槽3.5m] ('R3',) 欄「J(naive)」: baseline='19.8902' got=19.9573
        …（**另 21 列未顯示**·本閘違規總計 33 列）
  🔴 FAIL  v3·J表3.5m
        [v3·J表3.5m] ('R2', '1') 欄「ΣRw_L(%)」: baseline='0.59' got=0.6
        [v3·J表3.5m] ('R2', '2') 欄「J」: baseline='9.3389' got=9.3513
        [v3·J表3.5m] ('R2', '2') 欄「ΣRw_L(%)」: baseline='20.77' got=20.8
        [v3·J表3.5m] ('R2', '3') 欄「J」: baseline='10.6147' got=10.6272
        [v3·J表3.5m] ('R2', '3') 欄「ΣRw_L(%)」: baseline='23.61' got=23.64
        [v3·J表3.5m] ('R2', '4') 欄「J」: baseline='19.9149' got=19.9656
        [v3·J表3.5m] ('R2', '4') 欄「ΣRw_L(%)」: baseline='44.3' got=44.41
        [v3·J表3.5m] ('R2', '5') 欄「J」: baseline='19.9149' got=19.9656
        [v3·J表3.5m] ('R2', '5') 欄「ΣRw_L(%)」: baseline='44.3' got=44.41
        [v3·J表3.5m] ('R2', '6') 欄「J」: baseline='19.9149' got=19.9656
        [v3·J表3.5m] ('R2', '6') 欄「ΣRw_L(%)」: baseline='44.3' got=44.41
        [v3·J表3.5m] ('R2', '7') 欄「J」: baseline='19.9149' got=19.9656
        …（**另 67 列未顯示**·本閘違規總計 79 列）
  ✅ PASS  k* 六塊經驗錨3.5m {'R1': 1, 'R2': 8, 'R3': 7, 'R4': 1, 'R5': 7, 'R6': 6}
  ✅ PASS  v3 財務錨 B == 0.171043（獨立輸入現算 → 0.171043）
  ✅ PASS  v3 財務錨 C == 0.091319（加總形分母 1,643,176,255.06）
  ✅ PASS  v3 中繼錨 工程費/重劃費/費用總額 == 122324608/22717427/150053099
  ✅ PASS  v3 C 兩形等價（加總形 vs app calc_C_value 均價形）|Δ|=2.92e-10 <1e-8
  ✅ PASS  v3 A 逐宗全查（118 列＝後街廓單價/重劃前區段單價）
  ✅ PASS  v3 reverse-test① 單位工程費 3500→3550 ⟹ C 隨動 (0.091319→0.092382)
  ✅ PASS  v3 reverse-test② 前均價 ×1.1 ⟹ B 隨動且 C 不動 (B 0.171043→0.188147；C 0.091319)
  ✅ PASS  v3 重劃總負擔率錨 == 0.40712387（現算 0.40712387）
  ✅ PASS  v3 率分項錨 公設負擔比 34.754211% ＋ 費用負擔比 5.958176%
  ✅ PASS  v3 率用 DXF 公設實值 12146.5579（非截圖 rounded 12146.56）
  ✅ PASS  v3 reverse-test③ 單位工程費 3500→3550 ⟹ 重劃總負擔率隨動 (0.40712387→0.40781775)
  🔴 FAIL  W-D.3 碎片幾何/三分類（v3）
        [碎片幾何] ('0m', 'R1-抵費地-1') 欄「參考_depth×mw」: baseline='115.39' got=116.02
        [碎片幾何] ('0m', 'R1-抵費地-1') 欄「參考_街角範圍」: baseline='109.79' got=114.94
        [碎片幾何] ('0m', 'R1-抵費地-2') 欄「參考_depth×mw」: baseline='115.39' got=116.02
        [碎片幾何] ('0m', 'R1-抵費地-2') 欄「參考_街角範圍」: baseline='109.79' got=114.94
        [碎片幾何] ('0m', 'R2-抵費地') 欄「參考_depth×mw」: baseline='153.65' got=155.64
        [碎片幾何] ('0m', 'R2-抵費地') 欄「參考_街角範圍」: baseline='151.44' got=152.99
        [碎片幾何] ('0m', 'R4-抵費地') 欄「參考_depth×mw」: baseline='114.07' got=115.85
        [碎片幾何] ('0m', 'R4-抵費地') 欄「參考_街角範圍」: baseline='109.2' got=116.08
        [碎片幾何] ('0m', 'R6-抵費地-1') 欄「參考_depth×mw」: baseline='156.06' got=159.28
        [碎片幾何] ('0m', 'R6-抵費地-1') 欄「參考_街角範圍」: baseline='146.38' got=145.88
        [碎片幾何] ('0m', 'R6-抵費地-2') 欄「參考_depth×mw」: baseline='156.06' got=159.28
        [碎片幾何] ('0m', 'R6-抵費地-2') 欄「參考_街角範圍」: baseline='146.38' got=145.88
        …（**另 45 列未顯示**·本閘違規總計 57 列）
  🔴 FAIL  W-D.3 碎片逐邊CAD（v3）
        [碎片逐邊] ('3.5m', 'R2-抵費地-1') 欄「面積」: baseline='1465.35' got=1466.26
        [碎片逐邊] ('3.5m', 'R2-抵費地-1') 欄「臨正街長」: baseline='32.95' got=32.97
        [碎片逐邊] ('3.5m', 'R2-抵費地-1') 欄「非路邊界長(屁股/分區/截角)」: baseline='32.97' got=32.99
        [碎片逐邊] ('3.5m', 'R2-抵費地-2') 欄「面積」: baseline='309.05' got=308.16
        [碎片逐邊] ('3.5m', 'R2-抵費地-2') 欄「臨正街長」: baseline='5.17' got=5.15
        [碎片逐邊] ('3.5m', 'R2-抵費地-2') 欄「非路邊界長(屁股/分區/截角)」: baseline='10.32' got=10.3
        [碎片逐邊] ('3.5m', 'R5-抵費地-1') 欄「面積」: baseline='1440.93' got=1441.81
        [碎片逐邊] ('3.5m', 'R5-抵費地-1') 欄「臨正街長」: baseline='31.39' got=31.41
        [碎片逐邊] ('3.5m', 'R5-抵費地-1') 欄「非路邊界長(屁股/分區/截角)」: baseline='31.29' got=31.31
        [碎片逐邊] ('3.5m', 'R5-抵費地-1') 欄「內部切長」: baseline='92.2' got=92.19
        [碎片逐邊] ('3.5m', 'R5-抵費地-2') 欄「面積」: baseline='300.52' got=299.69
        [碎片逐邊] ('3.5m', 'R5-抵費地-2') 欄「臨正街長」: baseline='5.21' got=5.2
        …（**另 8 列未顯示**·本閘違規總計 20 列）
  🔴 FAIL  W-D.4 四梯清單0m（v3 半實算）
        [W-D.4清單0m] ('0m', 'G003') 欄「路徑標註」: baseline='公設軌·達標門檻＝區標準 114.07(手冊(三))；½線測試延至 F.4 以 G(a′) 施作' got='公設軌·達標門檻＝區標準 115.85(手冊(三))；½線測試延至 F.4 以 G(a′) 施作'
        [W-D.4清單0m] ('0m', 'G004') 欄「增配a′(㎡)」: baseline='42.47' got=44.25
        [W-D.4清單0m] ('0m', 'G004') 欄「差額地價(元)§52-1」: baseline='3238167' got=3373884
        [W-D.4清單0m] ('0m', 'G011') 欄「增配a′(㎡)」: baseline='24.3' got=26.08
        [W-D.4清單0m] ('0m', 'G011') 欄「差額地價(元)§52-1」: baseline='1852777' got=1988495
        [W-D.4清單0m] ('0m', 'G012') 欄「路徑標註」: baseline='公設軌·達標門檻＝區標準 114.07(手冊(三))；½線測試延至 F.4 以 G(a′) 施作' got='公設軌·達標門檻＝區標準 115.85(手冊(三))；½線測試延至 F.4 以 G(a′) 施作'
        [W-D.4清單0m] ('0m', 'G013') 欄「路徑標註」: baseline='公設軌·達標門檻＝區標準 114.07(手冊(三))；½線測試延至 F.4 以 G(a′) 施作' got='公設軌·達標門檻＝區標準 115.85(手冊(三))；½線測試延至 F.4 以 G(a′) 施作'
        [W-D.4清單0m] ('0m', 'G015') 欄「路徑標註」: baseline='公設軌·達標門檻＝區標準 114.07(手冊(三))；½線測試延至 F.4 以 G(a′) 施作' got='公設軌·達標門檻＝區標準 115.85(手冊(三))；½線測試延至 F.4 以 G(a′) 施作'
        [W-D.4清單0m] ('0m', 'G016') 欄「路徑標註」: baseline='公設軌·達標門檻＝區標準 114.07(手冊(三))；½線測試延至 F.4 以 G(a′) 施作' got='公設軌·達標門檻＝區標準 115.85(手冊(三))；½線測試延至 F.4 以 G(a′) 施作'
        [W-D.4清單0m] ('0m', 'G024') 欄「路徑標註」: baseline='公設軌·達標門檻＝區標準 114.07(手冊(三))；½線測試延至 F.4 以 G(a′) 施作' got='公設軌·達標門檻＝區標準 115.85(手冊(三))；½線測試延至 F.4 以 G(a′) 施作'
        [W-D.4清單0m] ('0m', 'G028') 欄「路徑標註」: baseline='公設軌·達標門檻＝區標準 114.07(手冊(三))；½線測試延至 F.4 以 G(a′) 施作' got='公設軌·達標門檻＝區標準 115.85(手冊(三))；½線測試延至 F.4 以 G(a′) 施作'
        [W-D.4清單0m] ('0m', 'G031') 欄「路徑標註」: baseline='公設軌·達標門檻＝區標準 114.07(手冊(三))；½線測試延至 F.4 以 G(a′) 施作' got='公設軌·達標門檻＝區標準 115.85(手冊(三))；½線測試延至 F.4 以 G(a′) 施作'
        …（**另 2 列未顯示**·本閘違規總計 14 列）
  ✅ PASS  W-D.4 碎片遞補0m
  🔴 FAIL  W-D.4 跨占分配線0m
        [W-D.4跨占0m] ('0m', '628-35(1)') 欄「該側MinA(㎡)」: baseline='153.65' got=155.64
        [W-D.4跨占0m] ('0m', '628(2)') 欄「該側MinA(㎡)」: baseline='156.06' got=159.28
        [W-D.4跨占0m] ('0m', '628(3)') 欄「該側MinA(㎡)」: baseline='157.64' got=159.99
        [W-D.4跨占0m] ('0m', '628(4)') 欄「該側MinA(㎡)」: baseline='152.74' got=155.19
        [W-D.4跨占0m] ('0m', '628-34(3)') 欄「該側MinA(㎡)」: baseline='115.39' got=116.02
        [W-D.4跨占0m] ('0m', '628-42(1)') 欄「該側MinA(㎡)」: baseline='153.65' got=155.64
        [W-D.4跨占0m] ('0m', '628-42(2)') 欄「該側MinA(㎡)」: baseline='152.74' got=155.19
        [W-D.4跨占0m] ('0m', '628-27(1)') 欄「該側MinA(㎡)」: baseline='153.65' got=155.64
        [W-D.4跨占0m] ('0m', '628-27(2)') 欄「該側MinA(㎡)」: baseline='152.74' got=155.19
        [W-D.4跨占0m] ('0m', '628-30(2)') 欄「該側MinA(㎡)」: baseline='153.65' got=155.64
        [W-D.4跨占0m] ('0m', '628-30(1)') 欄「該側MinA(㎡)」: baseline='157.64' got=159.99
        [W-D.4跨占0m] ('0m', '628-31(1)') 欄「該側MinA(㎡)」: baseline='157.64' got=159.99
        …（**另 9 列未顯示**·本閘違規總計 21 列）
  🔴 FAIL  W-D.4 四梯清單3.5m（v3 半實算）
        [W-D.4清單3.5m] ('3.5m', 'G003') 欄「路徑標註」: baseline='公設軌·達標門檻＝區標準 114.07(手冊(三))；½線測試延至 F.4 以 G(a′) 施作' got='公設軌·達標門檻＝區標準 115.85(手冊(三))；½線測試延至 F.4 以 G(a′) 施作'
        [W-D.4清單3.5m] ('3.5m', 'G004') 欄「增配a′(㎡)」: baseline='42.47' got=44.25
        [W-D.4清單3.5m] ('3.5m', 'G004') 欄「差額地價(元)§52-1」: baseline='3238167' got=3373884
        [W-D.4清單3.5m] ('3.5m', 'G007') 欄「ΣG_戶(㎡)」: baseline='1458.33' got=1458.29
        [W-D.4清單3.5m] ('3.5m', 'G010') 欄「ΣG_戶(㎡)」: baseline='299.54' got=299.5
        [W-D.4清單3.5m] ('3.5m', 'G011') 欄「ΣG_戶(㎡)」: baseline='90.34' got=90.33
        [W-D.4清單3.5m] ('3.5m', 'G011') 欄「增配a′(㎡)」: baseline='23.73' got=25.52
        [W-D.4清單3.5m] ('3.5m', 'G011') 欄「差額地價(元)§52-1」: baseline='1809317' got=1945797
        [W-D.4清單3.5m] ('3.5m', 'G011') 欄「放棄改領(元)§53-2」: baseline='6543659' got=6542934
        [W-D.4清單3.5m] ('3.5m', 'G012') 欄「路徑標註」: baseline='公設軌·達標門檻＝區標準 114.07(手冊(三))；½線測試延至 F.4 以 G(a′) 施作' got='公設軌·達標門檻＝區標準 115.85(手冊(三))；½線測試延至 F.4 以 G(a′) 施作'
        [W-D.4清單3.5m] ('3.5m', 'G013') 欄「路徑標註」: baseline='公設軌·達標門檻＝區標準 114.07(手冊(三))；½線測試延至 F.4 以 G(a′) 施作' got='公設軌·達標門檻＝區標準 115.85(手冊(三))；½線測試延至 F.4 以 G(a′) 施作'
        [W-D.4清單3.5m] ('3.5m', 'G015') 欄「路徑標註」: baseline='公設軌·達標門檻＝區標準 114.07(手冊(三))；½線測試延至 F.4 以 G(a′) 施作' got='公設軌·達標門檻＝區標準 115.85(手冊(三))；½線測試延至 F.4 以 G(a′) 施作'
        …（**另 8 列未顯示**·本閘違規總計 20 列）
  ✅ PASS  W-D.4 碎片遞補3.5m
  🔴 FAIL  W-D.4 跨占分配線3.5m
        [W-D.4跨占3.5m] ('3.5m', '628(2)') 欄「該側MinA(㎡)」: baseline='156.06' got=159.28
        [W-D.4跨占3.5m] ('3.5m', '628(3)') 欄「該側MinA(㎡)」: baseline='157.64' got=159.99
        [W-D.4跨占3.5m] ('3.5m', '628(4)') 欄「該側MinA(㎡)」: baseline='152.74' got=155.19
        [W-D.4跨占3.5m] ('3.5m', '628-34(3)') 欄「該側MinA(㎡)」: baseline='115.39' got=116.02
        [W-D.4跨占3.5m] ('3.5m', '628-35(1)') 欄「該側MinA(㎡)」: baseline='153.65' got=155.64
        [W-D.4跨占3.5m] ('3.5m', '628-42(1)') 欄「該側MinA(㎡)」: baseline='153.65' got=155.64
        [W-D.4跨占3.5m] ('3.5m', '628-42(1)') 欄「大側G(㎡)」: baseline='85.57' got=85.56
        [W-D.4跨占3.5m] ('3.5m', '628-42(2)') 欄「G(㎡)」: baseline='85.57' got=85.56
        [W-D.4跨占3.5m] ('3.5m', '628-42(2)') 欄「該側MinA(㎡)」: baseline='152.74' got=155.19
        [W-D.4跨占3.5m] ('3.5m', '628-42(2)') 欄「大側G(㎡)」: baseline='85.57' got=85.56
        [W-D.4跨占3.5m] ('3.5m', '628-27(1)') 欄「該側MinA(㎡)」: baseline='153.65' got=155.64
        [W-D.4跨占3.5m] ('3.5m', '628-27(2)') 欄「該側MinA(㎡)」: baseline='152.74' got=155.19
        …（**另 15 列未顯示**·本閘違規總計 27 列）
  🔴 FAIL  W-D.4 MinA_區==114.07(正典rounded)·½顯示==57.04(Decimal非round)
        MinA_區=115.85 ½顯示=57.93
  ✅ PASS  W-D.4 31旗標全消費(群組語意·v3 隨價變)
  ✅ PASS  F.0-pre 雙軌錨 軌別{'建地軌': 25, '公設軌': 8}·梯次{'—': 8, '0': 13, '1': 7, '2': 3, '3': 2}
  ✅ PASS  F.0-pre 公設軌 8 群（撤出梯3、待 F.3/F.4）
  ✅ PASS  F.0-pre 公設軌補償欄全空（G(a′) 未算前禁取值·停機條款）
  ✅ PASS  F.3 母數錨 公設地 59 筆／28 群持有（廢「30 筆/4,428㎡」）
  ✅ PASS  F.0 釋池對象＝梯3 二群 [('G025', 1.79), ('G030', 55.09)]（Σ=56.88㎡）
  ✅ PASS  W-D.4 MinA_區 reverse-test(改深度→隨動·非寫死)
  ✅ PASS  W-D.4 遞補錨 R6 85.66→628-4(1)（跳過 628(2);628-1(2);628-23(1)）
  ✅ PASS  W-D.4 持分和逐宗檢核(WARNING-A)
  ✅ PASS  W-D.4 第4梯 fixture(查封自成一群·移除後 byte-identical)
  🔴 FAIL  W-F F.0
        [F.0] 🔴 GSA 錨檢破（0m）——**一次列出全部**（F-7-3：禁首個即 raise 致打地鼠）：
  【值不符 2 項】G010 G(Σa)=293.72 ≠ 錨 283.87；G014 G(Σa)=127.05 ≠ 錨 128.63
        call last):
  File "C:\Users\admin\Desktop\land-readjustment-trial\verify\run_verification.py", line 948, in main
    _f0 = wf_f0.compute(_ctx)
  File "C:\Users\admin\Desktop\land-readjustment-trial\verify\wf_f0.py", line 351, in compute
    raise RuntimeError(_msg)
RuntimeError: 🔴 GSA 錨檢破（0m）——**一次列出全部**（F-7-3：禁首個即 raise 致打地鼠）：
  【值不符 2 項】G010 G(Σa)=293.72 ≠ 錨 283.87；G014 G(Σa)=127.05 ≠ 錨 128.63

  🔴 FAIL  W-F F.1
        [F.1] F.0 未成功，F.1 跳過（W5 守衛）
        Traceback (most recent call last):
  File "C:\Users\admin\Desktop\land-readjustment-trial\verify\run_verification.py", line 1017, in main
    raise RuntimeError("F.0 未成功，F.1 跳過（W5 守衛）")
RuntimeError: F.0 未成功，F.1 跳過（W5 守衛）

  🔴 FAIL  W-F F.2
        [F.2] F.0 未成功，F.2 跳過（存在性守衛）
        Traceback (most recent call last):
  File "C:\Users\admin\Desktop\land-readjustment-trial\verify\run_verification.py", line 1068, in main
    raise RuntimeError("F.0 未成功，F.2 跳過（存在性守衛）")
RuntimeError: F.0 未成功，F.2 跳過（存在性守衛）

  🔴 FAIL  W-F F.3
        [F.3] F.2 未成功，F.3 跳過（存在性守衛）
        Traceback (most recent call last):
  File "C:\Users\admin\Desktop\land-readjustment-trial\verify\run_verification.py", line 1134, in main
    raise RuntimeError("F.2 未成功，F.3 跳過（存在性守衛）")
RuntimeError: F.2 未成功，F.3 跳過（存在性守衛）

  🔴 FAIL  W-F F.4
        [F.4] F.3 未成功，F.4 跳過（存在性守衛）
        Traceback (most recent call last):
  File "C:\Users\admin\Desktop\land-readjustment-trial\verify\run_verification.py", line 1201, in main
    raise RuntimeError("F.3 未成功，F.4 跳過（存在性守衛）")
RuntimeError: F.3 未成功，F.4 跳過（存在性守衛）

  ✅ PASS  W-G G.1 接線層 ctx-builder 同源（cb_by/cad+centerlines/gA/winners/β財務/blocks欄名/指紋/率鋪底）
  🔴 FAIL  W-G G.2 世代幾何曝出契約
        [G.2] 上游世代未產出：['F.0', 'F.1', 'F.2', 'F.3', 'F.4']（0m）——G.2 係**純呈現層契約檢**，其資料前提為 v3/f0/f2/f3/E 各代皆已成功；上列世代失敗（見其自身 FAIL 列）⇒ G.2 **無從檢查**、非 G.2 自身破。修上游後本列自動恢復。
        Traceback (most recent call last):
  File "C:\Users\admin\Desktop\land-readjustment-trial\verify\run_verification.py", line 1399, in main
    raise RuntimeError(
    ...<2 lines>...
        f"⇒ G.2 **無從檢查**、非 G.2 自身破。修上游後本列自動恢復。")
RuntimeError: 上游世代未產出：['F.0', 'F.1', 'F.2', 'F.3', 'F.4']（0m）——G.2 係**純呈現層契約檢**，其資料前提為 v3/f0/f2/f3/E 各代皆已成功；上列世代失敗（見其自身 FAIL 列）⇒ G.2 **無從檢查**、非 G.2 自身破。修上游後本列自動恢復。

============================================================
嫌犯序：快照漏參 > dtype 1.5（法人統編 '.0'）> driver orchestration 漂移 > 引擎（勿動 app）
RESULT: FAIL

############################################################
W-V run_all: FAIL
