====================================================================================================
【補正 F-2】Step G 停機後舊成果不得殘留（自 app.py 抽出真敘述並執行）
====================================================================================================

自 app.py 抽出之【失效區塊】敘述：
    st.session_state.pop('f3_G_values', None)
    st.session_state.pop('f3_G_trace', None)
    st.session_state['f3_g_needs_rerun'] = True
自 app.py 抽出之【成功區塊】敘述：
    st.session_state['f3_G_values'] = g_rows
    st.session_state['f3_G_trace'] = detail_trace
    st.session_state.pop('f3_g_needs_rerun', None)
🔴 S0d 異常：S_cut(未捨入)=0.19536602438260764 > 0 但實切面積 = 0.0（side=左側）——切帶與街廓不交？入報告（no-silent-fallback）
[T2-DIAG] 街廓 R1｜宗數 5｜池帶 2 片｜池帶 s 寬 [0.3248  35.2780]｜池帶面積 [5.3255  1169.3067]｜Σ池 1174.6322｜覆蓋殘差 0.0000｜Σ 殘差 +0.0000｜宗-宗疊 0.0000（上界 0.6630）｜內部縫 0 帶／0.0000㎡｜退化帶 0 個｜s 域 [-0.3248,87.7155]
[T2-DIAG] 街廓 R2｜宗數 15｜池帶 1 片｜池帶 s 寬 [40.4267]｜池帶面積 [1799.3943]｜Σ池 1799.3943｜覆蓋殘差 0.0000｜Σ 殘差 -0.0000｜宗-宗疊 0.0000（上界 3.1129）｜內部縫 0 帶／0.0000㎡｜退化帶 3 個（s 寬 1.69e-10, 9.61e-11, 4.23e-11）｜s 域 [0.2677,100.0274]
[T2-DIAG] 街廓 R4｜宗數 2｜池帶 1 片｜池帶 s 寬 [37.1234]｜池帶面積 [1229.0551]｜Σ池 1229.0551｜覆蓋殘差 0.0000｜Σ 殘差 -0.0000｜宗-宗疊 0.0000（上界 0.1655）｜內部縫 0 帶／0.0000㎡｜退化帶 1 個（s 寬 1.85e-10）｜s 域 [0.1759,98.7170]
[T2-DIAG] 街廓 R6｜宗數 11｜池帶 2 片｜池帶 s 寬 [3.6068  34.0515]｜池帶面積 [85.7064  1542.9818]｜Σ池 1628.6881｜覆蓋殘差 0.0000｜Σ 殘差 -0.0000｜宗-宗疊 0.0000（上界 2.2755）｜內部縫 0 帶／0.0000㎡｜退化帶 2 個（s 寬 6.75e-11, 7.85e-11）｜s 域 [-3.6068,85.8549]
[T2-DIAG] 街廓 R5｜宗數 12｜池帶 1 片｜池帶 s 寬 [38.6198]｜池帶面積 [1766.0970]｜Σ池 1766.0970｜覆蓋殘差 0.0000｜Σ 殘差 +0.0000｜宗-宗疊 0.0000（上界 2.5141）｜內部縫 0 帶／0.0000㎡｜退化帶 0 個｜s 域 [0.2685,92.7995]
[T2-DIAG] 街廓 R3｜宗數 14｜池帶 2 片｜池帶 s 寬 [34.9675  6.8981]｜池帶面積 [1547.4452  226.9100]｜Σ池 1774.3552｜覆蓋殘差 0.0001｜Σ 殘差 -0.0001｜宗-宗疊 0.0000（上界 2.8821）｜內部縫 0 帶／0.0000㎡｜退化帶 3 個（s 寬 5.57e-06, 3.98e-11, 1.70e-10）｜s 域 [-0.0000,96.8032]

【驗證 1】成功路徑不變（Step G 正常跑完）
    閘：未 raise ✅
    f3_G_values 存在                                       → True                        （期 True）  OK
    f3_G_values 已是新成果（非舊）                                → [{'暫編地號': '新成果'}]           （期 [{'暫編地號': '新成果'}]）  OK
    f3_g_needs_rerun 不存在                                 → False                       （期 False）  OK

【驗證 2】失敗路徑清乾淨（K-9-4 閘 raise）
    閘：raise ✅
    訊息：🔴 K-9-4 BASELINE 臨接閘未過：【未配到屁股線】1 宗——R1 之 628-37(1)（差 0.500m）。其上分配之土地**無法成為合法建築基地** ⇒ 請檢討本街廓之分配、或檢查該街廓所指定之屁股線位置是否正確。（容差 0
    f3_G_values 不存在（舊成果已清）                               → False                       （期 False）  OK
    f3_G_trace 不存在（舊成果已清）                                → False                       （期 False）  OK
    f3_g_needs_rerun 為 True                              → True                        （期 True）  OK

【驗證 3】紅線反向對照：同一次失敗後，上游輸入仍在
    f3_corner_winners 仍在                                 → {'R1': {'winner': '上游輸入·不得被清'}}（期 {'R1': {'winner': '上游輸入·不得被清'}}）  OK
    f3L_corner_winners 仍在                                → {'R1': {'winner': '上游輸入·不得被清'}}（期 {'R1': {'winner': '上游輸入·不得被清'}}）  OK
    ⇒ 證明未照抄 _f3L_invalidate_g_cache 之鍵名清單（該清單會連上游輸入一起 pop）

====================================================================================================
總結：✅ 三項驗證全過
====================================================================================================
