================================================================================================
【K-6-A2 段三(c)】十六格對拍：**切換後生產實算** vs 段三(b′) 探針「新」欄
靶源：verify/out/probe_ruling_K9_7_pk_impact.log（切換前以 patch 模擬之「新」欄）
生產源：run_verification.build_param_table → _build_corner_range_v3 → k97_solve_alloc_t
================================================================================================
情境    街廓/側                 生產實算(㎡)       (b′)新欄靶           差  對拍
------------------------------------------------------------------------------------------------
0m   R1/left               114.76        114.76     +0.0000  ✅
0m   R1/right              116.84        116.84     +0.0000  ✅
0m   R2/left               227.11        227.11     +0.0000  ✅
0m   R3/right              226.91        226.91     +0.0000  ✅
0m   R4/left               135.19        135.19     +0.0000  ✅
0m   R4/right               137.0         137.0     +0.0000  ✅
0m   R5/left               217.97        217.97     +0.0000  ✅
0m   R6/right              145.88        145.88     +0.0000  ✅
3.5m   R1/left               230.81        230.81     +0.0000  ✅
3.5m   R1/right              232.79        232.79     +0.0000  ✅
3.5m   R2/left               384.15        384.15     +0.0000  ✅
3.5m   R3/right              383.67        383.67     +0.0000  ✅
3.5m   R4/left               251.12        251.12     +0.0000  ✅
3.5m   R4/right              252.86        252.86     +0.0000  ✅
3.5m   R5/left               371.17        371.17     +0.0000  ✅
3.5m   R6/right              298.14        298.14     +0.0000  ✅
------------------------------------------------------------------------------------------------
⇒ 十六格對拍：✅ 全數相符（差皆 0.0000）

【註】此表證明「切換後生產實際走的路徑」＝「段三(b′) 以 patch 模擬的新路徑」，
      即 (b′) 之 PK 零翻盤結論可直接承接、不必重新論證。
