================================================================================================
【K-6-A2 段五(c)-2 合成案】`baseline_pts` 餵值鏈（`main()` 內 ⇒ run_all 不執行）
================================================================================================
  ① 映射鍵集 ＝ 三街廓                                             ✅  keys=['R_A', 'R_B', 'R_C']
  ① R_A／R_B 得端點對                                           ✅  
  ① R_B 之端點對 ≠ R_A 之（判別力前提）                                ✅  R_A=40.0／R_B=35.0
  ① **缺 BASELINE 之街廓得 `None`**（⛔ 不兜底）                      ✅  
  ② `R_A` 之呼叫確實送出 baseline_pts                             ✅  
  ② `R_A` 送出者 ＝ **該街廓**之端點對                                ✅  
  ② `R_A` 送出者 ≠ `R_B` 之（⛔ 接錯街廓之反例）                         ✅  
  ② `R_B` 之呼叫確實送出 baseline_pts                             ✅  
  ② `R_B` 送出者 ＝ **該街廓**之端點對                                ✅  
  ② `R_B` 送出者 ≠ `R_A` 之（⛔ 接錯街廓之反例）                         ✅  
  ② patch 已還原                                              ✅  
  ③ 查無 BASELINE ⇒ **loud raise**                           ✅  🔴 evaluate_parcel_width_n14[fx/R_C]：本宗須量寬度，但**查無該街廓之 BAS
  ③′ 未 opt-in ⇒ 不 raise·走舊帶（commit 2 行為保持）                 ✅  寬度=5.02
  ④ `抵費地` 即使 None＋require 亦**不得** raise                    ✅  
  ④ `孤立公設地` 即使 None＋require 亦**不得** raise                  ✅  
  ④ `街角第 1 宗` 即使 None＋require 亦**不得** raise                ✅  
  ⑤ 判別力前提：二帶之手算值不同                                         ✅  舊 5.021025 vs 新 3.202928
  ⑤ 舊帶 ＝ 手算 `6 − 14·tan4°`                                 ✅  got=5.02／手算 5.02
  ⑤ **新帶 ＝ 手算 `6 − 40·tan4°`**（⇒ `baseline_pts` 真的到達量測）    ✅  got=3.2／手算 3.2
------------------------------------------------------------------------------------------------
✅ 合成案全綠
