====================================================================================================
【K-8 §三〜§五 夾具】街角規定範圍新構造（最小寬度帶＋ALLOC_LINE 解析定位＋範圍多邊形）
====================================================================================================
【T1】構造自檢：帶內最小寬 ＝ 退縮寬 ＋ 畸零地最小寬（靶＝法定附表值）
----------------------------------------------------------------------------------------------------
  街廓側           退縮      靶T        夾具獨立量測           Δ  判
  R1 left      0.0    3.50      3.500000   +1.30e-10  ✅
  R1 right     0.0    3.50      3.500000   +1.34e-10  ✅
  R2 left      0.0    3.50      3.500000   +7.88e-12  ✅
  R3 right     0.0    3.50      3.500000   +9.48e-11  ✅
  R4 left      0.0    3.50      3.500000   -9.19e-11  ✅
  R4 right     0.0    3.50      3.500000   +1.48e-10  ✅
  R5 left      0.0    3.50      3.500000   +1.78e-10  ✅
  R6 right     0.0    3.50      3.500000   +7.24e-11  ✅
  R1 left      3.5    7.00      7.000000   +1.18e-10  ✅
  R1 right     3.5    7.00      7.000000   -8.37e-11  ✅
  R2 left      3.5    7.00      7.000000   -2.98e-10  ✅
  R3 right     3.5    7.00      7.000000   +1.57e-10  ✅
  R4 left      3.5    7.00      7.000000   +4.83e-11  ✅
  R4 right     3.5    7.00      7.000000   +3.58e-11  ✅
  R5 left      3.5    7.00      7.000000   +3.14e-10  ✅
  R6 right     3.5    7.00      7.000000   -1.75e-10  ✅

【T2】單調性：同一街角 退縮 0m 之門檻 **嚴格小於** 3.5m 之門檻
----------------------------------------------------------------------------------------------------
  街廓側              0m 面積     3.5m 面積  判
  R1 left       114.7072    230.8098  ✅
  R1 right      116.8414    232.7931  ✅
  R2 left       227.1050    384.1511  ✅
  R3 right      226.6930    383.6669  ✅
  R4 left       135.1873    251.1151  ✅
  R4 right      137.0042    252.8551  ✅
  R5 left       217.9702    371.1713  ✅
  R6 right      145.8835    298.1445  ✅

【T3】判別力反例：min_width 大於街廓可容納者 ⇒ **必須 loud raise**（§6-1）
----------------------------------------------------------------------------------------------------
  R1 left   ✅ raise：🔴 k97_solve_alloc_t[R1·left]：K-9-7-d 第二層：逐邊通式列舉畢，**無任何支之 `t*` 落在其有效區間**（邊 9／跳過
  R1 right  ✅ raise：🔴 k97_solve_alloc_t[R1·right]：K-9-7-d 第二層：逐邊通式列舉畢，**無任何支之 `t*` 落在其有效區間**（邊 9／跳
  R2 left   ✅ raise：🔴 k97_solve_alloc_t[R2·left]：後置斷言破：所構造範圍之最小寬 9996.051593 < 退縮＋畸零地最小寬 10000.000

【T4】缺件／退化 ⇒ **必須 loud raise**（no-silent-fallback）
----------------------------------------------------------------------------------------------------
  ✅ 缺 SIDE_LINE：loud raise
  ✅ 缺 BASELINE：loud raise
  ✅ 缺 FRONT_LINE：loud raise
  ✅ 深度 ≤ 0：loud raise
  ✅ 退縮＋最小寬 ＝ 0：loud raise
  ✅ ALLOC ∥ FRONT（平行前緣線之距離不可定義）：loud raise
----------------------------------------------------------------------------------------------------
RESULT: PASS
====================================================================================================
