========================================================================================================
【N-14／E-5 夾具】宗地最小寬度·母體＝可達形狀集合（①街角／②中間／③末端）
========================================================================================================
  ① ②中間宗地·ALLOC ⊥ FRONT（傾 0°）                → 5.000000（手算 5.0）　✅
  ② ②中間宗地·ALLOC 傾 5°（近本案實況）                  → 5.000000（手算 5.0）　✅
  ③ ②中間宗地·BASELINE 微斜 0.6°                   → 5.000000（手算 5.0）　✅
  ④ ①街角地·**截角後**（前寬8·截角腿4）                   → 4.000000（手算 4.0）　✅
  ⑤ ①街角地·**截角前**（同上）                         → 8.000000（手算 8.0）　✅
      ↑ ④⑤ 併存＝**判別力反例**：同一宗地截角前後差 2 倍⇒ E-7「街角宗須以截角前幾何量」非空話
  ⑥ ①街角地·SIDE×ALLOC 4.322°（min 落深端）          → 4.941929（手算 4.9419285502265335）　✅
      ↑ 手算 6 − 14×tan(4.322°) = 4.941929；臨街寬 6.0 ⇒ **差 1.0581m·足以翻越 3.5m 門檻** ⇒ ①③ 必須真掃描
  ⑦ ③末端塊·街廓界外傾 3°（min 落近端）                   → 5.000000（手算 5.0）　✅
  ⑧a E-1′ 未臨接（偏移 +2.0m·粗例）                   → ✅ loud raise
  ⑧a′-2 E-1′ 偏移 +0.011（容差外·**1e-6 無鑑別**）     → ✅ loud raise
  ⑧a″ E-1′ 偏移 **−0.011**（負向·單向守衛會放行）         → ✅ loud raise
  ⑧b E-2′ 深度 < 法定最小深                         → ✅ loud raise
  ⑧c E-4 座標<3                                → ✅ loud raise
  ⑧d min_depth≤0                             → ✅ loud raise
  ⑧e d_hat 退化                                → ✅ loud raise
  ⑪ E-9 前緣退化為單點（菱形）                          → ✅ loud raise
  ⑪′ E-8b 深端收斂單點（弦長 0）                       → ✅ loud raise
  ⑫ E-8a 尖刺非凸（**已越過 E-2′**）                  → ✅ loud raise
  ⑭ E-9 前緣邊分裂兩段（**已越過 E-8a**）                → ✅ loud raise
  ⑧a′-1 E-1′ 偏移 +0.009（容差內·須**不** raise）     → 5.000000（手算 5.0）　✅
  ⑩ 前緣兩段共線（舊碼之退避法路徑）                         → 5.000000（手算 5.0）　✅
  ⑬ E-9 前緣微傾 5e-5（舊式回薄片）                     → 5.000000（手算 5.0）　✅
  ⑨ ③末端塊型梯形 底5→頂1@t=20（舊格保留）                 → 2.200000（手算 2.2）　✅
      ↑ 舊「梯形超深 md=25 → 1.0」格**已改為 E-2′ raise**（見 ⑧b 同族）
--------------------------------------------------------------------------------------------------------
RESULT: PASS
========================================================================================================
