====================================================================================================
【K-8 §三〜§五 夾具】街角規定範圍新構造（最小寬度帶＋ALLOC_LINE 解析定位＋範圍多邊形）
====================================================================================================
【T1】構造自檢：帶內最小寬 ＝ 退縮寬 ＋ 畸零地最小寬（靶＝法定附表值）
----------------------------------------------------------------------------------------------------
  街廓側           退縮      靶T        夾具獨立量測           Δ  判
  R1 left      0.0    3.50      3.500000   +2.84e-10  ✅
  R1 right     0.0    3.50      3.500000   +2.42e-10  ✅
  R2 left      0.0    3.50      3.500000   +5.02e-11  ✅
  R3 right     0.0    3.50      3.500000   +1.68e-11  ✅
  R4 left      0.0    3.50      3.500000   -2.02e-10  ✅
  R4 right     0.0    3.50      3.500000   -5.05e-11  ✅
  R5 left      0.0    3.50      3.500000   +1.61e-10  ✅
  R6 right     0.0    3.50      3.500000   +7.21e-11  ✅
  R1 left      3.5    7.00      7.000000   -1.67e-10  ✅
  R1 right     3.5    7.00      7.000000   -7.14e-11  ✅
  R2 left      3.5    7.00      7.000000   -1.42e-10  ✅
  R3 right     3.5    7.00      7.000000   +5.62e-11  ✅
  R4 left      3.5    7.00      7.000000   -1.41e-10  ✅
  R4 right     3.5    7.00      7.000000   -9.29e-11  ✅
  R5 left      3.5    7.00      7.000000   +2.91e-10  ✅
  R6 right     3.5    7.00      7.000000   -1.75e-10  ✅

【T2】單調性：同一街角 退縮 0m 之門檻 **嚴格小於** 3.5m 之門檻
----------------------------------------------------------------------------------------------------
  街廓側              0m 面積     3.5m 面積  判
  R1 left       114.7614    230.8098  ✅
  R1 right      116.8415    232.7932  ✅
  R2 left       227.1050    384.1511  ✅
  R3 right      226.9108    383.6669  ✅
  R4 left       135.1873    251.1151  ✅
  R4 right      137.0042    252.8551  ✅
  R5 left       217.9702    371.1713  ✅
  R6 right      145.8835    298.1445  ✅

【T3】判別力反例：min_width 大於街廓可容納者 ⇒ **必須 loud raise**（§6-1）
----------------------------------------------------------------------------------------------------
  R1 left   ✅ raise：🔴 _build_corner_range_v3[R1·left]：L(t*) 未切到街廓（t*=-9967.4109）——滑動至街廓另一側仍達不到街角地最
  R1 right  ✅ raise：🔴 _build_corner_range_v3[R1·right]：L(t*) 未切到街廓（t*=9967.4109）——滑動至街廓另一側仍達不到街角地最
  R2 left   ✅ raise：🔴 k97_solve_alloc_t[R2·left]：後置斷言破：所構造範圍之最小寬 9996.051593 < 退縮＋畸零地最小寬 10000.000

【T4】缺件／退化 ⇒ **必須 loud raise**（no-silent-fallback）
----------------------------------------------------------------------------------------------------
  ✅ 缺 SIDE_LINE：loud raise
  ✅ 缺 BASELINE：loud raise
  ✅ 缺 FRONT_LINE：loud raise
  ✅ 深度 ≤ 0：loud raise
  ✅ 退縮＋最小寬 ＝ 0：loud raise
  ✅ ALLOC ∥ FRONT（平行前緣線之距離不可定義）：loud raise
----------------------------------------------------------------------------------------------------
RESULT: PASS
====================================================================================================
