🔴 S0d 異常：S_cut(未捨入)=0.19536602438260764 > 0 但實切面積 = 0.0（side=左側）——切帶與街廓不交？入報告（no-silent-fallback）
[T2-DIAG] 街廓 R1｜宗數 5｜池帶 2 片｜池帶 s 寬 [0.3248  35.2780]｜池帶面積 [5.3255  1169.3067]｜Σ池 1174.6322｜覆蓋殘差 0.0000｜Σ 殘差 +0.0000｜宗-宗疊 0.0000（上界 0.6630）｜內部縫 0 帶／0.0000㎡｜退化帶 0 個｜s 域 [-0.3248,87.7155]
[T2-DIAG] 街廓 R2｜宗數 15｜池帶 1 片｜池帶 s 寬 [40.4267]｜池帶面積 [1799.3943]｜Σ池 1799.3943｜覆蓋殘差 0.0000｜Σ 殘差 -0.0000｜宗-宗疊 0.0000（上界 3.1129）｜內部縫 0 帶／0.0000㎡｜退化帶 3 個（s 寬 1.69e-10, 9.61e-11, 4.23e-11）｜s 域 [0.2677,100.0274]
[T2-DIAG] 街廓 R4｜宗數 2｜池帶 1 片｜池帶 s 寬 [37.1234]｜池帶面積 [1229.0551]｜Σ池 1229.0551｜覆蓋殘差 0.0000｜Σ 殘差 -0.0000｜宗-宗疊 0.0000（上界 0.1655）｜內部縫 0 帶／0.0000㎡｜退化帶 1 個（s 寬 1.85e-10）｜s 域 [0.1759,98.7170]
[T2-DIAG] 街廓 R6｜宗數 11｜池帶 2 片｜池帶 s 寬 [3.6068  34.0515]｜池帶面積 [85.7064  1542.9818]｜Σ池 1628.6881｜覆蓋殘差 0.0000｜Σ 殘差 -0.0000｜宗-宗疊 0.0000（上界 2.2755）｜內部縫 0 帶／0.0000㎡｜退化帶 2 個（s 寬 6.75e-11, 7.85e-11）｜s 域 [-3.6068,85.8549]
[T2-DIAG] 街廓 R5｜宗數 12｜池帶 1 片｜池帶 s 寬 [38.6198]｜池帶面積 [1766.0970]｜Σ池 1766.0970｜覆蓋殘差 0.0000｜Σ 殘差 +0.0000｜宗-宗疊 0.0000（上界 2.5141）｜內部縫 0 帶／0.0000㎡｜退化帶 0 個｜s 域 [0.2685,92.7995]
[T2-DIAG] 街廓 R3｜宗數 14｜池帶 2 片｜池帶 s 寬 [34.9675  6.8981]｜池帶面積 [1547.4452  226.9100]｜Σ池 1774.3552｜覆蓋殘差 0.0001｜Σ 殘差 -0.0001｜宗-宗疊 0.0000（上界 2.8821）｜內部縫 0 帶／0.0000㎡｜退化帶 3 個（s 寬 5.57e-06, 3.98e-11, 1.70e-10）｜s 域 [-0.0000,96.8032]
============================================================================================================
【K-9-4 上閘鑑別力】三合成案例（臨時·不改生產碼·不調容差）
母體：受配土地之宗 68｜無地宗（現金補償/孤立公設地）0
============================================================================================================

【對照組】未擾動
  閘結果 = ✅ 不 raise（零違例）

【(i) 未達】把 R1/628-37(1) 之後緣頂點沿 BASELINE 法向推 0.5m
  擾動宗之 gap：0.499997 m
  閘結果 = 🔴 raise ✅（咬到）
  訊息：🔴 K-9-4 BASELINE 臨接閘未過：【未配到屁股線】1 宗——R1 之 628-37(1)（差 0.500m）。其上分配之土地**無法成為合法建築基地** ⇒ 請檢討本街廓之分配、或檢查該街廓所指定之屁股線位置是否正確。（容差 0.01m）

【(ii) 跨過】R1 之 BASELINE 沿法向往街廓內平移 16.575m（≈半個進深 33.15m）
  該街廓實質橫跨之宗數：7
  閘結果 = 🔴 raise ✅（咬到）
  訊息：🔴 K-9-4 BASELINE 臨接閘未過：【跨過屁股線】7 宗——R1 之 628-37(1)（前後各出 16.587／16.575m）；R1 之 628-35(2)（前後各出 16.586／16.575m）；R1 之 628(5)（前後各出 16.556／16.575m）；R1 之 628-34(3)（前後各出 16.557／16.575m）；R1 之 628-36(1)（前後各出 16.564／16.575m）；R1 之 R1-抵費地-1（前後各出 16.579／16.575m）；R1 之 R1-抵費地-2

【(iii) 屁股線誤派·主案】R2 之 BASELINE 換成 R1 之（＝#0/#2 那條·亦即 R2 之末端境界線）
  兩線方位：R2 原 48.0498° vs 誤派 133.4463°（夾角 85.3965°）
  R2 受配宗 16 宗，其中未配到屁股線者 **15** 宗
  逐宗（前 6）：628-40(1) 差 91.649m；628-42(1) 差 91.544m；628-41(1) 差 87.477m；628-27(1) 差 86.820m；628-43(1) 差 86.814m；628-30(2) 差 84.882m
  仍碰得到該線者 1 宗（＝末端第 1 筆·符合『得兼任鄰街廓末端塊起始境界線』）
  閘結果 = 🔴 raise ✅（咬到）
  訊息：🔴 K-9-4 BASELINE 臨接閘未過：【未配到屁股線】15 宗——R2 之 628-40(1)（差 91.649m）；R2 之 628-42(1)（差 91.544m）；R2 之 628-41(1)（差 87.477m）；R2 之 628-27(1)（差 86.820m）；R2 之 628-43(1)（差 86.814m）；R2 之 628-30(2)（差 84.882m）；R2 之 628-39(1)（差 79.749m）；R2 之 628-31(2)（差 71.018m）；R2 之 628-34(1)（

============================================================================================================
三案總結：對照組不 raise ＋ 三案皆 raise ⇒ ✅ 閘具鑑別力
============================================================================================================
