▶️  跑 run_verification（WV_BAKE→F.4 實跑）·容量拆解 dump（0m＋3.5m 兩情境）
   run_verification exit=1
🔴 還原失敗：[Errno 22] Invalid argument: 'C:\\Users\\admin\\Desktop\\land-readjustment-trial\\verify\\wf_f4.py' → 請立即 `git checkout -- verify/wf_f4.py`

📄 C:\Users\admin\Desktop\land-readjustment-trial\verify\out\probe_capacity_decomp.log

================================================================================================
[CAPDECOMP] tag=0m  戶數(需求群)=6  塊=['R1', 'R2', 'R3', 'R4', 'R5', 'R6']
------------------------------------------------------------------------------------------------
塊    pool    碎片Σ  forced鎖Σ unreach自檢  reachable   MinA   容量  最小cons 可容上界
R1     779.47    5.33     0.00      5.33      774.14  115.39 659.25   117.23      4
R2     784.73    0.00     0.00      0.00      784.73  153.65 631.58   157.40      3
R3     517.35    0.00     0.00      0.00      517.35  152.74 365.11   156.86      2
R4     651.27    0.00     0.00      0.00      651.27  114.07 537.70   116.86      4
R5     162.65    0.00     0.00      0.00      162.65  157.64   5.51   163.95      0
R6     267.42   85.71     0.00     85.71      181.71  156.06  26.15   161.96      0
------------------------------------------------------------------------------------------------
forced 角落鎖定片明細（塊·側·面積·s區間·s_rel·來源規則）：
  （無 forced 角落鎖定片）
§3 對數（R2左 0.00 ＋ R5左 0.00 ＋ R3右 0.00） = 0.00㎡  vs 235~237 毛短計 → NOT·差 -236.9
------------------------------------------------------------------------------------------------
[甲現況] 可容筆數上界 逐塊 [('R1', 4), ('R2', 3), ('R3', 2), ('R4', 4), ('R5', 0), ('R6', 0)] ｜和=13 vs 需求=6 ｜窮舉=可行
        指派：[('G014', 'R1'), ('G033', 'R1'), ('G020', 'R1'), ('G018', 'R1'), ('G004', 'R3'), ('G015', 'R2')]
[乙釋forced] 可容筆數上界 逐塊 [('R1', 4), ('R2', 3), ('R3', 2), ('R4', 4), ('R5', 0), ('R6', 0)] ｜和=13 vs 需求=6 ｜窮舉=可行
        指派：[('G014', 'R1'), ('G033', 'R1'), ('G020', 'R1'), ('G018', 'R1'), ('G004', 'R3'), ('G015', 'R2')]
[丙釋碎片] 可容筆數上界 逐塊 [('R1', 5), ('R2', 3), ('R3', 2), ('R4', 4), ('R5', 0), ('R6', 0)] ｜和=14 vs 需求=6 ｜窮舉=可行
        指派：[('G014', 'R1'), ('G033', 'R1'), ('G020', 'R1'), ('G018', 'R1'), ('G004', 'R3'), ('G015', 'R1')]
完整 consume matrix（重算·不受現況 reachable 過濾）：
  G004@R1=138.44；G004@R3=157.03；G004@R4=133.26；G014@R1=128.31；G014@R2=157.4；G014@R4=123.48；G014@R6=161.96；G015@R1=117.23；G015@R2=157.66；G015@R3=156.86；G015@R4=116.86；G015@R5=163.95；G015@R6=162.3；G018@R1=137.88；G018@R3=156.87；G018@R4=132.72；G020@R1=138.44；G020@R3=157.03；G020@R4=133.26；G033@R1=138.44；G033@R2=157.48；G033@R4=133.26；G033@R6=162.16
================================================================================================
================================================================================================
[CAPDECOMP] tag=3.5m  戶數(需求群)=6  塊=['R1', 'R2', 'R3', 'R4', 'R5', 'R6']
------------------------------------------------------------------------------------------------
塊    pool    碎片Σ  forced鎖Σ unreach自檢  reachable   MinA   容量  最小cons 可容上界
R1     387.01    5.33     0.00      5.33      381.68  115.39 266.79   117.23      2
R2     914.27    0.00   309.05    309.05      605.22  153.65 452.07   156.99      2
R3     447.53    0.00     0.00      0.00      447.53  152.74 295.29   156.86      1
R4     651.27    0.00     0.00      0.00      651.27  114.07 537.70   116.86      4
R5     463.13    0.00   300.52    300.52      162.61  157.64   5.47   163.92      0
R6     267.42   85.71     0.00     85.71      181.71  156.06  26.15   161.96      0
------------------------------------------------------------------------------------------------
forced 角落鎖定片明細（塊·側·面積·s區間·s_rel·來源規則）：
  R5 左    300.52㎡  s∈(0.269, 8.677)  s_rel=0.031  ←left_forced_offset
  R2 左    309.05㎡  s∈(0.268, 8.716)  s_rel=0.034  ←left_forced_offset
§3 對數（R2左 309.05 ＋ R5左 300.52 ＋ R3右 0.00） = 609.57㎡  vs 235~237 毛短計 → NOT·差 372.7
------------------------------------------------------------------------------------------------
[甲現況] 可容筆數上界 逐塊 [('R1', 2), ('R2', 2), ('R3', 1), ('R4', 4), ('R5', 0), ('R6', 0)] ｜和=9 vs 需求=6 ｜窮舉=可行
        指派：[('G014', 'R1'), ('G033', 'R1'), ('G020', 'R3'), ('G018', 'R4'), ('G004', 'R4'), ('G015', 'R2')]
[乙釋forced] 可容筆數上界 逐塊 [('R1', 2), ('R2', 3), ('R3', 1), ('R4', 4), ('R5', 1), ('R6', 0)] ｜和=11 vs 需求=6 ｜窮舉=可行
        指派：[('G014', 'R1'), ('G033', 'R1'), ('G020', 'R3'), ('G018', 'R4'), ('G004', 'R4'), ('G015', 'R2')]
[丙釋碎片] 可容筆數上界 逐塊 [('R1', 2), ('R2', 2), ('R3', 1), ('R4', 4), ('R5', 0), ('R6', 0)] ｜和=9 vs 需求=6 ｜窮舉=可行
        指派：[('G014', 'R1'), ('G033', 'R1'), ('G020', 'R3'), ('G018', 'R4'), ('G004', 'R4'), ('G015', 'R2')]
完整 consume matrix（重算·不受現況 reachable 過濾）：
  G004@R1=138.44；G004@R3=157.02；G004@R4=133.26；G014@R1=128.31；G014@R2=157.4；G014@R4=123.48；G014@R6=161.96；G015@R1=117.23；G015@R2=157.08；G015@R3=156.86；G015@R4=116.86；G015@R5=163.92；G015@R6=162.3；G018@R1=137.88；G018@R3=156.87；G018@R4=132.72；G020@R1=138.44；G020@R3=157.02；G020@R4=133.26；G033@R1=138.44；G033@R2=156.99；G033@R4=133.26；G033@R6=162.16
================================================================================================

🔴 還原失敗：[Errno 22] Invalid argument: 'C:\\Users\\admin\\Desktop\\land-readjustment-trial\\verify\\wf_f4.py' → 請立即 `git checkout -- verify/wf_f4.py`
