### [1/3] golden 單測（手冊圖8 ＋ W-D.2 滑池槽 8 案 ＋ B-3 欄集結構閘）
  ✅ B-3 欄集結構閘（app==sel _candidates 鍵集）：15 鍵一致
  ✅ 圖8 golden PASS（1地號=0.6685、2地號=0.3315、winner=1地號）
  ✅ 滑池槽 golden PASS（8/8：KL例 J=1.80/1.50㎡＋E1-E7）

  🔴 禁寫死絕對路徑閘（全倉 *.py）：1 命中
     verify\_tmp_bite_abspath.py:2: REPO = r"C:/Users/somebody/Desktop/land-readjustment-trial"
  ✅ 末端夾具 fixture_end_reserve.py（P2-f 末端保留·窗位移(左右)）rc=0
  ✅ 末端夾具 fixture_end_fallback.py（§4 無勝者 fallback·守恆真檢(左右)）rc=0
  ✅ 末端夾具 fixture_end_winner.py（末端 gate 判別力·_unfront_area＋咬合反例）rc=0

### [2/3] diff 引擎自檢（竄改必咬＋Gxxx 分流；證綠非虛）
  ✅ 竄改自檢（改值×2＋缺列×1 → 咬 3/3）
  ✅ _classify_gxxx 分流（Gxxx-only→警告級、實質差→hard）

### [3/3] W-V headless 對拍（verify/run_verification.py）
… ownership（tab1 歸戶指紋複刻，讀 匿名版 xlsx）
    重劃區地籍 53 筆｜U_LAND 64453 筆｜失敗 0｜歸戶群組 33 組
    ✅ 靶 628-18 → G005（預期 G005）
    ✅ 靶 628-45 → G007（預期 G007）
    ✅ 靶 628 → G009（預期 G009）
    ✅ 靶 628-37 → G019（預期 G019）
    ✅ 靶 628-41 → G023（預期 G023）
    ✅ 靶 628-36 → G029（預期 G029）
… parcels：temp 126 筆｜可建築 build 61 筆｜面積交叉換位 2 對
🔴 S0d 異常：S_cut(未捨入)=0.19536602438260764 > 0 但實切面積 = 0.0（side=左側）——切帶與街廓不交？入報告（no-silent-fallback）
   ⚠️ [WV_BITE·0m] 已注入：F-10-3 偽 forced 端 _BITE_left
… Step G headless（0m；v3 真值財務＋結構不變量永久閘）
[T2-DIAG] 街廓 R1｜宗數 5｜池帶 2 片｜池帶 s 寬 [0.3248  35.2780]｜池帶面積 [5.3255  1169.3067]｜Σ池 1174.6322｜覆蓋殘差 0.0000｜Σ 殘差 +0.0000｜宗-宗疊 0.0000（上界 0.6594）｜內部縫 0 帶／0.0000㎡｜退化帶 0 個｜s 域 [-0.3248,87.7155]
[T2-DIAG] 街廓 R2｜宗數 15｜池帶 1 片｜池帶 s 寬 [40.4268]｜池帶面積 [1799.3957]｜Σ池 1799.3957｜覆蓋殘差 0.0000｜Σ 殘差 -0.0000｜宗-宗疊 0.0000（上界 3.0730）｜內部縫 0 帶／0.0000㎡｜退化帶 4 個（s 寬 1.69e-10, 4.23e-11, 4.36e-10, 4.23e-11）｜s 域 [0.2677,100.0274]
[T2-DIAG] 街廓 R4｜宗數 2｜池帶 1 片｜池帶 s 寬 [37.1234]｜池帶面積 [1229.0551]｜Σ池 1229.0551｜覆蓋殘差 0.0000｜Σ 殘差 -0.0000｜宗-宗疊 0.0000（上界 0.1630）｜內部縫 0 帶／0.0000㎡｜退化帶 1 個（s 寬 1.85e-10）｜s 域 [0.1759,98.7170]
[T2-DIAG] 街廓 R6｜宗數 11｜池帶 2 片｜池帶 s 寬 [3.6068  34.0515]｜池帶面積 [85.7064  1542.9818]｜Σ池 1628.6881｜覆蓋殘差 0.0000｜Σ 殘差 -0.0000｜宗-宗疊 0.0000（上界 2.2295）｜內部縫 0 帶／0.0000㎡｜退化帶 2 個（s 寬 6.75e-11, 7.85e-11）｜s 域 [-3.6068,85.8549]
[T2-DIAG] 街廓 R5｜宗數 12｜池帶 1 片｜池帶 s 寬 [38.6193]｜池帶面積 [1766.0761]｜Σ池 1766.0761｜覆蓋殘差 0.0000｜Σ 殘差 +0.0000｜宗-宗疊 0.0000（上界 2.4772）｜內部縫 0 帶／0.0000㎡｜退化帶 1 個（s 寬 4.24e-11）｜s 域 [0.2685,92.7995]
[T2-DIAG] 街廓 R3｜宗數 14｜池帶 1 片｜池帶 s 寬 [40.5345]｜池帶面積 [1795.1667]｜Σ池 1795.1667｜覆蓋殘差 0.0001｜Σ 殘差 -0.0001｜宗-宗疊 0.0000（上界 2.8366）｜內部縫 0 帶／0.0000㎡｜退化帶 3 個（s 寬 5.57e-06, 1.70e-10, 4.24e-11）｜s 域 [-0.0000,96.8032]
🔴 S0d 異常：S_cut(未捨入)=0.19536602438260764 > 0 但實切面積 = 0.0（side=左側）——切帶與街廓不交？入報告（no-silent-fallback）
[T2-DIAG] 街廓 R1｜宗數 5｜池帶 2 片｜池帶 s 寬 [0.3248  35.2678]｜池帶面積 [5.3255  1169.0674]｜Σ池 1174.3929｜覆蓋殘差 0.0000｜Σ 殘差 -0.0000｜宗-宗疊 0.0000（上界 0.6594）｜內部縫 0 帶／0.0000㎡｜退化帶 0 個｜s 域 [-0.3248,87.7155]
[T2-DIAG] 街廓 R2｜宗數 15｜池帶 2 片｜池帶 s 寬 [8.4479  32.9486]｜池帶面積 [309.0500  1465.3457]｜Σ池 1774.3957｜覆蓋殘差 0.0000｜Σ 殘差 -0.0000｜宗-宗疊 0.0000（上界 3.0730）｜內部縫 0 帶／0.0000㎡｜退化帶 2 個（s 寬 1.69e-10, 4.23e-11）｜s 域 [0.2677,100.0274]
[T2-DIAG] 街廓 R4｜宗數 2｜池帶 1 片｜池帶 s 寬 [37.1234]｜池帶面積 [1229.0551]｜Σ池 1229.0551｜覆蓋殘差 0.0000｜Σ 殘差 -0.0000｜宗-宗疊 0.0000（上界 0.1630）｜內部縫 0 帶／0.0000㎡｜退化帶 1 個（s 寬 1.85e-10）｜s 域 [0.1759,98.7170]
[T2-DIAG] 街廓 R6｜宗數 11｜池帶 2 片｜池帶 s 寬 [3.6068  34.0515]｜池帶面積 [85.7064  1542.9818]｜Σ池 1628.6881｜覆蓋殘差 0.0000｜Σ 殘差 -0.0000｜宗-宗疊 0.0000（上界 2.2295）｜內部縫 0 帶／0.0000㎡｜退化帶 2 個（s 寬 6.75e-11, 7.85e-11）｜s 域 [-3.6068,85.8549]
[T2-DIAG] 街廓 R5｜宗數 12｜池帶 2 片｜池帶 s 寬 [8.4088  31.3921]｜池帶面積 [300.5200  1440.9257]｜Σ池 1741.4457｜覆蓋殘差 0.0000｜Σ 殘差 -0.0000｜宗-宗疊 0.0000（上界 2.4772）｜內部縫 0 帶／0.0000㎡｜退化帶 1 個（s 寬 1.70e-10）｜s 域 [0.2685,92.7995]
[T2-DIAG] 街廓 R3｜宗數 14｜池帶 2 片｜池帶 s 寬 [33.0289  8.7290]｜池帶面積 [1461.2713  308.9300]｜Σ池 1770.2013｜覆蓋殘差 0.0001｜Σ 殘差 -0.0001｜宗-宗疊 0.0000（上界 2.8366）｜內部縫 0 帶／0.0000㎡｜退化帶 4 個（s 寬 5.57e-06, 4.24e-11, 4.24e-11, 1.70e-10）｜s 域 [-0.0000,96.8032]
   [3.5m] U₀（未達 MinA·可出資）＝31 宗
     ① R2left 628-42(1)：供給 153.46 全上仍 G=91.87<309.05 ⇒ 該候選不可救（guard·不 raise）
     ① R2left 628-41(1)：救援池 ∅（同歸戶無其他街廓未達地）⇒ 跳過
     ① R2left 628-40(1)：救援池 ∅（同歸戶無其他街廓未達地）⇒ 跳過
     ① R2left 628-27(1)：供給 46.68 全上仍 G=54.14<309.05 ⇒ 該候選不可救（guard·不 raise）
     R2left：無候選可經①補足 ⇒ **維持強制抵費地**（canonical 最後手段）
     ① R5left 628-7(2)：救援池 ∅（同歸戶無其他街廓未達地）⇒ 跳過
     ① R5left 628-18(2)：救援池 ∅（同歸戶無其他街廓未達地）⇒ 跳過
     ① R5left 628-53(2)：供給 0.44 全上仍 G=0.84<300.52 ⇒ 該候選不可救（guard·不 raise）
     ① R5left 628-45(1)：供給 150.30 全上仍 G=136.19<300.52 ⇒ 該候選不可救（guard·不 raise）
     R5left：無候選可經①補足 ⇒ **維持強制抵費地**（canonical 最後手段）
     ① R3right 628-42(2)：供給 8.34 全上仍 G=89.66<308.93 ⇒ 該候選不可救（guard·不 raise）
     ① R3right 628-45(2)：真G 205.27<308.93·需 a′=179.32（供給 270.00）→ G=308.93 ✅ 取得候選資格（帳面）
     ① R3right 628-27(2)：供給 51.32 全上仍 G=53.01<308.93 ⇒ 該候選不可救（guard·不 raise）
     ① R3right 628-28(1)：救援池 ∅（同歸戶無其他街廓未達地）⇒ 跳過
     ① R3right 628-29(1)：救援池 ∅（同歸戶無其他街廓未達地）⇒ 跳過
     ⇒ R3right winner＝628-45(2)（合格 1 位·三指數 0.0000）**實體化**
     ② R3right·G007：無「較大但未達 MinA」目標（給者≠受者）⇒ 全額轉③
     ③ R3right：餘額 90.68㎡(目標口徑) 併入街角地 628-45(2)
   [M-5·3.5m] 物化：1 端街角補足·源宗移除 3｜趟1 PK 重跑
🔴 S0d 異常：S_cut(未捨入)=0.19536602438260764 > 0 但實切面積 = 0.0（side=左側）——切帶與街廓不交？入報告（no-silent-fallback）
   ⚠️ [WV_BITE·3.5m] 已注入：(B) ['_GHOST_(R1)']／(D) 摘除區段 ['a']／(A′) _BITE_A0ONLY_
… Step G headless（3.5m；v3 真值財務＋結構不變量永久閘）
[T2-DIAG] 街廓 R1｜宗數 5｜池帶 2 片｜池帶 s 寬 [0.3248  35.2678]｜池帶面積 [5.3255  1169.0674]｜Σ池 1174.3929｜覆蓋殘差 0.0000｜Σ 殘差 -0.0000｜宗-宗疊 0.0000（上界 0.6594）｜內部縫 0 帶／0.0000㎡｜退化帶 0 個｜s 域 [-0.3248,87.7155]
[T2-DIAG] 街廓 R2｜宗數 14｜池帶 2 片｜池帶 s 寬 [8.4479  34.9636]｜池帶面積 [309.0500  1555.2995]｜Σ池 1864.3495｜覆蓋殘差 0.0000｜Σ 殘差 -0.0000｜宗-宗疊 0.0000（上界 2.8535）｜內部縫 0 帶／0.0000㎡｜退化帶 2 個（s 寬 1.69e-10, 4.23e-11）｜s 域 [0.2677,100.0274]
[T2-DIAG] 街廓 R4｜宗數 2｜池帶 1 片｜池帶 s 寬 [37.1234]｜池帶面積 [1229.0551]｜Σ池 1229.0551｜覆蓋殘差 0.0000｜Σ 殘差 -0.0000｜宗-宗疊 0.0000（上界 0.1630）｜內部縫 0 帶／0.0000㎡｜退化帶 1 個（s 寬 1.85e-10）｜s 域 [0.1759,98.7170]
[T2-DIAG] 街廓 R6｜宗數 11｜池帶 2 片｜池帶 s 寬 [3.6068  34.0515]｜池帶面積 [85.7064  1542.9818]｜Σ池 1628.6881｜覆蓋殘差 0.0000｜Σ 殘差 -0.0000｜宗-宗疊 0.0000（上界 2.2295）｜內部縫 0 帶／0.0000㎡｜退化帶 2 個（s 寬 6.75e-11, 7.85e-11）｜s 域 [-3.6068,85.8549]
[T2-DIAG] 街廓 R5｜宗數 10｜池帶 2 片｜池帶 s 寬 [8.4088  32.9397]｜池帶面積 [300.5200  1510.7593]｜Σ池 1811.2793｜覆蓋殘差 0.0000｜Σ 殘差 -0.0000｜宗-宗疊 0.0000（上界 2.0268）｜內部縫 0 帶／0.0000㎡｜退化帶 1 個（s 寬 4.18e-10）｜s 域 [0.2685,92.7995]
[T2-DIAG] 街廓 R3｜宗數 14｜池帶 1 片｜池帶 s 寬 [36.9964]｜池帶面積 [1637.6872]｜Σ池 1637.6872｜覆蓋殘差 0.0001｜Σ 殘差 -0.0001｜宗-宗疊 0.0000（上界 2.8366）｜內部縫 0 帶／0.0000㎡｜退化帶 4 個（s 寬 5.57e-06, 1.70e-10, 1.70e-10, 4.24e-11）｜s 域 [-0.0000,96.8032]
… v3 財務接線閘（B/C 錨・中繼錨・C 兩形等價・A 逐宗全查・雙 reverse-test）
[T2-DIAG] 街廓 R1｜宗數 5｜池帶 2 片｜池帶 s 寬 [0.3248  35.3416]｜池帶面積 [5.3255  1171.4138]｜Σ池 1176.7394｜覆蓋殘差 0.0000｜Σ 殘差 -0.0000｜宗-宗疊 0.0000（上界 0.6594）｜內部縫 0 帶／0.0000㎡｜退化帶 0 個｜s 域 [-0.3248,87.7155]
[T2-DIAG] 街廓 R2｜宗數 15｜池帶 1 片｜池帶 s 寬 [40.4948]｜池帶面積 [1802.4224]｜Σ池 1802.4224｜覆蓋殘差 0.0000｜Σ 殘差 +0.0000｜宗-宗疊 0.0000（上界 3.0730）｜內部縫 0 帶／0.0000㎡｜退化帶 2 個（s 寬 3.86e-10, 4.23e-11）｜s 域 [0.2677,100.0274]
[T2-DIAG] 街廓 R4｜宗數 2｜池帶 1 片｜池帶 s 寬 [37.1958]｜池帶面積 [1231.4541]｜Σ池 1231.4541｜覆蓋殘差 0.0000｜Σ 殘差 +0.0000｜宗-宗疊 0.0000（上界 0.1630）｜內部縫 0 帶／0.0000㎡｜退化帶 1 個（s 寬 1.85e-10）｜s 域 [0.1759,98.7170]
[T2-DIAG] 街廓 R6｜宗數 11｜池帶 2 片｜池帶 s 寬 [3.6068  34.1131]｜池帶面積 [85.7064  1545.7783]｜Σ池 1631.4846｜覆蓋殘差 0.0000｜Σ 殘差 -0.0000｜宗-宗疊 0.0000（上界 2.2295）｜內部縫 0 帶／0.0000㎡｜退化帶 2 個（s 寬 1.96e-10, 7.85e-11）｜s 域 [-3.6068,85.8549]
[T2-DIAG] 街廓 R5｜宗數 12｜池帶 1 片｜池帶 s 寬 [38.6819]｜池帶面積 [1768.9314]｜Σ池 1768.9314｜覆蓋殘差 0.0000｜Σ 殘差 -0.0000｜宗-宗疊 0.0000（上界 2.4772）｜內部縫 0 帶／0.0000㎡｜退化帶 0 個｜s 域 [0.2685,92.7995]
[T2-DIAG] 街廓 R3｜宗數 14｜池帶 1 片｜池帶 s 寬 [40.5971]｜池帶面積 [1797.9403]｜Σ池 1797.9403｜覆蓋殘差 0.0001｜Σ 殘差 -0.0001｜宗-宗疊 0.0000（上界 2.8366）｜內部縫 0 帶／0.0000㎡｜退化帶 4 個（s 寬 5.57e-06, 1.70e-10, 4.49e-10, 4.24e-11）｜s 域 [-0.0000,96.8032]
[T2-DIAG] 街廓 R1｜宗數 5｜池帶 2 片｜池帶 s 寬 [0.3248  37.7885]｜池帶面積 [5.3255  1252.5158]｜Σ池 1257.8413｜覆蓋殘差 0.0000｜Σ 殘差 -0.0000｜宗-宗疊 0.0000（上界 0.6594）｜內部縫 0 帶／0.0000㎡｜退化帶 0 個｜s 域 [-0.3248,87.7155]
[T2-DIAG] 街廓 R2｜宗數 15｜池帶 1 片｜池帶 s 寬 [43.1198]｜池帶面積 [1919.2368]｜Σ池 1919.2368｜覆蓋殘差 0.0000｜Σ 殘差 -0.0000｜宗-宗疊 0.0000（上界 3.0730）｜內部縫 0 帶／0.0000㎡｜退化帶 3 個（s 寬 1.69e-10, 1.69e-10, 4.23e-11）｜s 域 [0.2677,100.0274]
[T2-DIAG] 街廓 R4｜宗數 2｜池帶 1 片｜池帶 s 寬 [39.7000]｜池帶面積 [1314.3679]｜Σ池 1314.3679｜覆蓋殘差 0.0000｜Σ 殘差 -0.0000｜宗-宗疊 0.0000（上界 0.1630）｜內部縫 0 帶／0.0000㎡｜退化帶 1 個（s 寬 1.85e-10）｜s 域 [0.1759,98.7170]
[T2-DIAG] 街廓 R6｜宗數 11｜池帶 2 片｜池帶 s 寬 [3.6068  36.4339]｜池帶面積 [85.7064  1651.0218]｜Σ池 1736.7282｜覆蓋殘差 0.0000｜Σ 殘差 +0.0000｜宗-宗疊 0.0000（上界 2.2295）｜內部縫 0 帶／0.0000㎡｜退化帶 1 個（s 寬 7.85e-11）｜s 域 [-3.6068,85.8549]
[T2-DIAG] 街廓 R5｜宗數 12｜池帶 1 片｜池帶 s 寬 [41.2289]｜池帶面積 [1885.1000]｜Σ池 1885.1000｜覆蓋殘差 0.0000｜Σ 殘差 +0.0000｜宗-宗疊 0.0000（上界 2.4772）｜內部縫 0 帶／0.0000㎡｜退化帶 1 個（s 寬 1.04e-10）｜s 域 [0.2685,92.7995]
[T2-DIAG] 街廓 R3｜宗數 14｜池帶 1 片｜池帶 s 寬 [43.2762]｜池帶面積 [1916.6323]｜Σ池 1916.6323｜覆蓋殘差 0.0001｜Σ 殘差 -0.0001｜宗-宗疊 0.0000（上界 2.8366）｜內部縫 0 帶／0.0000㎡｜退化帶 4 個（s 寬 5.57e-06, 1.27e-10, 7.85e-11, 4.24e-11）｜s 域 [-0.0000,96.8032]
… W-D.3 碎片幾何/分類/逐邊 CAD 對拍
🔴 S0d 異常：S_cut(未捨入)=0.19536602438260764 > 0 但實切面積 = 0.0（side=左側）——切帶與街廓不交？入報告（no-silent-fallback）
[T2-DIAG] 街廓 R1｜宗數 5｜池帶 2 片｜池帶 s 寬 [0.3248  35.2780]｜池帶面積 [5.3255  1169.3067]｜Σ池 1174.6322｜覆蓋殘差 0.0000｜Σ 殘差 +0.0000｜宗-宗疊 0.0000（上界 0.6594）｜內部縫 0 帶／0.0000㎡｜退化帶 0 個｜s 域 [-0.3248,87.7155]
[T2-DIAG] 街廓 R2｜宗數 15｜池帶 1 片｜池帶 s 寬 [40.4268]｜池帶面積 [1799.3957]｜Σ池 1799.3957｜覆蓋殘差 0.0000｜Σ 殘差 -0.0000｜宗-宗疊 0.0000（上界 3.0730）｜內部縫 0 帶／0.0000㎡｜退化帶 4 個（s 寬 1.69e-10, 4.23e-11, 4.36e-10, 4.23e-11）｜s 域 [0.2677,100.0274]
[T2-DIAG] 街廓 R4｜宗數 2｜池帶 1 片｜池帶 s 寬 [37.1234]｜池帶面積 [1229.0551]｜Σ池 1229.0551｜覆蓋殘差 0.0000｜Σ 殘差 -0.0000｜宗-宗疊 0.0000（上界 0.1630）｜內部縫 0 帶／0.0000㎡｜退化帶 1 個（s 寬 1.85e-10）｜s 域 [0.1759,98.7170]
[T2-DIAG] 街廓 R6｜宗數 11｜池帶 2 片｜池帶 s 寬 [3.6068  34.0515]｜池帶面積 [85.7064  1542.9818]｜Σ池 1628.6881｜覆蓋殘差 0.0000｜Σ 殘差 -0.0000｜宗-宗疊 0.0000（上界 2.2295）｜內部縫 0 帶／0.0000㎡｜退化帶 2 個（s 寬 6.75e-11, 7.85e-11）｜s 域 [-3.6068,85.8549]
[T2-DIAG] 街廓 R5｜宗數 12｜池帶 1 片｜池帶 s 寬 [38.6193]｜池帶面積 [1766.0761]｜Σ池 1766.0761｜覆蓋殘差 0.0000｜Σ 殘差 +0.0000｜宗-宗疊 0.0000（上界 2.4772）｜內部縫 0 帶／0.0000㎡｜退化帶 1 個（s 寬 4.24e-11）｜s 域 [0.2685,92.7995]
[T2-DIAG] 街廓 R3｜宗數 14｜池帶 1 片｜池帶 s 寬 [40.5345]｜池帶面積 [1795.1667]｜Σ池 1795.1667｜覆蓋殘差 0.0001｜Σ 殘差 -0.0001｜宗-宗疊 0.0000（上界 2.8366）｜內部縫 0 帶／0.0000㎡｜退化帶 3 個（s 寬 5.57e-06, 1.70e-10, 4.24e-11）｜s 域 [-0.0000,96.8032]
🔴 S0d 異常：S_cut(未捨入)=0.19536602438260764 > 0 但實切面積 = 0.0（side=左側）——切帶與街廓不交？入報告（no-silent-fallback）
[T2-DIAG] 街廓 R1｜宗數 5｜池帶 2 片｜池帶 s 寬 [0.3248  35.2678]｜池帶面積 [5.3255  1169.0674]｜Σ池 1174.3929｜覆蓋殘差 0.0000｜Σ 殘差 -0.0000｜宗-宗疊 0.0000（上界 0.6594）｜內部縫 0 帶／0.0000㎡｜退化帶 0 個｜s 域 [-0.3248,87.7155]
[T2-DIAG] 街廓 R2｜宗數 15｜池帶 2 片｜池帶 s 寬 [8.4479  32.9486]｜池帶面積 [309.0500  1465.3457]｜Σ池 1774.3957｜覆蓋殘差 0.0000｜Σ 殘差 -0.0000｜宗-宗疊 0.0000（上界 3.0730）｜內部縫 0 帶／0.0000㎡｜退化帶 2 個（s 寬 1.69e-10, 4.23e-11）｜s 域 [0.2677,100.0274]
[T2-DIAG] 街廓 R4｜宗數 2｜池帶 1 片｜池帶 s 寬 [37.1234]｜池帶面積 [1229.0551]｜Σ池 1229.0551｜覆蓋殘差 0.0000｜Σ 殘差 -0.0000｜宗-宗疊 0.0000（上界 0.1630）｜內部縫 0 帶／0.0000㎡｜退化帶 1 個（s 寬 1.85e-10）｜s 域 [0.1759,98.7170]
[T2-DIAG] 街廓 R6｜宗數 11｜池帶 2 片｜池帶 s 寬 [3.6068  34.0515]｜池帶面積 [85.7064  1542.9818]｜Σ池 1628.6881｜覆蓋殘差 0.0000｜Σ 殘差 -0.0000｜宗-宗疊 0.0000（上界 2.2295）｜內部縫 0 帶／0.0000㎡｜退化帶 2 個（s 寬 6.75e-11, 7.85e-11）｜s 域 [-3.6068,85.8549]
[T2-DIAG] 街廓 R5｜宗數 12｜池帶 2 片｜池帶 s 寬 [8.4088  31.3921]｜池帶面積 [300.5200  1440.9257]｜Σ池 1741.4457｜覆蓋殘差 0.0000｜Σ 殘差 -0.0000｜宗-宗疊 0.0000（上界 2.4772）｜內部縫 0 帶／0.0000㎡｜退化帶 1 個（s 寬 1.70e-10）｜s 域 [0.2685,92.7995]
[T2-DIAG] 街廓 R3｜宗數 14｜池帶 2 片｜池帶 s 寬 [33.0289  8.7290]｜池帶面積 [1461.2713  308.9300]｜Σ池 1770.2013｜覆蓋殘差 0.0001｜Σ 殘差 -0.0001｜宗-宗疊 0.0000（上界 2.8366）｜內部縫 0 帶／0.0000㎡｜退化帶 4 個（s 寬 5.57e-06, 4.24e-11, 4.24e-11, 1.70e-10）｜s 域 [-0.0000,96.8032]
… W-D.4 四梯分級清單（Gxxx 群組·31 旗標消費·遞補錨·fixture·v3 半實算）
🔴 S0d 異常：S_cut(未捨入)=0.19536602438260764 > 0 但實切面積 = 0.0（side=左側）——切帶與街廓不交？入報告（no-silent-fallback）
[T2-DIAG] 街廓 R1｜宗數 5｜池帶 2 片｜池帶 s 寬 [0.3248  35.2780]｜池帶面積 [5.3255  1169.3067]｜Σ池 1174.6322｜覆蓋殘差 0.0000｜Σ 殘差 +0.0000｜宗-宗疊 0.0000（上界 0.6594）｜內部縫 0 帶／0.0000㎡｜退化帶 0 個｜s 域 [-0.3248,87.7155]
[T2-DIAG] 街廓 R2｜宗數 15｜池帶 1 片｜池帶 s 寬 [40.4268]｜池帶面積 [1799.3957]｜Σ池 1799.3957｜覆蓋殘差 0.0000｜Σ 殘差 -0.0000｜宗-宗疊 0.0000（上界 3.0730）｜內部縫 0 帶／0.0000㎡｜退化帶 4 個（s 寬 1.69e-10, 4.23e-11, 4.36e-10, 4.23e-11）｜s 域 [0.2677,100.0274]
[T2-DIAG] 街廓 R4｜宗數 2｜池帶 1 片｜池帶 s 寬 [37.1234]｜池帶面積 [1229.0551]｜Σ池 1229.0551｜覆蓋殘差 0.0000｜Σ 殘差 -0.0000｜宗-宗疊 0.0000（上界 0.1630）｜內部縫 0 帶／0.0000㎡｜退化帶 1 個（s 寬 1.85e-10）｜s 域 [0.1759,98.7170]
[T2-DIAG] 街廓 R6｜宗數 11｜池帶 2 片｜池帶 s 寬 [3.6068  34.0515]｜池帶面積 [85.7064  1542.9818]｜Σ池 1628.6881｜覆蓋殘差 0.0000｜Σ 殘差 -0.0000｜宗-宗疊 0.0000（上界 2.2295）｜內部縫 0 帶／0.0000㎡｜退化帶 2 個（s 寬 6.75e-11, 7.85e-11）｜s 域 [-3.6068,85.8549]
[T2-DIAG] 街廓 R5｜宗數 12｜池帶 1 片｜池帶 s 寬 [38.6193]｜池帶面積 [1766.0761]｜Σ池 1766.0761｜覆蓋殘差 0.0000｜Σ 殘差 +0.0000｜宗-宗疊 0.0000（上界 2.4772）｜內部縫 0 帶／0.0000㎡｜退化帶 1 個（s 寬 4.24e-11）｜s 域 [0.2685,92.7995]
[T2-DIAG] 街廓 R3｜宗數 14｜池帶 1 片｜池帶 s 寬 [40.5345]｜池帶面積 [1795.1667]｜Σ池 1795.1667｜覆蓋殘差 0.0001｜Σ 殘差 -0.0001｜宗-宗疊 0.0000（上界 2.8366）｜內部縫 0 帶／0.0000㎡｜退化帶 3 個（s 寬 5.57e-06, 1.70e-10, 4.24e-11）｜s 域 [-0.0000,96.8032]
🔴 S0d 異常：S_cut(未捨入)=0.19536602438260764 > 0 但實切面積 = 0.0（side=左側）——切帶與街廓不交？入報告（no-silent-fallback）
[T2-DIAG] 街廓 R1｜宗數 5｜池帶 2 片｜池帶 s 寬 [0.3248  35.2678]｜池帶面積 [5.3255  1169.0674]｜Σ池 1174.3929｜覆蓋殘差 0.0000｜Σ 殘差 -0.0000｜宗-宗疊 0.0000（上界 0.6594）｜內部縫 0 帶／0.0000㎡｜退化帶 0 個｜s 域 [-0.3248,87.7155]
[T2-DIAG] 街廓 R2｜宗數 15｜池帶 2 片｜池帶 s 寬 [8.4479  32.9486]｜池帶面積 [309.0500  1465.3457]｜Σ池 1774.3957｜覆蓋殘差 0.0000｜Σ 殘差 -0.0000｜宗-宗疊 0.0000（上界 3.0730）｜內部縫 0 帶／0.0000㎡｜退化帶 2 個（s 寬 1.69e-10, 4.23e-11）｜s 域 [0.2677,100.0274]
[T2-DIAG] 街廓 R4｜宗數 2｜池帶 1 片｜池帶 s 寬 [37.1234]｜池帶面積 [1229.0551]｜Σ池 1229.0551｜覆蓋殘差 0.0000｜Σ 殘差 -0.0000｜宗-宗疊 0.0000（上界 0.1630）｜內部縫 0 帶／0.0000㎡｜退化帶 1 個（s 寬 1.85e-10）｜s 域 [0.1759,98.7170]
[T2-DIAG] 街廓 R6｜宗數 11｜池帶 2 片｜池帶 s 寬 [3.6068  34.0515]｜池帶面積 [85.7064  1542.9818]｜Σ池 1628.6881｜覆蓋殘差 0.0000｜Σ 殘差 -0.0000｜宗-宗疊 0.0000（上界 2.2295）｜內部縫 0 帶／0.0000㎡｜退化帶 2 個（s 寬 6.75e-11, 7.85e-11）｜s 域 [-3.6068,85.8549]
[T2-DIAG] 街廓 R5｜宗數 12｜池帶 2 片｜池帶 s 寬 [8.4088  31.3921]｜池帶面積 [300.5200  1440.9257]｜Σ池 1741.4457｜覆蓋殘差 0.0000｜Σ 殘差 -0.0000｜宗-宗疊 0.0000（上界 2.4772）｜內部縫 0 帶／0.0000㎡｜退化帶 1 個（s 寬 1.70e-10）｜s 域 [0.2685,92.7995]
[T2-DIAG] 街廓 R3｜宗數 14｜池帶 2 片｜池帶 s 寬 [33.0289  8.7290]｜池帶面積 [1461.2713  308.9300]｜Σ池 1770.2013｜覆蓋殘差 0.0001｜Σ 殘差 -0.0001｜宗-宗疊 0.0000（上界 2.8366）｜內部縫 0 帶／0.0000㎡｜退化帶 4 個（s 寬 5.57e-06, 4.24e-11, 4.24e-11, 1.70e-10）｜s 域 [-0.0000,96.8032]
🔴 S0d 異常：S_cut(未捨入)=0.19536602438260764 > 0 但實切面積 = 0.0（side=左側）——切帶與街廓不交？入報告（no-silent-fallback）
[T2-DIAG] 街廓 R1｜宗數 5｜池帶 2 片｜池帶 s 寬 [0.3248  35.2780]｜池帶面積 [5.3255  1169.3067]｜Σ池 1174.6322｜覆蓋殘差 0.0000｜Σ 殘差 +0.0000｜宗-宗疊 0.0000（上界 0.6594）｜內部縫 0 帶／0.0000㎡｜退化帶 0 個｜s 域 [-0.3248,87.7155]
[T2-DIAG] 街廓 R2｜宗數 15｜池帶 1 片｜池帶 s 寬 [40.4268]｜池帶面積 [1799.3957]｜Σ池 1799.3957｜覆蓋殘差 0.0000｜Σ 殘差 -0.0000｜宗-宗疊 0.0000（上界 3.0730）｜內部縫 0 帶／0.0000㎡｜退化帶 4 個（s 寬 1.69e-10, 4.23e-11, 4.36e-10, 4.23e-11）｜s 域 [0.2677,100.0274]
[T2-DIAG] 街廓 R4｜宗數 2｜池帶 1 片｜池帶 s 寬 [37.1234]｜池帶面積 [1229.0551]｜Σ池 1229.0551｜覆蓋殘差 0.0000｜Σ 殘差 -0.0000｜宗-宗疊 0.0000（上界 0.1630）｜內部縫 0 帶／0.0000㎡｜退化帶 1 個（s 寬 1.85e-10）｜s 域 [0.1759,98.7170]
[T2-DIAG] 街廓 R6｜宗數 11｜池帶 2 片｜池帶 s 寬 [3.6068  34.0515]｜池帶面積 [85.7064  1542.9818]｜Σ池 1628.6881｜覆蓋殘差 0.0000｜Σ 殘差 -0.0000｜宗-宗疊 0.0000（上界 2.2295）｜內部縫 0 帶／0.0000㎡｜退化帶 2 個（s 寬 6.75e-11, 7.85e-11）｜s 域 [-3.6068,85.8549]
[T2-DIAG] 街廓 R5｜宗數 12｜池帶 1 片｜池帶 s 寬 [38.6193]｜池帶面積 [1766.0761]｜Σ池 1766.0761｜覆蓋殘差 0.0000｜Σ 殘差 +0.0000｜宗-宗疊 0.0000（上界 2.4772）｜內部縫 0 帶／0.0000㎡｜退化帶 1 個（s 寬 4.24e-11）｜s 域 [0.2685,92.7995]
[T2-DIAG] 街廓 R3｜宗數 14｜池帶 1 片｜池帶 s 寬 [40.5345]｜池帶面積 [1795.1667]｜Σ池 1795.1667｜覆蓋殘差 0.0001｜Σ 殘差 -0.0001｜宗-宗疊 0.0000（上界 2.8366）｜內部縫 0 帶／0.0000㎡｜退化帶 3 個（s 寬 5.57e-06, 1.70e-10, 4.24e-11）｜s 域 [-0.0000,96.8032]
🔴 S0d 異常：S_cut(未捨入)=0.19536602438260764 > 0 但實切面積 = 0.0（side=左側）——切帶與街廓不交？入報告（no-silent-fallback）
[T2-DIAG] 街廓 R1｜宗數 5｜池帶 2 片｜池帶 s 寬 [0.3248  35.2678]｜池帶面積 [5.3255  1169.0674]｜Σ池 1174.3929｜覆蓋殘差 0.0000｜Σ 殘差 -0.0000｜宗-宗疊 0.0000（上界 0.6594）｜內部縫 0 帶／0.0000㎡｜退化帶 0 個｜s 域 [-0.3248,87.7155]
[T2-DIAG] 街廓 R2｜宗數 15｜池帶 2 片｜池帶 s 寬 [8.4479  32.9486]｜池帶面積 [309.0500  1465.3457]｜Σ池 1774.3957｜覆蓋殘差 0.0000｜Σ 殘差 -0.0000｜宗-宗疊 0.0000（上界 3.0730）｜內部縫 0 帶／0.0000㎡｜退化帶 2 個（s 寬 1.69e-10, 4.23e-11）｜s 域 [0.2677,100.0274]
[T2-DIAG] 街廓 R4｜宗數 2｜池帶 1 片｜池帶 s 寬 [37.1234]｜池帶面積 [1229.0551]｜Σ池 1229.0551｜覆蓋殘差 0.0000｜Σ 殘差 -0.0000｜宗-宗疊 0.0000（上界 0.1630）｜內部縫 0 帶／0.0000㎡｜退化帶 1 個（s 寬 1.85e-10）｜s 域 [0.1759,98.7170]
[T2-DIAG] 街廓 R6｜宗數 11｜池帶 2 片｜池帶 s 寬 [3.6068  34.0515]｜池帶面積 [85.7064  1542.9818]｜Σ池 1628.6881｜覆蓋殘差 0.0000｜Σ 殘差 -0.0000｜宗-宗疊 0.0000（上界 2.2295）｜內部縫 0 帶／0.0000㎡｜退化帶 2 個（s 寬 6.75e-11, 7.85e-11）｜s 域 [-3.6068,85.8549]
[T2-DIAG] 街廓 R5｜宗數 12｜池帶 2 片｜池帶 s 寬 [8.4088  31.3921]｜池帶面積 [300.5200  1440.9257]｜Σ池 1741.4457｜覆蓋殘差 0.0000｜Σ 殘差 -0.0000｜宗-宗疊 0.0000（上界 2.4772）｜內部縫 0 帶／0.0000㎡｜退化帶 1 個（s 寬 1.70e-10）｜s 域 [0.2685,92.7995]
[T2-DIAG] 街廓 R3｜宗數 14｜池帶 2 片｜池帶 s 寬 [33.0289  8.7290]｜池帶面積 [1461.2713  308.9300]｜Σ池 1770.2013｜覆蓋殘差 0.0001｜Σ 殘差 -0.0001｜宗-宗疊 0.0000（上界 2.8366）｜內部縫 0 帶／0.0000㎡｜退化帶 4 個（s 寬 5.57e-06, 4.24e-11, 4.24e-11, 1.70e-10）｜s 域 [-0.0000,96.8032]
🔴 S0d 異常：S_cut(未捨入)=0.19536602438260764 > 0 但實切面積 = 0.0（side=左側）——切帶與街廓不交？入報告（no-silent-fallback）
[T2-DIAG] 街廓 R1｜宗數 5｜池帶 2 片｜池帶 s 寬 [0.3248  35.2780]｜池帶面積 [5.3255  1169.3067]｜Σ池 1174.6322｜覆蓋殘差 0.0000｜Σ 殘差 +0.0000｜宗-宗疊 0.0000（上界 0.6594）｜內部縫 0 帶／0.0000㎡｜退化帶 0 個｜s 域 [-0.3248,87.7155]
[T2-DIAG] 街廓 R2｜宗數 15｜池帶 1 片｜池帶 s 寬 [40.4268]｜池帶面積 [1799.3957]｜Σ池 1799.3957｜覆蓋殘差 0.0000｜Σ 殘差 -0.0000｜宗-宗疊 0.0000（上界 3.0730）｜內部縫 0 帶／0.0000㎡｜退化帶 4 個（s 寬 1.69e-10, 4.23e-11, 4.36e-10, 4.23e-11）｜s 域 [0.2677,100.0274]
[T2-DIAG] 街廓 R4｜宗數 2｜池帶 1 片｜池帶 s 寬 [37.1234]｜池帶面積 [1229.0551]｜Σ池 1229.0551｜覆蓋殘差 0.0000｜Σ 殘差 -0.0000｜宗-宗疊 0.0000（上界 0.1630）｜內部縫 0 帶／0.0000㎡｜退化帶 1 個（s 寬 1.85e-10）｜s 域 [0.1759,98.7170]
[T2-DIAG] 街廓 R6｜宗數 11｜池帶 2 片｜池帶 s 寬 [3.6068  34.0515]｜池帶面積 [85.7064  1542.9818]｜Σ池 1628.6881｜覆蓋殘差 0.0000｜Σ 殘差 -0.0000｜宗-宗疊 0.0000（上界 2.2295）｜內部縫 0 帶／0.0000㎡｜退化帶 2 個（s 寬 6.75e-11, 7.85e-11）｜s 域 [-3.6068,85.8549]
[T2-DIAG] 街廓 R5｜宗數 12｜池帶 1 片｜池帶 s 寬 [38.6193]｜池帶面積 [1766.0761]｜Σ池 1766.0761｜覆蓋殘差 0.0000｜Σ 殘差 +0.0000｜宗-宗疊 0.0000（上界 2.4772）｜內部縫 0 帶／0.0000㎡｜退化帶 1 個（s 寬 4.24e-11）｜s 域 [0.2685,92.7995]
[T2-DIAG] 街廓 R3｜宗數 14｜池帶 1 片｜池帶 s 寬 [40.5345]｜池帶面積 [1795.1667]｜Σ池 1795.1667｜覆蓋殘差 0.0001｜Σ 殘差 -0.0001｜宗-宗疊 0.0000（上界 2.8366）｜內部縫 0 帶／0.0000㎡｜退化帶 3 個（s 寬 5.57e-06, 1.70e-10, 4.24e-11）｜s 域 [-0.0000,96.8032]
🔴 S0d 異常：S_cut(未捨入)=0.19536602438260764 > 0 但實切面積 = 0.0（side=左側）——切帶與街廓不交？入報告（no-silent-fallback）
[T2-DIAG] 街廓 R1｜宗數 5｜池帶 2 片｜池帶 s 寬 [0.3248  35.2678]｜池帶面積 [5.3255  1169.0674]｜Σ池 1174.3929｜覆蓋殘差 0.0000｜Σ 殘差 -0.0000｜宗-宗疊 0.0000（上界 0.6594）｜內部縫 0 帶／0.0000㎡｜退化帶 0 個｜s 域 [-0.3248,87.7155]
[T2-DIAG] 街廓 R2｜宗數 15｜池帶 2 片｜池帶 s 寬 [8.4479  32.9486]｜池帶面積 [309.0500  1465.3457]｜Σ池 1774.3957｜覆蓋殘差 0.0000｜Σ 殘差 -0.0000｜宗-宗疊 0.0000（上界 3.0730）｜內部縫 0 帶／0.0000㎡｜退化帶 2 個（s 寬 1.69e-10, 4.23e-11）｜s 域 [0.2677,100.0274]
[T2-DIAG] 街廓 R4｜宗數 2｜池帶 1 片｜池帶 s 寬 [37.1234]｜池帶面積 [1229.0551]｜Σ池 1229.0551｜覆蓋殘差 0.0000｜Σ 殘差 -0.0000｜宗-宗疊 0.0000（上界 0.1630）｜內部縫 0 帶／0.0000㎡｜退化帶 1 個（s 寬 1.85e-10）｜s 域 [0.1759,98.7170]
[T2-DIAG] 街廓 R6｜宗數 11｜池帶 2 片｜池帶 s 寬 [3.6068  34.0515]｜池帶面積 [85.7064  1542.9818]｜Σ池 1628.6881｜覆蓋殘差 0.0000｜Σ 殘差 -0.0000｜宗-宗疊 0.0000（上界 2.2295）｜內部縫 0 帶／0.0000㎡｜退化帶 2 個（s 寬 6.75e-11, 7.85e-11）｜s 域 [-3.6068,85.8549]
[T2-DIAG] 街廓 R5｜宗數 12｜池帶 2 片｜池帶 s 寬 [8.4088  31.3921]｜池帶面積 [300.5200  1440.9257]｜Σ池 1741.4457｜覆蓋殘差 0.0000｜Σ 殘差 -0.0000｜宗-宗疊 0.0000（上界 2.4772）｜內部縫 0 帶／0.0000㎡｜退化帶 1 個（s 寬 1.70e-10）｜s 域 [0.2685,92.7995]
[T2-DIAG] 街廓 R3｜宗數 14｜池帶 2 片｜池帶 s 寬 [33.0289  8.7290]｜池帶面積 [1461.2713  308.9300]｜Σ池 1770.2013｜覆蓋殘差 0.0001｜Σ 殘差 -0.0001｜宗-宗疊 0.0000（上界 2.8366）｜內部縫 0 帶／0.0000㎡｜退化帶 4 個（s 寬 5.57e-06, 4.24e-11, 4.24e-11, 1.70e-10）｜s 域 [-0.0000,96.8032]
🔴 S0d 異常：S_cut(未捨入)=0.19536602438260764 > 0 但實切面積 = 0.0（side=左側）——切帶與街廓不交？入報告（no-silent-fallback）
[T2-DIAG] 街廓 R1｜宗數 5｜池帶 2 片｜池帶 s 寬 [0.3248  35.2780]｜池帶面積 [5.3255  1169.3067]｜Σ池 1174.6322｜覆蓋殘差 0.0000｜Σ 殘差 +0.0000｜宗-宗疊 0.0000（上界 0.6594）｜內部縫 0 帶／0.0000㎡｜退化帶 0 個｜s 域 [-0.3248,87.7155]
[T2-DIAG] 街廓 R2｜宗數 15｜池帶 1 片｜池帶 s 寬 [40.4268]｜池帶面積 [1799.3957]｜Σ池 1799.3957｜覆蓋殘差 0.0000｜Σ 殘差 -0.0000｜宗-宗疊 0.0000（上界 3.0730）｜內部縫 0 帶／0.0000㎡｜退化帶 4 個（s 寬 1.69e-10, 4.23e-11, 4.36e-10, 4.23e-11）｜s 域 [0.2677,100.0274]
[T2-DIAG] 街廓 R4｜宗數 2｜池帶 1 片｜池帶 s 寬 [37.1234]｜池帶面積 [1229.0551]｜Σ池 1229.0551｜覆蓋殘差 0.0000｜Σ 殘差 -0.0000｜宗-宗疊 0.0000（上界 0.1630）｜內部縫 0 帶／0.0000㎡｜退化帶 1 個（s 寬 1.85e-10）｜s 域 [0.1759,98.7170]
[T2-DIAG] 街廓 R6｜宗數 11｜池帶 2 片｜池帶 s 寬 [3.6068  34.0515]｜池帶面積 [85.7064  1542.9818]｜Σ池 1628.6881｜覆蓋殘差 0.0000｜Σ 殘差 -0.0000｜宗-宗疊 0.0000（上界 2.2295）｜內部縫 0 帶／0.0000㎡｜退化帶 2 個（s 寬 6.75e-11, 7.85e-11）｜s 域 [-3.6068,85.8549]
[T2-DIAG] 街廓 R5｜宗數 12｜池帶 1 片｜池帶 s 寬 [38.6193]｜池帶面積 [1766.0761]｜Σ池 1766.0761｜覆蓋殘差 0.0000｜Σ 殘差 +0.0000｜宗-宗疊 0.0000（上界 2.4772）｜內部縫 0 帶／0.0000㎡｜退化帶 1 個（s 寬 4.24e-11）｜s 域 [0.2685,92.7995]
[T2-DIAG] 街廓 R3｜宗數 14｜池帶 1 片｜池帶 s 寬 [40.5345]｜池帶面積 [1795.1667]｜Σ池 1795.1667｜覆蓋殘差 0.0001｜Σ 殘差 -0.0001｜宗-宗疊 0.0000（上界 2.8366）｜內部縫 0 帶／0.0000㎡｜退化帶 3 個（s 寬 5.57e-06, 1.70e-10, 4.24e-11）｜s 域 [-0.0000,96.8032]
🔴 S0d 異常：S_cut(未捨入)=0.19536602438260764 > 0 但實切面積 = 0.0（side=左側）——切帶與街廓不交？入報告（no-silent-fallback）
[T2-DIAG] 街廓 R1｜宗數 5｜池帶 2 片｜池帶 s 寬 [0.3248  35.2678]｜池帶面積 [5.3255  1169.0674]｜Σ池 1174.3929｜覆蓋殘差 0.0000｜Σ 殘差 -0.0000｜宗-宗疊 0.0000（上界 0.6594）｜內部縫 0 帶／0.0000㎡｜退化帶 0 個｜s 域 [-0.3248,87.7155]
[T2-DIAG] 街廓 R2｜宗數 15｜池帶 2 片｜池帶 s 寬 [8.4479  32.9486]｜池帶面積 [309.0500  1465.3457]｜Σ池 1774.3957｜覆蓋殘差 0.0000｜Σ 殘差 -0.0000｜宗-宗疊 0.0000（上界 3.0730）｜內部縫 0 帶／0.0000㎡｜退化帶 2 個（s 寬 1.69e-10, 4.23e-11）｜s 域 [0.2677,100.0274]
[T2-DIAG] 街廓 R4｜宗數 2｜池帶 1 片｜池帶 s 寬 [37.1234]｜池帶面積 [1229.0551]｜Σ池 1229.0551｜覆蓋殘差 0.0000｜Σ 殘差 -0.0000｜宗-宗疊 0.0000（上界 0.1630）｜內部縫 0 帶／0.0000㎡｜退化帶 1 個（s 寬 1.85e-10）｜s 域 [0.1759,98.7170]
[T2-DIAG] 街廓 R6｜宗數 11｜池帶 2 片｜池帶 s 寬 [3.6068  34.0515]｜池帶面積 [85.7064  1542.9818]｜Σ池 1628.6881｜覆蓋殘差 0.0000｜Σ 殘差 -0.0000｜宗-宗疊 0.0000（上界 2.2295）｜內部縫 0 帶／0.0000㎡｜退化帶 2 個（s 寬 6.75e-11, 7.85e-11）｜s 域 [-3.6068,85.8549]
[T2-DIAG] 街廓 R5｜宗數 12｜池帶 2 片｜池帶 s 寬 [8.4088  31.3921]｜池帶面積 [300.5200  1440.9257]｜Σ池 1741.4457｜覆蓋殘差 0.0000｜Σ 殘差 -0.0000｜宗-宗疊 0.0000（上界 2.4772）｜內部縫 0 帶／0.0000㎡｜退化帶 1 個（s 寬 1.70e-10）｜s 域 [0.2685,92.7995]
[T2-DIAG] 街廓 R3｜宗數 14｜池帶 2 片｜池帶 s 寬 [33.0289  8.7290]｜池帶面積 [1461.2713  308.9300]｜Σ池 1770.2013｜覆蓋殘差 0.0001｜Σ 殘差 -0.0001｜宗-宗疊 0.0000（上界 2.8366）｜內部縫 0 帶／0.0000㎡｜退化帶 4 個（s 寬 5.57e-06, 4.24e-11, 4.24e-11, 1.70e-10）｜s 域 [-0.0000,96.8032]
… W-F F.0（級0/0' 合併＋梯3 釋池；trunk B 終態）
[T2-DIAG] 街廓 R1｜宗數 5｜池帶 2 片｜池帶 s 寬 [0.3248  35.2780]｜池帶面積 [5.3255  1169.3067]｜Σ池 1174.6322｜覆蓋殘差 0.0000｜Σ 殘差 +0.0000｜宗-宗疊 0.0000（上界 0.6594）｜內部縫 0 帶／0.0000㎡｜退化帶 0 個｜s 域 [-0.3248,87.7155]
[T2-DIAG] 街廓 R2｜宗數 13｜池帶 1 片｜池帶 s 寬 [41.1138]｜池帶面積 [1830.1152]｜Σ池 1830.1152｜覆蓋殘差 0.0000｜Σ 殘差 +0.0000｜宗-宗疊 0.0000（上界 2.6340）｜內部縫 0 帶／0.0000㎡｜退化帶 3 個（s 寬 9.09e-12, 1.69e-10, 4.23e-11）｜s 域 [0.2677,100.0274]
[T2-DIAG] 街廓 R4｜宗數 2｜池帶 1 片｜池帶 s 寬 [37.1234]｜池帶面積 [1229.0551]｜Σ池 1229.0551｜覆蓋殘差 0.0000｜Σ 殘差 -0.0000｜宗-宗疊 0.0000（上界 0.1630）｜內部縫 0 帶／0.0000㎡｜退化帶 1 個（s 寬 1.85e-10）｜s 域 [0.1759,98.7170]
[T2-DIAG] 街廓 R5｜宗數 9｜池帶 1 片｜池帶 s 寬 [38.6564]｜池帶面積 [1767.7384]｜Σ池 1767.7384｜覆蓋殘差 0.0000｜Σ 殘差 -0.0000｜宗-宗疊 0.0000（上界 1.8016）｜內部縫 0 帶／0.0000㎡｜退化帶 1 個（s 寬 4.42e-10）｜s 域 [0.2685,92.7995]
[T2-DIAG] 街廓 R3｜宗數 10｜池帶 1 片｜池帶 s 寬 [41.1449]｜池帶面積 [1822.3504]｜Σ池 1822.3504｜覆蓋殘差 0.0001｜Σ 殘差 -0.0001｜宗-宗疊 0.0000（上界 1.9638）｜內部縫 0 帶／0.0000㎡｜退化帶 4 個（s 寬 5.57e-06, 1.70e-10, 4.49e-10, 4.24e-11）｜s 域 [-0.0000,96.8032]
[T2-DIAG] 街廓 R6｜宗數 7｜池帶 2 片｜池帶 s 寬 [3.6068  34.0581]｜池帶面積 [85.7064  1543.2766]｜Σ池 1628.9830｜覆蓋殘差 0.0000｜Σ 殘差 -0.0000｜宗-宗疊 0.0000（上界 1.3377）｜內部縫 0 帶／0.0000㎡｜退化帶 1 個（s 寬 7.85e-11）｜s 域 [-3.6068,85.8549]
[T2-DIAG] 街廓 R1｜宗數 5｜池帶 2 片｜池帶 s 寬 [0.3248  35.2678]｜池帶面積 [5.3255  1169.0674]｜Σ池 1174.3929｜覆蓋殘差 0.0000｜Σ 殘差 -0.0000｜宗-宗疊 0.0000（上界 0.6594）｜內部縫 0 帶／0.0000㎡｜退化帶 0 個｜s 域 [-0.3248,87.7155]
[T2-DIAG] 街廓 R2｜宗數 12｜池帶 2 片｜池帶 s 寬 [8.4479  35.6513]｜池帶面積 [309.0500  1586.0103]｜Σ池 1895.0603｜覆蓋殘差 0.0000｜Σ 殘差 -0.0000｜宗-宗疊 0.0000（上界 2.4145）｜內部縫 0 帶／0.0000㎡｜退化帶 1 個（s 寬 4.23e-11）｜s 域 [0.2677,100.0274]
[T2-DIAG] 街廓 R4｜宗數 2｜池帶 1 片｜池帶 s 寬 [37.1234]｜池帶面積 [1229.0551]｜Σ池 1229.0551｜覆蓋殘差 0.0000｜Σ 殘差 -0.0000｜宗-宗疊 0.0000（上界 0.1630）｜內部縫 0 帶／0.0000㎡｜退化帶 1 個（s 寬 1.85e-10）｜s 域 [0.1759,98.7170]
[T2-DIAG] 街廓 R5｜宗數 9｜池帶 2 片｜池帶 s 寬 [8.4088  32.9762]｜池帶面積 [300.5200  1512.4046]｜Σ池 1812.9246｜覆蓋殘差 0.0000｜Σ 殘差 -0.0000｜宗-宗疊 0.0000（上界 1.8016）｜內部縫 0 帶／0.0000㎡｜退化帶 1 個（s 寬 1.70e-10）｜s 域 [0.2685,92.7995]
[T2-DIAG] 街廓 R3｜宗數 10｜池帶 1 片｜池帶 s 寬 [37.6081]｜池帶面積 [1664.9035]｜Σ池 1664.9035｜覆蓋殘差 0.0001｜Σ 殘差 -0.0001｜宗-宗疊 0.0000（上界 1.9638）｜內部縫 0 帶／0.0000㎡｜退化帶 3 個（s 寬 5.57e-06, 1.70e-10, 4.24e-11）｜s 域 [-0.0000,96.8032]
[T2-DIAG] 街廓 R6｜宗數 7｜池帶 2 片｜池帶 s 寬 [3.6068  34.0581]｜池帶面積 [85.7064  1543.2766]｜Σ池 1628.9830｜覆蓋殘差 0.0000｜Σ 殘差 -0.0000｜宗-宗疊 0.0000（上界 1.3377）｜內部縫 0 帶／0.0000㎡｜退化帶 1 個（s 寬 7.85e-11）｜s 域 [-3.6068,85.8549]
… W-F F.1（R1 楔形等 G 吞納＋前移；R3/R6 標記待 F.4）
… W-F F.2（跨街廓搬 a′ 模式一；五群 G009/G001/G021/G026/G027）
… W-F F.3（公設地調配：RD 五則①切半5/③集中30＋PF6；轉7-4 24筆）
… W-F F.4（7-4 三級調配＋7-5 批次最佳化＋終態整形＋33 群總決算；trunk E）
… W-G G.1 接線層 ctx-builder 同源（app _build_wf_ctx vs native _ctx；0m）
… W-G G.2 世代幾何曝出契約＋只寫不讀（0m）
============================================================
  ✅ PASS  參數0m
  ✅ PASS  參數3.5m
  ✅ PASS  -a診斷0m
  ✅ PASS  -a診斷3.5m
  ✅ PASS  ownership Gxxx 靶組（三環定理鏈）
  ✅ PASS  W-D.3 ghost 零面積不變量（8 筆全零）
  ✅ PASS  F.0-pre 15.73㎡ 歸因（公設 15.73 ＋ 可建築 13.34 = 29.07 ＝ ghost 真面積 29.09）
  🔴 FAIL  M-5 定點閘0m（本情境 forced 端 1 個／award 0（1 端理由缺漏））
        🔴 forced 端 _BITE_left 於 M-5 log 查無「維持強制抵費地」之明列理由——「救不動」與「漏跑」不可區分，禁靜默綠
        （M-5 log 0 列；forced 端＝['_BITE_left']）
  🔴 FAIL  M-5 無新生閘0m（本情境 forced 端 1 個／award 0（1 端理由缺漏））
        🔴 forced 端 _BITE_left 於 M-5 log 查無「維持強制抵費地」之明列理由——「救不動」與「漏跑」不可區分，禁靜默綠
        （M-5 log 0 列；forced 端＝['_BITE_left']）
  🔴 FAIL  M-5 結算閘0m（本情境 forced 端 1 個／award 0（1 端理由缺漏））
        🔴 forced 端 _BITE_left 於 M-5 log 查無「維持強制抵費地」之明列理由——「救不動」與「漏跑」不可區分，禁靜默綠
        （M-5 log 0 列；forced 端＝['_BITE_left']）
  ✅ PASS  v3·診斷0m（全欄逐格·無豁免）
  ✅ PASS  率接線無串聯0m（vs v1 原錨，豁免 G估 後逐格全等）
  ✅ PASS  率接線 G估 欄變動0m 0 格（期 0·Y 波後 baseline 同源）
  ✅ PASS  指配0m
  ✅ PASS  抵費地0m(應空)
  ✅ PASS  結構不變量永久閘0m（守恆/⊥/位次=投影序/J(k*)≥J(naive)/理論=實跑/telescoping）
  ✅ PASS  v3·G值0m
  ✅ PASS  v3·滑池槽0m
  ✅ PASS  v3·J表0m
  ✅ PASS  k* 六塊經驗錨0m {'R1': 2, 'R2': 8, 'R3': 7, 'R4': 1, 'R5': 7, 'R6': 6}
  ✅ PASS  M-5 定點閘3.5m（1 award 端趟1 皆解除 forced）
  ✅ PASS  M-5 無新生閘3.5m（趟1 forced ⊆ 趟0）
  🔴 FAIL  M-5 結算閘3.5m（物化對帳 target增量/源殘量/a′換算·Σa′=270.00；歸戶重劃前地價守恆 G007: 93,326,523.43 → 93,326,523.43 元（Δ=0.00≤tol 1,679.53）；母體對稱差 A0∖P1=['628-30(1)', '628-30(2)', '628-45(1)', '_BITE_A0ONLY_']（全額消費源）／P1∖A0=2 宗（未產 G 列）·gid空桶=['_BITE_A0ONLY_', '_GHOST_(R1)', '_GHOST_(R4)']）
        🔴 (A′) _BITE_A0ONLY_：自 parcels₁ 消失、殘量 0，**但從未被消費**（consumed=0.0000·亦不在任何 award 之 srcs）⇒ 「原 a==0」窄殘孔：殘量 0 ≠ 全額消費
        🔴 (B) _GHOST_(R1)：同時在 parcels₁ 與趟0 g_rows，卻因 推進側別∉{left,right}（實為 '池內'）被濾出 `_A0` ⇒ 趟0 未計、趟1 計入·兩側口徑不一
        🔴 (D) 628-36(1)（gid=G029）之重劃前地價區段 'a' 查無單價或 ≤0（得 0.0）——守恆式禁以 0 元靜默帶過；可用區段＝['b']
        🔴 (D) 628(5)（gid=G009）之重劃前地價區段 'a' 查無單價或 ≤0（得 0.0）——守恆式禁以 0 元靜默帶過；可用區段＝['b']
        🔴 (D) 628-37(1)（gid=G019）之重劃前地價區段 'a' 查無單價或 ≤0（得 0.0）——守恆式禁以 0 元靜默帶過；可用區段＝['b']
        🔴 (D) 628(1)（gid=G009）之重劃前地價區段 'a' 查無單價或 ≤0（得 0.0）——守恆式禁以 0 元靜默帶過；可用區段＝['b']
        🔴 (D) 628-1(1)（gid=G009）之重劃前地價區段 'a' 查無單價或 ≤0（得 0.0）——守恆式禁以 0 元靜默帶過；可用區段＝['b']
        🔴 (D) 628(2)（gid=G009）之重劃前地價區段 'a' 查無單價或 ≤0（得 0.0）——守恆式禁以 0 元靜默帶過；可用區段＝['b']
        🔴 (D) 628-1(2)（gid=G009）之重劃前地價區段 'a' 查無單價或 ≤0（得 0.0）——守恆式禁以 0 元靜默帶過；可用區段＝['b']
        🔴 (D) 628(3)（gid=G009）之重劃前地價區段 'a' 查無單價或 ≤0（得 0.0）——守恆式禁以 0 元靜默帶過；可用區段＝['b']
        🔴 (D) 628(4)（gid=G009）之重劃前地價區段 'a' 查無單價或 ≤0（得 0.0）——守恆式禁以 0 元靜默帶過；可用區段＝['b']
        🔴 (D) 628-37(1)（gid=G019）之重劃前地價區段 'a' 查無單價或 ≤0（得 0.0）——守恆式禁以 0 元靜默帶過；可用區段＝['b']
  🔴 FAIL  v3·診斷3.5m（全欄逐格·無豁免）
        [v3·診斷3.5m] 缺列 ('R5', '左', '628-45(1)')
        [v3·診斷3.5m] ('R5', '左', '628-7(2)') 欄「原位次(投影序)」: baseline='4' got=3
        [v3·診斷3.5m] ('R3', '右', '628-45(2)') 欄「達標」: baseline='未達標' got='達標'
        [v3·診斷3.5m] ('R3', '右', '628-45(2)') 欄「正街角分(0.4)」: baseline='—' got=0.4
        [v3·診斷3.5m] ('R3', '右', '628-45(2)') 欄「側街分(0.2)」: baseline='—' got=0.0635
        [v3·診斷3.5m] ('R3', '右', '628-45(2)') 欄「跨占分(0.4)」: baseline='—' got=0.1228
        [v3·診斷3.5m] ('R3', '右', '628-45(2)') 欄「總分」: baseline='—' got=0.5863
        [v3·診斷3.5m] ('R3', '右', '628-45(2)') 欄「選中」: baseline='' got='✅'
  🔴 FAIL  率接線無串聯3.5m（vs v1 原錨，豁免 G估 後逐格全等）
        [無串聯3.5m] 缺列 ('R5', '左', '628-45(1)')
        [無串聯3.5m] ('R5', '左', '628-7(2)') 欄「原位次(投影序)」: baseline='4' got=3
        [無串聯3.5m] ('R3', '右', '628-45(2)') 欄「達標」: baseline='未達標' got='達標'
        [無串聯3.5m] ('R3', '右', '628-45(2)') 欄「正街角分(0.4)」: baseline='—' got=0.4
        [無串聯3.5m] ('R3', '右', '628-45(2)') 欄「側街分(0.2)」: baseline='—' got=0.0635
        [無串聯3.5m] ('R3', '右', '628-45(2)') 欄「跨占分(0.4)」: baseline='—' got=0.1228
        [無串聯3.5m] ('R3', '右', '628-45(2)') 欄「總分」: baseline='—' got=0.5863
        [無串聯3.5m] ('R3', '右', '628-45(2)') 欄「選中」: baseline='' got='✅'
  ✅ PASS  率接線 G估 欄變動3.5m 0 格（期 0·Y 波後 baseline 同源）
  🔴 FAIL  指配3.5m
        [指配3.5m] ('R5',) 欄「候選數」: baseline='12' got=10
        [指配3.5m] ('R2',) 欄「候選數」: baseline='15' got=14
        [指配3.5m] ('R3',) 欄「【右】達資格候選」: baseline='0' got=1
        [指配3.5m] ('R3',) 欄「【右】第1宗指配」: baseline='⚠️ 強制抵費地' got='G007（628-45）[628-45(2)]'
        [指配3.5m] ('R3',) 欄「【右】優先權指數」: baseline='—' got=0.5863
  🔴 FAIL  抵費地3.5m
        [抵費地3.5m] 缺列 ('R3', '右')
  ✅ PASS  結構不變量永久閘3.5m（守恆/⊥/位次=投影序/J(k*)≥J(naive)/理論=實跑/telescoping）
  🔴 FAIL  v3·G值3.5m
        [v3·G值3.5m] 缺列 ('R2', '628-30(2)')
        [v3·G值3.5m] 缺列 ('R5', '628-45(1)')
        [v3·G值3.5m] 缺列 ('R5', '628-30(1)')
        [v3·G值3.5m] 缺列 ('R3', 'R3-抵費地-1')
        [v3·G值3.5m] 缺列 ('R3', 'R3-抵費地-2')
        [v3·G值3.5m] 多列 ('R3', 'R3-抵費地')
        [v3·G值3.5m] ('R2', '628-39(1)') 欄「W(m)」: baseline='25.78' got=23.77
        [v3·G值3.5m] ('R2', '628-39(1)') 欄「S(m)」: baseline='5.29' got=5.28
        [v3·G值3.5m] ('R2', '628-39(1)') 欄「幾何面積(㎡)」: baseline='236.54' got=236.55
        [v3·G值3.5m] ('R2', '628-39(1)') 欄「累積S(m)」: baseline='27.54' got=25.53
        [v3·G值3.5m] ('R2', '628-39(1)') 欄「宗地寬度(m)」: baseline='5.28' got=5.27
        [v3·G值3.5m] ('R2', '628-31(2)') 欄「W(m)」: baseline='34.52' got=32.52
  🔴 FAIL  v3·滑池槽3.5m
        [v3·滑池槽3.5m] ('R2',) 欄「n」: baseline='15' got=14
        [v3·滑池槽3.5m] ('R2',) 欄「k_naive」: baseline='8' got=7
        [v3·滑池槽3.5m] ('R2',) 欄「k*」: baseline='8' got=7
        [v3·滑池槽3.5m] ('R2',) 欄「ΣG(㎡)」: baseline='2594.22' got=2504.25
        [v3·滑池槽3.5m] ('R2',) 欄「Σ配地幾何(㎡)」: baseline='2594.21' got=2504.25
        [v3·滑池槽3.5m] ('R2',) 欄「池總=幾何剩餘(㎡)」: baseline='1774.4' got=1864.35
        [v3·滑池槽3.5m] ('R2',) 欄「中央池(㎡)」: baseline='1465.35' got=1555.3
        [v3·滑池槽3.5m] ('R2',) 欄「守恆殘差(㎡)」: baseline='0.01' got=-0.0
        [v3·滑池槽3.5m] ('R2',) 欄「幾何片明細(㎡)」: baseline='[1465.35, 309.05]' got='[1555.3, 309.05]'
        [v3·滑池槽3.5m] ('R3',) 欄「J(naive)」: baseline='19.8902' got=44.8987
        [v3·滑池槽3.5m] ('R3',) 欄「J(k*)」: baseline='19.8902' got=44.8987
        [v3·滑池槽3.5m] ('R3',) 欄「ΣRw_R理論@k*(%)」: baseline='44.3' got=100.0
  🔴 FAIL  v3·J表3.5m
        [v3·J表3.5m] 缺列 ('R2', '15')
        [v3·J表3.5m] 缺列 ('R5', '11')
        [v3·J表3.5m] 缺列 ('R5', '12')
        [v3·J表3.5m] ('R2', '1') 欄「dev(m)」: baseline='58.02' got=56.0
        [v3·J表3.5m] ('R2', '2') 欄「dev(m)」: baseline='49.88' got=47.86
        [v3·J表3.5m] ('R2', '3') 欄「dev(m)」: baseline='48.56' got=46.54
        [v3·J表3.5m] ('R2', '4') 欄「dev(m)」: baseline='35.24' got=33.22
        [v3·J表3.5m] ('R2', '5') 欄「dev(m)」: baseline='35.22' got=33.2
        [v3·J表3.5m] ('R2', '6') 欄「dev(m)」: baseline='31.22' got=22.66
        [v3·J表3.5m] ('R2', '7') 欄「dev(m)」: baseline='20.66' got=5.18
        [v3·J表3.5m] ('R2', '8') 欄「dev(m)」: baseline='3.16' got=14.52
        [v3·J表3.5m] ('R2', '9') 欄「dev(m)」: baseline='16.54' got=17.76
  🔴 FAIL  k* 六塊經驗錨3.5m {'R1': 1, 'R2': 8, 'R3': 7, 'R4': 1, 'R5': 7, 'R6': 6}
        實得 {'R1': 1, 'R2': 7, 'R4': 1, 'R6': 6, 'R5': 5, 'R3': 7}
  ✅ PASS  v3 財務錨 B == 0.171043（獨立輸入現算 → 0.171043）
  ✅ PASS  v3 財務錨 C == 0.091319（加總形分母 1,643,176,255.06）
  ✅ PASS  v3 中繼錨 工程費/重劃費/費用總額 == 122324608/22717427/150053099
  ✅ PASS  v3 C 兩形等價（加總形 vs app calc_C_value 均價形）|Δ|=2.92e-10 <1e-8
  ✅ PASS  v3 A 逐宗全查（115 列＝後街廓單價/重劃前區段單價）
  ✅ PASS  v3 reverse-test① 單位工程費 3500→3550 ⟹ C 隨動 (0.091319→0.092382)
  ✅ PASS  v3 reverse-test② 前均價 ×1.1 ⟹ B 隨動且 C 不動 (B 0.171043→0.188147；C 0.091319)
  ✅ PASS  v3 重劃總負擔率錨 == 0.40712387（現算 0.40712387）
  ✅ PASS  v3 率分項錨 公設負擔比 34.754211% ＋ 費用負擔比 5.958176%
  ✅ PASS  v3 率用 DXF 公設實值 12146.5579（非截圖 rounded 12146.56）
  ✅ PASS  v3 reverse-test③ 單位工程費 3500→3550 ⟹ 重劃總負擔率隨動 (0.40712387→0.40781775)
  ✅ PASS  W-D.3 碎片幾何/三分類（v3）
  ✅ PASS  W-D.3 碎片逐邊CAD（v3）
  ✅ PASS  W-D.4 四梯清單0m（v3 半實算）
  ✅ PASS  W-D.4 碎片遞補0m
  ✅ PASS  W-D.4 跨占分配線0m
  ✅ PASS  W-D.4 四梯清單3.5m（v3 半實算）
  ✅ PASS  W-D.4 碎片遞補3.5m
  ✅ PASS  W-D.4 跨占分配線3.5m
  ✅ PASS  W-D.4 MinA_區==114.07(正典rounded)·½顯示==57.04(Decimal非round)
  ✅ PASS  W-D.4 31旗標全消費(群組語意·v3 隨價變)
  ✅ PASS  F.0-pre 雙軌錨 軌別{'建地軌': 25, '公設軌': 8}·梯次{'—': 8, '0': 13, '1': 7, '2': 3, '3': 2}
  ✅ PASS  F.0-pre 公設軌 8 群（撤出梯3、待 F.3/F.4）
  ✅ PASS  F.0-pre 公設軌補償欄全空（G(a′) 未算前禁取值·停機條款）
  ✅ PASS  F.3 母數錨 公設地 59 筆／28 群持有（廢「30 筆/4,428㎡」）
  ✅ PASS  F.0 釋池對象＝梯3 二群 [('G025', 1.79), ('G030', 55.09)]（Σ=56.88㎡）
  ✅ PASS  W-D.4 MinA_區 reverse-test(改深度→隨動·非寫死)
  ✅ PASS  W-D.4 遞補錨 R6 85.66→628-4(1)（跳過 628(2);628-1(2);628-23(1)）
  ✅ PASS  W-D.4 持分和逐宗檢核(WARNING-A)
  ✅ PASS  W-D.4 第4梯 fixture(查封自成一群·移除後 byte-identical)
  🔴 FAIL  W-F F.0
        [F.0] 🔴 GSA 錨檢破（3.5m）——**一次列出全部**（F-7-3：禁首個即 raise 致打地鼠）：
  【值不符 1 項】G014 G(Σa)=128.07 ≠ 錨 129.2
  【未被評估】錨鍵 ['G007'] **未被任何一次比對評估**（其決策現況：G007→[R3:全達標·無須併(無target)]）⇒ **沒人檢查≠相符**。成因請依上列決策自行研判（如：被併宗遭上游消費移出→標的宗回復單獨→改判『全達標·無須併』或該塊宗數<2）；確認係合法連動（如 M-5 提前合併）則於 P-H 重錨（刪鍵或改值），否則係上游漏配之 bug。已評估鍵＝['G006', 'G009', 'G010', 'G014', 'G017']
        fy\wf_f0.py", line 243, in compute
    raise RuntimeError(_msg)
RuntimeError: 🔴 GSA 錨檢破（3.5m）——**一次列出全部**（F-7-3：禁首個即 raise 致打地鼠）：
  【值不符 1 項】G014 G(Σa)=128.07 ≠ 錨 129.2
  【未被評估】錨鍵 ['G007'] **未被任何一次比對評估**（其決策現況：G007→[R3:全達標·無須併(無target)]）⇒ **沒人檢查≠相符**。成因請依上列決策自行研判（如：被併宗遭上游消費移出→標的宗回復單獨→改判『全達標·無須併』或該塊宗數<2）；確認係合法連動（如 M-5 提前合併）則於 P-H 重錨（刪鍵或改值），否則係上游漏配之 bug。已評估鍵＝['G006', 'G009', 'G010', 'G014', 'G017']

  🔴 FAIL  W-F F.1
        [F.1] F.0 未成功，F.1 跳過（W5 守衛）
        Traceback (most recent call last):
  File "C:\Users\admin\Desktop\land-readjustment-trial\verify\run_verification.py", line 1249, in main
    raise RuntimeError("F.0 未成功，F.1 跳過（W5 守衛）")
RuntimeError: F.0 未成功，F.1 跳過（W5 守衛）

  🔴 FAIL  W-F F.2
        [F.2] F.0 未成功，F.2 跳過（存在性守衛）
        Traceback (most recent call last):
  File "C:\Users\admin\Desktop\land-readjustment-trial\verify\run_verification.py", line 1300, in main
    raise RuntimeError("F.0 未成功，F.2 跳過（存在性守衛）")
RuntimeError: F.0 未成功，F.2 跳過（存在性守衛）

  🔴 FAIL  W-F F.3
        [F.3] F.2 未成功，F.3 跳過（存在性守衛）
        Traceback (most recent call last):
  File "C:\Users\admin\Desktop\land-readjustment-trial\verify\run_verification.py", line 1366, in main
    raise RuntimeError("F.2 未成功，F.3 跳過（存在性守衛）")
RuntimeError: F.2 未成功，F.3 跳過（存在性守衛）

  🔴 FAIL  W-F F.4
        [F.4] F.3 未成功，F.4 跳過（存在性守衛）
        Traceback (most recent call last):
  File "C:\Users\admin\Desktop\land-readjustment-trial\verify\run_verification.py", line 1433, in main
    raise RuntimeError("F.3 未成功，F.4 跳過（存在性守衛）")
RuntimeError: F.3 未成功，F.4 跳過（存在性守衛）

  ✅ PASS  W-G G.1 接線層 ctx-builder 同源（cb_by/cad+centerlines/gA/winners/β財務/blocks欄名/指紋/率鋪底）
  🔴 FAIL  W-G G.2 世代幾何曝出契約
        [G.2] 上游世代未產出：['F.0', 'F.1', 'F.2', 'F.3', 'F.4']（0m）——G.2 係**純呈現層契約檢**，其資料前提為 v3/f0/f2/f3/E 各代皆已成功；上列世代失敗（見其自身 FAIL 列）⇒ G.2 **無從檢查**、非 G.2 自身破。修上游後本列自動恢復。
        Traceback (most recent call last):
  File "C:\Users\admin\Desktop\land-readjustment-trial\verify\run_verification.py", line 1628, in main
    raise RuntimeError(
    ...<2 lines>...
        f"⇒ G.2 **無從檢查**、非 G.2 自身破。修上游後本列自動恢復。")
RuntimeError: 上游世代未產出：['F.0', 'F.1', 'F.2', 'F.3', 'F.4']（0m）——G.2 係**純呈現層契約檢**，其資料前提為 v3/f0/f2/f3/E 各代皆已成功；上列世代失敗（見其自身 FAIL 列）⇒ G.2 **無從檢查**、非 G.2 自身破。修上游後本列自動恢復。

============================================================
嫌犯序：快照漏參 > dtype 1.5（法人統編 '.0'）> driver orchestration 漂移 > 引擎（勿動 app）
RESULT: FAIL

############################################################
W-V run_all: FAIL
