====================================================================================
§4 末端 gate 判別力夾具（F-2）｜area(R_end) 手算 ＝ 75.0
====================================================================================
[0m·left] 驗0 _unfront_area：有伸出 40.0000(手算 40.0000)／無伸出 0.0000(手算 0.0000)  ✅
[0m·left] 驗1 cond1真+cond2假 ⇒ 同 gate 關：C=('raise', '整形寬') vs B2=('raise', '整形寬')  ✅
[0m·left] 驗2 cond2真 ⇒ 標的換人：A=('raise', '不相鄰') vs B=('raise', '整形寬')  ✅
[0m·left] 驗3 首宗達 area(R_end) ⇒ gate 開關同標的：A3=('ok', 'TEST-1') B3=('ok', 'TEST-1')  ✅
[0m·right] 驗0 _unfront_area：有伸出 40.0000(手算 40.0000)／無伸出 0.0000(手算 0.0000)  ✅
[0m·right] 驗1 cond1真+cond2假 ⇒ 同 gate 關：C=('raise', '整形寬') vs B2=('raise', '整形寬')  ✅
[0m·right] 驗2 cond2真 ⇒ 標的換人：A=('raise', '不相鄰') vs B=('ok', 'TEST-1')  ✅
[0m·right] 驗3 首宗達 area(R_end) ⇒ gate 開關同標的：A3=('ok', 'TEST-1') B3=('ok', 'TEST-1')  ✅
[3.5m·left] 驗0 _unfront_area：有伸出 40.0000(手算 40.0000)／無伸出 0.0000(手算 0.0000)  ✅
[3.5m·left] 驗1 cond1真+cond2假 ⇒ 同 gate 關：C=('raise', '整形寬') vs B2=('raise', '整形寬')  ✅
[3.5m·left] 驗2 cond2真 ⇒ 標的換人：A=('raise', '不相鄰') vs B=('raise', '整形寬')  ✅
[3.5m·left] 驗3 首宗達 area(R_end) ⇒ gate 開關同標的：A3=('ok', 'TEST-1') B3=('ok', 'TEST-1')  ✅
[3.5m·right] 驗0 _unfront_area：有伸出 40.0000(手算 40.0000)／無伸出 0.0000(手算 0.0000)  ✅
[3.5m·right] 驗1 cond1真+cond2假 ⇒ 同 gate 關：C=('raise', '整形寬') vs B2=('raise', '整形寬')  ✅
[3.5m·right] 驗2 cond2真 ⇒ 標的換人：A=('raise', '不相鄰') vs B=('ok', 'TEST-1')  ✅
[3.5m·right] 驗3 首宗達 area(R_end) ⇒ gate 開關同標的：A3=('ok', 'TEST-1') B3=('ok', 'TEST-1')  ✅
------------------------------------------------------------------------------------
【咬合反例】把 `_end_region_R` 面積壓成 0（模擬 gate 失去判別力）⇒ 本夾具應轉紅：
   [0m·left] 驗2 cond2真 ⇒ 標的換人：A=('raise', '整形寬') vs B=('raise', '整形寬')  🔴
   [0m·right] 驗2 cond2真 ⇒ 標的換人：A=('ok', 'TEST-1') vs B=('ok', 'TEST-1')  🔴
   [3.5m·left] 驗2 cond2真 ⇒ 標的換人：A=('raise', '整形寬') vs B=('raise', '整形寬')  🔴
   [3.5m·right] 驗2 cond2真 ⇒ 標的換人：A=('ok', 'TEST-1') vs B=('ok', 'TEST-1')  🔴
   反例結果：🔴 FAIL（正確——閘咬得到）
====================================================================================
RESULT: PASS　⇒ gate 之判別力來自 `_unfront_area`（非 `_cond1`）且末端 winner 集合確實改變。
====================================================================================
