=== P-0c 證據① F.0-only 重烤不可行：22→34 FAIL（新增 16 名目）===
實驗：worktree（committed xlsx）只套 12 F.0 CSV＋更新 GSA_EXPECT 6格，其餘 baseline 不動 → run_verification。
來源 log：$TEMP/wt_f0only.log（5924 行·本檔為決定性摘要）。

--- 結果：34 FAIL（BEFORE 22）---
消失 4 名目（cascade→實跑）：W-F F.0 / W-F F.1 / W-F F.2 / W-F F.3
新增 16 名目（S1 過期 F.1~F.4 baseline 被揭·baseline-mismatch）：
  F.1 標記制0m
  F.1·池驗證{0m,3.5m}
  F.1·碎片處置0m
  F.1·遞補整形{0m,3.5m}
  F.2·跨街廓調配{0m,3.5m}
  F.2·G值{0m,3.5m}
  F.2·池流向{0m,3.5m}
  F.3·G值{0m,3.5m}
  F.3·池流向{0m,3.5m}

淨 +12 ⇒ 違「FAIL 集不新增名目」⇒ F.0-only 不可行 ⇒ 完整 S1 波末重烤係硬前置。

--- 完整 34 FAIL 清單（去重·排序）---
F.0 釋池對象＝梯3 二群 [('G025', 1.79), ('G030', 55.09)]
F.1 標記制0m
F.1·池驗證0m
F.1·池驗證3.5m
F.1·碎片處置0m
F.1·遞補整形0m
F.1·遞補整形3.5m
F.2·G值0m
F.2·G值3.5m
F.2·池流向0m
F.2·池流向3.5m
F.2·跨街廓調配0m
F.2·跨街廓調配3.5m
F.3·G值0m
F.3·G值3.5m
F.3·池流向0m
F.3·池流向3.5m
W-D.3 碎片幾何/三分類
W-D.3 碎片逐邊CAD
W-D.4 四梯清單0m
W-D.4 四梯清單3.5m
W-D.4 碎片遞補0m
W-D.4 碎片遞補3.5m
W-D.4 跨占分配線0m
W-D.4 跨占分配線3.5m
W-F F.4
W-G G.2 世代幾何曝出契約
k* 六塊經驗錨3.5m
v3·G值0m
v3·G值3.5m
v3·J表0m
v3·J表3.5m
v3·滑池槽0m
v3·滑池槽3.5m
