============================================================================================
[P-0c 證據③] k* 合法性：J(k*)≥J(naive) 雙情境（引擎停機② by construction）
============================================================================================

── 0m ──  塊    k_naive   k*   J(naive)      J(k*)  J(k*)≥J(naive)?
          R1         3    2    55.3577    65.5805       ✅
          R2         8    8    44.9548    44.9548       ✅
          R3         7    7    44.8987    44.8987       ✅
          R4         1    1    62.3139    62.3139       ✅
          R5         6    7    43.5305    43.5305       ✅
          R6         6    6    43.3815    43.3815       ✅

── 3.5m ──  塊    k_naive   k*   J(naive)      J(k*)  J(k*)≥J(naive)?
          R1         3    1    55.3577    65.3055       ✅
          R2         8    8    19.9149    19.9149       ✅
          R3         7    7    19.8902    19.8902       ✅
          R4         1    1    62.3139    62.3139       ✅
          R5         6    7    19.2838    19.2838       ✅
          R6         6    6    43.3815    43.3815       ✅

--------------------------------------------------------------------------------------------
k* per-tag 對照（Q-S3 依據·顯示不變量破裂）：
  塊    0m    3.5m   變?
  R1      2      1   ← 變(S0d)
  R2      8      8   
  R3      7      7   
  R4      1      1   
  R5      7      7   
  R6      6      6   
--------------------------------------------------------------------------------------------
【結論】J(k*)≥J(naive) 雙情境 全 PASS ✅ ⇒ 引擎所選 k* 皆最優·per-tag 合法
        R1：0m k*=2 ／ 3.5m k*=1  ⇒ 跨情境 k* 不變係 S0d 前巧合、非設計不變量（K_STAR_EXPECT 改 per-tag）
============================================================================================
