… ownership（tab1 歸戶指紋複刻，讀 匿名版 xlsx）
    重劃區地籍 53 筆｜U_LAND 64453 筆｜失敗 0｜歸戶群組 33 組
    ✅ 靶 628-18 → G005（預期 G005）
    ✅ 靶 628-45 → G007（預期 G007）
    ✅ 靶 628 → G009（預期 G009）
    ✅ 靶 628-37 → G019（預期 G019）
    ✅ 靶 628-41 → G023（預期 G023）
    ✅ 靶 628-36 → G029（預期 G029）
… parcels：temp 126 筆｜可建築 build 61 筆｜面積交叉換位 2 對
… Step G headless（0m；v3 真值財務＋結構不變量永久閘）
[T2-DIAG] 街廓 R1｜宗數 5｜池帶 2 片｜池帶 s 寬 [0.3248  35.2780]｜池帶面積 [5.3255  1169.3067]｜Σ池 1174.6322｜覆蓋殘差 0.0000｜Σ 殘差 +0.0000｜宗-宗疊 0.0000（上界 0.6594）｜內部縫 0 帶／0.0000㎡｜退化帶 0 個｜s 域 [-0.3248,87.7155]
[T2-DIAG] 街廓 R2｜宗數 15｜池帶 1 片｜池帶 s 寬 [40.4268]｜池帶面積 [1799.3957]｜Σ池 1799.3957｜覆蓋殘差 0.0000｜Σ 殘差 -0.0000｜宗-宗疊 0.0000（上界 3.0730）｜內部縫 0 帶／0.0000㎡｜退化帶 4 個（s 寬 1.69e-10, 4.23e-11, 4.36e-10, 4.23e-11）｜s 域 [0.2677,100.0274]
[T2-DIAG] 街廓 R4｜宗數 2｜池帶 1 片｜池帶 s 寬 [37.1234]｜池帶面積 [1229.0551]｜Σ池 1229.0551｜覆蓋殘差 0.0000｜Σ 殘差 -0.0000｜宗-宗疊 0.0000（上界 0.1630）｜內部縫 0 帶／0.0000㎡｜退化帶 1 個（s 寬 1.85e-10）｜s 域 [0.1759,98.7170]
[T2-DIAG] 街廓 R6｜宗數 11｜池帶 2 片｜池帶 s 寬 [3.6068  34.0515]｜池帶面積 [85.7064  1542.9818]｜Σ池 1628.6881｜覆蓋殘差 0.0000｜Σ 殘差 -0.0000｜宗-宗疊 0.0000（上界 2.2295）｜內部縫 0 帶／0.0000㎡｜退化帶 2 個（s 寬 6.75e-11, 7.85e-11）｜s 域 [-3.6068,85.8549]
[T2-DIAG] 街廓 R5｜宗數 12｜池帶 1 片｜池帶 s 寬 [38.6193]｜池帶面積 [1766.0761]｜Σ池 1766.0761｜覆蓋殘差 0.0000｜Σ 殘差 +0.0000｜宗-宗疊 0.0000（上界 2.4772）｜內部縫 0 帶／0.0000㎡｜退化帶 1 個（s 寬 4.24e-11）｜s 域 [0.2685,92.7995]
[T2-DIAG] 街廓 R3｜宗數 14｜池帶 1 片｜池帶 s 寬 [40.5345]｜池帶面積 [1795.1667]｜Σ池 1795.1667｜覆蓋殘差 0.0001｜Σ 殘差 -0.0001｜宗-宗疊 0.0000（上界 2.8366）｜內部縫 0 帶／0.0000㎡｜退化帶 3 個（s 寬 5.57e-06, 1.70e-10, 4.24e-11）｜s 域 [-0.0000,96.8032]
… Step G headless（3.5m；v3 真值財務＋結構不變量永久閘）
[T2-DIAG] 街廓 R1｜宗數 5｜池帶 2 片｜池帶 s 寬 [0.3248  35.2678]｜池帶面積 [5.3255  1169.0674]｜Σ池 1174.3929｜覆蓋殘差 0.0000｜Σ 殘差 -0.0000｜宗-宗疊 0.0000（上界 0.6594）｜內部縫 0 帶／0.0000㎡｜退化帶 0 個｜s 域 [-0.3248,87.7155]
[T2-DIAG] 街廓 R2｜宗數 15｜池帶 2 片｜池帶 s 寬 [8.4479  32.9486]｜池帶面積 [309.0500  1465.3457]｜Σ池 1774.3957｜覆蓋殘差 0.0000｜Σ 殘差 -0.0000｜宗-宗疊 0.0000（上界 3.0730）｜內部縫 0 帶／0.0000㎡｜退化帶 2 個（s 寬 1.69e-10, 4.23e-11）｜s 域 [0.2677,100.0274]
[T2-DIAG] 街廓 R4｜宗數 2｜池帶 1 片｜池帶 s 寬 [37.1234]｜池帶面積 [1229.0551]｜Σ池 1229.0551｜覆蓋殘差 0.0000｜Σ 殘差 -0.0000｜宗-宗疊 0.0000（上界 0.1630）｜內部縫 0 帶／0.0000㎡｜退化帶 1 個（s 寬 1.85e-10）｜s 域 [0.1759,98.7170]
[T2-DIAG] 街廓 R6｜宗數 11｜池帶 2 片｜池帶 s 寬 [3.6068  34.0515]｜池帶面積 [85.7064  1542.9818]｜Σ池 1628.6881｜覆蓋殘差 0.0000｜Σ 殘差 -0.0000｜宗-宗疊 0.0000（上界 2.2295）｜內部縫 0 帶／0.0000㎡｜退化帶 2 個（s 寬 6.75e-11, 7.85e-11）｜s 域 [-3.6068,85.8549]
[T2-DIAG] 街廓 R5｜宗數 12｜池帶 2 片｜池帶 s 寬 [8.4088  31.3921]｜池帶面積 [300.5200  1440.9257]｜Σ池 1741.4457｜覆蓋殘差 0.0000｜Σ 殘差 -0.0000｜宗-宗疊 0.0000（上界 2.4772）｜內部縫 0 帶／0.0000㎡｜退化帶 1 個（s 寬 1.70e-10）｜s 域 [0.2685,92.7995]
[T2-DIAG] 街廓 R3｜宗數 14｜池帶 2 片｜池帶 s 寬 [33.0289  8.7290]｜池帶面積 [1461.2713  308.9300]｜Σ池 1770.2013｜覆蓋殘差 0.0001｜Σ 殘差 -0.0001｜宗-宗疊 0.0000（上界 2.8366）｜內部縫 0 帶／0.0000㎡｜退化帶 4 個（s 寬 5.57e-06, 4.24e-11, 4.24e-11, 1.70e-10）｜s 域 [-0.0000,96.8032]
… v3 財務接線閘（B/C 錨・中繼錨・C 兩形等價・A 逐宗全查・雙 reverse-test）
[T2-DIAG] 街廓 R1｜宗數 5｜池帶 2 片｜池帶 s 寬 [0.3248  35.3416]｜池帶面積 [5.3255  1171.4138]｜Σ池 1176.7394｜覆蓋殘差 0.0000｜Σ 殘差 -0.0000｜宗-宗疊 0.0000（上界 0.6594）｜內部縫 0 帶／0.0000㎡｜退化帶 0 個｜s 域 [-0.3248,87.7155]
[T2-DIAG] 街廓 R2｜宗數 15｜池帶 1 片｜池帶 s 寬 [40.4948]｜池帶面積 [1802.4224]｜Σ池 1802.4224｜覆蓋殘差 0.0000｜Σ 殘差 +0.0000｜宗-宗疊 0.0000（上界 3.0730）｜內部縫 0 帶／0.0000㎡｜退化帶 2 個（s 寬 3.86e-10, 4.23e-11）｜s 域 [0.2677,100.0274]
[T2-DIAG] 街廓 R4｜宗數 2｜池帶 1 片｜池帶 s 寬 [37.1958]｜池帶面積 [1231.4541]｜Σ池 1231.4541｜覆蓋殘差 0.0000｜Σ 殘差 +0.0000｜宗-宗疊 0.0000（上界 0.1630）｜內部縫 0 帶／0.0000㎡｜退化帶 1 個（s 寬 1.85e-10）｜s 域 [0.1759,98.7170]
[T2-DIAG] 街廓 R6｜宗數 11｜池帶 2 片｜池帶 s 寬 [3.6068  34.1131]｜池帶面積 [85.7064  1545.7783]｜Σ池 1631.4846｜覆蓋殘差 0.0000｜Σ 殘差 -0.0000｜宗-宗疊 0.0000（上界 2.2295）｜內部縫 0 帶／0.0000㎡｜退化帶 2 個（s 寬 1.96e-10, 7.85e-11）｜s 域 [-3.6068,85.8549]
[T2-DIAG] 街廓 R5｜宗數 12｜池帶 1 片｜池帶 s 寬 [38.6819]｜池帶面積 [1768.9314]｜Σ池 1768.9314｜覆蓋殘差 0.0000｜Σ 殘差 -0.0000｜宗-宗疊 0.0000（上界 2.4772）｜內部縫 0 帶／0.0000㎡｜退化帶 0 個｜s 域 [0.2685,92.7995]
[T2-DIAG] 街廓 R3｜宗數 14｜池帶 1 片｜池帶 s 寬 [40.5971]｜池帶面積 [1797.9403]｜Σ池 1797.9403｜覆蓋殘差 0.0001｜Σ 殘差 -0.0001｜宗-宗疊 0.0000（上界 2.8366）｜內部縫 0 帶／0.0000㎡｜退化帶 4 個（s 寬 5.57e-06, 1.70e-10, 4.49e-10, 4.24e-11）｜s 域 [-0.0000,96.8032]
[T2-DIAG] 街廓 R1｜宗數 5｜池帶 2 片｜池帶 s 寬 [0.3248  37.7885]｜池帶面積 [5.3255  1252.5158]｜Σ池 1257.8413｜覆蓋殘差 0.0000｜Σ 殘差 -0.0000｜宗-宗疊 0.0000（上界 0.6594）｜內部縫 0 帶／0.0000㎡｜退化帶 0 個｜s 域 [-0.3248,87.7155]
[T2-DIAG] 街廓 R2｜宗數 15｜池帶 1 片｜池帶 s 寬 [43.1198]｜池帶面積 [1919.2368]｜Σ池 1919.2368｜覆蓋殘差 0.0000｜Σ 殘差 -0.0000｜宗-宗疊 0.0000（上界 3.0730）｜內部縫 0 帶／0.0000㎡｜退化帶 3 個（s 寬 1.69e-10, 1.69e-10, 4.23e-11）｜s 域 [0.2677,100.0274]
[T2-DIAG] 街廓 R4｜宗數 2｜池帶 1 片｜池帶 s 寬 [39.7000]｜池帶面積 [1314.3679]｜Σ池 1314.3679｜覆蓋殘差 0.0000｜Σ 殘差 -0.0000｜宗-宗疊 0.0000（上界 0.1630）｜內部縫 0 帶／0.0000㎡｜退化帶 1 個（s 寬 1.85e-10）｜s 域 [0.1759,98.7170]
[T2-DIAG] 街廓 R6｜宗數 11｜池帶 2 片｜池帶 s 寬 [3.6068  36.4339]｜池帶面積 [85.7064  1651.0218]｜Σ池 1736.7282｜覆蓋殘差 0.0000｜Σ 殘差 +0.0000｜宗-宗疊 0.0000（上界 2.2295）｜內部縫 0 帶／0.0000㎡｜退化帶 1 個（s 寬 7.85e-11）｜s 域 [-3.6068,85.8549]
[T2-DIAG] 街廓 R5｜宗數 12｜池帶 1 片｜池帶 s 寬 [41.2289]｜池帶面積 [1885.1000]｜Σ池 1885.1000｜覆蓋殘差 0.0000｜Σ 殘差 +0.0000｜宗-宗疊 0.0000（上界 2.4772）｜內部縫 0 帶／0.0000㎡｜退化帶 1 個（s 寬 1.04e-10）｜s 域 [0.2685,92.7995]
[T2-DIAG] 街廓 R3｜宗數 14｜池帶 1 片｜池帶 s 寬 [43.2762]｜池帶面積 [1916.6323]｜Σ池 1916.6323｜覆蓋殘差 0.0001｜Σ 殘差 -0.0001｜宗-宗疊 0.0000（上界 2.8366）｜內部縫 0 帶／0.0000㎡｜退化帶 4 個（s 寬 5.57e-06, 1.27e-10, 7.85e-11, 4.24e-11）｜s 域 [-0.0000,96.8032]
… W-D.3 碎片幾何/分類/逐邊 CAD 對拍
[T2-DIAG] 街廓 R1｜宗數 5｜池帶 2 片｜池帶 s 寬 [0.3248  35.2780]｜池帶面積 [5.3255  1169.3067]｜Σ池 1174.6322｜覆蓋殘差 0.0000｜Σ 殘差 +0.0000｜宗-宗疊 0.0000（上界 0.6594）｜內部縫 0 帶／0.0000㎡｜退化帶 0 個｜s 域 [-0.3248,87.7155]
[T2-DIAG] 街廓 R2｜宗數 15｜池帶 1 片｜池帶 s 寬 [40.4268]｜池帶面積 [1799.3957]｜Σ池 1799.3957｜覆蓋殘差 0.0000｜Σ 殘差 -0.0000｜宗-宗疊 0.0000（上界 3.0730）｜內部縫 0 帶／0.0000㎡｜退化帶 4 個（s 寬 1.69e-10, 4.23e-11, 4.36e-10, 4.23e-11）｜s 域 [0.2677,100.0274]
[T2-DIAG] 街廓 R4｜宗數 2｜池帶 1 片｜池帶 s 寬 [37.1234]｜池帶面積 [1229.0551]｜Σ池 1229.0551｜覆蓋殘差 0.0000｜Σ 殘差 -0.0000｜宗-宗疊 0.0000（上界 0.1630）｜內部縫 0 帶／0.0000㎡｜退化帶 1 個（s 寬 1.85e-10）｜s 域 [0.1759,98.7170]
[T2-DIAG] 街廓 R6｜宗數 11｜池帶 2 片｜池帶 s 寬 [3.6068  34.0515]｜池帶面積 [85.7064  1542.9818]｜Σ池 1628.6881｜覆蓋殘差 0.0000｜Σ 殘差 -0.0000｜宗-宗疊 0.0000（上界 2.2295）｜內部縫 0 帶／0.0000㎡｜退化帶 2 個（s 寬 6.75e-11, 7.85e-11）｜s 域 [-3.6068,85.8549]
[T2-DIAG] 街廓 R5｜宗數 12｜池帶 1 片｜池帶 s 寬 [38.6193]｜池帶面積 [1766.0761]｜Σ池 1766.0761｜覆蓋殘差 0.0000｜Σ 殘差 +0.0000｜宗-宗疊 0.0000（上界 2.4772）｜內部縫 0 帶／0.0000㎡｜退化帶 1 個（s 寬 4.24e-11）｜s 域 [0.2685,92.7995]
[T2-DIAG] 街廓 R3｜宗數 14｜池帶 1 片｜池帶 s 寬 [40.5345]｜池帶面積 [1795.1667]｜Σ池 1795.1667｜覆蓋殘差 0.0001｜Σ 殘差 -0.0001｜宗-宗疊 0.0000（上界 2.8366）｜內部縫 0 帶／0.0000㎡｜退化帶 3 個（s 寬 5.57e-06, 1.70e-10, 4.24e-11）｜s 域 [-0.0000,96.8032]
[T2-DIAG] 街廓 R1｜宗數 5｜池帶 2 片｜池帶 s 寬 [0.3248  35.2678]｜池帶面積 [5.3255  1169.0674]｜Σ池 1174.3929｜覆蓋殘差 0.0000｜Σ 殘差 -0.0000｜宗-宗疊 0.0000（上界 0.6594）｜內部縫 0 帶／0.0000㎡｜退化帶 0 個｜s 域 [-0.3248,87.7155]
[T2-DIAG] 街廓 R2｜宗數 15｜池帶 2 片｜池帶 s 寬 [8.4479  32.9486]｜池帶面積 [309.0500  1465.3457]｜Σ池 1774.3957｜覆蓋殘差 0.0000｜Σ 殘差 -0.0000｜宗-宗疊 0.0000（上界 3.0730）｜內部縫 0 帶／0.0000㎡｜退化帶 2 個（s 寬 1.69e-10, 4.23e-11）｜s 域 [0.2677,100.0274]
[T2-DIAG] 街廓 R4｜宗數 2｜池帶 1 片｜池帶 s 寬 [37.1234]｜池帶面積 [1229.0551]｜Σ池 1229.0551｜覆蓋殘差 0.0000｜Σ 殘差 -0.0000｜宗-宗疊 0.0000（上界 0.1630）｜內部縫 0 帶／0.0000㎡｜退化帶 1 個（s 寬 1.85e-10）｜s 域 [0.1759,98.7170]
[T2-DIAG] 街廓 R6｜宗數 11｜池帶 2 片｜池帶 s 寬 [3.6068  34.0515]｜池帶面積 [85.7064  1542.9818]｜Σ池 1628.6881｜覆蓋殘差 0.0000｜Σ 殘差 -0.0000｜宗-宗疊 0.0000（上界 2.2295）｜內部縫 0 帶／0.0000㎡｜退化帶 2 個（s 寬 6.75e-11, 7.85e-11）｜s 域 [-3.6068,85.8549]
[T2-DIAG] 街廓 R5｜宗數 12｜池帶 2 片｜池帶 s 寬 [8.4088  31.3921]｜池帶面積 [300.5200  1440.9257]｜Σ池 1741.4457｜覆蓋殘差 0.0000｜Σ 殘差 -0.0000｜宗-宗疊 0.0000（上界 2.4772）｜內部縫 0 帶／0.0000㎡｜退化帶 1 個（s 寬 1.70e-10）｜s 域 [0.2685,92.7995]
[T2-DIAG] 街廓 R3｜宗數 14｜池帶 2 片｜池帶 s 寬 [33.0289  8.7290]｜池帶面積 [1461.2713  308.9300]｜Σ池 1770.2013｜覆蓋殘差 0.0001｜Σ 殘差 -0.0001｜宗-宗疊 0.0000（上界 2.8366）｜內部縫 0 帶／0.0000㎡｜退化帶 4 個（s 寬 5.57e-06, 4.24e-11, 4.24e-11, 1.70e-10）｜s 域 [-0.0000,96.8032]
… W-D.4 四梯分級清單（Gxxx 群組·31 旗標消費·遞補錨·fixture·v3 半實算）
[T2-DIAG] 街廓 R1｜宗數 5｜池帶 2 片｜池帶 s 寬 [0.3248  35.2780]｜池帶面積 [5.3255  1169.3067]｜Σ池 1174.6322｜覆蓋殘差 0.0000｜Σ 殘差 +0.0000｜宗-宗疊 0.0000（上界 0.6594）｜內部縫 0 帶／0.0000㎡｜退化帶 0 個｜s 域 [-0.3248,87.7155]
[T2-DIAG] 街廓 R2｜宗數 15｜池帶 1 片｜池帶 s 寬 [40.4268]｜池帶面積 [1799.3957]｜Σ池 1799.3957｜覆蓋殘差 0.0000｜Σ 殘差 -0.0000｜宗-宗疊 0.0000（上界 3.0730）｜內部縫 0 帶／0.0000㎡｜退化帶 4 個（s 寬 1.69e-10, 4.23e-11, 4.36e-10, 4.23e-11）｜s 域 [0.2677,100.0274]
[T2-DIAG] 街廓 R4｜宗數 2｜池帶 1 片｜池帶 s 寬 [37.1234]｜池帶面積 [1229.0551]｜Σ池 1229.0551｜覆蓋殘差 0.0000｜Σ 殘差 -0.0000｜宗-宗疊 0.0000（上界 0.1630）｜內部縫 0 帶／0.0000㎡｜退化帶 1 個（s 寬 1.85e-10）｜s 域 [0.1759,98.7170]
[T2-DIAG] 街廓 R6｜宗數 11｜池帶 2 片｜池帶 s 寬 [3.6068  34.0515]｜池帶面積 [85.7064  1542.9818]｜Σ池 1628.6881｜覆蓋殘差 0.0000｜Σ 殘差 -0.0000｜宗-宗疊 0.0000（上界 2.2295）｜內部縫 0 帶／0.0000㎡｜退化帶 2 個（s 寬 6.75e-11, 7.85e-11）｜s 域 [-3.6068,85.8549]
[T2-DIAG] 街廓 R5｜宗數 12｜池帶 1 片｜池帶 s 寬 [38.6193]｜池帶面積 [1766.0761]｜Σ池 1766.0761｜覆蓋殘差 0.0000｜Σ 殘差 +0.0000｜宗-宗疊 0.0000（上界 2.4772）｜內部縫 0 帶／0.0000㎡｜退化帶 1 個（s 寬 4.24e-11）｜s 域 [0.2685,92.7995]
[T2-DIAG] 街廓 R3｜宗數 14｜池帶 1 片｜池帶 s 寬 [40.5345]｜池帶面積 [1795.1667]｜Σ池 1795.1667｜覆蓋殘差 0.0001｜Σ 殘差 -0.0001｜宗-宗疊 0.0000（上界 2.8366）｜內部縫 0 帶／0.0000㎡｜退化帶 3 個（s 寬 5.57e-06, 1.70e-10, 4.24e-11）｜s 域 [-0.0000,96.8032]
[T2-DIAG] 街廓 R1｜宗數 5｜池帶 2 片｜池帶 s 寬 [0.3248  35.2678]｜池帶面積 [5.3255  1169.0674]｜Σ池 1174.3929｜覆蓋殘差 0.0000｜Σ 殘差 -0.0000｜宗-宗疊 0.0000（上界 0.6594）｜內部縫 0 帶／0.0000㎡｜退化帶 0 個｜s 域 [-0.3248,87.7155]
[T2-DIAG] 街廓 R2｜宗數 15｜池帶 2 片｜池帶 s 寬 [8.4479  32.9486]｜池帶面積 [309.0500  1465.3457]｜Σ池 1774.3957｜覆蓋殘差 0.0000｜Σ 殘差 -0.0000｜宗-宗疊 0.0000（上界 3.0730）｜內部縫 0 帶／0.0000㎡｜退化帶 2 個（s 寬 1.69e-10, 4.23e-11）｜s 域 [0.2677,100.0274]
[T2-DIAG] 街廓 R4｜宗數 2｜池帶 1 片｜池帶 s 寬 [37.1234]｜池帶面積 [1229.0551]｜Σ池 1229.0551｜覆蓋殘差 0.0000｜Σ 殘差 -0.0000｜宗-宗疊 0.0000（上界 0.1630）｜內部縫 0 帶／0.0000㎡｜退化帶 1 個（s 寬 1.85e-10）｜s 域 [0.1759,98.7170]
[T2-DIAG] 街廓 R6｜宗數 11｜池帶 2 片｜池帶 s 寬 [3.6068  34.0515]｜池帶面積 [85.7064  1542.9818]｜Σ池 1628.6881｜覆蓋殘差 0.0000｜Σ 殘差 -0.0000｜宗-宗疊 0.0000（上界 2.2295）｜內部縫 0 帶／0.0000㎡｜退化帶 2 個（s 寬 6.75e-11, 7.85e-11）｜s 域 [-3.6068,85.8549]
[T2-DIAG] 街廓 R5｜宗數 12｜池帶 2 片｜池帶 s 寬 [8.4088  31.3921]｜池帶面積 [300.5200  1440.9257]｜Σ池 1741.4457｜覆蓋殘差 0.0000｜Σ 殘差 -0.0000｜宗-宗疊 0.0000（上界 2.4772）｜內部縫 0 帶／0.0000㎡｜退化帶 1 個（s 寬 1.70e-10）｜s 域 [0.2685,92.7995]
[T2-DIAG] 街廓 R3｜宗數 14｜池帶 2 片｜池帶 s 寬 [33.0289  8.7290]｜池帶面積 [1461.2713  308.9300]｜Σ池 1770.2013｜覆蓋殘差 0.0001｜Σ 殘差 -0.0001｜宗-宗疊 0.0000（上界 2.8366）｜內部縫 0 帶／0.0000㎡｜退化帶 4 個（s 寬 5.57e-06, 4.24e-11, 4.24e-11, 1.70e-10）｜s 域 [-0.0000,96.8032]
[T2-DIAG] 街廓 R1｜宗數 5｜池帶 2 片｜池帶 s 寬 [0.3248  35.2780]｜池帶面積 [5.3255  1169.3067]｜Σ池 1174.6322｜覆蓋殘差 0.0000｜Σ 殘差 +0.0000｜宗-宗疊 0.0000（上界 0.6594）｜內部縫 0 帶／0.0000㎡｜退化帶 0 個｜s 域 [-0.3248,87.7155]
[T2-DIAG] 街廓 R2｜宗數 15｜池帶 1 片｜池帶 s 寬 [40.4268]｜池帶面積 [1799.3957]｜Σ池 1799.3957｜覆蓋殘差 0.0000｜Σ 殘差 -0.0000｜宗-宗疊 0.0000（上界 3.0730）｜內部縫 0 帶／0.0000㎡｜退化帶 4 個（s 寬 1.69e-10, 4.23e-11, 4.36e-10, 4.23e-11）｜s 域 [0.2677,100.0274]
[T2-DIAG] 街廓 R4｜宗數 2｜池帶 1 片｜池帶 s 寬 [37.1234]｜池帶面積 [1229.0551]｜Σ池 1229.0551｜覆蓋殘差 0.0000｜Σ 殘差 -0.0000｜宗-宗疊 0.0000（上界 0.1630）｜內部縫 0 帶／0.0000㎡｜退化帶 1 個（s 寬 1.85e-10）｜s 域 [0.1759,98.7170]
[T2-DIAG] 街廓 R6｜宗數 11｜池帶 2 片｜池帶 s 寬 [3.6068  34.0515]｜池帶面積 [85.7064  1542.9818]｜Σ池 1628.6881｜覆蓋殘差 0.0000｜Σ 殘差 -0.0000｜宗-宗疊 0.0000（上界 2.2295）｜內部縫 0 帶／0.0000㎡｜退化帶 2 個（s 寬 6.75e-11, 7.85e-11）｜s 域 [-3.6068,85.8549]
[T2-DIAG] 街廓 R5｜宗數 12｜池帶 1 片｜池帶 s 寬 [38.6193]｜池帶面積 [1766.0761]｜Σ池 1766.0761｜覆蓋殘差 0.0000｜Σ 殘差 +0.0000｜宗-宗疊 0.0000（上界 2.4772）｜內部縫 0 帶／0.0000㎡｜退化帶 1 個（s 寬 4.24e-11）｜s 域 [0.2685,92.7995]
[T2-DIAG] 街廓 R3｜宗數 14｜池帶 1 片｜池帶 s 寬 [40.5345]｜池帶面積 [1795.1667]｜Σ池 1795.1667｜覆蓋殘差 0.0001｜Σ 殘差 -0.0001｜宗-宗疊 0.0000（上界 2.8366）｜內部縫 0 帶／0.0000㎡｜退化帶 3 個（s 寬 5.57e-06, 1.70e-10, 4.24e-11）｜s 域 [-0.0000,96.8032]
[T2-DIAG] 街廓 R1｜宗數 5｜池帶 2 片｜池帶 s 寬 [0.3248  35.2678]｜池帶面積 [5.3255  1169.0674]｜Σ池 1174.3929｜覆蓋殘差 0.0000｜Σ 殘差 -0.0000｜宗-宗疊 0.0000（上界 0.6594）｜內部縫 0 帶／0.0000㎡｜退化帶 0 個｜s 域 [-0.3248,87.7155]
[T2-DIAG] 街廓 R2｜宗數 15｜池帶 2 片｜池帶 s 寬 [8.4479  32.9486]｜池帶面積 [309.0500  1465.3457]｜Σ池 1774.3957｜覆蓋殘差 0.0000｜Σ 殘差 -0.0000｜宗-宗疊 0.0000（上界 3.0730）｜內部縫 0 帶／0.0000㎡｜退化帶 2 個（s 寬 1.69e-10, 4.23e-11）｜s 域 [0.2677,100.0274]
[T2-DIAG] 街廓 R4｜宗數 2｜池帶 1 片｜池帶 s 寬 [37.1234]｜池帶面積 [1229.0551]｜Σ池 1229.0551｜覆蓋殘差 0.0000｜Σ 殘差 -0.0000｜宗-宗疊 0.0000（上界 0.1630）｜內部縫 0 帶／0.0000㎡｜退化帶 1 個（s 寬 1.85e-10）｜s 域 [0.1759,98.7170]
[T2-DIAG] 街廓 R6｜宗數 11｜池帶 2 片｜池帶 s 寬 [3.6068  34.0515]｜池帶面積 [85.7064  1542.9818]｜Σ池 1628.6881｜覆蓋殘差 0.0000｜Σ 殘差 -0.0000｜宗-宗疊 0.0000（上界 2.2295）｜內部縫 0 帶／0.0000㎡｜退化帶 2 個（s 寬 6.75e-11, 7.85e-11）｜s 域 [-3.6068,85.8549]
[T2-DIAG] 街廓 R5｜宗數 12｜池帶 2 片｜池帶 s 寬 [8.4088  31.3921]｜池帶面積 [300.5200  1440.9257]｜Σ池 1741.4457｜覆蓋殘差 0.0000｜Σ 殘差 -0.0000｜宗-宗疊 0.0000（上界 2.4772）｜內部縫 0 帶／0.0000㎡｜退化帶 1 個（s 寬 1.70e-10）｜s 域 [0.2685,92.7995]
[T2-DIAG] 街廓 R3｜宗數 14｜池帶 2 片｜池帶 s 寬 [33.0289  8.7290]｜池帶面積 [1461.2713  308.9300]｜Σ池 1770.2013｜覆蓋殘差 0.0001｜Σ 殘差 -0.0001｜宗-宗疊 0.0000（上界 2.8366）｜內部縫 0 帶／0.0000㎡｜退化帶 4 個（s 寬 5.57e-06, 4.24e-11, 4.24e-11, 1.70e-10）｜s 域 [-0.0000,96.8032]
[T2-DIAG] 街廓 R1｜宗數 5｜池帶 2 片｜池帶 s 寬 [0.3248  35.2780]｜池帶面積 [5.3255  1169.3067]｜Σ池 1174.6322｜覆蓋殘差 0.0000｜Σ 殘差 +0.0000｜宗-宗疊 0.0000（上界 0.6594）｜內部縫 0 帶／0.0000㎡｜退化帶 0 個｜s 域 [-0.3248,87.7155]
[T2-DIAG] 街廓 R2｜宗數 15｜池帶 1 片｜池帶 s 寬 [40.4268]｜池帶面積 [1799.3957]｜Σ池 1799.3957｜覆蓋殘差 0.0000｜Σ 殘差 -0.0000｜宗-宗疊 0.0000（上界 3.0730）｜內部縫 0 帶／0.0000㎡｜退化帶 4 個（s 寬 1.69e-10, 4.23e-11, 4.36e-10, 4.23e-11）｜s 域 [0.2677,100.0274]
[T2-DIAG] 街廓 R4｜宗數 2｜池帶 1 片｜池帶 s 寬 [37.1234]｜池帶面積 [1229.0551]｜Σ池 1229.0551｜覆蓋殘差 0.0000｜Σ 殘差 -0.0000｜宗-宗疊 0.0000（上界 0.1630）｜內部縫 0 帶／0.0000㎡｜退化帶 1 個（s 寬 1.85e-10）｜s 域 [0.1759,98.7170]
[T2-DIAG] 街廓 R6｜宗數 11｜池帶 2 片｜池帶 s 寬 [3.6068  34.0515]｜池帶面積 [85.7064  1542.9818]｜Σ池 1628.6881｜覆蓋殘差 0.0000｜Σ 殘差 -0.0000｜宗-宗疊 0.0000（上界 2.2295）｜內部縫 0 帶／0.0000㎡｜退化帶 2 個（s 寬 6.75e-11, 7.85e-11）｜s 域 [-3.6068,85.8549]
[T2-DIAG] 街廓 R5｜宗數 12｜池帶 1 片｜池帶 s 寬 [38.6193]｜池帶面積 [1766.0761]｜Σ池 1766.0761｜覆蓋殘差 0.0000｜Σ 殘差 +0.0000｜宗-宗疊 0.0000（上界 2.4772）｜內部縫 0 帶／0.0000㎡｜退化帶 1 個（s 寬 4.24e-11）｜s 域 [0.2685,92.7995]
[T2-DIAG] 街廓 R3｜宗數 14｜池帶 1 片｜池帶 s 寬 [40.5345]｜池帶面積 [1795.1667]｜Σ池 1795.1667｜覆蓋殘差 0.0001｜Σ 殘差 -0.0001｜宗-宗疊 0.0000（上界 2.8366）｜內部縫 0 帶／0.0000㎡｜退化帶 3 個（s 寬 5.57e-06, 1.70e-10, 4.24e-11）｜s 域 [-0.0000,96.8032]
[T2-DIAG] 街廓 R1｜宗數 5｜池帶 2 片｜池帶 s 寬 [0.3248  35.2678]｜池帶面積 [5.3255  1169.0674]｜Σ池 1174.3929｜覆蓋殘差 0.0000｜Σ 殘差 -0.0000｜宗-宗疊 0.0000（上界 0.6594）｜內部縫 0 帶／0.0000㎡｜退化帶 0 個｜s 域 [-0.3248,87.7155]
[T2-DIAG] 街廓 R2｜宗數 15｜池帶 2 片｜池帶 s 寬 [8.4479  32.9486]｜池帶面積 [309.0500  1465.3457]｜Σ池 1774.3957｜覆蓋殘差 0.0000｜Σ 殘差 -0.0000｜宗-宗疊 0.0000（上界 3.0730）｜內部縫 0 帶／0.0000㎡｜退化帶 2 個（s 寬 1.69e-10, 4.23e-11）｜s 域 [0.2677,100.0274]
[T2-DIAG] 街廓 R4｜宗數 2｜池帶 1 片｜池帶 s 寬 [37.1234]｜池帶面積 [1229.0551]｜Σ池 1229.0551｜覆蓋殘差 0.0000｜Σ 殘差 -0.0000｜宗-宗疊 0.0000（上界 0.1630）｜內部縫 0 帶／0.0000㎡｜退化帶 1 個（s 寬 1.85e-10）｜s 域 [0.1759,98.7170]
[T2-DIAG] 街廓 R6｜宗數 11｜池帶 2 片｜池帶 s 寬 [3.6068  34.0515]｜池帶面積 [85.7064  1542.9818]｜Σ池 1628.6881｜覆蓋殘差 0.0000｜Σ 殘差 -0.0000｜宗-宗疊 0.0000（上界 2.2295）｜內部縫 0 帶／0.0000㎡｜退化帶 2 個（s 寬 6.75e-11, 7.85e-11）｜s 域 [-3.6068,85.8549]
[T2-DIAG] 街廓 R5｜宗數 12｜池帶 2 片｜池帶 s 寬 [8.4088  31.3921]｜池帶面積 [300.5200  1440.9257]｜Σ池 1741.4457｜覆蓋殘差 0.0000｜Σ 殘差 -0.0000｜宗-宗疊 0.0000（上界 2.4772）｜內部縫 0 帶／0.0000㎡｜退化帶 1 個（s 寬 1.70e-10）｜s 域 [0.2685,92.7995]
[T2-DIAG] 街廓 R3｜宗數 14｜池帶 2 片｜池帶 s 寬 [33.0289  8.7290]｜池帶面積 [1461.2713  308.9300]｜Σ池 1770.2013｜覆蓋殘差 0.0001｜Σ 殘差 -0.0001｜宗-宗疊 0.0000（上界 2.8366）｜內部縫 0 帶／0.0000㎡｜退化帶 4 個（s 寬 5.57e-06, 4.24e-11, 4.24e-11, 1.70e-10）｜s 域 [-0.0000,96.8032]
[T2-DIAG] 街廓 R1｜宗數 5｜池帶 2 片｜池帶 s 寬 [0.3248  35.2780]｜池帶面積 [5.3255  1169.3067]｜Σ池 1174.6322｜覆蓋殘差 0.0000｜Σ 殘差 +0.0000｜宗-宗疊 0.0000（上界 0.6594）｜內部縫 0 帶／0.0000㎡｜退化帶 0 個｜s 域 [-0.3248,87.7155]
[T2-DIAG] 街廓 R2｜宗數 15｜池帶 1 片｜池帶 s 寬 [40.4268]｜池帶面積 [1799.3957]｜Σ池 1799.3957｜覆蓋殘差 0.0000｜Σ 殘差 -0.0000｜宗-宗疊 0.0000（上界 3.0730）｜內部縫 0 帶／0.0000㎡｜退化帶 4 個（s 寬 1.69e-10, 4.23e-11, 4.36e-10, 4.23e-11）｜s 域 [0.2677,100.0274]
[T2-DIAG] 街廓 R4｜宗數 2｜池帶 1 片｜池帶 s 寬 [37.1234]｜池帶面積 [1229.0551]｜Σ池 1229.0551｜覆蓋殘差 0.0000｜Σ 殘差 -0.0000｜宗-宗疊 0.0000（上界 0.1630）｜內部縫 0 帶／0.0000㎡｜退化帶 1 個（s 寬 1.85e-10）｜s 域 [0.1759,98.7170]
[T2-DIAG] 街廓 R6｜宗數 11｜池帶 2 片｜池帶 s 寬 [3.6068  34.0515]｜池帶面積 [85.7064  1542.9818]｜Σ池 1628.6881｜覆蓋殘差 0.0000｜Σ 殘差 -0.0000｜宗-宗疊 0.0000（上界 2.2295）｜內部縫 0 帶／0.0000㎡｜退化帶 2 個（s 寬 6.75e-11, 7.85e-11）｜s 域 [-3.6068,85.8549]
[T2-DIAG] 街廓 R5｜宗數 12｜池帶 1 片｜池帶 s 寬 [38.6193]｜池帶面積 [1766.0761]｜Σ池 1766.0761｜覆蓋殘差 0.0000｜Σ 殘差 +0.0000｜宗-宗疊 0.0000（上界 2.4772）｜內部縫 0 帶／0.0000㎡｜退化帶 1 個（s 寬 4.24e-11）｜s 域 [0.2685,92.7995]
[T2-DIAG] 街廓 R3｜宗數 14｜池帶 1 片｜池帶 s 寬 [40.5345]｜池帶面積 [1795.1667]｜Σ池 1795.1667｜覆蓋殘差 0.0001｜Σ 殘差 -0.0001｜宗-宗疊 0.0000（上界 2.8366）｜內部縫 0 帶／0.0000㎡｜退化帶 3 個（s 寬 5.57e-06, 1.70e-10, 4.24e-11）｜s 域 [-0.0000,96.8032]
[T2-DIAG] 街廓 R1｜宗數 5｜池帶 2 片｜池帶 s 寬 [0.3248  35.2678]｜池帶面積 [5.3255  1169.0674]｜Σ池 1174.3929｜覆蓋殘差 0.0000｜Σ 殘差 -0.0000｜宗-宗疊 0.0000（上界 0.6594）｜內部縫 0 帶／0.0000㎡｜退化帶 0 個｜s 域 [-0.3248,87.7155]
[T2-DIAG] 街廓 R2｜宗數 15｜池帶 2 片｜池帶 s 寬 [8.4479  32.9486]｜池帶面積 [309.0500  1465.3457]｜Σ池 1774.3957｜覆蓋殘差 0.0000｜Σ 殘差 -0.0000｜宗-宗疊 0.0000（上界 3.0730）｜內部縫 0 帶／0.0000㎡｜退化帶 2 個（s 寬 1.69e-10, 4.23e-11）｜s 域 [0.2677,100.0274]
[T2-DIAG] 街廓 R4｜宗數 2｜池帶 1 片｜池帶 s 寬 [37.1234]｜池帶面積 [1229.0551]｜Σ池 1229.0551｜覆蓋殘差 0.0000｜Σ 殘差 -0.0000｜宗-宗疊 0.0000（上界 0.1630）｜內部縫 0 帶／0.0000㎡｜退化帶 1 個（s 寬 1.85e-10）｜s 域 [0.1759,98.7170]
[T2-DIAG] 街廓 R6｜宗數 11｜池帶 2 片｜池帶 s 寬 [3.6068  34.0515]｜池帶面積 [85.7064  1542.9818]｜Σ池 1628.6881｜覆蓋殘差 0.0000｜Σ 殘差 -0.0000｜宗-宗疊 0.0000（上界 2.2295）｜內部縫 0 帶／0.0000㎡｜退化帶 2 個（s 寬 6.75e-11, 7.85e-11）｜s 域 [-3.6068,85.8549]
[T2-DIAG] 街廓 R5｜宗數 12｜池帶 2 片｜池帶 s 寬 [8.4088  31.3921]｜池帶面積 [300.5200  1440.9257]｜Σ池 1741.4457｜覆蓋殘差 0.0000｜Σ 殘差 -0.0000｜宗-宗疊 0.0000（上界 2.4772）｜內部縫 0 帶／0.0000㎡｜退化帶 1 個（s 寬 1.70e-10）｜s 域 [0.2685,92.7995]
[T2-DIAG] 街廓 R3｜宗數 14｜池帶 2 片｜池帶 s 寬 [33.0289  8.7290]｜池帶面積 [1461.2713  308.9300]｜Σ池 1770.2013｜覆蓋殘差 0.0001｜Σ 殘差 -0.0001｜宗-宗疊 0.0000（上界 2.8366）｜內部縫 0 帶／0.0000㎡｜退化帶 4 個（s 寬 5.57e-06, 4.24e-11, 4.24e-11, 1.70e-10）｜s 域 [-0.0000,96.8032]
… W-F F.0（級0/0' 合併＋梯3 釋池；trunk B 終態）
[T2-DIAG] 街廓 R1｜宗數 5｜池帶 2 片｜池帶 s 寬 [0.3248  35.2780]｜池帶面積 [5.3255  1169.3067]｜Σ池 1174.6322｜覆蓋殘差 0.0000｜Σ 殘差 +0.0000｜宗-宗疊 0.0000（上界 0.6594）｜內部縫 0 帶／0.0000㎡｜退化帶 0 個｜s 域 [-0.3248,87.7155]
[T2-DIAG] 街廓 R2｜宗數 13｜池帶 1 片｜池帶 s 寬 [41.1138]｜池帶面積 [1830.1152]｜Σ池 1830.1152｜覆蓋殘差 0.0000｜Σ 殘差 +0.0000｜宗-宗疊 0.0000（上界 2.6340）｜內部縫 0 帶／0.0000㎡｜退化帶 3 個（s 寬 9.09e-12, 1.69e-10, 4.23e-11）｜s 域 [0.2677,100.0274]
[T2-DIAG] 街廓 R4｜宗數 2｜池帶 1 片｜池帶 s 寬 [37.1234]｜池帶面積 [1229.0551]｜Σ池 1229.0551｜覆蓋殘差 0.0000｜Σ 殘差 -0.0000｜宗-宗疊 0.0000（上界 0.1630）｜內部縫 0 帶／0.0000㎡｜退化帶 1 個（s 寬 1.85e-10）｜s 域 [0.1759,98.7170]
[T2-DIAG] 街廓 R5｜宗數 9｜池帶 1 片｜池帶 s 寬 [38.6564]｜池帶面積 [1767.7384]｜Σ池 1767.7384｜覆蓋殘差 0.0000｜Σ 殘差 -0.0000｜宗-宗疊 0.0000（上界 1.8016）｜內部縫 0 帶／0.0000㎡｜退化帶 1 個（s 寬 4.42e-10）｜s 域 [0.2685,92.7995]
[T2-DIAG] 街廓 R3｜宗數 10｜池帶 1 片｜池帶 s 寬 [41.1449]｜池帶面積 [1822.3504]｜Σ池 1822.3504｜覆蓋殘差 0.0001｜Σ 殘差 -0.0001｜宗-宗疊 0.0000（上界 1.9638）｜內部縫 0 帶／0.0000㎡｜退化帶 4 個（s 寬 5.57e-06, 1.70e-10, 4.49e-10, 4.24e-11）｜s 域 [-0.0000,96.8032]
[T2-DIAG] 街廓 R6｜宗數 7｜池帶 2 片｜池帶 s 寬 [3.6068  34.0581]｜池帶面積 [85.7064  1543.2766]｜Σ池 1628.9830｜覆蓋殘差 0.0000｜Σ 殘差 -0.0000｜宗-宗疊 0.0000（上界 1.3377）｜內部縫 0 帶／0.0000㎡｜退化帶 1 個（s 寬 7.85e-11）｜s 域 [-3.6068,85.8549]
⚠️ [WV_BAKE] 六格錨異：G007 G(Σa)=359.43 ≠ 錨 362.08（0m）
⚠️ [WV_BAKE] 六格錨異：G010 G(Σa)=293.72 ≠ 錨 294.81（0m）
⚠️ [WV_BAKE] 六格錨異：G014 G(Σa)=127.05 ≠ 錨 127.06（0m）
[T2-DIAG] 街廓 R1｜宗數 5｜池帶 2 片｜池帶 s 寬 [0.3248  35.2678]｜池帶面積 [5.3255  1169.0674]｜Σ池 1174.3929｜覆蓋殘差 0.0000｜Σ 殘差 -0.0000｜宗-宗疊 0.0000（上界 0.6594）｜內部縫 0 帶／0.0000㎡｜退化帶 0 個｜s 域 [-0.3248,87.7155]
[T2-DIAG] 街廓 R2｜宗數 13｜池帶 2 片｜池帶 s 寬 [8.4479  33.6367]｜池帶面積 [309.0500  1496.0604]｜Σ池 1805.1104｜覆蓋殘差 0.0000｜Σ 殘差 -0.0000｜宗-宗疊 0.0000（上界 2.6340）｜內部縫 0 帶／0.0000㎡｜退化帶 1 個（s 寬 4.23e-11）｜s 域 [0.2677,100.0274]
[T2-DIAG] 街廓 R4｜宗數 2｜池帶 1 片｜池帶 s 寬 [37.1234]｜池帶面積 [1229.0551]｜Σ池 1229.0551｜覆蓋殘差 0.0000｜Σ 殘差 -0.0000｜宗-宗疊 0.0000（上界 0.1630）｜內部縫 0 帶／0.0000㎡｜退化帶 1 個（s 寬 1.85e-10）｜s 域 [0.1759,98.7170]
[T2-DIAG] 街廓 R5｜宗數 9｜池帶 2 片｜池帶 s 寬 [8.4088  31.4284]｜池帶面積 [300.5200  1442.5681]｜Σ池 1743.0881｜覆蓋殘差 0.0000｜Σ 殘差 -0.0000｜宗-宗疊 0.0000（上界 1.8016）｜內部縫 0 帶／0.0000㎡｜退化帶 2 個（s 寬 1.70e-10, 2.12e-10）｜s 域 [0.2685,92.7995]
[T2-DIAG] 街廓 R3｜宗數 10｜池帶 2 片｜池帶 s 寬 [33.6418  8.7290]｜池帶面積 [1488.5113  308.9300]｜Σ池 1797.4413｜覆蓋殘差 0.0001｜Σ 殘差 -0.0001｜宗-宗疊 0.0000（上界 1.9638）｜內部縫 0 帶／0.0000㎡｜退化帶 3 個（s 寬 5.57e-06, 4.24e-11, 1.70e-10）｜s 域 [-0.0000,96.8032]
[T2-DIAG] 街廓 R6｜宗數 7｜池帶 2 片｜池帶 s 寬 [3.6068  34.0581]｜池帶面積 [85.7064  1543.2766]｜Σ池 1628.9830｜覆蓋殘差 0.0000｜Σ 殘差 -0.0000｜宗-宗疊 0.0000（上界 1.3377）｜內部縫 0 帶／0.0000㎡｜退化帶 1 個（s 寬 7.85e-11）｜s 域 [-3.6068,85.8549]
⚠️ [WV_BAKE] 六格錨異：G007 G(Σa)=369.41 ≠ 錨 369.05（3.5m）
⚠️ [WV_BAKE] 六格錨異：G010 G(Σa)=298.61 ≠ 錨 298.63（3.5m）
⚠️ [WV_BAKE] 六格錨異：G014 G(Σa)=129.20 ≠ 錨 129.21（3.5m）
… W-F F.1（R1 楔形等 G 吞納＋前移；R3/R6 標記待 F.4）
[T2-DIAG] 街廓 R1·F.1[0m]｜宗數 5｜池帶 1 片｜池帶 s 寬 [35.4386]｜池帶面積 [1174.6304]｜Σ池 1174.6304｜覆蓋殘差 0.0000｜Σ 殘差 -0.0000｜宗-宗疊 0.0000（上界 0.6594）｜內部縫 0 帶／0.0000㎡｜退化帶 0 個｜s 域 [-0.3248,87.7155]
[T2-DIAG] 街廓 R1·F.1[3.5m]｜宗數 5｜池帶 1 片｜池帶 s 寬 [35.4285]｜池帶面積 [1174.3954]｜Σ池 1174.3954｜覆蓋殘差 0.0000｜Σ 殘差 +0.0000｜宗-宗疊 0.0000（上界 0.6594）｜內部縫 0 帶／0.0000㎡｜退化帶 0 個｜s 域 [-0.3248,87.7155]
… W-F F.2（跨街廓搬 a′ 模式一；五群 G009/G001/G021/G026/G027）
[T2-DIAG] 街廓 R1｜宗數 4｜池帶 2 片｜池帶 s 寬 [0.3248  36.2387]｜池帶面積 [5.3255  1201.1159]｜Σ池 1206.4414｜覆蓋殘差 0.0000｜Σ 殘差 -0.0000｜宗-宗疊 0.0000（上界 0.4945）｜內部縫 0 帶／0.0000㎡｜退化帶 0 個｜s 域 [-0.3248,87.7155]
[T2-DIAG] 街廓 R4｜宗數 2｜池帶 1 片｜池帶 s 寬 [26.5650]｜池帶面積 [879.4576]｜Σ池 879.4576｜覆蓋殘差 0.0000｜Σ 殘差 -0.0000｜宗-宗疊 0.0000（上界 0.1630）｜內部縫 0 帶／0.0000㎡｜退化帶 1 個（s 寬 1.85e-10）｜s 域 [0.1759,98.7170]
[T2-DIAG] 街廓 R6｜宗數 6｜池帶 2 片｜池帶 s 寬 [3.6068  37.3673]｜池帶面積 [85.7064  1696.3117]｜Σ池 1782.0181｜覆蓋殘差 0.0000｜Σ 殘差 -0.0000｜宗-宗疊 0.0000（上界 1.1148）｜內部縫 0 帶／0.0000㎡｜退化帶 1 個（s 寬 7.85e-11）｜s 域 [-3.6068,85.8549]
[T2-DIAG] 街廓 R5｜宗數 6｜池帶 1 片｜池帶 s 寬 [42.5700]｜池帶面積 [1929.4266]｜Σ池 1929.4266｜覆蓋殘差 0.0000｜Σ 殘差 +0.0000｜宗-宗疊 0.0000（上界 1.1260）｜內部縫 0 帶／0.0000㎡｜退化帶 0 個｜s 域 [0.2685,92.7995]
[T2-DIAG] 街廓 R2｜宗數 12｜池帶 1 片｜池帶 s 寬 [40.0693]｜池帶面積 [1783.7289]｜Σ池 1783.7289｜覆蓋殘差 0.0000｜Σ 殘差 +0.0000｜宗-宗疊 0.0000（上界 2.4145）｜內部縫 0 帶／0.0000㎡｜退化帶 3 個（s 寬 9.09e-12, 1.69e-10, 4.23e-11）｜s 域 [0.2677,100.0274]
[T2-DIAG] 街廓 R3｜宗數 9｜池帶 1 片｜池帶 s 寬 [42.1657]｜池帶面積 [1867.3055]｜Σ池 1867.3055｜覆蓋殘差 0.0001｜Σ 殘差 -0.0001｜宗-宗疊 0.0000（上界 1.7456）｜內部縫 0 帶／0.0000㎡｜退化帶 2 個（s 寬 5.57e-06, 4.24e-11）｜s 域 [-0.0000,96.8032]
[T2-DIAG] 街廓 R1｜宗數 4｜池帶 2 片｜池帶 s 寬 [0.3248  36.2270]｜池帶面積 [5.3255  1200.8587]｜Σ池 1206.1842｜覆蓋殘差 0.0000｜Σ 殘差 -0.0000｜宗-宗疊 0.0000（上界 0.4945）｜內部縫 0 帶／0.0000㎡｜退化帶 0 個｜s 域 [-0.3248,87.7155]
[T2-DIAG] 街廓 R4｜宗數 2｜池帶 1 片｜池帶 s 寬 [26.5650]｜池帶面積 [879.4576]｜Σ池 879.4576｜覆蓋殘差 0.0000｜Σ 殘差 -0.0000｜宗-宗疊 0.0000（上界 0.1630）｜內部縫 0 帶／0.0000㎡｜退化帶 1 個（s 寬 1.85e-10）｜s 域 [0.1759,98.7170]
[T2-DIAG] 街廓 R6｜宗數 6｜池帶 2 片｜池帶 s 寬 [3.6068  37.3673]｜池帶面積 [85.7064  1696.3117]｜Σ池 1782.0181｜覆蓋殘差 0.0000｜Σ 殘差 -0.0000｜宗-宗疊 0.0000（上界 1.1148）｜內部縫 0 帶／0.0000㎡｜退化帶 1 個（s 寬 7.85e-11）｜s 域 [-3.6068,85.8549]
[T2-DIAG] 街廓 R5｜宗數 6｜池帶 2 片｜池帶 s 寬 [8.4088  34.9054]｜池帶面積 [300.5200  1605.0253]｜Σ池 1905.5453｜覆蓋殘差 0.0000｜Σ 殘差 -0.0000｜宗-宗疊 0.0000（上界 1.1260）｜內部縫 0 帶／0.0000㎡｜退化帶 2 個（s 寬 1.70e-10, 2.12e-10）｜s 域 [0.2685,92.7995]
[T2-DIAG] 街廓 R2｜宗數 12｜池帶 2 片｜池帶 s 寬 [8.4479  32.5920]｜池帶面積 [309.0500  1449.6823]｜Σ池 1758.7323｜覆蓋殘差 0.0000｜Σ 殘差 -0.0000｜宗-宗疊 0.0000（上界 2.4145）｜內部縫 0 帶／0.0000㎡｜退化帶 2 個（s 寬 4.72e-10, 4.23e-11）｜s 域 [0.2677,100.0274]
[T2-DIAG] 街廓 R3｜宗數 9｜池帶 2 片｜池帶 s 寬 [34.6609  8.7290]｜池帶面積 [1533.3882  308.9300]｜Σ池 1842.3182｜覆蓋殘差 0.0001｜Σ 殘差 -0.0001｜宗-宗疊 0.0000（上界 1.7456）｜內部縫 0 帶／0.0000㎡｜退化帶 1 個（s 寬 5.57e-06）｜s 域 [-0.0000,96.8032]
… W-F F.3（公設地調配：RD 五則①切半5/③集中30＋PF6；轉7-4 24筆）
[T2-DIAG] 街廓 R1｜宗數 4｜池帶 2 片｜池帶 s 寬 [0.3248  36.2387]｜池帶面積 [5.3255  1201.1159]｜Σ池 1206.4414｜覆蓋殘差 0.0000｜Σ 殘差 -0.0000｜宗-宗疊 0.0000（上界 0.4945）｜內部縫 0 帶／0.0000㎡｜退化帶 0 個｜s 域 [-0.3248,87.7155]
[T2-DIAG] 街廓 R4｜宗數 2｜池帶 1 片｜池帶 s 寬 [26.5650]｜池帶面積 [879.4576]｜Σ池 879.4576｜覆蓋殘差 0.0000｜Σ 殘差 -0.0000｜宗-宗疊 0.0000（上界 0.1630）｜內部縫 0 帶／0.0000㎡｜退化帶 1 個（s 寬 1.85e-10）｜s 域 [0.1759,98.7170]
[T2-DIAG] 街廓 R6｜宗數 6｜池帶 2 片｜池帶 s 寬 [3.6068  37.3673]｜池帶面積 [85.7064  1696.3117]｜Σ池 1782.0181｜覆蓋殘差 0.0000｜Σ 殘差 -0.0000｜宗-宗疊 0.0000（上界 1.1148）｜內部縫 0 帶／0.0000㎡｜退化帶 1 個（s 寬 7.85e-11）｜s 域 [-3.6068,85.8549]
[T2-DIAG] 街廓 R5｜宗數 6｜池帶 1 片｜池帶 s 寬 [42.5700]｜池帶面積 [1929.4266]｜Σ池 1929.4266｜覆蓋殘差 0.0000｜Σ 殘差 +0.0000｜宗-宗疊 0.0000（上界 1.1260）｜內部縫 0 帶／0.0000㎡｜退化帶 0 個｜s 域 [0.2685,92.7995]
[T2-DIAG] 街廓 R2｜宗數 12｜池帶 1 片｜池帶 s 寬 [40.0693]｜池帶面積 [1783.7289]｜Σ池 1783.7289｜覆蓋殘差 0.0000｜Σ 殘差 +0.0000｜宗-宗疊 0.0000（上界 2.4145）｜內部縫 0 帶／0.0000㎡｜退化帶 3 個（s 寬 9.09e-12, 1.69e-10, 4.23e-11）｜s 域 [0.2677,100.0274]
[T2-DIAG] 街廓 R3｜宗數 9｜池帶 1 片｜池帶 s 寬 [42.1657]｜池帶面積 [1867.3055]｜Σ池 1867.3055｜覆蓋殘差 0.0001｜Σ 殘差 -0.0001｜宗-宗疊 0.0000（上界 1.7456）｜內部縫 0 帶／0.0000㎡｜退化帶 2 個（s 寬 5.57e-06, 4.24e-11）｜s 域 [-0.0000,96.8032]
[T2-DIAG] 街廓 R1｜宗數 4｜池帶 2 片｜池帶 s 寬 [0.3248  26.8919]｜池帶面積 [5.3255  891.3261]｜Σ池 896.6516｜覆蓋殘差 0.0000｜Σ 殘差 -0.0000｜宗-宗疊 0.0000（上界 0.4945）｜內部縫 0 帶／0.0000㎡｜退化帶 0 個｜s 域 [-0.3248,87.7155]
[T2-DIAG] 街廓 R4｜宗數 2｜池帶 1 片｜池帶 s 寬 [19.6723]｜池帶面積 [651.2714]｜Σ池 651.2714｜覆蓋殘差 0.0000｜Σ 殘差 +0.0000｜宗-宗疊 0.0000（上界 0.1630）｜內部縫 0 帶／0.0000㎡｜退化帶 1 個（s 寬 1.85e-10）｜s 域 [0.1759,98.7170]
[T2-DIAG] 街廓 R6｜宗數 6｜池帶 2 片｜池帶 s 寬 [3.6068  3.9727]｜池帶面積 [85.7064  181.7116]｜Σ池 267.4180｜覆蓋殘差 0.0000｜Σ 殘差 +0.0000｜宗-宗疊 0.0000（上界 1.1148）｜內部縫 0 帶／0.0000㎡｜退化帶 1 個（s 寬 7.85e-11）｜s 域 [-3.6068,85.8549]
[T2-DIAG] 街廓 R5｜宗數 6｜池帶 1 片｜池帶 s 寬 [39.1167]｜池帶面積 [1775.7985]｜Σ池 1775.7985｜覆蓋殘差 0.0000｜Σ 殘差 +0.0000｜宗-宗疊 0.0000（上界 1.1260）｜內部縫 0 帶／0.0000㎡｜退化帶 0 個｜s 域 [0.2685,92.7995]
[T2-DIAG] 街廓 R2｜宗數 12｜池帶 1 片｜池帶 s 寬 [27.1362]｜池帶面積 [1207.6794]｜Σ池 1207.6794｜覆蓋殘差 0.0000｜Σ 殘差 -0.0000｜宗-宗疊 0.0000（上界 2.4145）｜內部縫 0 帶／0.0000㎡｜退化帶 2 個（s 寬 4.39e-11, 4.23e-11）｜s 域 [0.2677,100.0274]
[T2-DIAG] 街廓 R3｜宗數 9｜池帶 1 片｜池帶 s 寬 [20.5020]｜池帶面積 [908.6438]｜Σ池 908.6438｜覆蓋殘差 0.0001｜Σ 殘差 -0.0001｜宗-宗疊 0.0000（上界 1.7456）｜內部縫 0 帶／0.0000㎡｜退化帶 3 個（s 寬 5.57e-06, 4.27e-10, 4.24e-11）｜s 域 [-0.0000,96.8032]
[T2-DIAG] 街廓 R1｜宗數 4｜池帶 2 片｜池帶 s 寬 [0.3248  36.2270]｜池帶面積 [5.3255  1200.8587]｜Σ池 1206.1842｜覆蓋殘差 0.0000｜Σ 殘差 -0.0000｜宗-宗疊 0.0000（上界 0.4945）｜內部縫 0 帶／0.0000㎡｜退化帶 0 個｜s 域 [-0.3248,87.7155]
[T2-DIAG] 街廓 R4｜宗數 2｜池帶 1 片｜池帶 s 寬 [26.5650]｜池帶面積 [879.4576]｜Σ池 879.4576｜覆蓋殘差 0.0000｜Σ 殘差 -0.0000｜宗-宗疊 0.0000（上界 0.1630）｜內部縫 0 帶／0.0000㎡｜退化帶 1 個（s 寬 1.85e-10）｜s 域 [0.1759,98.7170]
[T2-DIAG] 街廓 R6｜宗數 6｜池帶 2 片｜池帶 s 寬 [3.6068  37.3673]｜池帶面積 [85.7064  1696.3117]｜Σ池 1782.0181｜覆蓋殘差 0.0000｜Σ 殘差 -0.0000｜宗-宗疊 0.0000（上界 1.1148）｜內部縫 0 帶／0.0000㎡｜退化帶 1 個（s 寬 7.85e-11）｜s 域 [-3.6068,85.8549]
[T2-DIAG] 街廓 R5｜宗數 6｜池帶 2 片｜池帶 s 寬 [8.4088  34.9054]｜池帶面積 [300.5200  1605.0253]｜Σ池 1905.5453｜覆蓋殘差 0.0000｜Σ 殘差 -0.0000｜宗-宗疊 0.0000（上界 1.1260）｜內部縫 0 帶／0.0000㎡｜退化帶 2 個（s 寬 1.70e-10, 2.12e-10）｜s 域 [0.2685,92.7995]
[T2-DIAG] 街廓 R2｜宗數 12｜池帶 2 片｜池帶 s 寬 [8.4479  32.5920]｜池帶面積 [309.0500  1449.6823]｜Σ池 1758.7323｜覆蓋殘差 0.0000｜Σ 殘差 -0.0000｜宗-宗疊 0.0000（上界 2.4145）｜內部縫 0 帶／0.0000㎡｜退化帶 2 個（s 寬 4.72e-10, 4.23e-11）｜s 域 [0.2677,100.0274]
[T2-DIAG] 街廓 R3｜宗數 9｜池帶 2 片｜池帶 s 寬 [34.6609  8.7290]｜池帶面積 [1533.3882  308.9300]｜Σ池 1842.3182｜覆蓋殘差 0.0001｜Σ 殘差 -0.0001｜宗-宗疊 0.0000（上界 1.7456）｜內部縫 0 帶／0.0000㎡｜退化帶 1 個（s 寬 5.57e-06）｜s 域 [-0.0000,96.8032]
[T2-DIAG] 街廓 R1｜宗數 4｜池帶 2 片｜池帶 s 寬 [0.3248  26.8875]｜池帶面積 [5.3255  891.3026]｜Σ池 896.6281｜覆蓋殘差 0.0000｜Σ 殘差 +0.0000｜宗-宗疊 0.0000（上界 0.4945）｜內部縫 0 帶／0.0000㎡｜退化帶 0 個｜s 域 [-0.3248,87.7155]
[T2-DIAG] 街廓 R4｜宗數 2｜池帶 1 片｜池帶 s 寬 [19.6723]｜池帶面積 [651.2714]｜Σ池 651.2714｜覆蓋殘差 0.0000｜Σ 殘差 +0.0000｜宗-宗疊 0.0000（上界 0.1630）｜內部縫 0 帶／0.0000㎡｜退化帶 1 個（s 寬 1.85e-10）｜s 域 [0.1759,98.7170]
[T2-DIAG] 街廓 R6｜宗數 6｜池帶 2 片｜池帶 s 寬 [3.6068  3.9727]｜池帶面積 [85.7064  181.7116]｜Σ池 267.4180｜覆蓋殘差 0.0000｜Σ 殘差 +0.0000｜宗-宗疊 0.0000（上界 1.1148）｜內部縫 0 帶／0.0000㎡｜退化帶 1 個（s 寬 7.85e-11）｜s 域 [-3.6068,85.8549]
[T2-DIAG] 街廓 R5｜宗數 6｜池帶 2 片｜池帶 s 寬 [8.4088  31.8355]｜池帶面積 [300.5200  1450.7201]｜Σ池 1751.2401｜覆蓋殘差 0.0000｜Σ 殘差 +0.0000｜宗-宗疊 0.0000（上界 1.1260）｜內部縫 0 帶／0.0000㎡｜退化帶 0 個｜s 域 [0.2685,92.7995]
[T2-DIAG] 街廓 R2｜宗數 12｜池帶 2 片｜池帶 s 寬 [8.4479  19.6463]｜池帶面積 [309.0500  873.6301]｜Σ池 1182.6801｜覆蓋殘差 0.0000｜Σ 殘差 -0.0000｜宗-宗疊 0.0000（上界 2.4145）｜內部縫 0 帶／0.0000㎡｜退化帶 1 個（s 寬 4.23e-11）｜s 域 [0.2677,100.0274]
[T2-DIAG] 街廓 R3｜宗數 9｜池帶 2 片｜池帶 s 寬 [12.9820  8.7290]｜池帶面積 [574.7720  308.9300]｜Σ池 883.7020｜覆蓋殘差 0.0001｜Σ 殘差 -0.0001｜宗-宗疊 0.0000（上界 1.7456）｜內部縫 0 帶／0.0000㎡｜退化帶 1 個（s 寬 5.57e-06）｜s 域 [-0.0000,96.8032]
… W-F F.4（7-4 三級調配＋7-5 批次最佳化＋終態整形＋33 群總決算；trunk E）
[T2-DIAG] 街廓 R1｜宗數 4｜池帶 2 片｜池帶 s 寬 [0.3248  26.8919]｜池帶面積 [5.3255  891.3261]｜Σ池 896.6516｜覆蓋殘差 0.0000｜Σ 殘差 -0.0000｜宗-宗疊 0.0000（上界 0.4945）｜內部縫 0 帶／0.0000㎡｜退化帶 0 個｜s 域 [-0.3248,87.7155]
[T2-DIAG] 街廓 R4｜宗數 2｜池帶 1 片｜池帶 s 寬 [19.6723]｜池帶面積 [651.2714]｜Σ池 651.2714｜覆蓋殘差 0.0000｜Σ 殘差 +0.0000｜宗-宗疊 0.0000（上界 0.1630）｜內部縫 0 帶／0.0000㎡｜退化帶 1 個（s 寬 1.85e-10）｜s 域 [0.1759,98.7170]
[T2-DIAG] 街廓 R6｜宗數 6｜池帶 2 片｜池帶 s 寬 [3.6068  3.9727]｜池帶面積 [85.7064  181.7116]｜Σ池 267.4180｜覆蓋殘差 0.0000｜Σ 殘差 +0.0000｜宗-宗疊 0.0000（上界 1.1148）｜內部縫 0 帶／0.0000㎡｜退化帶 1 個（s 寬 7.85e-11）｜s 域 [-3.6068,85.8549]
[T2-DIAG] 街廓 R5｜宗數 6｜池帶 1 片｜池帶 s 寬 [39.1167]｜池帶面積 [1775.7985]｜Σ池 1775.7985｜覆蓋殘差 0.0000｜Σ 殘差 +0.0000｜宗-宗疊 0.0000（上界 1.1260）｜內部縫 0 帶／0.0000㎡｜退化帶 0 個｜s 域 [0.2685,92.7995]
[T2-DIAG] 街廓 R2｜宗數 9｜池帶 1 片｜池帶 s 寬 [30.7385]｜池帶面積 [1368.0939]｜Σ池 1368.0939｜覆蓋殘差 0.0000｜Σ 殘差 +0.0000｜宗-宗疊 0.0000（上界 1.7560）｜內部縫 0 帶／0.0000㎡｜退化帶 1 個（s 寬 4.23e-11）｜s 域 [0.2677,100.0274]
[T2-DIAG] 街廓 R3｜宗數 9｜池帶 1 片｜池帶 s 寬 [16.9766]｜池帶面積 [752.3354]｜Σ池 752.3354｜覆蓋殘差 0.0001｜Σ 殘差 -0.0001｜宗-宗疊 0.0000（上界 1.7456）｜內部縫 0 帶／0.0000㎡｜退化帶 4 個（s 寬 5.57e-06, 4.27e-10, 2.06e-13, 4.24e-11）｜s 域 [-0.0000,96.8032]
[T2-DIAG] 街廓 R1｜宗數 4｜池帶 2 片｜池帶 s 寬 [0.3248  26.8919]｜池帶面積 [5.3255  891.3261]｜Σ池 896.6516｜覆蓋殘差 0.0000｜Σ 殘差 -0.0000｜宗-宗疊 0.0000（上界 0.4945）｜內部縫 0 帶／0.0000㎡｜退化帶 0 個｜s 域 [-0.3248,87.7155]
[T2-DIAG] 街廓 R4｜宗數 2｜池帶 1 片｜池帶 s 寬 [19.6723]｜池帶面積 [651.2714]｜Σ池 651.2714｜覆蓋殘差 0.0000｜Σ 殘差 +0.0000｜宗-宗疊 0.0000（上界 0.1630）｜內部縫 0 帶／0.0000㎡｜退化帶 1 個（s 寬 1.85e-10）｜s 域 [0.1759,98.7170]
[T2-DIAG] 街廓 R6｜宗數 6｜池帶 2 片｜池帶 s 寬 [3.6068  3.9727]｜池帶面積 [85.7064  181.7116]｜Σ池 267.4180｜覆蓋殘差 0.0000｜Σ 殘差 +0.0000｜宗-宗疊 0.0000（上界 1.1148）｜內部縫 0 帶／0.0000㎡｜退化帶 1 個（s 寬 7.85e-11）｜s 域 [-3.6068,85.8549]
[P2-STAGE2] 街廓 R5｜階段2宗 1 筆｜落位 1 筆
　　74·T·G003@R5: side=left 跨占 L0.000/R0.000 a=1769.80 G=1037.79 幾何=1037.78 S=23.0525 池窗[23.431,62.547] F=0.00 W=0.00
[T2-DIAG] 街廓 R5｜宗數 7｜池帶 1 片｜池帶 s 寬 [16.0643]｜池帶面積 [738.0140]｜Σ池 738.0140｜覆蓋殘差 0.0000｜Σ 殘差 +0.0000｜宗-宗疊 0.0000（上界 1.3512）｜內部縫 0 帶／0.0000㎡｜退化帶 0 個｜s 域 [0.2685,92.7995]
[T2-DIAG] 街廓 R2｜宗數 9｜池帶 1 片｜池帶 s 寬 [30.7385]｜池帶面積 [1368.0939]｜Σ池 1368.0939｜覆蓋殘差 0.0000｜Σ 殘差 +0.0000｜宗-宗疊 0.0000（上界 1.7560）｜內部縫 0 帶／0.0000㎡｜退化帶 1 個（s 寬 4.23e-11）｜s 域 [0.2677,100.0274]
[T2-DIAG] 街廓 R3｜宗數 9｜池帶 1 片｜池帶 s 寬 [16.9766]｜池帶面積 [752.3354]｜Σ池 752.3354｜覆蓋殘差 0.0001｜Σ 殘差 -0.0001｜宗-宗疊 0.0000（上界 1.7456）｜內部縫 0 帶／0.0000㎡｜退化帶 4 個（s 寬 5.57e-06, 4.27e-10, 2.06e-13, 4.24e-11）｜s 域 [-0.0000,96.8032]
[T2-DIAG] 街廓 R1｜宗數 4｜池帶 2 片｜池帶 s 寬 [0.3248  26.8919]｜池帶面積 [5.3255  891.3261]｜Σ池 896.6516｜覆蓋殘差 0.0000｜Σ 殘差 -0.0000｜宗-宗疊 0.0000（上界 0.4945）｜內部縫 0 帶／0.0000㎡｜退化帶 0 個｜s 域 [-0.3248,87.7155]
[T2-DIAG] 街廓 R4｜宗數 2｜池帶 1 片｜池帶 s 寬 [19.6723]｜池帶面積 [651.2714]｜Σ池 651.2714｜覆蓋殘差 0.0000｜Σ 殘差 +0.0000｜宗-宗疊 0.0000（上界 0.1630）｜內部縫 0 帶／0.0000㎡｜退化帶 1 個（s 寬 1.85e-10）｜s 域 [0.1759,98.7170]
[T2-DIAG] 街廓 R6｜宗數 6｜池帶 2 片｜池帶 s 寬 [3.6068  3.9727]｜池帶面積 [85.7064  181.7116]｜Σ池 267.4180｜覆蓋殘差 0.0000｜Σ 殘差 +0.0000｜宗-宗疊 0.0000（上界 1.1148）｜內部縫 0 帶／0.0000㎡｜退化帶 1 個（s 寬 7.85e-11）｜s 域 [-3.6068,85.8549]
[T2-DIAG] 街廓 R5｜宗數 6｜池帶 1 片｜池帶 s 寬 [39.1167]｜池帶面積 [1775.7985]｜Σ池 1775.7985｜覆蓋殘差 0.0000｜Σ 殘差 +0.0000｜宗-宗疊 0.0000（上界 1.1260）｜內部縫 0 帶／0.0000㎡｜退化帶 0 個｜s 域 [0.2685,92.7995]
[T2-DIAG] 街廓 R2｜宗數 9｜池帶 1 片｜池帶 s 寬 [30.7385]｜池帶面積 [1368.0939]｜Σ池 1368.0939｜覆蓋殘差 0.0000｜Σ 殘差 +0.0000｜宗-宗疊 0.0000（上界 1.7560）｜內部縫 0 帶／0.0000㎡｜退化帶 1 個（s 寬 4.23e-11）｜s 域 [0.2677,100.0274]
[T2-DIAG] 街廓 R3｜宗數 9｜池帶 1 片｜池帶 s 寬 [16.9766]｜池帶面積 [752.3354]｜Σ池 752.3354｜覆蓋殘差 0.0001｜Σ 殘差 -0.0001｜宗-宗疊 0.0000（上界 1.7456）｜內部縫 0 帶／0.0000㎡｜退化帶 4 個（s 寬 5.57e-06, 4.27e-10, 2.06e-13, 4.24e-11）｜s 域 [-0.0000,96.8032]
[T2-DIAG] 街廓 R1｜宗數 4｜池帶 2 片｜池帶 s 寬 [0.3248  26.8919]｜池帶面積 [5.3255  891.3261]｜Σ池 896.6516｜覆蓋殘差 0.0000｜Σ 殘差 -0.0000｜宗-宗疊 0.0000（上界 0.4945）｜內部縫 0 帶／0.0000㎡｜退化帶 0 個｜s 域 [-0.3248,87.7155]
[P2-STAGE2] 街廓 R4｜階段2宗 1 筆｜落位 1 筆
　　74·T·G012@R4: side=right 跨占 L0.000/R0.403 a=221.85 G=141.40 幾何=141.40 S=4.2715 池窗[60.777,80.449] F=33.08 W=21.86
[T2-DIAG] 街廓 R4｜宗數 3｜池帶 1 片｜池帶 s 寬 [15.4008]｜池帶面積 [509.8679]｜Σ池 509.8679｜覆蓋殘差 0.0000｜Σ 殘差 -0.0000｜宗-宗疊 0.0000（上界 0.3259）｜內部縫 0 帶／0.0000㎡｜退化帶 1 個（s 寬 1.85e-10）｜s 域 [0.1759,98.7170]
… W-G G.1 接線層 ctx-builder 同源（app _build_wf_ctx vs native _ctx；0m）
… W-G G.2 世代幾何曝出契約＋只寫不讀（0m）
============================================================
  ✅ PASS  參數0m
  ✅ PASS  參數3.5m
  ✅ PASS  -a診斷0m
  ✅ PASS  -a診斷3.5m
  ✅ PASS  ownership Gxxx 靶組（三環定理鏈）
  ✅ PASS  W-D.3 ghost 零面積不變量（8 筆全零）
  ✅ PASS  F.0-pre 15.73㎡ 歸因（公設 15.73 ＋ 可建築 13.34 = 29.07 ＝ ghost 真面積 29.09）
  ✅ PASS  v3·診斷0m（全欄逐格·無豁免）
  ✅ PASS  率接線無串聯0m（vs v1 原錨，豁免 G估 後逐格全等）
  ✅ PASS  率接線 G估 欄變動 0 格（期 0·Y 波後 baseline 同源）
  ✅ PASS  指配0m
  ✅ PASS  抵費地0m(應空)
  ✅ PASS  結構不變量永久閘0m（守恆/⊥/位次=投影序/J(k*)≥J(naive)/理論=實跑/telescoping）
  ✅ PASS  v3·G值0m
  ✅ PASS  v3·滑池槽0m
  ✅ PASS  v3·J表0m
  ✅ PASS  k* 六塊經驗錨0m {'R1': 2, 'R2': 8, 'R3': 7, 'R4': 1, 'R5': 7, 'R6': 6}
  ✅ PASS  v3·診斷3.5m（全欄逐格·無豁免）
  ✅ PASS  率接線無串聯3.5m（vs v1 原錨，豁免 G估 後逐格全等）
  ✅ PASS  率接線 G估 欄變動 0 格（期 0·Y 波後 baseline 同源）
  ✅ PASS  指配3.5m
  ✅ PASS  抵費地3.5m
  ✅ PASS  結構不變量永久閘3.5m（守恆/⊥/位次=投影序/J(k*)≥J(naive)/理論=實跑/telescoping）
  ✅ PASS  v3·G值3.5m
  ✅ PASS  v3·滑池槽3.5m
  ✅ PASS  v3·J表3.5m
  🔴 FAIL  k* 六塊經驗錨3.5m {'R1': 2, 'R2': 8, 'R3': 7, 'R4': 1, 'R5': 7, 'R6': 6}
        實得 {'R1': 1, 'R2': 8, 'R4': 1, 'R6': 6, 'R5': 7, 'R3': 7}
  ✅ PASS  v3 財務錨 B == 0.171043（獨立輸入現算 → 0.171043）
  ✅ PASS  v3 財務錨 C == 0.091319（加總形分母 1,643,176,255.06）
  ✅ PASS  v3 中繼錨 工程費/重劃費/費用總額 == 122324608/22717427/150053099
  ✅ PASS  v3 C 兩形等價（加總形 vs app calc_C_value 均價形）|Δ|=2.92e-10 <1e-8
  ✅ PASS  v3 A 逐宗全查（118 列＝後街廓單價/重劃前區段單價）
  ✅ PASS  v3 reverse-test① 單位工程費 3500→3550 ⟹ C 隨動 (0.091319→0.092382)
  ✅ PASS  v3 reverse-test② 前均價 ×1.1 ⟹ B 隨動且 C 不動 (B 0.171043→0.188147；C 0.091319)
  ✅ PASS  v3 重劃總負擔率錨 == 0.40712387（現算 0.40712387）
  ✅ PASS  v3 率分項錨 公設負擔比 34.754211% ＋ 費用負擔比 5.958176%
  ✅ PASS  v3 率用 DXF 公設實值 12146.5579（非截圖 rounded 12146.56）
  ✅ PASS  v3 reverse-test③ 單位工程費 3500→3550 ⟹ 重劃總負擔率隨動 (0.40712387→0.40781775)
  ✅ PASS  W-D.3 碎片幾何/三分類（v3）
  ✅ PASS  W-D.3 碎片逐邊CAD（v3）
  ✅ PASS  W-D.4 四梯清單0m（v3 半實算）
  ✅ PASS  W-D.4 碎片遞補0m
  ✅ PASS  W-D.4 跨占分配線0m
  ✅ PASS  W-D.4 四梯清單3.5m（v3 半實算）
  ✅ PASS  W-D.4 碎片遞補3.5m
  ✅ PASS  W-D.4 跨占分配線3.5m
  ✅ PASS  W-D.4 MinA_區==114.07(正典rounded)·½顯示==57.04(Decimal非round)
  ✅ PASS  W-D.4 31旗標全消費(群組語意·v3 隨價變)
  ✅ PASS  F.0-pre 雙軌錨 軌別{'建地軌': 25, '公設軌': 8}·梯次{'—': 8, '0': 13, '1': 7, '2': 3, '3': 2}
  ✅ PASS  F.0-pre 公設軌 8 群（撤出梯3、待 F.3/F.4）
  ✅ PASS  F.0-pre 公設軌補償欄全空（G(a′) 未算前禁取值·停機條款）
  ✅ PASS  F.3 母數錨 公設地 59 筆／28 群持有（廢「30 筆/4,428㎡」）
  🔴 FAIL  F.0 釋池對象＝梯3 二群 [('G025', 1.79), ('G030', 55.09)]（Σ=56.88㎡）
        實得 [('G025', 1.79), ('G030', 55.09)]
  ✅ PASS  W-D.4 MinA_區 reverse-test(改深度→隨動·非寫死)
  ✅ PASS  W-D.4 遞補錨 R6 85.66→628-4(1)（跳過 628(2);628-1(2);628-23(1)）
  ✅ PASS  W-D.4 持分和逐宗檢核(WARNING-A)
  ✅ PASS  W-D.4 第4梯 fixture(查封自成一群·移除後 byte-identical)
  ✅ PASS  F.0·G值0m（trunk B 終態）
  ✅ PASS  F.0·滑池槽0m
  ✅ PASS  F.0·J表0m
  ✅ PASS  F.0·合併決策0m
  ✅ PASS  F.0·旗標消長0m
  ✅ PASS  F.0·池差閉合0m
  ✅ PASS  F.0 結構永久閘0m（trunk B 守恆全綠）
  ✅ PASS  F.0 位次序不變0m（投影序∖移除宗）
  ✅ PASS  F.0 標的宗毗鄰不變0m
  ✅ PASS  F.0·G值3.5m（trunk B 終態）
  ✅ PASS  F.0·滑池槽3.5m
  ✅ PASS  F.0·J表3.5m
  ✅ PASS  F.0·合併決策3.5m
  ✅ PASS  F.0·旗標消長3.5m
  ✅ PASS  F.0·池差閉合3.5m
  ✅ PASS  F.0 結構永久閘3.5m（trunk B 守恆全綠）
  ✅ PASS  F.0 位次序不變3.5m（投影序∖移除宗）
  ✅ PASS  F.0 標的宗毗鄰不變3.5m
  🔴 FAIL  F.0 六格 G(Σa) 錨 0m {'G006': 365.84, 'G007': 362.08, 'G009': 153.19, 'G010': 294.81, 'G014': 127.06, 'G017': 433.68}
        實得 {G006:365.84, G007:359.43, G009:153.19, G010:293.72, G014:127.05, G017:433.68}
  ✅ PASS  F.0 旗標 31→17（新生 0）
  ✅ PASS  F.0 k* f0 錨 trunk B {'R1': 2, 'R2': 6, 'R4': 1, 'R5': 4, 'R3': 5, 'R6': 3}
  ✅ PASS  F.0 不達標二格 G009→F.2·G014→F.4（先併再標旗轉出）
  ✅ PASS  F.1·遞補整形0m
  ✅ PASS  F.1·碎片處置0m
  ✅ PASS  F.1·池驗證0m
  ✅ PASS  F.1 錨0m（標的 628-37(1)·寬 6.31≥3.5·池片 2→1·池差 +0.00≈0）
  🔴 FAIL  F.1 標記制0m（1 片待 F.4 終態遞補整形，期 2）
        {'情境': '0m', '碎片': 'R6-抵費地-2', '街廓': 'R6', '面積(㎡)': 85.71, '處置': '標記·待 F.4 終態遞補整形（角落失格業主未離場，KL 裁定 2026-07-11）', '標的宗': '—'}
  ✅ PASS  F.1·遞補整形3.5m
  ✅ PASS  F.1·碎片處置3.5m
  ✅ PASS  F.1·池驗證3.5m
  ✅ PASS  F.1 錨3.5m（標的 628-36(1)·寬 17.37≥3.5·池片 2→1·池差 +0.01≈0）
  ✅ PASS  F.1 標記制3.5m（1 片待 F.4 終態遞補整形，期 1）
        {'情境': '3.5m', '碎片': 'R6-抵費地-2', '街廓': 'R6', '面積(㎡)': 85.71, '處置': '標記·待 F.4 終態遞補整形（角落失格業主未離場，KL 裁定 2026-07-11）', '標的宗': '—'}
  ✅ PASS  F.2 靜態閘（wf_f2 不呼叫 calc_a_prime／三廢函式）
  ✅ PASS  F.2·跨街廓調配0m
  ✅ PASS  F.2·G值0m（trunk C 終態）
  ✅ PASS  F.2·池流向0m
  ✅ PASS  F.2 結構永久閘0m（trunk C 守恆全綠）
  ✅ PASS  F.2 跨街廓守恆0m（源池增/目標池減/全區 |Σ(G−幾何)| 0.03 ≤ 0.585＝Σ街廓 宗數×(0.005×深度＋tol＋0.005)）
  ✅ PASS  F.2 位次序不變0m（投影序∖移除宗）
  ✅ PASS  F.2 F.1 正交0m（628-37(1) B→C 全等）
  ✅ PASS  F.2 同區段恆等0m（同zone轉出 a′==a）
  ✅ PASS  F.2·跨街廓調配3.5m
  ✅ PASS  F.2·G值3.5m（trunk C 終態）
  ✅ PASS  F.2·池流向3.5m
  ✅ PASS  F.2 結構永久閘3.5m（trunk C 守恆全綠）
  ✅ PASS  F.2 跨街廓守恆3.5m（源池增/目標池減/全區 |Σ(G−幾何)| 0.03 ≤ 0.585＝Σ街廓 宗數×(0.005×深度＋tol＋0.005)）
  ✅ PASS  F.2 位次序不變3.5m（投影序∖移除宗）
  ✅ PASS  F.2 F.1 正交3.5m（628-36(1) B→C 全等）
  ✅ PASS  F.2 同區段恆等3.5m（同zone轉出 a′==a）
  ✅ PASS  F.2 雙模式並列錨 G021 模式一98.54／模式二89.32
  ✅ PASS  F.2 跨區段 fixture（a→b 模式一 a′=117.6471≠a=100·模式二R2=117.6471/R1混=106.6348）
  ✅ PASS  F.3 靜態閘（wf_f3 不呼叫 calc_a_prime／三廢）
  ✅ PASS  F.3·公設調配0m
  ✅ PASS  F.3·轉7-40m
  ✅ PASS  F.3·G值0m（trunk D 終態）
  ✅ PASS  F.3·池流向0m
  ✅ PASS  F.3 零遺漏0m（59＝併入35＋轉7-424）
  ✅ PASS  F.3 結構永久閘0m（trunk D 守恆綠·|Σ(G−幾何)| 0.03 ≤ 0.585）
  ✅ PASS  F.3 位次序不變0m
  ✅ PASS  F.3 五則①切半5筆·40灌入項0m
  ✅ PASS  F.3·公設調配3.5m
  ✅ PASS  F.3·轉7-43.5m
  ✅ PASS  F.3·G值3.5m（trunk D 終態）
  ✅ PASS  F.3·池流向3.5m
  ✅ PASS  F.3 零遺漏3.5m（59＝併入35＋轉7-424）
  ✅ PASS  F.3 結構永久閘3.5m（trunk D 守恆綠·|Σ(G−幾何)| 0.02 ≤ 0.585）
  ✅ PASS  F.3 位次序不變3.5m
  ✅ PASS  F.3 五則①切半5筆·40灌入項3.5m
  ✅ PASS  F.3 舊帳重測 628-18(2) a=477.91==477.91（新機制·分攤登記96.82）
  ✅ PASS  F.3 轉7-4 9群（含 G025 邊界：建地 F.0梯3釋池）
  ✅ PASS  F.3 跨區段 fixture（a→b a′=117.6471≠a·ratio≠1）
  ✅ PASS  F.4 靜態閘（wf_f4 不呼叫 calc_a_prime／三廢）
  🔴 FAIL  W-F F.4
        [F.4] 🔴 結構閘 理論＝實跑 破：街廓 R4 right 側 理論@k*=98.96 ≠ 實跑=100.00（Δ=1.043 >0.1）
        )), c["cad"],
               ~~~~~~~~~~^^^^^^^^^^^^^^^^^^^^^^^^^^^^^^^^^^^^^^^^^^^^^^^^^^^^^^^^^^^^
                          self.snapE, c["params"], self.parcels,
                          ^^^^^^^^^^^^^^^^^^^^^^^^^^^^^^^^^^^^^^
                          c["winners"], c["forced"], c["setback"])
                          ^^^^^^^^^^^^^^^^^^^^^^^^^^^^^^^^^^^^^^^^
  File "C:\Users\admin\Desktop\land-readjustment-trial\verify\stepg_pipeline.py", line 991, in run_step_g
    raise RuntimeError(
        f"🔴 結構閘 理論＝實跑 破：街廓 {blk_label} {_sd_tag2} 側 "
        f"理論@k*={_th:.2f} ≠ 實跑={_re:.2f}（Δ={abs(_th - _re):.3f} >0.1）")
RuntimeError: 🔴 結構閘 理論＝實跑 破：街廓 R4 right 側 理論@k*=98.96 ≠ 實跑=100.00（Δ=1.043 >0.1）

  ✅ PASS  W-G G.1 接線層 ctx-builder 同源（cb_by/cad+centerlines/gA/winners/β財務/blocks欄名/指紋/率鋪底）
  🔴 FAIL  W-G G.2 世代幾何曝出契約
        [G.2] cannot access local variable '_f4' where it is not associated with a value
        Traceback (most recent call last):
  File "C:\Users\admin\Desktop\land-readjustment-trial\verify\run_verification.py", line 1182, in main
    ("E.sgE_rows", _f4["0m"]["sgE_rows"])):
                   ^^^
UnboundLocalError: cannot access local variable '_f4' where it is not associated with a value

============================================================
嫌犯序：快照漏參 > dtype 1.5（法人統編 '.0'）> driver orchestration 漂移 > 引擎（勿動 app）
RESULT: FAIL
