==================================================================================================================================================================================================================
【W-G.9-86 §二 A 組】舊判準之逐步中間量／`_PAR_TOL` 射程／座標框正當性／`D-0` 結案
==================================================================================================================================================================================================================
  產生於 commit：8b6165e
  環境：shapely 2.1.2 | GEOS (3, 13, 1) | numpy 2.4.4
  🔒 A-0 **事前選定：偏向判「該缺陷<u>亦</u>咬受詞內」**（甲/乙 二條見 docstring）
  🔴 **門檻 ＝ 正典之 `_PAR_TOL = 1.0e-06`**（`K-6:1010`·自 `stepg_pipeline` 取·⛔ 不另立）
  🔒 情境母體 ＝ **僅 0m**（⛔ 不擴·具名）

【0】量測器自檢（⛔ 先自檢後量測·每項皆附**已知真／已知偽**對照）
------------------------------------------------------------------------------------------------------------------------------------------------------------------------------------------------------------------
  ① **`w40.eval_lot` 同源證**：甲 甲／乙 乙／合格 合格／**已知不合格 不合格**（Δfront -4.000）⇒ PASS
  ② **`w82` 同源證**：λ_b ＝ 10（手算 10）；`s*=0` ⇒ True／`1e6` ⇒ False ⇒ PASS
  ③ **`_PAR_TOL` 自生產碼取**（⛔ 不抄寫·**二法對拍**）：`ast` ＝ 1.0e-06 ／ `regex`（倉內既有法）＝ 1.0e-06
     🔒 與 `K-6:1010` 逐字之 `1e-6` 相符 ⇒ PASS
  ④ **`st_frame` 二法對拍**（原樣 import vs 依定義式重算）：`s` 之極大差 ＝ 0.000e+00（**殘差/ulp ＝ 0.00**）⇒ PASS
     🔒 `st_frame` 之逐字定義：`(s, t) = ((p − front_pt)·d̂, (p − front_pt)·n̂)`（`n̂ = rot90(d̂)`·另依形心翻號 σ ⇒ **σ 只作用於 `t`**）
  ⑤ **第十二法之判別力（常設 8）**：合成模組（迭代 2 筆 ＋ **誘餌 3 筆未被迭代**）
     ⇒ **第十二法 ＝ 2**（期望 2·只取餵給 `GET_ITER` 者）／④⑥ 族（掃全部常數）＝ **3**（期望 3）⇒ PASS
     🔒 ⇒ **二法之受詞確實不同**（⛔ 非同族）
  ⑥ **常設 9**：`PAR_TOL = 1.0e-06` 施於 `|sin|` ∈ [0,1]（`ulp(1.0) = 2.220e-16`）⇒ 門檻/ulp ＝ 4.504e+09
  ⇒ 量測器自檢：PASS

【驅動】`0m` × R1–R6——攔截 **6 格**

  🔒 **中間量之重取與 `w40.eval_lot` 之逐位對拍**：逐宗四項（情形／起算二端／Δ 二值／出艙碼）**全部相同 ＝ 47 ／ 47** ⇒ ✅ **⛔ 非重造判定式**

【C／A-1】🛑 **舊判準何以在<u>平行</u>二界上判違反**（27 宗**全部**·⛔ 非抽樣）
------------------------------------------------------------------------------------------------------------------------------------------------------------------------------------------------------------------
  🔒 **母體之界定**：`|sin(前一宗遠側界, 本宗遠側界)| ≤ 1e-06`（正典容差）⇒ **二界平行**；其中**出艙碼 ＝ 不合格**者 ＝ **32 宗**
  街廓    側     i    前    情形         s(P_prev)     s(B_prev)       **斜跨距**       起算front        起算base      s(P_cur)   **Δfront**    **Δbase**
  R1    右     3    2    乙       8.731303e+01  9.039648e+01  3.083450e+00  9.039648e+01  9.039648e+01  8.026456e+01 -1.013192e+01 -7.048200e+00
  R2    左     2    1    甲       4.813939e+00  1.634927e+00  3.179012e+00  4.813939e+00  4.813939e+00  5.461181e+00 6.472412e-01 -2.531326e+00
  R2    左     4    3    甲       1.199132e+01  8.817253e+00  3.174071e+00  1.199132e+01  1.199132e+01  1.199737e+01 6.044958e-03 -3.168022e+00
  R2    左     5    4    甲       1.199737e+01  8.823302e+00  3.174067e+00  1.199737e+01  1.199737e+01  1.392894e+01 1.931567e+00 -1.241170e+00
  R2    右     9    8    甲       1.000274e+02  9.691395e+01  3.113456e+00  1.000274e+02  1.000274e+02  9.868814e+01 -1.339261e+00 -4.453642e+00
  R2    右     10   9    甲       9.868814e+01  9.557376e+01  3.114381e+00  9.868814e+01  9.868814e+01  8.888397e+01 -9.804172e+00 -1.292530e+01
  R2    右     11   10   甲       8.888397e+01  8.576284e+01  3.121131e+00  8.888397e+01  8.888397e+01  8.740078e+01 -1.483194e+00 -4.605346e+00
  R2    右     12   11   甲       8.740078e+01  8.427862e+01  3.122152e+00  8.740078e+01  8.740078e+01  8.406752e+01 -3.333259e+00 -6.457706e+00
  R2    右     13   12   甲       8.406752e+01  8.094307e+01  3.124447e+00  8.406752e+01  8.406752e+01  8.075018e+01 -3.317338e+00 -6.444070e+00
  R2    右     14   13   甲       8.075018e+01  7.762345e+01  3.126731e+00  8.075018e+01  8.075018e+01  7.913069e+01 -1.619489e+00 -4.747335e+00
  R3    左     2    1    甲       6.743461e+00  2.683924e+00  4.059537e+00  6.743461e+00  6.743461e+00  1.001496e+01 3.271498e+00 -7.916896e-01
  R3    左     3    2    甲       1.001496e+01  5.951771e+00  4.063188e+00  1.001496e+01  1.001496e+01  1.167421e+01 1.659252e+00 -2.405788e+00
  R3    左     4    3    甲       1.167421e+01  7.609171e+00  4.065040e+00  1.167421e+01  1.167421e+01  1.494165e+01 3.267440e+00 -8.012468e-01
  R3    左     5    4    甲       1.494165e+01  1.087296e+01  4.068687e+00  1.494165e+01  1.494165e+01  1.674173e+01 1.800076e+00 -2.270620e+00
  R3    右     8    7    甲       9.340511e+01  9.264315e+01  7.619554e-01  9.340511e+01  9.340511e+01  8.904220e+01 -4.362906e+00 -5.123970e+00
  R3    右     10   9    甲       8.877710e+01  8.462601e+01  4.151098e+00  8.877710e+01  8.877710e+01  8.819793e+01 -5.791763e-01 -4.729628e+00
  R3    右     11   10   甲       8.819793e+01  8.404748e+01  4.150452e+00  8.819793e+01  8.819793e+01  8.677935e+01 -1.418581e+00 -5.567449e+00
  R3    右     12   11   甲       8.677935e+01  8.263048e+01  4.148869e+00  8.677935e+01  8.677935e+01  8.535593e+01 -1.423419e+00 -5.570699e+00
  R3    右     13   12   甲       8.535593e+01  8.120865e+01  4.147280e+00  8.535593e+01  8.535593e+01  7.539869e+01 -9.957239e+00 -1.409340e+01
  R5    左     2    1    甲       5.236328e+00  1.194540e+00  4.041788e+00  5.236328e+00  5.236328e+00  6.410099e+00 1.173771e+00 -2.873150e+00
  R5    左     5    4    甲       1.855592e+01  1.445589e+01  4.100036e+00  1.855592e+01  1.855592e+01  1.890343e+01 3.475072e-01 -3.754048e+00
  R5    右     8    7    甲       9.279955e+01  8.837483e+01  4.424713e+00  9.279955e+01  9.279955e+01  8.968009e+01 -3.119456e+00 -7.530524e+00
  R5    右     9    8    甲       8.968009e+01  8.526902e+01  4.411068e+00  8.968009e+01  8.968009e+01  8.074263e+01 -8.937462e+00 -1.330945e+01
  R5    右     10   9    甲       8.074263e+01  7.637065e+01  4.371984e+00  8.074263e+01  8.074263e+01  6.965155e+01 -1.109108e+01 -1.541456e+01
  R5    右     11   10   甲       6.965155e+01  6.532807e+01  4.323482e+00  6.965155e+01  6.965155e+01  6.958409e+01 -6.746448e-02 -4.390651e+00
  R6    左     1    0    乙       1.552400e-01  3.986118e+00  3.830878e+00  3.986118e+00  3.986118e+00  3.228927e+00 -7.571907e-01 3.061323e+00
  R6    左     2    1    乙       3.228927e+00  7.047441e+00  3.818514e+00  7.047441e+00  7.047441e+00  4.729877e+00 -2.317563e+00 1.494912e+00
  R6    左     4    3    乙       1.947910e+01  2.323225e+01  3.753145e+00  2.323225e+01  2.323225e+01  2.275455e+01 -4.777013e-01 3.262268e+00
  R6    右     7    6    乙       8.585495e+01  8.934109e+01  3.486142e+00  8.934109e+01  8.934109e+01  7.863378e+01 -1.070730e+01 -7.192115e+00
  R6    右     8    7    乙       7.863378e+01  8.214897e+01  3.515189e+00  8.214897e+01  8.214897e+01  7.862791e+01 -3.521064e+00 -5.852787e-03
  R6    右     9    8    乙       7.862791e+01  8.214312e+01  3.515211e+00  8.214312e+01  8.214312e+01  7.593189e+01 -6.211226e+00 -2.685170e+00
  R6    右     10   9    乙       7.593189e+01  7.945795e+01  3.526056e+00  7.945795e+01  7.945795e+01  6.903261e+01 -1.042534e+01 -6.871533e+00
  POPULATION=42 PRINTED=32 SUPPRESSED=10  # A-1 受詞外之不合格宗（全列）
     ⚠️ `PRINTED ≠ POPULATION` ⇒ 🔒 **本表之結論一律以 `POPULATION` 為分母**（⛔ 表身列數不得作為母體·節 105）

  🔴 **必答：二界平行時，`Δfront`／`Δbase` 之號何以為負？**
     🔒 **逐步指認（⛔ 純算術·由上表逐宗可核）**：
     ① `P⊥` ＝ `s(B_prev)`、`B⊥` ＝ `s(P_prev)`（法向投影⇒ `s` 不變·`w40.eval_lot` 逐字）
     ② 甲乙判別 ＝ `s(B_prev)` vs `s(P_prev)`；**二情形之起算二端皆 ＝ `max(s(P_prev), s(B_prev))`**
        （甲：`(s_Pprev, s_Bperp) = (s_Pprev, s_Pprev)`／乙：`(s_Pperp, s_Bprev) = (s_Bprev, s_Bprev)`）
     ③ ⇒ **起算垂線之二端被壓成<u>同一個 `s`</u>**，而前一宗之遠側界本身跨越 `|s(P_prev) − s(B_prev)|`（＝**斜跨距**）
     ④ 而本宗之二交點相差 `s(B_cur) − s(P_cur)`（＝**本宗之帶號斜跨距**）
        🔒 **恆等式甲（二情形皆成立）**：`Δbase − Δfront ≡ s(B_cur) − s(P_cur)`
        🔒 **恆等式乙（判準之精確形）**：`min(Δfront, Δbase) ≡ min(s(P_cur), s(B_cur)) − max(s(P_prev), s(B_prev))`
     ⇒ 🔒 **判準實際在比：<u>本宗二交點之 min</u> vs <u>前一宗二交點之 max</u>**
        ⇒ 違反 ⟺ `min(本宗二交點) < max(前宗二交點) − 1e-6`
     ⇒ 🔴 **⛔ 與二界是否平行無關**——只要界線有斜跨距（`BASELINE ∦ FRONTLINE` 亦使其隨位置變），
        **本宗須推進「至少一整個斜跨距」方能過關** ⇒ 平行二界之相鄰宗**系統性**被判違反。
     🔒 **恆等式甲之逐宗殘差** 極大 ＝ **0.000e+00**（**殘差/ulp ＝ 0.00**）⇒ ✅ **成立**
     🔒 **恆等式乙之逐宗殘差** 極大 ＝ **0.000e+00**（**殘差/ulp ＝ 0.00**）⇒ ✅ **成立**
     🩸 **首版之誤（記入 §I）**：我原寫「`Δbase − Δfront ≡ −(s(P_prev) − s(B_prev))`」（用**前一宗**之斜跨距）⇒ 逐宗殘差極大 **4.850e-02** ⇒ 不成立；
        其因 ＝ **`BASELINE ∦ FRONTLINE`** ⇒ 斜跨距**隨 `s` 位置而變**，⛔ 二平行線之斜跨距**不相等**。
     🔒 **推進量 vs 斜跨距**（⇒ 負號之直接來源·`推進量` ＝ `min(本宗二交點) − min(前宗二交點)`）：
     街廓    側     i    min(本宗)−max(前宗)          本宗斜跨距          前宗斜跨距         Δ 之較小端
     R1    右     3     -1.013192e+01   3.083718e+00   3.083450e+00  -1.013192e+01
     R2    左     2     -2.531326e+00   3.178567e+00   3.179012e+00  -2.531326e+00
     R2    左     4     -3.168022e+00   3.174067e+00   3.174071e+00  -3.168022e+00
     R2    左     5     -1.241170e+00   3.172737e+00   3.174067e+00  -1.241170e+00
     R2    右     9     -4.453642e+00   3.114381e+00   3.113456e+00  -4.453642e+00
     R2    右     10    -1.292530e+01   3.121131e+00   3.114381e+00  -1.292530e+01
     R2    右     11    -4.605346e+00   3.122152e+00   3.121131e+00  -4.605346e+00
     R2    右     12    -6.457706e+00   3.124447e+00   3.122152e+00  -6.457706e+00
     R2    右     13    -6.444070e+00   3.126731e+00   3.124447e+00  -6.444070e+00
     R2    右     14    -4.747335e+00   3.127846e+00   3.126731e+00  -4.747335e+00
     R3    左     2     -7.916896e-01   4.063188e+00   4.059537e+00  -7.916896e-01
     R3    左     3     -2.405788e+00   4.065040e+00   4.063188e+00  -2.405788e+00
     R3    左     4     -8.012468e-01   4.068687e+00   4.065040e+00  -8.012468e-01
     R3    左     5     -2.270620e+00   4.070696e+00   4.068687e+00  -2.270620e+00
     R3    右     8     -5.123970e+00   7.610639e-01   7.619554e-01  -5.123970e+00
     R3    右     10    -4.729628e+00   4.150452e+00   4.151098e+00  -4.729628e+00
     R3    右     11    -5.567449e+00   4.148869e+00   4.150452e+00  -5.567449e+00
     R3    右     12    -5.570699e+00   4.147280e+00   4.148869e+00  -5.570699e+00
     R3    右     13    -1.409340e+01   4.136166e+00   4.147280e+00  -1.409340e+01
     R5    左     2     -2.873150e+00   4.046921e+00   4.041788e+00  -2.873150e+00
     R5    左     5     -3.754048e+00   4.101556e+00   4.100036e+00  -3.754048e+00
     R5    右     8     -7.530524e+00   4.411068e+00   4.424713e+00  -7.530524e+00
     R5    右     9     -1.330945e+01   4.371984e+00   4.411068e+00  -1.330945e+01
     R5    右     10    -1.541456e+01   4.323482e+00   4.371984e+00  -1.541456e+01
     R5    右     11    -4.390651e+00   4.323187e+00   4.323482e+00  -4.390651e+00
     R6    左     1     -7.571907e-01   3.818514e+00   3.830878e+00  -7.571907e-01
     R6    左     2     -2.317563e+00   3.812476e+00   3.818514e+00  -2.317563e+00
     R6    左     4     -4.777013e-01   3.739969e+00   3.753145e+00  -4.777013e-01
     R6    右     7     -1.070730e+01   3.515189e+00   3.486142e+00  -1.070730e+01
     R6    右     8     -3.521064e+00   3.515211e+00   3.515189e+00  -3.521064e+00
     R6    右     9     -6.211226e+00   3.526056e+00   3.515211e+00  -6.211226e+00
     R6    右     10    -1.042534e+01   3.553809e+00   3.526056e+00  -1.042534e+01
  POPULATION=32 PRINTED=32 SUPPRESSED=0  # A-1 判準之精確形（全列）

  🔒 **判別力（常設 8·⛔ 不可省）**：對**已知合格**之受詞外宗同法逐步出艙
     受詞外之合格宗 ＝ **10**；其 `min(本宗)−max(前宗)` 之**極小** ＝ 8.084667e-01
     不合格宗之 `min(本宗)−max(前宗)` 之**極大** ＝ -4.777013e-01
     ⇒ ✅ **二群完全分離**（⇒ 中間量與結論**逐項對應**）（🔒 **單一門檻**之分離宣稱·常設 14 ①）
     🔒 **節 103**：門檻兩側最接近之二筆 ＝ -4.777013e-01（不合格側極大）／8.084667e-01（合格側極小）

  🔴 **併答（A-0 之受詞）：該機制<u>是否亦出現於受詞內</u>之宗？**
  街廓    側     i    情形             |sin|          本宗斜跨距          前宗斜跨距  min(本)−max(前) 出艙碼     
  R1    左     1    乙          9.738e-03   2.683093e+00   2.358909e+00   1.557194e+01 合格      
  R1    右     4    乙          1.206e-02   2.681325e+00   3.083718e+00  -5.478160e+00 不合格     
  R2    左     1    乙          7.536e-02   3.179012e+00   2.163233e-01   1.418602e+00 合格      
  R3    右     9    甲          7.536e-02   4.151098e+00   7.610639e-01  -4.416196e+00 不合格     
  R5    左     1    甲          7.536e-02   4.041788e+00   7.426365e-01  -3.655290e+00 不合格     
  POPULATION=5 PRINTED=5 SUPPRESSED=0  # A-1 受詞內逐宗（全列）
  🔒 **`P2` 之判**：受詞內之宗中，`min(本宗) < max(前宗)`（＝ 同一機制）者 ＝ **3 ／ 5** ⇒ ✅ **同一成因亦出現於受詞內**（`P2` 成立）

【D／A-2】`_PAR_TOL = 1.0e-06` 之**射程現查** ＋ 以之重判（⛔ 不另立門檻）
------------------------------------------------------------------------------------------------------------------------------------------------------------------------------------------------------------------
  🔒 **定義處與全部使用點**（自碼面現查·逐處出艙其受詞）：
     verify/stepg_pipeline.py:1054   _PAR_TOL = 1e-6                  # 方向平行判定（|cross| of unit vectors）
     verify/stepg_pipeline.py:1065   return abs(float(_np_d.cross(_u / _nu, _v / _nv))) <= _PAR_TOL
     verify/stepg_pipeline.py:1144   🔒 **容差與 `_dir_is_alloc` 同源**（`_PAR_TOL`）——⛔ 不另立門檻。
     verify/stepg_pipeline.py:1159   return (_c <= _PAR_TOL), _c, float(_np_d.degrees(_np_d.arcsin(min(1.0, _c))))
     verify/stepg_pipeline.py:1182   此斷言**可證偽**，能抓到：`_alloc_dir_used` 來源錯誤／`_PAR_TOL` 與
     verify/stepg_pipeline.py:1196   f"（|cross|={_cx:.10f}／夾角={_ang:.6f}°　≤ 容差 {_PAR_TOL:g}）"
  🔒 **射程之判**：其判定式逐字為 `abs(cross(u/|u|, v/|v|)) <= _PAR_TOL`（`_dir_is_alloc`·`:1065`）⇒ **受詞 ＝ 二單位向量之 `|sin|`**
     ⇒ 🔒 **與本批「前一宗遠側界是否 ∥SIDELINE」所用之量<u>同一</u>** ⇒ **射程涵蓋** ✅
     ⚠️ ⛔ **不涵蓋者具名**：`_PAR_TOL` 之原受詞為「**該側 SIDE 與 ALLOC**」／「**本宗 `_alloc_dir_used` 與街廓 ALLOC**」，⛔ 非「**相鄰二宗之遠側界**」——🔒 **惟三者皆為「二方向是否平行」之同一物理量** ⇒ 沿用之·具名。

  🔴 **以 `1.0e-06` 重判**（母體 ＝ 47 宗·＝ `-85` 之 57 宗母體）
     受詞內 ＝ **5**／受詞外 ＝ **42**；**受詞內之違反宗數 ＝ 3**
        🔴 R1   右     i=4  （前 3·`|sin|`=1.206e-02＝0.6908°）面積 596.2550 ㎡
        🔴 R3   右     i=9  （前 8·`|sin|`=7.536e-02＝4.3220°）面積 25.9425 ㎡
        🔴 R5   左     i=1  （前 0·`|sin|`=7.536e-02＝4.3220°）面積 0.9867 ㎡
  POPULATION=3 PRINTED=3 SUPPRESSED=0  # A-2 以正典容差重判之違反宗（全列）
     面積合計 ＝ **623.1843 ㎡**
  🔒 **`P3` 之判**：實得 **3** 宗（期望 **3**·名單 `R1右4`／`R3右9`／`R5左1`）⇒ ✅ **數與名單皆符**
  🔒 **節 103（門檻上下最接近之二筆及其餘裕）**：
     下側極大 ＝ **7.521221e-08**（餘裕 9.248e-07）／上側極小 ＝ **9.737922e-03**（餘裕 9.737e-03）
     🔒 **二者之比 ＝ 1.2947e+05** ⇒ ✅ **≥ 10 ⇒ ⛔ 非擦邊**
  🔒 **常設 14 ①（單一門檻）**：本節之分離宣稱以**單一門檻 `1.0e-06`** 表述⇒ ⛔ **無未定義帶**（⛔ 非 `-85` `P4` 之 `1e-9`／`1e-3` 二門檻）

【E／A-3】**座標框之正當性**（`K-6:2426` 逐字「⇒ ⛔ 不另立座標框」）
------------------------------------------------------------------------------------------------------------------------------------------------------------------------------------------------------------------
  🔒 **`st_frame` 之逐字構成式**（錨 `verify/probes/probe_WG941_bandbase.py:87`）：
     `d̂ = d_hat/|d_hat|`；`n̂ = (−d̂_y, d̂_x)`；`(s, t) = ((p − front_pt)·d̂, (p − front_pt)·n̂)`；
     其後依**形心翻號** `σ`（`t < 0` ⇒ 全環 `t → −t`）⇒ 🔒 **`σ` 只作用於 `t`，⛔ 不動 `s`**。
  🔒 **`w40.s_of` 之逐字**：`(pt[0]−origin[0])*d[0] + (pt[1]−origin[1])*d[1]` ＝ `(pt − origin)·d̂`
     且本波各探針之 `origin` 一律 ＝ `cad['front_lines'][lbl]['p1']` ＝ **`front_pt`**
  ⇒ 🔴 **`框甲` ＝ `w40.s_of(點, front_pt, d̂)` ＝ `st_frame` 之 `s`（逐字同式）**

  🔒 **逐宗逐位對拍**（⛔ 非字面比較·母體 ＝ **全部宗**·⛔ 非只取 `宗0`）
     🔒 `eps_touch` ＝ **生產常數 `ns['_EPS_TOUCH_FRONT']` ＝ 1.000e-02**（⛔ 不另立·同 `w941`／`w947` 之取法）
  街廓    宗      頂點數            極大差 |Δs|         殘差/ulp 判         
  R1    0      5             4.441e-16           0.25 ✅ 逐位相同    
  R1    1      4             0.000e+00           0.00 ✅ 逐位相同    
  R1    2      6             1.421e-14           1.00 ✅ 逐位相同    
  R1    3      4             1.421e-14           1.00 ✅ 逐位相同    
  R1    4      4             0.000e+00           0.00 ✅ 逐位相同    
  R2    0      6             1.193e-15           1.34 ✅ 逐位相同    
  POPULATION=59 PRINTED=6 SUPPRESSED=53  # A-3 `框甲` vs `st_frame.s` 逐宗對拍
     ⚠️ `PRINTED ≠ POPULATION` ⇒ 🔒 **本表之結論一律以 `POPULATION` 為分母**（⛔ 表身列數不得作為母體·節 105）
     🔒 **母體之界定（⛔ 不得以 0 為母體·空真假綠）**：可比對之宗 ＝ **58**；`st_frame` raise 者 ＝ **1**（其因 ＝ 該宗與 FRONTLINE **無前緣邊**·⛔ 非本檔之誤）
     🔒 **逐位相同 ＝ 58 ／ 58**；**全體之極大差 ＝ 2.842e-14** ⇒ ✅
  🔒 **`P4` 之判**：其預測為「**框乙** ＝ `st_frame`；**框甲**為另立」
     🔴 **實得相反**：**`框甲` ＝ `st_frame.s`（58／58 格逐位相同）**
  🔒 **`框乙` 之正確定性（⛔ 非「另立座標框」）**：
     `框乙(X)` ＝ 「過 `X` 且 ∥ALLOC 之直線與 FRONTLINE 之交點」之 `s`
     ＝ **`st_frame.s` 施於<u>另一個點</u>** ⇒ 🔒 **同一座標框、二個<u>受詞點</u>**
     ⇒ ✅ **⛔ 未另立座標框**（`K-6:2426` **未被違反**）；🩸 `-85` §I 稱之為「二框」係**措辭不當**·本批更正（見 §I）
  🔒 **本波各探針實際所用之框**（逐支現查）：
     w40 (-40)    `w40.s_of` 12  ／ `s_front_of_line` 0   ／ `strip_axis` 0   ／ `st_frame` 0
     w81 (-81)    `w40.s_of` 6   ／ `s_front_of_line` 0   ／ `strip_axis` 7   ／ `st_frame` 0
     w82 (-82)    `w40.s_of` 2   ／ `s_front_of_line` 0   ／ `strip_axis` 5   ／ `st_frame` 0
     w83 (-83)    `w40.s_of` 9   ／ `s_front_of_line` 0   ／ `strip_axis` 3   ／ `st_frame` 0
     w84 (-84)    `w40.s_of` 15  ／ `s_front_of_line` 8   ／ `strip_axis` 3   ／ `st_frame` 0
     w85 (-85)    `w40.s_of` 8   ／ `s_front_of_line` 10  ／ `strip_axis` 6   ／ `st_frame` 0

【F／A-4】`D-0` 二源之結案 ＋ `R1 左 j=0` 之雙重異常
------------------------------------------------------------------------------------------------------------------------------------------------------------------------------------------------------------------
  🔴 **A-4-1｜二源之取邊規則**（測 `VR-043` 四之假說·母體 ＝ 全體 59 宗）
  街廓    側     i    sign   w40 取邊       |sin|(甲,乙) 判           
     🔒 **`|sin|(甲,乙) > 1e-5` 者逐宗具名**：
        R1   右     i=3   sign=-1  w40 取邊 0  |sin| ＝ 1.206e-02（0.6908°）
        R3   右     i=8   sign=-1  w40 取邊 3  |sin| ＝ 7.536e-02（4.3220°）
  POPULATION=59 PRINTED=2 SUPPRESSED=57  # A-4-1 全體宗（僅列 `|sin| > 1e-5` 者）
     ⚠️ `PRINTED ≠ POPULATION` ⇒ 🔒 **本表之結論一律以 `POPULATION` 為分母**（⛔ 表身列數不得作為母體·節 105）
     🔒 **`P5` 之判**：`sign = −1` 之側（29 宗）中 `|sin| > 1e-5` 者 ＝ **2**（期望 ≥1）；`sign = +1` 之側（30 宗）中 `> 1e-5` 者 ＝ **0**（期望 0·皆 ≤ `_PAR_TOL`）⇒ ✅ **假說成立**
     🔒 `sign = +1` 之側中 `|sin| > _PAR_TOL(1e-06)` 者 ＝ **0**：[]
  🔴 **正典之獨立佐證（CC 自補·⛔ 施工單未令）**：`K-6:1043–1045` 逐字載
     「須重量者（其側之 `SIDE` 與 `ALLOC` **不平行**·夾角【倉】`verify/out/probe_D2b7_dirscope.log`）：
      `0m R3/right`（**4.321958°**）／`0m R5/left`（**4.321968°**）／`3.5m R1/right`（**0.690832°**）…」
     ⇒ 🔒 **`D-0` 之二真差角<u>正典早已載明</u>，且其受詞 ＝ <u>該側之 SIDE 與 ALLOC 之夾角</u>**
     ⇒ **該 `|sin|` ⛔ 非「取錯邊」所生之偽差，係<u>真實幾何</u>**（⇒ `D-0` 之定性更正·見報告 §F）

  🔴 **A-4-2｜`R1 左 j=0` 之雙重異常**
     ① **何以「現況本即 0 對」**：`R1` `j=0` 之可算對 ＝ 3（其中 `d≥2` ＝ 3）；逐對之 `s*` 與 `contains`：
        (0,2) d=2  s* ＝ -3711.4620  contains ＝ False
        (0,3) d=3  s* ＝ -3371.0484  contains ＝ False
        (0,4) d=4  s* ＝ -7307.2952  contains ＝ False
        弦區間 λ ＝ [0.000021, 33.244114] ⇒ 逐對之 `s*` 是否 ∈ λ：[(2, False), (3, False), (4, False)]
     ② **`殘差/ulp = 2.9e8` 之量級**：其 `S_req` ＝ 6.4796（`ulp = 8.882e-16`）⇒ 分母**比其餘四格小 3〜4 個數量級**（89.04／78.63 之 `ulp = 1.421e-14`）
        🔒 `ulp(6.4796) = 8.882e-16` vs `ulp(89.0422) = 1.421e-14` ⇒ **比 ＝ 16.0**
     🔒 **`P6` 之判（二異常是否同源）**：見報告 §F-2（⛔ 本檔只出艙量）

【G／P7】`run_all` 清單筆數之**第十二法**（🔒 位元組碼之控制流定位法·⛔ 與十一法不同族）
------------------------------------------------------------------------------------------------------------------------------------------------------------------------------------------------------------------
  母體 ＝ `run_all.main` 之**位元組碼指令流**；受詞 ＝ 餵給 `GET_ITER`／`FOR_ITER` 之常數元組
  🔒 **⛔ 未 `exec`**（僅 `compile`）⇒ ⛔ 未執行 `run_all`（閘 7）
  命中之候選元組數 ＝ **1**；其長度 ＝ [15]
     fixture_cad_binding_order.py
     fixture_baseline_candidates.py
     fixture_n14_min_width.py
     fixture_n14_feed_chain.py
     fixture_block_depth_n19p.py
     fixture_corner_range_k8.py
     fixture_end_reserve.py
     fixture_end_fallback.py
     fixture_end_winner.py
     fixture_wf_ns_wiring.py
     fixture_e2e_termination.py
     fixture_g3_static_guards.py
     fixture_midlayer_6items.py
     fixture_yi_construction.py
     tools/wg973_gb_integrity.py
  POPULATION=15 PRINTED=15 SUPPRESSED=0  # 第十二法之逐項（全列）
  ⇒ **第十二法所得 ＝ 15**（施工單 `P7` 期望 **15**）⇒ ✅ 相符
  🔒 **其獨有之判別力已於 `selfcheck` ⑤ 實證**：合成模組（迭代 2 ＋ **誘餌 3**）⇒ 本法得 **2**、④⑥ 族得 **3** ⇒ **受詞確實不同**
