================================================================================================
【O-1】三個 `F.N 靜態閘` **各自**實跑（⛔ 不引分類器·⛔ 不以其一外推其二）
================================================================================================
  ▸ F.2 靜態閘
      受測檔 ＝ wf_f2.py｜禁用名 4 個 ＝ ('calc_a_prime', '_allocate_three_tier_v1', '_allocate_tier2_tier3_geometric', '_inflate_a_for_orphan')
      實跑違規 ＝ （空）　⇒ ✅ 綠
      竄改態（合成含 `calc_a_prime(` 之原始碼）⇒ ['calc_a_prime(']　✅ 具鑑別力
  ▸ F.3 靜態閘
      受測檔 ＝ wf_f3.py｜禁用名 4 個 ＝ ('calc_a_prime', '_allocate_three_tier_v1', '_allocate_tier2_tier3_geometric', '_inflate_a_for_orphan')
      實跑違規 ＝ （空）　⇒ ✅ 綠
      竄改態（合成含 `calc_a_prime(` 之原始碼）⇒ ['calc_a_prime(']　✅ 具鑑別力
  ▸ F.4 靜態閘
      受測檔 ＝ wf_f4.py｜禁用名 4 個 ＝ ('calc_a_prime', '_allocate_three_tier_v1', '_allocate_tier2_tier3_geometric', '_inflate_a_for_orphan')
      實跑違規 ＝ （空）　⇒ ✅ 綠
      竄改態（合成含 `calc_a_prime(` 之原始碼）⇒ ['calc_a_prime(']　✅ 具鑑別力
  ⇒ **`O-1` 成立**

================================================================================================
【O-2】CAD 管線於現況**實跑**跑得完（不需 `run_step_g`）
================================================================================================
  主樣本 ＝ `v3 reverse-test③ 單位工程費 3500→3550 ⟹ 重劃總負擔率隨動`
  取樣理由（事前登記 §2-2）：其相依恰為 `ns`／`cb_by`／`snapshot`，**不含** `_ctx`／`stepg_ctx` ⇒ 對 `O-2` 最具鑑別力
  ⚠️ **其餘 5 項未實跑**（⛔ 不以一項外推全部）
  ① harvest ⇒ ns 227 名
  ② build_pipeline ⇒ cb 11 塊、cad 鍵 14
  ③ compute_total_burden_rate（原快照）⇒ 率 ＝ 0.40712387
  ④ compute_total_burden_rate（單位工程費 3550）⇒ 率 ＝ 0.40781775
  ⇒ ✅ **管線跑完**（⛔ 未經 `run_step_g`）⇒ **`O-2` 成立**
  附帶：該主判定之斷言（率隨動）⇒ ✅ 成立　⚠️ **此項⛔ 不構成 `O-2` 之判準**（事前登記 §2-2 已具名區分）
  🔒 判別力自檢：餵壞輸入（`cb=None`）⇒ 實拋 TypeError　⇒ 「跑得完」之判定**非恆真**

================================================================================================
【判定】`O-1` ＝ ✅ 成立｜`O-2` ＝ ✅ 成立
================================================================================================
