================================================================================================================
【K-8 段一】BASELINE↔街廓 配對之**驗證**（既有 C-1/C-2/C-3/C-5·非新機制）
================================================================================================================
  DXF 量化步長 q = 1e-05｜BASELINE 線段數 = 4
    #0 handle=61 len=95.6582
    #1 handle=62 len=89.2136
    #2 handle=63 len=88.0374
    #3 handle=64 len=96.7022

【1】既有配對之輸出（`cad['baselines']`）vs 期望集合
----------------------------------------------------------------------------------------------------------------
  街廓                     配到之 point     angle°  期望  判
  R1    ( 310495.168,2651916.169)   -46.5537  [0, 2]  ✅
  R2    ( 310394.801,2651881.965)    48.0498  [3]  ✅
  R3    ( 310394.801,2651881.965)    48.0498  [3]  ✅
  R4    ( 310495.168,2651916.169)   -46.5537  [0, 2]  ✅
  R5    ( 310466.201,2651817.151)    46.0270  [1]  ✅
  R6    ( 310466.201,2651817.151)    46.0270  [1]  ✅
  ⇒ matched_count = 6（期 6）｜缺件集合 = ∅（期 ∅）  ✅

【2】共線重疊長 ÷ 實體全長（**診斷欄·不得升為選取閘**·見 docstring）
----------------------------------------------------------------------------------------------------------------
  街廓            #0        #1        #2        #3
  R1        0.0000    0.0000    1.0000    0.0000
  R2        0.0000    0.0000    0.5012    1.0000
  R3        0.0000    0.0000    0.4988    1.0000
  R4        1.0000    0.0000    0.0000    0.0000
  R5        0.5013    1.0000    0.0000    0.0000
  R6        0.4987    1.0000    0.0000    0.0000
  ⚠️ 0.50 者＝該實體橫跨兩並排街廓之一半——**正是此欄不可作閘之理由**。

【3】N-19′ 街廓平均深度（垂直 BASELINE·**無限直線**·解析式·禁取樣）
----------------------------------------------------------------------------------------------------------------
  街廓           p1垂距       p2垂距         N-19′        對照靶(全精度)          Δ  判
  R1        33.1639    33.1283    33.1460880      33.1460885  -5.16e-07  ✅
  R2        44.9543    43.9815    44.4678769      44.4678769  -3.67e-11  ✅
  R3        43.7719    44.8981    44.3350249      44.3350249  -6.89e-12  ✅
  R4        33.1256    33.0837    33.1046289      33.1046289  -3.72e-11  ✅
  R5        43.5104    47.9040    45.7071870      45.7071870  -2.35e-11  ✅
  R6        47.6572    43.3615    45.5093305      45.5093305  +3.54e-11  ✅

----------------------------------------------------------------------------------------------------------------
RESULT: PASS（既有配對正確＋N-19′ 對照靶逐格相符）
================================================================================================================
