========================================================================================================================================================================================================
【D-2b-13】依序削餘鋪滿實測 ＋ 兩法對拍 ＋ 委派上界改實際弦長（seed=2026080913）
========================================================================================================================================================================================================
  難幾何母體 ＝ **14** 個（⛔ 非空·非軸對齊整數矩形）

【§b1-4】兩法對拍：**逐片獨立切**（`_block_strip` 雙線）vs **依序削餘**（`_block_partition`）
--------------------------------------------------------------------------------------------------------------------------------------------------------------------------------------------------------
  同一組幾何、**同一組界線**；判失敗 ＝ `|Σ片 − 街廓| > 1e-6` 或 最大兩兩交集 > 1e-6
  母體 ＝ **140** 例（⛔ 非空）
  (a) **逐片獨立切**：失敗 **40** 例（28.6%）　最劣殘差／交集 ＝ **1.655248e+03**
  (b) **依序削餘**  ：失敗 **0** 例（0.0%）　最劣（通過者中）＝ **3.637979e-12**
  ⇒ 失敗率 40 → 0（**歸零**）

  【加壓掃描】🔒 基礎母體得 0 失敗 ⇒ **⛔ 不得就此出艙**，先加壓再說。
    四種壓力：① 座標量級 ~1e5（相對精度劣化）② 界線近 ∥ 推進向
    ③ 界線間距次毫米 ④ 極狹長（sliver）街廓
    加壓母體 ＝ **160** 例　失敗 **0** 例（0.0%）　最劣（通過者中）＝ **1.551598e-09**
    逐壓力別失敗數：（全 0）

  【殘餘失敗之成因查明】（⛔ 不得以「落在容差內」「數量很少」代替）
    ⇒ 本母體**零殘餘失敗** ⇒ 無成因可查。⚠️ ⛔ **不得**據此宣稱依序削餘在**所有**幾何上鋪滿——本母體有限。

【§b1-2】鋪滿閘實測（`_block_partition` 內建·閘寬 1e-6·⛔ 未以下游 0.01 代掃）
--------------------------------------------------------------------------------------------------------------------------------------------------------------------------------------------------------
  poly#0  片數 5　空片 [3, 4]　|Σ−街廓| ＝ 9.095e-13　最大兩兩交集 ＝ 0.000e+00　✅
  poly#1  片數 5　空片 [3, 4]　|Σ−街廓| ＝ 1.819e-12　最大兩兩交集 ＝ 0.000e+00　✅
  poly#2  片數 5　空片 [0, 3, 4]　|Σ−街廓| ＝ 1.819e-12　最大兩兩交集 ＝ 0.000e+00　✅
  poly#3  片數 5　空片 [3, 4]　|Σ−街廓| ＝ 9.095e-13　最大兩兩交集 ＝ 0.000e+00　✅
  poly#4  片數 5　空片 [3, 4]　|Σ−街廓| ＝ 4.547e-13　最大兩兩交集 ＝ 0.000e+00　✅
  poly#5  片數 5　空片 [3, 4]　|Σ−街廓| ＝ 1.819e-12　最大兩兩交集 ＝ 0.000e+00　✅
  poly#6  片數 5　空片 [3, 4]　|Σ−街廓| ＝ 0.000e+00　最大兩兩交集 ＝ 0.000e+00　✅
  poly#7  片數 5　空片 [3, 4]　|Σ−街廓| ＝ 0.000e+00　最大兩兩交集 ＝ 0.000e+00　✅
  poly#8  片數 5　空片 [4]　|Σ−街廓| ＝ 3.638e-12　最大兩兩交集 ＝ 0.000e+00　✅
  poly#9  片數 5　空片 [4]　|Σ−街廓| ＝ 0.000e+00　最大兩兩交集 ＝ 0.000e+00　✅
  poly#10 片數 5　空片 [3, 4]　|Σ−街廓| ＝ 9.095e-13　最大兩兩交集 ＝ 0.000e+00　✅
  poly#11 片數 5　空片 [0, 3, 4]　|Σ−街廓| ＝ 0.000e+00　最大兩兩交集 ＝ 0.000e+00　✅
  poly#12 片數 5　空片 [4]　|Σ−街廓| ＝ 1.819e-12　最大兩兩交集 ＝ 0.000e+00　✅
  poly#13 片數 5　空片 [3, 4]　|Σ−街廓| ＝ 0.000e+00　最大兩兩交集 ＝ 0.000e+00　✅
  ⇒ 殘差分佈：max ＝ **3.638e-12**／median ＝ **9.095e-13**　最大兩兩交集 max ＝ **0.000e+00**（閘寬 1e-06）

【§b1-3】委派誤差上界：舊式 `½·D²·tol`（直徑）vs 新式 `½·L_max²·tol`（**實際弦長**）
--------------------------------------------------------------------------------------------------------------------------------------------------------------------------------------------------------
  街廓          D(直徑)    L_max(弦)       ½D²·tol       ½L²·tol  舊式  新式
  R1       117.4331     87.6652  6.895264e-03  3.842593e-03  ✅   ✅
  R2       141.1862     99.5076  9.966770e-03  4.950885e-03  ✅   ✅
  R3       137.6482     96.3850  9.473508e-03  4.645035e-03  ✅   ✅
  R4       126.7867     98.2324  8.037429e-03  4.824801e-03  ✅   ✅
  R5       135.0870     92.1278  9.124248e-03  4.243765e-03  ✅   ✅
  R6       131.4234     89.1683  8.636061e-03  3.975492e-03  ✅   ✅
  G1       244.1484     97.1713  2.980422e-02  4.721133e-03  🔴   ✅
  RD4      208.4963     11.9025  2.173536e-02  7.083420e-05  🔴   ✅
  RD1      145.0371     14.8754  1.051789e-02  1.106393e-04  🔴   ✅
  ⇒ 新式下仍 ≥ 0.01 者：**（無）**；其中 R1–R6：**（無）**

========================================================================================================================================================================================================
