========================================================================================================================================================================================================
【W-G.9-76 §二 A 組】`GB-67`：`②-宗` 破量之逐對拆解（⛔ 只量不修）
========================================================================================================================================================================================================
  產生於 commit：e0be937
  環境：shapely 2.1.2 | GEOS (3, 13, 1)
  🔒 A-0 錯誤方向**事前選定**：偏向**多報** ⇒ 凡交集面積 > 0 一律列入、⛔ 無下限門檻。
  🔒 A-5 選宗規則**事前選定**：s 序**第一個**宗（無 s-前驅 ⇒ 平移只增不減·歸因乾淨）。
  🔒 「同量級」**事前定義** ＝ 比值 ∈ [0.1, 10.0]。
  🔒 索引語意：`biz[i]` 序 ＝ `left_results + right_results` 分組串接，⛔ 非空間位置。

【0】量測器自檢（⛔ 先自檢後量測·各項皆附**已知真／已知偽**對照）
--------------------------------------------------------------------------------------------------------------------------------------------------------------------------------------------------------
  ① 交集面積  已知真 shapely=20.000000000／shoelace=20.000000000（期望 20）　已知偽=0.000000000（期望 0）⇒ PASS
  ② MRR（傾斜 23°·7.0×2.5）短邊=2.500000000（期望 2.5）／長邊=7.000000000（期望 7.0）⇒ PASS
     對照（已知偽·軸向外接框）：高=5.036380 ≠ 2.5 ⇒ 判別力 PASS
  ③ s 平移恆等（斜交軸·δ=0.0050）Δs_min=0.005000000000／Δs_max=0.005000000000（期望 0.0050）⇒ PASS
     對照（已知偽·δ=0 須零漂移）Δs=0.000000000000000e+00 ⇒ 判別力 PASS
  ⇒ 量測器自檢：PASS

【驅動】R1–R6 × 兩情境之實跑（⛔ 六塊全跑·⛔ 不只跑 R2）——街廓母體 = ['R1', 'R2', 'R4', 'R6', 'R5', 'R3']
--------------------------------------------------------------------------------------------------------------------------------------------------------------------------------------------------------
  攔截筆數 = 12（＝ 情境 × 街廓 之呼叫次數）

【A-2】逐對分解（⛔ 無下限門檻·⛔ 不得只報總和）
--------------------------------------------------------------------------------------------------------------------------------------------------------------------------------------------------------
  🔒 母體 ＝ 每塊全部 `C(n,2)` 對；下表列**交集面積 > 0** 之全部對，
     面積 == 0 之對僅計數（其對 Σ 之貢獻恆為 0）⇒ **分母逐塊出艙**（節 95）。

  ── [0m] R1 ── n_biz=5　分母 C(n,2)=10　depth=33.1500　bound=(n−1)×0.005×depth=0.6630
     地號對齊：✅ 逐位對齊
     Σ 全對（本探針）= 0.000000　｜　面積>0 之對數 = 0 ／ 10　（面積==0 之對 = 10）
     ⚠️ 生產端**未報** biz_x（本塊未破閘 ⇒ 無 raise 訊息）⇒ 對拍**不可行**·具名。
       分層 >1e-09 ：對數   0　Σ = 0.000000
       分層 >1e-06 ：對數   0　Σ = 0.000000
       分層 >0.001 ：對數   0　Σ = 0.000000
       分層 >0.1   ：對數   0　Σ = 0.000000

  ── [0m] R2 ── n_biz=15　分母 C(n,2)=105　depth=44.4700　bound=(n−1)×0.005×depth=3.1129
     地號對齊：✅ 逐位對齊
     Σ 全對（本探針）= 45.976589　｜　面積>0 之對數 = 4 ／ 105　（面積==0 之對 = 101）
     🔒 **生產端所報** biz_x = 45.9766（來源＝`app.py:9175` 之 raise 訊息·⛔ 獨立於本探針）　｜上界 3.1129　｜對拍 |Δ| = 0.000011 ⇒ ✅ 相符（容差 1e-4）
       分層 >1e-09 ：對數   4　Σ = 45.976589
       分層 >1e-06 ：對數   2　Σ = 45.976589
       分層 >0.001 ：對數   2　Σ = 45.976589
       分層 >0.1   ：對數   2　Σ = 45.976589
     i    j    |i−j|  宗 i 地號           宗 j 地號                     交集面積       shoelace
     0    3    3      628-41(1)        628-40(1)             26.162405      26.162354
     0    2    2      628-41(1)        628-27(1)             19.814184      19.814209
     5    6    1      628-30(2)        628-39(1)              0.000000       0.000244
     1    2    1      628-42(1)        628-27(1)              0.000000       0.000244

  ── [0m] R4 ── n_biz=2　分母 C(n,2)=1　depth=33.1000　bound=(n−1)×0.005×depth=0.1655
     地號對齊：✅ 逐位對齊
     Σ 全對（本探針）= 0.000000　｜　面積>0 之對數 = 0 ／ 1　（面積==0 之對 = 1）
     ⚠️ 生產端**未報** biz_x（本塊未破閘 ⇒ 無 raise 訊息）⇒ 對拍**不可行**·具名。
       分層 >1e-09 ：對數   0　Σ = 0.000000
       分層 >1e-06 ：對數   0　Σ = 0.000000
       分層 >0.001 ：對數   0　Σ = 0.000000
       分層 >0.1   ：對數   0　Σ = 0.000000

  ── [0m] R6 ── n_biz=11　分母 C(n,2)=55　depth=45.5100　bound=(n−1)×0.005×depth=2.2755
     地號對齊：✅ 逐位對齊
     Σ 全對（本探針）= 0.000000　｜　面積>0 之對數 = 0 ／ 55　（面積==0 之對 = 55）
     ⚠️ 生產端**未報** biz_x（本塊未破閘 ⇒ 無 raise 訊息）⇒ 對拍**不可行**·具名。
       分層 >1e-09 ：對數   0　Σ = 0.000000
       分層 >1e-06 ：對數   0　Σ = 0.000000
       分層 >0.001 ：對數   0　Σ = 0.000000
       分層 >0.1   ：對數   0　Σ = 0.000000

  ── [0m] R5 ── n_biz=12　分母 C(n,2)=66　depth=45.7100　bound=(n−1)×0.005×depth=2.5141
     地號對齊：✅ 逐位對齊
     Σ 全對（本探針）= 56.329262　｜　面積>0 之對數 = 5 ／ 66　（面積==0 之對 = 61）
     🔒 **生產端所報** biz_x = 56.3293（來源＝`app.py:9175` 之 raise 訊息·⛔ 獨立於本探針）　｜上界 2.5141　｜對拍 |Δ| = 0.000038 ⇒ ✅ 相符（容差 1e-4）
       分層 >1e-09 ：對數   4　Σ = 56.329262
       分層 >1e-06 ：對數   2　Σ = 56.329262
       分層 >0.001 ：對數   2　Σ = 56.329262
       分層 >0.1   ：對數   2　Σ = 56.329262
     i    j    |i−j|  宗 i 地號           宗 j 地號                     交集面積       shoelace
     0    2    2      628-18(2)        628-45(1)             36.133656      36.133545
     0    3    3      628-18(2)        628-7(2)              20.195606      20.195801
     8    9    1      628-23(2)        628-22(2)              0.000000       0.000000
     1    2    1      628-53(2)        628-45(1)              0.000000       0.000244
     10   11   1      628-32(1)        628-31(1)              0.000000       0.000000

  ── [0m] R3 ── n_biz=14　分母 C(n,2)=91　depth=44.3400　bound=(n−1)×0.005×depth=2.8821
     地號對齊：✅ 逐位對齊
     Σ 全對（本探針）= 0.000000　｜　面積>0 之對數 = 2 ／ 91　（面積==0 之對 = 89）
     ⚠️ 生產端**未報** biz_x（本塊未破閘 ⇒ 無 raise 訊息）⇒ 對拍**不可行**·具名。
       分層 >1e-09 ：對數   2　Σ = 0.000000
       分層 >1e-06 ：對數   0　Σ = 0.000000
       分層 >0.001 ：對數   0　Σ = 0.000000
       分層 >0.1   ：對數   0　Σ = 0.000000
     i    j    |i−j|  宗 i 地號           宗 j 地號                     交集面積       shoelace
     11   12   1      628-29(1)        628-30(3)              0.000000       0.000244
     8    9    1      628-42(2)        628-27(2)              0.000000       0.000244

  ── [3.5m] R1 ── n_biz=5　分母 C(n,2)=10　depth=33.1500　bound=(n−1)×0.005×depth=0.6630
     地號對齊：✅ 逐位對齊
     Σ 全對（本探針）= 0.000000　｜　面積>0 之對數 = 1 ／ 10　（面積==0 之對 = 9）
     ⚠️ 生產端**未報** biz_x（本塊未破閘 ⇒ 無 raise 訊息）⇒ 對拍**不可行**·具名。
       分層 >1e-09 ：對數   1　Σ = 0.000000
       分層 >1e-06 ：對數   0　Σ = 0.000000
       分層 >0.001 ：對數   0　Σ = 0.000000
       分層 >0.1   ：對數   0　Σ = 0.000000
     i    j    |i−j|  宗 i 地號           宗 j 地號                     交集面積       shoelace
     2    3    1      628-34(3)        628-37(1)              0.000000       0.000000

  ── [3.5m] R2 ── n_biz=15　分母 C(n,2)=105　depth=44.4700　bound=(n−1)×0.005×depth=3.1129
     地號對齊：✅ 逐位對齊
     Σ 全對（本探針）= 0.000000　｜　面積>0 之對數 = 3 ／ 105　（面積==0 之對 = 102）
     ⚠️ 生產端**未報** biz_x（本塊未破閘 ⇒ 無 raise 訊息）⇒ 對拍**不可行**·具名。
       分層 >1e-09 ：對數   3　Σ = 0.000000
       分層 >1e-06 ：對數   0　Σ = 0.000000
       分層 >0.001 ：對數   0　Σ = 0.000000
       分層 >0.1   ：對數   0　Σ = 0.000000
     i    j    |i−j|  宗 i 地號           宗 j 地號                     交集面積       shoelace
     3    4    1      628-40(1)        628-43(1)              0.000000       0.000000
     13   14   1      628-52(1)        628-32(2)              0.000000       0.000000
     0    1    1      628-42(1)        628-41(1)              0.000000       0.000000

  ── [3.5m] R4 ── n_biz=2　分母 C(n,2)=1　depth=33.1000　bound=(n−1)×0.005×depth=0.1655
     地號對齊：✅ 逐位對齊
     Σ 全對（本探針）= 0.000000　｜　面積>0 之對數 = 0 ／ 1　（面積==0 之對 = 1）
     ⚠️ 生產端**未報** biz_x（本塊未破閘 ⇒ 無 raise 訊息）⇒ 對拍**不可行**·具名。
       分層 >1e-09 ：對數   0　Σ = 0.000000
       分層 >1e-06 ：對數   0　Σ = 0.000000
       分層 >0.001 ：對數   0　Σ = 0.000000
       分層 >0.1   ：對數   0　Σ = 0.000000

  ── [3.5m] R6 ── n_biz=11　分母 C(n,2)=55　depth=45.5100　bound=(n−1)×0.005×depth=2.2755
     地號對齊：✅ 逐位對齊
     Σ 全對（本探針）= 0.000000　｜　面積>0 之對數 = 0 ／ 55　（面積==0 之對 = 55）
     ⚠️ 生產端**未報** biz_x（本塊未破閘 ⇒ 無 raise 訊息）⇒ 對拍**不可行**·具名。
       分層 >1e-09 ：對數   0　Σ = 0.000000
       分層 >1e-06 ：對數   0　Σ = 0.000000
       分層 >0.001 ：對數   0　Σ = 0.000000
       分層 >0.1   ：對數   0　Σ = 0.000000

  ── [3.5m] R5 ── n_biz=12　分母 C(n,2)=66　depth=45.7100　bound=(n−1)×0.005×depth=2.5141
     地號對齊：✅ 逐位對齊
     Σ 全對（本探針）= 0.000000　｜　面積>0 之對數 = 2 ／ 66　（面積==0 之對 = 64）
     ⚠️ 生產端**未報** biz_x（本塊未破閘 ⇒ 無 raise 訊息）⇒ 對拍**不可行**·具名。
       分層 >1e-09 ：對數   2　Σ = 0.000000
       分層 >1e-06 ：對數   0　Σ = 0.000000
       分層 >0.001 ：對數   0　Σ = 0.000000
       分層 >0.1   ：對數   0　Σ = 0.000000
     i    j    |i−j|  宗 i 地號           宗 j 地號                     交集面積       shoelace
     0    1    1      628-53(2)        628-18(2)              0.000000       0.000244
     1    2    1      628-18(2)        628-45(1)              0.000000       0.000244

  ── [3.5m] R3 ── n_biz=14　分母 C(n,2)=91　depth=44.3400　bound=(n−1)×0.005×depth=2.8821
     地號對齊：✅ 逐位對齊
     Σ 全對（本探針）= 0.000000　｜　面積>0 之對數 = 1 ／ 91　（面積==0 之對 = 90）
     ⚠️ 生產端**未報** biz_x（本塊未破閘 ⇒ 無 raise 訊息）⇒ 對拍**不可行**·具名。
       分層 >1e-09 ：對數   1　Σ = 0.000000
       分層 >1e-06 ：對數   0　Σ = 0.000000
       分層 >0.001 ：對數   0　Σ = 0.000000
       分層 >0.1   ：對數   0　Σ = 0.000000
     i    j    |i−j|  宗 i 地號           宗 j 地號                     交集面積       shoelace
     3    4    1      628-46(1)        628-48(1)              0.000000       0.000000

【A-3】相鄰／不相鄰之分解（`|i−j|` ＝ 施工單所令；`s 序` ＝ 🔒 **補充欄·⛔ 非施工單所令**）
--------------------------------------------------------------------------------------------------------------------------------------------------------------------------------------------------------
  情境     街廓       n      bound          Σ全對         Σ_相鄰        Σ_不相鄰     不相鄰佔比       Σ_s序相鄰      Σ_s序不相鄰
  0m     R1       5     0.6630     0.000000     0.000000     0.000000         —     0.000000     0.000000
  0m     R2      15     3.1129    45.976589     0.000000    45.976589   100.00%     0.000000    45.976589
  0m     R4       2     0.1655     0.000000     0.000000     0.000000         —     0.000000     0.000000
  0m     R6      11     2.2755     0.000000     0.000000     0.000000         —     0.000000     0.000000
  0m     R5      12     2.5141    56.329262     0.000000    56.329262   100.00%     0.000000    56.329262
  0m     R3      14     2.8821     0.000000     0.000000     0.000000     0.00%     0.000000     0.000000
  3.5m   R1       5     0.6630     0.000000     0.000000     0.000000     0.00%     0.000000     0.000000
  3.5m   R2      15     3.1129     0.000000     0.000000     0.000000     0.00%     0.000000     0.000000
  3.5m   R4       2     0.1655     0.000000     0.000000     0.000000         —     0.000000     0.000000
  3.5m   R6      11     2.2755     0.000000     0.000000     0.000000         —     0.000000     0.000000
  3.5m   R5      12     2.5141     0.000000     0.000000     0.000000     0.00%     0.000000     0.000000
  3.5m   R3      14     2.8821     0.000000     0.000000     0.000000     0.00%     0.000000     0.000000

  判（⛔ 只判不改）：`Σ_相鄰 ≤ bound`？
    [0m] R1   Σ_相鄰 = 0.000000　vs bound = 0.6630 ⇒ ✅ ≤ bound
    [0m] R2   Σ_相鄰 = 0.000000　vs bound = 3.1129 ⇒ ✅ ≤ bound
    [0m] R4   Σ_相鄰 = 0.000000　vs bound = 0.1655 ⇒ ✅ ≤ bound
    [0m] R6   Σ_相鄰 = 0.000000　vs bound = 2.2755 ⇒ ✅ ≤ bound
    [0m] R5   Σ_相鄰 = 0.000000　vs bound = 2.5141 ⇒ ✅ ≤ bound
    [0m] R3   Σ_相鄰 = 0.000000　vs bound = 2.8821 ⇒ ✅ ≤ bound
    [3.5m] R1   Σ_相鄰 = 0.000000　vs bound = 0.6630 ⇒ ✅ ≤ bound
    [3.5m] R2   Σ_相鄰 = 0.000000　vs bound = 3.1129 ⇒ ✅ ≤ bound
    [3.5m] R4   Σ_相鄰 = 0.000000　vs bound = 0.1655 ⇒ ✅ ≤ bound
    [3.5m] R6   Σ_相鄰 = 0.000000　vs bound = 2.2755 ⇒ ✅ ≤ bound
    [3.5m] R5   Σ_相鄰 = 0.000000　vs bound = 2.5141 ⇒ ✅ ≤ bound
    [3.5m] R3   Σ_相鄰 = 0.000000　vs bound = 2.8821 ⇒ ✅ ≤ bound

【A-3-a】🔒 **補充（⛔ 非施工單所令）**：破量塊之逐宗 s 位置 ＋ 破量對之「中間隔了哪幾宗」
--------------------------------------------------------------------------------------------------------------------------------------------------------------------------------------------------------
  🔒 目的：`GB-67` 之新受詞為「**不相鄰**之宗之間為何會重疊」⇒ 須先坐實「不相鄰」
     **⛔ 不只是編號不相鄰**（`|i−j|`），**空間上（s 序）亦不相鄰**。
  🔒 「中間隔了哪幾宗」＝ s 序 rank 嚴格介於二者之間之宗（⛔ 非編號減法）。

  ── [0m] R2 ── s 序（由小而大）＝ [0, 1, 2, 3, 4, 5, 6, 7, 14, 13, 12, 11, 10, 9, 8]
     i    s序rank 地號                        s_min          s_max        s 寬
     0    0      628-41(1)                0.2677         7.4487     7.1810
     1    1      628-42(1)                4.0554         4.8139     0.7586
     2    2      628-27(1)                4.8139         5.4612     0.6472
     3    3      628-40(1)                5.4612        11.9913     6.5301
     4    4      628-43(1)               11.9913        11.9974     0.0060
     5    5      628-30(2)               11.9974        13.9289     1.9316
     6    6      628-39(1)               13.9289        19.0536     5.1246
     7    7      628-31(2)               19.0536        27.7887     8.7351
     14   8      628-32(2)               69.2581        79.1307     9.8726
     13   9      628-52(1)               79.1307        80.7502     1.6195
     12   10     628-51(1)               80.7502        84.0675     3.3173
     11   11     628-50(1)               84.0675        87.4008     3.3333
     10   12     628-49(1)               87.4008        88.8840     1.4832
     9    13     628-34(1)               88.8840        98.6881     9.8042
     8    14     628-35(1)               98.6881       100.0274     1.3393
     對          |i−j|    s序rank差    中間隔了哪幾宗(s序)              交集面積
     宗0  ×宗3   3        3          [1, 2]                   26.162405
     宗0  ×宗2   2        2          [1]                      19.814184
     宗5  ×宗6   1        1          （無）                      0.000000
     宗1  ×宗2   1        1          （無）                      0.000000

  ── [0m] R5 ── s 序（由小而大）＝ [0, 1, 2, 3, 4, 5, 6, 11, 10, 9, 8, 7]
     i    s序rank 地號                        s_min          s_max        s 寬
     0    0      628-18(2)                0.2685         8.1618     7.8932
     1    1      628-53(2)                4.8498         5.2363     0.3865
     2    2      628-45(1)                5.2363         6.4101     1.1738
     3    3      628-7(2)                 6.4101        11.9614     5.5513
     4    4      628-20(2)               11.9614        18.5559     6.5946
     5    5      628-30(1)               18.5559        18.9034     0.3475
     6    6      628-21(2)               18.9034        29.4574    10.5540
     11   7      628-31(1)               69.3545        69.5841     0.2296
     10   8      628-32(1)               69.5841        69.6516     0.0675
     9    9      628-22(2)               69.6516        80.7426    11.0911
     8    10     628-23(2)               80.7426        89.6801     8.9375
     7    11     628(3)                  89.6801        92.7995     3.1195
     對          |i−j|    s序rank差    中間隔了哪幾宗(s序)              交集面積
     宗0  ×宗2   2        2          [1]                      36.133656
     宗0  ×宗3   3        3          [1, 2]                   20.195606
     宗8  ×宗9   1        1          （無）                      0.000000
     宗1  ×宗2   1        1          （無）                      0.000000
     宗10 ×宗11  1        1          （無）                      0.000000

【A-4】重疊之**形狀**判別（⛔ 只判不修·判準＝ MRR 短邊 ÷ 0.005）
--------------------------------------------------------------------------------------------------------------------------------------------------------------------------------------------------------
  判準：短邊/0.005 ≲ 1 ⇒ **捨入相容**；≫ 1 ⇒ 🔴 **構造塊**；非單一 Polygon ⇒ ⚠️ **不可判**（具名·⛔ 不推定）。
  🔒 「≲ 1」**事前定義** ＝ 短邊/0.005 ≤ 2.0；「≫ 1」＝ ≥ 10.0；落於 (2.0, 10.0) 者判 ⚠️ **不可判·具名**。
  情境     街廓    i    j    |i−j|           交集面積       MRR短邊       MRR長邊    短邊/0.005 幾何型        判             
  0m     R2    0    3    3          26.162405    1.982474   26.392418      396.49 Polygon    🔴 構造塊         
  0m     R2    0    2    2          19.814184    0.645495   34.987162      129.10 Polygon    🔴 構造塊         
  0m     R2    5    6    1           0.000000    0.000121   44.963893        0.02 Polygon    捨入相容          
  0m     R2    1    2    1           0.000000    0.000000   10.065671        0.00 Polygon    捨入相容          
  0m     R5    0    2    2          36.133656    1.168326   38.674845      233.67 Polygon    🔴 構造塊         
  0m     R5    0    3    3          20.195606    1.745143   23.144613      349.03 Polygon    🔴 構造塊         
  0m     R5    8    9    1           0.000000    0.000434   47.381258        0.09 Polygon    捨入相容          
  0m     R5    1    2    1           0.000000    0.000306    5.127876        0.06 Polygon    捨入相容          
  0m     R5    10   11   1           0.000000    0.000447   46.852369        0.09 Polygon    捨入相容          
  0m     R3    11   12   1           0.000000    0.000000   44.946074        0.00 Polygon    捨入相容          
  0m     R3    8    9    1           0.000000    0.000290   44.987491        0.06 Polygon    捨入相容          
  3.5m   R1    2    3    1           0.000000    0.000030   33.239103        0.01 Polygon    捨入相容          
  3.5m   R2    3    4    1           0.000000    0.000000   44.903578        0.00 Polygon    捨入相容          
  3.5m   R2    13   14   1           0.000000    0.000147   44.327698        0.03 Polygon    捨入相容          
  3.5m   R2    0    1    1           0.000000    0.000132   45.014950        0.03 Polygon    捨入相容          
  3.5m   R5    0    1    1           0.000000    0.000432   43.964956        0.09 Polygon    捨入相容          
  3.5m   R5    1    2    1           0.000000    0.000434   44.195176        0.09 Polygon    捨入相容          
  3.5m   R3    3    4    1           0.000000    0.000290   44.054808        0.06 Polygon    捨入相容          
  ⇒ 分母 = 18 對（全部交集面積>0 者）：捨入相容 14／🔴 構造塊 4／⚠️ 不可判 0

【A-5】注入式標定（⛔ 於探針記憶體內平移·⛔ 不動倉內任何檔）
--------------------------------------------------------------------------------------------------------------------------------------------------------------------------------------------------------
  🔒 A-5-a（補充·⛔ 非施工單所令）：另量 `i*` 至其 **s-後繼** 之間隙 `gap`——
     若 `gap ≥ δ`，平移 δ **在幾何上造不出新重疊** ⇒ ② 之紅係**受詞選樣所致**；
     ⛔ **此係量測所得、非推定**（施工單：② 不成立須具名·⛔ 不得推定）。
  情境     街廓    選宗 i*   s-後繼           gap      Δbiz_x(δ=0)  Δbiz_x(δ=0.005) 理論 0.005×depth       比值 判別力             
  0m     R1    0       宗1         -0.3248      0.000000000         0.165801       0.165750    1.000 ①✅ ②✅           
  0m     R2    0       宗1         -3.3933      0.000000000         0.224574       0.222350    1.010 ①✅ ②✅           
  0m     R4    0       宗1         35.3262      0.000000000         0.000000       0.165500    0.000 ①✅ ②🔴           
  0m     R6    0       宗1         -0.0000      0.000000000         0.237586       0.227550    1.044 ①✅ ②✅           
  0m     R5    0       宗1         -3.3119      0.000000000         0.218079       0.228550    0.954 ①✅ ②✅           
  0m     R3    0       宗1         -0.0000      0.000000000         0.218693       0.221700    0.986 ①✅ ②✅           
  3.5m   R1    0       宗4         35.2871      0.000000000         0.000000       0.165750    0.000 ①✅ ②🔴           
  3.5m   R2    0       宗1         -0.0000      0.000000000         0.007822       0.222350    0.035 ①✅ ②🔴           
  3.5m   R4    0       宗1         35.3262      0.000000000         0.000000       0.165500    0.000 ①✅ ②🔴           
  3.5m   R6    0       宗1         -0.0000      0.000000000         0.237586       0.227550    1.044 ①✅ ②✅           
  3.5m   R5    0       宗1         -0.0000      0.000000000         0.007026       0.228550    0.031 ①✅ ②🔴           
  3.5m   R3    0       宗1         -0.0000      0.000000000         0.218693       0.221700    0.986 ①✅ ②✅           
  ⇒ 分母 12 格：判別力 ① 12／12　判別力 ② 7／12　其中 `gap ≥ δ(0.005)` 者 3 格
