========================================================================================================================================================================================================
【D-2b-9 §A′-2】`run_step_g` 之 `raise` 清單（**自原始碼解析生成**·⛔ 非人手抄）
========================================================================================================================================================================================================
🔧 **具名更正**：本表**取代** `verify/out/probe_D2b8_guard.log`【B】段之閘位對應。
   被取代者（該檔所載·**錯誤**）：:972 抵費地計算失敗（含覆蓋閘/②-宗）／:990 §N3-0 逐宗主閘／:1164 telescoping 總量段／:1198 階段2 telescoping 段／:1241 â 定向雙判準／:1276 理論＝實跑／:1323 停機③ 守恆-帳幾何級
   錯因：行號係人手抄自 D-2b-8【A】**修改之前**之 grep，【A】之插入使其後全部位移；
   現查（本 commit 之父 `f8674de`）`:1276` 實為 `if _nrm_a < 1e-9:`、
   `:1323` 實為 `if _pool_total_blk is not None:` ——**兩者皆非 `raise`**。
   ⛔ `probe_D2b8_guard.log` **一字未刪未改**（已入庫實料）。
   ⚠️ 本表行號係**本 commit** 之值；D-2b-9【A′-1】已於 `_guard_auth_scope` 內新增一個 `raise` ⇒ 其後行號較 `f8674de` 位移。

🔒 解析範圍：`verify/stepg_pipeline.py` 之 `def run_step_g`（行 238）至下一頂層 `def`（行 1398）
🔒 **解析母體 ＝ 19 筆 `raise`**（⛔ 非空·空即 raise 失敗）

  #      行號  訊息首行實文
--------------------------------------------------------------------------------------------------------------------------------------------------------------------------------------------------------
  1     264  "🔴 f3_total_burden_rate_from_finance 未鋪底：須先 compute_total_burden_rate()"
  2     289  "🔴 run_step_g：`cad['baselines']` 為空——BASELINE 圖層未解析或配對全失敗。"
  3     443  f"🔴 結構閘 ⊥ 破：街廓 {blk_label} |û_alloc·d̂_front|={_perp_dot:.4f} ≥0.15"
  4     455  f"🔴 P2-a：街廓 {blk_label} 退化序（缺 d_hat/corner_pt）卻有階段2宗 "
  5     501  f"🔴 結構閘 位次＝投影序 破：街廓 {blk_label} {len(_pos_bad)} 筆 pre_position "
  6     575  f"條件③ J 非零看守破：街廓 {blk_label} {_side_nm_w2}側有 SIDE_LINE 但 "
  7     819  f"停機②（J 下降）街廓 {blk_label}：J(k*)<J(naive)")
  8     972  raise RuntimeError(f"街廓 {blk_label} 抵費地計算失敗：{_eOff}")
  9     989  f"🔴 §N3-0 逐宗主閘破：街廓 {blk_label} 宗 {_r_lot.get('暫編地號', '?')}："
 10    1180  f"🔴 K-9-5-5 範圍守衛破（退化側）：街廓 {blk_label} {_side_tag} 側 "
 11    1188  f"🔴 K-9-5-5 範圍守衛破：街廓 {blk_label} {_side_tag} 側 "
 12    1221  f"🔴 結構閘 telescoping 破（鏈斷·`K-9-5-6`）：街廓 {blk_label} {_sd_tag} 側 "
 13    1230  f"🔴 結構閘 telescoping 破：街廓 {blk_label} {_sd_tag} 側 "
 14    1255  f"🔴 結構閘 階段2 telescoping 破（鏈斷·`K-9-5-6`）：街廓 {blk_label} "
 15    1264  f"🔴 結構閘 階段2 telescoping 破：街廓 {blk_label} {_sd_t2} 側 "
 16    1307  f"🔴 â 定向雙判準不一致（補丁八 §三）：街廓 {blk_label} {_sd_a} 側 "
 17    1334  f"🔴 結構閘 理論＝實跑 破（鏈斷·`K-9-5-6`）：街廓 {blk_label} "
 18    1342  f"🔴 結構閘 理論＝實跑 破：街廓 {blk_label} {_sd_tag2} 側 "
 19    1389  f"停機③（守恆-帳幾何級破）街廓 {blk_label}：|Σ(G−幾何)| = {_resid_wd2:+.2f}㎡ "

【閘族歸併】🆕 **D-2b-10 §前-1**：骨架正規化 ＋ 明列登記表 ＋ **雙向對帳**
--------------------------------------------------------------------------------------------------------------------------------------------------------------------------------------------------------
  🔴 舊 `_family()` 之 `（其他）` **萬用桶已刪**——其曾把 `:575`（條件③ J 非零看守破）
     與 `:819`（停機②（J 下降））**兩個不同族併為一桶** ⇒ 舊載「閘族數 14」**應為 15**。
  財務鋪底未完成                            行號 [264]
  BASELINE 圖層未解析/配對全失敗               行號 [289]
  結構閘 ⊥                              行號 [443]
  P2-a 退化序卻有階段2宗                     行號 [455]
  結構閘 位次＝投影序                         行號 [501]
  條件③ J 非零看守                         行號 [575]
  停機②（J 下降）                          行號 [819]
  抵費地計算失敗（覆蓋閘/②-宗 之外層）               行號 [972]　🔑 **覆蓋閘之外層**
  §N3-0 逐宗主閘                         行號 [989]
  K-9-5-5 範圍守衛                       行號 [1180, 1188]
  結構閘 telescoping 總量段                行號 [1221, 1230]
  結構閘 階段2 telescoping 段              行號 [1255, 1264]
  â 定向雙判準                            行號 [1307]
  結構閘 理論＝實跑                          行號 [1334, 1342]
  停機③ 守恆-帳幾何級                        行號 [1389]
  ⇒ **閘族數 ＝ 15**（登記表明列·⛔ 非回退鏈推得）

  🔒 **雙向對帳**（⛔ 兩方向殘差**皆須逐字印出**·含「（無）」）
    **殘差甲**（`raise` 之骨架無對應登記族）：（無）
    **殘差乙**（登記族無對應 `raise`＝登記表過期）：（無）
    **無法正規化**（骨架為空）：（無）
    ⇒ ✅ 兩方向殘差**皆空**（母體 19 筆 `raise` ⇒ **非空**·⛔ 與殘差之空方向相反）

【驗收 1】零行為變更 —— **原文並列**（⛔ 不得只寫「相同」）
--------------------------------------------------------------------------------------------------------------------------------------------------------------------------------------------------------
  [0m] R1　（比對法：共同前綴 111 字·基準已截斷）
      基準(D-2b-8【A-3】)：🔴 RuntimeError: 街廓 R1 抵費地計算失敗：🔴 ①' 覆蓋閘破[R1]：|union(宗+池) − 街廓| = 12.0568 > 0.01（union 2881.4963 vs 街廓 2893.5531）
      本批            ：🔴 RuntimeError: 街廓 R1 抵費地計算失敗：🔴 ①' 覆蓋閘破[R1]：|union(宗+池) − 街廓| = 12.0568 > 0.01（union 2881.4963 vs 街廓 2893.5531）
      ⇒ ✅ 前綴逐字相同
  [0m] R2　（比對法：共同前綴 119 字·基準已截斷）
      基準(D-2b-8【A-3】)：🔴 RuntimeError: 街廓 R2 抵費地計算失敗：🔴 ②-宗 圍堵閘破[R2]：宗-宗重疊 = 76.2616 > 上界 3.1129（(宗數15−1)×0.005×深度44.47）——**超出捨入量子可解釋範圍＝另有病**，停
      本批            ：🔴 RuntimeError: 街廓 R2 抵費地計算失敗：🔴 ②-宗 圍堵閘破[R2]：宗-宗重疊 = 76.2616 > 上界 3.1129（(宗數15−1)×0.005×深度44.47）——**超出捨入量子可解釋範圍＝另有病**，停
      ⇒ ✅ 前綴逐字相同
  [0m] R4　（比對法：共同前綴 111 字·基準已截斷）
      基準(D-2b-8【A-3】)：🔴 RuntimeError: 街廓 R4 抵費地計算失敗：🔴 ①' 覆蓋閘破[R4]：|union(宗+池) − 街廓| = 58.4792 > 0.01（union 3149.3873 vs 街廓 3207.8665）
      本批            ：🔴 RuntimeError: 街廓 R4 抵費地計算失敗：🔴 ①' 覆蓋閘破[R4]：|union(宗+池) − 街廓| = 58.4792 > 0.01（union 3149.3873 vs 街廓 3207.8665）
      ⇒ ✅ 前綴逐字相同
  [0m] R6　（比對法：共同前綴 9 字·基準已截斷）
      基準(D-2b-8【A-3】)：✅ 跑完（無例外）
      本批            ：✅ 跑完（無例外）
      ⇒ ✅ 前綴逐字相同
  [0m] R5　（比對法：共同前綴 119 字·基準已截斷）
      基準(D-2b-8【A-3】)：🔴 RuntimeError: 街廓 R5 抵費地計算失敗：🔴 ②-宗 圍堵閘破[R5]：宗-宗重疊 = 72.1964 > 上界 2.5141（(宗數12−1)×0.005×深度45.71）——**超出捨入量子可解釋範圍＝另有病**，停
      本批            ：🔴 RuntimeError: 街廓 R5 抵費地計算失敗：🔴 ②-宗 圍堵閘破[R5]：宗-宗重疊 = 72.1964 > 上界 2.5141（(宗數12−1)×0.005×深度45.71）——**超出捨入量子可解釋範圍＝另有病**，停
      ⇒ ✅ 前綴逐字相同
  [0m] R3　（比對法：共同前綴 111 字·基準已截斷）
      基準(D-2b-8【A-3】)：🔴 RuntimeError: 街廓 R3 抵費地計算失敗：🔴 ①' 覆蓋閘破[R3]：|union(宗+池) − 街廓| = 76.0262 > 0.01（union 4130.7734 vs 街廓 4206.7996）
      本批            ：🔴 RuntimeError: 街廓 R3 抵費地計算失敗：🔴 ①' 覆蓋閘破[R3]：|union(宗+池) − 街廓| = 76.0262 > 0.01（union 4130.7734 vs 街廓 4206.7996）
      ⇒ ✅ 前綴逐字相同
  [3.5m] R1　（比對法：共同前綴 111 字·基準已截斷）
      基準(D-2b-8【A-3】)：🔴 RuntimeError: 街廓 R1 抵費地計算失敗：🔴 ①' 覆蓋閘破[R1]：|union(宗+池) − 街廓| = 12.0553 > 0.01（union 2881.4978 vs 街廓 2893.5531）
      本批            ：🔴 RuntimeError: 街廓 R1 抵費地計算失敗：🔴 ①' 覆蓋閘破[R1]：|union(宗+池) − 街廓| = 12.0553 > 0.01（union 2881.4978 vs 街廓 2893.5531）
      ⇒ ✅ 前綴逐字相同
  [3.5m] R2　（比對法：共同前綴 142 字·基準已截斷）
      基準(D-2b-8【A-3】)：🔴 RuntimeError: 🔴 結構閘 telescoping 破：街廓 R2 left 側 ΣRw_實跑=100.02 ≠ R(W_final=34.39)−R(W₀=6.98)=44.41（Δ=55.606 >0.1）｜逐界面：[Δ_i·R2·left] 628-42(1)→
      本批            ：🔴 RuntimeError: 🔴 結構閘 telescoping 破：街廓 R2 left 側 ΣRw_實跑=100.02 ≠ R(W_final=34.39)−R(W₀=6.98)=44.41（Δ=55.606 >0.1）｜逐界面：[Δ_i·R2·left] 628-42(1)→628-41(1): W_far=6.9800
      ⇒ ✅ 前綴逐字相同
  [3.5m] R4　（比對法：共同前綴 111 字·基準已截斷）
      基準(D-2b-8【A-3】)：🔴 RuntimeError: 街廓 R4 抵費地計算失敗：🔴 ①' 覆蓋閘破[R4]：|union(宗+池) − 街廓| = 58.4792 > 0.01（union 3149.3873 vs 街廓 3207.8665）
      本批            ：🔴 RuntimeError: 街廓 R4 抵費地計算失敗：🔴 ①' 覆蓋閘破[R4]：|union(宗+池) − 街廓| = 58.4792 > 0.01（union 3149.3873 vs 街廓 3207.8665）
      ⇒ ✅ 前綴逐字相同
  [3.5m] R6　（比對法：共同前綴 9 字·基準已截斷）
      基準(D-2b-8【A-3】)：✅ 跑完（無例外）
      本批            ：✅ 跑完（無例外）
      ⇒ ✅ 前綴逐字相同
  [3.5m] R5　（比對法：共同前綴 142 字·基準已截斷）
      基準(D-2b-8【A-3】)：🔴 RuntimeError: 🔴 結構閘 telescoping 破：街廓 R5 left 側 ΣRw_實跑=99.99 ≠ R(W_final=36.10)−R(W₀=6.98)=44.41（Δ=55.576 >0.1）｜逐界面：[Δ_i·R5·left] 628-53(2)→6
      本批            ：🔴 RuntimeError: 🔴 結構閘 telescoping 破：街廓 R5 left 側 ΣRw_實跑=99.99 ≠ R(W_final=36.10)−R(W₀=6.98)=44.41（Δ=55.576 >0.1）｜逐界面：[Δ_i·R5·left] 628-53(2)→628-18(2): W_far=6.9800／
      ⇒ ✅ 前綴逐字相同
  [3.5m] R3　（比對法：共同前綴 142 字·基準已截斷）
      基準(D-2b-8【A-3】)：🔴 RuntimeError: 🔴 結構閘 telescoping 破：街廓 R3 right 側 ΣRw_實跑=100.06 ≠ R(W_final=35.08)−R(W₀=6.97)=44.47（Δ=55.589 >0.1）｜逐界面：[Δ_i·R3·right] 628-42(2
      本批            ：🔴 RuntimeError: 🔴 結構閘 telescoping 破：街廓 R3 right 側 ΣRw_實跑=100.06 ≠ R(W_final=35.08)−R(W₀=6.97)=44.47（Δ=55.589 >0.1）｜逐界面：[Δ_i·R3·right] 628-42(2)→628-27(2): W_far=8.41
      ⇒ ✅ 前綴逐字相同
  ⇒ 不同者 **0** 格／母體 **12** 格　✅ 零行為變更

【驗收 2】`K-9-5-8` 退化命中之**實值列舉**（⛔ 不得以「未觸發」代替列舉）
--------------------------------------------------------------------------------------------------------------------------------------------------------------------------------------------------------
  [0m] [K-9-5-8] 街廓 R6 right 側：SIDE ∥ ALLOC **退化**（|cross|=0.0000000474／夾角=0.000003°　≤ 容差 1e-06）⇒ `K-9-5-4 ②` 套用後方向等值、無楔形；方向判準所得 []／街角第 1 宗 ['628-18(1)']——**合法組態·⛔ 非異常**（KL 裁 2026-08-08）
  [0m] [K-9-5-8] 街廓 R6 right 側：SIDE ∥ ALLOC **退化**（|cross|=0.0000000474／夾角=0.000003°　≤ 容差 1e-06）⇒ `K-9-5-4 ②` 套用後方向等值、無楔形；方向判準所得 []／街角第 1 宗 ['628-18(1)']——**合法組態·⛔ 非異常**（KL 裁 2026-08-08）
  [3.5m] [K-9-5-8] 街廓 R6 right 側：SIDE ∥ ALLOC **退化**（|cross|=0.0000000474／夾角=0.000003°　≤ 容差 1e-06）⇒ `K-9-5-4 ②` 套用後方向等值、無楔形；方向判準所得 []／街角第 1 宗 ['628-18(1)']——**合法組態·⛔ 非異常**（KL 裁 2026-08-08）
  [3.5m] [K-9-5-8] 街廓 R6 right 側：SIDE ∥ ALLOC **退化**（|cross|=0.0000000474／夾角=0.000003°　≤ 容差 1e-06）⇒ `K-9-5-4 ②` 套用後方向等值、無楔形；方向判準所得 []／街角第 1 宗 ['628-18(1)']——**合法組態·⛔ 非異常**（KL 裁 2026-08-08）
  ⇒ 命中 **4** 次。其中 `方向判準所得` 欄即 `_auth_lots` 實值、`街角第 1 宗` 欄即 `_expect` 實值。
  🔒 **本批未取得任何新證據**：現行六街廓下 `_auth_lots` 為空 ⇒ 新斷言**預期不觸發**且實測未觸發。⛔ **不得**寫成「已驗證」「得佐證」或任何等價說法；
     本批之價值 ＝ **恢復守衛涵蓋範圍**（退化側不再被整條豁免），⛔ 非發現新事實。

========================================================================================================================================================================================================
