======================================================================================================================================================
【W-G.9-60】`fits_at` 單調性閘 ＋ `D_max` 飽和閘　（階段：pre）
======================================================================================================================================================
  產生於 commit：65fef5b
  🔒 **⛔ 零生產碼變更**；本檔只**呼叫** `fits_at`，⛔ 未新增第二份判定原語。

======================================================================================================================================================
【A-1-a】**單調性閘**：`fits_at` 對 `d` 應非遞增 ⇒ 真值集出現 `0…1` 反轉即為**紅**
======================================================================================================================================================
  🔒 `d` 之 15 點格（逐位）：1e-09／1e-07／1e-05／0.0001／0.001／0.01／0.1／1／5／14／25／35／39／41／43

  街廓   側               r  真值集（依 d 遞增）           判
  R5   left        0e+00  111111000000000       ✅
  R5   left       -1e-06  111111111111100       ✅
  R5   left       -1e-05  111111111111100       ✅
  R5   left       -1e-03  111111111111100       ✅
  R6   right       0e+00  000000000000000       ✅
  R6   right      -1e-06  000111111111100       🔴 反轉
  R6   right      -1e-05  111111111111100       ✅
  R6   right      -1e-03  111111111111100       ✅
  R3   right       0e+00  111111111111110       ✅
  R3   right      -1e-06  111111111111110       ✅
  R3   right      -1e-05  111111111111110       ✅
  R3   right      -1e-03  111111111111110       ✅
------------------------------------------------------------------------------------------------------------------------------------------------------
  ⇒ **單調性閘：🔴 紅（1 組反轉）**
      🔴 反例 ＝ (R6/right, r=-1e-06)　真值集 ＝ `000111111111100`

======================================================================================================================================================
【A-1-b】**飽和閘**：`D_max` 常式之回值 ＝ 其內部 `hi` ⇒ **紅**（從未進入二分）
======================================================================================================================================================
  🔒 `hi` ＝ `max(原框 bbox_w, 原框 bbox_h) + 1.0`（＝ `-58`／`-59` 之寫法·本檔複算之）

  街廓   側          原框 bbox_w    原框 bbox_h          hi    -59 所報 D_max    相符?        轉框後長邊
  R5   left         32.3787      31.8896     33.3787         33.3787   🔴 逐位      43.6963
  R6   right        34.6825      29.3918     35.6825         35.6825   🔴 逐位      43.6637
  R3   right        35.5961      30.4914     36.5961         36.5961   🔴 逐位      44.8557
------------------------------------------------------------------------------------------------------------------------------------------------------
  ⇒ **飽和閘：🔴 紅（3／3 格飽和）**
  🔒 **相符即證**：`-59` 所報之 `D_max` **就是該常式之上界本身**（⇒ 從未進入二分·⛔ 非量測值）。

======================================================================================================================================================
【A-4】**掃描式** `D_max`（⛔ 非二分·⛔ 不依賴單調性）
======================================================================================================================================================
  街廓   側                   r=0        r=-1e-06        r=-1e-05        r=-0.001
  R5   left             0.0447         39.9825         39.9825         39.9860
  R6   right            0.0000         39.8736         39.8736         39.8771
  R3   right           41.4830         41.4830         41.4831         41.4864
------------------------------------------------------------------------------------------------------------------------------------------------------
  🔒 `🔴cap` ＝ 觸及掃描上限 `50.0` ⇒ **該值為下界、⛔ 不得當量測值**。
======================================================================================================================================================
