========================================================================================================================================================================================================
【D-2b-7】R6「方向未套用」診斷 ＋ 全案影響面 — ⛔ 零生產碼變更
========================================================================================================================================================================================================

【A】🔑 候選 6：`SIDE` 與 `ALLOC_cad` 之夾角（決定 `K-9-5-4 ②` 是否**產生不同方向**）
--------------------------------------------------------------------------------------------------------------------------------------------------------------------------------------------------------
  判準同 stepg `_dir_is_alloc`：`|cross(unit,unit)| ≤ 1e-06` ⇒ 視為 ∥（方向未改變）
街廓    側      SIDE 單位向量                         ALLOC_cad 單位向量                           |cross|     夾角(deg)  判定
--------------------------------------------------------------------------------------------------------------------------------------------------------------------------------------------------------
R1    left   (-0.675694541,-0.737181720)  (+0.668483885,+0.743726627)    0.0097379216    0.557951  ✅ 不平行 ⇒ 方向會改變
R1    right  (-0.659468188,-0.751732472)  (+0.668483885,+0.743726627)    0.0120569928    0.690832  ✅ 不平行 ⇒ 方向會改變
R2    left   (+0.740432868,-0.672130320)  (+0.687674807,-0.726018843)    0.0753611260    4.321972  ✅ 不平行 ⇒ 方向會改變
R2    right  （無 SIDE_LINE）
R4    left   (-0.659467925,-0.751732702)  (-0.694319334,-0.719667050)    0.0473452131    2.713695  ✅ 不平行 ⇒ 方向會改變
R4    right  (-0.729458011,-0.684025591)  (-0.694319334,-0.719667050)    0.0500347024    2.867975  ✅ 不平行 ⇒ 方向會改變
R6    left   （無 SIDE_LINE）
R6    right  (-0.740432787,+0.672130410)  (-0.740432755,+0.672130445)    0.0000000474    0.000003  🔴 **∥ ⇒ 方向不變**
R5    left   (+0.740432836,-0.672130356)  (+0.687674824,-0.726018826)    0.0753610536    4.321968  ✅ 不平行 ⇒ 方向會改變
R5    right  （無 SIDE_LINE）
R3    left   （無 SIDE_LINE）
R3    right  (-0.740432830,+0.672130363)  (+0.687674947,-0.726018710)    0.0753608758    4.321958  ✅ 不平行 ⇒ 方向會改變
  ⇒ 判為 ∥ 者：**[('R6', 'right')]**

【B】逐街廓 solo 執行之實參與路徑（候選 1／2／3）
--------------------------------------------------------------------------------------------------------------------------------------------------------------------------------------------------------
情境    街廓    #   is_corner  side   side_mid?  solver          _alloc_dir_used                 ∥ALLOC?   fcad呼叫
--------------------------------------------------------------------------------------------------------------------------------------------------------------------------------------------------------
0m    R1    0   True       左側     True       幾何二分法           (-0.737182, 0.675695)           ✅ 非∥      1
0m    R1    3   True       右側     True       幾何二分法           (-0.751732, 0.659468)           ✅ 非∥      1
0m    R1    5   True       左側     True       幾何二分法           (-0.737182, 0.675695)           ✅ 非∥      1
0m    R1    7   True       右側     True       幾何二分法           (-0.751732, 0.659468)           ✅ 非∥      1
0m    R2    0   True       左側     True       幾何二分法           (-0.67213, -0.740433)           ✅ 非∥      1
0m    R2    15  True       左側     True       幾何二分法           (-0.67213, -0.740433)           ✅ 非∥      1
0m    R4    0   True       左側     True       幾何二分法           (-0.751733, 0.659468)           ✅ 非∥      1
0m    R4    1   True       右側     True       幾何二分法           (-0.684026, 0.729458)           ✅ 非∥      1
0m    R4    2   True       左側     True       幾何二分法           (-0.751733, 0.659468)           ✅ 非∥      1
0m    R4    3   True       右側     True       幾何二分法           (-0.684026, 0.729458)           ✅ 非∥      1
0m    R6    6   True       右側     True       幾何二分法           (0.67213, 0.740433)             🔴 ∥       1
0m    R6    20  True       右側     True       幾何二分法           (0.67213, 0.740433)             🔴 ∥       1
0m    R5    0   True       左側     True       幾何二分法           (-0.67213, -0.740433)           ✅ 非∥      1
0m    R5    12  True       左側     True       幾何二分法           (-0.67213, -0.740433)           ✅ 非∥      1
0m    R3    7   True       右側     True       幾何二分法           (0.67213, 0.740433)             ✅ 非∥      1
0m    R3    21  True       右側     True       幾何二分法           (0.67213, 0.740433)             ✅ 非∥      1
3.5m  R1    0   True       左側     True       幾何二分法           (-0.737182, 0.675695)           ✅ 非∥      1
3.5m  R1    3   True       右側     True       幾何二分法           (-0.751732, 0.659468)           ✅ 非∥      1
3.5m  R1    5   True       左側     True       幾何二分法           (-0.737182, 0.675695)           ✅ 非∥      1
3.5m  R1    6   True       右側     True       幾何二分法           (-0.751732, 0.659468)           ✅ 非∥      1
3.5m  R4    0   True       左側     True       幾何二分法           (-0.751733, 0.659468)           ✅ 非∥      1
3.5m  R4    1   True       右側     True       幾何二分法           (-0.684026, 0.729458)           ✅ 非∥      1
3.5m  R4    2   True       左側     True       幾何二分法           (-0.751733, 0.659468)           ✅ 非∥      1
3.5m  R4    3   True       右側     True       幾何二分法           (-0.684026, 0.729458)           ✅ 非∥      1
3.5m  R6    6   True       右側     True       幾何二分法           (0.67213, 0.740433)             🔴 ∥       1
3.5m  R6    20  True       右側     True       幾何二分法           (0.67213, 0.740433)             🔴 ∥       1

【C】§二-1 **方向未套用之街角第 1 宗**（全六街廓·全情境·⛔ 非只列 R6）
--------------------------------------------------------------------------------------------------------------------------------------------------------------------------------------------------------
  🔴 0m    R6   side=右側     呼叫序 #6
  🔴 0m    R6   side=右側     呼叫序 #20
  🔴 3.5m  R6   side=右側     呼叫序 #6
  🔴 3.5m  R6   side=右側     呼叫序 #20
  ⇒ 共 **4** 格／涉及 **2** 個(情境,街廓)：[('0m', 'R6'), ('3.5m', 'R6')]

【D】候選逐項判定（⛔ 每項皆正面列出·禁只報命中者）
--------------------------------------------------------------------------------------------------------------------------------------------------------------------------------------------------------
  1 `is_corner` 為假　　　　　⇒ **不成立**（【B】表中 R6 之列 `is_corner` 全為 True·否則不會出現在該表）
  2 走代數 fallback　　　　　⇒ 見【B】`solver` 欄；若為『幾何二分法』⇒ **不成立**
  3 `_first_corner_alloc_dir` 未被呼叫 ⇒ 見【B】`fcad` 欄；>0 ⇒ **不成立**
  4 強制抵費地／不走街角路徑 ⇒ 若其 `is_corner=True` 且 `fcad>0` ⇒ **不成立**
  5 逐街廓對照　　　　　　　⇒ 【A】【B】兩表已含全六街廓
  6 🆕 `rot90_cw(SIDE)` ∥ `allocation_dir_block` ⇒ **成立**（【A】判為 ∥ 者：[('R6', 'right')]）

  R6 之未套用格：**[('0m', 'R6', '右側', 6), ('0m', 'R6', '右側', 20), ('3.5m', 'R6', '右側', 6), ('3.5m', 'R6', '右側', 20)]**

========================================================================================================================================================================================================
