====================================================================================================================
【`W-G.9-21`】`'b'` 槽之路徑分歧（⛔ 零生產碼·只讀·⛔ 不估上限）
====================================================================================================================
====================================================================================================================
【甲-1】兩餵入點各自服務哪條流程——🔒 **由 AST 之祖先鏈證**（⛔ 非檔名／註解）
====================================================================================================================
  🔒 **母體釘於 commit 7c80fe1**｜`app.py` 22049 行／`verify/stepg_pipeline.py` 1444 行（⛔ 非工作樹現況）
  🔒 **判別力自檢**（對已知答案之第三符號·取其<u>函式體內</u>之行）：`rw_from_width` 體內之鏈 ＝ ['rw_from_width']
     已知該函式為 **module 級**（⛔ 不在 `main` 內）⇒ ✅ 判法得出已知結果

  ══ 路徑 A｜`app.py` ══
    ▸ 字樣 `'b': _left_buffer_S * _cos_dn`　命中 **1** 行（母體＝該檔全行·判準＝含該字樣且**非註解行**）
        19902 | 'l1': _lside_left, 'b': _left_buffer_S * _cos_dn},
              def  @12891 main
              if   @12998 if selected_tab == TAB_LAND_TRADE:
              if   @13040 elif selected_tab == TAB_BUILDING_TRADE:
              if   @13141 elif selected_tab == TAB_LAND_DEV:
              if   @13472 elif selected_tab == TAB_EXPECTED_DEV:
              if   @13816 elif selected_tab == TAB_PRICE_ZONE:
              if   @14233 elif selected_tab == TAB_FINANCE:
              if   @15302 elif selected_tab == TAB_LAND_AGGREGATION:
              if   @15929 elif selected_tab == TAB_BLOCK_INTERACT:
              if   @17873 if temp_parcels:
              if   @17948 if not build_parcels:
              if   @19120 if _btn_clicked or _auto_recalc:
              if   @19890 if _degenerate_order or _N <= 1:
    ▸ 字樣 `'b': _right_buffer_S * _cos_dn`　命中 **1** 行（母體＝該檔全行·判準＝含該字樣且**非註解行**）
        19904 | 'l1': _lside_right, 'b': _right_buffer_S * _cos_dn},
              def  @12891 main
              if   @12998 if selected_tab == TAB_LAND_TRADE:
              if   @13040 elif selected_tab == TAB_BUILDING_TRADE:
              if   @13141 elif selected_tab == TAB_LAND_DEV:
              if   @13472 elif selected_tab == TAB_EXPECTED_DEV:
              if   @13816 elif selected_tab == TAB_PRICE_ZONE:
              if   @14233 elif selected_tab == TAB_FINANCE:
              if   @15302 elif selected_tab == TAB_LAND_AGGREGATION:
              if   @15929 elif selected_tab == TAB_BLOCK_INTERACT:
              if   @17873 if temp_parcels:
              if   @17948 if not build_parcels:
              if   @19120 if _btn_clicked or _auto_recalc:
              if   @19890 if _degenerate_order or _N <= 1:
    ▸ 字樣 `_W_prev_left = (_left_buffer_S`　命中 **1** 行（母體＝該檔全行·判準＝含該字樣且**非註解行**）
        19627 | _W_prev_left = (_left_buffer_S * _cos_dn) if _has_left_corner else 0.0
              def  @12891 main
              if   @12998 if selected_tab == TAB_LAND_TRADE:
              if   @13040 elif selected_tab == TAB_BUILDING_TRADE:
              if   @13141 elif selected_tab == TAB_LAND_DEV:
              if   @13472 elif selected_tab == TAB_EXPECTED_DEV:
              if   @13816 elif selected_tab == TAB_PRICE_ZONE:
              if   @14233 elif selected_tab == TAB_FINANCE:
              if   @15302 elif selected_tab == TAB_LAND_AGGREGATION:
              if   @15929 elif selected_tab == TAB_BLOCK_INTERACT:
              if   @17873 if temp_parcels:
              if   @17948 if not build_parcels:
              if   @19120 if _btn_clicked or _auto_recalc:
              def  @19588 _advance_block_with_split

  ══ 路徑 B｜`verify/stepg_pipeline.py` ══
    ▸ 字樣 `'b': _b_L0`　命中 **1** 行（母體＝該檔全行·判準＝含該字樣且**非註解行**）
        831 | 'l1': _lside_left, 'b': _b_L0},
              def  @238   run_step_g
              if   @796   if _degenerate_order or _N <= 1:
    ▸ 字樣 `'b': _b_R0`　命中 **1** 行（母體＝該檔全行·判準＝含該字樣且**非註解行**）
        833 | 'l1': _lside_right, 'b': _b_R0},
              def  @238   run_step_g
              if   @796   if _degenerate_order or _N <= 1:
    ▸ 字樣 `_W_prev_left = 0.0`　命中 **1** 行（母體＝該檔全行·判準＝含該字樣且**非註解行**）
        620 | _W_prev_left = 0.0
              def  @238   run_step_g
              def  @585   _advance_block_with_split

====================================================================================================================
【甲-2】KL 於 UI 操作時，實際產出配地成果者是哪一條
====================================================================================================================
  ▸ 引擎路徑之 UI 入口：`key="wg_run_seven"` 命中 **1** 行｜`_build_wf_ctx(_wg_ss, _tag)` 命中 **1** 行
      21939 | if st.button("🔷 執行七級調配（wf_f0 → f4 全鏈）", key="wg_run_seven", type="primary"):
      21953 | _cbt = {_tag: _build_wf_ctx(_wg_ss, _tag)}
          def  @12891 main
          if   @12998 if selected_tab == TAB_LAND_TRADE:
          if   @13040 elif selected_tab == TAB_BUILDING_TRADE:
          if   @13141 elif selected_tab == TAB_LAND_DEV:
          if   @13472 elif selected_tab == TAB_EXPECTED_DEV:
          if   @13816 elif selected_tab == TAB_PRICE_ZONE:
          if   @14233 elif selected_tab == TAB_FINANCE:
          if   @15302 elif selected_tab == TAB_LAND_AGGREGATION:
          if   @15929 elif selected_tab == TAB_BLOCK_INTERACT:
          if   @21869 if not _wg_ss.get('f3_G_values'):
          if   @21871 elif not _is_uc9898(_wg_ss):
          if   @21939 if st.button("🔷 執行七級調配（wf_f0 → f4 全鏈）", key="wg_run_seven", type="primary"):

  🔴 **判定（由構造·⛔ 非註解）**：
     · **兩條同在 `def main` 之 `elif selected_tab == TAB_BLOCK_INTERACT:` 分支內** ⇒ **同一個分頁**。
     · A 之守衛 ＝ `if _btn_clicked or _auto_recalc:`；B 之守衛 ＝ `if st.button("🔷 執行七級調配（wf_f0 → f4 全鏈）"…)`。
     · B 之外層守衛為 `if not _wg_ss.get('f3_G_values'):` ／ `elif not _is_uc9898(…)` ⇒ **B 以 A 之產物 `f3_G_values` 為前置**。
     ⇒ 🔴 **兩條皆在生產路徑，且為<u>接力</u>**（A 產生原位次分配 → B 跑七級調配）
       ⛔ **不是「一條是測試、一條是生產」**。

====================================================================================================================
【甲-3】逐格二值與差　🔒 **驗收 #4：先證倉內既有產物有無現成之量**
====================================================================================================================
  ✅ **既有產物已存在**：`verify\out\probe_WG91_buf_metric_and_candidates.log`（144 行）⇒ 🔒 **⛔ 不重跑產生它的工具**（驗收 #11）
  🔒 **欄名現查**（驗收 #4「含看欄名」）：
      情境    街廓   側別         甲=S1_par    丁=buf(現行)          族②③現行           族④現行       丙/戊(甲代入)
      （族②③現行 ＝ buf·cos_dn；族④現行 ＝ _mp_base_W0(群起點, buf)）
  🔒 **解析所得 ＝ 16 格**（母體＝該 log 之 `Q2` 表·判準＝行首為 `情境 街廓 側別` 且含 ≥4 個小數）
     其中標 `← forced` 者 ＝ **3** 格

  ── 逐格表（鍵＝**街廓側字面**·單位 **公尺**·⛔ 不與百分點同欄）──
     鍵               情境        A: buf·cos_dn   B: _mp_base_W0         B−A    S1_par(新)  forced
     R1/left         0m             3.654454         3.816331    0.161877     3.668198        
     R1/right        0m             3.688900         3.889469    0.200569     3.500000        
     R2/left         0m             5.228394         3.534470   -1.693924     3.544219        
     R3/right        0m             5.214328         6.906130    1.691802     3.565921        
     R4/left         0m             4.495144         3.707615   -0.787529     3.711446        
     R4/right        0m             4.190966         4.842092    0.651126     3.543883        
     R5/left         0m             5.130053         3.489802   -1.640251     3.500000        
     R6/right        0m             3.488603         3.488604    0.000001     3.500000        
     R1/left         3.5m           6.975257         7.137134    0.161877     7.000000        
     R1/right        3.5m           7.177858         7.378428    0.200570     7.000000        
     R2/left         3.5m           8.674182         6.980258   -1.693924     7.000000       ✅
     R3/right        3.5m           8.665535        10.357336    1.691801     7.000000       ✅
     R4/left         3.5m           7.780089         6.992560   -0.787529     7.000000        
     R4/right        3.5m           7.643583         8.294709    0.651126     7.000000        
     R5/left         3.5m           8.621477         6.981225   -1.640252     7.000000       ✅
     R6/right        3.5m           6.977260         6.977261    0.000001     7.000000        
     🔒 **帶號合計 Σ(B−A) ＝ -2.832659 m**｜**絕對值合計 Σ|B−A| ＝ 13.654159 m**（倉規·二者所偵測之錯不相交）
     🔴 **三格（`forced`）之差**：R2/left ＝ -1.693924 m｜R3/right ＝ 1.691801 m｜R5/left ＝ -1.640252 m

  ── 百分點欄（⛔ **與上表分欄**·單位 **百分點**）──
     🔒 `R` ＝ 生產側 `rw_from_width`（⛔ 未自行實作替代）
     🔒 判別力自檢：`R(18.0)` ＝ 100.0000（飽和 100）／`R(0.0)` ＝ 0.0000 ⇒ 該函式**非常數**

     鍵               情境           R(b_A)      R(b_B)   R(b_B)−R(b_A)  forced
     R1/left         0m          35.5540     36.6062          1.0522        
     R1/right        0m          35.7779     37.0815          1.3037        
     R2/left         0m          45.3704     34.7741        -10.5963        
     R3/right        0m          45.2860     55.1649          9.8790        
     R4/left         0m          40.8699     35.8995         -4.9704        
     R4/right        0m          38.9840     43.0210          4.0370        
     R5/left         0m          44.7803     34.4837        -10.2966        
     R6/right        0m          34.4759     34.4759          0.0000        
     R1/left         3.5m        55.5590     56.4405          0.8816        
     R1/right        3.5m        56.6604     57.7435          1.0831        
     R2/left         3.5m        64.6057     55.5875         -9.0183       ✅
     R3/right        3.5m        64.5608     72.7437          8.1830       ✅
     R4/left         3.5m        59.9125     55.6576         -4.2549        
     R4/right        3.5m        59.1753     62.6325          3.4571        
     R5/left         3.5m        64.3317     55.5930         -8.7387       ✅
     R6/right        3.5m        55.5704     55.5704          0.0000        
     🔒 **帶號合計 ＝ -17.9986 百分點**｜**絕對值合計 ＝ 77.7518 百分點**

     🔴 **受詞聲明（⛔ 不得誤讀）**：上欄為 **`ΣRw_側` 之<u>起算項</u>之差**，
        ⛔ **不是 `ΔΣRw`**。碼面逐字：`ΣRw_側 = R(b + Σw_群) − R(b)`
        ⇒ 完整之 `ΔΣRw` 尚需**終點項** `R(b + Σw_群)`，而 `Σw_群` 於三格**取不到**
           （見丙組）⇒ 🔴 **無從判定**，⛔ 非「為 0」。
        ⚠️ **條件式**（⛔ 未斷言）：**若**兩終點項皆飽和於 100，
           **則** `ΔΣRw = −(起算項之差)`。⛔ 本批未證其飽和。

  ── 🔴 **甲-3c　射程：上二表有 13 格<u>不是生產實值</u>** ──
     `W-G.9-1` 之表對**全 16 格**皆代入 `buf`（其自陳「⛔ 含不觸發格與退化格」），
     而生產側 `_left_buffer_S` **僅在 `forced_offset` 為真時非零**
     ⇒ 🔴 **非 `forced` 之 13 格，生產實值為 `buf = 0`** ⇒ 上二表該 13 列係**假設值**。
     ⛔ **不得以該 13 列充作生產差異。**

     🔒 **自我驗證閘**：`B − A` 應**與 `buf` 無關**（∵ `_mp_base_W0(gs,buf) = buf·cos_dn + W_0`）
        ⇒ 同一格之 `0m` 與 `3.5m` 兩情境（`buf` 不同）之 `B−A` 逐格最大差 ＝ **0.000001000** ⇒ ✅ 恆等成立 ⇒ `B−A` ＝ `W_0`
        🔒 判別力自檢：同式改比**不同格**之 `B−A`（`R1/left` vs `R3/right`）⇒ 差 ＝ **1.529925** ⇒ ✅ 該閘**非恆過**

     ── **生產實值**之起算項差（⛔ 逐格具名·單位 **百分點**）──
        鍵               情境     狀態             b_A(生產)     b_B(生產)   R(b_B)−R(b_A)
        R1/left         0m     非forced         0.0000      0.1619          2.8167
        R1/right        0m     非forced         0.0000      0.2006          3.4899
        R2/left         0m     非forced         0.0000     -1.6939          0.0000
        R3/right        0m     非forced         0.0000      1.6918         22.2426
        R4/left         0m     非forced         0.0000     -0.7875          0.0000
        R4/right        0m     非forced         0.0000      0.6511         11.3296
        R5/left         0m     非forced         0.0000     -1.6403          0.0000
        R6/right        0m     非forced         0.0000      0.0000          0.0000
        R1/left         3.5m   非forced         0.0000      0.1619          2.8167
        R1/right        3.5m   非forced         0.0000      0.2006          3.4899
        R2/left         3.5m   forced          8.6742      6.9803         -9.0183
        R3/right        3.5m   forced          8.6655     10.3573          8.1830
        R4/left         3.5m   非forced         0.0000     -0.7875          0.0000
        R4/right        3.5m   非forced         0.0000      0.6511         11.3296
        R5/left         3.5m   forced          8.6215      6.9812         -8.7387
        R6/right        3.5m   非forced         0.0000      0.0000          0.0000
        🔒 **帶號合計 ＝ 47.9409 百分點**｜**絕對值合計 ＝ 83.4549 百分點**

     🔴 **兩族之分歧<u>射程不同</u>**（⛔ 不得混為一談）：
        · **族③（選槽 `b`）**：A ＝ `buf·cos_dn`／B ＝ `buf·cos_dn + W_0`
          ⇒ 凡 `W_0 ≠ 0` 即分歧 ⇒ **8／8 個街廓側**（母體＝該 log 之 8 個街廓側·判準＝`|W_0| > 1e-6`）
        · **族②（推進種子 `_W_prev`）**：A ＝ `buf·cos_dn`／B ＝ **硬 `0.0`**
          ⇒ 僅 `buf ≠ 0`（即 `forced`）時分歧 ⇒ **3 格**（母體＝16 格·判準＝標 `← forced`）

     ⚠️ 🔴 **上表之 `0.0000` <u>有兩義</u>**（⛔ 不得一律讀成「無分歧」）：
        · `R6/right`：`W_0 ≈ 0` ⇒ **真的無分歧**
        · `R2/left`／`R4/left`／`R5/left`：`W_0 < 0` ⇒ `R(負) = 0.0000` 且 `R(0) = 0.0000` ⇒ **兩端同被地板夾成 0**
          ⇒ 🔴 **分歧仍在**（`b` 本身不同），只是**在<u>起算項</u>這一欄看不見**
            ——它會經**終點項** `R(b + Σw_群)` 顯現。⛔ 不得讀作「該格無影響」。

  ══ 【乙組】施工單所載 `8.9 個百分點` 之處置 ══
     候選（＝三 `forced` 格之起算項差·母體＝3 格）：
        R2/left@3.5m             -9.0183 百分點｜|值| ＝ 9.0183
        R3/right@3.5m             8.1830 百分點｜|值| ＝ 8.1830
        R5/left@3.5m             -8.7387 百分點｜|值| ＝ 8.7387
     三格帶號合計 ＝ -9.5740｜絕對值合計 ＝ 25.9399 百分點
     🔒 判準：`| |值| − 8.9 | < 0.05` ⇒ 命中 **0** 項：[]
     🔒 判別力自檢：同判準改試 `8.7` ⇒ 命中 **1** 項 ⇒ 該判準**非恆 0 亦非恆命中**
     🔴 **無從判定**：`8.9` 對不上任何一格、亦對不上二式合計
        ⇒ 依施工單乙組：**該數維持<u>未證</u>**，⛔ **不得為求有數而擇一**。
        ⚠️ 併看倉規：**兩個近似值相符 ≠ 相互驗證** ⇒ ⛔ 即使他日有值落在附近，
           亦不得據以認定該數為真。

====================================================================================================================
【甲-4】分歧自何時起（`git log -S`）
====================================================================================================================
  ▸ A 側之式｜`git log -S "_left_buffer_S * _cos_dn" -- app.py` ⇒ **2** commit
      f2dab43|2026-07-05|W-D.2 §3：滑池槽 P1-P5（k* 取代 N/2＋D-1 bootstrap＋守恆接線）
      1b290e4|2026-07-05|初始遷移:市地重劃試分配系統(淨土倉,零歷史)
  ▸ B 側之式｜`git log -S "_b_L0" -- verify/stepg_pipeline.py` ⇒ **1** commit
      d0d450d|2026-07-19|[wip] W脫鉤打樣續（補丁八 乙）：â 雙判準定向閘＋_select_pool_slot 理論 b 改 mp-based＋註解更正·F.0 結構閘全綠
  ▸ B 側之硬 0｜`git log -S "_W_prev_left = 0.0" -- verify/stepg_pipeline.py` ⇒ **1** commit
      687b5d4|2026-07-19|[wip] W-G.4 S1 W脫鉤打樣：solve_G_binary 直量 mp→遠側(intrinsic)＋W_near 回傳＋stepg telescoping 閘
  🔒 **判別力自檢**：對**必然存在**之字樣 `def main` ⇒ **1** commit ⇒ ✅ 非恆 0

====================================================================================================================
【丙組】三格之可及性——有無**不經結構閘**之只讀路徑（⛔ 只查·不改閘）
====================================================================================================================
  ✅ **`G4` 成立**：`verify\out\probe_WG91_buf_metric_and_candidates.log` 已涵蓋 **16 格 × 多表**（母體＝該 log·判準＝行首符 `情境 街廓 側別` ⇒ **48** 行命中）
     ⇒ 存在**不經 `run_step_g`（故不經結構閘）**之只讀路徑
       ——該探針以**街廓級幾何**直接取值，⛔ 不跑推進迴圈。
  🔒 **判別力自檢**（`G4` 期望為「存在」·屬**順利**型 ⇒ 尤須自檢）：
     以**必不命中**之樣式（`^0m\s+R9\s`）於同一母體試 ⇒ **0** 行 ⇒ ✅ 上式**非恆命中**

  🔴 **射程**：該路徑取得**街廓級之 `b`／`buf`／`cos_dn`／`S1_par`**，
     ⛔ **未取** `widths`（`Σw_群`）——後者須跑推進迴圈 ⇒ **仍被結構閘擋住**。
     ⇒ 故 `ΔΣRw` 之**終點項**仍**無從判定**（⛔ 非為 0）。

====================================================================================================================
