========================================================================================================================================================================================================
【W-G.9-176 M-A-2〜M-A-4】R2（3.5m）逐宗 s 區間全量 dump — ⛔ 零生產碼變更
========================================================================================================================================================================================================
  環境：shapely 2.1.2 | GEOS (3, 13, 1)

【閘 A】地號對應之保真（重建 allocated_polys vs 實收 biz_polys）
--------------------------------------------------------------------------------------------------------------------------------------------------------------------------------------------------------
  ✅ 個數 14 相同 ＋ 逐一面積逐位相同（max|Δarea| = 0.0）

【M-A-2】R2 逐宗 s 區間全量（框：s 起/訖 ＝ ns['_strip_s_range'] 之回傳·未捨入）
--------------------------------------------------------------------------------------------------------------------------------------------------------------------------------------------------------
  街廓 s 域 = [0.2677, 100.0274]　全域寬 = 99.7596655893
  宗數 = 14

  #   暫編地號                      s 起          s 訖          s 寬          面積(㎡)
  1   628-42(1)              8.6961       8.6963       0.0002         0.0078
  2   628-41(1)              8.6963      12.7774       4.0812       183.1744
  3   628-27(1)             12.7774      13.4374       0.6600        29.6078
  4   628-40(1)+            13.4374      20.1151       6.6776       299.3191
  5   628-30(2)             20.1151      22.1243       2.0092        89.9761
  6   628-39(1)             22.1243      27.4105       5.2862       236.5372
  7   628-31(2)             27.4105      36.1768       8.7663       391.6606
  8   628-35(1)             98.6883     100.0274       1.3392        58.9499
  9   628-34(1)             88.8841      98.6883       9.8041       432.1133
  10  628-49(1)             87.4011      88.8841       1.4830        65.4457
  11  628-50(1)             84.0675      87.4011       3.3336       147.1888
  12  628-51(1)             80.7498      84.0675       3.3176       146.5902
  13  628-52(1)             79.1304      80.7498       1.6194        71.5922
  14  628-32(2)             69.2578      79.1304       9.8726       437.0135

  Σ(逐宗 s 寬)【未聯集框】 = 58.2502578767

  merged（聯集後·3 段）：
    段1  s∈[8.6961, 13.4374]  寬 4.7413462867
    段2  s∈[13.4374, 36.1768]  寬 22.7393418594
    段3  s∈[69.2578, 100.0274]  寬 30.7695697288
  Σ(宗帶 s 寬)【聯集框·施工單自檢錨用此框】 = 58.2502578749
  ⇒ 二框之差（重疊量） = 0.0000000018

【M-A-2】池帶（濾除退化前 4 帶 → 後 2 帶）
--------------------------------------------------------------------------------------------------------------------------------------------------------------------------------------------------------
    池帶1  s∈[0.2677, 8.6961]  寬 8.4283376720
    池帶2  s∈[36.1768, 69.2578]  寬 33.0810700422
  Σ(池帶 s 寬) = 41.5094077142

【M-A-4】退化帶逐帶具名（_S_EPS = 0.0002）
--------------------------------------------------------------------------------------------------------------------------------------------------------------------------------------------------------
  shim 側 2 個：
    退化1  s∈[13.4374261805, 13.4374261806]  寬 1.694609e-10   前接 628-27(1) ／ 後接 628-40(1)+
    退化2  s∈[100.0274078110, 100.0274078111]  寬 4.234835e-11   前接 628-35(1) ／ 後接 —
  app 側 3 個（【倉】KL_UI_3.5m_2e08a41_stdout.log 之 [T2-DIAG]·⛔ 只有寬、無 s 位置）：
    1.27e-10, 1.83e-11, 4.23e-11
  Σ(退化帶寬)shim = 2.118092e-10

【閘 B】外部錨對拍（【單】W-G.9-176 M-A-2 逐字·⛔ 不符即先判量測器紅）
--------------------------------------------------------------------------------------------------------------------------------------------------------------------------------------------------------
  sum_merged  期望    58.2503   實得 58.2502578749   ✅
  pool1       期望     8.4283   實得 8.4283376720   ✅
  pool2       期望    33.0811   實得 33.0810700422   ✅
  total       期望    99.7597   實得 99.7596655893   ✅
  ⇒ 閘 B：4/4 ✅ 全中

【M-A-3】二路徑可比量之交集（app 側缺者逐項標 ⚠️）
--------------------------------------------------------------------------------------------------------------------------------------------------------------------------------------------------------
  量                          app（KL stdout）           shim（本檔）            Δ
  街廓 s 域 下界                          0.2677             0.2677       0.0000
  街廓 s 域 上界                        100.0274           100.0274       0.0000
  宗數                                14.0000            14.0000       0.0000
  池帶1 s 寬                            8.4283             8.4283       0.0000
  池帶2 s 寬                           32.9640            33.0811       0.1171
  Σ(宗帶 s 寬)                         58.3674            58.2503      -0.1171
  退化帶個數                              3.0000             2.0000      -1.0000

  ⚠️ app 側⛔ 無通道之量（`M-A-1` 四通道現查·逐項）：
      ⚠️ 逐宗 暫編地號↔s 起              app 側⛔ 無通道（⛔ 不得以 shim 之值代填）
      ⚠️ 逐宗 s 訖                   app 側⛔ 無通道（⛔ 不得以 shim 之值代填）
      ⚠️ 逐宗 s 寬                   app 側⛔ 無通道（⛔ 不得以 shim 之值代填）
      ⚠️ merged 分段                app 側⛔ 無通道（⛔ 不得以 shim 之值代填）
      ⚠️ 退化帶之 s 位置                app 側⛔ 無通道（⛔ 不得以 shim 之值代填）
      ⚠️ 池帶之 s 起訖                 app 側⛔ 無通道（⛔ 不得以 shim 之值代填）

🛑 本檔只定位、⛔ 不作結論、⛔ 未動生產碼一字。
========================================================================================================================================================================================================
