========================================================================================================================================================================================================
【D-2b-10 §前-2】T2 對照用**全保真基準**　commit ＝ `edbc7840762471e323dc460decdf3eca51015381`
========================================================================================================================================================================================================
  🔒 原文**一律不截斷**；無例外者記字面「（無例外）」（⛔ 不留空）
  🔒 自證：所印原文之**實際字元數** == 所記**長度**欄；不等即 raise

【1】12 格全保真基準（完整原文／sha256／字元長度）
--------------------------------------------------------------------------------------------------------------------------------------------------------------------------------------------------------
  ── [0m] R1 ──　長度 **109**　sha256 `a62640c49eef3ea92df198bd2f0cde5c72b2daa0ec26489ebac639fc83c365f0`
     原文：RuntimeError: 街廓 R1 抵費地計算失敗：🔴 ①' 覆蓋閘破[R1]：|union(宗+池) − 街廓| = 12.0568 > 0.01（union 2881.4963 vs 街廓 2893.5531）
  ── [0m] R2 ──　長度 **117**　sha256 `f2bc8a42258233a9fb44f175864f65feaa8a2918d526a58d9c53d9fa1f0bfa0d`
     原文：RuntimeError: 街廓 R2 抵費地計算失敗：🔴 ②-宗 圍堵閘破[R2]：宗-宗重疊 = 76.2616 > 上界 3.1129（(宗數15−1)×0.005×深度44.47）——**超出捨入量子可解釋範圍＝另有病**，停
  ── [0m] R4 ──　長度 **109**　sha256 `bf43bcb21f09f9107854ffd98b9f9529ed0ee1a42c6dbdd4c9df776cc3fc3f3d`
     原文：RuntimeError: 街廓 R4 抵費地計算失敗：🔴 ①' 覆蓋閘破[R4]：|union(宗+池) − 街廓| = 58.4792 > 0.01（union 3149.3873 vs 街廓 3207.8665）
  ── [0m] R6 ──　長度 **5**　sha256 `8abd27dbfe139f304f045b796daa7c35919b55ce334139069df2db93c32248ad`
     原文：（無例外）
  ── [0m] R5 ──　長度 **117**　sha256 `c3e89ec082126046cc1c296521ba22590e34a7b3093dd2009e605fbfe4e1bb2c`
     原文：RuntimeError: 街廓 R5 抵費地計算失敗：🔴 ②-宗 圍堵閘破[R5]：宗-宗重疊 = 72.1964 > 上界 2.5141（(宗數12−1)×0.005×深度45.71）——**超出捨入量子可解釋範圍＝另有病**，停
  ── [0m] R3 ──　長度 **109**　sha256 `bd50161e191e0269f53450a86ee615216a0bceda33d15fe6c3a28d027c337787`
     原文：RuntimeError: 街廓 R3 抵費地計算失敗：🔴 ①' 覆蓋閘破[R3]：|union(宗+池) − 街廓| = 76.0262 > 0.01（union 4130.7734 vs 街廓 4206.7996）
  ── [3.5m] R1 ──　長度 **109**　sha256 `090ed1555b51df7ff3008240c22751ab0a575eb4a3383b5f9a18232cd5da1fb0`
     原文：RuntimeError: 街廓 R1 抵費地計算失敗：🔴 ①' 覆蓋閘破[R1]：|union(宗+池) − 街廓| = 12.0553 > 0.01（union 2881.4978 vs 街廓 2893.5531）
  ── [3.5m] R2 ──　長度 **763**　sha256 `18a66021b69caa2b1dd01a9af5346d13cb04a3c9f42c41730ae25a5c10c7ed62`
     原文：RuntimeError: 🔴 結構閘 telescoping 破：街廓 R2 left 側 ΣRw_實跑=100.02 ≠ R(W_final=34.39)−R(W₀=6.98)=44.41（Δ=55.606 >0.1）｜逐界面：[Δ_i·R2·left] 628-42(1)→628-41(1): W_far=6.9800／W_near=6.9800／W_start=6.9800／Δ=+0.0000／Δ_self=+0.0000　628-41(1)→628-27(1): W_far=11.0500／W_near=11.0500／W_start=11.0500／Δ=+0.0000／Δ_self=+0.0000　628-27(1)→628-40(1): W_far=11.7100／W_near=11.7100／W_start=11.7100／Δ=+0.0000／Δ_self=+0.0000　628-40(1)→628-43(1): W_far=18.3600／W_near=18.3600／W_start=18.3600／Δ=+0.0000／Δ_self=+0.0000　628-43(1)→628-30(2): W_far=18.3700／W_near=18.3700／W_start=18.3700／Δ=+0.0000／Δ_self=+0.0000　628-30(2)→628-39(1): W_far=20.3800／W_near=20.3800／W_start=20.3800／Δ=+0.0000／Δ_self=+0.0000　628-39(1)→628-31(2): W_far=25.6500／W_near=25.6500／W_start=25.6500／Δ=+0.0000／Δ_self=+0.0000
  ── [3.5m] R4 ──　長度 **109**　sha256 `bf43bcb21f09f9107854ffd98b9f9529ed0ee1a42c6dbdd4c9df776cc3fc3f3d`
     原文：RuntimeError: 街廓 R4 抵費地計算失敗：🔴 ①' 覆蓋閘破[R4]：|union(宗+池) − 街廓| = 58.4792 > 0.01（union 3149.3873 vs 街廓 3207.8665）
  ── [3.5m] R6 ──　長度 **5**　sha256 `8abd27dbfe139f304f045b796daa7c35919b55ce334139069df2db93c32248ad`
     原文：（無例外）
  ── [3.5m] R5 ──　長度 **669**　sha256 `eece7b2351e35487502252b9328f17c8475bb65fa6edbda140edb268371be308`
     原文：RuntimeError: 🔴 結構閘 telescoping 破：街廓 R5 left 側 ΣRw_實跑=99.99 ≠ R(W_final=36.10)−R(W₀=6.98)=44.41（Δ=55.576 >0.1）｜逐界面：[Δ_i·R5·left] 628-53(2)→628-18(2): W_far=6.9800／W_near=6.9800／W_start=6.9800／Δ=+0.0000／Δ_self=+0.0000　628-18(2)→628-45(1): W_far=11.8200／W_near=11.8200／W_start=11.8200／Δ=+0.0000／Δ_self=+0.0000　628-45(1)→628-7(2): W_far=13.0000／W_near=13.0000／W_start=13.0000／Δ=+0.0000／Δ_self=+0.0000　628-7(2)→628-20(2): W_far=18.6000／W_near=18.6000／W_start=18.6000／Δ=+0.0000／Δ_self=+0.0000　628-20(2)→628-30(1): W_far=25.3200／W_near=25.3200／W_start=25.3200／Δ=+0.0000／Δ_self=+0.0000　628-30(1)→628-21(2): W_far=25.6700／W_near=25.6700／W_start=25.6700／Δ=+0.0000／Δ_self=+0.0000
  ── [3.5m] R3 ──　長度 **671**　sha256 `df343e5f15378b54e8159f06e22dacfe23d7cb7be4107962f7dde32587c2fcd4`
     原文：RuntimeError: 🔴 結構閘 telescoping 破：街廓 R3 right 側 ΣRw_實跑=100.06 ≠ R(W_final=35.08)−R(W₀=6.97)=44.47（Δ=55.589 >0.1）｜逐界面：[Δ_i·R3·right] 628-42(2)→628-27(2): W_far=8.4100／W_near=8.4100／W_start=8.4100／Δ=+0.0000／Δ_self=+0.0000　628-27(2)→628-28(1): W_far=8.9900／W_near=8.9900／W_start=8.9900／Δ=+0.0000／Δ_self=+0.0000　628-28(1)→628-45(2): W_far=10.4100／W_near=10.4100／W_start=10.4100／Δ=+0.0000／Δ_self=+0.0000　628-45(2)→628-29(1): W_far=14.9600／W_near=14.9600／W_start=14.9600／Δ=+0.0000／Δ_self=+0.0000　628-29(1)→628-30(3): W_far=16.4000／W_near=16.4000／W_start=16.4000／Δ=+0.0000／Δ_self=+0.0000　628-30(3)→628-31(3): W_far=26.5600／W_near=26.5600／W_start=26.5600／Δ=+0.0000／Δ_self=+0.0000
  ⇒ ✅ **自證通過**：12 格之實際字元數皆 == 所記長度（⇒ 未截斷）

【2】可比性（**分兩級**·⛔ 不得混為一談）
--------------------------------------------------------------------------------------------------------------------------------------------------------------------------------------------------------
  [0m] R1　**級一·未截斷**：逐字全文 ✅ 相同
  [0m] R2　**級一·未截斷**：逐字全文 ✅ 相同
  [0m] R4　**級一·未截斷**：逐字全文 ✅ 相同
  [0m] R6　**級一·未截斷**：逐字全文 ✅ 相同
  [0m] R5　**級一·未截斷**：逐字全文 ✅ 相同
  [0m] R3　**級一·未截斷**：逐字全文 ✅ 相同
  [3.5m] R1　**級一·未截斷**：逐字全文 ✅ 相同
  [3.5m] R2　**級二·舊基準已截斷**：前 140 字 ✅ 相同
      ⚠️ **舊基準在 140 字之後不存在 ⇒ 超出部分無從比對·不可比**（⛔ 不得就此宣稱該格「零變動」）
  [3.5m] R4　**級一·未截斷**：逐字全文 ✅ 相同
  [3.5m] R6　**級一·未截斷**：逐字全文 ✅ 相同
  [3.5m] R5　**級二·舊基準已截斷**：前 140 字 ✅ 相同
      ⚠️ **舊基準在 140 字之後不存在 ⇒ 超出部分無從比對·不可比**（⛔ 不得就此宣稱該格「零變動」）
  [3.5m] R3　**級二·舊基準已截斷**：前 140 字 ✅ 相同
      ⚠️ **舊基準在 140 字之後不存在 ⇒ 超出部分無從比對·不可比**（⛔ 不得就此宣稱該格「零變動」）
  ⇒ 級一（9 格·未截斷）不同 **0**　級二（3 格·前 140 字）不同 **0**

【3】sha256 表
--------------------------------------------------------------------------------------------------------------------------------------------------------------------------------------------------------
  情境    街廓       長度  sha256
  0m    R1      109  a62640c49eef3ea92df198bd2f0cde5c72b2daa0ec26489ebac639fc83c365f0
  0m    R2      117  f2bc8a42258233a9fb44f175864f65feaa8a2918d526a58d9c53d9fa1f0bfa0d
  0m    R4      109  bf43bcb21f09f9107854ffd98b9f9529ed0ee1a42c6dbdd4c9df776cc3fc3f3d
  0m    R6        5  8abd27dbfe139f304f045b796daa7c35919b55ce334139069df2db93c32248ad
  0m    R5      117  c3e89ec082126046cc1c296521ba22590e34a7b3093dd2009e605fbfe4e1bb2c
  0m    R3      109  bd50161e191e0269f53450a86ee615216a0bceda33d15fe6c3a28d027c337787
  3.5m  R1      109  090ed1555b51df7ff3008240c22751ab0a575eb4a3383b5f9a18232cd5da1fb0
  3.5m  R2      763  18a66021b69caa2b1dd01a9af5346d13cb04a3c9f42c41730ae25a5c10c7ed62
  3.5m  R4      109  bf43bcb21f09f9107854ffd98b9f9529ed0ee1a42c6dbdd4c9df776cc3fc3f3d
  3.5m  R6        5  8abd27dbfe139f304f045b796daa7c35919b55ce334139069df2db93c32248ad
  3.5m  R5      669  eece7b2351e35487502252b9328f17c8475bb65fa6edbda140edb268371be308
  3.5m  R3      671  df343e5f15378b54e8159f06e22dacfe23d7cb7be4107962f7dde32587c2fcd4

【4】🔧 §前-3 具名更正（⛔ 不刪不改任何既有 log 原文）
--------------------------------------------------------------------------------------------------------------------------------------------------------------------------------------------------------
  (1) `verify/out/probe_D2b9_guard_degen.log` 所載「**閘族數 ＝ 14**」**應為 15**。
      成因：`_family()` 之 `（其他）` 萬用桶含 `:575`（條件③ J 非零看守破）與
      `:819`（停機②（J 下降））**兩族**。已由 D-2b-10【前-1】修正，新表見 `verify/out/probe_D2b10_family.log`。
  (2) 同檔【驗收 1】於**全部 12 格**標註「基準已截斷」**不確**：
      實為 **9 格完整、3 格截斷**（`[3.5m]` R2／R5／R3）。
      該三格之比對涵蓋範圍**僅及前 140 字**；⛔ 不得就此宣稱其「零變動」。
  ⛔ 上述兩檔**一字未刪未改**。

========================================================================================================================================================================================================
