============================================================================================================================================================================
【W-G.9-65】**甲式**（生產碼現行構造）8 格寬度重量 ＋ 甲乙比對 ＋ 注入式階梯
============================================================================================================================================================================
  產生於 commit：d8fd234
  🔒 **⛔ 零生產碼變更**；⛔ 未新增第二份判定原語；⛔ 未抄施工單之甲式數字。

============================================================================================================================================================================
【A】**甲式** 8 格：`S1_par = max(seg, T)`，`T = 0 + 3.5`（`setback = 0`·`D = 14.00`）
============================================================================================================================================================================
  街廓   側           W      D         seg       T    甲 S1_par         甲 w_max       甲短少 ＝ W−w_max      無容差判
----------------------------------------------------------------------------------------------------------------------------------------------------------------------------
  R1   left     3.50  14.00    3.668198   3.500    3.668198     3.659115705       -1.591157e-01          進
  R1   right    3.50  14.00    3.382567   3.500    3.500000     3.484936128        1.506387e-02         不進
  R2   left     3.50  14.00    3.544219   3.500    3.544219     3.544177457       -4.417746e-02          進
  R3   right    3.50  14.00    3.565921   3.500    3.565921     3.565407150       -6.540715e-02          進
  R4   left     3.50  14.00    3.711446   3.500    3.711446     3.695465681       -1.954657e-01          進
  R4   right    3.50  14.00    3.543883   3.500    3.543883     3.543850313       -4.385031e-02          進
  R5   left     3.50  14.00    3.463292   3.500    3.500000     3.499495816        5.041840e-04         不進
  R6   right    3.50  14.00    3.401504   3.500    3.500000     3.488680559        1.131944e-02         不進
----------------------------------------------------------------------------------------------------------------------------------------------------------------------------
  ⇒ **甲式（無容差）之分類：5 進／3 不進**

============================================================================================================================================================================
【B】🔴 **甲乙逐格比對**（A-5-1）：`seg` 於兩式同為支配項之格，其值應**逐位不變**
============================================================================================================================================================================
  🔒 甲 `S1_par = max(seg, T)`；乙 `S1_par = max(seg, T/sinθ)`。
     `T/sinθ ≥ T`（`sinθ ≤ 1`）⇒ **乙之門檻恆 ≥ 甲** ⇒ 二式相異者⛔ 只可能是
     「`T/sinθ` 支配」之格；`seg` 支配之格**兩式同構** ⇒ 其 `w_max` 應逐位相同。

  街廓   側               seg       T      T/sinθ     甲支配     乙支配         甲 w_max         乙 w_max        Δ(甲−乙)    同/異
----------------------------------------------------------------------------------------------------------------------------------------------------------------------------
  R1   left       3.668198   3.500    3.508845      seg      seg     3.659115705     3.659115705     0.000e+00       同
  R1   right      3.382567   3.500    3.515129        T    T/sin     3.484936128     3.500000009    -1.506e-02   **異**
  R2   left       3.544219   3.500    3.500041      seg      seg     3.544177457     3.544177457     0.000e+00       同
  R3   right      3.565921   3.500    3.500504      seg      seg     3.565407150     3.565407150     0.000e+00       同
  R4   left       3.711446   3.500    3.515134      seg      seg     3.695465681     3.695465681     0.000e+00       同
  R4   right      3.543883   3.500    3.500037      seg      seg     3.543850313     3.543850313     0.000e+00       同
  R5   left       3.463292   3.500    3.500504        T    T/sin     3.499495816     3.499999854    -5.040e-04   **異**
  R6   right      3.401504   3.500    3.511356        T    T/sin     3.488680559     3.499999912    -1.132e-02   **異**
----------------------------------------------------------------------------------------------------------------------------------------------------------------------------
  ⇒ **同 5 格／異 3 格**　✅ 分裂為 5／3（⛔ 非 8／0、⛔ 非 0／8）
  🔒 相異之格逐格具名：**R1/right／R5/left／R6/right**

  **甲乙短少之對讀（⛔ 二者係<u>兩種構造</u>之量·⛔ 不得互代）**
  街廓   側                  甲短少【倉】           乙短少（-63【倉】）          倍率 甲/乙
----------------------------------------------------------------------------------------------------------------------------------------------------------------------------
  R1   left        -1.591157e-01         -1.591157e-01               1
  R1   right        1.506387e-02         -9.415063e-09        -1.6e+06
  R2   left        -4.417746e-02         -4.417746e-02               1
  R3   right       -6.540715e-02         -6.540715e-02               1
  R4   left        -1.954657e-01         -1.954657e-01               1
  R4   right       -4.385031e-02         -4.385031e-02               1
  R5   left         5.041840e-04          1.456501e-07            3462
  R6   right        1.131944e-02          8.802454e-08       1.286e+05
----------------------------------------------------------------------------------------------------------------------------------------------------------------------------
  ⚠️ **「倍率」一欄之讀法（⛔ 不得一句概括）**：
     · `R1/right` ⇒ **變號**（甲 `+1.51e−02` vs 乙 `−9.42e−09`）——⛔ 「倍率」二字於此**不適用**，其意義為「甲不進、乙進」。
     · `R5/left` ⇒ `3.46e+03`（**3.5 個數量級**）；`R6/right` ⇒ `1.29e+05`（**5 個數量級**）。
  🔑 ⇒ 🔒 **`GB-80`「餘裕恆 0」係<u>乙式</u>之性質；甲式之短少大 3〜5 個數量級（含一格變號）⇒ 該性質於甲式 ⛔ 不成立。**

============================================================================================================================================================================
【C】🔴 **注入式階梯**（A-5-2）：甲式於三個容差高度之翻面（閘 ＝ `寬度 ≥ W − eps`）
============================================================================================================================================================================
  🔒 **本階梯即該閘之判別力測試**——一個從未紅過的閘，跟一段註解證據力相同。

         eps      翻面格數   翻面之格（逐格具名）                                      該 eps 下之分類
----------------------------------------------------------------------------------------------------------------------------------------------------------------------------
       1e-04         0   （無）                                               5 進／3 不進
       1e-03         1   R5/left                                           6 進／2 不進
       2e-02         3   R1/right／R5/left／R6/right                         8 進／0 不進
----------------------------------------------------------------------------------------------------------------------------------------------------------------------------
  ⇒ 翻面格數階梯 ＝ **(0, 1, 3)**（期望 `(0, 1, 3)`）⇒ ✅ 相符
  🔒 **本閘確會紅亦確會綠**：最低高度 0 格、最高高度 3 格 ⇒ ⛔ 非恆綠、⛔ 非恆紅。

============================================================================================================================================================================
【D】**見證**（A-5-3）：三焦點格·甲乙各一組·**四角座標 ＋ 逐角 `poly.covers`**
============================================================================================================================================================================
  🔴 **具名偏離施工單字面**：單令「判『進』之格須出艙見證」，而三焦點格於**甲式**
     皆為「不進」（短少 > 0）⇒ 若照字面則**一組見證都出不了**。
     ⇒ 🔒 **改於該格自己的 `w_max` 取見證**（＝該格<u>確實可容納</u>之最大寬）
     ——資訊**多於**而非少於原令；並**併報**其於 `W = 3.50` 是否可容納。

  🔴 **見證取<u>二處</u>（⛔ 缺一不可）**：
     · **邊界** `w = w_max`——二分之回值即**可行集之邊界**，侵蝕集於此**退化**
       ⇒ 逐角 `covers` 於此**本就不穩**（`GB-82` 之併記已登記「`fits_at` 回真而見證不可得」）。
     · **內點** `w = w_max − δ`（`δ = 1e−06`·**高於量子 1e−05 之十分之一、遠高於浮點雜訊**）
       ⇒ 此處為**嚴格內點** ⇒ 🔒 **A-5-3 之判定以本欄為準**（邊界欄照實並列、⛔ 不隱去）。

  式   街廓   側             w_max（邊界）       邊界四角全在      w_max−δ（內點）       內點逐角       內點四角全在    W=3.50 可容納?
----------------------------------------------------------------------------------------------------------------------------------------------------------------------------
  甲   R1   right       3.484936128             否      3.484935128      [TTTT]             是               否
  甲   R5   left        3.499495816             否      3.499494816      [TTTT]             是               否
  甲   R6   right       3.488680559             否      3.488679559      [TTTT]             是               否
  乙   R1   right       3.500000009             是      3.499999009      [TTTT]             是               是
  乙   R5   left        3.499999854             是      3.499998854      [TTTT]             是               否
  乙   R6   right       3.499999912             否      3.499998912      [TTTT]             是               否
----------------------------------------------------------------------------------------------------------------------------------------------------------------------------
----------------------------------------------------------------------------------------------------------------------------------------------------------------------------
  ⇒ **內點見證：6／6** 組四角全在宗內（🔒 A-5-3 之判定依據）
  ⚠️ **邊界欄之失敗⛔ 非缺陷、係<u>構造必然</u>**：`w_max` 係二分之回值 ＝ 可行集之邊界，
     侵蝕集於該處退化為線段／點 ⇒ 逐角 `covers` 落在數值刀鋒上（`GB-82` 併記之同一現象）。

  **見證矩形之四角座標（原框·⛔ 具名·⛔ 非僅報 True）**
  甲 R1/right @ w=3.484935128　θ=2.421482
     四角 ＝ (310502.6911, 2651936.8756)　(310500.0714, 2651939.1738)　(310490.8388, 2651928.6496)　(310493.4586, 2651926.3514)
     逐角 covers ＝ ['T', 'T', 'T', 'T']
  甲 R5/left @ w=3.499494816　θ=0.833714
     四角 ＝ (310456.5823, 2651825.8826)　(310458.9345, 2651828.4737)　(310448.5684, 2651837.8836)　(310446.2163, 2651835.2924)
     逐角 covers ＝ ['T', 'T', 'T', 'T']
  甲 R6/right @ w=3.488679559　θ=0.833714
     四角 ＝ (310486.2250, 2651798.9744)　(310488.5699, 2651801.5575)　(310478.2038, 2651810.9673)　(310475.8590, 2651808.3842)
     逐角 covers ＝ ['T', 'T', 'T', 'T']
  乙 R1/right @ w=3.499999009　θ=2.421482
     四角 ＝ (310502.6916, 2651936.8761)　(310500.0605, 2651939.1843)　(310490.8280, 2651928.6600)　(310493.4590, 2651926.3519)
     逐角 covers ＝ ['T', 'T', 'T', 'T']
  乙 R5/left @ w=3.499998854　θ=0.833714
     四角 ＝ (310456.5823, 2651825.8826)　(310458.9348, 2651828.4741)　(310448.5687, 2651837.8839)　(310446.2163, 2651835.2924)
     逐角 covers ＝ ['T', 'T', 'T', 'T']
  乙 R6/right @ w=3.499998912　θ=0.833714
     四角 ＝ (310486.2251, 2651798.9742)　(310488.5776, 2651801.5658)　(310478.2115, 2651810.9756)　(310475.8591, 2651808.3841)
     逐角 covers ＝ ['T', 'T', 'T', 'T']

============================================================================================================================================================================
【E】逐項判定
============================================================================================================================================================================
  A-5-1 對照組       ✅　甲乙分裂 ＝ 5／3（須 5／3·⛔ 非 8／0、⛔ 非 0／8）
  A-5-2 階梯        ✅　翻面格數 ＝ (0, 1, 3)（須 `(0, 1, 3)`）
  A-5-3 見證        ✅　6／6 組四角全在
----------------------------------------------------------------------------------------------------------------------------------------------------------------------------
  ⇒ **✅ 全部成立**
  🔒 §七-5 收束斷言：`LOCAL_ORIGIN is True` ✅
============================================================================================================================================================================
