====================================================================================================================
【W-G.9-267 工項二】`d-1` 閘之結構盲區（`SIDE ∥ ALLOC` ⇒ 鑑別力為零）
====================================================================================================================
   來源層：∠ALLOC ＝ 生產解析器 `cad['alloc_dir_by_block']`；∠SIDE ＝ 生產解析器 `cad['side_lines_by_side']`（＝ `f3_cad_side_lines_by_side` 之同一表）
   實測遠側界 ＝ harness 落檔 `verify/out/got_G值_退縮*_partial.csv` 之 `cut_coords`（共有頂點取邊）

── 一　全母體：**全部街廓側**之 `|∠SIDE − ∠ALLOC|`（⛔ 只列受詞·⛔ 只列受詞之近鄰）──
   框（判準·逐字）＝ `|∠SIDE−∠ALLOC| < 0.5°` ⇔ `|cross| < sin(0.5°) = 8.726535e-03`（承 `d-1`）
   框（單所載·⛔ 判準·並列以具名相斥）＝ `|cross| < 1e-09`
| 街廓/側 | ∠ALLOC | ∠SIDE | `|∠SIDE−∠ALLOC|` | `|cross(û,û)|` | 判（本探針框） | 判（單所載框 `1e-9`） |
|---|---|---|---|---|---|---|
| R1/left | 48.0498 | 47.4919 | **0.5579506245°** | 0.00973792 | ✅ 可判 | 可判 |
| R1/right | 48.0498 | 48.7407 | **0.6908374247°** | 0.0120571 | ✅ 可判 | 可判 |
| R2/left | 133.4463 | 137.7683 | **4.321972021°** | 0.0753611 | ✅ 可判 | 可判 |
| R3/right | 133.4463 | 137.7683 | **4.321957648°** | 0.0753609 | ✅ 可判 | 可判 |
| R4/left | 46.0270 | 48.7407 | **2.713699657°** | 0.0473453 | ✅ 可判 | 可判 |
| R4/right | 46.0270 | 43.1590 | **2.867976279°** | 0.0500347 | ✅ 可判 | 可判 |
| R5/left | 133.4463 | 137.7683 | **4.321967864°** | 0.0753611 | ✅ 可判 | 可判 |
| R6/right | 137.7683 | 137.7683 | **2.71678752e-06°** | 4.74169e-08 | 🔴 **SIDE ∥ ALLOC ⇒ 盲區·不可判** | 可判 |
   母體 ＝ **8** 個街廓側（判定集基數 8）；落盲區者〔本探針框〕＝ [('R6', 'right')]（**1** 組）
   🩸 落盲區者〔單所載框 `1e-9`〕＝ 無（**0** 組）⇒ **與單自身之必紅相斥**
   [判別力·證此檢⛔ 恆判平行] `|cross(û_ALLOC(R6), û_ALLOC(R1))|` = 0.999988

── 二　自我驗證閘（重建之「共有頂點取邊」須復現 `-266R` 之必綠組）──
   必綠組（第 1 宗以後）：∥ALLOC **33** 宗／⛔∥ **0** 宗（判定集基數 33）
   ⇒ 自我驗證閘 ✅ 過（全數 ∥ALLOC·與 `-266R` 相符）

── 三　逐街角第 0 宗：遠側界之實測角 vs ∠ALLOC／∠SIDE ⇒ 可判？取何軸？──
| 情境 | 街廓/側 | 宗地 | 實測∠ | ∠ALLOC | ∠SIDE | 判 |
|---|---|---|---|---|---|---|
| 0m | R1/left | 628-37(1) | 47.4919 | 48.0498 | 47.4919 | ✅ **可判·取 SIDE** |
| 0m | R1/right | 628(5) | 48.7407 | 48.0498 | 48.7407 | ✅ **可判·取 SIDE** |
| 3.5m | R1/right | 628(5) | 48.7407 | 48.0498 | 48.7407 | ✅ **可判·取 SIDE** |
| 3.5m | R6/right | 628-18(1) | 137.7683 | 137.7683 | 137.7683 | 🔴 **不可判**（`SIDE ∥ ALLOC`·二述詞同一） |

── 四　否證對照（同格載判定集基數·基數 `0` ⇒ loud 拒測）──
   ✅ 必紅 ＝ `('3.5m', 'R6', 'right')`　判定集基數 **1**　實得「🔴 **不可判**（`SIDE ∥ ALLOC`·二述詞同一）」⇒ 如預期
   ✅ 必綠 ＝ `('3.5m', 'R1', 'right')`　判定集基數 **1**　實得「✅ **可判·取 SIDE**」⇒ 如預期
