========================================================================================================
【W-G.9-161 §五】十二點不變式之**判別力對照**（`D-1`〜`D-5`）
========================================================================================================
  HEAD        = 77ebc492415726272a164bb6f5b9dfd96dec268a
  app.py blob = 8daca97f7b9f520cd1c8fdcfa4823a45f4199395
  基座(log 綁) = 77ebc49

  🔒 量測器自檢①　`ns` 中取得四符號 ＝ [True, True, True, True]
  🔒 量測器自檢②　`_PROJ_POP_DECL` 之列數 ＝ **14**（`L-2′`）

========================================================================================================
§D-1　`POP_SYNC` 之實參**移除一真實宗**（受詞 ＝ `stepg:_proj_rank`·`filter=stage1`）
========================================================================================================
  ✅ 正向對照（未擾動）：raise ＝ **False**（須 False）
  🔴 擾動（移除 `628-42(1)`）：raise ＝ **True**
     訊息：🔴 [_proj_pop] 母體同步破：tag=stepg:_proj_rank／街廓=R2／宣告=(POP_SYNC, BUILD_LAYER, stage1)／對稱差=['628-42(1)']／實得(2)=['628-41(1)', '628-27(1)']／期望(3)=['628-41(1)', '628-42(1)', '628-27(1)']
     🔒 對稱差**恰含**該宗 ＝ **True**

========================================================================================================
§D-2　宣告 `filter` 由 `stage1` 改 `identity`（**⛔ 不改實參**）
========================================================================================================
  🔴 擾動（宣告改 `identity`·實參不動）：raise ＝ **True**
     訊息：🔴 [_proj_pop] 母體同步破：tag=stepg:_proj_rank／街廓=R2／宣告=(POP_SYNC, BUILD_LAYER, identity)／對稱差=['628-99(9)']／實得(3)=['628-41(1)', '628-42(1)', '628-27(1)']／期望(4)=['628-41(1)', '628-42(1)',
  ✅ 還原後：raise ＝ **False**（須 False ⇒ 證擾動確已還原）

========================================================================================================
§D-3　`NAME_DERIVATION` 之 `_mem` 注入**他街廓**之宗
========================================================================================================
  ✅ 正向對照（未擾動）：raise ＝ **False**（須 False）
  🔴 擾動（注入 `R5` 之 `628-99(1)`）：raise ＝ **True**
     訊息：🔴 [_proj_pop] ⊆ 破：tag=app:k6step0/_ordered／街廓=R2／宣告=(NAME_DERIVATION, TEMP_LAYER, group_members)／只在實參=['628-99(1)']／|實參|=3／|TEMP_LAYER|=3
  🔒 併證：實參為空 ⇒ raise ＝ **True**（`⊆` 之空真⛔ 不得作為通過）

========================================================================================================
§D-4　`wf_f4:_order_fb` 之 `declared_added` 由 `{_abate_key}` 改 `∅`
========================================================================================================
  ✅ 正向對照（`added = {74·抵費地末}`）：raise ＝ **False**（須 False）
  🔴 擾動（`added` 改 `∅`）：raise ＝ **True**
     訊息：🔴 [_proj_pop] 宣告式差集破：tag=wf_f4:_order_fb／街廓=R6／宣告=(ORDER_INVARIANCE, RESHAPE, pseudo_of)／removed 實得=[] 宣告=[]（對稱差 []）／added 實得=['74·抵費地末'] 宣告=[]（對稱差 ['74·抵費地末']）

========================================================================================================
§D-5　`wf_f3:_proj_order`（宣告 `removed = added = ∅`）之後呼叫**注入一宗**
========================================================================================================
  ✅ 正向對照（前後同集合）：raise ＝ **False**（須 False）
  🔴 擾動（後呼叫注入 `628-99(9)`）：raise ＝ **True**
     訊息：🔴 [_proj_pop] 宣告式差集破：tag=wf_f3:_proj_order／街廓=R3／宣告=(ORDER_INVARIANCE, BUILD_LAYER, no_ghost)／removed 實得=[] 宣告=[]（對稱差 []）／added 實得=['628-99(9)'] 宣告=[]（對稱差 ['628-99(9)']）
  🔒 併證：向宣告 `empty` 之側傳入非空 ⇒ raise ＝ **True**（型別自檢）
     訊息：🔴 [_proj_pop] 宣告值違型：tag=wf_f3:_proj_order／街廓=R3／added 宣告為 `empty` 而實傳 ['X']

========================================================================================================
§附　未宣告之 tag 須 loud（⇒ 新增呼叫點必被逼入 `L-2′` 表）
========================================================================================================
  🔴 未宣告之 tag：raise ＝ **True**　訊息：🔴 [_proj_pop] 呼叫點 'wf_fX:不存在之點' ⛔ 未宣告於 `_PROJ_POP_DECL`（`L-2′`）

========================================================================================================
  組      正向對照(須不紅)      擾動(須紅)         訊息含受詞           
  D-1    True           True           True             ✅
  D-2    True           True           True             ✅
  D-3    True           True           True             ✅
  D-4    True           True           True             ✅
  D-5    True           True           True             ✅
  ⇒ **5/5 組三項齊備**
========================================================================================================
