==============================================================================================================================================================================================
【D-2 哨兵】街角最小規定範圍面積 16 格 — 相位 ＝ **切換後**
==============================================================================================================================================================================================
  🔒 **正對照（`==` 反向式）**：切換前命中**舊值**、切換後命中**新值**。
  🔒 判準容差 `0.0001`（**先行宣告**·⛔ 未由結果反推）。
  🔴 **無鑑別力 2 格**：`0m R6/right`／`3.5m R6/right`——舊新兩值差 < 容差⇒ `==` 兩邊皆真、**不能證明任何事** ⇒ 標「**無鑑別力·非通過**」。
     ⇒ **有效鑑別格 ＝ 14/16**，⛔ **禁記為 16/16**。

【A】逐格（**16 格**）
----------------------------------------------------------------------------------------------------------------------------------------------------------------------------------------------
情境    街廓/側                 實測面積       期望(舊)       期望(新)       |Δ舊|       |Δ新|       舊新間距  判定
----------------------------------------------------------------------------------------------------------------------------------------------------------------------------------------------
0m    R1/left          114.9397    114.7072    114.9397   0.232519   0.000019   0.232500  ✅ 命中**新值**（切換後態）
0m    R1/right         110.1749    116.8414    110.1749   6.666512   0.000012   6.666500  ✅ 命中**新值**（切換後態）
0m    R2/left          152.9867    227.1050    152.9867  74.118323   0.000023  74.118300  ✅ 命中**新值**（切換後態）
0m    R3/right         153.8039    226.6930    153.8039  72.889053   0.000047  72.889100  ✅ 命中**新值**（切換後態）
0m    R4/left          116.0784    135.1873    116.0784  19.108876   0.000024  19.108900  ✅ 命中**新值**（切換後態）
0m    R4/right         111.0215    137.0042    111.0215  25.982687   0.000013  25.982700  ✅ 命中**新值**（切換後態）
0m    R5/left          146.4818    217.9702    146.4818  71.488424   0.000024  71.488400  ✅ 命中**新值**（切換後態）
0m    R6/right         145.8834    145.8835    145.8834   0.000075   0.000025   0.000100  🔴 **無鑑別力·非通過**（舊新間距 < 容差）
3.5m  R1/left          225.4248    230.8098    225.4248   5.384971   0.000029   5.385000  ✅ 命中**新值**（切換後態）
3.5m  R1/right         226.1260    232.7931    226.1260   6.667111   0.000011   6.667100  ✅ 命中**新值**（切換後態）
3.5m  R2/left          308.1618    384.1511    308.1618  75.989338   0.000038  75.989300  ✅ 命中**新值**（切換後態）
3.5m  R3/right         307.7486    383.6669    307.7486  75.918297   0.000003  75.918300  ✅ 命中**新值**（切換後態）
3.5m  R4/left          225.0039    251.1151    225.0039  26.111175   0.000025  26.111200  ✅ 命中**新值**（切換後態）
3.5m  R4/right         225.4208    252.8551    225.4208  27.434295   0.000005  27.434300  ✅ 命中**新值**（切換後態）
3.5m  R5/left          299.6868    371.1713    299.6868  71.484525   0.000025  71.484500  ✅ 命中**新值**（切換後態）
3.5m  R6/right         298.1445    298.1445    298.1445   0.000037   0.000037   0.000000  🔴 **無鑑別力·非通過**（舊新間距 < 容差）
----------------------------------------------------------------------------------------------------------------------------------------------------------------------------------------------
  **有效鑑別格 ＝ 14/16**（無鑑別力 2 格·⛔ 已排除·禁計入）
  命中**舊值** **0/14**　／　命中**新值** **14/14**

【總判】
----------------------------------------------------------------------------------------------------------------------------------------------------------------------------------------------
  **切換前態**（有效格全命中舊值）＝ 🔴
  **切換後態**（有效格全命中新值）＝ ✅
  ⇒ **✅ 具鑑別力（恰一態成立）**
  ⛔ 本批**未切換** ⇒ 期望為**切換前態成立**。
