======================================================================================================================
D-2b-30 §3-3　強制抵費地帶寬 `buf` vs 街角規定範圍定寬 `S1_par` — ⛔ 只量不判
======================================================================================================================

【射程】街角側母體 = 8 個：R1/left、R1/right、R2/left、R3/right、R4/left、R4/right、R5/left、R6/right
        關聯來源 = cad['side_lines_by_side'] / cad['alloc_dir_by_block']（parse_cadastral_geofile）⛔ 非幾何鄰近配對

【閘 H1】`P0` ≡ FRONT∞ ∩ SIDE∞（須 < 1e-6）： max = 5.821e-11  （16 格）
【閘 H2】`Ps` 為**明確之 FRONT 側頂點**（辨別性閘·⛔ 非絕對 1e-6·沿用 GEO-1）：
        判準 = d_Ps < 0.05 ∧ d_oth > 10×d_Ps ∧ |Ps−P0| > 1e-9
        通過 16/16；max d_Ps = 0.014826（＝R4 之 CAD 圖面既有落差量級·PROVENANCE §A.2）
        最劣辨別比 d_oth/d_Ps = 238.0×（須 > 10）
【閘 R 】`band_area(B) == range_area`（tol 0.01）： max|Δ| = 0.000000  （3 格）

【逐格表】鍵 ＝ 側別 ＋ s 區間（⛔ 非宗序號、⛔ 非行號）
----------------------------------------------------------------------------------------------------------------------
情境    街廓   側別     s 區間 [s_min, s_max]      A=S1_par      B=buf        C=B−A        D=面積差      E=夾角°
----------------------------------------------------------------------------------------------------------------------
0m    R1   left   —                        3.668198          —            —            —   0.557951   不適用（該側有 WINNER ⇒ 無強制抵費地）
0m    R1   right  —                        3.500000          —            —            —   0.690832   不適用（該側有 WINNER ⇒ 無強制抵費地）
0m    R2   left   —                        3.544219          —            —            —   4.321972   不適用（該側有 WINNER ⇒ 無強制抵費地）
0m    R3   right  —                        3.565921          —            —            —   4.321958   不適用（該側有 WINNER ⇒ 無強制抵費地）
0m    R4   left   —                        3.711446          —            —            —   2.713695   不適用（該側有 WINNER ⇒ 無強制抵費地）
0m    R4   right  —                        3.543883          —            —            —   2.867975   不適用（該側有 WINNER ⇒ 無強制抵費地）
0m    R5   left   —                        3.500000          —            —            —   4.321968   不適用（該側有 WINNER ⇒ 無強制抵費地）
0m    R6   right  —                        3.500000          —            —            —   0.000003   不適用（該側有 WINNER ⇒ 無強制抵費地）
3.5m  R1   left   —                        7.000000          —            —            —   0.557951   不適用（該側有 WINNER ⇒ 無強制抵費地）
3.5m  R1   right  —                        7.000000          —            —            —   0.690832   不適用（該側有 WINNER ⇒ 無強制抵費地）
3.5m  R2   left   [0.2677, 100.0274]       7.000000   8.695857     1.695857    76.162621   4.321972
3.5m  R3   right  [-0.0000, 96.8032]       7.000000   8.702662     1.702662    76.275228   4.321958
3.5m  R4   left   —                        7.000000          —            —            —   2.713695   不適用（該側有 WINNER ⇒ 無強制抵費地）
3.5m  R4   right  —                        7.000000          —            —            —   2.867975   不適用（該側有 WINNER ⇒ 無強制抵費地）
3.5m  R5   left   [0.2685, 92.7995]        7.000000   8.658415     1.658415    72.536113   4.321968
3.5m  R6   right  —                        7.000000          —            —            —   0.000003   不適用（該側有 WINNER ⇒ 無強制抵費地）
----------------------------------------------------------------------------------------------------------------------

【差集自證】母體 16 ＝ 適用 3 ＋ 不適用 13，殘差 0（須 0）
            母體 ＝ 街角側 8 × 情境 2 ＝ 16（⛔ 空集合不算通過）

【R6 退化自驗】R6 無適用格 ⇒ ⛔ **P3 之自我驗證閘未取得證據**（⇒ 其餘各格之 C 缺少『量測器本身正確』之獨立佐證）

======================================================================================================================
【儀器自驗】🔒 **⛔ 非土地事實**——以下對<u>全部</u> 16 格試算 `buf`（含無強制抵費地者），
            **僅為驗「量測鏈本身是否正確」**：`SIDE ∥ ALLOC` 時二帶同向 ⇒ `C` 應 ≈ 0。
            ⛔ 不得據本段主張任何格有強制抵費地、⛔ 不得引為土地後果。
            成因：`R6` **無適用格** ⇒ 登記之 P3 自驗閘於正表上落空，故另設本段補之。
----------------------------------------------------------------------------------------------------------------------
情境    街廓   側別                A      buf(試算)            C        E=夾角°
----------------------------------------------------------------------------------------------------------------------
0m    R1   left       3.668198     3.666402    -0.001796     0.557951
0m    R1   right      3.500000     3.700961     0.200961     0.690832
0m    R2   left       3.544219     5.241459     1.697240     4.321972
0m    R3   right      3.565921     5.236669     1.670748     4.321958
0m    R4   left       3.711446     4.499794     0.788348     2.713695
0m    R4   right      3.543883     4.195301     0.651418     2.867975
0m    R5   left       3.500000     5.152033     1.652033     4.321968
0m    R6   right      3.500000     3.499922    -0.000078     0.000003
3.5m  R1   left       7.000000     6.998063    -0.001937     0.557951
3.5m  R1   right      7.000000     7.201327     0.201327     0.690832
3.5m  R2   left       7.000000     8.695857     1.695857     4.321972   ← 正表適用格
3.5m  R3   right      7.000000     8.702662     1.702662     4.321958   ← 正表適用格
3.5m  R4   left       7.000000     7.788136     0.788136     2.713695
3.5m  R4   right      7.000000     7.651490     0.651490     2.867975
3.5m  R5   left       7.000000     8.658415     1.658415     4.321968   ← 正表適用格
3.5m  R6   right      7.000000     6.999899    -0.000101     0.000003
----------------------------------------------------------------------------------------------------------------------
🔒 **P3 自驗（儀器層）**：`R6`（E=0.000003°·SIDE∥ALLOC）之 |C| = 7.786e-05
   ⇒ ✅ ≈0 ⇒ **量測鏈通過退化自驗**（⛔ 仍非土地事實·⛔ 不作通過憑據）

🔎 **P2 之儀器層觀察**（⛔ 非土地事實·⛔ 僅供判斷母體是否具鑑別力）：
   夾角由小到大 vs |C|：
     E=  0.000003°   |C|=    0.000078   （0m R6/right）
     E=  0.000003°   |C|=    0.000101   （3.5m R6/right）
     E=  0.557951°   |C|=    0.001796   （0m R1/left）
     E=  0.557951°   |C|=    0.001937   （3.5m R1/left）
     E=  0.690832°   |C|=    0.200961   （0m R1/right）
     E=  0.690832°   |C|=    0.201327   （3.5m R1/right）
     E=  2.713695°   |C|=    0.788348   （0m R4/left）
     E=  2.713695°   |C|=    0.788136   （3.5m R4/left）
     E=  2.867975°   |C|=    0.651418   （0m R4/right）
     E=  2.867975°   |C|=    0.651490   （3.5m R4/right）
     E=  4.321958°   |C|=    1.670748   （0m R3/right）
     E=  4.321958°   |C|=    1.702662   （3.5m R3/right）
     E=  4.321968°   |C|=    1.652033   （0m R5/left）
     E=  4.321968°   |C|=    1.658415   （3.5m R5/left）
     E=  4.321972°   |C|=    1.697240   （0m R2/left）
     E=  4.321972°   |C|=    1.695857   （3.5m R2/left）
======================================================================================================================

⛔ 本檔只量不判：不判定此差是否為缺陷、不改構造、不登記 GB、不提修法建議。
rc = 0
