========================================================================================================================================================================================================
【W-G.9-183 M-H-1】式(ii) 之擴大驗證（六街廓）— ⛔ 零生產碼
========================================================================================================================================================================================================
  環境：shapely 2.1.2 | GEOS (3, 13, 1)
  【倉】對拍源：verify/out/KL_UI_3.5m_2e08a41_stdout.log ⇒ [T2-DIAG] 街廓 = ['R1', 'R2', 'R3', 'R4', 'R6']
  🔴 六街廓中⛔ 無 [T2-DIAG] 者 = ['R5']（其【倉】錨結構上不存在）

  逐街廓 run_step_g 之終止情形（⛔ 非停機款·照實載）：
    R1  擷取 ✅      ｜⛔ 無例外
    R2  擷取 ✅      ｜例外 RuntimeError: 🔴 結構閘 telescoping 破：街廓 R2 left 側 ΣRw_實跑=100.02 ≠ R(W_final=34.39)−R(W₀=6.98)=44.41（Δ=55.606 >0.1）｜逐界面：[Δ_i·R2·left] 628-42(1)→628-41(1): W_far=6.9800／W_near=6.9800／W_start=6.9800／Δ=+0.0000／Δ_self=+0.0000　628-41(1)→628-27
    R3  擷取 ✅      ｜⛔ 無例外
    R4  擷取 ✅      ｜例外 RuntimeError: 🔴 結構閘 理論＝實跑 破：街廓 R4 right 側 理論@k*=87.83 ≠ 實跑(階段1)=85.41（Δ=2.425 >0.1）｜參考 ΣΔ_i=+0.000（**⛔ 未用於本式**·實測反證見碼註）｜逐界面：[Δ_i·R4·right] （無界面）
    R5  擷取 ✅      ｜例外 RuntimeError: 街廓 R5 抵費地計算失敗：🔴 ②-宗 圍堵閘破[R5]：宗-宗重疊 = 56.8186 > 上界 1.5999（(宗數8−1)×0.005×深度45.71）——**超出捨入量子可解釋範圍＝另有病**，停
    R6  擷取 ✅      ｜⛔ 無例外

========================================================================================================================================================================================================
■ 街廓 R1　s 域 [-0.3248130410, 87.7155031680]　全寬 88.0403162090　宗數 5　街廓面積 2893.5531㎡
========================================================================================================================================================================================================

【M-H-1】`kept_iv` 逐帶（區間未捨入／面積／來源／span:實佔比）
  #   來源                    s 起              s 訖           span            實佔長          面積(㎡)        span/實佔    |span-實佔| geom_type          頂點
  1   補區間         17.5649305596    52.8520236003  35.2870930406  35.2870930406    1169.708187   1.0000000000    0.000e+00 Polygon             6
  2   配餘          -0.3248130410    17.5649305597  17.8897436007  17.8897436007       5.383510   1.0000000000    0.000e+00 Polygon             5
  3   配餘          -0.3248130410    -0.0358350584   0.2889779826   0.2889779826       0.004600   1.0000000000    0.000e+00 Polygon             5
  ── Σ span = 53.4658146240 ／ Σ 實佔長 = 53.4658146240 ／ Σ 面積 = 1175.096297
  ── 步驟 4 之互斥補區間數 = 1 ／ 5b 配餘數 = 2 ／ 退化帶 = 0

【M-H-1】`biz_iv` 逐宗（暫編地號／s 起訖／G(㎡)／a 面積(㎡)／幾何面積(㎡)）
  #   暫編地號                          s 起              s 訖          s 寬           G(㎡)        a 面積(㎡)        幾何面積(㎡)
  1   628-36(1)           -0.3248130410    17.5649305596    17.889744       575.7300       947.9700     575.731096
  2   628(5)              80.2643597413    87.7155031680     7.451143       227.7300       382.9100     227.739166
  3   628-34(3)           77.8696961757    80.6668452174     2.797149        86.0000       152.3400      86.002992
  4   628-37(1)           71.3401152322    77.8696961759     6.529581       216.3400       350.7600     216.338809
  5   628-35(2)           52.8520236003    71.3401152322    18.488092       612.6400      1039.0000     612.644726

【M-H-1】覆蓋自檢替代式（🛑 **受檢假說**·單 `X-8`：⛔ 不成立亦⛔ 不停機）
  式(i)   35.2870930406 + 52.7532231683 + 0.0000000000e+00 = 88.0403162090  vs 88.0403162090  殘差 0.0000000000e+00  ✅ 成立
  式(ii)  measure(∪kept_iv ∪ ∪biz_iv) = 88.0403162090  vs 88.0403162090  殘差 0.0000000000e+00  ✅ 成立
  式(iii) 53.4658146240 + 53.1557086446 = 106.6215232686  vs 88.0403162090  殘差 -1.8581207060e+01  🔴 ⛔ 不成立
  【附】舊 `X-3` 之形：Σ(kept_iv span) = 53.4658146240  vs s 域全寬 88.0403162090  ⇒ ✅ ≤

【M-H-1】與【倉】`[T2-DIAG]` 之對拍（框 ＝ **4dp 顯示值**·⛔ 非逐位）
  帶數    本探針 3 ／【倉】3   ✅
  池帶s寬 本探針 ['35.2871', '17.8897', '0.2890']
          【倉】 ['35.2871', '17.8897', '0.2890']   ✅ 相符
  池帶面積 本探針 ['1169.7082', '5.3835', '0.0046']
          【倉】 ['1169.7082', '5.3835', '0.0046']   ✅ 相符
  Σ池     本探針 1175.0963 ／【倉】1175.0963   Δ -0.0000   ✅ 相符
  s 域    本探針 [-0.3248,87.7155] ／【倉】[-0.3248,87.7155]   ✅ 相符

========================================================================================================================================================================================================
■ 街廓 R2　s 域 [0.2677422218, 100.0274078111]　全寬 99.7596655893　宗數 14　街廓面積 4368.6033㎡
========================================================================================================================================================================================================

【M-H-1】`kept_iv` 逐帶（區間未捨入／面積／來源／span:實佔比）
  #   來源                    s 起              s 訖           span            實佔長          面積(㎡)        span/實佔    |span-實佔| geom_type          頂點
  1   補區間          0.2677422218     8.6960798938   8.4283376720   8.4283376722     308.170000   1.0000000000    1.926e-10 Polygon             6
  2   補區間         36.1767680400    69.2578380822  33.0810700422  33.0810700424    1471.256820   1.0000000000    1.592e-10 Polygon             5
  ── Σ span = 41.5094077142 ／ Σ 實佔長 = 41.5094077146 ／ Σ 面積 = 1779.426820
  ── 步驟 4 之互斥補區間數 = 2 ／ 5b 配餘數 = 0 ／ 退化帶 = 2

【M-H-1】`biz_iv` 逐宗（暫編地號／s 起訖／G(㎡)／a 面積(㎡)／幾何面積(㎡)）
  #   暫編地號                          s 起              s 訖          s 寬           G(㎡)        a 面積(㎡)        幾何面積(㎡)
  1   628-42(1)            8.6960798938     8.6962540946     0.000174         0.0000         8.3400       0.007822
  2   628-41(1)            8.6962540943    12.7774197730     4.081166       183.1700       319.3000     183.174430
  3   628-27(1)           12.7774197730    13.4374261805     0.660006        29.6100        51.3200      29.607754
  4   628-40(1)+          13.4374261806    20.1150651935     6.677639       299.3200       513.9300     299.319090
  5   628-30(2)           20.1150651933    22.1242747436     2.009210        89.9700       150.3000      89.976052
  6   628-39(1)           22.1242747433    27.4104566581     5.286182       236.5400       395.1500     236.537153
  7   628-31(2)           27.4104566579    36.1767680400     8.766311       391.6600       654.3200     391.660631
  8   628-35(1)           98.6882552173   100.0274078110     1.339153        58.9500        98.5400      58.949875
  9   628-34(1)           88.8841121363    98.6882552174     9.804143       432.1100       722.2800     432.113341
  10  628-49(1)           87.4010746835    88.8841121366     1.483037        65.4500       109.3900      65.445691
  11  628-50(1)           84.0674615880    87.4010746836     3.333613       147.1800       246.0000     147.188795
  12  628-51(1)           80.7498384693    84.0674615880     3.317623       146.5900       245.0000     146.590175
  13  628-52(1)           79.1304463688    80.7498384694     1.619392        71.6000       119.6600      71.592234
  14  628-32(2)           69.2578380822    79.1304463689     9.872608       437.0200       730.3700     437.013484

【M-H-1】覆蓋自檢替代式（🛑 **受檢假說**·單 `X-8`：⛔ 不成立亦⛔ 不停機）
  式(i)   41.5094077142 + 58.2502578749 + 2.1180923682e-10 = 99.7596655893  vs 99.7596655893  殘差 0.0000000000e+00  ✅ 成立
  式(ii)  measure(∪kept_iv ∪ ∪biz_iv) = 99.7596655891  vs 99.7596655893  殘差 2.1181278953e-10  ✅ 成立
  式(iii) 41.5094077146 + 58.2502578767 = 99.7596655913  vs 99.7596655893  殘差 -1.9675354679e-09  ✅ 成立
  【附】舊 `X-3` 之形：Σ(kept_iv span) = 41.5094077142  vs s 域全寬 99.7596655893  ⇒ ✅ ≤

【M-H-1】與【倉】`[T2-DIAG]` 之對拍（框 ＝ **4dp 顯示值**·⛔ 非逐位）
  帶數    本探針 2 ／【倉】2   ✅
  池帶s寬 本探針 ['8.4283', '33.0811']
          【倉】 ['8.4283', '32.9640']   🔴 **不符**
  池帶面積 本探針 ['308.1700', '1471.2568']
          【倉】 ['308.1700', '1466.0294']   🔴 **不符**
  Σ池     本探針 1779.4268 ／【倉】1774.1994   Δ +5.2274   🔴 **不符**
  s 域    本探針 [0.2677,100.0274] ／【倉】[0.2677,100.0274]   ✅ 相符

========================================================================================================================================================================================================
■ 街廓 R3　s 域 [-0.0000055731, 96.8032096946]　全寬 96.8032152677　宗數 10　街廓面積 4206.7996㎡
========================================================================================================================================================================================================

【M-H-1】`kept_iv` 逐帶（區間未捨入／面積／來源／span:實佔比）
  #   來源                    s 起              s 訖           span            實佔長          面積(㎡)        span/實佔    |span-實佔| geom_type          頂點
  1   補區間         26.3226857679    66.8564011924  40.5337154244  40.5337154245    1795.132785   1.0000000000    5.711e-11 Polygon             5
  ── Σ span = 40.5337154244 ／ Σ 實佔長 = 40.5337154245 ／ Σ 面積 = 1795.132785
  ── 步驟 4 之互斥補區間數 = 1 ／ 5b 配餘數 = 0 ／ 退化帶 = 2

【M-H-1】`biz_iv` 逐宗（暫編地號／s 起訖／G(㎡)／a 面積(㎡)／幾何面積(㎡)）
  #   暫編地號                          s 起              s 訖          s 寬           G(㎡)        a 面積(㎡)        幾何面積(㎡)
  1   628(4)               0.0000000000     1.0265354946     1.026535        44.9000        71.6900      44.892887
  2   628-34(2)            1.0265354945     6.7434605712     5.716925       250.2500       429.3500     250.247171
  3   628-46(1)            6.7434605713     8.4043344600     1.660874        72.7700       124.8500      72.775289
  4   628-47(1)+           8.4043344595    16.7421561584     8.337822       365.8400       627.6100     365.844302
  5   628-32(3)           16.7421561582    26.3226857679     9.580530       421.4100       722.8800     421.405283
  6   628-30(3)+          79.2605110013    96.8032096946    17.542699       627.5700      1145.6700     627.574762
  7   628-42(2)           78.9394235035    82.6457034159     3.706280        89.9600       153.4600      89.972596
  8   628-27(2)           78.3453014041    78.9394235039     0.594122        26.5400        46.6800      26.541492
  9   628-29(1)+          75.3979141382    78.3453014042     2.947387       131.6100       228.0000     131.607133
  10  628-31(3)           66.8564011924    75.3979141383     8.541513       380.8100       652.8900     380.805801

【M-H-1】覆蓋自檢替代式（🛑 **受檢假說**·單 `X-8`：⛔ 不成立亦⛔ 不停機）
  式(i)   40.5337154244 + 56.2694942700 + 5.5732725578e-06 = 96.8032152677  vs 96.8032152677  殘差 0.0000000000e+00  ✅ 成立
  式(ii)  measure(∪kept_iv ∪ ∪biz_iv) = 96.8032096944  vs 96.8032152677  殘差 5.5732725599e-06  ✅ 成立
  式(iii) 40.5337154245 + 59.6546866860 = 100.1884021104  vs 96.8032152677  殘差 -3.3851868427e+00  🔴 ⛔ 不成立
  【附】舊 `X-3` 之形：Σ(kept_iv span) = 40.5337154244  vs s 域全寬 96.8032152677  ⇒ ✅ ≤

【M-H-1】與【倉】`[T2-DIAG]` 之對拍（框 ＝ **4dp 顯示值**·⛔ 非逐位）
  帶數    本探針 1 ／【倉】1   ✅
  池帶s寬 本探針 ['40.5337']
          【倉】 ['40.5337']   ✅ 相符
  池帶面積 本探針 ['1795.1328']
          【倉】 ['1795.1328']   ✅ 相符
  Σ池     本探針 1795.1328 ／【倉】1795.1328   Δ -0.0000   ✅ 相符
  s 域    本探針 [-0.0000,96.8032] ／【倉】[-0.0000,96.8032]   ✅ 相符

========================================================================================================================================================================================================
■ 街廓 R4　s 域 [0.1759031656, 98.7163300148]　全寬 98.5404268492　宗數 2　街廓面積 3207.8665㎡
========================================================================================================================================================================================================

【M-H-1】`kept_iv` 逐帶（區間未捨入／面積／來源／span:實佔比）
  #   來源                    s 起              s 訖           span            實佔長          面積(㎡)        span/實佔    |span-實佔| geom_type          頂點
  1   補區間         47.7107436832    83.0367521749  35.3260084917  35.3260084919    1169.558458   1.0000000000    2.362e-10 Polygon             6
  2   補區間         98.5477178810    98.7163300148   0.1686121338   0.1686121338       0.298774   1.0000000000    0.000e+00 Polygon             4
  3   配餘           3.7114251139    47.7107436832  43.9993185693  43.9993185693      26.093842   1.0000000000    0.000e+00 Polygon             5
  4   配餘          83.0367521749    84.6947658447   1.6580136698   1.6580136698      27.442513   1.0000000000    0.000e+00 Polygon             4
  5   配餘          49.5298731122    98.5477178812  49.0178447689  49.0178447689       4.963211   1.0000000000    0.000e+00 Polygon             7
  ── Σ span = 130.1697976335 ／ Σ 實佔長 = 130.1697976338 ／ Σ 面積 = 1228.356798
  ── 步驟 4 之互斥補區間數 = 2 ／ 5b 配餘數 = 3 ／ 退化帶 = 0

【M-H-1】`biz_iv` 逐宗（暫編地號／s 起訖／G(㎡)／a 面積(㎡)／幾何面積(㎡)）
  #   暫編地號                          s 起              s 訖          s 寬           G(㎡)        a 面積(㎡)        幾何面積(㎡)
  1   628(1)               0.1759031656    47.7107436832    47.534841      1521.0500      2428.4400    1521.048115
  2   628-1(1)            83.0367521749    98.5477178810    15.510966       458.4700       757.9200     458.461585

【M-H-1】覆蓋自檢替代式（🛑 **受檢假說**·單 `X-8`：⛔ 不成立亦⛔ 不停機）
  式(i)   35.4946206255 + 63.0458062237 + 0.0000000000e+00 = 98.5404268492  vs 98.5404268492  殘差 0.0000000000e+00  ✅ 成立
  式(ii)  measure(∪kept_iv ∪ ∪biz_iv) = 98.5404268492  vs 98.5404268492  殘差 0.0000000000e+00  ✅ 成立
  式(iii) 130.1697976338 + 63.0458062237 = 193.2156038575  vs 98.5404268492  殘差 -9.4675177008e+01  🔴 ⛔ 不成立
  【附】舊 `X-3` 之形：Σ(kept_iv span) = 130.1697976335  vs s 域全寬 98.5404268492  ⇒ 🔴 **>**（超出 31.6294）

【M-H-1】與【倉】`[T2-DIAG]` 之對拍（框 ＝ **4dp 顯示值**·⛔ 非逐位）
  帶數    本探針 5 ／【倉】5   ✅
  池帶s寬 本探針 ['35.3260', '0.1686', '43.9993', '1.6580', '49.0178']
          【倉】 ['35.3260', '0.1686', '43.9993', '1.6580', '49.0178']   ✅ 相符
  池帶面積 本探針 ['1169.5585', '0.2988', '26.0938', '27.4425', '4.9632']
          【倉】 ['1169.5585', '0.2988', '26.0938', '27.4425', '4.9632']   ✅ 相符
  Σ池     本探針 1228.3568 ／【倉】1228.3568   Δ -0.0000   ✅ 相符
  s 域    本探針 [0.1759,98.7163] ／【倉】[0.1759,98.7163]   ✅ 相符

========================================================================================================================================================================================================
■ 街廓 R5　s 域 [0.2685294816, 92.7995472995]　全寬 92.5310178179　宗數 8　街廓面積 4150.2149㎡
========================================================================================================================================================================================================

【M-H-1】`kept_iv` 逐帶（區間未捨入／面積／來源／span:實佔比）
  #   來源                    s 起              s 訖           span            實佔長          面積(㎡)        span/實佔    |span-實佔| geom_type          頂點
  1   補區間         19.2066641747    59.4968960722  40.2902318975  40.2902318975    1822.157691   1.0000000000    5.471e-11 Polygon             5
  ── Σ span = 40.2902318975 ／ Σ 實佔長 = 40.2902318975 ／ Σ 面積 = 1822.157691
  ── 步驟 4 之互斥補區間數 = 1 ／ 5b 配餘數 = 0 ／ 退化帶 = 1

【M-H-1】`biz_iv` 逐宗（暫編地號／s 起訖／G(㎡)／a 面積(㎡)／幾何面積(㎡)）
  #   暫編地號                          s 起              s 訖          s 寬           G(㎡)        a 面積(㎡)        幾何面積(㎡)
  1   628-45(1)+           0.2685294816    11.3826637228    11.114134       346.1800       634.4000     346.165936
  2   628-53(2)            8.0592135902     8.4445380078     0.385324         0.9900         2.7800       0.980747
  3   628-18(2)            8.4445380082    13.2996877739     4.855150       213.0600       381.0900     213.052752
  4   628-7(2)            13.2996877737    18.9007425590     5.601055       247.1600       436.6900     247.166303
  5   628-31(1)           18.9007425589    19.1369760728     0.236234        10.4600        18.3400      10.457175
  6   628-32(1)           19.1369760733    19.2066641747     0.069688         3.0800         5.3900       3.085335
  7   628(3)              89.6800247573    92.7995472995     3.119523       148.7200       236.6800     148.721418
  8   628-21(2)+          59.4968960722    89.6800247573    30.183129      1415.2500      2421.7300    1415.246099

【M-H-1】覆蓋自檢替代式（🛑 **受檢假說**·單 `X-8`：⛔ 不成立亦⛔ 不停機）
  式(i)   40.2902318975 + 52.2407859200 + 4.5753623112e-10 = 92.5310178179  vs 92.5310178179  殘差 0.0000000000e+00  ✅ 成立
  式(ii)  measure(∪kept_iv ∪ ∪biz_iv) = 92.5310178175  vs 92.5310178179  殘差 4.5753267841e-10  ✅ 成立
  式(iii) 40.2902318975 + 55.5642360525 = 95.8544679500  vs 92.5310178179  殘差 -3.3234501321e+00  🔴 ⛔ 不成立
  【附】舊 `X-3` 之形：Σ(kept_iv span) = 40.2902318975  vs s 域全寬 92.5310178179  ⇒ ✅ ≤

【M-H-1】與【倉】`[T2-DIAG]` 之對拍（框 ＝ **4dp 顯示值**·⛔ 非逐位）
  🔴 **⛔ 無【倉】錨**——該 log 內無 R5 之 [T2-DIAG]（其於 K-9-4 閘終止）⇒ 本街廓⛔ 不對拍，逐字具名。

========================================================================================================================================================================================================
■ 街廓 R6　s 域 [-3.6067918056, 85.8549487968]　全寬 89.4617406024　宗數 8　街廓面積 3976.3037㎡
========================================================================================================================================================================================================

【M-H-1】`kept_iv` 逐帶（區間未捨入／面積／來源／span:實佔比）
  #   來源                    s 起              s 訖           span            實佔長          面積(㎡)        span/實佔    |span-實佔| geom_type          頂點
  1   補區間         -3.6067918056    -0.0000000000   3.6067918055   3.6067918055      85.706388   1.0000000000    3.925e-11 Polygon             4
  2   補區間         27.3025333187    61.3545662361  34.0520329174  34.0520329175    1543.006306   1.0000000000    7.194e-11 Polygon             5
  ── Σ span = 37.6588247229 ／ Σ 實佔長 = 37.6588247229 ／ Σ 面積 = 1628.712694
  ── 步驟 4 之互斥補區間數 = 2 ／ 5b 配餘數 = 0 ／ 退化帶 = 0

【M-H-1】`biz_iv` 逐宗（暫編地號／s 起訖／G(㎡)／a 面積(㎡)／幾何面積(㎡)）
  #   暫編地號                          s 起              s 訖          s 寬           G(㎡)        a 面積(㎡)        幾何面積(㎡)
  1   628(2)+             -0.0000000000     3.2285997958     3.228600       153.1900       238.9000     153.179148
  2   628-4(1)             3.2285997957    17.9551172124    14.726517       692.0900      1154.0000     692.094919
  3   628-23(1)+          17.9551172124    27.3025333187     9.347416       433.6800       723.4800     433.681934
  4   628-18(1)           78.6337284277    85.8549487968     7.221220       307.7800       551.0900     307.788694
  5   628-53(1)           78.6278540384    78.6337305087     0.005876         0.2600         0.4400       0.256133
  6   628-38(1)           75.9318180188    78.6278540385     2.696036       117.7300       205.6000     117.733366
  7   628-7(1)            69.0324788898    75.9318180189     6.899339       302.9300       522.9700     302.939266
  8   628-20(1)           61.3545662361    69.0324788903     7.677913       339.9100       570.1500     339.917458

【M-H-1】覆蓋自檢替代式（🛑 **受檢假說**·單 `X-8`：⛔ 不成立亦⛔ 不停機）
  式(i)   37.6588247229 + 51.8029158795 + 0.0000000000e+00 = 89.4617406024  vs 89.4617406024  殘差 0.0000000000e+00  ✅ 成立
  式(ii)  measure(∪kept_iv ∪ ∪biz_iv) = 89.4617406024  vs 89.4617406024  殘差 0.0000000000e+00  ✅ 成立
  式(iii) 37.6588247229 + 51.8029179614 = 89.4617426843  vs 89.4617406024  殘差 -2.0819318962e-06  ✅ 成立
  【附】舊 `X-3` 之形：Σ(kept_iv span) = 37.6588247229  vs s 域全寬 89.4617406024  ⇒ ✅ ≤

【M-H-1】與【倉】`[T2-DIAG]` 之對拍（框 ＝ **4dp 顯示值**·⛔ 非逐位）
  帶數    本探針 2 ／【倉】2   ✅
  池帶s寬 本探針 ['3.6068', '34.0520']
          【倉】 ['3.6068', '34.0520']   ✅ 相符
  池帶面積 本探針 ['85.7064', '1543.0063']
          【倉】 ['85.7064', '1543.0063']   ✅ 相符
  Σ池     本探針 1628.7127 ／【倉】1628.7127   Δ -0.0000   ✅ 相符
  s 域    本探針 [-3.6068,85.8549] ／【倉】[-3.6068,85.8549]   ✅ 相符

========================================================================================================================================================================================================
【M-H-1 總表】六街廓
========================================================================================================================================================================================================
  街廓         帶數       宗數            s 域全寬            式(i) 殘差           式(ii) 殘差          式(iii) 殘差       Σspan−全寬
  R1          3        5    88.0403162090   0.0000000000e+00   0.0000000000e+00  -1.8581207060e+01       -34.5745
  R2          2       14    99.7596655893   0.0000000000e+00   2.1181278953e-10  -1.9675354679e-09       -58.2503
  R3          1       10    96.8032152677   0.0000000000e+00   5.5732725599e-06  -3.3851868427e+00       -56.2695
  R4          5        2    98.5404268492   0.0000000000e+00   0.0000000000e+00  -9.4675177008e+01       +31.6294
  R5          1        8    92.5310178179   0.0000000000e+00   4.5753267841e-10  -3.3234501321e+00       -52.2408
  R6          2        8    89.4617406024   0.0000000000e+00   0.0000000000e+00  -2.0819318962e-06       -51.8029

  ⇒ 式(ii) 之驗證母體 ＝ 6／6 街廓（['R1', 'R2', 'R3', 'R4', 'R5', 'R6']）；殘差 ≤ 1e-3 者 ＝ 6（['R1', 'R2', 'R3', 'R4', 'R5', 'R6']）
  ⇒ 式(iii) 不成立者 ＝ ['R1', 'R3', 'R4', 'R5']
  ⇒ 舊 `X-3`（Σspan ≤ 全寬）之反例 ＝ ['R4']

========================================================================================================================================================================================================
【停機款 `X-3` 之判】單一 `Polygon` 而 span/實佔比 ≠ 1（容差 1e-09）
========================================================================================================================================================================================================
  ✅ **⛔ 無命中** ⇒ ⛔ 不停機。單一 `Polygon` 之帶 = 14（皆 |比−1| ≤ 1e-09）；非單一片之帶 = 0（⛔ 不受本款拘束）

🛑 本檔只重建與檢驗·⛔ 未修·⛔ 未動生產碼一字·⛔ 未立任何新閘。
========================================================================================================================================================================================================
