
============================================================================================================
【W-G.9-99 補正①】入池數之守恆式更正 ＋ 藍影門檻空洞之分層（⛔ 零生產碼·⛔ 不重跑管線）
============================================================================================================
  基座（log 檔名所綁）＝ **02964ba**
  HEAD ＝ 02964ba2759c17932ddcf529944825ed9ce0fb74
  `app.py` blob ＝ a9e5671d64d254907a0396f898f046d9d85e8283

============================================================================================================
【§零】資料源（⛔ 不重跑管線·取**已入倉之 blob**、⛔ 非工作區檔）
============================================================================================================
  來源 ＝ `verify/out/probe_WG999_yi_chain_23a63d3.log`＠`02964ba`
  逐位：**310** 行／**28491** B／`sha256` ＝ 5c44bbeb141a7f44ef891a1b861111093a1cd21a52b16b7bab6811fd6b91daec
  🔒 工作區同檔之 `sha256` ＝ 5c44bbeb141a7f44… ⇒ （僅供對帳·本檔一律用 blob）

============================================================================================================
【§一】解析 log（🔒 每表出艙 `母體 ／ 納入 ／ 未解析`·考古：解析自己的 log 會靜默丟列）
============================================================================================================
  側 母體 ＝ **8**；輪 母體 ＝ **12**；`段五` 列 母體 ＝ **62**；含 `G_舊` 而**未解析**之行 ＝ **0**

  逐側對拍（🔒 以 log **自身**之「`Δ≠0` 之宗數 ＝ N／M」之 `M` 對解析所得之列數）：
  街廓   側        n     輪數      解析列數      log 之 M   判
  R1   右(p1)    5     1       5         5         ✅
  R1   左(p2)    5     1       5         5         ✅
  R2   右(p1)    15    3       13        13        ✅
  R3   左(p2)    14    1       14        14        ✅
  R4   右(p1)    2     1       2         2         ✅
  R4   左(p2)    2     1       2         2         ✅
  R5   右(p1)    12    3       10        10        ✅
  R6   左(p2)    11    1       11        11        ✅
  🔒 解析器之判別力：對人造壞行（`G_新=BAD`）`RE_G` 命中 ＝ **0**（須 `0`）

============================================================================================================
【§二】更正一：入池 ＝ `Σ被踢除G − ΣΔ存活`（`K-6:1697`／`:2363` 之符合性更正）
============================================================================================================
  🔒 正典逐字（本批現查·見 §五 之錨檢）：
     `K-6:1697`「池…之面積 ＝ **街廓多邊形扣除各宗配地多邊形後之幾何剩餘**，」
     `K-6:2363`「`ΣG + 調配池 = 街廓 DXF 面積` **恆成立** ⇒ 未配之地**依定義即池**、⛔ 非選擇」
  🔒 導出：`池增量 ＝ ΣG_舊(全宗) − ΣG_新(終態宗) ＝ Σ被踢除G − ΣΔ存活`

  街廓   側        終態宗      Σ被踢除G       ΣΔ存活        **正典池增量**     log 所報      差
  R1   右(p1)    5        0.0000      13.3600     -13.3600      0.0000      +13.3600
  R1   左(p2)    5        0.0000      14.3200     -14.3200      0.0000      +14.3200
  R2   右(p1)    13       32.9000     0.7600      32.1400       32.9000     +0.7600
  R3   左(p2)    14       0.0000      0.0000      0.0000        0.0000      +0.0000
  R4   右(p1)    2        0.0000      0.0000      0.0000        0.0000      +0.0000
  R4   左(p2)    2        0.0000      0.0000      0.0000        0.0000      +0.0000
  R5   右(p1)    10       52.2100     0.2700      51.9400       52.2100     +0.2700
  R6   左(p2)    11       0.0000      0.0000      0.0000        0.0000      +0.0000
  合計                     85.1100     28.7100     56.4000       85.1100     +28.7100

  🔴 **二種射程之數（⛔ 不得混用·逐字具名）**：
     (甲) **限有遞補之側**（發單側之射程）＝ `84.0800 ㎡`
          ＝ `R2|右 32.1400` ＋ `R5|右 51.9400`
     (乙) **字面套用於全 8 側** ＝ `56.4000 ㎡`（含無遞補側之 `ΣΔ ＝ 27.6800`）
     🔒 log 所報 ＝ `85.1100 ㎡`（＝ `Σ被踢除G`·**未扣任何 `Δ`**）
     ⇒ 甲 較 log 低 `1.0300`；乙 較 log 低 `28.7100`。

  **每一 `Δ ≠ 0` 之逐筆（🔒 皆指得回 log 行號·⛔ 非新量測）**：
  街廓   側        宗                G_舊         G_新         Δ           log 行
  R1   右(p1)    628-36(1)        596.2600    605.5600    +9.3000     `verify/out/probe_WG999_yi_chain_23a63d3.log:114`
  R1   右(p1)    628-34(3)        86.0000     90.0600     +4.0600     `verify/out/probe_WG999_yi_chain_23a63d3.log:115`
  R1   左(p2)    628-35(2)        599.9100    614.2300    +14.3200    `verify/out/probe_WG999_yi_chain_23a63d3.log:127`
  R2   右(p1)    628-40(1)        293.2200    293.9700    +0.7500     `verify/out/probe_WG999_yi_chain_23a63d3.log:143`
  R2   右(p1)    628-43(1)        0.2600      0.2700      +0.0100     `verify/out/probe_WG999_yi_chain_23a63d3.log:144`
  R5   右(p1)    628-7(2)         243.1500    243.4000    +0.2500     `verify/out/probe_WG999_yi_chain_23a63d3.log:208`
  R5   右(p1)    628-20(2)        290.7400    290.7600    +0.0200     `verify/out/probe_WG999_yi_chain_23a63d3.log:209`
  POPULATION=7 PRINTED=7 SUPPRESSED=0  # `Δ≠0` 之宗（全列）
  🔒 **⛔ 併須具名之受詞落差**：`入調配池` 於正典 ＝ **幾何剩餘（量）**；
     本數 ＝ **守恆式導出（算）**。停機⑦ 未解前幾何剩餘**取不到**
     ⇒ 一律表述為「**遞補致之池增量（依守恆式導出·⛔ 非幾何實量）**」。

============================================================================================================
【§二-b】🔴 `ΣΔ` 之分層——**無遞補之側亦有 `ΔΣ ≠ 0`** ⇒ 重播非 baseline-faithful
============================================================================================================
  🔒 判準：該側之 `被踢除宗` ＝ 空 ⇒ 序列**未變** ⇒ 若重播忠實，其逐宗 `Δ` **應恆 `0`**。
     ⛔ **會使本判為否之輸入**：無遞補側之 `ΣΔ ＝ 0`（則重播忠實）。

  街廓   側        有遞補?      Σ被踢除G       ΣΔ          判
  R1   右(p1)    ⛔ 無       0.0000      13.3600     🔴 **非忠實**
  R1   左(p2)    ⛔ 無       0.0000      14.3200     🔴 **非忠實**
  R2   右(p1)    ✅ 有       32.9000     0.7600      
  R3   左(p2)    ⛔ 無       0.0000      0.0000      ✅ 忠實
  R4   右(p1)    ⛔ 無       0.0000      0.0000      ✅ 忠實
  R4   左(p2)    ⛔ 無       0.0000      0.0000      ✅ 忠實
  R5   右(p1)    ✅ 有       52.2100     0.2700      
  R6   左(p2)    ⛔ 無       0.0000      0.0000      ✅ 忠實

  有遞補側之 `ΣΔ` ＝ **1.0300**；**無遞補側之 `ΣΔ` ＝ 27.6800**
  🛑 **停機 忠實性**：無遞補側之 `ΣΔ` ＝ 27.6800 ≠ 0 ⇒ 本批之重播**非 baseline-faithful** ⇒ `ΣΔ` 一項⛔ 不得逕充作「因遞補而增長」

============================================================================================================
【§二-c】🔴 決定性佐證：**同一宗於同街廓之兩側**，`G_新` 相異（該街廓零遞補）
============================================================================================================
  🔒 若重播忠實，同一宗於同街廓之 `G_新` **與鏈方向無關**。
  街廓   宗                側A G_新        側A W_prev     側B G_新        側B W_prev     判
  R1   628-34(3)        90.0600       27.8300       86.0000       7.0200        🔴 **相異**
  R1   628-35(2)        599.9100      6.4600        614.2300      27.5500       🔴 **相異**
  R1   628-36(1)        605.5600      24.4900       596.2600      9.6100        🔴 **相異**
  POPULATION=7 PRINTED=3 SUPPRESSED=4  # 零遞補街廓之雙側共同宗（只印相異者）
  ⇒ 相異 ＝ **3**／7 ⇒ 🔴 **重播結果與鏈方向相關** ⇒ 非忠實（決定性）
  🔒 **機制對應物**：生產碼有 `_W_prev_left` 與 `_W_prev_right` **二條**鏈（`verify/stepg_pipeline.py`），
     而本批之重播把整條 `ordered_v2` 壓成**一條**鏈 ⇒ 餵入之 `W_prev` 與捕獲值不符。

============================================================================================================
【§三】更正二：「達標」之藍影門檻分層（`< 1e-06` ⇒ 判定**空洞**）
============================================================================================================
  🔒 判準 `1e-06` 之來源：`probe_WG992_blue.py` 檔頭逐字載「藍影之 `intersection` 於**楔形空集**時
     回傳 `~1e-14㎡` 之噪訊」⇒ 該量級為**空集之數值噪訊**、⛔ 非真門檻。
     ⛔ **會使本判為否之輸入**：藍影 ≥ 1e-06 ⇒ 判「門檻有實值」（本批之 `4` 側即是）。

  街廓   側        終輪      候選第 1 宗          G₁             藍影               分層        log 行
  R1   右(p1)    1       628-35(2)        599.9100       3.404655e-14     🩸 空洞      `verify/out/probe_WG999_yi_chain_23a63d3.log:108`
  R1   左(p2)    1       628-34(3)        86.0000        0.000000e+00     🩸 空洞      `verify/out/probe_WG999_yi_chain_23a63d3.log:120`
  R2   右(p1)    3       628-40(1)        293.9700       7.620556e+01     ✅ 有實值     `verify/out/probe_WG999_yi_chain_23a63d3.log:138`
  R3   左(p2)    1       628-42(2)        87.9100        0.000000e+00     🩸 空洞      `verify/out/probe_WG999_yi_chain_23a63d3.log:158`
  R4   右(p1)    1       628-1(1)         458.4800       5.355184e+01     ✅ 有實值     `verify/out/probe_WG999_yi_chain_23a63d3.log:179`
  R4   左(p2)    1       628(1)           1521.0500      5.352148e+01     ✅ 有實值     `verify/out/probe_WG999_yi_chain_23a63d3.log:188`
  R5   右(p1)    3       628-7(2)         243.4000       7.245526e+01     ✅ 有實值     `verify/out/probe_WG999_yi_chain_23a63d3.log:203`
  R6   左(p2)    1       628-53(1)        0.2600         3.027096e-13     🩸 空洞      `verify/out/probe_WG999_yi_chain_23a63d3.log:220`
  POPULATION=8 PRINTED=8 SUPPRESSED=0  # 「達標」之終輪（全列）

  ⇒ **達標 `8` 側中，門檻近零（空洞）＝ `4` 側、有實值 ＝ `4` 側。**
     空洞側：`R1|右(p1)`、`R1|左(p2)`、`R3|左(p2)`、`R6|左(p2)`
     🔒 空洞側之 `G₁` 雖大（599.91／86.00／87.91／0.26），**但對零門檻之通過⛔ 不攜帶任何資訊**
     ⇒ 其收斂⛔ 不得單獨採信；**有內容之收斂 ＝ `4` 側**。
  🩸 `W-G.9-99` 之上呈 ② 只具名 `R6|左` **1** 側 ⇒ 本批更正為 **4** 側。

============================================================================================================
【§四】收工：生產檔 hash 前後對拍・`SELF` 自扣・停機逐字
============================================================================================================
  10 支生產檔 `git hash-object` 出艙前後**逐位相同** ＝ **10／10** ⇒ ✅ 零生產碼變更
     app.py                             a9e5671d64d254907a0396f898f046d9d85e8283 ✅
     verify/stepg_pipeline.py           8205e85c5589535b174d7ebecc4f7644225bd164 ✅
     verify/selection_pipeline.py       e7bde44a040b22100ba5a1943150dd3fb32c1158 ✅
     verify/run_verification.py         ae2cb0b549e0ac1eda2f645807fdc6aa11b556ee ✅
     verify/wd4_tier_list.py            cfd8de92c70eb7068a6f0650e33a5f7c71e1523d ✅
     verify/wf_f0.py                    0a96f8fd3968fa90d04e3394fd73e7f5b0994a55 ✅
     verify/wf_f1.py                    a24edfcb7c2f383e529f68782efcbf49439d9e6e ✅
     verify/wf_f2.py                    0a019f9d58e21d4978ae22dc8c5941d4de1bcdc3 ✅
     verify/wf_f3.py                    2ea9b70de537b6f8115a6f5167327cbea715c49e ✅
     verify/wf_f4.py                    1d0c36debb27a2e5ef3f94b6b2cee7403d9ebc76 ✅

  🔒 **`SELF` 自扣**：本批產物 ＝ `verify/probes/probe_WG999b_pool_conservation.py`、`verify/out/probe_WG999b_pool_conservation_02964ba.log`、`docs/reports/W-G.9-99_乙之遞補鏈shim.md（【更正】段）`、`docs/驗證裁定登記表.md（`VR-054`）`
     ⇒ ⛔ 不在本檔任一母體內（母體皆為 log 之側／輪／列·⛔ 非檔案母體）。
  🔒 **⛔ 未重跑管線**：本檔之唯一資料源 ＝ `verify/out/probe_WG999_yi_chain_23a63d3.log`＠`02964ba` 之 blob。

  🛑 **本批之停機（逐字具名·`rc` 恆 `0`）**：
     停機 忠實性：無遞補側之 `ΣΔ` ＝ 27.6800 ≠ 0 ⇒ 本批之重播**非 baseline-faithful** ⇒ `ΣΔ` 一項⛔ 不得逕充作「因遞補而增長」
