==========================================================================================================================================================================
【W-G.9-38】相鄰性之三獨立判準 ＋ 楔形之幾何量測
==========================================================================================================================================================================
  產生於 commit：0153142
  環境：shapely 2.1.2 | GEOS (3, 13, 1)
  🔴 門檻（**先寫下再量**）：甲 dist<=0.001／乙 len>0.0／丙 los>0.001 即遮擋／平行 <= 0.001°

【0】三判準之判別力自檢（⛔ 各判準各一組·⛔ 不共用·附對照組實際輸出）
--------------------------------------------------------------------------------------------------------------------------------------------------------------------------
  甲（距離）已知相鄰：dist=0.000000 ⇒ 判相鄰　已知不相鄰：dist=6.607008 ⇒ 判不相鄰　⇒ ✅
  乙（共邊長）已知共整條邊：len=10.594810 ⇒ 判相鄰　已知僅共一點：len=0.000000 ⇒ 判不相鄰　⇒ ✅
  丙（視線）中間有第三宗：blocked=[9] 穿越長=2.000000 ⇒ 判不相鄰　中間無：blocked=[] ⇒ 判相鄰　⇒ ✅
  🔒 自檢用測資【刻意傾斜】（skew=0.35·各邊皆非軸向）——⛔ 未以軸向矩形自檢一個須處理傾斜多邊形之量測器
  ⇒ 自檢結果：甲 PASS／乙 PASS／丙 PASS

【A-2／A-3】三獨立判準逐對（⛔ 不投票·不一致即具名為發現）
--------------------------------------------------------------------------------------------------------------------------------------------------------------------------
  對                 甲:dist     甲判       乙:共邊長     乙判           丙:遮擋者       丙:穿越長     丙判  出艙碼                     
  宗0×宗1          0.000000     相鄰    0.000000    不相鄰             （無）    0.000000     相鄰  🔴 三判準不一致                  
  宗0×宗2          0.000000     相鄰    0.000000    不相鄰             （無）    0.000000     相鄰  🔴 三判準不一致                  
  宗0×宗3          0.000000     相鄰    0.000000    不相鄰             [2]    0.705653    不相鄰  🔴 三判準不一致                  
  宗1×宗2          0.000000     相鄰    0.000000    不相鄰             [0]   13.442569    不相鄰  🔴 三判準不一致                  
  宗1×宗3          0.645628    不相鄰    0.000000    不相鄰             [2]    2.755413    不相鄰  三判準一致判不相鄰                 
  宗2×宗3          0.000000     相鄰   45.046500     相鄰             [0]    0.615207    不相鄰  🔴 三判準不一致                  

【B-1】逐宗兩側界之方向與夾角（左組 i=0..7·⛔ 側界＝與正街夾角最大之二邊）
--------------------------------------------------------------------------------------------------------------------------------------------------------------------------
  🔒 量測器自檢：
    軸向矩形之各邊與 x 軸夾角集合 = [0.0, 90.0]  期望 [0.0, 90.0] ⇒ ✅
    傾斜平行四邊形（斜角 23°）：對邊夾角 = 0.000000000° / 0.000000000°（期望 0°）⇒ ✅
    　　　　　　　　　　　　　　鄰邊夾角 = 67.000000°（期望 = 90−23 = 67°）⇒ ✅

  i                        近側界 u                     遠側界 u       兩側界夾角      近側vs正街      遠側vs正街
  0   ( 0.740433,-0.672130) ( 0.740433,-0.672130)    0.000001   89.724290   89.724291
  1   ( 0.740433,-0.672130) ( 0.687675,-0.726019)    4.321972   89.724289   85.953739
  2   ( 0.687675,-0.726019) ( 0.687675,-0.726019)    0.000000   85.953739   85.953739
  3   ( 0.687675,-0.726019) ( 0.687675,-0.726019)    0.000000   85.953739   85.953739
  4   ( 0.687675,-0.726019) ( 0.687675,-0.726019)    0.000000   85.953739   85.953739
  5   ( 0.687675,-0.726019) ( 0.687675,-0.726019)    0.000000   85.953739   85.953739
  6   ( 0.687675,-0.726019) ( 0.687675,-0.726019)    0.000000   85.953739   85.953739
  7   ( 0.687675,-0.726019) ( 0.687675,-0.726019)    0.000000   85.953739   85.953739
  參考：ALLOC 方向 u = (0.726019, 0.687675)；正街 d_hat = (0.675686, 0.737190)；二者夾角 = 4.046261°

【B-2】宗 i 之遠側界 × 宗 j 之近側界（平行門檻 <= 0.001°·**先寫下**）
--------------------------------------------------------------------------------------------------------------------------------------------------------------------------
  對                      夾角(度)         判
  宗0遠×宗1近       0.000002        平行
  宗0遠×宗2近       4.321970     🔴 不平行
  宗0遠×宗3近       4.321970     🔴 不平行
  宗1遠×宗2近       0.000000        平行
  宗1遠×宗3近       0.000000        平行
  宗2遠×宗3近       0.000000        平行
  ⇒ 超出門檻（不平行）之對數 = 2

【B-3】楔形交集之尖端定位
--------------------------------------------------------------------------------------------------------------------------------------------------------------------------
  宗0×宗3　頂點數 3　座標：
      (310397.5123, 2651884.9806)　t(垂直正街) = 1563018.3787
      (310396.1826, 2651883.5014)　t(垂直正街) = 1563018.3594
      (310378.0332, 2651902.6628)　t(垂直正街) = 1563044.6860
    內角 = [90.2815, 85.3965, 4.322]　⇒ 尖端 ＝ 頂點 2 (310378.0332, 2651902.6628)（內角 4.3220°）
    t 跨距 [1563018.3594, 1563044.6860]（span 26.3266）　尖端 t = 1563044.6860　相對位置 1.0000
    🔒 出艙碼 ＝ **尖端在後緣側**（判準先寫下：rel<=0.25 ⇒ 前緣側／>=0.75 ⇒ 後緣側／其餘 ⇒ 中段）
    尖端至 t 較小端之距 = 26.3266　至 t 較大端之距 = 0.0000
  宗0×宗2　頂點數 4　座標：
      (310378.0332, 2651902.6628)　t(垂直正街) = 1563044.6860
      (310396.1826, 2651883.5014)　t(垂直正街) = 1563018.3594
      (310395.7497, 2651883.0196)　t(垂直正街) = 1563018.3531
      (310371.6899, 2651908.4210)　t(垂直正街) = 1563053.2530
    內角 = [175.678, 94.6035, 85.3965, 4.322]　⇒ 尖端 ＝ 頂點 3 (310371.6899, 2651908.421)（內角 4.3220°）
    t 跨距 [1563018.3531, 1563053.2530]（span 34.9000）　尖端 t = 1563053.2530　相對位置 1.0000
    🔒 出艙碼 ＝ **尖端在後緣側**（判準先寫下：rel<=0.25 ⇒ 前緣側／>=0.75 ⇒ 後緣側／其餘 ⇒ 中段）
    尖端至 t 較小端之距 = 34.9000　至 t 較大端之距 = 0.0000
