==============================================================================================================================================================================================
【D-2 §二】**切換前**凍存（⛔ 執行於 §一 切換之前·⛔ 本檔一字不得改）
==============================================================================================================================================================================================

【1】街角最小規定範圍面積 **16 格**（現值 ＝ 舊構造·`_build_corner_range_v3`）
----------------------------------------------------------------------------------------------------------------------------------------------------------------------------------------------
情境    街廓/側                  面積(現值)
----------------------------------------------------------------------------------------------------------------------------------------------------------------------------------------------
0m    R1/left             114.9397
0m    R1/right            110.1749
0m    R2/left             152.9867
0m    R3/right            153.8039
0m    R4/left             116.0784
0m    R4/right            111.0215
0m    R5/left             146.4818
0m    R6/right            145.8834
3.5m  R1/left             225.4248
3.5m  R1/right            226.1260
3.5m  R2/left             308.1618
3.5m  R3/right            307.7486
3.5m  R4/left             225.0039
3.5m  R4/right            225.4208
3.5m  R5/left             299.6868
3.5m  R6/right            298.1445
----------------------------------------------------------------------------------------------------------------------------------------------------------------------------------------------

【2】`forced_offset` 現況（**應 `3.5m R1` 之 `right_forced_offset = True`**）
----------------------------------------------------------------------------------------------------------------------------------------------------------------------------------------------
情境    街廓        left_forced_offset   right_forced_offset
----------------------------------------------------------------------------------------------------------------------------------------------------------------------------------------------
0m    G1                     False                 False
0m    R1                     False                 False
0m    R2                     False                 False
0m    R3                     False                 False
0m    R4                     False                 False
0m    R5                     False                 False
0m    R6                     False                 False
0m    RD1                    False                 False
0m    RD2                    False                 False
0m    RD3                    False                 False
0m    RD4                    False                 False
3.5m  G1                     False                 False
3.5m  R1                     False                 False
3.5m  R2                      True                 False
3.5m  R3                     False                  True
3.5m  R4                     False                 False
3.5m  R5                      True                 False
3.5m  R6                     False                 False
3.5m  RD1                    False                 False
3.5m  RD2                    False                 False
3.5m  RD3                    False                 False
3.5m  RD4                    False                 False
----------------------------------------------------------------------------------------------------------------------------------------------------------------------------------------------
  ⇒ **forced 為真者 3**：3.5m R2（左=True／右=False）；3.5m R3（左=False／右=True）；3.5m R5（左=True／右=False）

【3】`run_all` 名目數／PASS／FAIL（**自已入庫之 log 現讀**·⛔ 未重跑）
----------------------------------------------------------------------------------------------------------------------------------------------------------------------------------------------
  來源：`verify\out\D2_runall.log`（D-1 切換後之 run_all）
  PASS ＝ **37**　FAIL ＝ **27**　名目總數 ＝ **64**
  （本批期望：名目數 64／37 PASS／27 FAIL）
  ⇒ 相符？ PASS True／FAIL True／總數 True

🔒 **本檔為切換前之凍存·⛔ 一字不得改。** 切換後之對照見 D-2 §三 哨兵。
