==================================================================================================================================================================================================================
【W-G.9-79 §二 A 組】交點落點之 (s,t) ＋ Σ 真值 ＋ θ 雙向掃描（⛔ 只量不修）
==================================================================================================================================================================================================================
  產生於 commit：d371f59
  環境：shapely 2.1.2 | GEOS (3, 13, 1)
  🔒 A-0 **事前選定**：偏向判為「**在內**」——無法逐項證明在外者一律判在內·具名（⇒ 錯誤方向會吵）。
  🔒 局部框：`s(p)=dot(p−bp0,m_hat)/denom`；`t(p)=dot(p−bp0,rot90(m_hat))` ⛔ **不除 denom**（單位 m）。
  🔒 二口徑：`在內?`＝`block.contains(X)`（**真多邊形**）／`越界軸,量`＝局部框**外接盒**（必要非充分）。
  🔒 門檻：計數用 `面積 > 0`（嚴格）；sanity 用 `面積 > 1e-09`（與 W-G.9-78 逐字同）。

【0】量測器自檢（⛔ 先自檢後量測·各項皆附**已知真／已知偽**對照）
------------------------------------------------------------------------------------------------------------------------------------------------------------------------------------------------------------------
  ① 逐位相同：同值=True(True)／反向=True(True)／**差 1 ulp**(5.551e-17)=False(**期望 False**) ⇒ PASS
  ② 直線交點：⊥ 交 ⇒ [3.0, 0.0]（期望 [3,0]）／平行 ⇒ None（期望 None）⇒ PASS
  ④ 越界量（正＝在外）：右外 12⇒2.0(期望2)／左外 −3⇒3.0(期望3)／內 5⇒-5.0(期望−5·負＝餘裕) ⇒ PASS
  ⑤ contains vs 外接盒（非凸 U 形）：真內點=True(True)／**凹槽點** contains=False(**False**) 而外接盒=True(**True**) ⇒ PASS
     🔒 ⇒ 外接盒判「在內」係**必要非充分** ⇒ 本探針二口徑皆出艙、不一致者具名。
  ⇒ 量測器自檢：PASS

【驅動·第一趟（真實）】R1–R6 × 兩情境——街廓母體 = ['R1', 'R2', 'R4', 'R6', 'R5', 'R3']
------------------------------------------------------------------------------------------------------------------------------------------------------------------------------------------------------------------
  攔截：`_pool_strips_for_block` 12 筆／`_solve_G_one` 回傳登記 343 筆

【A-1-1】逐對表之格式修正 ＋ `面積 > 0`（**嚴格**）之**逐筆指認**（🔒 節 102）
------------------------------------------------------------------------------------------------------------------------------------------------------------------------------------------------------------------
  🔒 **表頭之計數 ＝ 表身之筆數**（⛔ 不得只出艙計數）；面積一律 `%.3e`。

  ── [0m] R1 ── n=5　分母 C(n,2)=10　未破閘　**面積 > 0 ＝ 0**　（面積 > 1e-09 ＝ 0）
     （無·逐筆指認之母體為空）

  ── [0m] R2 ── n=15　分母 C(n,2)=105　🔴 破閘　**面積 > 0 ＝ 4**　（面積 > 1e-09 ＝ 4）
     j    k    k−j   是否相鄰           交集面積(㎡) 宗 j 地號           宗 k 地號          
     0    3    3     **不鄰**       2.616e+01 628-41(1)        628-40(1)       
     0    2    2     **不鄰**       1.981e+01 628-41(1)        628-27(1)       
     5    6    1     相鄰           2.850e-09 628-30(2)        628-39(1)       
     1    2    1     相鄰           2.028e-09 628-42(1)        628-27(1)       
     ⇒ 逐筆指認：**4 筆**（＝表頭計數）⇒ ✅ 齊

  ── [0m] R4 ── n=2　分母 C(n,2)=1　未破閘　**面積 > 0 ＝ 0**　（面積 > 1e-09 ＝ 0）
     （無·逐筆指認之母體為空）

  ── [0m] R6 ── n=11　分母 C(n,2)=55　未破閘　**面積 > 0 ＝ 0**　（面積 > 1e-09 ＝ 0）
     （無·逐筆指認之母體為空）

  ── [0m] R5 ── n=12　分母 C(n,2)=66　🔴 破閘　**面積 > 0 ＝ 5**　（面積 > 1e-09 ＝ 4）
     j    k    k−j   是否相鄰           交集面積(㎡) 宗 j 地號           宗 k 地號          
     0    2    2     **不鄰**       3.613e+01 628-18(2)        628-45(1)       
     0    3    3     **不鄰**       2.020e+01 628-18(2)        628-7(2)        
     8    9    1     相鄰           2.719e-08 628-23(2)        628-22(2)       
     1    2    1     相鄰           2.117e-09 628-53(2)        628-45(1)       
     10   11   1     相鄰           9.900e-10 628-32(1)        628-31(1)       
     ⇒ 逐筆指認：**5 筆**（＝表頭計數）⇒ ✅ 齊

  ── [0m] R3 ── n=14　分母 C(n,2)=91　未破閘　**面積 > 0 ＝ 2**　（面積 > 1e-09 ＝ 2）
     j    k    k−j   是否相鄰           交集面積(㎡) 宗 j 地號           宗 k 地號          
     11   12   1     相鄰           2.484e-08 628-29(1)        628-30(3)       
     8    9    1     相鄰           2.852e-09 628-42(2)        628-27(2)       
     ⇒ 逐筆指認：**2 筆**（＝表頭計數）⇒ ✅ 齊

  ── [3.5m] R1 ── n=5　分母 C(n,2)=10　未破閘　**面積 > 0 ＝ 1**　（面積 > 1e-09 ＝ 1）
     j    k    k−j   是否相鄰           交集面積(㎡) 宗 j 地號           宗 k 地號          
     2    3    1     相鄰           1.439e-09 628-34(3)        628-37(1)       
     ⇒ 逐筆指認：**1 筆**（＝表頭計數）⇒ ✅ 齊

  ── [3.5m] R2 ── n=15　分母 C(n,2)=105　未破閘　**面積 > 0 ＝ 3**　（面積 > 1e-09 ＝ 3）
     j    k    k−j   是否相鄰           交集面積(㎡) 宗 j 地號           宗 k 地號          
     3    4    1     相鄰           1.288e-08 628-40(1)        628-43(1)       
     13   14   1     相鄰           1.084e-08 628-52(1)        628-32(2)       
     0    1    1     相鄰           2.853e-09 628-42(1)        628-41(1)       
     ⇒ 逐筆指認：**3 筆**（＝表頭計數）⇒ ✅ 齊

  ── [3.5m] R4 ── n=2　分母 C(n,2)=1　未破閘　**面積 > 0 ＝ 0**　（面積 > 1e-09 ＝ 0）
     （無·逐筆指認之母體為空）

  ── [3.5m] R6 ── n=11　分母 C(n,2)=55　未破閘　**面積 > 0 ＝ 0**　（面積 > 1e-09 ＝ 0）
     （無·逐筆指認之母體為空）

  ── [3.5m] R5 ── n=12　分母 C(n,2)=66　未破閘　**面積 > 0 ＝ 2**　（面積 > 1e-09 ＝ 2）
     j    k    k−j   是否相鄰           交集面積(㎡) 宗 j 地號           宗 k 地號          
     0    1    1     相鄰           1.076e-08 628-53(2)        628-18(2)       
     1    2    1     相鄰           3.735e-09 628-18(2)        628-45(1)       
     ⇒ 逐筆指認：**2 筆**（＝表頭計數）⇒ ✅ 齊

  ── [3.5m] R3 ── n=14　分母 C(n,2)=91　未破閘　**面積 > 0 ＝ 1**　（面積 > 1e-09 ＝ 1）
     j    k    k−j   是否相鄰           交集面積(㎡) 宗 j 地號           宗 k 地號          
     3    4    1     相鄰           1.078e-08 628-46(1)        628-48(1)       
     ⇒ 逐筆指認：**1 筆**（＝表頭計數）⇒ ✅ 齊

【A-1-2】12 格之 `Σ` **真值**（⛔ 非二元標籤）
------------------------------------------------------------------------------------------------------------------------------------------------------------------------------------------------------------------
  情境     街廓    破閘?          n        Σ_相鄰(㎡)       Σ_不相鄰(㎡)     bound(㎡)     Σ_不鄰−bound       不鄰對數
  0m     R1    未破閘          5   0.000000e+00   0.000000e+00       0.6630  -6.630000e-01          6
  0m     R2    🔴 破閘        15   4.878227e-09   4.597659e+01       3.1129   4.286369e+01         91
  0m     R4    未破閘          2   0.000000e+00   0.000000e+00       0.1655  -1.655000e-01          0
  0m     R6    未破閘         11   0.000000e+00   0.000000e+00       2.2755  -2.275500e+00         45
  0m     R5    🔴 破閘        12   3.029326e-08   5.632926e+01       2.5141   5.381521e+01         55
  0m     R3    未破閘         14   2.769137e-08   0.000000e+00       2.8821  -2.882100e+00         78
  3.5m   R1    未破閘          5   1.438934e-09   0.000000e+00       0.6630  -6.630000e-01          6
  3.5m   R2    未破閘         15   2.657991e-08   0.000000e+00       3.1129  -3.112900e+00         91
  3.5m   R4    未破閘          2   0.000000e+00   0.000000e+00       0.1655  -1.655000e-01          0
  3.5m   R6    未破閘         11   0.000000e+00   0.000000e+00       2.2755  -2.275500e+00         45
  3.5m   R5    未破閘         12   1.449056e-08   0.000000e+00       2.5141  -2.514050e+00         55
  3.5m   R3    未破閘         14   1.077719e-08   0.000000e+00       2.8821  -2.882100e+00         78
  🔒 判：**未破閘之格，其 `Σ_不相鄰` 是否確為 `0`？** ⇒ 逐格看上表第 6 欄（`%.6e`）。

【A-2】交點落點之 `(s, t)`（**全對**·⛔ 非只 `宗0`·⛔ 不以 `j==0` 過濾）
------------------------------------------------------------------------------------------------------------------------------------------------------------------------------------------------------------------

  ── [0m] R1 ── 未破閘　n=5　街廓 s 域 [-0.3248, 87.7155]　t 域 [-40.3111, -0.2959]
     街角宗索引 = [0, 2]　｜全對 10：逐位平行 4 ／ 交點在內 0 ／ 交點在外 6 ／ 不可判 0
     j    k    k−j         交集面積(㎡)          s_X          t_X 在內?    越界軸             越界量_s        越界量_t
     0    2    2         0.000e+00      42.7397    3710.7633 否      t            -43.0645    3711.0592
     0    3    3         0.000e+00      39.4139    3370.3658 否      t            -39.7387    3370.6618
     0    4    4         0.000e+00      77.8701    7306.4261 否      t             -9.8454    7306.7220
     1    2    1         0.000e+00      24.4104    5225.9160 否      t            -24.7353    5226.2119
     1    3    2         0.000e+00      24.4104    4610.6009 否      t            -24.7353    4610.8968
     2    4    2         0.000e+00      77.8701     191.4573 否      t             -9.8454     191.7532

  ── [0m] R2 ── 🔴 破閘　n=15　街廓 s 域 [0.2677, 100.0274]　t 域 [-7.0581, 44.8270]
     街角宗索引 = [0]　｜全對 105：逐位平行 92 ／ 交點在內 2 ／ 交點在外 11 ／ 不可判 0
     j    k    k−j         交集面積(㎡)          s_X          t_X 在內?    越界軸             越界量_s        越界量_t
     0    2    2         1.981e+01       4.8139       9.7260 是      無             -4.5462     -16.7841
     0    3    3         2.616e+01       5.4612      18.2687 是      無             -5.1934     -25.3269
     ⚠️ 因列印上限，另有 **11 對**未列（皆 `在內?=否` 且 `面積 = 0`）——🔒 **此係列印條件、⛔ 非計數**（表頭之計數為全對）。

  ── [0m] R4 ── 未破閘　n=2　街廓 s 域 [0.1759, 98.7170]　t 域 [0.1683, 37.5373]
     街角宗索引 = [0, 1]　｜全對 1：逐位平行 0 ／ 交點在內 0 ／ 交點在外 1 ／ 不可判 0
     j    k    k−j         交集面積(㎡)          s_X          t_X 在內?    越界軸             越界量_s        越界量_t
     0    1    1         0.000e+00      71.7566     542.0897 否      t            -26.9604     504.5524

  ── [0m] R6 ── 未破閘　n=11　街廓 s 域 [-3.6068, 85.8549]　t 域 [0.0000, 50.2808]
     街角宗索引 = [6]　｜全對 55：逐位平行 40 ／ 交點在內 0 ／ 交點在外 15 ／ 不可判 0
     j    k    k−j         交集面積(㎡)          s_X          t_X 在內?    越界軸             越界量_s        越界量_t
     0    6    6         0.000e+00       0.1552 -1801521616.2834 否      t             -3.7620 1801521616.2834
     0    7    7         0.000e+00       0.1552 -1649723143.3200 否      t             -3.7620 1649723143.3200
     1    6    5         0.000e+00       3.2289 -1736908632.9899 否      t             -6.8357 1736908632.9899
     1    7    6         0.000e+00       3.2289 -1585110160.0266 否      t             -6.8357 1585110160.0266
     2    6    4         0.000e+00       4.7299 -1705356666.3744 否      t             -8.3367 1705356666.3744
     2    7    5         0.000e+00       4.7299 -1553558193.4110 否      t             -8.3367 1553558193.4110
     3    6    3         0.000e+00      19.4791 -1395308383.8221 否      t            -23.0859 1395308383.8221
     3    7    4         0.000e+00      19.4791 -1243509910.8587 否      t            -23.0859 1243509910.8587
     4    6    2         0.000e+00      22.7545 -1326454209.0926 否      t            -26.3613 1326454209.0926
     4    7    3         0.000e+00      22.7545 -1174655736.1293 否      t            -26.3613 1174655736.1293
     5    6    1         0.000e+00      27.3030 -1230840050.2812 否      t            -30.9098 1230840050.2812
     5    7    2         0.000e+00      27.3030 -1079041577.3179 否      t            -30.9098 1079041577.3179
     6    8    2         0.000e+00      78.6279 -123480.1920 否      t             -7.2270  123480.1920
     6    9    3         0.000e+00      75.9319 -56797301.4439 否      t             -9.9231 56797301.4439
     6    10   4         0.000e+00      69.0326 -201829455.9380 否      t            -16.8223 201829455.9380

  ── [0m] R5 ── 🔴 破閘　n=12　街廓 s 域 [0.2685, 92.7995]　t 域 [-8.5628, 43.4067]
     街角宗索引 = [0]　｜全對 66：逐位平行 56 ／ 交點在內 2 ／ 交點在外 8 ／ 不可判 0
     j    k    k−j         交集面積(㎡)          s_X          t_X 在內?    越界軸             越界量_s        越界量_t
     0    2    2         3.613e+01       5.2363       4.6447 是      無             -4.9678     -13.2076
     0    3    3         2.020e+01       6.4101      20.1095 是      無             -6.1416     -23.2972
     ⚠️ 因列印上限，另有 **8 對**未列（皆 `在內?=否` 且 `面積 = 0`）——🔒 **此係列印條件、⛔ 非計數**（表頭之計數為全對）。

  ── [0m] R3 ── 未破閘　n=14　街廓 s 域 [-0.0000, 96.8032]　t 域 [-43.9136, 8.2897]
     街角宗索引 = [7]　｜全對 91：逐位平行 72 ／ 交點在內 0 ／ 交點在外 19 ／ 不可判 0
     j    k    k−j         交集面積(㎡)          s_X          t_X 在內?    越界軸             越界量_s        越界量_t
     0    7    7         0.000e+00       1.0265    1270.8188 否      t             -1.0265    1262.5292
     0    8    8         0.000e+00       1.0265    1167.8491 否      t             -1.0265    1159.5594
     1    7    6         0.000e+00       6.7435    1195.4966 否      t             -6.7435    1187.2069
     1    8    7         0.000e+00       6.7435    1092.5269 否      t             -6.7435    1084.2372
     2    7    5         0.000e+00      10.0150    1152.3936 否      t            -10.0150    1144.1040
     2    8    6         0.000e+00      10.0150    1049.4239 否      t            -10.0150    1041.1342
     3    7    4         0.000e+00      11.6742    1130.5325 否      t            -11.6742    1122.2428
     3    8    5         0.000e+00      11.6742    1027.5627 否      t            -11.6742    1019.2731
     4    7    3         0.000e+00      14.9417    1087.4830 否      t            -14.9417    1079.1933
     4    8    4         0.000e+00      14.9417     984.5132 否      t            -14.9417     976.2236
     5    7    2         0.000e+00      16.7417    1063.7664 否      t            -16.7417    1055.4768
     5    8    3         0.000e+00      16.7417     960.7967 否      t            -16.7417     952.5070
     6    7    1         0.000e+00      26.3223     937.5394 否      t            -26.3223     929.2497
     6    8    2         0.000e+00      26.3223     834.5696 否      t            -26.3223     826.2799
     7    9    2         0.000e+00      88.7771      11.7089 否      t             -8.0261       3.4192
     7    10   3         0.000e+00      88.1979      19.3397 否      t             -8.6053      11.0500
     7    11   4         0.000e+00      86.7793      38.0299 否      t            -10.0239      29.7403
     7    12   5         0.000e+00      85.3559      56.7839 否      t            -11.4473      48.4942
     7    13   6         0.000e+00      75.3987     187.9735 否      t            -21.4045     179.6839

  ── [3.5m] R1 ── 未破閘　n=5　街廓 s 域 [-0.3248, 87.7155]　t 域 [-40.3111, -0.2959]
     街角宗索引 = [0, 1]　｜全對 10：逐位平行 4 ／ 交點在內 0 ／ 交點在外 6 ／ 不可判 0
     j    k    k−j         交集面積(㎡)          s_X          t_X 在內?    越界軸             越界量_s        越界量_t
     0    1    1         0.000e+00      48.8770    3203.4325 否      t            -38.8385    3203.7284
     0    2    2         0.000e+00      45.5512    2863.0248 否      t            -42.1643    2863.3207
     0    3    3         0.000e+00      77.8697    6170.8830 否      t             -9.8458    6171.1790
     0    4    4         0.000e+00      71.3401    5502.5688 否      t            -16.3754    5502.8647
     1    3    2         0.000e+00      77.8697     191.4756 否      t             -9.8458     191.7715
     1    4    3         0.000e+00      71.3401     731.2310 否      t            -16.3754     731.5269

  ── [3.5m] R2 ── 未破閘　n=15　街廓 s 域 [0.2677, 100.0274]　t 域 [-7.0581, 44.8270]
     街角宗索引 = []　｜全對 105：逐位平行 105 ／ 交點在內 0 ／ 交點在外 0 ／ 不可判 0
     （全對皆逐位平行 ⇒ 無交點可算）

  ── [3.5m] R4 ── 未破閘　n=2　街廓 s 域 [0.1759, 98.7170]　t 域 [0.1683, 37.5373]
     街角宗索引 = [0, 1]　｜全對 1：逐位平行 0 ／ 交點在內 0 ／ 交點在外 1 ／ 不可判 0
     j    k    k−j         交集面積(㎡)          s_X          t_X 在內?    越界軸             越界量_s        越界量_t
     0    1    1         0.000e+00      71.7566     542.0897 否      t            -26.9604     504.5524

  ── [3.5m] R6 ── 未破閘　n=11　街廓 s 域 [-3.6068, 85.8549]　t 域 [0.0000, 50.2808]
     街角宗索引 = [6]　｜全對 55：逐位平行 40 ／ 交點在內 0 ／ 交點在外 15 ／ 不可判 0
     j    k    k−j         交集面積(㎡)          s_X          t_X 在內?    越界軸             越界量_s        越界量_t
     0    6    6         0.000e+00       0.1552 -1801521616.2834 否      t             -3.7620 1801521616.2834
     0    7    7         0.000e+00       0.1552 -1649723143.3200 否      t             -3.7620 1649723143.3200
     1    6    5         0.000e+00       3.2289 -1736908632.9899 否      t             -6.8357 1736908632.9899
     1    7    6         0.000e+00       3.2289 -1585110160.0266 否      t             -6.8357 1585110160.0266
     2    6    4         0.000e+00       4.7299 -1705356666.3744 否      t             -8.3367 1705356666.3744
     2    7    5         0.000e+00       4.7299 -1553558193.4110 否      t             -8.3367 1553558193.4110
     3    6    3         0.000e+00      19.4791 -1395308383.8221 否      t            -23.0859 1395308383.8221
     3    7    4         0.000e+00      19.4791 -1243509910.8587 否      t            -23.0859 1243509910.8587
     4    6    2         0.000e+00      22.7545 -1326454209.0926 否      t            -26.3613 1326454209.0926
     4    7    3         0.000e+00      22.7545 -1174655736.1293 否      t            -26.3613 1174655736.1293
     5    6    1         0.000e+00      27.3030 -1230840050.2812 否      t            -30.9098 1230840050.2812
     5    7    2         0.000e+00      27.3030 -1079041577.3179 否      t            -30.9098 1079041577.3179
     6    8    2         0.000e+00      78.6279 -123480.1920 否      t             -7.2270  123480.1920
     6    9    3         0.000e+00      75.9319 -56797301.4439 否      t             -9.9231 56797301.4439
     6    10   4         0.000e+00      69.0326 -201829455.9380 否      t            -16.8223 201829455.9380

  ── [3.5m] R5 ── 未破閘　n=12　街廓 s 域 [0.2685, 92.7995]　t 域 [-8.5628, 43.4067]
     街角宗索引 = []　｜全對 66：逐位平行 66 ／ 交點在內 0 ／ 交點在外 0 ／ 不可判 0
     （全對皆逐位平行 ⇒ 無交點可算）

  ── [3.5m] R3 ── 未破閘　n=14　街廓 s 域 [-0.0000, 96.8032]　t 域 [-43.9136, 8.2897]
     街角宗索引 = []　｜全對 91：逐位平行 91 ／ 交點在內 0 ／ 交點在外 0 ／ 不可判 0
     （全對皆逐位平行 ⇒ 無交點可算）

【A-3】`θ` **雙向**延伸掃描：-8°, -6°, -4°, -2°, 0°, 2°, 4°, 6°, 8°, 12°, 16°, 20°（⛔ 記憶體內·⛔ 不改碼、不改呼叫端）
------------------------------------------------------------------------------------------------------------------------------------------------------------------------------------------------------------------
  θ      情境    街廓        n          Σ_相鄰         Σ_不相鄰      bound 破閘?           廓內交叉     其中不鄰 街角宗索引        例外(逐字)
  -8°    0m    R1        5  0.000000e+00  0.000000e+00     0.6630 未破閘              0        0 [0, 2]       
  -8°    0m    R2       15  1.759694e-08  0.000000e+00     3.1129 未破閘              0        0 [0]          
  -8°    0m    R4        2  0.000000e+00  0.000000e+00     0.1655 未破閘              0        0 [0, 1]       
  -8°    0m    R6       11  3.183342e-11  1.285075e+02     2.2755 🔴 破閘             2        2 [6]          RuntimeError: 🔴 ②-宗 圍堵閘破[R6]：宗-宗重疊 = 128.5075 > 上界 2.2755（(宗數11−1)×0.005×深度45.51）——**超出捨入量子可解釋範圍＝另有病**，停
  -8°    0m    R5       12  9.432440e-10  0.000000e+00     2.5141 未破閘              0        0 [0]          
  -8°    0m    R3       14  8.272070e-10  8.707675e+00     2.8821 🔴 破閘             2        2 [7]          RuntimeError: 🔴 ②-宗 圍堵閘破[R3]：宗-宗重疊 = 8.7077 > 上界 2.8821（(宗數14−1)×0.005×深度44.34）——**超出捨入量子可解釋範圍＝另有病**，停
  -8°    3.5m  R1        5  3.597452e-10  0.000000e+00     0.6630 未破閘              0        0 [0, 1]       
  -8°    3.5m  R2       15  2.657991e-08  0.000000e+00     3.1129 未破閘              0        0 []           
  -8°    3.5m  R4        2  0.000000e+00  0.000000e+00     0.1655 未破閘              0        0 [0, 1]       
  -8°    3.5m  R6       11  3.183342e-11  1.285075e+02     2.2755 🔴 破閘             2        2 [6]          RuntimeError: 🔴 ②-宗 圍堵閘破[R6]：宗-宗重疊 = 128.5075 > 上界 2.2755（(宗數11−1)×0.005×深度45.51）——**超出捨入量子可解釋範圍＝另有病**，停
  -8°    3.5m  R5       12  1.449056e-08  0.000000e+00     2.5141 未破閘              0        0 []           
  -8°    3.5m  R3       14  1.077719e-08  0.000000e+00     2.8821 未破閘              0        0 []           
  -6°    0m    R1        5  0.000000e+00  0.000000e+00     0.6630 未破閘              0        0 [0, 2]       
  -6°    0m    R2       15  0.000000e+00  0.000000e+00     3.1129 未破閘              0        0 [0]          
  -6°    0m    R4        2  0.000000e+00  0.000000e+00     0.1655 未破閘              0        0 [0, 1]       
  -6°    0m    R6       11  8.721607e-12  9.540120e+01     2.2755 🔴 破閘             2        2 [6]          RuntimeError: 🔴 ②-宗 圍堵閘破[R6]：宗-宗重疊 = 95.4012 > 上界 2.2755（(宗數11−1)×0.005×深度45.51）——**超出捨入量子可解釋範圍＝另有病**，停
  -6°    0m    R5       12  3.960281e-09  0.000000e+00     2.5141 未破閘              0        0 [0]          
  -6°    0m    R3       14  1.624718e-08  1.627908e+00     2.8821 未破閘              2        2 [7]          
  -6°    3.5m  R1        5  3.597336e-10  0.000000e+00     0.6630 未破閘              0        0 [0, 1]       
  -6°    3.5m  R2       15  2.657991e-08  0.000000e+00     3.1129 未破閘              0        0 []           
  -6°    3.5m  R4        2  0.000000e+00  0.000000e+00     0.1655 未破閘              0        0 [0, 1]       
  -6°    3.5m  R6       11  8.721607e-12  9.540120e+01     2.2755 🔴 破閘             2        2 [6]          RuntimeError: 🔴 ②-宗 圍堵閘破[R6]：宗-宗重疊 = 95.4012 > 上界 2.2755（(宗數11−1)×0.005×深度45.51）——**超出捨入量子可解釋範圍＝另有病**，停
  -6°    3.5m  R5       12  1.449056e-08  0.000000e+00     2.5141 未破閘              0        0 []           
  -6°    3.5m  R3       14  1.077719e-08  0.000000e+00     2.8821 未破閘              0        0 []           
  -4°    0m    R1        5  7.194798e-10  0.000000e+00     0.6630 未破閘              0        0 [0, 2]       
  -4°    0m    R2       15  3.682709e-08  0.000000e+00     3.1129 未破閘              0        0 [0]          
  -4°    0m    R4        2  0.000000e+00  0.000000e+00     0.1655 未破閘              0        0 [0, 1]       
  -4°    0m    R6       11  2.608946e-10  6.221277e+01     2.2755 🔴 破閘             2        2 [6]          RuntimeError: 🔴 ②-宗 圍堵閘破[R6]：宗-宗重疊 = 62.2128 > 上界 2.2755（(宗數11−1)×0.005×深度45.51）——**超出捨入量子可解釋範圍＝另有病**，停
  -4°    0m    R5       12  2.718150e-08  0.000000e+00     2.5141 未破閘              0        0 [0]          
  -4°    0m    R3       14  0.000000e+00  0.000000e+00     2.8821 未破閘              0        0 [7]          
  -4°    3.5m  R1        5  1.438934e-09  0.000000e+00     0.6630 未破閘              0        0 [0, 1]       
  -4°    3.5m  R2       15  2.657991e-08  0.000000e+00     3.1129 未破閘              0        0 []           
  -4°    3.5m  R4        2  0.000000e+00  0.000000e+00     0.1655 未破閘              0        0 [0, 1]       
  -4°    3.5m  R6       11  2.608946e-10  6.221277e+01     2.2755 🔴 破閘             2        2 [6]          RuntimeError: 🔴 ②-宗 圍堵閘破[R6]：宗-宗重疊 = 62.2128 > 上界 2.2755（(宗數11−1)×0.005×深度45.51）——**超出捨入量子可解釋範圍＝另有病**，停
  -4°    3.5m  R5       12  1.449056e-08  0.000000e+00     2.5141 未破閘              0        0 []           
  -4°    3.5m  R3       14  1.077719e-08  0.000000e+00     2.8821 未破閘              0        0 []           
  -2°    0m    R1        5  0.000000e+00  0.000000e+00     0.6630 未破閘              0        0 [0, 2]       
  -2°    0m    R2       15  2.933706e-08  0.000000e+00     3.1129 未破閘              0        0 [0]          
  -2°    0m    R4        2  0.000000e+00  0.000000e+00     0.1655 未破閘              0        0 [0, 1]       
  -2°    0m    R6       11  1.487779e-09  2.966721e+01     2.2755 🔴 破閘             1        1 [6]          RuntimeError: 🔴 ②-宗 圍堵閘破[R6]：宗-宗重疊 = 29.6672 > 上界 2.2755（(宗數11−1)×0.005×深度45.51）——**超出捨入量子可解釋範圍＝另有病**，停
  -2°    0m    R5       12  0.000000e+00  0.000000e+00     2.5141 未破閘              0        0 [0]          
  -2°    0m    R3       14  1.480459e-08  0.000000e+00     2.8821 未破閘              0        0 [7]          
  -2°    3.5m  R1        5  2.877869e-09  0.000000e+00     0.6630 未破閘              0        0 [0, 1]       
  -2°    3.5m  R2       15  2.657991e-08  0.000000e+00     3.1129 未破閘              0        0 []           
  -2°    3.5m  R4        2  0.000000e+00  0.000000e+00     0.1655 未破閘              0        0 [0, 1]       
  -2°    3.5m  R6       11  1.487779e-09  2.966721e+01     2.2755 🔴 破閘             1        1 [6]          RuntimeError: 🔴 ②-宗 圍堵閘破[R6]：宗-宗重疊 = 29.6672 > 上界 2.2755（(宗數11−1)×0.005×深度45.51）——**超出捨入量子可解釋範圍＝另有病**，停
  -2°    3.5m  R5       12  1.449056e-08  0.000000e+00     2.5141 未破閘              0        0 []           
  -2°    3.5m  R3       14  1.077719e-08  0.000000e+00     2.8821 未破閘              0        0 []           
  0°     0m    R1        5  1.438934e-09  0.000000e+00     0.6630 未破閘              0        0 [0, 2]       
  0°     0m    R2       15  1.767029e-08  0.000000e+00     3.1129 未破閘              0        0 [0]          
  0°     0m    R4        2  0.000000e+00  0.000000e+00     0.1655 未破閘              0        0 [0, 1]       
  0°     0m    R6       11  0.000000e+00  0.000000e+00     2.2755 未破閘              0        0 [6]          
  0°     0m    R5       12  6.743845e-09  0.000000e+00     2.5141 未破閘              0        0 [0]          
  0°     0m    R3       14  2.851278e-09  0.000000e+00     2.8821 未破閘              0        0 [7]          
  0°     3.5m  R1        5  0.000000e+00  0.000000e+00     0.6630 未破閘              0        0 [0, 1]       
  0°     3.5m  R2       15  2.657991e-08  0.000000e+00     3.1129 未破閘              0        0 []           
  0°     3.5m  R4        2  0.000000e+00  0.000000e+00     0.1655 未破閘              0        0 [0, 1]       
  0°     3.5m  R6       11  0.000000e+00  0.000000e+00     2.2755 未破閘              0        0 [6]          
  0°     3.5m  R5       12  1.449056e-08  0.000000e+00     2.5141 未破閘              0        0 []           
  0°     3.5m  R3       14  1.077719e-08  0.000000e+00     2.8821 未破閘              0        0 []           
  2°     0m    R1        5  0.000000e+00  0.000000e+00     0.6630 未破閘              0        0 [0, 2]       
  2°     0m    R2       15  1.438250e-09  1.515879e+01     3.1129 🔴 破閘             2        2 [0]          RuntimeError: 🔴 ②-宗 圍堵閘破[R2]：宗-宗重疊 = 15.1588 > 上界 3.1129（(宗數15−1)×0.005×深度44.47）——**超出捨入量子可解釋範圍＝另有病**，停
  2°     0m    R4        2  0.000000e+00  0.000000e+00     0.1655 未破閘              0        0 [0, 1]       
  2°     0m    R6       11  1.911536e-09  0.000000e+00     2.2755 未破閘              0        0 [6]          
  2°     0m    R5       12  1.530169e-09  2.212705e+01     2.5141 🔴 破閘             2        2 [0]          RuntimeError: 🔴 ②-宗 圍堵閘破[R5]：宗-宗重疊 = 22.1270 > 上界 2.5141（(宗數12−1)×0.005×深度45.71）——**超出捨入量子可解釋範圍＝另有病**，停
  2°     0m    R3       14  0.000000e+00  0.000000e+00     2.8821 未破閘              0        0 [7]          
  2°     3.5m  R1        5  0.000000e+00  0.000000e+00     0.6630 未破閘              0        0 [0, 1]       
  2°     3.5m  R2       15  2.657991e-08  0.000000e+00     3.1129 未破閘              0        0 []           
  2°     3.5m  R4        2  0.000000e+00  0.000000e+00     0.1655 未破閘              0        0 [0, 1]       
  2°     3.5m  R6       11  1.911536e-09  0.000000e+00     2.2755 未破閘              0        0 [6]          
  2°     3.5m  R5       12  1.449056e-08  0.000000e+00     2.5141 未破閘              0        0 []           
  2°     3.5m  R3       14  1.077719e-08  0.000000e+00     2.8821 未破閘              0        0 []           
  4°     0m    R1        5  3.597336e-10  0.000000e+00     0.6630 未破閘              0        0 [0, 2]       
  4°     0m    R2       15  1.869715e-08  4.144606e+01     3.1129 🔴 破閘             2        2 [0]          RuntimeError: 🔴 ②-宗 圍堵閘破[R2]：宗-宗重疊 = 41.4461 > 上界 3.1129（(宗數15−1)×0.005×深度44.47）——**超出捨入量子可解釋範圍＝另有病**，停
  4°     0m    R4        2  0.000000e+00  0.000000e+00     0.1655 未破閘              0        0 [0, 1]       
  4°     0m    R6       11  1.445550e-08  0.000000e+00     2.2755 未破閘              0        0 [6]          
  4°     0m    R5       12  1.706047e-09  5.147304e+01     2.5141 🔴 破閘             2        2 [0]          RuntimeError: 🔴 ②-宗 圍堵閘破[R5]：宗-宗重疊 = 51.4730 > 上界 2.5141（(宗數12−1)×0.005×深度45.71）——**超出捨入量子可解釋範圍＝另有病**，停
  4°     0m    R3       14  0.000000e+00  0.000000e+00     2.8821 未破閘              0        0 [7]          
  4°     3.5m  R1        5  0.000000e+00  0.000000e+00     0.6630 未破閘              0        0 [0, 1]       
  4°     3.5m  R2       15  2.657991e-08  0.000000e+00     3.1129 未破閘              0        0 []           
  4°     3.5m  R4        2  0.000000e+00  0.000000e+00     0.1655 未破閘              0        0 [0, 1]       
  4°     3.5m  R6       11  1.445550e-08  0.000000e+00     2.2755 未破閘              0        0 [6]          
  4°     3.5m  R5       12  1.449056e-08  0.000000e+00     2.5141 未破閘              0        0 []           
  4°     3.5m  R3       14  1.077719e-08  0.000000e+00     2.8821 未破閘              0        0 []           
  6°     0m    R1        5  7.194701e-10  0.000000e+00     0.6630 未破閘              0        0 [0, 2]       
  6°     0m    R2       15  2.941160e-08  7.028473e+01     3.1129 🔴 破閘             2        2 [0]          RuntimeError: 🔴 ②-宗 圍堵閘破[R2]：宗-宗重疊 = 70.2847 > 上界 3.1129（(宗數15−1)×0.005×深度44.47）——**超出捨入量子可解釋範圍＝另有病**，停
  6°     0m    R4        2  0.000000e+00  0.000000e+00     0.1655 未破閘              0        0 [0, 1]       
  6°     0m    R6       11  0.000000e+00  0.000000e+00     2.2755 未破閘              0        0 [6]          
  6°     0m    R5       12  1.403809e-08  8.222999e+01     2.5141 🔴 破閘             2        2 [0]          RuntimeError: 🔴 ②-宗 圍堵閘破[R5]：宗-宗重疊 = 82.2300 > 上界 2.5141（(宗數12−1)×0.005×深度45.71）——**超出捨入量子可解釋範圍＝另有病**，停
  6°     0m    R3       14  0.000000e+00  0.000000e+00     2.8821 未破閘              0        0 [7]          
  6°     3.5m  R1        5  0.000000e+00  0.000000e+00     0.6630 未破閘              0        0 [0, 1]       
  6°     3.5m  R2       15  2.657991e-08  0.000000e+00     3.1129 未破閘              0        0 []           
  6°     3.5m  R4        2  0.000000e+00  0.000000e+00     0.1655 未破閘              0        0 [0, 1]       
  6°     3.5m  R6       11  0.000000e+00  0.000000e+00     2.2755 未破閘              0        0 [6]          
  6°     3.5m  R5       12  1.449056e-08  0.000000e+00     2.5141 未破閘              0        0 []           
  6°     3.5m  R3       14  1.077719e-08  0.000000e+00     2.8821 未破閘              0        0 []           
  8°     0m    R1        5  1.162190e-10  0.000000e+00     0.6630 未破閘              0        0 [0, 2]       
  8°     0m    R2       15  2.796460e-08  9.576481e+01     3.1129 🔴 破閘             2        2 [0]          RuntimeError: 🔴 ②-宗 圍堵閘破[R2]：宗-宗重疊 = 95.7648 > 上界 3.1129（(宗數15−1)×0.005×深度44.47）——**超出捨入量子可解釋範圍＝另有病**，停
  8°     0m    R4        2  0.000000e+00  0.000000e+00     0.1655 未破閘              0        0 [0, 1]       
  8°     0m    R6       11  3.472337e-09  0.000000e+00     2.2755 未破閘              0        0 [6]          
  8°     0m    R5       12  4.001376e-08  1.121193e+02     2.5141 🔴 破閘             2        2 [0]          RuntimeError: 🔴 ②-宗 圍堵閘破[R5]：宗-宗重疊 = 112.1193 > 上界 2.5141（(宗數12−1)×0.005×深度45.71）——**超出捨入量子可解釋範圍＝另有病**，停
  8°     0m    R3       14  1.478958e-08  0.000000e+00     2.8821 未破閘              0        0 [7]          
  8°     3.5m  R1        5  1.020977e-08  0.000000e+00     0.6630 未破閘              0        0 [0, 1]       
  8°     3.5m  R2       15  2.657991e-08  0.000000e+00     3.1129 未破閘              0        0 []           
  8°     3.5m  R4        2  0.000000e+00  0.000000e+00     0.1655 未破閘              0        0 [0, 1]       
  8°     3.5m  R6       11  3.472337e-09  0.000000e+00     2.2755 未破閘              0        0 [6]          
  8°     3.5m  R5       12  1.449056e-08  0.000000e+00     2.5141 未破閘              0        0 []           
  8°     3.5m  R3       14  1.077719e-08  0.000000e+00     2.8821 未破閘              0        0 []           
  12°    0m    R1        5  3.597336e-10  0.000000e+00     0.6630 未破閘              0        0 [0, 2]       
  12°    0m    R2       15  1.458530e-08  1.229380e+02     3.1129 🔴 破閘             4        4 [0]          RuntimeError: 🔴 ②-宗 圍堵閘破[R2]：宗-宗重疊 = 122.9380 > 上界 3.1129（(宗數15−1)×0.005×深度44.47）——**超出捨入量子可解釋範圍＝另有病**，停
  12°    0m    R4        2  0.000000e+00  0.000000e+00     0.1655 未破閘              0        0 [0, 1]       
  12°    0m    R6       11  1.360148e-08  0.000000e+00     2.2755 未破閘              0        0 [6]          
  12°    0m    R5       12  3.978541e-09  1.458806e+02     2.5141 🔴 破閘             3        3 [0]          RuntimeError: 🔴 ②-宗 圍堵閘破[R5]：宗-宗重疊 = 145.8806 > 上界 2.5141（(宗數12−1)×0.005×深度45.71）——**超出捨入量子可解釋範圍＝另有病**，停
  12°    0m    R3       14  9.499062e-10  0.000000e+00     2.8821 未破閘              0        0 [7]          
  12°    3.5m  R1        5  1.020988e-08  0.000000e+00     0.6630 未破閘              0        0 [0, 1]       
  12°    3.5m  R2       15  2.657991e-08  0.000000e+00     3.1129 未破閘              0        0 []           
  12°    3.5m  R4        2  0.000000e+00  0.000000e+00     0.1655 未破閘              0        0 [0, 1]       
  12°    3.5m  R6       11  1.360148e-08  0.000000e+00     2.2755 未破閘              0        0 [6]          
  12°    3.5m  R5       12  1.449056e-08  0.000000e+00     2.5141 未破閘              0        0 []           
  12°    3.5m  R3       14  1.077719e-08  0.000000e+00     2.8821 未破閘              0        0 []           
  16°    0m    R1        5  0.000000e+00  0.000000e+00     0.6630 未破閘              0        0 [0, 2]       
  16°    0m    R2       15  3.976230e-08  1.374216e+02     3.1129 🔴 破閘             5        5 [0]          RuntimeError: 🔴 ②-宗 圍堵閘破[R2]：宗-宗重疊 = 137.4216 > 上界 3.1129（(宗數15−1)×0.005×深度44.47）——**超出捨入量子可解釋範圍＝另有病**，停
  16°    0m    R4        2  0.000000e+00  0.000000e+00     0.1655 未破閘              0        0 [0, 1]       
  16°    0m    R6       11  0.000000e+00  0.000000e+00     2.2755 未破閘              0        0 [6]          
  16°    0m    R5       12  3.974656e-09  1.635168e+02     2.5141 🔴 破閘             3        3 [0]          RuntimeError: 🔴 ②-宗 圍堵閘破[R5]：宗-宗重疊 = 163.5168 > 上界 2.5141（(宗數12−1)×0.005×深度45.71）——**超出捨入量子可解釋範圍＝另有病**，停
  16°    0m    R3       14  6.643360e-09  0.000000e+00     2.8821 未破閘              0        0 [7]          
  16°    3.5m  R1        5  0.000000e+00  0.000000e+00     0.6630 未破閘              0        0 [0, 2]       
  16°    3.5m  R2       15  2.657991e-08  0.000000e+00     3.1129 未破閘              0        0 []           
  16°    3.5m  R4        2  0.000000e+00  0.000000e+00     0.1655 未破閘              0        0 [0, 1]       
  16°    3.5m  R6       11  4.181716e-08  0.000000e+00     2.2755 未破閘              0        0 []           
  16°    3.5m  R5       12  1.449056e-08  0.000000e+00     2.5141 未破閘              0        0 []           
  16°    3.5m  R3       14  1.077719e-08  0.000000e+00     2.8821 未破閘              0        0 []           
  20°    0m    R1        5  1.164919e-08  0.000000e+00     0.6630 未破閘              0        0 [0, 2]       
  20°    0m    R2       15  3.957918e-08  1.467581e+02     3.1129 🔴 破閘             6        6 [0]          RuntimeError: 🔴 ②-宗 圍堵閘破[R2]：宗-宗重疊 = 146.7581 > 上界 3.1129（(宗數15−1)×0.005×深度44.47）——**超出捨入量子可解釋範圍＝另有病**，停
  20°    0m    R4        2  0.000000e+00  0.000000e+00     0.1655 未破閘              0        0 [0, 1]       
  20°    0m    R6       11  8.633770e-10  0.000000e+00     2.2755 未破閘              0        0 [6]          
  20°    0m    R5       12  3.009029e-08  1.746905e+02     2.5141 🔴 破閘             5        5 [0]          RuntimeError: 🔴 ②-宗 圍堵閘破[R5]：宗-宗重疊 = 174.6905 > 上界 2.5141（(宗數12−1)×0.005×深度45.71）——**超出捨入量子可解釋範圍＝另有病**，停
  20°    0m    R3       14  0.000000e+00  0.000000e+00     2.8821 未破閘              0        0 [8]          
  20°    3.5m  R1        5  1.826187e-08  0.000000e+00     0.6630 未破閘              0        0 [0, 2]       
  20°    3.5m  R2       15  2.657991e-08  0.000000e+00     3.1129 未破閘              0        0 []           
  20°    3.5m  R4        2  0.000000e+00  0.000000e+00     0.1655 未破閘              0        0 [0, 1]       
  20°    3.5m  R6       11  4.181716e-08  0.000000e+00     2.2755 未破閘              0        0 []           
  20°    3.5m  R5       12  1.449056e-08  0.000000e+00     2.5141 未破閘              0        0 []           
  20°    3.5m  R3       14  1.077719e-08  0.000000e+00     2.8821 未破閘              0        0 []           

  🔒 **判別力 ①（sanity）**：`θ=0°` ⇒ 12 格 `Σ_不相鄰 ≤ 1e-09`（🔒 與 W-G.9-78 同一門檻）
     θ=0° 之 12 格：超標 **0 格** ⇒ ✅ 成立

  🔒 **判別力 ②（正例補足）**：丙類五格於某 `θ` 是否得**全對廓內交叉 ≥ 1**
     情境     街廓    得廓內交叉 ≥1 之 θ                 其 Σ_不相鄰／bound               
     0m     R1    **無（12 點皆 0）**               —                           
     0m     R3    -8°, -6°                     8.708e+00/2.8821, 1.628e+00/2.8821
     0m     R6    -8°, -6°, -4°, -2°           1.285e+02/2.2755, 9.540e+01/2.2755, 6.221e+01/2.2755, 2.967e+01/2.2755
     3.5m   R1    **無（12 點皆 0）**               —                           
     3.5m   R6    -8°, -6°, -4°, -2°           1.285e+02/2.2755, 9.540e+01/2.2755, 6.221e+01/2.2755, 2.967e+01/2.2755
     ⇒ 丙類 5 格中 **3 格**取得正例 ⇒ ✅ `P5` 成立
