======================================================================================================================================================
【W-G.9-60】`fits_at` 單調性閘 ＋ `D_max` 飽和閘　（階段：post2）
======================================================================================================================================================
  產生於 commit：65fef5b
  🔒 **⛔ 零生產碼變更**；本檔只**呼叫** `fits_at`，⛔ 未新增第二份判定原語。

======================================================================================================================================================
【A-1-a】**單調性閘**：`fits_at` 對 `d` 應非遞增 ⇒ 真值集出現 `0…1` 反轉即為**紅**
======================================================================================================================================================
  🔒 `d` 之 15 點格（逐位）：1e-09／1e-07／1e-05／0.0001／0.001／0.01／0.1／1／5／14／25／35／39／41／43

  街廓   側               r  真值集（依 d 遞增）           判
  R5   left        0e+00  011111000000000       🔴 反轉
  R5   left       -1e-06  111111111111100       ✅
  R5   left       -1e-05  111111111111100       ✅
  R5   left       -1e-03  111111111111100       ✅
  R6   right       0e+00  000000000000000       ✅
  R6   right      -1e-06  111111111111100       ✅
  R6   right      -1e-05  111111111111100       ✅
  R6   right      -1e-03  111111111111100       ✅
  R3   right       0e+00  111111111111110       ✅
  R3   right      -1e-06  111111111111110       ✅
  R3   right      -1e-05  111111111111110       ✅
  R3   right      -1e-03  111111111111110       ✅
------------------------------------------------------------------------------------------------------------------------------------------------------
  ⇒ **單調性閘：🔴 紅（1 組反轉）**
      🔴 反例 ＝ (R5/left, r=0)　真值集 ＝ `011111000000000`

======================================================================================================================================================
【A-1-b】**飽和閘**：`D_max` 常式之回值 ＝ 其內部 `hi` ⇒ **紅**（從未進入二分）
======================================================================================================================================================
  🔒 `hi` ＝ `max(原框 bbox_w, 原框 bbox_h) + 1.0`（＝ `-58`／`-59` 之寫法·本檔複算之）

  街廓   側          原框 bbox_w    原框 bbox_h          hi    -59 所報 D_max    相符?        轉框後長邊
  R5   left         32.3787      31.8896     33.3787         33.3787   🔴 逐位      43.6963
  R6   right        34.6825      29.3918     35.6825         35.6825   🔴 逐位      43.6637
  R3   right        35.5961      30.4914     36.5961         36.5961   🔴 逐位      44.8557
------------------------------------------------------------------------------------------------------------------------------------------------------
  ⇒ **舊式框之診斷：🔴 3／3 格飽和**
  🔒 **相符即證**：`-59` 所報之 `D_max` **就是該常式之上界本身**（⇒ 從未進入二分·⛔ 非量測值）。

  【飽和閘·修後】直接呼叫 `d_max_at_r`（其內建飽和閘應 loud raise）
  街廓   側           新 hi(直徑+1)           回值                 閘
  R5   left           44.7302       0.0264             ✅ 未飽和
  R6   right          44.8037       0.0000             ✅ 未飽和
  R3   right          45.9797      41.4830             ✅ 未飽和
  ⇒ **飽和閘（修後）：✅ 綠**

======================================================================================================================================================
【A-4】**掃描式** `D_max`（⛔ 非二分·⛔ 不依賴單調性）
======================================================================================================================================================
  街廓   側                   r=0        r=-1e-06        r=-1e-05        r=-0.001
  R5   left             0.0264         39.9825         39.9825         39.9860
  R6   right            0.0000         39.8736         39.8736         39.8771
  R3   right           41.4830         41.4830         41.4831         41.4864
------------------------------------------------------------------------------------------------------------------------------------------------------
  🔒 `🔴cap` ＝ 觸及掃描上限 `50.0` ⇒ **該值為下界、⛔ 不得當量測值**。

======================================================================================================================================================
【C-1】三焦點格之 `D_max`：**本批（掃描式）** vs `W-G.9-59`【倉】 vs 施工單【單】
======================================================================================================================================================
  街廓   側               r          本批       -59【倉】        單【單】     與 -59        與單
  R5   left        0e+00      0.0264       0.0447      0.0447         🔴         🔴
  R5   left       -1e-06     39.9825      33.3787     39.9825         🔴         ✅
  R5   left       -1e-05     39.9825      33.3787     39.9825         🔴         ✅
  R5   left       -1e-03     39.9860      33.3787     39.9860         🔴         ✅
  R6   right       0e+00      0.0000       0.0000      0.0000         ✅         ✅
  R6   right      -1e-06     39.8736      35.6825      0.0000         🔴         🔴
  R6   right      -1e-05     39.8736      35.6825     39.8736         🔴         ✅
  R6   right      -1e-03     39.8771      35.6825     39.8771         🔴         ✅
  R3   right       0e+00     41.4830      36.5961     41.4830         🔴         ✅
  R3   right      -1e-06     41.4830      36.5961     41.4830         🔴         ✅
  R3   right      -1e-05     41.4831      36.5961     41.4831         🔴         ✅
  R3   right      -1e-03     41.4864      36.5961     41.4864         🔴         ✅

======================================================================================================================================================
【C-2】`W-G.9-58` §B-1 之 **8 格**於 `r=0` 之 `D_max` 重測 ＋ **進／不進分類對帳**
======================================================================================================================================================
  街廓   側           舊 D_max(下界)     新 D_max    新 ≥ 舊?    D=14      新分類    -59 分類    一致?
  R1   left          25.986091     29.7381         ✅    14.0        進         進      ✅
  R1   right         24.932952     24.9330         ✅    14.0        進         進      ✅
  R2   left          34.260514     41.4375         ✅    14.0        進         進      ✅
  R3   right         36.596060     41.4830         ✅    14.0        進         進      ✅
  R4   left          26.007323     29.7521         ✅    14.0        進         進      ✅
  R4   right         26.214424     29.5994         ✅    14.0        進         進      ✅
  R5   left           0.044673      0.0264         🔴    14.0       不進        不進      ✅
  R6   right          0.000000      0.0000         ✅    14.0       不進        不進      ✅
------------------------------------------------------------------------------------------------------------------------------------------------------
  ⇒ **分類逐格一致 ＝ ✅ 8／8** ⇒ **土地後果 ＝ 零**

======================================================================================================================================================
【C-3】`|r*|`（臨界膨脹）× **三個座標框**：絕對 TWD97／移至形心／移 `+1e6`
======================================================================================================================================================
  街廓   側              絕對 TWD97            移至形心          移 +1e6       相對差
  R5   left       7.279414e-08    7.279414e-08    7.282688e-08     0.04%
  R6   right      4.394497e-08    4.394497e-08    4.395224e-08     0.02%
  R3   right      0.000000e+00    0.000000e+00    0.000000e+00     0.00%
  🔒 **平移不變性**：`|r*|` 若跨框穩定 ⇒ 係**真幾何**、⛔ 非座標殘差。

======================================================================================================================================================
【C-4】見證檢：`R3/right`、`W=3.5`、`D=41.0`、`r=0` ⇒ 四角 `covers` ＋ 四角至邊界距
======================================================================================================================================================
  D = 41.0000   ⇒ 進　四角皆在內 ＝ True　四角至邊界距 ＝ 3.270e-02／3.270e-02／3.270e-02／3.270e-02
  D = 41.4830   ⇒ 進　四角皆在內 ＝ True　四角至邊界距 ＝ 5.082e-06／7.344e-06／7.345e-06／1.419e-05
  D = 41.4835   ⇒ 不進

======================================================================================================================================================
【C-5】🔒 **儀器自身之解析度** vs **被測量之量級**（⛔ 二者須並列·自誤 43 修法 7）
======================================================================================================================================================
  · `fits_at` 之 `MITRE`       ＝ {'join_style': 2, 'mitre_limit': 10000000.0}（⛔ 本批一字未改）
  · `margin_ub` 之二分 `TOL_M` ＝ 1e-04 m
  · `r_star` 之二分 `TOL_R`    ＝ 1e-12
  · `d_max_scan` 之細化步長    ＝ 1e-06 m；粗掃 ×1.5（<0.1）／+0.25（≥0.1）
  · `double` 相對精度 ＝ 2.2e−16 ⇒ 於座標量級 ~2.65e6 之絕對誤差 ≈ **5.9e−10 m**
    🔒 **修後判定於局部原點** ⇒ 座標量級降至 ~4e1 ⇒ 絕對誤差 ≈ **8.9e−15 m**

  **被測量之量級**：
    · 寬度短少（`2|r*|`）   ≈ **1e−07 m**
    · DXF 量子 `q_detected` ＝ **1e−05 m**
    · `D_max` 之大值        ≈ **4e+01 m**
  🔑 **判**：修前絕對誤差 `5.9e−10` 與寬度短少 `1e−07` **僅差 2 個數量級**；
     修後降至 `8.9e−15` ⇒ **差 7 個數量級** ⇒ **該量已可信**。
     ⚠️ 惟 `D_max(r=0)` 於刀鋒格（`R5/left`）**仍不穩**——其真餘裕即 ~1e−07
     ⇒ 🔒 **該格之 `D_max` 小值⛔ 不得引用有效位數**。
======================================================================================================================================================
