========================================================================================================
[T1·0m] 街角資格閘 G估 → 真G（樂觀假設第1宗）｜B=0.171042711 C=0.091318931
--------------------------------------------------------------------------------------------------------
塊   端  候選                   門檻        G估        真G       ΔG      總分 舊達標 新達標
R4  左  628(1)           109.20   1445.70   1544.01   +98.31  0.9918     ✅     ✅
R4  右  628-1(1)         109.70    452.37    477.62   +25.25  0.9927     ✅     ✅
R6  右  628-18(1)        146.38    329.40    325.16    -4.24  0.0459     ✅     ✅
R6  右  628-38(1)        146.38    121.82    120.55    -1.27       —     ❌     ❌
R5  左  628-18(2)        146.93    227.94    215.86   -12.08  0.5247     ✅     ✅
R5  左  628-53(2)        146.93      2.15      0.65    -1.50       —     ❌     ❌
R5  左  628-45(1)        146.93     55.44     49.62    -5.82       —     ❌     ❌
R2  左  628-41(1)        151.44    189.76    185.21    -4.55  0.9309     ✅     ✅
R2  左  628-42(1)        151.44      5.42      3.45    -1.97       —     ❌     ❌
R2  左  628-27(1)        151.44     30.96     27.28    -3.68       —     ❌     ❌
R3  右  628-45(2)        152.82    215.24    205.27    -9.97  0.5585     ✅     ✅
R3  右  628-42(2)        152.82     91.06     84.86    -6.20       —     ❌     ❌
R3  右  628-27(2)        152.82     28.20     24.54    -3.66       —     ❌     ❌
R3  右  628-28(1)        152.82     68.27     62.17    -6.10       —     ❌     ❌
R1  左  628-37(1)        109.79    210.29    220.23    +9.94  0.5741     ✅     ✅
R1  左  628-36(1)        109.79    564.92    598.50   +33.58  0.2427     ✅     ✅
R1  左  628-35(2)        109.79    620.09    607.16   -12.93  0.1832     ✅     ✅
R1  右  628(5)           110.56    228.38    240.39   +12.01  1.0000     ✅     ✅
--------------------------------------------------------------------------------------------------------
端別 winner／forced 前後對照：
  R1 右：          628(5) → 628(5)           門檻=  110.56
  R1 左：       628-37(1) → 628-37(1)        門檻=  109.79
  R2 左：       628-41(1) → 628-41(1)        門檻=  151.44
  R3 右：       628-45(2) → 628-45(2)        門檻=  152.82
  R4 右：        628-1(1) → 628-1(1)         門檻=  109.70
  R4 左：          628(1) → 628(1)           門檻=  109.20
  R5 左：       628-18(2) → 628-18(2)        門檻=  146.93
  R6 右：       628-18(1) → 628-18(1)        門檻=  146.38
  forced 端：前 [] → 後 []
  forced 面積：前 Σ=0.00㎡ → 後 Σ=0.00㎡｜**釋回=0.00㎡**｜新增=0.00㎡
--------------------------------------------------------------------------------------------------------
刀口敏感度（Δa 擾動 (-2.53, 0.0, 0.72)·僅列餘裕 <20㎡ 者）：
  （無餘裕 <20㎡ 之新達標候選）
========================================================================================================
[T1·3.5m] 街角資格閘 G估 → 真G（樂觀假設第1宗）｜B=0.171042711 C=0.091318931
--------------------------------------------------------------------------------------------------------
塊   端  候選                   門檻        G估        真G       ΔG      總分 舊達標 新達標
R4  左  628(1)           225.25   1445.70   1544.01   +98.31  0.9915     ✅     ✅
R4  右  628-1(1)         225.67    452.37    477.62   +25.25  0.9924     ✅     ✅
R6  右  628-18(1)        299.13    329.40    325.16    -4.24  0.1311     ✅     ✅
R6  右  628-38(1)        299.13    121.82    120.55    -1.27       —     ❌     ❌
R5  左  628-7(2)         300.52    260.24    247.96   -12.28       —     ❌     ❌
R5  左  628-18(2)        300.52    227.94    215.86   -12.08       —     ❌     ❌
R5  左  628-53(2)        300.52      2.15      0.65    -1.50       —     ❌     ❌
R5  左  628-45(1)        300.52     55.44     49.62    -5.82       —     ❌     ❌
R2  左  628-42(1)        309.05      5.42      3.45    -1.97       —     ❌     ❌
R2  左  628-41(1)        309.05    189.76    185.21    -4.55       —     ❌     ❌
R2  左  628-40(1)        309.05    304.85    300.40    -4.45       —     ❌     ❌
R2  左  628-27(1)        309.05     30.96     27.28    -3.68       —     ❌     ❌
R3  右  628-42(2)        308.93     91.06     84.86    -6.20       —     ❌     ❌
R3  右  628-45(2)        308.93    215.24    205.27    -9.97       —     ❌     ❌
R3  右  628-27(2)        308.93     28.20     24.54    -3.66       —     ❌     ❌
R3  右  628-28(1)        308.93     68.27     62.17    -6.10       —     ❌     ❌
R3  右  628-29(1)        308.93     68.47     62.17    -6.30       —     ❌     ❌
R1  左  628-36(1)        226.18    564.92    598.50   +33.58  0.2377     ✅     ✅
R1  左  628-35(2)        226.18    620.09    607.16   -12.93  0.1820     ✅     ✅
R1  左  628-37(1)        226.18    210.29    220.23    +9.94       —     ❌     ❌
R1  右  628(5)           226.88    228.38    240.39   +12.01  0.9916     ✅     ✅
--------------------------------------------------------------------------------------------------------
端別 winner／forced 前後對照：
  R1 右：          628(5) → 628(5)           門檻=  226.88
  R1 左：       628-36(1) → 628-36(1)        門檻=  226.18
  R2 左：         ⚠️強制抵費地 → ⚠️強制抵費地          門檻=  309.05
  R3 右：         ⚠️強制抵費地 → ⚠️強制抵費地          門檻=  308.93
  R4 右：        628-1(1) → 628-1(1)         門檻=  225.67
  R4 左：          628(1) → 628(1)           門檻=  225.25
  R5 左：         ⚠️強制抵費地 → ⚠️強制抵費地          門檻=  300.52
  R6 右：       628-18(1) → 628-18(1)        門檻=  299.13
  forced 端：前 [('R2', '左'), ('R3', '右'), ('R5', '左')] → 後 [('R2', '左'), ('R3', '右'), ('R5', '左')]
  forced 面積：前 Σ=918.50㎡ → 後 Σ=918.50㎡｜**釋回=0.00㎡**｜新增=0.00㎡
--------------------------------------------------------------------------------------------------------
刀口敏感度（Δa 擾動 (-2.53, 0.0, 0.72)·僅列餘裕 <20㎡ 者）：
  628(5)         門檻=226.88｜Δa-2.53→G 238.80（餘裕+11.92）｜Δa+0.00→G 240.39（餘裕+13.51）｜Δa+0.72→G 240.85（餘裕+13.97）
========================================================================================================
【T1 結論】
  0m：winner 翻盤 0 端｜forced 前 0 端 → 後 0 端｜釋回 0.00㎡
  3.5m：winner 翻盤 0 端｜forced 前 3 端 → 後 3 端｜釋回 0.00㎡
  ⇒ **winner 集合零翻盤** ⇒ plan v2 全做（Q1+M 同波）
========================================================================================================
