========================================================================================================================================================================================================
【W-G.9-83 §二 A 組】`K-9-9` 落地之備料（⛔ 只量不修·⛔ 零 app.py 變更·⛔ 不落地）
========================================================================================================================================================================================================
  產生於 commit：bee1abf
  環境：shapely 2.1.2 | GEOS (3, 13, 1) | numpy 2.4.4
  🔒 A-0 **事前選定：偏向使重疊<u>偏大</u>**（甲/乙/丙 三條見 docstring）
  🔒 同源：`w40.eval_lot`／`w82.chord_interval`／`w81.analyse_cell` 皆**原樣 import**（節 100）
  🔒 情境母體 ＝ **僅 `0m`**（沿 `W-G.9-40` 之母體·⛔ 未擴·具名）

【0】量測器自檢（⛔ 先自檢後量測·每項皆附**已知真／已知偽**對照）
--------------------------------------------------------------------------------------------------------------------------------------------------------------------------------------------------------
  ① **`w40.eval_lot` 同源證**（原樣 import·以 `W-G.9-40` §0 之 17° 傾斜測資重跑）：
     已知【甲】⇒ 甲 ／ 已知【乙】⇒ 乙 ／ 已知【合格】⇒ 合格 ／ **已知【不合格】⇒ 不合格**（Δfront -4.000）⇒ PASS
     🔒 **常設 8**：④ 即「會使它為否」之具體輸入（本宗 s=12 落在 `P⊥`=16 之前）
  ② **`w82.chord_interval` 同源證**：λ=[-1.66666666667, 10]／手算 [-1.66666666667, 10]　殘差/ulp = 0.00 / 0.00 ⇒ PASS
     🔒 **常設 8**：同一線上 `s*=0` ⇒ True（期望 True）／`s*=1e6` ⇒ False（期望 False）⇒ PASS
  ③ **第九法非恆 0**：行內式 新增 17／刪除 2 ⇒ 淨 15（期望 新增 > 0）⇒ PASS
  ④ **常設 9**：`TOL_S = 1.0e-06`（沿 FRONTLINE 之 `s`·單位 m）；被測量 `|Δfront|`／`|Δbase|` 之量級於【E】表出艙；`math.ulp(1e2) = 1.421e-14` ⇒ 門檻 > ulp ✅
     🔒 `D_MIN = 2`（非相鄰之門檻·**整數**·⛔ 無 ulp 之問題）
  ⇒ 量測器自檢：PASS

【C／A-1】`K-9-9` 之**落地狀態逐款現查**（⛔ 非只搜款號·附字樣錨）
--------------------------------------------------------------------------------------------------------------------------------------------------------------------------------------------------------
  母體（生產／引擎碼）：['app.py', 'verify/stepg_pipeline.py', 'verify/selection_pipeline.py', 'verify/wf_f3.py', 'verify/wf_f4.py']
  款                          字樣                       app.py                  stepg_pipeline.py       selection_pipeline.py   wf_f3.py                wf_f4.py              
  一（∥ALLOCLINE）              _alloc_dir_used          10                      6                       0                       0                       0                     
  一（∥ALLOCLINE）              n_hat_far                13                      0                       0                       0                       0                     
  一（∥ALLOCLINE）              alloc_normal_axis        5                       5                       1                       0                       2                     
  一（∥ALLOCLINE）              K-9-9                    0                       0                       0                       0                       0                     
  一（∥ALLOCLINE）              遠側境界線                    0                       0                       0                       0                       0                     
  二（位置下限）                    P_prev                   0                       0                       0                       0                       0                     
  二（位置下限）                    B_prev                   0                       0                       0                       0                       0                     
  二（位置下限）                    起算垂線                     0                       0                       0                       0                       0                     
  二（位置下限）                    P⊥                       0                       0                       0                       0                       0                     
  二（位置下限）                    B⊥                       0                       0                       0                       0                       0                     
  二（位置下限）                    情形甲                      0                       0                       0                       0                       0                     
  二（位置下限）                    情形乙                      0                       0                       0                       0                       0                     
  四（不配地＋遞補＋調配池）              不配地                      2                       0                       0                       0                       1                     
  四（不配地＋遞補＋調配池）              遞補                       4                       3                       0                       0                       3                     
  四（不配地＋遞補＋調配池）              _pool_strips_for_block   9                       5                       0                       0                       1                     
  四（不配地＋遞補＋調配池）              調配池                      2                       0                       0                       0                       0                     
  四（不配地＋遞補＋調配池）              合併群                      0                       0                       0                       0                       0                     
  五（街角第 1 宗不適用）              is_corner                67                      17                      0                       0                       0                     
  POPULATION=18 PRINTED=18 SUPPRESSED=0  # A-1 逐款逐字樣（全列）

【驅動】`0m` × R1–R6——攔截 6 格；生產碼 raise 之街廓 = {'R2': 'RuntimeError: 街廓 R2 抵費地計算失敗：🔴 ②-宗 圍堵閘破[R2]：宗-宗重疊 = 45.9766 > 上界 3.1129（(宗數15−1)×0.005×深度44.47）——**超出捨入量子可解釋範圍＝另有病**，停', 'R4': 'RuntimeError: 🔴 結構閘 理論＝實跑 破：街廓 R4 right 側 理論@k*=87.83 ≠ 實跑(階段1)=85.42（Δ=2.415 >0.1）｜參考 ΣΔ_i=+0.000（**⛔ 未用於本式**·實測反證見碼註）｜逐界面：', 'R5': 'RuntimeError: 街廓 R5 抵費地計算失敗：🔴 ②-宗 圍堵閘破[R5]：宗-宗重疊 = 56.3293 > 上界 2.5141（(宗數12−1)×0.005×深度45.71）——**超出捨入量子可解釋範圍＝另有病**，停'}

【D-1／A-2-1】於**現行 HEAD** 重跑 `K-9-9 二` 之違反判定（🔒 `w40` 原式·⛔ 未重寫）
--------------------------------------------------------------------------------------------------------------------------------------------------------------------------------------------------------
  情形分布：{'甲': 34, '乙': 13, '退化(P⊥＝P_prev)': 0}
  🔒 **遠側界之二源對拍**（`w40.far_side_dir_and_pt`＝**多邊形之邊** vs `w81.faces_of`＝**`_solve_G_one` 之 `_alloc_dir_used`**）：
     **平行者（`|sin| ≤ 1.0e-09`）＝ 50 ／ 59**；**逐位元組相同 ＝ 0 ／ 59**
     🔒 **常設 9**：`|sin(夾角)|` 之量級 ∈ [3.886e-15, 7.536e-02]（中位 3.699e-12）；門檻 1.0e-09；`math.ulp(1.0) = 2.220e-16` ⇒ 門檻 > ulp ✅
     🔒 **節 103**：最接近翻面者 ＝ **7.536e-02**（＝ 離平行 4.322e+00°）
     ⇒ 🔴 **有不平行者 9 ／ 59·逐宗具名如下**（⇒ 二式於該些宗**非同一量**）
     街廓     側      i    是街角宗?             |sin(夾角)|        夾角(°)
     R3     右      8    否                 7.536e-02       4.3220
     R1     右      3    否                 1.206e-02       0.6908
     R4     左      0    **是**             2.013e-06       0.0001
     R2     右      8    否                 7.522e-08       0.0000
     R5     右      7    否                 6.601e-08       0.0000
     R6     右      7    否                 4.742e-08       0.0000
     R3     右      7    **是**             2.874e-08       0.0000
     R2     左      0    **是**             2.679e-08       0.0000
     R6     右      6    **是**             6.234e-09       0.0000
  POPULATION=9 PRINTED=9 SUPPRESSED=0  # 二源不平行者（全列）
     🔴 **其中為街角宗者 ＝ 4 ／ 9**——🔒 `K-9-9` **五**：街角第 1 宗之遠側界**恆 ∥ SIDELINE**，而 `w40.far_side_dir_and_pt` 係自**多邊形之邊**取「與 `d_hat` 夾角最大之二邊」⇒ 於街角宗二式**受詞不同**（⛔ 只量不修·⛔ 不下「這是 bug」之結論）
     🔒 **分層**（常設 9·⛔ 不以單一二分出艙）：> 1e-5（**真差**） ＝ 2／1e-7 〜 1e-5 ＝ 1／≤ 1e-7（數值層） ＝ 6
     🔴🔴 **交叉核（⛔ 不可省）**：`> 1e-5` 之 2 支中，**同時列於 35 宗違反名單者 ＝ 2**：[('R1', '右', 3), ('R3', '右', 8)] ⇒ 🛑 **該些宗之 `K-9-9 二` 判定所用之遠側界，與引擎實際切線差 0.6908°／4.3220°**

  街廓     側      i    情形          起算front       起算base        本宗P s        本宗B s      Δfront       Δbase         面積 出艙碼       
  R1     右      3    乙            90.396       90.396       80.265       83.348     -10.132      -7.048    85.9957 🔴 不合格     
  R1     右      4    乙            83.348       83.348       77.870       80.551      -5.478      -2.797   596.2550 🔴 不合格     
  R2     左      2    甲             4.814        4.814        5.461        2.283      +0.647      -2.531    29.0853 🔴 不合格     
  R2     左      4    甲            11.991       11.991       11.997        8.823      +0.006      -3.168     0.2712 🔴 不合格     
  R2     左      5    甲            11.997       11.997       13.929       10.756      +1.932      -1.241    86.6524 🔴 不合格     
  R2     右      9    甲           100.027      100.027       98.688       95.574      -1.339      -4.454   432.1146 🔴 不合格     
  R2     右      10   甲            98.688       98.688       88.884       85.763      -9.804     -12.925    65.4526 🔴 不合格     
  R2     右      11   甲            88.884       88.884       87.401       84.279      -1.483      -4.605   147.1732 🔴 不合格     
  R2     右      12   甲            87.401       87.401       84.068       80.943      -3.333      -6.458   146.5776 🔴 不合格     
  R2     右      13   甲            84.068       84.068       80.750       77.623      -3.317      -6.444    71.5965 🔴 不合格     
  R2     右      14   甲            80.750       80.750       79.131       76.003      -1.619      -4.747   437.0138 🔴 不合格     
  R6     左      1    乙             3.986        3.986        3.229        7.047      -0.757      +3.061   145.8175 🔴 不合格     
  R6     左      2    乙             7.047        7.047        4.730        8.542      -2.318      +1.495    71.0346 🔴 不合格     
  R6     左      4    乙            23.232       23.232       22.755       26.495      -0.478      +3.262   152.2143 🔴 不合格     
  R6     右      7    乙            89.341       89.341       78.634       82.149     -10.707      -7.192     0.2561 🔴 不合格     
  R6     右      8    乙            82.149       82.149       78.628       82.143      -3.521      -0.006   117.7325 🔴 不合格     
  R6     右      9    乙            82.143       82.143       75.932       79.458      -6.211      -2.685   302.9369 🔴 不合格     
  R6     右      10   乙            79.458       79.458       69.033       72.586     -10.425      -6.872   339.9148 🔴 不合格     
  R5     左      1    甲             4.850        4.850        5.236        1.195      +0.386      -3.655     0.9867 🔴 不合格     
  R5     左      2    甲             5.236        5.236        6.410        2.363      +1.174      -2.873    51.2275 🔴 不合格     
  R5     左      5    甲            18.556       18.556       18.903       14.802      +0.348      -3.754    15.3781 🔴 不合格     
  R5     右      8    甲            92.800       92.800       89.680       85.269      -3.119      -7.531   423.5459 🔴 不合格     
  R5     右      9    甲            89.680       89.680       80.743       76.371      -8.937     -13.309   520.3643 🔴 不合格     
  R5     右      10   甲            80.743       80.743       69.652       65.328     -11.091     -15.415     3.1475 🔴 不合格     
  R5     右      11   甲            69.652       69.652       69.584       65.261      -0.067      -4.391    10.7105 🔴 不合格     
  R3     左      2    甲             6.743        6.743       10.015        5.952      +3.271      -0.792   143.3805 🔴 不合格     
  R3     左      3    甲            10.015       10.015       11.674        7.609      +1.659      -2.406    72.7696 🔴 不合格     
  R3     左      4    甲            11.674       11.674       14.942       10.873      +3.267      -0.801   143.3966 🔴 不合格     
  R3     左      5    甲            14.942       14.942       16.742       12.671      +1.800      -2.271    79.0540 🔴 不合格     
  R3     右      8    甲            93.405       93.405       89.042       88.281      -4.363      -5.124    87.9017 🔴 不合格     
  R3     右      9    甲            89.042       89.042       88.777       84.626      -0.265      -4.416    25.9425 🔴 不合格     
  R3     右      10   甲            88.777       88.777       88.198       84.047      -0.579      -4.730    63.5241 🔴 不合格     
  R3     右      11   甲            88.198       88.198       86.779       82.630      -1.419      -5.567    63.7164 🔴 不合格     
  R3     右      12   甲            86.779       86.779       85.356       81.209      -1.423      -5.571   445.0324 🔴 不合格     
  R3     右      13   甲            85.356       85.356       75.399       71.263      -9.957     -14.093   380.8148 🔴 不合格     
  POPULATION=59 PRINTED=35 SUPPRESSED=24  # A-2-1 逐宗（僅列**不合格**者）
     ⚠️ `PRINTED ≠ POPULATION` ⇒ 🔒 **本表之結論一律以 `POPULATION` 為分母**（⛔ 表身列數不得作為母體·節 105）
  🔴 **現行 HEAD 之不合格宗數 ＝ 35**（倉內錨【倉】`verify/out/probe_WG940_startperp_834bce0.log`：**35 宗**·`5758.9877 ㎡`）
     面積合計 ＝ **5758.9879 ㎡**
     🔒 `P5` 之判：實得 35 == 35 ⇒ 🔴 **恰為 35 ⇒ `P5` 逐字不成立 ⇒ 施工單令「須逐宗證其為同一批宗（⛔ 非只數目相同）」⇒ 下表

  🔴 **逐宗同一性對拍**（⛔ 非只數目相同）：現行 HEAD `bee1abf` vs 倉內 log `probe_WG940_startperp_834bce0.log`（基座 `834bce0`）
     舊 log 解析所得列數 ＝ **35**（🔒 期望 35·⛔ 解析式：`^\s+(R\d+)\s+(\S+)\s+(\d+)\s+([-+][\d.]+)\s+([-+][\d.]+)\s+([\d.]+)\s*$`）
     **鍵（街廓,側,i）之對稱差**：舊∖新 ＝ [] ／ 新∖舊 ＝ []
     街廓     側      i        舊 Δfront     新 Δfront      舊 Δbase      新 Δbase         舊 面積         新 面積 逐值相同    
     R1     右      3         -10.132      -10.132       -7.048       -7.048      85.9957      85.9957 ✅       
     R1     右      4          -5.478       -5.478       -2.797       -2.797     596.2550     596.2550 ✅       
     R2     右      9          -1.339       -1.339       -4.454       -4.454     432.1146     432.1146 ✅       
     R2     右      10         -9.804       -9.804      -12.925      -12.925      65.4526      65.4526 ✅       
     R2     右      11         -1.483       -1.483       -4.605       -4.605     147.1732     147.1732 ✅       
     R2     右      12         -3.333       -3.333       -6.458       -6.458     146.5776     146.5776 ✅       
     R2     右      13         -3.317       -3.317       -6.444       -6.444      71.5965      71.5965 ✅       
     R2     右      14         -1.619       -1.619       -4.747       -4.747     437.0138     437.0138 ✅       
     R2     左      2           0.647        0.647       -2.531       -2.531      29.0853      29.0853 ✅       
     R2     左      4           0.006        0.006       -3.168       -3.168       0.2712       0.2712 ✅       
     R2     左      5           1.932        1.932       -1.241       -1.241      86.6524      86.6524 ✅       
     R3     右      8          -4.363       -4.363       -5.124       -5.124      87.9017      87.9017 ✅       
     R3     右      9          -0.265       -0.265       -4.416       -4.416      25.9425      25.9425 ✅       
     R3     右      10         -0.579       -0.579       -4.730       -4.730      63.5241      63.5241 ✅       
     R3     右      11         -1.419       -1.419       -5.567       -5.567      63.7164      63.7164 ✅       
     R3     右      12         -1.423       -1.423       -5.571       -5.571     445.0324     445.0324 ✅       
     R3     右      13         -9.957       -9.957      -14.093      -14.093     380.8148     380.8148 ✅       
     R3     左      2           3.271        3.271       -0.792       -0.792     143.3805     143.3805 ✅       
     R3     左      3           1.659        1.659       -2.406       -2.406      72.7696      72.7696 ✅       
     R3     左      4           3.267        3.267       -0.801       -0.801     143.3966     143.3966 ✅       
     R3     左      5           1.800        1.800       -2.271       -2.271      79.0540      79.0540 ✅       
     R5     右      8          -3.119       -3.119       -7.531       -7.531     423.5459     423.5459 ✅       
     R5     右      9          -8.937       -8.937      -13.309      -13.309     520.3643     520.3643 ✅       
     R5     右      10        -11.091      -11.091      -15.415      -15.415       3.1475       3.1475 ✅       
     R5     右      11         -0.067       -0.067       -4.391       -4.391      10.7105      10.7105 ✅       
     R5     左      1           0.386        0.386       -3.655       -3.655       0.9867       0.9867 ✅       
     R5     左      2           1.174        1.174       -2.873       -2.873      51.2275      51.2275 ✅       
     R5     左      5           0.348        0.348       -3.754       -3.754      15.3781      15.3781 ✅       
     R6     右      7         -10.707      -10.707       -7.192       -7.192       0.2561       0.2561 ✅       
     R6     右      8          -3.521       -3.521       -0.006       -0.006     117.7325     117.7325 ✅       
     R6     右      9          -6.211       -6.211       -2.685       -2.685     302.9369     302.9369 ✅       
     R6     右      10        -10.425      -10.425       -6.872       -6.872     339.9148     339.9148 ✅       
     R6     左      1          -0.757       -0.757        3.061        3.061     145.8175     145.8175 ✅       
     R6     左      2          -2.318       -2.318        1.495        1.495      71.0346      71.0346 ✅       
     R6     左      4          -0.478       -0.478        3.262        3.262     152.2143     152.2143 ✅       
  POPULATION=35 PRINTED=35 SUPPRESSED=0  # P5 逐宗對拍（鍵之交集·全列）
     ⇒ **鍵完全相同 ＝ True**；**逐值相同 ＝ 35 ／ 35**（容差 Δ 5e-4 m／面積 5e-5 ㎡）⇒ ✅ **係同一批宗**（⇒ `P5` 逐字不成立之原因 ＝ 乙式落地與 `GB-80` 容差修**未觸及本判定**）
  逐（街廓, 側）之違反宗：
     R1   右      宗序 [3, 4]　面積合計 682.2507 ㎡
     R2   右      宗序 [9, 10, 11, 12, 13, 14]　面積合計 1299.9283 ㎡
     R2   左      宗序 [2, 4, 5]　面積合計 116.0090 ㎡
     R3   右      宗序 [8, 9, 10, 11, 12, 13]　面積合計 1066.9318 ㎡
     R3   左      宗序 [2, 3, 4, 5]　面積合計 438.6008 ㎡
     R5   右      宗序 [8, 9, 10, 11]　面積合計 957.7681 ㎡
     R5   左      宗序 [1, 2, 5]　面積合計 67.5924 ㎡
     R6   右      宗序 [7, 8, 9, 10]　面積合計 760.8403 ㎡
     R6   左      宗序 [1, 2, 4]　面積合計 369.0664 ㎡
  POPULATION=9 PRINTED=9 SUPPRESSED=0  # A-2-1 逐（街廓,側）（全列）

【D-2／A-2-2】`②-宗` 破量（🔒 `w82` 弦區間閉式·`d ≥ 2`·`0m`）
--------------------------------------------------------------------------------------------------------------------------------------------------------------------------------------------------------
  街廓     j    k               s*           λ_a           λ_b         重疊面積 contains 
  R2     0    2          10.0407        0.0000       44.9154      19.8142 True     
  R2     0    3          18.6078        0.0000       44.9154      26.1624 True     
  R5     0    2           5.1067       -0.0000       43.7602      36.1337 True     
  R5     0    3          20.6156       -0.0000       43.7602      20.1956 True     
  POPULATION=4 PRINTED=4 SUPPRESSED=0  # A-2-2 破量逐對（全列）
  ⇒ **R2**：破量對數 2·**重疊面積合計 45.9766 ㎡**
  ⇒ **R5**：破量對數 2·**重疊面積合計 56.3293 ㎡**
  🔴 **破閘之格 ＝ ['R2', 'R5']**（倉內錨【倉】`VR-041` 四：`R2 45.9766`／`R5 56.3293`）

【D-3／A-2-3】**35 宗 ⇄ `②-宗` 破閘格**之交集與二個差集（🔒 ⛔ 二量不得相加）
--------------------------------------------------------------------------------------------------------------------------------------------------------------------------------------------------------
  🔒 **受詞逐字併陳**：`W-G.9-40` 量「形成端違反之**宗面積**」；`GB-67` 量「**重疊**面積」⇒ ⛔ **不得相加**、⛔ 不得互代。
  **R2**：破量所涉宗 [0, 2, 3] ／ 違反宗 [2, 4, 5, 9, 10, 11, 12, 13, 14]
     **交集 ＝ [2]（1 宗）**／破量∖違反 ＝ [0, 3]／違反∖破量 ＝ [4, 5, 9, 10, 11, 12, 13, 14]
        交集宗 i=2：面積 29.0853 ㎡
  **R5**：破量所涉宗 [0, 2, 3] ／ 違反宗 [1, 2, 5, 8, 9, 10, 11]
     **交集 ＝ [2]（1 宗）**／破量∖違反 ＝ [0, 3]／違反∖破量 ＝ [1, 5, 8, 9, 10, 11]
        交集宗 i=2：面積 51.2275 ㎡
  POPULATION=2 PRINTED=2 SUPPRESSED=0  # A-2-3 逐破閘格（全列）
  🔒 **`P3` 之判**：交集之宗數合計 ＝ **2** ⇒ ✅ **≥ 1**（`P3` 成立）

【E／A-3】施加 `K-9-9 二` 下限後之後果（⛔ 不落地·⛔ 不得強制配到下限）
--------------------------------------------------------------------------------------------------------------------------------------------------------------------------------------------------------
  🔒 **`K-9-9 四` 逐字：不合格 ⇒ 該宗<u>不配地</u>，走合併／調配、下一位遞補、騰出之地入調配池；⛔ 不得強制配到下限（⛔ 不得超配）。**
  街廓     側      i    情形            現行 P s    **下限 P s**        現行 B s    **下限 B s**      Δfront       Δbase         面積
  R1     右      3    乙            80.2646       90.3965       83.3483       90.3965    -10.1319     -7.0482    85.9957
  R1     右      4    乙            77.8701       83.3483       80.5514       83.3483     -5.4782     -2.7968   596.2550
  R2     左      2    甲             5.4612        4.8139        2.2826        4.8139     +0.6472     -2.5313    29.0853
  R2     左      4    甲            11.9974       11.9913        8.8233       11.9913     +0.0060     -3.1680     0.2712
  R2     左      5    甲            13.9289       11.9974       10.7562       11.9974     +1.9316     -1.2412    86.6524
  R2     右      9    甲            98.6881      100.0274       95.5738      100.0274     -1.3393     -4.4536   432.1146
  R2     右      10   甲            88.8840       98.6881       85.7628       98.6881     -9.8042    -12.9253    65.4526
  R2     右      11   甲            87.4008       88.8840       84.2786       88.8840     -1.4832     -4.6053   147.1732
  R2     右      12   甲            84.0675       87.4008       80.9431       87.4008     -3.3333     -6.4577   146.5776
  R2     右      13   甲            80.7502       84.0675       77.6234       84.0675     -3.3173     -6.4441    71.5965
  R2     右      14   甲            79.1307       80.7502       76.0028       80.7502     -1.6195     -4.7473   437.0138
  R6     左      1    乙             3.2289        3.9861        7.0474        3.9861     -0.7572     +3.0613   145.8175
  R6     左      2    乙             4.7299        7.0474        8.5424        7.0474     -2.3176     +1.4949    71.0346
  R6     左      4    乙            22.7545       23.2322       26.4945       23.2322     -0.4777     +3.2623   152.2143
  R6     右      7    乙            78.6338       89.3411       82.1490       89.3411    -10.7073     -7.1921     0.2561
  R6     右      8    乙            78.6279       82.1490       82.1431       82.1490     -3.5211     -0.0059   117.7325
  R6     右      9    乙            75.9319       82.1431       79.4580       82.1431     -6.2112     -2.6852   302.9369
  R6     右      10   乙            69.0326       79.4580       72.5864       79.4580    -10.4253     -6.8715   339.9148
  R5     左      1    甲             5.2363        4.8498        1.1945        4.8498     +0.3865     -3.6553     0.9867
  R5     左      2    甲             6.4101        5.2363        2.3632        5.2363     +1.1738     -2.8731    51.2275
  R5     左      5    甲            18.9034       18.5559       14.8019       18.5559     +0.3475     -3.7540    15.3781
  R5     右      8    甲            89.6801       92.7995       85.2690       92.7995     -3.1195     -7.5305   423.5459
  R5     右      9    甲            80.7426       89.6801       76.3706       89.6801     -8.9375    -13.3094   520.3643
  R5     右      10   甲            69.6516       80.7426       65.3281       80.7426    -11.0911    -15.4146     3.1475
  R5     右      11   甲            69.5841       69.6516       65.2609       69.6516     -0.0675     -4.3907    10.7105
  R3     左      2    甲            10.0150        6.7435        5.9518        6.7435     +3.2715     -0.7917   143.3805
  R3     左      3    甲            11.6742       10.0150        7.6092       10.0150     +1.6593     -2.4058    72.7696
  R3     左      4    甲            14.9417       11.6742       10.8730       11.6742     +3.2674     -0.8012   143.3966
  R3     左      5    甲            16.7417       14.9417       12.6710       14.9417     +1.8001     -2.2706    79.0540
  R3     右      8    甲            89.0422       93.4051       88.2811       93.4051     -4.3629     -5.1240    87.9017
  R3     右      9    甲            88.7771       89.0422       84.6260       89.0422     -0.2651     -4.4162    25.9425
  R3     右      10   甲            88.1979       88.7771       84.0475       88.7771     -0.5792     -4.7296    63.5241
  R3     右      11   甲            86.7793       88.1979       82.6305       88.1979     -1.4186     -5.5674    63.7164
  R3     右      12   甲            85.3559       86.7793       81.2086       86.7793     -1.4234     -5.5707   445.0324
  R3     右      13   甲            75.3987       85.3559       71.2625       85.3559     -9.9572    -14.0934   380.8148
  POPULATION=35 PRINTED=35 SUPPRESSED=0  # A-3 違反宗之現行位置 vs 下限位置（全列）
  🔒 **常設 9**：`|Δ|` 之量級 ∈ [0.0059, 15.4146] m；`math.ulp(15) = 1.776e-15`⇒ 門檻 `TOL_S=1.0e-06` 高於之 ✅

  🔒 **「第一輪不配地」之二個讀法（A-0(甲)：取<u>最小</u>母體為主·⛔ 具名）**：
     (甲) **嚴格第一輪** ＝ 逐（街廓,側）之**第一個**違反宗 ⇒ **9 宗**·面積合計 **1349.0841 ㎡**
        R1   右      i=3   面積 85.9957 ㎡（情形 乙）
        R2   右      i=9   面積 432.1146 ㎡（情形 甲）
        R2   左      i=2   面積 29.0853 ㎡（情形 甲）
        R3   右      i=8   面積 87.9017 ㎡（情形 甲）
        R3   左      i=2   面積 143.3805 ㎡（情形 甲）
        R5   右      i=8   面積 423.5459 ㎡（情形 甲）
        R5   左      i=1   面積 0.9867 ㎡（情形 甲）
        R6   右      i=7   面積 0.2561 ㎡（情形 乙）
        R6   左      i=1   面積 145.8175 ㎡（情形 乙）
     (乙) **上界（全部現行違反宗）** ⇒ **35 宗**·面積合計 **5758.9879 ㎡**
     ⚠️ 🔒 **逐字具名**：`K-9-9 四` 之**遞補**⛔ 未實作（A-1 已現查）⇒ **遞補後結果必須重算，本批之數係<u>第一輪</u>**。

  ⚠️ **對照（⛔ 正典禁止·⛔ 非候選解）**：「若強制配到下限」之面積變化
     🔒 `K-9-9 四` 逐字「⛔ 不得強制配到下限（⛔ 不得超配）」⇒ 本列**僅供對照**。
        R1   右      i=3   現行面積 85.9957 ㎡·需右移 Δfront +10.1319／Δbase +7.0482
        R1   右      i=4   現行面積 596.2550 ㎡·需右移 Δfront +5.4782／Δbase +2.7968
        R2   左      i=2   現行面積 29.0853 ㎡·需右移 Δfront -0.6472／Δbase +2.5313
        R2   左      i=4   現行面積 0.2712 ㎡·需右移 Δfront -0.0060／Δbase +3.1680
        R2   左      i=5   現行面積 86.6524 ㎡·需右移 Δfront -1.9316／Δbase +1.2412
        R2   右      i=9   現行面積 432.1146 ㎡·需右移 Δfront +1.3393／Δbase +4.4536
        R2   右      i=10  現行面積 65.4526 ㎡·需右移 Δfront +9.8042／Δbase +12.9253
        R2   右      i=11  現行面積 147.1732 ㎡·需右移 Δfront +1.4832／Δbase +4.6053
  POPULATION=35 PRINTED=8 SUPPRESSED=27  # A-3 對照（⛔ 非候選解·僅列前 8）
     ⚠️ `PRINTED ≠ POPULATION` ⇒ 🔒 **本表之結論一律以 `POPULATION` 為分母**（⛔ 表身列數不得作為母體·節 105）

  🔴 **本單最強之一項判別力**：對第一輪不配地後之**殘餘各宗**重跑弦區間閉式
  街廓     移除之宗（不配地）                      移除前破量對         **移除後破量對**     判         
  R2     (甲) 嚴格第一輪 [2, 9]               2 對 / 45.9766 ㎡ **1 對 / 26.1624 ㎡** 🔴 **仍 > 0**
        🔴 殘餘破量對：(j=0, k=3) 重疊 26.1624 ㎡
  R2     (乙) 全部違反宗 [2, 4, 5, 9, 10, 11, 12, 13, 14] 2 對 / 45.9766 ㎡ **1 對 / 26.1624 ㎡** 🔴 **仍 > 0**
        🔴 殘餘破量對：(j=0, k=3) 重疊 26.1624 ㎡
  R5     (甲) 嚴格第一輪 [1, 8]               2 對 / 56.3293 ㎡ **2 對 / 56.3293 ㎡** 🔴 **仍 > 0**
        🔴 殘餘破量對：(j=0, k=2) 重疊 36.1337 ㎡
        🔴 殘餘破量對：(j=0, k=3) 重疊 20.1956 ㎡
  R5     (乙) 全部違反宗 [1, 2, 5, 8, 9, 10, 11] 2 對 / 56.3293 ㎡ **1 對 / 20.1956 ㎡** 🔴 **仍 > 0**
        🔴 殘餘破量對：(j=0, k=3) 重疊 20.1956 ㎡
  POPULATION=4 PRINTED=4 SUPPRESSED=0  # A-3 移除前後（二讀法 × 破閘格·全列）
  🔒 **`P2` 之判（以 (甲) 嚴格第一輪為受詞·A-0 之最緊母體）**：🔴 **仍 > 0 ⇒ `K-9-9 二` 之下限不足以消除重疊 ⇒ `VR-041` 四之定性須修正·具名**

【E-2】🔴 **殘餘破量對之機制診斷**（⛔ 只量不修·施工單「具名」義務之落實）
--------------------------------------------------------------------------------------------------------------------------------------------------------------------------------------------------------
  🔒 **`K-9-9 二` 之受詞對 ＝ 相鄰對 `(i−1, i)`（`d ＝ 1`）**；**`②-宗` 閘之受詞對 ＝ `d ≥ 2`** ⇒ 二母體**不相交**（下表逐對出艙其 `d`）。
  街廓     j    k    d    宗j 是街角?      宗k K-9-9 判     宗(k−1) K-9-9 判   宗k近界∥宗(k−1)遠界?     界面距離(m)         
  R2     0    2    2    **是**        不合格            合格               ∥（|sin|=0.00e+00）  0.000000        
  R2     0    3    3    **是**        合格             不合格              ∥（|sin|=0.00e+00）  0.000000        
  R5     0    2    2    **是**        不合格            不合格              ∥（|sin|=0.00e+00）  0.000000        
  R5     0    3    3    **是**        合格             不合格              ∥（|sin|=0.00e+00）  0.000000        
  POPULATION=4 PRINTED=4 SUPPRESSED=0  # E-2 殘餘破量對之機制（全列）
  🔴 **必答一**：破量對之 `j` 為**街角第 1 宗**者 ＝ **4 ／ 4**
     🔒 `K-9-9` **五**逐字：「街角第 1 宗⛔ 不適用本則；其遠側境界線**恆 ∥ SIDELINE**」
     ⇒ 🔴 **全部破量對之形成端皆為<u>正典明文豁免</u>之宗** ⇒ `K-9-9 二` 之下限**在結構上觸及不到該重疊**（⛔ 此為量測所得·⛔ 非「這是 bug」之結論）
  🔴 **必答二**：破量對之 `d` 值集合 ＝ [2, 3] ⇒ 與 `K-9-9 二` 之 `d ＝ 1` **不相交**

  🔒 **讀法 (丙)：迭代式**（不配地者⛔ 不成為下一宗之 `前一宗`·⛔ **非**遞補——幾何不動）
  街廓     移除之宗（迭代收斂）                         輪次逐輪新增           **移除後破量對**       判         
  R2     [2, 4, 5, 9, 10, 11, 12, 13, 14]   [[2, 4, 5, 9, 10, 11, 12, 13, 14], []] **1 對 / 26.1624 ㎡** 🔴 **仍 > 0**
        🔴 殘餘破量對：(j=0, k=3) 重疊 26.1624 ㎡
  R5     [1, 2, 5, 8, 9, 10, 11]            [[1, 2, 5, 8, 9, 10, 11], []] **1 對 / 20.1956 ㎡** 🔴 **仍 > 0**
        🔴 殘餘破量對：(j=0, k=3) 重疊 20.1956 ㎡
  POPULATION=2 PRINTED=2 SUPPRESSED=0  # 讀法 (丙) 迭代式（全列）
  ⇒ **三讀法之綜判**：(甲) 🔴 仍 > 0 ／ (乙) 🔴 仍 > 0 ／ (丙) 🔴 仍 > 0
  🔒 **⇒ `P2` 於三個讀法下之結論一致者**：三讀法皆 🔴 **不成立**

【F／A-4】排程素材：換圖 `V6_1` 之依賴（⛔ 不換圖·⛔ 不重烤·⛔ 不載入）
--------------------------------------------------------------------------------------------------------------------------------------------------------------------------------------------------------
  data/V6.dxf      工作區存在 True   bytes 88341      HEAD blob bytes 88341
  data/V6_1.dxf    工作區存在 True   bytes 88453      HEAD blob bytes 88453
  🔒 `rv.V6DXF` 現用 ＝ data/V6.dxf

  **35 宗之違反判定所依賴之幾何量清單**（🔒 逐項標明來源）
  幾何量              於本判定中之用途（逐字）                                   來源是否 DXF    
  FRONTLINE        `o`＝p1、`d_hat`＝推進方向；`s_of` 之定序軸                **是**       
  BASELINE         `bpt`／`bdir`；`B_prev`／`B⊥` 之所在                 **是**       
  SIDELINE         第 2 宗之甲乙判別（`K-9-9 二` 逐字）                       **是**       
  ALLOCLINE        第 3 宗以後之遠側界方向（`K-9-9 一`）                       **是**       
  各宗 G 值           決定遠側界之**位置** ⇒ `P_cur`／`B_cur`                 ⚠️ **間接**（G 之分母含幾何面積·幾何面積來自 DXF∩BLOCK）
  BLOCK            街廓多邊形；幾何面積、弦區間之邊集                              **是**       
  POPULATION=6 PRINTED=6 SUPPRESSED=0  # A-4 依賴清單（全列）
  🔒 **`P6` 之判**：清單中來源為 DXF 者 ＝ **5 ／ 6** ⇒ ✅ **≥ 1 ⇒ 換圖後 35 宗必然須重算**（`P6` 成立）
  ⛔ **本項⛔ 不預測數值**——換圖後之違反宗數／面積**未量**（⛔ 不換圖）。
  🔒 **本項之用途逐字**：供 KL 決定「先落地 `K-9-9`」抑或「先重烤換圖」，⛔ 非本單之結論。

【G／P7】`run_all` 清單筆數之**第九法**（🔒 版本歷史淨增法·⛔ 與八法不同族）
--------------------------------------------------------------------------------------------------------------------------------------------------------------------------------------------------------
  母體 ＝ `git log -p --follow -- verify/run_all.py` 之**逐行增刪**
  首版（樣式錨在**行首** `^\+\s*\("`）：新增 **15**／刪除 **1** ⇒ **淨 ＝ 14**
  🔒 **更正後**（樣式**行內** `^\+.*?\("`·節 97）：新增 **17**／刪除 **2** ⇒ **淨 ＝ 15**
  更正後之逐名計數（全列）：
     fixture_baseline_candidates.py         +1
     fixture_block_depth_n19p.py            +1
     fixture_cad_binding_order.py           +1
     fixture_corner_range_k8.py             +1
     fixture_e2e_termination.py             +1
     fixture_end_fallback.py                +1
     fixture_end_reserve.py                 +2  −1
     fixture_end_winner.py                  +2  −1
     fixture_g3_static_guards.py            +1
     fixture_midlayer_6items.py             +1
     fixture_n14_feed_chain.py              +1
     fixture_n14_min_width.py               +1
     fixture_wf_ns_wiring.py                +1
     fixture_yi_construction.py             +1
     tools/wg973_gb_integrity.py            +1
  POPULATION=15 PRINTED=15 SUPPRESSED=0  # 第九法之逐名（全列·更正後）
  🩸 **首版所漏者逐項具名** ＝ ['fixture_cad_binding_order.py']（其新增行與 `for` 敘述同行 ⇒ 行首錨落空）
  ⇒ **第九法（更正後）＝ 15**（施工單 `P7` 期望 **15**）⇒ ✅ 相符
     🔒 **裸值（首版·⛔ 不以更正值取代）＝ 14**
  🔒 **本法獨有之可見物**：曾被**刪除**之項 ＝ ['fixture_end_reserve.py', 'fixture_end_winner.py']（八法皆看不見）
