
================================================================================================================
【W-G.9-99 補正③ v2】代理鍵之射程（⛔ 零生產碼·🔒 實跑管線·⛔ 不讀任何 log）
================================================================================================================
  基座（log 檔名所綁）＝ **84bb7a6**
  HEAD ＝ 84bb7a6c3cbea9f26f175cdc2ea47039ec2e3640；`app.py` blob ＝ a9e5671d64d254907a0396f898f046d9d85e8283
  🔒 **資料源 ＝ 本次執行之捕獲**；⛔ 未 import `probe_WG999c_true_chain.py`、⛔ 未解析其 log。
  🔒 **預測值出處 ＝ 施工單 `W-G.9-99 補正③ v2` `§2-2`**（⛔ 非本檔現跑回填）。

================================================================================================================
【§一】驅動與捕獲（`P-1`〜`P-5`）
================================================================================================================
  執行期層疊之還原：`ns['_solve_G_one'] is 原物` ＝ **True**（`finally` 還原·逐位比對）
  `P-1`　捕獲次數：✅ 實得 124 ｜ 預測 124
  `P-2`　名稱解析失敗 ＝ **0**（預測 `0`）；caller `blk_label` ＝ 驅動迴圈標籤 ＝ **124／124**（預測 `124／124`）
        `f_back` 上溯深度分佈 ＝ {2: 124}（上限 6 層）
  `P-3`　kwarg 鍵數：✅ 實得 19 ｜ 預測 19　鍵集相同 ＝ True
        A B C F S_max W_prev a_m2 allocation_dir avg_depth baseline_pt blk_poly d_hat is_corner l_front l_side near_dir side side_mid tab6_burden
  `P-4`　每街廓捕獲：✅ 實得 {'R1': 10, 'R2': 30, 'R4': 4, 'R6': 28, 'R5': 24, 'R3': 28} ｜ 預測 {'R1': 10, 'R2': 30, 'R4': 4, 'R6': 28, 'R5': 24, 'R3': 28}
  `P-5`　`raise`（`try/except` 收·逐項全列）：
        `R2`：街廓 R2 抵費地計算失敗：🔴 ②-宗 圍堵閘破[R2]：宗-宗重疊 = 45.9766 > 上界 3.1129（(宗數15−1)×0.005×深度44.47）——**超出捨入量子可解釋範圍＝另有病**，停
        `R4`：🔴 結構閘 理論＝實跑 破：街廓 R4 right 側 理論@k*=87.83 ≠ 實跑(階段1)=85.42（Δ=2.415 >0.1）｜參考 ΣΔ_i=+0.000（**⛔ 未用於本式**·實測反證見碼註）｜逐界面：[Δ_i·R4·right] （無界面）
        `R5`：街廓 R5 抵費地計算失敗：🔴 ②-宗 圍堵閘破[R5]：宗-宗重疊 = 56.3293 > 上界 2.5141（(宗數12−1)×0.005×深度45.71）——**超出捨入量子可解釋範圍＝另有病**，停
        POPULATION=3 PRINTED=3 SUPPRESSED=0  # raise（全列）

================================================================================================================
【§二】真鏈之還原 ＋ **二口徑具名**（`P-6`〜`P-8`）
================================================================================================================
  `P-6`　甲（接不上起鏈者**計入**）母體／多元素／singleton／末趟：✅ 實得 (73, 14, 59, 6) ｜ 預測 (73, 14, 59, 6)
  　　　乙（**不計入**）母體／多元素／singleton／末趟：✅ 實得 (67, 12, 55, 5) ｜ 預測 (67, 12, 55, 5)
  `P-7`　接不上（`seq`）：✅ 實得 [53, 54, 55, 67, 68, 69] ｜ 預測 [53, 54, 55, 67, 68, 69]　街廓 ＝ ['R6']
  　　　強制起鏈者（組數／多元素／singleton）：✅ 實得 (6, [(55, 57), (69, 71)], [53, 54, 67, 68]) ｜ 預測 (6, [(55, 57), (69, 71)], [53, 54, 67, 68])
  `P-8`　多元素鏈 **14** 組（⛔ 全列·二鍵之末趟旗標並陳）：
        街廓   n    seq         精確鍵       代理鍵       起因
        R1   3    0–2         前趟        前趟        `W_prev`＝0
        R1   2    3–4         前趟        前趟        `W_prev`＝0
        R1   2    5–6         **末趟**    **末趟**    `W_prev`＝0
        R1   3    7–9         **末趟**    **末趟**    `W_prev`＝0
        R2   8    10–17       前趟        前趟        `W_prev`＝0
        R2   8    25–32       **末趟**    **末趟**    `W_prev`＝0
        R6   3    50–52       前趟        前趟        `W_prev`＝0
        R6   3    55–57       前趟        前趟        接不上
        R6   3    64–66       前趟        前趟        `W_prev`＝0
        R6   3    69–71       **末趟**    **末趟**    接不上
        R5   6    72–77       前趟        前趟        `W_prev`＝0
        R5   7    84–90       **末趟**    **末趟**    `W_prev`＝0
        R3   7    103–109     前趟        前趟        `W_prev`＝0
        R3   7    117–123     **末趟**    前趟        `W_prev`＝0
        POPULATION=14 PRINTED=14 SUPPRESSED=0  # 多元素鏈（全列）

================================================================================================================
【§三】更正一之被檢物：`R3` 四宗（`P-9`）——代理鍵之 `8` 次實為**四宗各二次**
================================================================================================================
  代理鍵歧義（一鍵 > 1 真名·逐項具名）：
        `R3` a_m2=114.00 ⇒ 628-28(1)／628-29(1)
        `R3` a_m2=246.00 ⇒ 628-47(1)／628-48(1)
        宗              a_m2       G 逐次                       相異值數
        `628-28(1)`    114.00     63.53, 63.53               1
        `628-29(1)`    114.00     63.73, 63.73               1
        `628-47(1)`    246.00     143.39, 143.39             1
        `628-48(1)`    246.00     143.40, 143.40             1
  `P-9`　四宗之相異值數**各 `1`** ＝ True ⇒ ✅
  ⛔ **會使本判為否之輸入**：該四宗中任一宗其逐次 `G` 之相異值數 `> 1`。

================================================================================================================
【§四】🔒 判別力對照**甲**（跨次 `G` 相異·同一批捕獲·**只換鍵**）（`P-10`）
================================================================================================================
  鍵母體（精確／代理）：✅ 實得 (59, 57) ｜ 預測 (59, 57)　差 ＝ 2 ＝ 代理鍵歧義組數 2 ⇒ 歸因閉合 ＝ True
  `P-10` 精確鍵之跨次 `G` 相異：✅ 實得 {('R6', '628-53(1)'), ('R5', '628-21(2)'), ('R1', '628-36(1)')} ｜ 預測 {('R6', '628-53(1)'), ('R1', '628-36(1)'), ('R5', '628-21(2)')}
  　　　 代理鍵之跨次 `G` 相異：✅ 實得 5 ｜ 預測 5　＝ [('R1', 947.97), ('R3', 114.0), ('R3', 246.0), ('R5', 806.84), ('R6', 0.44)]
  　　　 併呈：代理**名**（歧義⇒`None`）之組數 ＝ **4**（＝ `補正②` 所載之 `4`·係把代理鍵之 `R3` **二**組併寫為**一**列）
  🔒 **擾動量 ＝ 2 組**（代理 5 − 精確 3）

================================================================================================================
【§五】🔒 判別力對照**乙**（末趟·甲口徑·同一 `is_final_chain` 定式·只換鍵）（`P-11`）
================================================================================================================
  精確鍵末趟集（`街廓, 首 seq, 末 seq`）：✅ 實得 [('R1', 5, 6), ('R1', 7, 9), ('R2', 25, 32), ('R3', 117, 123), ('R5', 84, 90), ('R6', 69, 71)] ｜ 預測 [('R1', 5, 6), ('R1', 7, 9), ('R2', 25, 32), ('R3', 117, 123), ('R5', 84, 90), ('R6', 69, 71)]
  代理鍵末趟集：✅ 實得 [('R1', 5, 6), ('R1', 7, 9), ('R2', 25, 32), ('R5', 84, 90), ('R6', 69, 71)] ｜ 預測 [('R1', 5, 6), ('R1', 7, 9), ('R2', 25, 32), ('R5', 84, 90), ('R6', 69, 71)]
  🔒 差集（精確 − 代理）＝ [('R3', 117, 123)]；**擾動量 ＝ 1 組**
  🔒 **機制（逐字）**：`is_final_chain` 之判準 ＝ `it["seq"] == lastseq[(lbl, name)]`；代理鍵於 `R3` 四宗皆解為 `None` ⇒ `lastseq[("R3", None)]` 取全體 `None` 之最大 `seq`
        ⇒ `R3` 末趟鏈（`seq 117–123`）含二個 `None` 名 ⇒ **整條鏈被誤判為前趟** ⇒ 末趟由 `6` 降為 `5`。
  ⛔ **會使本判為否之輸入**：以精確鍵重跑而 `(R3, 117, 123)` 仍被判前趟。

================================================================================================================
【§五-2】🔒 對照**丙**：否證「口徑混用」之歸因（`P-12`·自誤 `113`）
================================================================================================================
  「不計接不上」口徑之**精確**末趟集：✅ 實得 [('R1', 5, 6), ('R1', 7, 9), ('R2', 25, 32), ('R3', 117, 123), ('R5', 84, 90)] ｜ 預測 [('R1', 5, 6), ('R1', 7, 9), ('R2', 25, 32), ('R3', 117, 123), ('R5', 84, 90)]
  🔒 二集合之**計數**：代理 ＝ 5／不計接不上 ＝ 5（**同**）；**集合相等 ＝ False**（預測 `False`）
        代理集缺 ＝ [('R3', 117, 123)]；不計接不上集缺 ＝ [('R6', 69, 71)]
  ⇒ **計數同而集合相異** ⇒ 口徑⛔ **非**成因（`自誤 113` 之否證成立）。

================================================================================================================
【§六】🔒 三項核心結果之**不動確認**（`P-13`·⛔ 土地數字）
================================================================================================================
  `R2` 被踢除宗（重推）＝ [('628-42(1)', 3.82), ('628-27(1)', 29.08)]
  `R5` 被踢除宗（重推）＝ [('628-53(2)', 0.99), ('628-45(1)', 51.22)]
  ✅ `R2`：`Σ被踢除G` ＝ 32.9000｜`ΣΔ` ＝ +0.760000（預測 +0.760000）｜**池增量 ＝ 32.1400 ㎡**（預測 32.1400）
  ✅ `R5`：`Σ被踢除G` ＝ 52.2100｜`ΣΔ` ＝ +0.270000（預測 +0.270000）｜**池增量 ＝ 51.9400 ㎡**（預測 51.9400）
  ✅ 合計：`Σ被踢除G` ＝ **85.1100**（預測 85.1100）｜`ΣΔ` ＝ **+1.030000**（預測 +1.030000）｜**池增量 ＝ `84.0800 ㎡`**（預測 84.0800）
  ✅ `R1` 忠實重播 `ΣΔ` ＝ **+0.000000**（預測 +0.000000）
  🔒 出艙稱謂（`VR-054 三`）：池增量 `84.0800 ㎡` 係**依守恆式導出·⛔ 非幾何實量**。

================================================================================================================
【§七】模態斷言之反例搜尋（`P-14`）
================================================================================================================
  `(is_corner, side)` 交叉表：✅ 實得 {(True, '左側'): 8, (False, '無'): 108, (True, '右側'): 8} ｜ 預測 {(True, '左側'): 8, (False, '無'): 108, (True, '右側'): 8}
  ⇒ 反例（`is_corner=False` ∧ `side≠無`）＝ **0**（預測 `0`）

================================================================================================================
【§八】收工：生產檔 hash 前後對拍・`SELF` 自扣・停機逐字
================================================================================================================
  10 支生產檔 `git hash-object` 出艙前後**逐位相同** ＝ **10／10** ⇒ ✅ 零生產碼變更
     app.py                             a9e5671d64d254907a0396f898f046d9d85e8283 ✅
     verify/stepg_pipeline.py           8205e85c5589535b174d7ebecc4f7644225bd164 ✅
     verify/selection_pipeline.py       e7bde44a040b22100ba5a1943150dd3fb32c1158 ✅
     verify/run_verification.py         ae2cb0b549e0ac1eda2f645807fdc6aa11b556ee ✅
     verify/wd4_tier_list.py            cfd8de92c70eb7068a6f0650e33a5f7c71e1523d ✅
     verify/wf_f0.py                    0a96f8fd3968fa90d04e3394fd73e7f5b0994a55 ✅
     verify/wf_f1.py                    a24edfcb7c2f383e529f68782efcbf49439d9e6e ✅
     verify/wf_f2.py                    0a019f9d58e21d4978ae22dc8c5941d4de1bcdc3 ✅
     verify/wf_f3.py                    2ea9b70de537b6f8115a6f5167327cbea715c49e ✅
     verify/wf_f4.py                    1d0c36debb27a2e5ef3f94b6b2cee7403d9ebc76 ✅

  🔒 **`SELF` 自扣**：本批產物 ＝ **5** 檔／段：
     `verify/probes/probe_WG9100_keyscope.py`
     `verify/out/probe_WG9100_keyscope_84bb7a6.log`
     `docs/reports/W-G.9-99_乙之遞補鏈shim.md（【三度更正】段）`
     `docs/驗證裁定登記表.md（`VR-056`）`
     `docs/reports/W-G.9波_claude.ai側自誤登記.md（自誤 `112`／`113`／`114`）`
     ⇒ ⛔ 不在本檔任一母體內（母體皆為捕獲／鏈／宗·⛔ 非檔案母體）。
  🔒 **⛔ 未讀任何既有 log**：本檔之數皆由本次執行之 `_solve_G_one` 捕獲現算。

  ✅ 本檔未觸任一停機條件。
