========================================================================================================================================================
【W-G.9-59】刀鋒之受詞更正：`D_max(r)` ＋ 臨界膨脹 `r*` ＋ 遠側頂點垂距散佈
========================================================================================================================================================
  產生於 commit：9d683f2
  🔒 **⛔ 零生產碼變更**；容納測試一律用 `fits_at`（其 `MITRE` ＝ `join_style=2, mitre_limit=1e7`·⛔ 本檔未改）。

========================================================================================================================================================
【S】自我驗證閘：乙ii 垂寬 ＝ `max(_seg_P0Ps·sinθ, T)`（自輸出頂點量得）＋ 判別力反例
========================================================================================================================================================
  街廓   側             乙ii垂寬(量)          期望           Δ      錯值×1.05    分家?  判
  R1   left       3.658951915    3.658952   -1.33e-10     3.841900      ✅  ✅
  R1   right      3.500000000    3.500000    2.02e-10     3.675000      ✅  ✅
  R2   left       3.544177647    3.544178    1.76e-10     3.721387      ✅  ✅
  R3   right      3.565407553    3.565408    5.21e-11     3.743678      ✅  ✅
  R4   left       3.695466686    3.695467    2.77e-11     3.880240      ✅  ✅
  R4   right      3.543846043    3.543846   -9.56e-11     3.721038      ✅  ✅
  R5   left       3.500000000    3.500000    2.82e-10     3.675000      ✅  ✅
  R6   right      3.500000000    3.500000    8.09e-11     3.675000      ✅  ✅
--------------------------------------------------------------------------------------------------------------------------------------------------------
  ⇒ 閉合檢 ✅ 全過；判別力 ✅ 全過

========================================================================================================================================================
【P2／P3】`D_max(r)`：固定寬 `W`、姿態 `θ*`，逐級**膨脹** `r`（`r < 0`）
========================================================================================================================================================
  🔒 受測 ＝ 二個「不進」之格 ＋ **一個判別力對照格**（`R3/right`·⛔ 不得只量刀鋒格）
  🔒 `θ*` ＝ 側界方向 + 90°（mod π）·**現算**；`D` ＝ 14.0

  街廓   側                 r=0      r=-1e-06      r=-1e-05    r=-3.4e-05      r=-0.001
  R5   left           0.0447       33.3787       33.3787       33.3787       33.3787
  R6   right          0.0000       35.6825       35.6825       35.6825       35.6825
  R3   right         36.5961       36.5961       36.5961       36.5961       36.5961
--------------------------------------------------------------------------------------------------------------------------------------------------------
  🔑 **判別力**：對照格須**全程平緩**、而刀鋒格須**由 ~0 躍升**；下方逐項具名。
     R5/left：r=0 ⇒ 0.0447　→　r=-0.001 ⇒ 33.3787　（躍升倍率 747.2）
     R6/right：r=0 ⇒ 0.0000　→　r=-0.001 ⇒ 35.6825　（躍升倍率 ∞）
     R3/right：r=0 ⇒ 36.5961　→　r=-0.001 ⇒ 36.5961　（躍升倍率 1.0）

========================================================================================================================================================
【P4】臨界膨脹 `r*`（二分·`tol=1e−12`）⇒ **寬度短少 ＝ `2|r*|`**
========================================================================================================================================================
  🔒 膨脹 `r` 使帶寬增 `2r`（兩側各 `r`）⇒ 短少 ＝ `2|r*|`。
  🔒 二分回**上界** ⇒ 「短少 ≤ …」之宣稱**偏保守**。

  🔒 **DXF 量子 `q_detected` ＝ 1e-05**（⛔ 現查·非硬編）

  街廓   側               |r*| 上界          寬度短少 ≤         ／量子       判
  R5   left       7.287599e-08    1.457520e-07      0.0146      刀鋒
  R6   right      4.400590e-08    8.801180e-08      0.0088      刀鋒
  R3   right      0.000000e+00    0.000000e+00      0.0000     恰容納

========================================================================================================================================================
【P5】遠側頂點垂距之散佈（⇒ 該邊是否為乾淨之直邊）
========================================================================================================================================================
  🔒 **「遠側頂點」之定義（⛔ 單未給·本檔自訂並具名）**：垂距 ≥ `max − 0.5` m 之頂點。

  街廓   側           頂點數      遠側頂點數            min            max           散佈
  R5   left          5          3    3.462793359    3.500000000    3.721e-02
  R6   right         5          3    3.390503354    3.500000000    1.095e-01
  R3   right         5          3    3.565407534    3.565407553    1.844e-08
--------------------------------------------------------------------------------------------------------------------------------------------------------
  🔒 **逐頂點之全部垂距（⛔ 不概括·失敗考古節 88）**：
     R5/left：3.500000000／3.500000000／3.462793359／0.000000417／0.000000000
     R6/right：3.500000000／3.500000000／3.390503354／0.000000249／0.000000000
     R3/right：3.565407553／3.565407553／3.565407534／0.000001190／0.000000000
========================================================================================================================================================
