================================================================================================================
【K-8 前置 B】SIDE_LINE↔街廓／側別 配對之**驗證**（既有 C-6·非新機制）
================================================================================================================
  可建築街廓 ['R1', 'R2', 'R3', 'R4', 'R5', 'R6']｜SIDE_LINE 實體 8 條（期 8）
    #0 handle=164 len=  44.955 mid=( 310378.158,2651897.072)
    #1 handle=165 len=  44.899 mid=( 310411.424,2651866.876)
    #2 handle=166 len=  43.530 mid=( 310450.086,2651831.780)
    #3 handle=167 len=  33.084 mid=( 310573.017,2651858.035)
    #4 handle=168 len=  33.268 mid=( 310506.138,2651928.674)
    #5 handle=169 len=  33.270 mid=( 310500.614,2651934.508)
    #6 handle=16A len=  33.247 mid=( 310440.335,2651998.174)
    #7 handle=16B len=  43.382 mid=( 310482.262,2651802.572)

【1】重疊率 ＝ `_line_block_overlap`(公尺) ÷ 實體全長（ang 2.0°／perp 1.0m）
----------------------------------------------------------------------------------------------------------------
  塊          #0       #1       #2       #3       #4       #5       #6       #7
  R1      0.0000   0.0000   0.0000   0.0000   0.0000   0.8970   0.8897   0.0000
  R2      0.9212   0.0000   0.0000   0.0000   0.0000   0.0000   0.0000   0.0000
  R3      0.0000   0.9225   0.0000   0.0000   0.0000   0.0000   0.0000   0.0000
  R4      0.0000   0.0000   0.0000   0.8933   0.8884   0.0000   0.0000   0.0000
  R5      0.0000   0.0000   0.9185   0.0000   0.0000   0.0000   0.0000   0.0000
  R6      0.0000   0.0000   0.0000   0.0000   0.0000   0.0000   0.0000   0.9216

【2】歸屬唯一性（停機條件 1 之一）：勝差 ＞ `_BIND_MARGIN_M`（＝ C-6 之判準）
----------------------------------------------------------------------------------------------------------------
  `diagnostics.binding_ambiguity` 之 SIDE_LINE 條目：0（期 0）  ✅
  實體          首名       重疊m      次名       重疊m       勝差m  判
  #0          R2   41.4109      R3  0.000000   41.4109  ✅
  #1          R3   41.4200      R6  0.000000   41.4200  ✅
  #2          R5   39.9825      R6  0.000000   39.9825  ✅
  #3          R4   29.5555      R6  0.000000   29.5555  ✅
  #4          R4   29.5558      R5  0.000000   29.5558  ✅
  #5          R1   29.8429      R6  0.000000   29.8429  ✅
  #6          R1   29.5788      R6  0.000000   29.5788  ✅
  #7          R6   39.9800      R5  0.000000   39.9800  ✅

【3】街角側全覆蓋 ＋ `cad['side_lines_by_side']` 對拍（停機條件 1 之二）
----------------------------------------------------------------------------------------------------------------
  R1 left  → 期 #6（handle=16A）｜mid 差 0.00e+00m  ✅
  R1 right → 期 #5（handle=169）｜mid 差 0.00e+00m  ✅
  R2 left  → 期 #0（handle=164）｜mid 差 0.00e+00m  ✅
  R3 right → 期 #1（handle=165）｜mid 差 0.00e+00m  ✅
  R4 left  → 期 #4（handle=168）｜mid 差 0.00e+00m  ✅
  R4 right → 期 #3（handle=167）｜mid 差 0.00e+00m  ✅
  R5 left  → 期 #2（handle=166）｜mid 差 0.00e+00m  ✅
  R6 right → 期 #7（handle=16B）｜mid 差 0.00e+00m  ✅
  ⇒ 街角側合計 8（期 8）  ✅

【4】重疊率對靶（容差 0.01＝靶之 2dp 粒度）＋ 截角落差
----------------------------------------------------------------------------------------------------------------
  實體    認領            長度       重疊率       靶        Δ     缺口(m)  判
  #0    R2        44.955    0.9212    0.92  +0.0012     3.544  ✅
  #1    R3        44.899    0.9225    0.93  -0.0075     3.479  ✅
  #2    R5        43.530    0.9185    0.92  -0.0015     3.548  ✅
  #3    R4        33.084    0.8933    0.90  -0.0067     3.529  ✅
  #4    R4        33.268    0.8884    0.89  -0.0016     3.712  ✅
  #5    R1        33.270    0.8970    0.90  -0.0030     3.427  ✅
  #6    R1        33.247    0.8897    0.89  -0.0003     3.668  ✅
  #7    R6        43.382    0.9216    0.92  +0.0016     3.401  ✅

  ⇒ 缺口皆為公尺級（非零）＝ SIDE_LINE 畫到**未截角尖角**、BLOCK 邊已截角。
     **SIDE_LINE 實體 ＝ 截角前側界；街廓多邊形邊界 ＝ 截角後側界**（K-8 §三 §2 兩套側界之實證基礎）。

----------------------------------------------------------------------------------------------------------------
RESULT: PASS（8 實體／8 街角側／無共用／app 輸出逐格相符／重疊率對靶）
================================================================================================================
