========================================================================================================================================================================================================
【D-2b-24 commit C】抵費地增加量 ＋ 守恆式逐格重驗 — ⛔ 零生產碼變更
========================================================================================================================================================================================================

【補-2】抵費地面積之逐格增加量（⛔ 靶為事前登記·commit `4aebbfe`）
--------------------------------------------------------------------------------------------------------------------------------------------------------------------------------------------------------
  母體 ＝ 12 格（⛔ 非空）
  情境    街廓          池(校回前)       池(校回後)       實測增加          靶          差   判
--------------------------------------------------------------------------------------------------------------------------------------------------------------------------------------------------------
  0m    R1       1175.4937    1175.4983     0.0046     0.0046  -0.000025   ✅
  0m    R2   1846.0134979671755         None          —     0.0000          —   🔴 **不可得**（RuntimeError: 🔴 ②-宗 圍堵閘破[R2]：宗-宗重疊 = 45.9766 > 上界 3.1129（(宗數
  0m    R4       1169.8516    1228.3308    58.4792    58.4792  +0.000017   ✅
  0m    R6       1628.7003    1628.7003     0.0000     0.0000  +0.000000   ✅
  0m    R5   1823.305030280916         None          —     0.0000          —   🔴 **不可得**（RuntimeError: 🔴 ②-宗 圍堵閘破[R5]：宗-宗重疊 = 56.3293 > 上界 2.5141（(宗數
  0m    R3       1795.1749    1795.1749     0.0000     0.0001  -0.000100   ✅
  3.5m  R1       1169.7082    1175.0963     5.3881     5.3881  +0.000010   ✅
  3.5m  R2       1779.4176    1779.4176     0.0000     0.0000  +0.000000   ✅
  3.5m  R4       1169.8516    1228.3308    58.4792    58.4792  +0.000017   ✅
  3.5m  R6       1628.7003    1628.7003     0.0000     0.0000  +0.000000   ✅
  3.5m  R5       1743.1434    1743.1434     0.0000     0.0000  +0.000000   ✅
  3.5m  R3       1792.0805    1792.0805     0.0000     0.0000  +0.000000   ✅

  🔑 判準：|實測增加 − 靶| ≤ 5e-4（＝靶之列印精度 4dp 之半量子·⛔ 非新訂閘寬）
  🔴 不符／不可得 ＝ 2 格：[('0m', 'R2', '不可得'), ('0m', 'R5', '不可得')]

【補-3】守恆式逐格重驗：校回後 `|ΣG ＋ 池幾何 − 街廓|` 化為 `|ΣG − Σ宗幾何|`
--------------------------------------------------------------------------------------------------------------------------------------------------------------------------------------------------------
  容差取自生產 `ns["_acct_geom_tol_block"]`（⛔ 不新訂、⛔ 不調整）
  情境    街廓      宗數           ΣG         Σ宗幾何        |差|         容差   判
--------------------------------------------------------------------------------------------------------------------------------------------------------------------------------------------------------
  0m    R1       5    1718.0600    1718.0547     0.0053     0.0750   ✅
  0m    R2      15    2568.5900    2568.5664     0.0236     0.2250   ✅
  0m    R4       2    1979.5300    1979.5357     0.0057     0.0300   ✅
  0m    R6      11    2123.4100    2347.6033   224.1933     0.1650   🔴 **破 ⇒ 停機上呈**
  0m    R5      12    2383.2400    2383.2391     0.0009     0.1800   ✅
  0m    R3      14    2411.6700    2411.6246     0.0454     0.2100   ✅
  3.5m  R1       5    1718.4400    1718.4568     0.0168     0.0750   ✅
  3.5m  R2      15    2589.1800    2589.1857     0.0057     0.2250   ✅
  3.5m  R4       2    1979.5300    1979.5357     0.0057     0.0300   ✅
  3.5m  R6      11    2123.4100    2347.6033   224.1933     0.1650   🔴 **破 ⇒ 停機上呈**
  3.5m  R5      12    2407.1100    2407.0715     0.0385     0.1800   ✅
  3.5m  R3      14    2414.7500    2414.7190     0.0310     0.2100   ✅

  ⚠️ **ΣG 之取法**：自 `_solve_G_one` 回傳逐宗累加，取**末 n 筆**（n ＝ 傳入池之宗數）
     ——⛔ 這是**近似之對齊**（推進跑多趟），若與 `Σ宗幾何` 之差異常大，
     **應先疑本取法、⛔ 不得逕判守恆破**。真守恆閘在生產路徑內、由 `run_all` 把關。
  🔴 破 ＝ 2 格：[('0m', 'R6', 224.1933, 0.165), ('3.5m', 'R6', 224.1933, 0.165)]

  🔒 **`①' 覆蓋閘` 之 `0` 自 D-2b-24 起<u>構造恆真</u>·⛔ 非證據**——本檔未引用之。
