==============================================================================================================================================================================================
【D-1 §B-4】與凍存期望表逐格對帳（欄 ＝ **F改正×舊門檻**）— ⛔ 不得修改凍存表
==============================================================================================================================================================================================
  凍存表來源：`docs\reports\W-G.8_D_期望影響表_凍存.md`
  🔒 解析框 ＝ §二 四象限表（檔內第 24〜69 行·⛔ 已排除 §三 帳目表）
  讀入 **41** 候選列（框內重複鍵 **0** ⇒ 應為 0）

【A】逐候選對帳（**凍存 vs 現況**·⛔ 三欄皆比：真G／門檻／達標含★）
----------------------------------------------------------------------------------------------------------------------------------------------------------------------------------------------
情境    街廓/側        候選           凍存(F改正×舊門檻)               現況(切換後)                     判
----------------------------------------------------------------------------------------------------------------------------------------------------------------------------------------------
0m    R1/left     628-35(2)    584.91／114.71／達標          584.91／114.71／達標            ✅
0m    R1/left     628-36(1)    576.44／114.71／達標          576.44／114.71／達標            ✅
0m    R1/left     628-37(1)    208.72／114.71／達標★         208.72／114.71／達標★           ✅
0m    R1/right    628(5)       228.42／116.84／達標★         228.42／116.84／達標★           ✅
0m    R2/left     628-27(1)    24.98／227.11／未達           24.98／227.11／未達             ✅
0m    R2/left     628-40(1)    283.61／227.11／達標★         283.61／227.11／達標★           ✅
0m    R2/left     628-41(1)    173.16／227.11／未達          173.16／227.11／未達            ✅
0m    R2/left     628-42(1)    3.45／227.11／未達            3.45／227.11／未達              ✅
0m    R3/right    628-27(2)    25.51／226.69／未達           25.51／226.69／未達             ✅
0m    R3/right    628-28(1)    62.40／226.69／未達           62.40／226.69／未達             ✅
0m    R3/right    628-42(2)    84.11／226.69／未達           84.11／226.69／未達             ✅
0m    R3/right    628-45(2)    199.73／226.69／未達          199.73／226.69／未達            ✅
0m    R4/left     628(1)       1521.05／135.19／達標★        1521.05／135.19／達標★          ✅
0m    R4/right    628-1(1)     457.76／137.00／達標★         457.76／137.00／達標★           ✅
0m    R5/left     628-18(2)    202.78／217.97／未達          202.78／217.97／未達            ✅
0m    R5/left     628-45(1)    44.12／217.97／未達           44.12／217.97／未達             ✅
0m    R5/left     628-53(2)    0.65／217.97／未達            0.65／217.97／未達              ✅
0m    R5/left     628-7(2)     233.57／217.97／達標★         233.57／217.97／達標★           ✅
0m    R6/right    628-18(1)    307.79／145.88／達標★         307.79／145.88／達標★           ✅
0m    R6/right    628-38(1)    111.64／145.88／未達          111.64／145.88／未達            ✅
3.5m  R1/left     628-35(2)    584.91／230.81／達標          584.91／230.81／達標            ✅
3.5m  R1/left     628-36(1)    576.44／230.81／達標★         576.44／230.81／達標★           ✅
3.5m  R1/left     628-37(1)    208.72／230.81／未達          208.72／230.81／未達            ✅
3.5m  R1/right    628(5)       228.42／232.79／未達          228.42／232.79／未達            ✅
3.5m  R2/left     628-27(1)    24.98／384.15／未達           24.98／384.15／未達             ✅
3.5m  R2/left     628-40(1)    283.61／384.15／未達          283.61／384.15／未達            ✅
3.5m  R2/left     628-41(1)    173.16／384.15／未達          173.16／384.15／未達            ✅
3.5m  R2/left     628-42(1)    3.45／384.15／未達            3.45／384.15／未達              ✅
3.5m  R3/right    628-27(2)    25.51／383.67／未達           25.51／383.67／未達             ✅
3.5m  R3/right    628-28(1)    62.40／383.67／未達           62.40／383.67／未達             ✅
3.5m  R3/right    628-29(1)    62.40／383.67／未達           62.40／383.67／未達             ✅
3.5m  R3/right    628-42(2)    84.11／383.67／未達           84.11／383.67／未達             ✅
3.5m  R3/right    628-45(2)    199.73／383.67／未達          199.73／383.67／未達            ✅
3.5m  R4/left     628(1)       1521.05／251.12／達標★        1521.05／251.12／達標★          ✅
3.5m  R4/right    628-1(1)     457.76／252.86／達標★         457.76／252.86／達標★           ✅
3.5m  R5/left     628-18(2)    202.78／371.17／未達          202.78／371.17／未達            ✅
3.5m  R5/left     628-45(1)    44.12／371.17／未達           44.12／371.17／未達             ✅
3.5m  R5/left     628-53(2)    0.65／371.17／未達            0.65／371.17／未達              ✅
3.5m  R5/left     628-7(2)     233.57／371.17／未達          233.57／371.17／未達            ✅
3.5m  R6/right    628-18(1)    307.79／298.14／達標★         307.79／298.14／達標★           ✅
3.5m  R6/right    628-38(1)    111.64／298.14／未達          111.64／298.14／未達            ✅
----------------------------------------------------------------------------------------------------------------------------------------------------------------------------------------------
  ⇒ 相符 **41**／不符 **0**（母體 ＝ 凍存 ∪ 現況 之聯集 41 列）

【B】判定
----------------------------------------------------------------------------------------------------------------------------------------------------------------------------------------------
  ✅ **逐格全符** ⇒ D-1 之實跑與凍存期望表之 `F改正×舊門檻` 欄**一致**。
  ⇒ **未觸發** §B-4 之停機條件。
  ⛔ **凍存表本檔全程唯讀**——未寫入、未改動（本檔僅 `io.open(..., 'r')`）。
