========================================================================================================================
【K-9-6／K-9-7 街角幾何實測】**只量不判·不設門檻·不出合格/不合格**
🔴 **前版數字已全部作廢**（帶深誤用畸零地附表之 14.00·正典 K-9-6）——本檔為改寫版，勿引前版任何寬度數字。
DXF ＝ data\V6_1.dxf（**平行對照**·非生產路徑）   md5 ＝ 8d18f8577ae734ed84364fab37eae208
========================================================================================================================
街角側共 8 個：R1/left、R1/right、R2/left、R3/right、R4/left、R4/right、R5/left、R6/right

【B】【C】斜率與 K-9-7 分支（**以擾動 app 函式輸入取得·非另寫算式**）
------------------------------------------------------------------------------------------------------------------------
  街廓側            c=∂w/∂t    c線性    k=∂w/∂d   m=-∂D/∂t    m線性     分支  說明
  R1/left      -1.003270      ✅   0.000000   7.338257      🔴      ①  k ≥ 0（帶深不影響 t* ⇒ 寬度 min 恆在 d=0）·D(t) 三點 29.5051/33.1623/33.1621·m2=-0.000413
  R1/right      1.003270      ✅   0.000000  -0.000000      ✅      ①  k ≥ 0（帶深不影響 t* ⇒ 寬度 min 恆在 d=0）·D(t) 三點 33.1294/33.1294/33.1294·m2=-0.000000
  R2/left       1.002499      ✅  -0.075547   0.009750      ✅      ③  k < 0（帶深影響 t*·Δτ/ΔD=+0.075358）·D(t) 三點 44.8876/44.8827/44.8779·m2=+0.009750
  R3/right      1.004284      ✅   0.000000  -6.890189      🔴      ①  k ≥ 0（帶深不影響 t* ⇒ 寬度 min 恆在 d=0）·D(t) 三點 41.4195/44.8499/44.8439·m2=+0.012109
  R4/left       1.001027      ✅  -0.047598   0.000266      ✅      ③  k < 0（帶深影響 t*·Δτ/ΔD=+0.047549）·D(t) 三點 33.1240/33.1239/33.1237·m2=+0.000266
  R4/right     -1.001027      ✅  -0.050087   0.000000      ✅      ②  k < 0（帶深影響 t*·Δτ/ΔD=-0.050035）·D(t) 三點 33.1000/33.1000/33.1000·m2=+0.000000
  R5/left       1.004284      ✅  -0.075610  -0.000000      ✅      ②  k < 0（帶深影響 t*·Δτ/ΔD=+0.075287）·D(t) 三點 43.6744/43.6744/43.6744·m2=-0.000000
  R6/right     -1.003245      ✅   0.000000   0.000000      ✅      ①  k ≥ 0（帶深不影響 t* ⇒ 寬度 min 恆在 d=0）·D(t) 三點 43.5317/43.5317/43.5317·m2=+0.000000

【前緣偏移】**街角規定範圍多邊形自身**之前緣側極值 t（退縮 0m）
------------------------------------------------------------------------------------------------------------------------
  🔴 **勿誤讀為『圖面落差』**（段六更正·原 GB-15 之誤歸因）：
     本欄係該**範圍多邊形自身**之前緣側極值。退縮 0m 時該範圍可能**整個落在
     截角區內**，其極值遂落在**截角邊**上——此與圖面畫得準不準**無關**。
     實證：本欄與『不扣截角』之值**逐格相同**（故非扣截角所致），
     且同一街角於退縮 3.5m 時回到 ~1e-5（範圍夠大、已越過截角）。
     **真正之圖面落差**＝各街廓多邊形本身 vs FRONT_LINE，
     見 `verify/tools/verify_dxf_v6_1.py` 之【5b】（V6_1 全區 ≤ 7.6e-6m）。
  街廓側               前緣偏移(m)        有平行FRONT之邊
  R1/left         -0.166141               ✅ 有
  R1/right        -0.000000               ✅ 有
  R2/left         -0.000004               ✅ 有
  R3/right        -0.059879          🔴 無（不平行）
  R4/left         +0.000004               ✅ 有
  R4/right        +0.000006               ✅ 有
  R5/left         +0.000000               ✅ 有
  R6/right        -0.000006               ✅ 有

【A】【D】[0m] 自身最小深度 與 據之重量之最小寬度（**舊帶深 14.00 併列以顯落差**）
------------------------------------------------------------------------------------------------------------------------
  街廓        側          街角第1宗      範圍深       宗深     附表深       前·新       後·新     前·舊14     後·舊14
  R1     left      628-37(1)  29.5051  33.1612   14.00   —（非邊接合）    2.8261   —（非邊接合）    2.8261
  R1    right         628(5)  33.1294  33.1294   14.00    0.7855    0.7855    6.8469    3.4643
  R2     left      628-40(1)  44.8876  44.8750   14.00    4.7590    4.6051    7.0916    4.6051
  R3    right     —（強制留設抵費地）  41.4195        —   14.00         —         —         —         —
  R4     left         628(1)  33.1240  33.1129   14.00   43.8629   43.2113   46.2564   43.2113
  R4    right       628-1(1)  33.1000  33.1000   14.00    9.8102    9.8102   14.1460   11.3032
  R5     left       628-7(2)  43.6744  43.6744   14.00    0.6706    0.6706    6.0869    3.6833
  R6    right      628-18(1)  43.5317  43.5317   14.00    1.3999    1.3999    7.2212    3.8197

【A】【D】[3.5m] 自身最小深度 與 據之重量之最小寬度（**舊帶深 14.00 併列以顯落差**）
------------------------------------------------------------------------------------------------------------------------
  街廓        側          街角第1宗      範圍深       宗深     附表深       前·新       後·新     前·舊14     後·舊14
  R1     left      628-36(1)  33.1610  33.1567   14.00   —（非邊接合）   13.9164   —（非邊接合）   13.9164
  R1    right         628(5)  33.1294  33.1294   14.00    0.7856    0.7856    6.8470    3.4644
  R2     left     —（強制留設抵費地）  44.8535        —   14.00         —         —         —         —
  R3    right     —（強制留設抵費地）  44.8137        —   14.00         —         —         —         —
  R4     left         628(1)  33.1231  33.1129   14.00   43.8629   43.2113   46.2564   43.2113
  R4    right       628-1(1)  33.1000  33.1000   14.00    9.8102    9.8102   14.1460   11.3032
  R5     left     —（強制留設抵費地）  43.6744        —   14.00         —         —         —         —
  R6    right      628-18(1)  43.5317  43.5317   14.00    1.3999    1.3999    7.2212    3.8197

【E】包含關係查核：`街角規定範圍 ⊆ 街角第 1 宗`？
------------------------------------------------------------------------------------------------------------------------
  （KL 推論：兩者皆為「街廓 ∩ 平行 ALLOC 半平面」⇒ G ≥ 範圍面積 應蘊含包含關係）
  0m   R1    left      628-37(1)  🔴 不成立·範圍−宗 溢出 5.325538㎡
  0m   R1   right         628(5)  ✅ 成立·範圍−宗 溢出 0.000000㎡
  0m   R2    left      628-40(1)  ✅ 成立·範圍−宗 溢出 0.000000㎡
  0m   R4    left         628(1)  ✅ 成立（噪訊 1.77e-10㎡ ≤ 法定粒度）·範圍−宗 溢出 0.000000㎡
  0m   R4   right       628-1(1)  ✅ 成立（噪訊 3.41e-11㎡ ≤ 法定粒度）·範圍−宗 溢出 0.000000㎡
  0m   R5    left       628-7(2)  ✅ 成立（噪訊 7.64e-11㎡ ≤ 法定粒度）·範圍−宗 溢出 0.000000㎡
  0m   R6   right      628-18(1)  ✅ 成立（噪訊 3.20e-09㎡ ≤ 法定粒度）·範圍−宗 溢出 0.000000㎡
  3.5m R1    left      628-36(1)  🔴 不成立·範圍−宗 溢出 5.325538㎡
  3.5m R1   right         628(5)  🔴 不成立·範圍−宗 溢出 5.067860㎡
  3.5m R4    left         628(1)  ✅ 成立·範圍−宗 溢出 0.000000㎡
  3.5m R4   right       628-1(1)  ✅ 成立（噪訊 3.64e-10㎡ ≤ 法定粒度）·範圍−宗 溢出 0.000000㎡
  3.5m R6   right      628-18(1)  ✅ 成立（噪訊 3.35e-09㎡ ≤ 法定粒度）·範圍−宗 溢出 0.000000㎡

【F】截角接合實距（頂點↔頂點 min）＋ **局部框重測**（E-10 同族）
------------------------------------------------------------------------------------------------------------------------
  ⚠️ KL 圖示：R1 左 連得起來、R4 右 連不起來。前版兩者皆判「點接合」。
  0m   R1    left      628-37(1)  點接合（Point）                   絕對框   0.000e+00  局部框   0.000e+00
  0m   R1   right         628(5)  邊接合（LineString）              絕對框   0.000e+00  局部框   0.000e+00
  0m   R2    left      628-40(1)  邊接合（LineString）              絕對框   0.000e+00  局部框   0.000e+00
  0m   R4    left         628(1)  邊接合（LineString）              絕對框   0.000e+00  局部框   0.000e+00
  0m   R4   right       628-1(1)  邊接合（LineString）              絕對框   0.000e+00  局部框   0.000e+00
  0m   R5    left       628-7(2)  邊接合（LineString）              絕對框   0.000e+00  局部框   0.000e+00
  0m   R6   right      628-18(1)  邊接合（LineString）              絕對框   0.000e+00  局部框   0.000e+00
  3.5m R1    left      628-36(1)  點接合（Point）                   絕對框   0.000e+00  局部框   0.000e+00
  3.5m R1   right         628(5)  邊接合（LineString）              絕對框   0.000e+00  局部框   0.000e+00
  3.5m R4    left         628(1)  邊接合（LineString）              絕對框   0.000e+00  局部框   0.000e+00
  3.5m R4   right       628-1(1)  邊接合（LineString）              絕對框   0.000e+00  局部框   0.000e+00
  3.5m R6   right      628-18(1)  邊接合（LineString）              絕對框   0.000e+00  局部框   0.000e+00

【F-2】**點接合**者之接觸組態（局部框 (s,t)·s 沿 FRONT／t 為 FRONT 法向）
------------------------------------------------------------------------------------------------------------------------
  假說「R1 左係次微米級座標不合之假點接合」⇒ 由上表 **絕對框／局部框皆 0.000e+00**
  （＝**頂點完全重合**、非近似）**否證**。以下列出接觸點與兩多邊形之局部座標。
  R1/left 628-37(1)（情境 0m）  接觸點 (s,t)＝(3.6681981208660774, -1.4515095470013506e-06)
      截角三角形頂點 (s,t)：[(0.2603, -3.6587), (3.6682, -0.0), (0.0, 0.0)]
      宗之最靠前緣三頂點 (s,t)：[(6.4943, -0.0), (3.6682, -0.0), (0.2932, -3.6233)]
  R1/left 628-36(1)（情境 3.5m）  接觸點 (s,t)＝(3.6681981208660774, -1.4515095470013506e-06)
      截角三角形頂點 (s,t)：[(0.2603, -3.6587), (3.6682, -0.0), (0.0, 0.0)]
      宗之最靠前緣三頂點 (s,t)：[(17.5846, -0.0), (3.6682, -0.0), (0.2932, -3.6233)]

【G】`628-1(1)` 之 `−1.4826e-2m` 溯源：CAD 圖面既有？抑或程式產生？
------------------------------------------------------------------------------------------------------------------------
  ① **街廓 R4 多邊形**（`cb_by['R4']['vertices']`·W-A.3 方案B **直讀** DXF BLOCK 閉合多邊形）
     其 t 最大之頂點 ＝ (310582.658400, 2651871.934270)，t ＝ **+0.000006m**
  ② **宗 `628-1(1)` 之 cut_coords** t 最大之頂點 ＝ (310582.658400, 2651871.934270)，t ＝ **+0.000006m**
  ③ **①②兩頂點之距離 ＝ 0.000e+00 m**（＝同一點）
  ④ **原始 `data\V6_1.dxf` BLOCK 圖層**距該頂點最近之點 ＝ (310582.658400, 2651871.934270)，距離 **0.000e+00 m**（entity handle 178）
  ⇒ **結論：CAD 圖面既有**——該偏移**非程式產生**，係 BLOCK 圖層之頂點本身即位於 FRONT_LINE 外側 +0.000006m。

【診斷】各多邊形之臨街段兩端垂距（(A) 之原始讀數·線性 ⇒ 只取兩端）
------------------------------------------------------------------------------------------------------------------------
  0m   R1    left  範圍：兩端 29.5051／32.9963·臨街段長 3.2532m·前緣偏移 -0.166141m·⚠️ 前緣邊不平行 FRONT（退為 t 最大之兩點）
                   宗　：兩端 33.1624／33.1612·臨街段長 2.8261m·前緣偏移 -0.000001m
  0m   R1   right  範圍：兩端 33.1294／33.1294·臨街段長 0.1174m·前緣偏移 -0.000000m
                   宗　：兩端 33.1308／33.1294·臨街段長 3.4643m·前緣偏移 -0.000000m
  0m   R2    left  範圍：兩端 44.9198／44.8876·臨街段長 3.3153m·前緣偏移 -0.000004m
                   宗　：兩端 44.9198／44.8750·臨街段長 4.6051m·前緣偏移 -0.000004m
  0m   R4    left  範圍：兩端 33.1244／33.1240·臨街段長 1.3645m·前緣偏移 +0.000004m
                   宗　：兩端 33.1244／33.1129·臨街段長 43.2113m·前緣偏移 +0.000005m
  0m   R4   right  範圍：兩端 33.1004／33.1000·臨街段長 1.6144m·前緣偏移 +0.000006m
                   宗　：兩端 33.1030／33.1000·臨街段長 11.3032m·前緣偏移 +0.000006m
  0m   R5    left  範圍：兩端 43.6744／43.8397·臨街段長 3.4928m·前緣偏移 +0.000000m
                   宗　：兩端 43.6744／43.8487·臨街段長 3.6833m·前緣偏移 +0.000000m
  0m   R6   right  範圍：兩端 43.5366／43.5317·臨街段長 0.0985m·前緣偏移 -0.000006m
                   宗　：兩端 43.7228／43.5317·臨街段長 3.8197m·前緣偏移 -0.000005m
  3.5m R1    left  範圍：兩端 33.1624／33.1610·臨街段長 3.3318m·前緣偏移 -0.000001m
                   宗　：兩端 33.1624／33.1567·臨街段長 13.9164m·前緣偏移 -0.000001m
  3.5m R1   right  範圍：兩端 33.1309／33.1294·臨街段長 3.6174m·前緣偏移 -0.000000m
                   宗　：兩端 33.1308／33.1294·臨街段長 3.4644m·前緣偏移 -0.000000m
  3.5m R4    left  範圍：兩端 33.1244／33.1231·臨街段長 4.8645m·前緣偏移 +0.000004m
                   宗　：兩端 33.1244／33.1129·臨街段長 43.2113m·前緣偏移 +0.000005m
  3.5m R4   right  範圍：兩端 33.1014／33.1000·臨街段長 5.1144m·前緣偏移 +0.000006m
                   宗　：兩端 33.1030／33.1000·臨街段長 11.3032m·前緣偏移 +0.000006m
  3.5m R6   right  範圍：兩端 43.7117／43.5317·臨街段長 3.5985m·前緣偏移 -0.000005m
                   宗　：兩端 43.7228／43.5317·臨街段長 3.8197m·前緣偏移 -0.000005m

------------------------------------------------------------------------------------------------------------------------
RESULT: 只量不判（**無 PASS/FAIL 貢獻·rc 恆 0**）。本檔不代裁 U-K9-1／U-K9-2（前提已換·兩題暫緩）。
========================================================================================================================
