======================================================================================================================================================
【W-G.9-62】`(b-2′)(b-2″)(b-2‴)` 之實作 ＋ `GB-83` 裁示之落實
======================================================================================================================================================
  產生於 commit：785ab7a
  🔒 **⛔ 零生產碼變更**；本檔只**呼叫** `fits_at`，⛔ 未新增第二份判定原語。
  🔒 判準（考古節 91）：**要出現什麼，這個閘才會紅？**

======================================================================================================================================================
【A】`GB-83` 裁示①②：`(b-1)` 母體之**逐點列舉** ＋ 涵蓋關係之**斷言**
======================================================================================================================================================
  🔒 裁示①：⛔ 不得只寫「`[a, b]` 之 `n` 點」——**格即量測框**。
  🔒 母體 B ＝ `GRID_A`（22 點·對數等距）∪ `D_GRID`（15 點）＝ **36 點**，逐點如下：
     [00] 1.000000e-12  [01] 4.438064e-12  [02] 1.969641e-11  [03] 8.741393e-11  [04] 3.879486e-10  [05] 1.000000e-09
     [06] 1.721741e-09  [07] 7.641196e-09  [08] 3.391211e-08  [09] 1.000000e-07  [10] 1.505041e-07  [11] 6.679470e-07
     [12] 2.964391e-06  [13] 1.000000e-05  [14] 1.315616e-05  [15] 5.838787e-05  [16] 1.000000e-04  [17] 2.591291e-04
     [18] 1.000000e-03  [19] 1.150032e-03  [20] 5.103913e-03  [21] 1.000000e-02  [22] 2.265149e-02  [23] 1.000000e-01
     [24] 1.005288e-01  [25] 4.461531e-01  [26] 1.000000e+00  [27] 1.980056e+00  [28] 5.000000e+00  [29] 8.787616e+00
     [30] 1.400000e+01  [31] 2.500000e+01  [32] 3.500000e+01  [33] 3.900000e+01  [34] 4.100000e+01  [35] 4.300000e+01

  🔒 裁示②：**母體須涵蓋下游閘之全部測點**（⛔ 以斷言檢查·⛔ 非人眼）
  ✅ **涵蓋斷言通過**：`D_GRID` 之 15 點**全部**落在母體 B 內。
  🔒 **判別力自檢**（⛔ 不得省）：以刻意剔除 `d=1e−09` 之母體（35 點）重跑 ⇒ 缺 **1** 點 ✅ 斷言確會不成立（⇒ 上檢非恆真）
     ⚠️ 母體 A（施工單字面 22 點）之缺點數 ＝ **14** ⇒ **`(b-1)` 原文之母體⛔ 不合格**

======================================================================================================================================================
【B】`(b-2′)` 之受詞域下限 `d_gate` ——**由出艙值導出**（⛔ 不由缺陷量）
======================================================================================================================================================
  · `d_floor`（母體 B·真實資料）＝ **1.721741e-09** m　⚠️ **僅供事實陳述**，`GB-83` 裁示③ ⛔ 禁其再界定任何閘之受詞域
  🔒 出艙 `D_max` 之**收斂容差** `tol_conv` ＝ **1.0e-06** m（＝有效位數上限·⛔ 與 `d_floor` 無關）
  · **最小出艙 `D_max`**（>0）＝ **0.026438** m
  · **`d_gate` ＝ 最小出艙 `D_max` ÷ 1e+03 ＝ 2.643799e-05 m**
     （施工單【單】載 `2.640e−05`；本檔【倉】2.644e-05　⇒ 差 0.14%·成因＝單以 4dp 之 `0.0264` 計、本檔以全精度計）
  🔒 **`d_gate` ⛔ 不隨缺陷移動**——其唯一輸入為**出艙值**；以下全部注入實驗中，本值**恆定**。

======================================================================================================================================================
【C】`(b-2′)` **真實資料**之閘：受詞域 ＝ `d ≥ d_gate` ＝ `2.644e-05` m
======================================================================================================================================================
  🔒 `D_GRID` 15 點中受檢 **12** 點；排除 **3** 點：1e-09／1e-07／1e-05

  街廓   側                r   真值集                   單調?
------------------------------------------------------------------------------------------------------------------------------------------------------
  R5   left         0e+00   111000000000             ✅
  R5   left        -1e-06   111111111100             ✅
  R5   left        -1e-05   111111111100             ✅
  R5   left        -1e-03   111111111100             ✅
  R6   right        0e+00   000000000000             ✅
  R6   right       -1e-06   111111111100             ✅
  R6   right       -1e-05   111111111100             ✅
  R6   right       -1e-03   111111111100             ✅
  R3   right        0e+00   111111111110             ✅
  R3   right       -1e-06   111111111110             ✅
  R3   right       -1e-05   111111111110             ✅
  R3   right       -1e-03   111111111110             ✅
------------------------------------------------------------------------------------------------------------------------------------------------------
  ⇒ **`(b-2′)`：12／12 綠**

======================================================================================================================================================
【D】`(b-2″)`：`d_rev_max`（最大之已觀測反轉 `d`）＋ 淨空比
======================================================================================================================================================
  🔒 定義（CC 具名）：`d_rev_max := max { grid[i] : v[i]=0 且 ∃ j>i 使 v[j]=1 }`（＝**其後仍有 1 之最高 0**）
  · `d_rev_max`【倉】 ＝ **1.000000e-09** m　（施工單【單】載 `1.000e−09` ⇒ ✅ 相符）
  · **淨空比** ＝ 最小出艙 `D_max` ÷ `d_rev_max` ＝ **2.644e+07**　（施工單【單】載 `2.64e+07`）
  🔴 **判**：`d_rev_max ≥ d_gate`？ 1.000e-09 vs 2.644e-05 ⇒ **✅ 否 ⇒ 綠**（⛔ 不得以任何方式排除之）

======================================================================================================================================================
【E】🔴 `(b-2‴)` **注入式變異測試** ＋ 【F】`(b-2)` **原式之對照**（`P5`·⛔ 不得省）
======================================================================================================================================================
  🔒 注入受詞：`R3/right @ r=0e+00`——於指定 `d` 把**真**翻為**偽** ⇒ 造出一處 `0…1` 反轉。
  🔒 **前置斷言**：注入點須同時存在於母體 B 與 `D_GRID`（⛔ 否則注入是無聲的 no-op ⇒ 整個測試偽綠）。

  🔒 **要求高度 ⇒ 吸附至母體 B 之最近點**（⛔ 非格點者注入即無聲 no-op）。

        要求 d          實注入點  在D_GRID    咬到     d_floor(注入後)   10×d_floor     原式閘    d_rev_max     更正式閘     判
------------------------------------------------------------------------------------------------------------------------------------------------------
       1e-09  1.000000e-09        是     2     1.721741e-09    1.722e-08   12／12    1.000e-09    12／12    ✅
       1e-06  6.679470e-07        否     2     2.964391e-06    2.964e-05   12／12    6.679e-07    12／12    ✅
       1e-03  1.000000e-03        是     3     1.150032e-03    1.150e-02   12／12    1.000e-03    11／12    ✅
       1e-02  1.000000e-02        是     3     2.265149e-02    2.265e-01   12／12    1.000e-02    11／12    ✅
       1e-01  1.000000e-01        是     3     1.005288e-01    1.005e+00   12／12    1.000e-01    11／12    ✅
------------------------------------------------------------------------------------------------------------------------------------------------------
  🔴 **`(b-2)` 原式**：5 次注入中 **5 次仍 12／12 綠**　⇒ **結構上不會紅**（自誤 47 復現）
  ✅ **`(b-2′)` 更正式**：施工單指定之三高度（0.001／0.01／0.1）⇒ **3／3 轉紅**
  🔒 **⇒ 判別力已證**：真實資料綠、注入皆紅。（節 91：⛔ 未附注入測試者，該閘之綠不得計為證據）

  🔒 **門檻之對照（⛔ 一眼可見閉環）**：
     · 原式門檻 `10×d_floor` 隨注入由 `1.722e-08` 漲到 `1.005e+00`（**5.84e+07×**）⇒ **恰把注入點自己排除掉**
     · 更正式門檻 `d_gate` 恆為 `2.644e-05` ⇒ **⛔ 不隨缺陷移動**

======================================================================================================================================================
【G】`P7`：`D_max` 十二值 vs `W-G.9-60`【倉】掃描式　＋ 🔒 **收斂容差並列**（§五-D）
======================================================================================================================================================
  🔒 **`tol_conv` ＝ 1.0e-06 m** ⇒ 出艙值之**有效位數上限 ＝ 小數第 6 位**（⇒ `41.4830` 之末位**有**意義）

  街廓   側                r         D_max         ±容差        -60 掃描式【倉】             Δ   4dp
------------------------------------------------------------------------------------------------------------------------------------------------------
  R5   left         0e+00      0.026438     1.0e-06            0.0264      0.000038    ✅
  R5   left        -1e-06     39.982455     1.0e-06           39.9825     -0.000045    ✅
  R5   left        -1e-05     39.982486     1.0e-06           39.9825     -0.000014    ✅
  R5   left        -1e-03     39.985968     1.0e-06           39.9860     -0.000032    ✅
  R6   right        0e+00      0.000000     1.0e-06            0.0000      0.000000    ✅
  R6   right       -1e-06     39.873609     1.0e-06           39.8736      0.000009    ✅
  R6   right       -1e-05     39.873641     1.0e-06           39.8736      0.000041    ✅
  R6   right       -1e-03     39.877134     1.0e-06           39.8771      0.000034    ✅
  R3   right        0e+00     41.483028     1.0e-06           41.4830      0.000028    ✅
  R3   right       -1e-06     41.483031     1.0e-06           41.4830      0.000031    ✅
  R3   right       -1e-05     41.483061     1.0e-06           41.4831     -0.000039    ✅
  R3   right       -1e-03     41.486377     1.0e-06           41.4864     -0.000023    ✅
------------------------------------------------------------------------------------------------------------------------------------------------------
  ⇒ **12／12** 於 4dp 逐位相符（`P7`）

======================================================================================================================================================
【H】`P8`：**8 格於 `r=0` 之分類對帳** ⇒ 土地後果
======================================================================================================================================================
  街廓   側                D_max         ±容差     D_法定      本批     -61    一致?
------------------------------------------------------------------------------------------------------------------------------------------------------
  R1   left         29.738090     1.0e-06     14.0       進       進     ✅
  R1   right        24.932960     1.0e-06     14.0       進       進     ✅
  R2   left         41.437457     1.0e-06     14.0       進       進     ✅
  R3   right        41.483028     1.0e-06     14.0       進       進     ✅
  R4   left         29.752095     1.0e-06     14.0       進       進     ✅
  R4   right        29.599384     1.0e-06     14.0       進       進     ✅
  R5   left          0.026438     1.0e-06     14.0      不進      不進     ✅
  R6   right         0.000000     1.0e-06     14.0      不進      不進     ✅
------------------------------------------------------------------------------------------------------------------------------------------------------
  ⇒ **8／8 一致**（6 進／2 不進）⇒ **土地後果 ＝ 零**

======================================================================================================================================================
【I】`(b-2′)(b-2″)(b-2‴)` ＋ `GB-83` 裁示 **逐項判定**
======================================================================================================================================================
  `GB-83`①    ✅　母體逐點列舉（36 點·已全部印出）
  `GB-83`②    ✅　涵蓋斷言通過（`D_GRID` 15／15 在母體內）·判別力自檢確會不成立
  `GB-83`③    ✅　`d_floor`（1.722e-09）**僅作事實陳述**，⛔ 未用以界定任何閘之受詞域
  `(b-2′)`    ✅　受詞域下限 `d_gate` ＝ 2.644e-05（由出艙值導出）⇒ 12／12 綠
  `(b-2″)`    ✅　`d_rev_max` ＝ 1.000e-09 < `d_gate` ⇒ 綠；淨空比 2.64e+07
  `(b-2‴)`    ✅　注入三高度 ⇒ 3／3 轉紅；原式對照 5／5 仍綠
  §五-D        ✅　`_tol` 已拆為二具名量；出艙值並列容差 1.0e-06
  `P7`        ✅　十二值 12／12 逐位相符 `-60`
  `P8`        ✅　8 格分類 8／8 一致 ⇒ 土地後果零
------------------------------------------------------------------------------------------------------------------------------------------------------
  ⇒ **✅ 全部成立**

  🔒 §七-5 收束斷言：`LOCAL_ORIGIN is True` ✅　`INJECT is None` ✅
======================================================================================================================================================
