====================================================================================================
【W-G.9-174 補正① N-0-d】以入倉後之證據複現 §零-3（⛔ 只讀）
====================================================================================================

── 一、入倉後之 `sha256`／位元組（與 `174 §零-3`／`補正① §一-2` 之表對拍）──
   入倉檔名                                                 sha256                                                                  位元組
   KL_UI_3.5m_a3c97aa_stdout.log                        d45b0b95044f6f9d0266ad8db5d64483bbd61325964c9fb02e0fff6d0dc96f0a     166385 ✅
   KL_UI_3.5m_2e08a41_stdout.log                        fe2ba81d698f106683cd3b4cd999015443e01bb9083f502d478aeb9b111f2e76     166944 ✅
   KL_UI_3.5m_a3c97aa_W-D.1.3-d驗收_抵費地情形.csv             d0adeee1b9d5576cdc9f8a12985acd57a80588aaeae24a1a531e7e4015d2e5a7         80
   KL_UI_3.5m_2e08a41_W-D.1.3-d驗收_抵費地情形.csv             d0adeee1b9d5576cdc9f8a12985acd57a80588aaeae24a1a531e7e4015d2e5a7         80
   KL_UI_3.5m_a3c97aa_W-B驗收_街角規定範圍面積.csv                8458e075e969443f52469f99d98c9f9af24546c44c2c6090fbcd7b72eb23d5e6        154
   KL_UI_3.5m_2e08a41_W-B驗收_街角規定範圍面積.csv                8458e075e969443f52469f99d98c9f9af24546c44c2c6090fbcd7b72eb23d5e6        154
   KL_UI_3.5m_a3c97aa_第1宗街角地指配結果.csv                    f5447f5f103a0bca7732aa6fa5d0dfaf999a211d6970552a63e2a4640640e5bf        833
   KL_UI_3.5m_2e08a41_第1宗街角地指配結果.csv                    f5447f5f103a0bca7732aa6fa5d0dfaf999a211d6970552a63e2a4640640e5bf        833
   KL_UI_3.5m_a3c97aa_W-D.1.2診斷_逐候選評點明細.csv             b0abdfd3739e23d344b4f0653b75a0ead3af29e84c8bf2e32eac7f5ba109b16b       2783
   KL_UI_3.5m_2e08a41_W-D.1.2診斷_逐候選評點明細.csv             7588fde492238f18d8d0da2c9e50d57f76b735b2872b3e3b19c628c794df3233       2783

── 二、逐列 `diff`（二態·以入倉後之檔）──
   W-D.1.3-d驗收_抵費地情形.csv                    相異列 = **0**（期望 0）✅
      位元組全等 = True
   W-B驗收_街角規定範圍面積.csv                       相異列 = **0**（期望 0）✅
      位元組全等 = True
   第1宗街角地指配結果.csv                           相異列 = **0**（期望 0）✅
      位元組全等 = True
   W-D.1.2診斷_逐候選評點明細.csv                    相異列 = **8**（期望 8）✅
      位元組全等 = False

── 三、`W-D.1.2 診斷` 之逐格差（唯一相異欄須 ＝ `原位次(投影序)`）──
   列數 20／20 ／ 欄數 23／23
   鍵集相同 = True（|A|=20 |B|=20）
   逐格相異 = **4** 格 ／ 相異欄集合 = ['原位次(投影序)']
      R1／右／628(5)                  原位次(投影序)         6 → 5
      R1／左／628-36(1)               原位次(投影序)         4 → 3
      R1／左／628-37(1)               原位次(投影序)         3 → 2
      R4／右／628-1(1)                原位次(投影序)         3 → 2

── 四、與 `verify/out/WG9167_predicted_diff.json` 之對拍 ──
   預測檔頂層鍵 = ['base', 'changed_files', 'roles', 'scenarios', 'unchanged_files']
   本批實得四鍵四值 = {'R1／628(5)': '6→5', 'R1／628-36(1)': '4→3', 'R1／628-37(1)': '3→2', 'R4／628-1(1)': '3→2'}
      `R1`／`628(5)`：6→5 ／ 預測檔命中該地號 12 次
      `R1`／`628-36(1)`：4→3 ／ 預測檔命中該地號 12 次
      `R1`／`628-37(1)`：3→2 ／ 預測檔命中該地號 12 次
      `R4`／`628-1(1)`：3→2 ／ 預測檔命中該地號 12 次

── 五、二 stdout log 之 `[T2-DIAG]` 逐字（`§零-2` 之來源）──
   KL_UI_3.5m_a3c97aa_stdout.log：`[T2-DIAG]` 10 列（相異 5 列）
      [T2-DIAG] 街廓 R1｜宗數 6｜池帶 3 片｜池帶 s 寬 [35.2870  0.3247  0.2890]｜池帶面積 [1169.7037  5.3835  0.0046]｜Σ池 1175.0918｜覆蓋殘差 0.0000｜Σ 殘差 -0.0000｜宗-宗疊 0.0000（上界 0.8287）｜內部縫 0 帶／0.0000㎡｜退化帶 0 個｜s 域 [-0.3248,87.7155]
      [T2-DIAG] 街廓 R2｜宗數 14｜池帶 2 片｜池帶 s 寬 [8.4283  32.9640]｜池帶面積 [308.1700  1466.0294]｜Σ池 1774.1994｜覆蓋殘差 0.0000｜Σ 殘差 -0.0000｜宗-宗疊 0.0000（上界 2.8906）｜內部縫 0 帶／0.0000㎡｜退化帶 3 個（s 寬 1.27e-10, 1.83e-11, 4.23e-11）｜s 域 [0.2677,100.0274]
      [T2-DIAG] 街廓 R3｜宗數 10｜池帶 1 片｜池帶 s 寬 [40.5337]｜池帶面積 [1795.1328]｜Σ池 1795.1328｜覆蓋殘差 0.0001｜Σ 殘差 -0.0001｜宗-宗疊 0.0000（上界 1.9953）｜內部縫 0 帶／0.0000㎡｜退化帶 2 個（s 寬 5.57e-06, 1.70e-10）｜s 域 [-0.0000,96.8032]
      [T2-DIAG] 街廓 R4｜宗數 3｜池帶 5 片｜池帶 s 寬 [35.3260  0.1686  43.9993  1.6392  49.0178]｜池帶面積 [1169.5585  0.2988  26.0938  27.4390  4.9632]｜Σ池 1228.3533｜覆蓋殘差 0.0000｜Σ 殘差 +0.0000｜宗-宗疊 0.0000（上界 0.3311）｜內部縫 0 帶／0.0000㎡｜退化帶 0 個｜s 域 [0.1759,98.7163]
      [T2-DIAG] 街廓 R6｜宗數 8｜池帶 2 片｜池帶 s 寬 [3.6068  34.0520]｜池帶面積 [85.7064  1543.0063]｜Σ池 1628.7127｜覆蓋殘差 0.0000｜Σ 殘差 -0.0000｜宗-宗疊 0.0000（上界 1.5929）｜內部縫 0 帶／0.0000㎡｜退化帶 0 個｜s 域 [-3.6068,85.8549]
   KL_UI_3.5m_2e08a41_stdout.log：`[T2-DIAG]` 5 列（相異 5 列）
      [T2-DIAG] 街廓 R1｜宗數 5｜池帶 3 片｜池帶 s 寬 [35.2871  17.8897  0.2890]｜池帶面積 [1169.7082  5.3835  0.0046]｜Σ池 1175.0963｜覆蓋殘差 0.0000｜Σ 殘差 -0.0000｜宗-宗疊 0.0000（上界 0.6630）｜內部縫 0 帶／0.0000㎡｜退化帶 0 個｜s 域 [-0.3248,87.7155]
      [T2-DIAG] 街廓 R2｜宗數 14｜池帶 2 片｜池帶 s 寬 [8.4283  32.9640]｜池帶面積 [308.1700  1466.0294]｜Σ池 1774.1994｜覆蓋殘差 0.0000｜Σ 殘差 -0.0000｜宗-宗疊 0.0000（上界 2.8906）｜內部縫 0 帶／0.0000㎡｜退化帶 3 個（s 寬 1.27e-10, 1.83e-11, 4.23e-11）｜s 域 [0.2677,100.0274]
      [T2-DIAG] 街廓 R3｜宗數 10｜池帶 1 片｜池帶 s 寬 [40.5337]｜池帶面積 [1795.1328]｜Σ池 1795.1328｜覆蓋殘差 0.0001｜Σ 殘差 -0.0001｜宗-宗疊 0.0000（上界 1.9953）｜內部縫 0 帶／0.0000㎡｜退化帶 2 個（s 寬 5.57e-06, 1.70e-10）｜s 域 [-0.0000,96.8032]
      [T2-DIAG] 街廓 R4｜宗數 2｜池帶 5 片｜池帶 s 寬 [35.3260  0.1686  43.9993  1.6580  49.0178]｜池帶面積 [1169.5585  0.2988  26.0938  27.4425  4.9632]｜Σ池 1228.3568｜覆蓋殘差 0.0000｜Σ 殘差 +0.0000｜宗-宗疊 0.0000（上界 0.1656）｜內部縫 0 帶／0.0000㎡｜退化帶 0 個｜s 域 [0.1759,98.7163]
      [T2-DIAG] 街廓 R6｜宗數 8｜池帶 2 片｜池帶 s 寬 [3.6068  34.0520]｜池帶面積 [85.7064  1543.0063]｜Σ池 1628.7127｜覆蓋殘差 0.0000｜Σ 殘差 -0.0000｜宗-宗疊 0.0000（上界 1.5929）｜內部縫 0 帶／0.0000㎡｜退化帶 0 個｜s 域 [-3.6068,85.8549]
