======================================================================================================================
【K-4-3】街角救援來源母體 —— 六變體 × 兩情境（逐 ①候選 逐來源）
======================================================================================================================

── 情境 0m ──  強制抵費地端（趟0）＝ ∅
    ⚠️ 該情境 **無 forced 端 ⇒ M-5 根本不執行**；六變體必然全空，**此空表不得讀為「K-4-3 無衝擊」之證據**。

── 情境 3.5m ──  強制抵費地端（趟0）＝ [('R2', 'left'), ('R3', 'right'), ('R5', 'left')]

  【A  現況(K-4-3 前)】 award 1｜②_t2 觸發 raise：否｜同塊源**實際被納入候選池**：∅
      award R3right winner=628-45(2) need_p=172.63 g_at=308.93 stage3=97.37
        · 源 628-30(2) a′=150.3 ①補足
        · 源 628-45(1) a′=22.33 ①補足
        · 源 628-45(1) a′=70.38 ③餘額回街角
        · 源 628-30(1) a′=26.99 ③餘額回街角
      registry: ['628-30(1)', '628-30(2)', '628-45(1)'] → ['628-45(2)']
      ①候選 628-18(2)：合格來源 0／評估 1
          ⛔    628-18(1) blk=  R6 他塊 G_A₀=  307.78 gtrue=  215.86  ← (b)已達其街廓可分配面積
      ①候選 628-27(1)：合格來源 1／評估 1
          ✅    628-27(2) blk=  R3 他塊 G_A₀=   26.12 gtrue=   27.28
      ①候選 628-27(2)：合格來源 1／評估 1
          ✅    628-27(1) blk=  R2 他塊 G_A₀=   29.61 gtrue=   26.85
      ①候選 628-28(1)：合格來源 0／評估 1
          ⛔    628-29(1) blk=  R3 同塊 G_A₀=   64.78 gtrue=   65.61  ← 同塊排除(M-2·K-4-3 已廢)
      ①候選 628-29(1)：合格來源 0／評估 1
          ⛔    628-28(1) blk=  R3 同塊 G_A₀=   63.90 gtrue=   65.61  ← 同塊排除(M-2·K-4-3 已廢)
      ①候選 628-40(1)：合格來源 0／評估 1
          ⛔    628-43(1) blk=  R2 同塊 G_A₀=    0.27 gtrue=  300.40  ← 同塊排除(M-2·K-4-3 已廢)
      ①候選 628-42(1)：合格來源 1／評估 1
          ✅    628-42(2) blk=  R3 他塊 G_A₀=   85.57 gtrue=    3.45
      ①候選 628-42(2)：合格來源 1／評估 1
          ✅    628-42(1) blk=  R2 他塊 G_A₀=    4.77 gtrue=   88.36
      ①候選 628-45(1)：合格來源 1／評估 6
          ✅    628-30(2) blk=  R2 他塊 G_A₀=   89.97 gtrue=   49.62
          ⛔    628-20(1) blk=  R6 他塊 G_A₀=  339.91 gtrue=   49.62  ← (b)已達其街廓可分配面積
          ⛔    628-20(2) blk=  R5 同塊 G_A₀=  300.18 gtrue=   49.62  ← 同塊排除(M-2·K-4-3 已廢)
          ⛔    628-30(1) blk=  R5 同塊 G_A₀=   15.74 gtrue=   49.62  ← 同塊排除(M-2·K-4-3 已廢)
          ⛔    628-30(3) blk=  R3 他塊 G_A₀=  455.75 gtrue=   49.62  ← (b)已達其街廓可分配面積
          ⛔    628-45(2) blk=  R3 他塊 G_A₀=  204.54 gtrue=   49.62  ← (b)已達其街廓可分配面積
      ①候選 628-45(2)：合格來源 3／評估 6
          ✅    628-30(1) blk=  R5 他塊 G_A₀=   15.74 gtrue=  209.06
          ✅    628-30(2) blk=  R2 他塊 G_A₀=   89.97 gtrue=  209.06
          ✅    628-45(1) blk=  R5 他塊 G_A₀=   52.24 gtrue=  209.06
          ⛔    628-20(1) blk=  R6 他塊 G_A₀=  339.91 gtrue=  209.06  ← (b)已達其街廓可分配面積
          ⛔    628-20(2) blk=  R5 他塊 G_A₀=  300.18 gtrue=  209.06  ← (b)已達其街廓可分配面積
          ⛔    628-30(3) blk=  R3 同塊 G_A₀=  455.75 gtrue=  209.06  ← 同塊排除(M-2·K-4-3 已廢)
      ①候選 628-53(2)：合格來源 1／評估 1
          ✅    628-53(1) blk=  R6 他塊 G_A₀=    0.25 gtrue=    0.65
      ①候選 628-7(2)：合格來源 0／評估 1
          ⛔     628-7(1) blk=  R6 他塊 G_A₀=  302.93 gtrue=  247.96  ← (b)已達其街廓可分配面積
      （基準）

  【A′ patch 載具自檢】 award 1｜②_t2 觸發 raise：否｜同塊源**實際被納入候選池**：∅
      award R3right winner=628-45(2) need_p=172.63 g_at=308.93 stage3=97.37
        · 源 628-30(2) a′=150.3 ①補足
        · 源 628-45(1) a′=22.33 ①補足
        · 源 628-45(1) a′=70.38 ③餘額回街角
        · 源 628-30(1) a′=26.99 ③餘額回街角
      registry: ['628-30(1)', '628-30(2)', '628-45(1)'] → ['628-45(2)']
      ①候選 628-18(2)：合格來源 0／評估 1
          ⛔    628-18(1) blk=  R6 他塊 G_A₀=  307.78 gtrue=  215.86  ← (b)已達其街廓可分配面積
      ①候選 628-27(1)：合格來源 1／評估 1
          ✅    628-27(2) blk=  R3 他塊 G_A₀=   26.12 gtrue=   27.28
      ①候選 628-27(2)：合格來源 1／評估 1
          ✅    628-27(1) blk=  R2 他塊 G_A₀=   29.61 gtrue=   26.85
      ①候選 628-28(1)：合格來源 0／評估 1
          ⛔    628-29(1) blk=  R3 同塊 G_A₀=   64.78 gtrue=   65.61  ← 同塊排除(M-2·K-4-3 已廢)
      ①候選 628-29(1)：合格來源 0／評估 1
          ⛔    628-28(1) blk=  R3 同塊 G_A₀=   63.90 gtrue=   65.61  ← 同塊排除(M-2·K-4-3 已廢)
      ①候選 628-40(1)：合格來源 0／評估 1
          ⛔    628-43(1) blk=  R2 同塊 G_A₀=    0.27 gtrue=  300.40  ← 同塊排除(M-2·K-4-3 已廢)
      ①候選 628-42(1)：合格來源 1／評估 1
          ✅    628-42(2) blk=  R3 他塊 G_A₀=   85.57 gtrue=    3.45
      ①候選 628-42(2)：合格來源 1／評估 1
          ✅    628-42(1) blk=  R2 他塊 G_A₀=    4.77 gtrue=   88.36
      ①候選 628-45(1)：合格來源 1／評估 6
          ✅    628-30(2) blk=  R2 他塊 G_A₀=   89.97 gtrue=   49.62
          ⛔    628-20(1) blk=  R6 他塊 G_A₀=  339.91 gtrue=   49.62  ← (b)已達其街廓可分配面積
          ⛔    628-20(2) blk=  R5 同塊 G_A₀=  300.18 gtrue=   49.62  ← 同塊排除(M-2·K-4-3 已廢)
          ⛔    628-30(1) blk=  R5 同塊 G_A₀=   15.74 gtrue=   49.62  ← 同塊排除(M-2·K-4-3 已廢)
          ⛔    628-30(3) blk=  R3 他塊 G_A₀=  455.75 gtrue=   49.62  ← (b)已達其街廓可分配面積
          ⛔    628-45(2) blk=  R3 他塊 G_A₀=  204.54 gtrue=   49.62  ← (b)已達其街廓可分配面積
      ①候選 628-45(2)：合格來源 3／評估 6
          ✅    628-30(1) blk=  R5 他塊 G_A₀=   15.74 gtrue=  209.06
          ✅    628-30(2) blk=  R2 他塊 G_A₀=   89.97 gtrue=  209.06
          ✅    628-45(1) blk=  R5 他塊 G_A₀=   52.24 gtrue=  209.06
          ⛔    628-20(1) blk=  R6 他塊 G_A₀=  339.91 gtrue=  209.06  ← (b)已達其街廓可分配面積
          ⛔    628-20(2) blk=  R5 他塊 G_A₀=  300.18 gtrue=  209.06  ← (b)已達其街廓可分配面積
          ⛔    628-30(3) blk=  R3 同塊 G_A₀=  455.75 gtrue=  209.06  ← 同塊排除(M-2·K-4-3 已廢)
      ①候選 628-53(2)：合格來源 1／評估 1
          ✅    628-53(1) blk=  R6 他塊 G_A₀=    0.25 gtrue=    0.65
      ①候選 628-7(2)：合格來源 0／評估 1
          ⛔     628-7(1) blk=  R6 他塊 G_A₀=  302.93 gtrue=  247.96  ← (b)已達其街廓可分配面積
      vs A：逐格全等

  【B  只刪同塊排除】 award 1｜②_t2 觸發 raise：否｜同塊源**實際被納入候選池**：['628-28(1)', '628-29(1)', '628-30(1)', '628-43(1)']
      award R3right winner=628-45(2) need_p=172.63 g_at=308.93 stage3=97.37
        · 源 628-30(2) a′=150.3 ①補足
        · 源 628-45(1) a′=22.33 ①補足
        · 源 628-45(1) a′=70.38 ③餘額回街角
        · 源 628-30(1) a′=26.99 ③餘額回街角
      registry: ['628-30(1)', '628-30(2)', '628-45(1)'] → ['628-45(2)']
      ①候選 628-18(2)：合格來源 0／評估 1
          ⛔    628-18(1) blk=  R6 他塊 G_A₀=  307.78 gtrue=  215.86  ← (b)已達其街廓可分配面積
      ①候選 628-27(1)：合格來源 1／評估 1
          ✅    628-27(2) blk=  R3 他塊 G_A₀=   26.12 gtrue=   27.28
      ①候選 628-27(2)：合格來源 1／評估 1
          ✅    628-27(1) blk=  R2 他塊 G_A₀=   29.61 gtrue=   26.85
      ①候選 628-28(1)：合格來源 1／評估 1
          ✅    628-29(1) blk=  R3 同塊 G_A₀=   64.78 gtrue=   65.61
      ①候選 628-29(1)：合格來源 1／評估 1
          ✅    628-28(1) blk=  R3 同塊 G_A₀=   63.90 gtrue=   65.61
      ①候選 628-40(1)：合格來源 1／評估 1
          ✅    628-43(1) blk=  R2 同塊 G_A₀=    0.27 gtrue=  300.40
      ①候選 628-42(1)：合格來源 1／評估 1
          ✅    628-42(2) blk=  R3 他塊 G_A₀=   85.57 gtrue=    3.45
      ①候選 628-42(2)：合格來源 1／評估 1
          ✅    628-42(1) blk=  R2 他塊 G_A₀=    4.77 gtrue=   88.36
      ①候選 628-45(1)：合格來源 2／評估 6
          ✅    628-30(1) blk=  R5 同塊 G_A₀=   15.74 gtrue=   49.62
          ✅    628-30(2) blk=  R2 他塊 G_A₀=   89.97 gtrue=   49.62
          ⛔    628-20(1) blk=  R6 他塊 G_A₀=  339.91 gtrue=   49.62  ← (b)已達其街廓可分配面積
          ⛔    628-20(2) blk=  R5 同塊 G_A₀=  300.18 gtrue=   49.62  ← (b)已達其街廓可分配面積
          ⛔    628-30(3) blk=  R3 他塊 G_A₀=  455.75 gtrue=   49.62  ← (b)已達其街廓可分配面積
          ⛔    628-45(2) blk=  R3 他塊 G_A₀=  204.54 gtrue=   49.62  ← (b)已達其街廓可分配面積
      ①候選 628-45(2)：合格來源 3／評估 6
          ✅    628-30(1) blk=  R5 他塊 G_A₀=   15.74 gtrue=  209.06
          ✅    628-30(2) blk=  R2 他塊 G_A₀=   89.97 gtrue=  209.06
          ✅    628-45(1) blk=  R5 他塊 G_A₀=   52.24 gtrue=  209.06
          ⛔    628-20(1) blk=  R6 他塊 G_A₀=  339.91 gtrue=  209.06  ← (b)已達其街廓可分配面積
          ⛔    628-20(2) blk=  R5 他塊 G_A₀=  300.18 gtrue=  209.06  ← (b)已達其街廓可分配面積
          ⛔    628-30(3) blk=  R3 同塊 G_A₀=  455.75 gtrue=  209.06  ← (b)已達其街廓可分配面積
      ①候選 628-53(2)：合格來源 1／評估 1
          ✅    628-53(1) blk=  R6 他塊 G_A₀=    0.25 gtrue=    0.65
      ①候選 628-7(2)：合格來源 0／評估 1
          ⛔     628-7(1) blk=  R6 他塊 G_A₀=  302.93 gtrue=  247.96  ← (b)已達其街廓可分配面積
      vs A：逐格全等

  【C  只加 (c)·gtrue】 award 1｜②_t2 觸發 raise：否｜同塊源**實際被納入候選池**：∅
      award R3right winner=628-45(2) need_p=172.63 g_at=308.93 stage3=97.37
        · 源 628-30(2) a′=150.3 ①補足
        · 源 628-45(1) a′=22.33 ①補足
        · 源 628-45(1) a′=70.38 ③餘額回街角
        · 源 628-30(1) a′=26.99 ③餘額回街角
      registry: ['628-30(1)', '628-30(2)', '628-45(1)'] → ['628-45(2)']
      ①候選 628-18(2)：合格來源 0／評估 1
          ⛔    628-18(1) blk=  R6 他塊 G_A₀=  307.78 gtrue=  215.86  ← (b)已達其街廓可分配面積
      ①候選 628-27(1)：合格來源 1／評估 1
          ✅    628-27(2) blk=  R3 他塊 G_A₀=   26.12 gtrue=   27.28
      ①候選 628-27(2)：合格來源 0／評估 1
          ⛔    628-27(1) blk=  R2 他塊 G_A₀=   29.61 gtrue=   26.85  ← (c)G_A₀ 29.61 ≥ gtrue 26.85
      ①候選 628-28(1)：合格來源 0／評估 1
          ⛔    628-29(1) blk=  R3 同塊 G_A₀=   64.78 gtrue=   65.61  ← 同塊排除(M-2·K-4-3 已廢)
      ①候選 628-29(1)：合格來源 0／評估 1
          ⛔    628-28(1) blk=  R3 同塊 G_A₀=   63.90 gtrue=   65.61  ← 同塊排除(M-2·K-4-3 已廢)
      ①候選 628-40(1)：合格來源 0／評估 1
          ⛔    628-43(1) blk=  R2 同塊 G_A₀=    0.27 gtrue=  300.40  ← 同塊排除(M-2·K-4-3 已廢)
      ①候選 628-42(1)：合格來源 0／評估 1
          ⛔    628-42(2) blk=  R3 他塊 G_A₀=   85.57 gtrue=    3.45  ← (c)G_A₀ 85.57 ≥ gtrue 3.45
      ①候選 628-42(2)：合格來源 1／評估 1
          ✅    628-42(1) blk=  R2 他塊 G_A₀=    4.77 gtrue=   88.36
      ①候選 628-45(1)：合格來源 0／評估 6
          ⛔    628-20(1) blk=  R6 他塊 G_A₀=  339.91 gtrue=   49.62  ← (b)已達其街廓可分配面積
          ⛔    628-20(2) blk=  R5 同塊 G_A₀=  300.18 gtrue=   49.62  ← 同塊排除(M-2·K-4-3 已廢)
          ⛔    628-30(1) blk=  R5 同塊 G_A₀=   15.74 gtrue=   49.62  ← 同塊排除(M-2·K-4-3 已廢)
          ⛔    628-30(2) blk=  R2 他塊 G_A₀=   89.97 gtrue=   49.62  ← (c)G_A₀ 89.97 ≥ gtrue 49.62
          ⛔    628-30(3) blk=  R3 他塊 G_A₀=  455.75 gtrue=   49.62  ← (b)已達其街廓可分配面積
          ⛔    628-45(2) blk=  R3 他塊 G_A₀=  204.54 gtrue=   49.62  ← (b)已達其街廓可分配面積
      ①候選 628-45(2)：合格來源 3／評估 6
          ✅    628-30(1) blk=  R5 他塊 G_A₀=   15.74 gtrue=  209.06
          ✅    628-30(2) blk=  R2 他塊 G_A₀=   89.97 gtrue=  209.06
          ✅    628-45(1) blk=  R5 他塊 G_A₀=   52.24 gtrue=  209.06
          ⛔    628-20(1) blk=  R6 他塊 G_A₀=  339.91 gtrue=  209.06  ← (b)已達其街廓可分配面積
          ⛔    628-20(2) blk=  R5 他塊 G_A₀=  300.18 gtrue=  209.06  ← (b)已達其街廓可分配面積
          ⛔    628-30(3) blk=  R3 同塊 G_A₀=  455.75 gtrue=  209.06  ← 同塊排除(M-2·K-4-3 已廢)
      ①候選 628-53(2)：合格來源 1／評估 1
          ✅    628-53(1) blk=  R6 他塊 G_A₀=    0.25 gtrue=    0.65
      ①候選 628-7(2)：合格來源 0／評估 1
          ⛔     628-7(1) blk=  R6 他塊 G_A₀=  302.93 gtrue=  247.96  ← (b)已達其街廓可分配面積
      vs A：逐格全等

  【D  ＝K-4-3（生產碼）】 award 1｜②_t2 觸發 raise：否｜同塊源**實際被納入候選池**：['628-28(1)', '628-29(1)', '628-30(1)', '628-43(1)']
      award R3right winner=628-45(2) need_p=172.63 g_at=308.93 stage3=97.37
        · 源 628-30(2) a′=150.3 ①補足
        · 源 628-45(1) a′=22.33 ①補足
        · 源 628-45(1) a′=70.38 ③餘額回街角
        · 源 628-30(1) a′=26.99 ③餘額回街角
      registry: ['628-30(1)', '628-30(2)', '628-45(1)'] → ['628-45(2)']
      ①候選 628-18(2)：合格來源 0／評估 1
          ⛔    628-18(1) blk=  R6 他塊 G_A₀=  307.78 gtrue=  215.86  ← (b)已達其街廓可分配面積
      ①候選 628-27(1)：合格來源 1／評估 1
          ✅    628-27(2) blk=  R3 他塊 G_A₀=   26.12 gtrue=   27.28
      ①候選 628-27(2)：合格來源 0／評估 1
          ⛔    628-27(1) blk=  R2 他塊 G_A₀=   29.61 gtrue=   26.85  ← (c)G_A₀ 29.61 ≥ gtrue 26.85
      ①候選 628-28(1)：合格來源 1／評估 1
          ✅    628-29(1) blk=  R3 同塊 G_A₀=   64.78 gtrue=   65.61
      ①候選 628-29(1)：合格來源 1／評估 1
          ✅    628-28(1) blk=  R3 同塊 G_A₀=   63.90 gtrue=   65.61
      ①候選 628-40(1)：合格來源 1／評估 1
          ✅    628-43(1) blk=  R2 同塊 G_A₀=    0.27 gtrue=  300.40
      ①候選 628-42(1)：合格來源 0／評估 1
          ⛔    628-42(2) blk=  R3 他塊 G_A₀=   85.57 gtrue=    3.45  ← (c)G_A₀ 85.57 ≥ gtrue 3.45
      ①候選 628-42(2)：合格來源 1／評估 1
          ✅    628-42(1) blk=  R2 他塊 G_A₀=    4.77 gtrue=   88.36
      ①候選 628-45(1)：合格來源 1／評估 6
          ✅    628-30(1) blk=  R5 同塊 G_A₀=   15.74 gtrue=   49.62
          ⛔    628-20(1) blk=  R6 他塊 G_A₀=  339.91 gtrue=   49.62  ← (b)已達其街廓可分配面積
          ⛔    628-20(2) blk=  R5 同塊 G_A₀=  300.18 gtrue=   49.62  ← (b)已達其街廓可分配面積
          ⛔    628-30(2) blk=  R2 他塊 G_A₀=   89.97 gtrue=   49.62  ← (c)G_A₀ 89.97 ≥ gtrue 49.62
          ⛔    628-30(3) blk=  R3 他塊 G_A₀=  455.75 gtrue=   49.62  ← (b)已達其街廓可分配面積
          ⛔    628-45(2) blk=  R3 他塊 G_A₀=  204.54 gtrue=   49.62  ← (b)已達其街廓可分配面積
      ①候選 628-45(2)：合格來源 3／評估 6
          ✅    628-30(1) blk=  R5 他塊 G_A₀=   15.74 gtrue=  209.06
          ✅    628-30(2) blk=  R2 他塊 G_A₀=   89.97 gtrue=  209.06
          ✅    628-45(1) blk=  R5 他塊 G_A₀=   52.24 gtrue=  209.06
          ⛔    628-20(1) blk=  R6 他塊 G_A₀=  339.91 gtrue=  209.06  ← (b)已達其街廓可分配面積
          ⛔    628-20(2) blk=  R5 他塊 G_A₀=  300.18 gtrue=  209.06  ← (b)已達其街廓可分配面積
          ⛔    628-30(3) blk=  R3 同塊 G_A₀=  455.75 gtrue=  209.06  ← (b)已達其街廓可分配面積
      ①候選 628-53(2)：合格來源 1／評估 1
          ✅    628-53(1) blk=  R6 他塊 G_A₀=    0.25 gtrue=    0.65
      ①候選 628-7(2)：合格來源 0／評估 1
          ⛔     628-7(1) blk=  R6 他塊 G_A₀=  302.93 gtrue=  247.96  ← (b)已達其街廓可分配面積
      vs A：逐格全等

  【D′ (c) 右式改 A₀】 award 1｜②_t2 觸發 raise：否｜同塊源**實際被納入候選池**：['628-28(1)', '628-30(1)', '628-43(1)']
      award R3right winner=628-45(2) need_p=172.63 g_at=308.93 stage3=97.37
        · 源 628-30(2) a′=150.3 ①補足
        · 源 628-45(1) a′=22.33 ①補足
        · 源 628-45(1) a′=70.38 ③餘額回街角
        · 源 628-30(1) a′=26.99 ③餘額回街角
      registry: ['628-30(1)', '628-30(2)', '628-45(1)'] → ['628-45(2)']
      ①候選 628-18(2)：合格來源 0／評估 1
          ⛔    628-18(1) blk=  R6 他塊 G_A₀=  307.78 gtrue=  215.86  ← (b)已達其街廓可分配面積
      ①候選 628-27(1)：合格來源 1／評估 1
          ✅    628-27(2) blk=  R3 他塊 G_A₀=   26.12 gtrue=   27.28
      ①候選 628-27(2)：合格來源 0／評估 1
          ⛔    628-27(1) blk=  R2 他塊 G_A₀=   29.61 gtrue=   26.85  ← (c′)G_A₀ 29.61 ≥ 候選A₀ 26.12
      ①候選 628-28(1)：合格來源 0／評估 1
          ⛔    628-29(1) blk=  R3 同塊 G_A₀=   64.78 gtrue=   65.61  ← (c′)G_A₀ 64.78 ≥ 候選A₀ 63.90
      ①候選 628-29(1)：合格來源 1／評估 1
          ✅    628-28(1) blk=  R3 同塊 G_A₀=   63.90 gtrue=   65.61
      ①候選 628-40(1)：合格來源 1／評估 1
          ✅    628-43(1) blk=  R2 同塊 G_A₀=    0.27 gtrue=  300.40
      ①候選 628-42(1)：合格來源 0／評估 1
          ⛔    628-42(2) blk=  R3 他塊 G_A₀=   85.57 gtrue=    3.45  ← (c′)G_A₀ 85.57 ≥ 候選A₀ 4.77
      ①候選 628-42(2)：合格來源 1／評估 1
          ✅    628-42(1) blk=  R2 他塊 G_A₀=    4.77 gtrue=   88.36
      ①候選 628-45(1)：合格來源 1／評估 6
          ✅    628-30(1) blk=  R5 同塊 G_A₀=   15.74 gtrue=   49.62
          ⛔    628-20(1) blk=  R6 他塊 G_A₀=  339.91 gtrue=   49.62  ← (b)已達其街廓可分配面積
          ⛔    628-20(2) blk=  R5 同塊 G_A₀=  300.18 gtrue=   49.62  ← (b)已達其街廓可分配面積
          ⛔    628-30(2) blk=  R2 他塊 G_A₀=   89.97 gtrue=   49.62  ← (c′)G_A₀ 89.97 ≥ 候選A₀ 52.24
          ⛔    628-30(3) blk=  R3 他塊 G_A₀=  455.75 gtrue=   49.62  ← (b)已達其街廓可分配面積
          ⛔    628-45(2) blk=  R3 他塊 G_A₀=  204.54 gtrue=   49.62  ← (b)已達其街廓可分配面積
      ①候選 628-45(2)：合格來源 3／評估 6
          ✅    628-30(1) blk=  R5 他塊 G_A₀=   15.74 gtrue=  209.06
          ✅    628-30(2) blk=  R2 他塊 G_A₀=   89.97 gtrue=  209.06
          ✅    628-45(1) blk=  R5 他塊 G_A₀=   52.24 gtrue=  209.06
          ⛔    628-20(1) blk=  R6 他塊 G_A₀=  339.91 gtrue=  209.06  ← (b)已達其街廓可分配面積
          ⛔    628-20(2) blk=  R5 他塊 G_A₀=  300.18 gtrue=  209.06  ← (b)已達其街廓可分配面積
          ⛔    628-30(3) blk=  R3 同塊 G_A₀=  455.75 gtrue=  209.06  ← (b)已達其街廓可分配面積
      ①候選 628-53(2)：合格來源 1／評估 1
          ✅    628-53(1) blk=  R6 他塊 G_A₀=    0.25 gtrue=    0.65
      ①候選 628-7(2)：合格來源 0／評估 1
          ⛔     628-7(1) blk=  R6 他塊 G_A₀=  302.93 gtrue=  247.96  ← (b)已達其街廓可分配面積
      vs A：逐格全等

----------------------------------------------------------------------------------------------------------------------
📌 措辭：forced 解鎖 ＝ **抵費地位置由街角移回中間**（總量不變）；禁「釋回／減少抵費地」語。
RESULT: PASS（A′ 載具自檢通過·差異逐格列於上表）
======================================================================================================================
