====================================================================================================
# `W-G.9-9` `K1`／`K4`：呈現層敏感度（⛔ 倉內合成·不依賴外部觀測）
====================================================================================================
  現行凍存（**未投影**）＝ verify\out\WG98_端到端複本_終止點凍存.txt（3 支）
  合成變動命中：M1 標記行 3｜M2 摺疊 3｜M3 原始碼列 3

────────────────────────────────────────────────────────────────────────────────────────────────────
【輸入樣本】`wg_g1_smoke.py` 之變動行（原 → 合成）
────────────────────────────────────────────────────────────────────────────────────────────────────
  原  :              ~~~~^^
  合成:              ^^^^^^
  原  :     sg = run_step_g(ns, fake_st, list(cb_by.values()), cad, snapshot,
  合成:     sg = run_step_g(         ns, fake_st, list(cb_by.values()), cad, snapshot,
  原  :     ...<4 lines>...
  合成:     f"（合成展開之第 1 行）"
  原  :         f"｜逐界面：{_fmt_ifaces(_sd_tag2, _ifs_c)}")
  合成:     f"（合成展開之第 2 行）"
  原  : RuntimeError: 🔴 結構閘 理論＝實跑 破：街廓 R1 left 側 理論@k*=97.18 ≠ 實跑(階段1)=100.02（Δ=2.837 >0.1）｜參考 ΣΔ_i=+0.0
  合成:         f"｜逐界面：{_fmt_ifaces(_sd_tag2, _ifs_c)}")

────────────────────────────────────────────────────────────────────────────────────────────────────
【K1】**未投影**：現行凍存 × 合成變動 ⇒ 期 **類 III 非空**（敏感）
────────────────────────────────────────────────────────────────────────────────────────────────────
  類 I 0｜類 II 0｜**類 III 3**　⇒ ['wg_g1_smoke.py', 'wg_g2_smoke.py', 'wg_g3.py']
  ✅ **`K1` 成立**：對帳器對呈現層變動**敏感** ⇒ 現行凍存受詞過寬

────────────────────────────────────────────────────────────────────────────────────────────────────
【K4】**投影後**：同一份合成輸入 ⇒ 期 **類 II／III 皆空**（不再敏感）
────────────────────────────────────────────────────────────────────────────────────────────────────
  類 I 3｜類 II 0｜類 III 0
  投影後之記錄（`wg_g1_smoke.py`）：
     | File "verify/stepg_pipeline.py", line 1362, in run_step_g
     | RuntimeError: 🔴 結構閘 理論＝實跑 破：街廓 R1 left 側 理論@k*=97.18 ≠ 實跑(階段1)=100.02（Δ=2.837 >0.1）｜參考 ΣΔ_i=+0.000（**⛔ 未用於本式**
  ✅ **`K4` 成立**：投影後呈現層變動**不再致紅**

────────────────────────────────────────────────────────────────────────────────────────────────────
【判別力自檢】投影後仍須對**真受詞**之變動敏感（⛔ 否則投影過窄）
────────────────────────────────────────────────────────────────────────────────────────────────────
  只改**例外訊息** ⇒ 類 III 1　⇒ ['wg_g1_smoke.py']
  只改**raise 幀** ⇒ 類 III 1　⇒ ['wg_g1_smoke.py']
  ✅ 投影**未過窄**：真受詞之二要素（訊息／raise 幀）改變皆致紅

====================================================================================================
✅ 探針 PASS（rc=0）
====================================================================================================
