================================================================================================
【W-G.9-150′ 3-4／3-5】R4 之「無第 1 宗」成因 ＋ SIDELINE 現查
================================================================================================
  HEAD = 8bdb3e3b40cf1dc06d1335add9ed77466ea1cf61
  情境 = 0m ／ WV_K6_STEP0 = on

================================================================================================
§T-2　各街廓之 SIDELINE 條數（判是否為末端塊街廓）
================================================================================================
  cad['side_lines_by_side'] 之鍵 = ['R1', 'R2', 'R3', 'R4', 'R5', 'R6']
     R1     側別鍵 = ['left', 'right']        有值者 = ['left', 'right']
     R2     側別鍵 = ['left']                 有值者 = ['left']
     R3     側別鍵 = ['right']                有值者 = ['right']
     R4     側別鍵 = ['left', 'right']        有值者 = ['left', 'right']
     R5     側別鍵 = ['left']                 有值者 = ['left']
     R6     側別鍵 = ['right']                有值者 = ['right']

  cad['side_lengths_by_side']（長度·0 或缺 ⇒ 該側無 SIDELINE）：
     R1     {'right': 33.269918061285644, 'left': 33.24676853950616}
     R2     {'left': 44.95483848753917}
     R3     {'right': 44.89867096487871}
     R4     {'right': 33.099464294726076, 'left': 33.26726144981068}
     R5     {'left': 43.53048440530459}
     R6     {'right': 43.381506846466955}

================================================================================================
§T-1／T-3　R4 之母體、winner、與 ghost 二態
================================================================================================

  ── 街廓 R4 ──
     winners_state[R4] = {'p1_end': '628(1)', 'p2_end': '628-1(1)', 'method': 'V13_spatial_binding'}
     含 ghost  n=3   序 = ['628(1)', '_GHOST_(R4)', '628-1(1)']
     去 ghost  n=2   序 = ['628(1)', '628-1(1)']

  ── 街廓 R1 ──
     winners_state[R1] = {'p1_end': '628-37(1)', 'p2_end': '628(5)', 'method': 'V13_spatial_binding'}
     含 ghost  n=6   序 = ['628-35(2)', '_GHOST_(R1)', '628-37(1)', '628-36(1)', '628-34(3)', '628(5)']
     去 ghost  n=5   序 = ['628-35(2)', '628-37(1)', '628-36(1)', '628-34(3)', '628(5)']

  🔒 `K-9-23-a` 載 `R4左`／`R4右` 皆「⛔ 無第 1 宗」——本探針以母體宗數判：
     R4 之**真實宗**（去 ghost）＝ **2** 宗
     ⇒ 若二側各需 winner（第 0 宗）＋ 第 1 宗 ＝ 4 宗，而實有 2 宗

================================================================================================
§3-4　左側三組跳號之現查（R2左[2,4,5]／R5左[1,2,5]／R6左[1,2,4]）
================================================================================================
  🛑 本項之受詞（「組」與「跳號」之定義）源自 `K-9-14 四`（`2026-08-20` 前窗），
     其**機制⛔ 未實證**（`K-9-14 四` 自陳）。本探針只報可自倉內取得之量：
     R2   n=14  投影序 = ['628-42(1)', '628-41(1)', '628-27(1)', '628-40(1)+', '628-30(2)', '628-39(1)', '628-31(2)', '628-32(2)', '628-52(1)', '628-51(1)', '628-50(1)', '628-49(1)', '628-34(1)', '628-35(1)']
     R5   n=8   投影序 = ['628-53(2)', '628-18(2)', '628-7(2)', '628-45(1)+', '628-31(1)', '628-32(1)', '628-21(2)+', '628(3)']
     R6   n=8   投影序 = ['628(2)+', '628-4(1)', '628-23(1)+', '628-20(1)', '628-7(1)', '628-18(1)', '628-38(1)', '628-53(1)']

  ⛔ **未能判定**：「組」之切分規則於碼面**無具名實作**（`組首`／`組末`／`起算端` 於
     `app.py` ＋ `verify/**/*.py` 之命中皆 `0`·對照組 `_block_strip` ＝ 98）
     ⇒ 只讀下**無法**自倉內重建該三組之成員與其編號 ⇒ 依單 `3-4` 報「⛔ 未能判定」。
