  harvest 取得 parcel_min_width_n14：True
  harvest 取得 _n14_band_hi：True
  harvest 取得 _n14_band_geom：True
  harvest 取得 get_min_lot_size：True
  harvest 取得 _baseline_pts_from_manual：True
  harvest 取得 _baseline_normal_axis：True
  harvest 取得 solve_G_binary：True
  _EPS_TOUCH_FRONT ＝ 0.01

【A0】逐街廓 `run_step_g` 之成敗（⛔ 逐街廓具名·⛔ 不彙總）
    R1: ✅ 成功
    R2: 🔴 raise RuntimeError: 街廓 R2 抵費地計算失敗：🔴 ②-宗 圍堵閘破[R2]：宗-宗重疊 = 45.9766 > 上界 3.1129（(宗數15−1)×0.005×深度44.47）——**超出捨入量子可解釋範圍＝另有病**，停
    R4: 🔴 raise RuntimeError: 🔴 結構閘 理論＝實跑 破：街廓 R4 right 側 理論@k*=87.83 ≠ 實跑(階段1)=85.42（Δ=2.415 >0.1）｜參考 ΣΔ_i=+0.000（**⛔ 未用於本式**·實測反證見碼註）｜逐界面：[Δ_i·R4·right] （無界面）
    R6: ✅ 成功
    R5: 🔴 raise RuntimeError: 街廓 R5 抵費地計算失敗：🔴 ②-宗 圍堵閘破[R5]：宗-宗重疊 = 56.3293 > 上界 2.5141（(宗數12−1)×0.005×深度45.71）——**超出捨入量子可解釋範圍＝另有病**，停
    R3: ✅ 成功
    ⇒ 成功 3／6 街廓；`g_rows` 累計 35 列

======================================================================================================================================================
【A】`g_rows` 全量（setback ＝ 0m）⇒ **35** 列（⛔ 未過濾）
======================================================================================================================================================
  欄位全集（排序後·⛔ 逐字）：
    A 地價比 | F(m) | G(㎡) | Rw(%) | S(m) | W(m) | a 面積(㎡) | cut_coords | l₁ 側面尺度 | l₂ 正面尺度 | 原地號 | 宗地寬度(m) | 平均深度(m) | 幾何面積(㎡) | 所屬街廓 | 推進側別 | 是否收斂 | 暫編地號 | 正面長度(m) | 畸零地旗標 | 第1筆街角 | 累積S(m) | 街廓面積(㎡) | 街角側別 | 街角地 | 解法 | 負擔比率 | 迭代次數 | 重劃前區段

  `推進側別` 之分布（⛔ 未過濾·含將被剔除者）：
    `left`：15 列
    `right`：15 列
    `抵費地`：5 列

  母體（`推進側別 ∈ {left,right}`）＝ **30** 列
    其中 `街角地 == 是`：**4** 列
    `cut_coords` 長度 < 3 者：0 列

======================================================================================================================================================
【B】逐列（**依 `g_rows` 原序**·⛔ 未重排）：s 區間 ＝ 於該街廓 (s,t) 框沿 d̂ 之投影
======================================================================================================================================================
  序   街廓   側別     暫編地號          街角           面積㎡   角點      s_min      s_max        s_中
------------------------------------------------------------------------------------------------------------------------------------------------------
  0   R1   left   628-37(1)     是         0.0000    6     0.2603     8.8385     4.5494
  1   R1   left   628-35(2)     否         0.0000    5     6.4796    27.0935    16.7866
  2   R1   right  628(5)        是         0.0000    7    80.2646    90.3965    85.3305
  3   R1   right  628-34(3)     否         0.0000    5    77.8701    83.3483    80.6092
  4   R1   right  628-36(1)     否         0.0000    5    59.8751    80.5514    70.2133
  5   R6   left   628(2)        否         0.0000    5    -0.0000     3.9861     1.9931
  6   R6   left   628-1(2)      否         0.0000    5     0.1552     7.0474     3.6013
  7   R6   left   628-23(1)     否         0.0000    5     3.2289     8.5424     5.8856
  8   R6   left   628-4(1)      否         0.0000    5     4.7299    23.2322    13.9811
  9   R6   left   628-22(1)     否         0.0000    5    19.4791    26.4945    22.9868
  10  R6   left   628-21(1)     否         0.0000    5    22.7545    31.0247    26.8896
  11  R6   right  628-18(1)     是         0.0000    6    78.6338    89.3411    83.9874
  12  R6   right  628-53(1)     否         0.0000    5    78.6279    82.1490    80.3884
  13  R6   right  628-38(1)     否         0.0000    5    75.9319    82.1431    79.0375
  14  R6   right  628-7(1)      否         0.0000    5    69.0326    79.4580    74.2453
  15  R6   right  628-20(1)     否         0.0000    5    61.3548    72.5864    66.9706
  16  R3   left   628(4)        否         0.0000    5    -4.0520     1.0265    -1.5127
  17  R3   left   628-34(2)     否         0.0000    5    -3.0266     6.7435     1.8584
  18  R3   left   628-47(1)     否         0.0000    5     2.6839    10.0150     6.3494
  19  R3   left   628-46(1)     否         0.0000    5     5.9518    11.6742     8.8130
  20  R3   left   628-48(1)     否         0.0000    5     7.6092    14.9417    11.2754
  21  R3   left   628-49(2)     否         0.0000    5    10.8730    16.7417    13.8073
  22  R3   left   628-32(3)     否         0.0000    5    12.6710    26.3223    19.4967
  23  R3   right  628-45(2)     是         0.0000    6    88.2811    93.3461    90.8136
  24  R3   right  628-42(2)     否         0.0000    5    84.6260    89.0422    86.8341
  25  R3   right  628-27(2)     否         0.0000    5    84.0475    88.7771    86.4123
  26  R3   right  628-28(1)     否         0.0000    5    82.6305    88.1979    85.4142
  27  R3   right  628-29(1)     否         0.0000    5    81.2086    86.7793    83.9940
  28  R3   right  628-30(3)     否         0.0000    5    71.2625    85.3559    78.3092
  29  R3   right  628-31(3)     否         0.0000    5    62.7303    75.3987    69.0645

======================================================================================================================================================
【C】BASELINE／FRONT_LINE 之供給形狀（⛔ 只印·不判）
======================================================================================================================================================
  R1: front_lines keys=['angle_deg', 'length', 'p1', 'p2']  baselines keys=['_match', 'angle_deg', 'enabled', 'point', 'source']
        _baseline_pts_from_manual ⇒ list [(310414.41262756614, 2652001.4280392737), (310575.9241724339, 2651830.9107807265)]
        _baseline_normal_axis     ⇒ [310414.412628, 2652001.428039, 0.726019, 0.687675]
  R3: front_lines keys=['angle_deg', 'length', 'p1', 'p2']  baselines keys=['_match', 'angle_deg', 'enabled', 'point', 'source']
        _baseline_pts_from_manual ⇒ list [(310302.78572571586, 2651779.5919387583), (310486.8168742841, 2651984.337141242)]
        _baseline_normal_axis     ⇒ [310302.785726, 2651779.591939, -0.743727, 0.668484]
  R6: front_lines keys=['angle_deg', 'length', 'p1', 'p2']  baselines keys=['_match', 'angle_deg', 'enabled', 'point', 'source']
        _baseline_pts_from_manual ⇒ list [(310374.95162810106, 2651722.5696759764), (310557.451311899, 2651911.7319240235)]
        _baseline_normal_axis     ⇒ [310374.951628, 2651722.569676, -0.719667, 0.694319]
