================================================================================================
【W-G.9-147【甲】 V-3】`_projection_order` 呼叫點之第一實參母體實測
================================================================================================
  HEAD = e9ad89806d632144c5b3a9756ed22f0218283fcf
  app.py blob = b4cc30835feaad03dfc37f394a669bbb45988b8b
  情境 = 0m ／ WV_K6_STEP0 = on

  🔒 量測器自檢①　`ns is _projection_order.__globals__` = **True**
      （True ⇒ 覆寫 `ns[...]` 亦攔得到 `app.py` 內部之直接呼叫）
  🔒 量測器自檢②　人造呼叫後 REC 增量 = **1**（須 1）
  ✅ build_build_parcels 完成（步驟 0 於此路徑內）
  ✅ run_corner_pk 完成
  🛑 管線中止：RuntimeError: 街廓 R2 抵費地計算失敗：🔴 ②-宗 圍堵閘破[R2]：宗-宗重疊 = 45.9766 > 上界 2.8906（(宗數14−1)×0.005×深度44.47）——**超出捨入量子可解釋範圍＝另有病**，停
     ⇒ 其後之呼叫點**未被觀測**（⛔ 非「不存在」）

================================================================================================
§A　觀測到之呼叫點與呼叫次數
================================================================================================
  <app.py:harvest>:11396                         呼叫 8 次
  <app.py:harvest>:7731                          呼叫 2 次
  verify/probes/probe_WG9147_projorder.py:109    呼叫 0 次
  verify/selection_pipeline.py:339               呼叫 6 次
  verify/stepg_pipeline.py:499                   呼叫 2 次

================================================================================================
§B　各呼叫點之第一實參母體（去重後之相異序列）
================================================================================================

  ── <app.py:harvest>:11396 ── 呼叫 8 次／相異序列 8 個
     [0] n=2   ['628-43(1)', '628-40(1)']
     [1] n=2   ['628-45(2)', '628-30(3)']
     [2] n=3   ['628-47(1)', '628-48(1)', '628-49(2)']
     [3] n=2   ['628-28(1)', '628-29(1)']
     [4] n=3   ['628-23(2)', '628-22(2)', '628-21(2)']
     [5] n=3   ['628-20(2)', '628-45(1)', '628-30(1)']
     [6] n=2   ['628(2)', '628-1(2)']
     [7] n=3   ['628-23(1)', '628-22(1)', '628-21(1)']

  ── verify/selection_pipeline.py:339 ── 呼叫 6 次／相異序列 6 個
     [0] n=3   ['628(1)', '628-1(1)', '_GHOST_(R4)']
     [1] n=8   ['628(2)+', '628-7(1)', '628-23(1)+', '628-4(1)', '628-20(1)', '628-18(1)', '628-38(1)', '628-53(1)']
     [2] n=8   ['628(3)', '628-7(2)', '628-32(1)', '628-31(1)', '628-21(2)+', '628-45(1)+', '628-18(2)', '628-53(2)']
     [3] n=14  ['628-35(1)', '628-32(2)', '628-31(2)', '628-52(1)', '628-34(1)', '628-42(1)', '628-41(1)', '628-39(1)', '628-30(2)', '628-49(1)', '628-50(1)', '628-51(1)', '628-40(1)+', '628-27(1)']
     [4] n=10  ['628(4)', '628-32(3)', '628-31(3)', '628-34(2)', '628-42(2)', '628-46(1)', '628-30(3)+', '628-47(1)+', '628-27(2)', '628-29(1)+']
     [5] n=6   ['628-37(1)', '628-36(1)', '628-35(2)', '628(5)', '628-34(3)', '_GHOST_(R1)']

  ── <app.py:harvest>:7731 ── 呼叫 2 次／相異序列 2 個
     [0] n=5   ['628-37(1)', '628-36(1)', '628-35(2)', '628(5)', '628-34(3)']
     [1] n=14  ['628-35(1)', '628-32(2)', '628-31(2)', '628-52(1)', '628-34(1)', '628-42(1)', '628-41(1)', '628-39(1)', '628-30(2)', '628-49(1)', '628-50(1)', '628-51(1)', '628-40(1)+', '628-27(1)']

  ── verify/stepg_pipeline.py:499 ── 呼叫 2 次／相異序列 2 個
     [0] n=5   ['628-37(1)', '628-36(1)', '628-35(2)', '628(5)', '628-34(3)']
     [1] n=14  ['628-35(1)', '628-32(2)', '628-31(2)', '628-52(1)', '628-34(1)', '628-42(1)', '628-41(1)', '628-39(1)', '628-30(2)', '628-49(1)', '628-50(1)', '628-51(1)', '628-40(1)+', '628-27(1)']

================================================================================================
§C　兩兩對拍（以各呼叫點之**聯集集合**為受詞·三態）
================================================================================================
  <app.py:harvest>:11396                   vs verify/selection_pipeline.py:339         ⇒ **集合相異**
       只在前者 (20)：['628(2)', '628-1(2)', '628-20(2)', '628-21(1)', '628-21(2)', '628-22(1)', '628-22(2)', '628-23(1)', '628-23(2)', '628-28(1)', '628-29(1)', '628-30(1)']
       只在後者 (49)：['628(1)', '628(2)+', '628(3)', '628(4)', '628(5)', '628-1(1)', '628-18(1)', '628-18(2)', '628-20(1)', '628-21(2)+', '628-23(1)+', '628-27(1)']
  <app.py:harvest>:11396                   vs <app.py:harvest>:7731                    ⇒ **集合相異**
       只在前者 (20)：['628(2)', '628-1(2)', '628-20(2)', '628-21(1)', '628-21(2)', '628-22(1)', '628-22(2)', '628-23(1)', '628-23(2)', '628-28(1)', '628-29(1)', '628-30(1)']
       只在後者 (19)：['628(5)', '628-27(1)', '628-30(2)', '628-31(2)', '628-32(2)', '628-34(1)', '628-34(3)', '628-35(1)', '628-35(2)', '628-36(1)', '628-37(1)', '628-39(1)']
  <app.py:harvest>:11396                   vs verify/stepg_pipeline.py:499             ⇒ **集合相異**
       只在前者 (20)：['628(2)', '628-1(2)', '628-20(2)', '628-21(1)', '628-21(2)', '628-22(1)', '628-22(2)', '628-23(1)', '628-23(2)', '628-28(1)', '628-29(1)', '628-30(1)']
       只在後者 (19)：['628(5)', '628-27(1)', '628-30(2)', '628-31(2)', '628-32(2)', '628-34(1)', '628-34(3)', '628-35(1)', '628-35(2)', '628-36(1)', '628-37(1)', '628-39(1)']
  verify/selection_pipeline.py:339         vs <app.py:harvest>:7731                    ⇒ **集合相異**
       只在前者 (30)：['628(1)', '628(2)+', '628(3)', '628(4)', '628-1(1)', '628-18(1)', '628-18(2)', '628-20(1)', '628-21(2)+', '628-23(1)+', '628-27(2)', '628-29(1)+']
       只在後者 (0)：[]
  verify/selection_pipeline.py:339         vs verify/stepg_pipeline.py:499             ⇒ **集合相異**
       只在前者 (30)：['628(1)', '628(2)+', '628(3)', '628(4)', '628-1(1)', '628-18(1)', '628-18(2)', '628-20(1)', '628-21(2)+', '628-23(1)+', '628-27(2)', '628-29(1)+']
       只在後者 (0)：[]
  <app.py:harvest>:7731                    vs verify/stepg_pipeline.py:499             ⇒ **逐位相同**

================================================================================================
§D　逐街廓對拍（⭐ 可分辨「真母體差」與「覆蓋差」）
================================================================================================

  ── 街廓 R1 ── 呼叫點 3 個
     verify/selection_pipeline.py:339           n=[6]
     <app.py:harvest>:7731                      n=[5]
     verify/stepg_pipeline.py:499               n=[5]
     verify/selection_pipeline.py:339  vs  <app.py:harvest>:7731  ⇒ **集合相異**
        只在前者：['_GHOST_(R1)']
        只在後者：[]
     verify/selection_pipeline.py:339  vs  verify/stepg_pipeline.py:499  ⇒ **集合相異**
        只在前者：['_GHOST_(R1)']
        只在後者：[]
     <app.py:harvest>:7731  vs  verify/stepg_pipeline.py:499  ⇒ **逐位相同**

  ── 街廓 R2 ── 呼叫點 4 個
     <app.py:harvest>:11396                     n=[2]
     verify/selection_pipeline.py:339           n=[14]
     <app.py:harvest>:7731                      n=[14]
     verify/stepg_pipeline.py:499               n=[14]
     <app.py:harvest>:11396  vs  verify/selection_pipeline.py:339  ⇒ **集合相異**
        只在前者：['628-40(1)', '628-43(1)']
        只在後者：['628-27(1)', '628-30(2)', '628-31(2)', '628-32(2)', '628-34(1)', '628-35(1)', '628-39(1)', '628-40(1)+', '628-41(1)', '628-42(1)', '628-49(1)', '628-50(1)', '628-51(1)', '628-52(1)']
     <app.py:harvest>:11396  vs  <app.py:harvest>:7731  ⇒ **集合相異**
        只在前者：['628-40(1)', '628-43(1)']
        只在後者：['628-27(1)', '628-30(2)', '628-31(2)', '628-32(2)', '628-34(1)', '628-35(1)', '628-39(1)', '628-40(1)+', '628-41(1)', '628-42(1)', '628-49(1)', '628-50(1)', '628-51(1)', '628-52(1)']
     <app.py:harvest>:11396  vs  verify/stepg_pipeline.py:499  ⇒ **集合相異**
        只在前者：['628-40(1)', '628-43(1)']
        只在後者：['628-27(1)', '628-30(2)', '628-31(2)', '628-32(2)', '628-34(1)', '628-35(1)', '628-39(1)', '628-40(1)+', '628-41(1)', '628-42(1)', '628-49(1)', '628-50(1)', '628-51(1)', '628-52(1)']
     verify/selection_pipeline.py:339  vs  <app.py:harvest>:7731  ⇒ **逐位相同**
     verify/selection_pipeline.py:339  vs  verify/stepg_pipeline.py:499  ⇒ **逐位相同**
     <app.py:harvest>:7731  vs  verify/stepg_pipeline.py:499  ⇒ **逐位相同**

  ── 街廓 R3 ── 呼叫點 2 個
     <app.py:harvest>:11396                     n=[2, 3, 2]
     verify/selection_pipeline.py:339           n=[10]
     <app.py:harvest>:11396  vs  verify/selection_pipeline.py:339  ⇒ **集合相異**
        只在前者：['628-30(3)', '628-45(2)']
        只在後者：['628(4)', '628-27(2)', '628-29(1)+', '628-30(3)+', '628-31(3)', '628-32(3)', '628-34(2)', '628-42(2)', '628-46(1)', '628-47(1)+']

  ── 街廓 R4 ── 呼叫點 1 個
     verify/selection_pipeline.py:339           n=[3]

  ── 街廓 R5 ── 呼叫點 2 個
     <app.py:harvest>:11396                     n=[3, 3]
     verify/selection_pipeline.py:339           n=[8]
     <app.py:harvest>:11396  vs  verify/selection_pipeline.py:339  ⇒ **集合相異**
        只在前者：['628-21(2)', '628-22(2)', '628-23(2)']
        只在後者：['628(3)', '628-18(2)', '628-21(2)+', '628-31(1)', '628-32(1)', '628-45(1)+', '628-53(2)', '628-7(2)']

  ── 街廓 R6 ── 呼叫點 2 個
     <app.py:harvest>:11396                     n=[2, 3]
     verify/selection_pipeline.py:339           n=[8]
     <app.py:harvest>:11396  vs  verify/selection_pipeline.py:339  ⇒ **集合相異**
        只在前者：['628(2)', '628-1(2)']
        只在後者：['628(2)+', '628-18(1)', '628-20(1)', '628-23(1)+', '628-38(1)', '628-4(1)', '628-53(1)', '628-7(1)']
