====================================================================================================================================
【W-G.9-69】重烤變動之成因分解：乙式（K-9-5-14） vs 街廓分配深度（N-19′）
====================================================================================================================================
  產生於 commit：f5c4175
  🔒 ⛔ 零生產碼變更；儀器沿用既有者；同一份碼只換 `block_depth` 之來源。

====================================================================================================================================
【A】`block_depth` 之二源（⛔ 二者皆現查·非憑記憶）
====================================================================================================================================
  街廓              D_old（快照檔本體）      D_new（load_snapshot 執行期）        Δ(m)
  R1                   32.9700                       33.1500      0.1800
  R2                   43.9000                       44.4700      0.5700
  R3                   43.6400                       44.3400      0.7000
  R4                   32.5900                       33.1000      0.5100
  R5                   45.0400                       45.7100      0.6700
  R6                   44.5900                       45.5100      0.9200
  🔒 D_old 出處 ＝ `verify\case_params_UC9898.json`（檔案本體）；D_new 出處 ＝ `rv.load_snapshot()`（`K-8 §三` 之記憶體注入）

====================================================================================================================================
【B】街角規定範圍面積之**三態對照**　⇒ 逐格成因分解
====================================================================================================================================
  🔒 `A(D_old)` ＝ 現行碼 ＋ 舊深度；`A(D_new)` ＝ 現行碼 ＋ 新深度（＝側錄所烤者）
  🔒 判：`A(D_old) ≈ baseline`（差 < 0.005）⇒ **該格差額全部係深度所致、乙式份額 ＝ 0**

  🔒 baseline 之出處（逐格現讀·⛔ 非寫死）：baselines\退縮0m參數.csv／baselines\退縮3.5m參數.csv

  ── setback = 0 m ────────────────────────────────────────────────────────────────────────────────────────────────────
  街廓   側         baseline    A(D_old)    A(D_new)   Δ總(new−base)        Δ深度    Δ乙式(old−base)        歸因
  R1   left        109.79    114.9397    114.9397         5.1497     0.0000           5.1497       純乙式
  R1   right       110.56    110.6761    110.6761         0.1161     0.0000           0.1161       純乙式
  R2   left        151.44    152.9867    152.9867         1.5467     0.0000           1.5467       純乙式
  R3   right       152.82    153.8039    153.8039         0.9839     0.0000           0.9839       純乙式
  R4   left        109.20    116.0784    116.0784         6.8784     0.0000           6.8784       純乙式
  R4   right       109.70    111.0215    111.0215         1.3215     0.0000           1.3215       純乙式
  R5   left        146.93    146.5038    146.5038        -0.4262     0.0000          -0.4262       純乙式
  R6   right       146.38    146.3765    146.3765        -0.0035     0.0000          -0.0035       無變動
  ── setback = 3.5 m ────────────────────────────────────────────────────────────────────────────────────────────────────
  街廓   側         baseline    A(D_old)    A(D_new)   Δ總(new−base)        Δ深度    Δ乙式(old−base)        歸因
  R1   left        226.18    226.0114    226.0114        -0.1686     0.0000          -0.1686       純乙式
  R1   right       226.88    227.1284    227.1284         0.2484     0.0000           0.2484       純乙式
  R2   left        309.05    308.1654    308.1654        -0.8846     0.0000          -0.8846       純乙式
  R3   right       308.93    307.7938    307.7938        -1.1362     0.0000          -1.1362       純乙式
  R4   left        225.25    226.0065    226.0065         0.7565     0.0000           0.7565       純乙式
  R4   right       225.67    225.4232    225.4232        -0.2468     0.0000          -0.2468       純乙式
  R5   left        300.52    299.7310    299.7310        -0.7890     0.0000          -0.7890       純乙式
  R6   right       299.13    299.1345    299.1345         0.0045     0.0000           0.0045       無變動
------------------------------------------------------------------------------------------------------------------------------------
  ⇒ **深度 0 格／混 0 格／乙式 14 格／無變動 2 格／無錨 0 格**

====================================================================================================================================
【C】判
====================================================================================================================================
  🛑 **凡「純深度」或「混」之格，其成因⛔ 非施工單 §三 B-2-3 所訂之乙式因果鏈**
     （該鏈逐字：`乙式(K-9-5-14) ⇒ S1_perp … ⇒ 該格門檻由 X 變 Y ⇒ 本欄由 A 變 B`）
  🔒 深度之變動源 ＝ `K-8 §三 commit A` 之 `load_snapshot()` 記憶體注入（`N-19′`），
     其 baseline 重烤**經 KL 裁為待決**（`U-K8-1`·`run_all` 之『引擎↔快照 脫鉤清單』
     逐字：「**殘餘脫鉤項＝檔案本體與 v3 baseline 尚未重烤**（U-K8-1＝乙）」）
  ⇒ 🛑 **依施工單 §三 B-2-4，B-3（原地重烤）⛔ 不得執行；改為只報告。**
====================================================================================================================================
