================================================================================================
[CAPDECOMP] tag=0m  戶數(需求群)=6  塊=['R1', 'R2', 'R3', 'R4', 'R5', 'R6']
------------------------------------------------------------------------------------------------
塊    pool    碎片Σ  forced鎖Σ unreach自檢  reachable   MinA   容量  最小cons 可容上界
R1     779.47    5.33     0.00      5.33      774.14  116.02 658.62   117.23      4
R2     610.75    0.00     0.00      0.00      610.75  155.64 455.61   156.99      2
R3     663.51    0.00   226.91    226.91      436.60  155.19 281.91   156.85      1
R4     651.27    0.00     0.00      0.00      651.27  115.85 535.92   116.86      4
R5     165.01    0.00     0.00      0.00      165.01  159.99   5.52   163.94      0
R6     267.42   85.71     0.00     85.71      181.71  159.28  22.93   161.96      0
------------------------------------------------------------------------------------------------
forced 角落鎖定片明細（塊·側·面積·s區間·s_rel·來源規則）：
  R3 右    226.91㎡  s∈(89.905, 96.803)  s_rel=0.97  ←right_forced_offset
§3 對數（R2左 0.00 ＋ R5左 0.00 ＋ R3右 226.91） = 226.91㎡  vs 235~237 毛短計 → NOT·差 -10.0
------------------------------------------------------------------------------------------------
[甲現況] 可容筆數上界 逐塊 [('R1', 4), ('R2', 2), ('R3', 1), ('R4', 4), ('R5', 0), ('R6', 0)] ｜和=11 vs 需求=6 ｜窮舉=可行
        指派：[('G014', 'R1'), ('G033', 'R1'), ('G020', 'R1'), ('G018', 'R1'), ('G004', 'R3'), ('G015', 'R2')]
[乙釋forced] 可容筆數上界 逐塊 [('R1', 4), ('R2', 2), ('R3', 3), ('R4', 4), ('R5', 0), ('R6', 0)] ｜和=13 vs 需求=6 ｜窮舉=可行
        指派：[('G014', 'R1'), ('G033', 'R1'), ('G020', 'R1'), ('G018', 'R1'), ('G004', 'R3'), ('G015', 'R2')]
[丙釋碎片] 可容筆數上界 逐塊 [('R1', 5), ('R2', 2), ('R3', 1), ('R4', 4), ('R5', 0), ('R6', 0)] ｜和=12 vs 需求=6 ｜窮舉=可行
        指派：[('G014', 'R1'), ('G033', 'R1'), ('G020', 'R1'), ('G018', 'R1'), ('G004', 'R3'), ('G015', 'R1')]
完整 consume matrix（重算·不受現況 reachable 過濾）：
  G004@R1=138.44；G004@R3=157.02；G004@R4=133.26；G014@R1=128.31；G014@R2=157.4；G014@R4=123.48；G014@R6=161.96；G015@R1=117.23；G015@R2=157.08；G015@R3=156.85；G015@R4=116.86；G015@R5=163.94；G015@R6=162.3；G018@R1=137.88；G018@R3=156.87；G018@R4=132.72；G020@R1=138.44；G020@R3=157.02；G020@R4=133.26；G033@R1=138.44；G033@R2=156.99；G033@R4=133.26；G033@R6=162.16
================================================================================================
================================================================================================
[CAPDECOMP] tag=3.5m  戶數(需求群)=9  塊=['R1', 'R2', 'R3', 'R4', 'R5', 'R6']
------------------------------------------------------------------------------------------------
塊    pool    碎片Σ  forced鎖Σ unreach自檢  reachable   MinA   容量  最小cons 可容上界
R1     125.64    5.33     0.00      5.33      120.31  116.02   4.79   117.23      0
R2     985.86    0.00   384.15    384.15      601.71  155.64 446.57   156.99      2
R3     820.24    0.00   383.67    383.67      436.57  155.19 281.88   156.52      1
R4     651.27    0.00     0.00      0.00      651.27  115.85 535.92   116.61      4
R5     536.18    0.00   371.17    371.17      165.01  159.99   5.52   163.83      0
R6     267.42   85.71     0.00     85.71      181.71  159.28  22.93   161.96      0
------------------------------------------------------------------------------------------------
forced 角落鎖定片明細（塊·側·面積·s區間·s_rel·來源規則）：
  R5 左    371.17㎡  s∈(0.269, 10.29)  s_rel=0.039  ←left_forced_offset
  R2 左    384.15㎡  s∈(0.268, 10.388)  s_rel=0.042  ←left_forced_offset
  R3 右    383.67㎡  s∈(86.405, 96.803)  s_rel=0.952  ←right_forced_offset
§3 對數（R2左 384.15 ＋ R5左 371.17 ＋ R3右 383.67） = 1138.99㎡  vs 235~237 毛短計 → NOT·差 902.1
------------------------------------------------------------------------------------------------
[甲現況] 可容筆數上界 逐塊 [('R1', 0), ('R2', 2), ('R3', 1), ('R4', 4), ('R5', 0), ('R6', 0)] ｜和=7 vs 需求=9 ｜窮舉=space 559872>300000·未窮舉
[乙釋forced] 可容筆數上界 逐塊 [('R1', 0), ('R2', 5), ('R3', 4), ('R4', 4), ('R5', 2), ('R6', 0)] ｜和=15 vs 需求=9 ｜窮舉=space 559872>300000·未窮舉
[丙釋碎片] 可容筆數上界 逐塊 [('R1', 0), ('R2', 2), ('R3', 1), ('R4', 4), ('R5', 0), ('R6', 0)] ｜和=7 vs 需求=9 ｜窮舉=space 559872>300000·未窮舉
完整 consume matrix（重算·不受現況 reachable 過濾）：
  G003@R1=117.55；G003@R2=157.56；G003@R3=157.02；G003@R4=116.94；G003@R5=163.89；G003@R6=162.24；G004@R1=138.44；G004@R3=156.52；G004@R4=133.26；G014@R1=128.31；G014@R2=157.4；G014@R4=123.48；G014@R6=161.96；G015@R1=117.23；G015@R2=157.08；G015@R3=156.85；G015@R4=116.86；G015@R5=163.94；G015@R6=162.3；G016@R1=117.51；G016@R2=157.12；G016@R3=156.91；G016@R4=116.99；G016@R5=163.83；G016@R6=161.97；G018@R1=137.88；G018@R3=156.86；G018@R4=132.72；G020@R1=138.44；G020@R3=156.52；G020@R4=133.26；G025@R1=117.47；G025@R2=157.4；G025@R3=157.06；G025@R4=116.61；G025@R5=164.35；G025@R6=162.36；G033@R1=138.44；G033@R2=156.99；G033@R4=133.26；G033@R6=162.16
================================================================================================
