======================================================================================================================
【裁定 N·§4.1-1】s 域／超界面積　情境 0m（退縮 0.0m）
----------------------------------------------------------------------------------------------------------------------
塊          s_min      s_max      s(p2)     近端 s<0    遠端 s>p2       街廓面積    L 側街    R 側街  L forced  R forced
  （非分配街廓·無 FRONT_LINE·不適用本裁定：[('G1', '鄰里公園'), ('RD1', '道路'), ('RD2', '道路'), ('RD3', '道路'), ('RD4', '道路')]）
R1       -0.3248    87.7155    87.3130     5.3255     6.5961  2893.5531       有       有         否         否
R2        0.2677   100.0274   100.0274     0.0000     0.0001  4368.6033       有       無         否         否
R3       -0.0000    96.8032    93.4051     0.0001    75.7782  4206.7996       無       有         否         否
R4        0.1759    98.7170    98.8938     0.0000     0.0000  3207.8665       有       有         否         否
R5        0.2685    92.7995    92.7995     0.0000     0.0000  4150.2149       有       無         否         否
R6       -3.6068    85.8549    85.8549    85.7064     0.0000  3976.3037       無       有         否         否

【裁定 N·§4.1-2／3】左端改自 s_min 起算之試算　情境 0m｜s_min<0 之塊：['R1', 'R3', 'R6']
----------------------------------------------------------------------------------------------------------------------
  ▸ R1｜左組 2 宗｜業主宗 5 宗｜ΣG 1718.9200｜Σ幾何後之池 1174.6431｜街廓 2893.5531｜左側街 有 🚩G-W 耦合殘留
    現行左起點 s0 = 0.0000（＝首宗累積S − S；無 forced 時應 ≈0）　→　裁定 N 之新起點 s_min = -0.3248　⇒ 楔形 5.3255㎡ 納入首宗迭代
    宗                   G 目標      舊 S      新 S       ΔS      舊迄 s      新迄 s      前移量
    628-37(1)         208.72   6.4900   6.6587  +0.1687    6.4900    6.3338  -0.1562
    628-35(2)         600.21  18.1000  18.1023  +0.0023   24.5900   24.4362  -0.1538
    ⇒ 左組末宗迄 s：24.5900 → 24.4362（**前移 0.1538m**·負＝往近端縮）
    ⇒ 池形狀：舊 = 楔形[-0.3248,0.0000] 5.3255㎡（孤立·無人可及）＋ 中央池；新 = 楔形併入首宗、中央池自 24.5900 前移至 24.4362 ⇒ **池片數 2→1**
    ⇒ 守恆自檢：ΣG(左組) 舊 808.9300 == 新 808.9300（構造·G 目標未動）｜左組幾何面積 舊 808.9300 → 新 808.9300（差 +0.0000＝原「幾何面積 vs G」殘差·非本裁定所生）
    ⇒ 池總量：舊 1174.6431 → 新 1174.6431（差 +0.0000）　✅ 守恆
  ▸ R3｜左組 7 宗｜業主宗 14 宗｜ΣG 2411.6400｜Σ幾何後之池 1795.1696｜街廓 4206.7996｜左側街 無（試算對本塊精確）
    現行左起點 s0 = 0.0000（＝首宗累積S − S；無 forced 時應 ≈0）　→　裁定 N 之新起點 s_min = -0.0000　⇒ 楔形 0.0001㎡ 納入首宗迭代
    宗                   G 目標      舊 S      新 S       ΔS      舊迄 s      新迄 s      前移量
    628(4)             44.90   1.0300   1.0267  -0.0033    1.0300    1.0267  -0.0033
    628-34(2)         250.25   5.7200   5.7170  -0.0030    6.7500    6.7437  -0.0063
    628-47(1)         143.39   3.2700   3.2717  +0.0017   10.0200   10.0154  -0.0046
    628-46(1)          72.77   1.6600   1.6593  -0.0007   11.6800   11.6747  -0.0053
    628-48(1)         143.40   3.2700   3.2675  -0.0025   14.9500   14.9422  -0.0078
    628-49(2)          79.05   1.8000   1.8000  -0.0000   16.7500   16.7422  -0.0078
    628-32(3)         421.41   9.5800   9.5806  +0.0006   26.3300   26.3228  -0.0072
    ⇒ 左組末宗迄 s：26.3300 → 26.3228（**前移 0.0072m**·負＝往近端縮）
    ⇒ 池形狀：舊 = 楔形[-0.0000,0.0000] 0.0001㎡（孤立·無人可及）＋ 中央池；新 = 楔形併入首宗、中央池自 26.3300 前移至 26.3228 ⇒ **池片數 2→1**
    ⇒ 守恆自檢：ΣG(左組) 舊 1155.1700 == 新 1155.1700（構造·G 目標未動）｜左組幾何面積 舊 1155.1500 → 新 1155.1700（差 +0.0200＝原「幾何面積 vs G」殘差·非本裁定所生）
    ⇒ 池總量：舊 1795.1696 → 新 1795.1496（差 -0.0200）　✅ 守恆
  ▸ R6｜左組 6 宗｜業主宗 11 宗｜ΣG 2347.5700｜Σ幾何後之池 1628.6937｜街廓 3976.3037｜左側街 無（試算對本塊精確）
    現行左起點 s0 = 0.0000（＝首宗累積S − S；無 forced 時應 ≈0）　→　裁定 N 之新起點 s_min = -3.6068　⇒ 楔形 85.7064㎡ 納入首宗迭代
    宗                   G 目標      舊 S      新 S       ΔS      舊迄 s      新迄 s      前移量
    628(2)              7.37   0.1600   1.0577  +0.8977    0.1600   -2.5491  -2.7091
    628-1(2)          145.82   3.0700   3.9701  +0.9001    3.2300    1.4210  -1.8090
    628-23(1)          71.03   1.5000   1.4980  -0.0020    4.7300    2.9190  -1.8110
    628-4(1)          692.05  14.7500  14.7207  -0.0293   19.4800   17.6397  -1.8403
    628-22(1)         152.21   3.2800   3.2689  -0.0111   22.7600   20.9086  -1.8514
    628-21(1)         210.48   4.5500   4.5393  -0.0107   27.3100   25.4479  -1.8621
    ⇒ 左組末宗迄 s：27.3100 → 25.4479（**前移 1.8621m**·負＝往近端縮）
    ⇒ 池形狀：舊 = 楔形[-3.6068,0.0000] 85.7064㎡（孤立·無人可及）＋ 中央池；新 = 楔形併入首宗、中央池自 27.3100 前移至 25.4479 ⇒ **池片數 2→1**
    ⇒ 守恆自檢：ΣG(左組) 舊 1278.9600 == 新 1278.9600（構造·G 目標未動）｜左組幾何面積 舊 1278.9700 → 新 1278.9600（差 -0.0100＝原「幾何面積 vs G」殘差·非本裁定所生）
    ⇒ 池總量：舊 1628.6937 → 新 1628.7037（差 +0.0100）　✅ 守恆
======================================================================================================================
【裁定 N·§4.1-1】s 域／超界面積　情境 3.5m（退縮 3.5m）
----------------------------------------------------------------------------------------------------------------------
塊          s_min      s_max      s(p2)     近端 s<0    遠端 s>p2       街廓面積    L 側街    R 側街  L forced  R forced
  （非分配街廓·無 FRONT_LINE·不適用本裁定：[('G1', '鄰里公園'), ('RD1', '道路'), ('RD2', '道路'), ('RD3', '道路'), ('RD4', '道路')]）
R1       -0.3248    87.7155    87.3130     5.3255     6.5961  2893.5531       有       有         否         否
R2        0.2677   100.0274   100.0274     0.0000     0.0001  4368.6033       有       無         是         否
R3       -0.0000    96.8032    93.4051     0.0001    75.7782  4206.7996       無       有         否         是
R4        0.1759    98.7170    98.8938     0.0000     0.0000  3207.8665       有       有         否         否
R5        0.2685    92.7995    92.7995     0.0000     0.0000  4150.2149       有       無         是         否
R6       -3.6068    85.8549    85.8549    85.7064     0.0000  3976.3037       無       有         否         否

【裁定 N·§4.1-2／3】左端改自 s_min 起算之試算　情境 3.5m｜s_min<0 之塊：['R1', 'R3', 'R6']
----------------------------------------------------------------------------------------------------------------------
  ▸ R1｜左組 1 宗｜業主宗 5 宗｜ΣG 1719.1600｜Σ幾何後之池 1174.3831｜街廓 2893.5531｜左側街 有 🚩G-W 耦合殘留
    現行左起點 s0 = 0.0000（＝首宗累積S − S；無 forced 時應 ≈0）　→　裁定 N 之新起點 s_min = -0.3248　⇒ 楔形 5.3255㎡ 納入首宗迭代
    宗                   G 目標      舊 S      新 S       ΔS      舊迄 s      新迄 s      前移量
    628-36(1)         576.44  17.5800  17.7486  +0.1686   17.5800   17.4238  -0.1562
    ⇒ 左組末宗迄 s：17.5800 → 17.4238（**前移 0.1562m**·負＝往近端縮）
    ⇒ 池形狀：舊 = 楔形[-0.3248,0.0000] 5.3255㎡（孤立·無人可及）＋ 中央池；新 = 楔形併入首宗、中央池自 17.5800 前移至 17.4238 ⇒ **池片數 2→1**
    ⇒ 守恆自檢：ΣG(左組) 舊 576.4400 == 新 576.4400（構造·G 目標未動）｜左組幾何面積 舊 576.4500 → 新 576.4400（差 -0.0100＝原「幾何面積 vs G」殘差·非本裁定所生）
    ⇒ 池總量：舊 1174.3831 → 新 1174.3931（差 +0.0100）　✅ 守恆
  ▸ R3｜左組 7 宗｜業主宗 14 宗｜ΣG 2436.6100｜Σ幾何後之池 1770.2196｜街廓 4206.7996｜左側街 無（試算對本塊精確）
    現行左起點 s0 = 0.0000（＝首宗累積S − S；無 forced 時應 ≈0）　→　裁定 N 之新起點 s_min = -0.0000　⇒ 楔形 0.0001㎡ 納入首宗迭代
    宗                   G 目標      舊 S      新 S       ΔS      舊迄 s      新迄 s      前移量
    628(4)             44.90   1.0300   1.0267  -0.0033    1.0300    1.0267  -0.0033
    628-34(2)         250.25   5.7200   5.7170  -0.0030    6.7500    6.7437  -0.0063
    628-47(1)         143.39   3.2700   3.2717  +0.0017   10.0200   10.0154  -0.0046
    628-46(1)          72.77   1.6600   1.6593  -0.0007   11.6800   11.6747  -0.0053
    628-48(1)         143.40   3.2700   3.2675  -0.0025   14.9500   14.9422  -0.0078
    628-49(2)          79.05   1.8000   1.8000  -0.0000   16.7500   16.7422  -0.0078
    628-32(3)         421.41   9.5800   9.5806  +0.0006   26.3300   26.3228  -0.0072
    ⇒ 左組末宗迄 s：26.3300 → 26.3228（**前移 0.0072m**·負＝往近端縮）
    ⇒ 池形狀：舊 = 楔形[-0.0000,0.0000] 0.0001㎡（孤立·無人可及）＋ 中央池；新 = 楔形併入首宗、中央池自 26.3300 前移至 26.3228 ⇒ **池片數 2→1**
    ⇒ 守恆自檢：ΣG(左組) 舊 1155.1700 == 新 1155.1700（構造·G 目標未動）｜左組幾何面積 舊 1155.1400 → 新 1155.1700（差 +0.0300＝原「幾何面積 vs G」殘差·非本裁定所生）
    ⇒ 池總量：舊 1770.2196 → 新 1770.1896（差 -0.0300）　✅ 守恆
  ▸ R6｜左組 6 宗｜業主宗 11 宗｜ΣG 2347.5700｜Σ幾何後之池 1628.6937｜街廓 3976.3037｜左側街 無（試算對本塊精確）
    現行左起點 s0 = 0.0000（＝首宗累積S − S；無 forced 時應 ≈0）　→　裁定 N 之新起點 s_min = -3.6068　⇒ 楔形 85.7064㎡ 納入首宗迭代
    宗                   G 目標      舊 S      新 S       ΔS      舊迄 s      新迄 s      前移量
    628(2)              7.37   0.1600   1.0577  +0.8977    0.1600   -2.5491  -2.7091
    628-1(2)          145.82   3.0700   3.9701  +0.9001    3.2300    1.4210  -1.8090
    628-23(1)          71.03   1.5000   1.4980  -0.0020    4.7300    2.9190  -1.8110
    628-4(1)          692.05  14.7500  14.7207  -0.0293   19.4800   17.6397  -1.8403
    628-22(1)         152.21   3.2800   3.2689  -0.0111   22.7600   20.9086  -1.8514
    628-21(1)         210.48   4.5500   4.5393  -0.0107   27.3100   25.4479  -1.8621
    ⇒ 左組末宗迄 s：27.3100 → 25.4479（**前移 1.8621m**·負＝往近端縮）
    ⇒ 池形狀：舊 = 楔形[-3.6068,0.0000] 85.7064㎡（孤立·無人可及）＋ 中央池；新 = 楔形併入首宗、中央池自 27.3100 前移至 25.4479 ⇒ **池片數 2→1**
    ⇒ 守恆自檢：ΣG(左組) 舊 1278.9600 == 新 1278.9600（構造·G 目標未動）｜左組幾何面積 舊 1278.9700 → 新 1278.9600（差 -0.0100＝原「幾何面積 vs G」殘差·非本裁定所生）
    ⇒ 池總量：舊 1628.6937 → 新 1628.7037（差 +0.0100）　✅ 守恆
======================================================================================================================
【兩情境 s 域一致性】s 域＝街廓頂點×FRONT/ALLOC 之純幾何量 ⇒ 應與退縮無關
  差異塊：（無·兩情境逐位相同 ✅）
======================================================================================================================
【結論】
  🔴 R1：s_min=-0.3248 <0 ⇒ 近端漏配 5.3255㎡（|s_min| = 0.3248m 段）
  🔴 R3：s_min=-0.0000 <0 ⇒ 近端漏配 0.0001㎡（|s_min| = 0.0000m 段）
  🔴 R6：s_min=-3.6068 <0 ⇒ 近端漏配 85.7064㎡（|s_min| = 3.6068m 段）
  ⚪ R1：遠端 s>s(p2) 尚有 6.5961㎡——**已由 step 0 `_oblique_s_max` 納入分配範圍**（N-1 明示遠端不動）
  ⚪ R3：遠端 s>s(p2) 尚有 75.7782㎡——**已由 step 0 `_oblique_s_max` 納入分配範圍**（N-1 明示遠端不動）
======================================================================================================================
