==========================================================================================================================
【W-G.9-190R commit 4】族③ 切換之主閘 G-4／G-5 ＋ 三量之復量 — ⛔ 本檔零生產碼
==========================================================================================================================
  環境：python 3.13.11
  🛑 `G-4`／`G-5` **一律直接對 `app.py` 檔案 `grep -F`**——單 `§六-5` 逐字：
     ⛔ 不得以 `S-6` 之清單為族③ 之閘（其於 log 命中恆 `0` 係 `GB-115` 之顯示截斷，
     ⛔ 非「受詞不存在」；以其立閘者將**恆綠**）。

── `G-4`（源碼層）──
  【現況（族③ 切換後）】
    'b': _left_buffer_S * _cos_dn          命中 0（須 0）✅
    'b': _right_buffer_S * _cos_dn         命中 0（須 0）✅
    k956_W_from_mp(...) 之委派呼叫              命中 1（須 ≥1）✅
  🔒 `G-4` 之判：✅ **過**

── `G-5`（判別力造·⛔ 不可省）──
  🔒 還原係於**記憶體內之字串副本**上為之 ⇒ ⛔ 未落檔、⛔ 未動工作樹
  【還原舊式後（二框須各得 1）】
    'b': _left_buffer_S * _cos_dn          命中 1（須 0）🔴
    'b': _right_buffer_S * _cos_dn         命中 1（須 0）🔴
    k956_W_from_mp(...) 之委派呼叫              命中 1（須 ≥1）✅
  🔒 `G-5` 之判：✅ **過**（還原後二框各得 `1` ⇒ `G-4` ⛔ 非恆綠）

── 族③ 之預測（`§六-5`）：`R2` 三量**⛔ 不再變動** ──
  族② 後（commit 3 現跑）：33.0810700422 ／ 2 ／ 3
  **族③ 後（本批現跑）**  ：33.0810700422 ／ 2 ／ 3
  🔒 |Δ| 池帶2 寬 5.542e-13（容差 1e-04）／退化帶 +0／`merged` +0
  🔒 預測之判：✅ **⛔ 未再變動**（與族② 後逐項相同）

  🛑 **本量之通道限（明載·⛔ 不得省）**：族③ 之受詞 `_select_pool_slot` 之 `'b'` 槽
     位於 `app.py` 之 `main()` 內，而 harness 走 `verify/stepg_pipeline.py` 之複本
     ⇒ **本量對族③ 之切換<u>結構上不敏感</u>**——其「未變動」係**必然**、
     ⛔ **非**「切換無後果」之證據。族③ 之實質證明在 `G-4`／`G-5`（源碼層）。
     🔒 殘餘風險歸 `GB-123`，本批**⛔ 不解除、明載之**。

── 停機款 `8`：`[T2-DIAG]` 之逐街廓（本趟）──
  R1  ｜ 1 列｜[T2-DIAG] 街廓 R1｜宗數 5｜池帶 3 片｜池帶 s 寬 [35.2871  17.8897  0.2890]｜池帶面積 [1169.7082  5.3835  0.0046]｜Σ池 1175.0963｜覆蓋
  R2  ｜ 1 列｜[T2-DIAG] 街廓 R2｜宗數 14｜池帶 2 片｜池帶 s 寬 [8.4283  33.0811]｜池帶面積 [308.1700  1471.2568]｜Σ池 1779.4268｜覆蓋殘差 0.0000｜Σ 殘差
  R3  ｜ 1 列｜[T2-DIAG] 街廓 R3｜宗數 10｜池帶 1 片｜池帶 s 寬 [40.5337]｜池帶面積 [1795.1328]｜Σ池 1795.1328｜覆蓋殘差 0.0001｜Σ 殘差 -0.0001｜宗-宗疊 0.00
  R4  ｜ 1 列｜[T2-DIAG] 街廓 R4｜宗數 2｜池帶 5 片｜池帶 s 寬 [35.3260  0.1686  43.9993  1.6580  49.0178]｜池帶面積 [1169.5585  0.2988  26.093
  R5  ｜ 0 列｜🔴 ⛔ 無（期望事實）
  R6  ｜ 1 列｜[T2-DIAG] 街廓 R6｜宗數 8｜池帶 2 片｜池帶 s 寬 [3.6068  34.0520]｜池帶面積 [85.7064  1543.0063]｜Σ池 1628.7127｜覆蓋殘差 0.0000｜Σ 殘差 -

==========================================================================================================================
🛑 總判：`G-4` ✅ ／ `G-5` ✅ ／ 三量未變 ✅ ⇒ ✅ 全過
==========================================================================================================================
