==================================================================================================================================================================================
【W-G.9-43】§C 平行判測 ＋ §D 15 宗重分類 ＋ §F 三讀法並列
==================================================================================================================================================================================
  產生於 commit：e2e8276
  🔴 ⛔ 零生產碼——幾何原語全為呼叫；框／弦／斷點法取自 `probe_WG941_bandbase`（已過 C-1 閘）

【C-2】平行判準之判別力自檢（⛔ 附實際輸出）
----------------------------------------------------------------------------------------------------------------------------------------------------------------------------------
  項                    甲     乙     丙       分量差max      夾角(rad)    期甲    期乙    期丙  判
  人造·完全平行             平行    平行    平行    0.000e+00    0.000e+00    平行    平行    平行  ✅
  人造·反向平行             平行    平行    平行    0.000e+00    0.000e+00    平行    平行    平行  ✅
  人造·0.01 rad        不平行   不平行   不平行    9.136e-03    1.000e-02   不平行   不平行   不平行  ✅
  人造·4e-4 rad         平行    平行    平行    3.662e-04    4.000e-04    平行    平行     —  ✅
  人造·1e-3 rad        不平行   不平行   不平行    9.155e-04    1.000e-03   不平行   不平行     —  ✅
  丙·同格(1e-3)         不平行   不平行    平行    1.000e-03    1.116e-03   不平行   不平行    平行  ✅
  丙·跨格(2e-5)          平行    平行   不平行    2.000e-05    2.754e-05    平行    平行   不平行  ✅
  🔒 門檻：甲 分量差 < 5.0e-04（**CC 明訂**）／乙 夾角 < √2×5e-4 ＝ 7.071e-04 rad（**由甲導出**）／丙 **捨入至 3 位後相等**（**正典逐字之直譯**）
  🔴 **甲與乙⛔ 非獨立佐證**——乙之門檻由甲之最劣情形導出
     ⇒ `n` 份佐證若共用同一門檻之換算，則 `n = 1`
     ⇒ `W-G.9-43` 之「兩讀法一致 ⇒ `S-4` 未觸發」**不成立**（`W-G.9-44` 更正）。
  🔒 **丙式之判別力（⛔ 專屬對照物）**：
     · 同格例 `(0.896274360, 0.443500025)` vs `(0.895778856, 0.444499991)`：差 **9.9997e-04**（**> 甲門檻**）
       🔒 **⛔ 須印 9 位**：若只印 6 位（`0.443500`／`0.444500`），讀者重算 `y` 會得 `0.444` vs `0.445`（**跨格**）⇒ 與本項之「丙判平行」相反。
       而兩分量**皆同格 (0.896, 0.444)** ⇒ **甲判不平行 ∧ 丙判平行**
     · 跨格例 `0.68749` vs `0.68751`：差 **2.0e-05**（≪ 甲門檻）而**跨格**
       ⇒ **甲判平行 ∧ 丙判不平行**
     ⇒ 丙式**非恆真亦非恆假**；且二例使甲丙**各自互為相反**（兩方向各一）
       ⇒ **甲與丙不等價**係**雙向坐實**，⛔ 非單向舉例。
  ⇒ 自檢：PASS

==================================================================================================================================================================================
【C-1】`K-9-6-h ④` 平行判準之逐街廓實測（⛔ 只取 `run_step_g` 成功者）
==================================================================================================================================================================================
  🔴 **受詞 ＝ 兩條線本身**（FRONTLINE 之 p1→p2 ／ BASELINE 之 `_baseline_pts_from_manual`）
  🔴 ⛔ **未以「後緣角點之 t 差」反推**——該量之容差 ＝ `_EPS_TOUCH_FRONT` ＝ 0.01 m，與待測之差同數量級 ⇒ 判別力不足（§C-3）。

  ── R1 ──
     FRONTLINE 原始向量 = (+60.017070000, -63.415430000)　長 87.313031407
     BASELINE  原始向量 = (+161.511544868, -170.517258547)　長 234.866163140
     單位化    FRONT    = (+0.687378150007, -0.726299716986)
     單位化    BASE     = (+0.687674813215, -0.726018836718)
     分量差 同號 |Δx|=2.966632e-04 |Δy|=2.808803e-04　｜ 反號 |Δx|=1.375053e+00 |Δy|=1.452319e+00
     ⇒ 採號規 +1（較有利於判平行）·分量差 max ＝ **2.966632e-04**　夾角 ＝ **4.085374e-04 rad**（＝ 0.023407°）
     捨入至 3 位：F (0.687, -0.726)　B(同號) (0.688, -0.726)　B(反號) (-0.688, 0.726)
     【甲】分量差 < 5.0e-04 ⇒ **平行**　｜【乙】夾角 < 7.071e-04 ⇒ **平行**　｜【丙】捨入後相等 ⇒ **不平行**
     ⇒ 🛑 **三讀法不一致 ⇒ `GB-65` 阻塞·無從判定（S-4）**　🔴 甲乙非獨立（乙由甲導出）⇒ 實為「甲乙」vs「丙」之二分

  ── R6 ──
     FRONTLINE 原始向量 = (-62.627570000, -58.726990000)　長 85.854946733
     BASELINE  原始向量 = (+182.499683798, +189.162248047)　長 262.846895878
     單位化    FRONT    = (-0.729457909917, -0.684025699561)
     單位化    BASE     = (+0.694319342020, +0.719667041969)
     分量差 同號 |Δx|=1.423777e+00 |Δy|=1.403693e+00　｜ 反號 |Δx|=3.513857e-02 |Δy|=3.564134e-02
     ⇒ 採號規 -1（較有利於判平行）·分量差 max ＝ **3.564134e-02**　夾角 ＝ **5.005544e-02 rad**（＝ 2.867966°）
     捨入至 3 位：F (-0.729, -0.684)　B(同號) (0.694, 0.72)　B(反號) (-0.694, -0.72)
     【甲】分量差 < 5.0e-04 ⇒ **不平行**　｜【乙】夾角 < 7.071e-04 ⇒ **不平行**　｜【丙】捨入後相等 ⇒ **不平行**
     ⇒ ✅ 三讀法一致

  ── R3 ──
     FRONTLINE 原始向量 = (-61.597680000, -70.215670000)　長 93.405109576
     BASELINE  原始向量 = (+184.031148568, +204.745202484)　長 275.296315964
     單位化    FRONT    = (-0.659467991415, -0.751732644162)
     單位化    BASE     = (+0.668483876814, +0.743726634214)
     分量差 同號 |Δx|=1.327952e+00 |Δy|=1.495459e+00　｜ 反號 |Δx|=9.015885e-03 |Δy|=8.006010e-03
     ⇒ 採號規 -1（較有利於判平行）·分量差 max ＝ **9.015885e-03**　夾角 ＝ **1.205753e-02 rad**（＝ 0.690846°）
     捨入至 3 位：F (-0.659, -0.752)　B(同號) (0.668, 0.744)　B(反號) (-0.668, -0.744)
     【甲】分量差 < 5.0e-04 ⇒ **不平行**　｜【乙】夾角 < 7.071e-04 ⇒ **不平行**　｜【丙】捨入後相等 ⇒ **不平行**
     ⇒ ✅ 三讀法一致

  ⛔ R2：`run_step_g` raise ⇒ **未量**（RuntimeError: 街廓 R2 抵費地計算失敗：🔴 ②-宗 圍堵閘破[R2]：宗-宗重疊 = 45.9766 > 上界 3.1129（(宗數15−1)×0.005×深度44.47）——**超出捨入量子可解釋範圍＝另有病**，停）
  ⛔ R4：`run_step_g` raise ⇒ **未量**（RuntimeError: 🔴 結構閘 理論＝實跑 破：街廓 R4 right 側 理論@k*=87.83 ≠ 實跑(階段1)=85.42（Δ=2.415 >0.1）｜參考 ΣΔ_i=+0.000（**⛔ 未用於本式**·實測反證見碼註）｜逐界面：[Δ_i·R4·right] （無界面））
  ⛔ R5：`run_step_g` raise ⇒ **未量**（RuntimeError: 街廓 R5 抵費地計算失敗：🔴 ②-宗 圍堵閘破[R5]：宗-宗重疊 = 56.3293 > 上界 2.5141（(宗數12−1)×0.005×深度45.71）——**超出捨入量子可解釋範圍＝另有病**，停）

==================================================================================================================================================================================
【D-1】15 宗（`I_F ∩ I_B = ∅` 者）之逐宗量 ＋ 全母體之 `GB-70` 旗標
==================================================================================================================================================================================
  街廓   側     暫編地號                 面積㎡     |I_F|     |I_B|       min       傾移近       傾移遠     法定寬    零條?   GB-70旗  分類
  R1   right 628-34(3)          86.00    2.3944    2.7968    2.3944    3.0837    2.6813    3.50      是        否  🛑 `GB-65` 阻塞·無從判定
  R6   left  628(2)              7.38    0.1552    0.1546    0.1546    3.8315    3.8309    3.50      是        否  `K-9-11`：不配地·由下一投影序號遞補
  R6   left  628-1(2)          145.82    3.0737    3.0613    3.0613    3.8309    3.8185    3.50      是        否  `K-9-11`：不配地·由下一投影序號遞補
  R6   left  628-23(1)          71.03    1.5010    1.4949    1.4949    3.8185    3.8125    3.50      是        否  `K-9-11`：不配地·由下一投影序號遞補
  R6   left  628-22(1)         152.21    3.2754    3.2623    3.2623    3.7531    3.7400    3.50      是        否  `K-9-11`：不配地·由下一投影序號遞補
  R6   right 628-53(1)           0.26    0.0059    0.0059    0.0059    3.5152    3.5152    3.50      是        —  **上游狀態不合規**（碎片·⛔ 不改列 `K-9-11`）
  R6   right 628-38(1)         117.73    2.6960    2.6852    2.6852    3.5152    3.5261    3.50      是        否  `K-9-11`：不配地·由下一投影序號遞補
  R3   left  628(4)             44.89    1.0265    1.0254    1.0254    4.0520    4.0532    3.50      是        否  `K-9-11`：不配地·由下一投影序號遞補
  R3   left  628-47(1)         143.38    3.2715    3.2678    3.2678    4.0595    4.0632    3.50      是        否  `K-9-11`：不配地·由下一投影序號遞補
  R3   left  628-46(1)          72.77    1.6593    1.6574    1.6574    4.0632    4.0650    3.50      是        否  `K-9-11`：不配地·由下一投影序號遞補
  R3   left  628-48(1)         143.40    3.2674    3.2638    3.2638    4.0650    4.0687    3.50      是        否  `K-9-11`：不配地·由下一投影序號遞補
  R3   left  628-49(2)          79.05    1.8001    1.7981    1.7981    4.0687    4.0707    3.50      是        否  `K-9-11`：不配地·由下一投影序號遞補
  R3   right 628-42(2)          87.90    0.2651    3.6551    0.2651    0.7611    4.1511    3.50      是        否  `K-9-11`：不配地·由下一投影序號遞補
  R3   right 628-27(2)          25.94    0.5792    0.5785    0.5785    4.1511    4.1505    3.50      是        否  `K-9-11`：不配地·由下一投影序號遞補
  R3   right 628-28(1)          63.52    1.4186    1.4170    1.4170    4.1505    4.1489    3.50      是        否  `K-9-11`：不配地·由下一投影序號遞補
  R3   right 628-29(1)          63.72    1.4234    1.4218    1.4218    4.1489    4.1473    3.50      是        否  `K-9-11`：不配地·由下一投影序號遞補
----------------------------------------------------------------------------------------------------------------------------------------------------------------------------------
  零條合格垂線之宗（**扣除碎片後**）＝ **15** 宗／面積合計 **1304.7400 ㎡**
  ＋ 碎片宗（**上游狀態不合規**·⛔ 不改列 `K-9-11`）＝ **1** 宗／**0.2600 ㎡** ⇒ 二者⛔ 不得相加為一個結論
      R6/628-53(1)　面積 0.2600　|I_F| 0.0059　|I_B| 0.0059
  🔴 `GB-70` 旗標（法定寬合格 ∧ 零條合格垂線）＝ **0** 宗
     🔒 零計數之構造證：旗標式 ＝ `min(|I_F|,|I_B|) ≥ 法定寬` ∧ `零條`；
       二子句於本母體皆各自出現過（零條 15 宗；min 寬 ≥ 3.50 者見上表 R3/R6 多宗）
       ⇒ 其合取非結構恆假，僅本案無宗同時滿足。

【D-3】對拍施工單 §D-3 之表（⛔ 未逕抄·自行重算後逐格比）
----------------------------------------------------------------------------------------------------------------------------------------------------------------------------------
  暫編地號          欄                 單載          實得           差  判
  628-34(3)     面積           86.0000     86.0000   +0.000000  ✅
  628-34(3)     |I_F|         2.3945      2.3944   -0.000055  ✅
  628-34(3)     |I_B|         2.7969      2.7968   -0.000066  ✅
  628-34(3)     傾移            2.6813         近=3.0837 遠=2.6813　單所載 ＝ **遠**
  628(2)        面積            7.3800      7.3800   +0.000000  ✅
  628(2)        |I_F|         0.1552      0.1552   +0.000040  ✅
  628(2)        |I_B|         0.1546      0.1546   +0.000016  ✅
  628(2)        傾移            3.8315         近=3.8315 遠=3.8309　單所載 ＝ **近**
  628-1(2)      面積          145.8200    145.8200   +0.000000  ✅
  628-1(2)      |I_F|         3.0737      3.0737   -0.000013  ✅
  628-1(2)      |I_B|         3.0613      3.0613   +0.000023  ✅
  628-1(2)      傾移            3.8309         近=3.8309 遠=3.8185　單所載 ＝ **近**
  628-23(1)     面積           71.0300     71.0300   +0.000000  ✅
  628-23(1)     |I_F|         1.5010      1.5010   -0.000050  ✅
  628-23(1)     |I_B|         1.4950      1.4949   -0.000088  ✅
  628-23(1)     傾移            3.8185         近=3.8185 遠=3.8125　單所載 ＝ **近**
  628-22(1)     面積          152.2100    152.2100   +0.000000  ✅
  628-22(1)     |I_F|         3.2754      3.2754   +0.000044  ✅
  628-22(1)     |I_B|         3.2623      3.2623   -0.000032  ✅
  628-22(1)     傾移            3.7531         近=3.7531 遠=3.7400　單所載 ＝ **近**
  628-38(1)     面積          117.7300    117.7300   +0.000000  ✅
  628-38(1)     |I_F|         2.6960      2.6960   +0.000015  ✅
  628-38(1)     |I_B|         2.6851      2.6852   +0.000070  ✅
  628-38(1)     傾移            3.5261         近=3.5152 遠=3.5261　單所載 ＝ **遠**
  628(4)        面積           44.8900     44.8900   +0.000000  ✅
  628(4)        |I_F|         1.0265      1.0265   +0.000035  ✅
  628(4)        |I_B|         1.0254      1.0254   -0.000010  ✅
  628(4)        傾移            4.0520         近=4.0520 遠=4.0532　單所載 ＝ **近**
  628-47(1)     面積          143.3800    143.3800   +0.000000  ✅
  628-47(1)     |I_F|         3.2715      3.2715   -0.000002  ✅
  628-47(1)     |I_B|         3.2679      3.2678   -0.000053  ✅
  628-47(1)     傾移            4.0596         近=4.0595 遠=4.0632　單所載 ＝ **近**
  628-46(1)     面積           72.7700     72.7700   +0.000000  ✅
  628-46(1)     |I_F|         1.6592      1.6593   +0.000052  ✅
  628-46(1)     |I_B|         1.6574      1.6574   +0.000000  ✅
  628-46(1)     傾移            4.0632         近=4.0632 遠=4.0650　單所載 ＝ **近**
  628-48(1)     面積          143.4000    143.4000   +0.000000  ✅
  628-48(1)     |I_F|         3.2675      3.2674   -0.000060  ✅
  628-48(1)     |I_B|         3.2638      3.2638   -0.000007  ✅
  628-48(1)     傾移            4.0650         近=4.0650 遠=4.0687　單所載 ＝ **近**
  628-49(2)     面積           79.0500     79.0500   +0.000000  ✅
  628-49(2)     |I_F|         1.8000      1.8001   +0.000076  ✅
  628-49(2)     |I_B|         1.7980      1.7981   +0.000067  ✅
  628-49(2)     傾移            4.0687         近=4.0687 遠=4.0707　單所載 ＝ **近**
  628-42(2)     面積           87.9000     87.9000   +0.000000  ✅
  628-42(2)     |I_F|         0.2651      0.2651   -0.000003  ✅
  628-42(2)     |I_B|         3.6551      3.6551   +0.000032  ✅
  628-42(2)     傾移            4.1511         近=0.7611 遠=4.1511　單所載 ＝ **遠**
  628-27(2)     面積           25.9400     25.9400   +0.000000  ✅
  628-27(2)     |I_F|         0.5792      0.5792   -0.000024  ✅
  628-27(2)     |I_B|         0.5785      0.5785   +0.000030  ✅
  628-27(2)     傾移            4.1504         近=4.1511 遠=4.1505　單所載 ＝ **遠**
  628-28(1)     面積           63.5200     63.5200   +0.000000  ✅
  628-28(1)     |I_F|         1.4186      1.4186   -0.000019  ✅
  628-28(1)     |I_B|         1.4170      1.4170   -0.000002  ✅
  628-28(1)     傾移            4.1488         近=4.1505 遠=4.1489　單所載 ＝ **遠**
  628-29(1)     面積           63.7200     63.7200   +0.000000  ✅
  628-29(1)     |I_F|         1.4234      1.4234   +0.000019  ✅
  628-29(1)     |I_B|         1.4219      1.4218   -0.000069  ✅
  628-29(1)     傾移            4.1473         近=4.1489 遠=4.1473　單所載 ＝ **遠**
  ⇒ 不符格數 ＝ **0**（面積 5e-3／`|I_F|`·`|I_B|` 5e-4／傾移採二值併列）

  🔴 **「傾移」之取法：單與本檔不一致（⛔ 具名·⛔ 非算錯）**
     單所載之值：等於本檔之**近側** 9 宗／**遠側** 6 宗／**皆不符** 0 宗
     ⇒ 單之取法**⛔ 非** 「一律近側」亦**⛔ 非**「一律遠側」
       ——逐格檢視為「**`s` 較小之側**」（⛔ 未依推進側別參數化）。
     🔒 **本檔⛔ 不改採該取法**：`W-G.9-42` 缺陷 ⑤ 之受詞正是
       「以固定 `s` 大小定側別 ⇒ 鏡像組整組反向」；改回去即重蹈之。
     ⚠️ **惟本欄之差⛔ 不影響本批任一分類**——`零條合格垂線` 之判係由
       **`I_F ∩ I_B = ∅` 直接判定**（區間不相交），⛔ 非由「傾移 > |I_F|」推得。
       「傾移」只是**平行四邊形情形下**之等價敘述；於楔形（`628-42(2)`）已不等價。

==================================================================================================================================================================================
【F】`S-9(二)` 三讀法並列（`W-G.9-42` 只列兩支·本批補第三支）
==================================================================================================================================================================================
  甲：帶底照舊（`min(最淺有效, 近側界終止)`），該段之弦照量　⇒ 不牴觸 `K-9-10 六`
  乙：帶底再加 `min(…, 遠側界終止)`　⇒ 🔴 **牴觸六**（新帶恆不深於舊帶）
  丙：帶底照舊，但第五款之 min **只在第四款有定義之 `t` 上取**（`t ≤ 遠側界終止`）
      ⇒ 不牴觸六之**字面**；惟使六於其所指之形狀上**無實效**

  街廓   暫編地號                 面積㎡     法定寬     t_hi舊      遠側終止   t_band新        甲寬        乙寬        丙寬     甲判     乙判     丙判
  R1   628-35(2)         599.91    3.50   33.1529   33.1529   33.1540   15.5764   17.9308   17.9308     合格     合格     合格
        F-2　弦長於 t=33.1529 ⇒ 18.2556　於 t=33.1540 ⇒ 15.5764　（區間長 +0.0011 m）
  R6   628-4(1)          692.05    3.50   46.5531   46.5531   46.7411   10.9808   14.7492   14.7492     合格     合格     合格
        F-2　弦長於 t=46.5531 ⇒ 14.7492　於 t=46.7411 ⇒ 10.9808　（區間長 +0.1880 m）
  R6   628-21(1)         210.48    3.50   46.1627   46.1627   46.3491    0.8116    4.5484    4.5484    不合格     合格     合格
        F-2　弦長於 t=46.1627 ⇒ 4.5484　於 t=46.3491 ⇒ 0.8116　（區間長 +0.1865 m）
  R3   628-30(3)         445.03    3.50   44.6344   44.6344   44.6843    5.8165    9.9572    9.9572     合格     合格     合格
        F-2　弦長於 t=44.6344 ⇒ 9.9572　於 t=44.6843 ⇒ 5.8165　（區間長 +0.0499 m）
  R3   628-31(3)         380.81    3.50   44.5315   44.5315   44.5813    4.4105    8.5417    8.5417     合格     合格     合格
        F-2　弦長於 t=44.5315 ⇒ 8.5417　於 t=44.5813 ⇒ 4.4105　（區間長 +0.0498 m）
----------------------------------------------------------------------------------------------------------------------------------------------------------------------------------
  `S-9(二)` 之宗 ＝ **5** 宗
  🔒 **⛔ 三支不擇一、⛔ 不加權、⛔ 不推薦**——由 KL 裁（`U-VR14-2`）。
  🔒 **⛔ 不得**把甲支下之任一數字寫成結論（`W-G.9-43` §F-3）。

==================================================================================================================================================================================
【D-4】遞補連鎖 ⇒ 🛑 **只出靜態預測·⛔ 非實測**（依 §D-4(d)）
==================================================================================================================================================================================
  🔴 **為何只出預測（⛔ 具名·非偷懶）**：`K-9-11` 之遞補須**改變投影序次並重跑配地**
     ——其實作屬 **`K-6-A2`**，而本單 §K-1 逐字「⛔ 不實作 `K-9-11` 於生產」。
     ⇒ (a) 輪數、(b) 最終不配地宗數與面積、(c) 每輪入池面積與守恆殘差
       **皆⛔ 無從實測**——它們是**遞補實作之輸出**，⛔ 不是現況之量。

  **靜態預測（⛔ 標明為預測·⛔ 不得下游引用為實測）**：
  · 第 1 輪之候選 ＝ 現況零條合格垂線且街廓**三讀法一致判不平行**者 ＝ **14** 宗　（⛔ `GB-65` 阻塞之街廓不計入）
  · **⛔ 不預測輪數**：遞補者之 G 值改變後其面寬亦改變（`K-9-11 四` 須重測），
    而新 G 值須由引擎重跑方得 ⇒ **⛔ 無從以現況之數外推**。
  · 🔒 **⛔ 不得逕以「15 宗」或「16 宗」當作最終不配地數**（§D-4(b) 明文）。
  · 守恆式 `ΣG + 調配池 = 街廓 DXF 面積` 之殘差：**⛔ 本批未量**（其量測需遞補後之終態）。

==================================================================================================================================================================================
  🔒 出艙碼（⛔ 各類不得互代、不得相加）
    R1（🛑 三讀法不一致）：零條合格垂線 1 宗 ⇒ **🛑 `GB-65` 阻塞·無從判定**
    R6（不平行(三讀法一致)）：零條合格垂線 5 宗 ⇒ **`K-9-11`：不配地·由下一投影序號遞補**
    R3（不平行(三讀法一致)）：零條合格垂線 9 宗 ⇒ **`K-9-11`：不配地·由下一投影序號遞補**
    R2：**上游狀態不合規·⛔ 不作寬度判定**（`run_step_g` raise）
    R4：**上游狀態不合規·⛔ 不作寬度判定**（`run_step_g` raise）
    R5：**上游狀態不合規·⛔ 不作寬度判定**（`run_step_g` raise）
    碎片宗 1 宗：**上游狀態不合規**
    `S-9(二)` 5 宗：**正典未裁·待 KL**（`U-VR14-2`·三讀法已並列）
==================================================================================================================================================================================
