========================================================================================================================================================================================================
【D-2b-2 §一】街廓鋪滿之全案暴露量測 — ⛔ 生產碼零觸·⛔ 未放寬任何生產閘
========================================================================================================================================================================================================
  🔒 δ **帶號**定義 ＝ `union(宗+池) − 街廓`（**負 ＝ 缺地／楔形空隙**；正 ＝ 溢出）
  🔒 shim 僅吸收 `覆蓋閘破` 一種 RuntimeError；其餘例外一律 re-raise
  🔒 原函式**未 raise** 之格 ⇒ 回傳**原函式輸出**（生產行為逐位不變）＋ replica 正對照

【0】🔒 反靜默退路計數（shim 是否真的咬到）
--------------------------------------------------------------------------------------------------------------------------------------------------------------------------------------------------------
  wrapper 咬到 **2** 次｜原函式通過 **0**｜shim 吸收覆蓋閘破 **2**｜正對照不符 **0**
  ⇒ ✅ shim 確實生效
  🔴 **正對照母體 ＝ 0**——無任何『原函式未 raise』之格可供對照 ⇒ **replica 之忠實性未經證明**。
     ⛔ `mismatch==0` 於此係**空真**（vacuous），⛔ **不得**據以宣稱 replica 忠實。
     ⇒ 下方殘差數字之地位 ＝ **『與生產同構之獨立重算』，非『經對照證實』**。
  ⚠️ `run_step_g[0m]` 仍以例外收尾（逐字）：RuntimeError: 🔴 結構閘 telescoping 破：街廓 R1 left 側 ΣRw_實跑=99.10 ≠ R(W_final=24.66)−R(W₀=-0.00)=100.00（Δ=0.900 >0.1）
  ⚠️ `run_step_g[3.5m]` 仍以例外收尾（逐字）：RuntimeError: 🔴 結構閘 telescoping 破：街廓 R1 right 側 ΣRw_實跑=98.88 ≠ R(W_final=34.76)−R(W₀=-0.40)=100.00（Δ=1.120 >0.1）

【1】🔒 框內重複鍵
--------------------------------------------------------------------------------------------------------------------------------------------------------------------------------------------------------
  母體列數 ＝ **2**｜相異鍵 ＝ **2**｜重複鍵 ＝ **0**

【2】逐街廓暴露（⛔ 比對欄以**欄名**指名）
--------------------------------------------------------------------------------------------------------------------------------------------------------------------------------------------------------
情境    街廓              街廓(㎡)      union(㎡)       δ=union−街廓(㎡)      |δ|(㎡)    宗數    池片    退化  含街角第1宗       路徑         正對照
--------------------------------------------------------------------------------------------------------------------------------------------------------------------------------------------------------
0m    R1          2893.5531     2881.4963            -12.0568     12.0568     5     1     2  ✅ 有          shim吸收     —（原函式 raise·無可對照）
3.5m  R1          2893.5531     2881.4978            -12.0553     12.0553     5     1     1  ✅ 有          shim吸收     —（原函式 raise·無可對照）

【3】🔒 合計（**帶號與絕對值並列**）＋ 殘差閘
--------------------------------------------------------------------------------------------------------------------------------------------------------------------------------------------------------
  Σ街廓 ＝ **5787.1062**㎡　Σunion ＝ **5762.9941**㎡
  **Σδ（帶號）＝ -24.1120㎡**　　**Σ|δ|（絕對值）＝ 24.1120㎡**
  殘差閘：|Σ|δ| − (Σ街廓 − Σunion)| ＝ |24.1120 − 24.1120| ＝ **0.000000** （≤ 0.01 ⇒ 過）
  ⇒ ✅ **過**——⟺ 每格 δ ≤ 0（**全為缺地·無溢出**）⇒ 無未列入之流失源

【4】🛑 §一 之例外停機條件：殘差格中是否有**不含街角第 1 宗**者
--------------------------------------------------------------------------------------------------------------------------------------------------------------------------------------------------------
  殘差格（|δ| > 0.01）＝ **2** ／ 母體 2
    0m    R1     δ=-12.0568　含街角第1宗＝✅ 有
    3.5m  R1     δ=-12.0553　含街角第1宗＝✅ 有
  ⇒ ✅ **全部殘差格皆含街角第 1 宗** ⇒ 成因與 `K-9-5-4 ②` 一致·不觸發停機

【5】🔒 各街廓之殘差是否獨立於 R1 之 shim（§一 要求正面陳述）
--------------------------------------------------------------------------------------------------------------------------------------------------------------------------------------------------------
  **陳述**：shim ⛔ 不改任何數值，只解除「中止」。其對下游之輸出為：
    · 原函式未 raise 之格 ⇒ 回傳**原函式本身之輸出**（逐位相同·非 replica）
    · 原函式 raise 之格 ⇒ 回傳 replica 池片，而 replica 已於**全部 0 個可對照之格**與原函式 `==`（【0】）
  ⇒ 下游所見 ＝ **「該閘不存在」時之生產值**。
  ⚠️ **未主張**各街廓殘差彼此統計獨立——Step-G 街廓迴圈之上游（PK／階段1／階段2）
     若對前一街廓之結果有依賴，該依賴**仍在**；本檔僅主張 shim **未注入新值**。
  ⚠️ 對照組：`verify/out/D2b1_runall.log` 僅評估到 R1（`grep -o "街廓 R[0-9]"` ⇒ 6 街廓 R1）；本檔評估 **1** 個相異街廓。

【6】🛑 §一 之目標達成度：**未達**
--------------------------------------------------------------------------------------------------------------------------------------------------------------------------------------------------------
  §一 之目標 ＝「取得**全部街廓**之殘差」；本檔實得 **1** 個相異街廓（['R1']）⇒ **未達**。

  **成因 ＝ 第二道阻塞·非覆蓋閘**：覆蓋閘 shim 解除後，R1 於**下游**另一道閘中止：
    · [0m] RuntimeError: 🔴 結構閘 telescoping 破：街廓 R1 left 側 ΣRw_實跑=99.10 ≠ R(W_final=24.66)−R(W₀=-0.00)=100.00（Δ=0.900 >0.1）
    · [3.5m] RuntimeError: 🔴 結構閘 telescoping 破：街廓 R1 right 側 ΣRw_實跑=98.88 ≠ R(W_final=34.76)−R(W₀=-0.40)=100.00（Δ=1.120 >0.1）

  🔒 **該閘⛔不可 shim**：其為 `verify/stepg_pipeline.py:1035-1039` 之**行內 raise**，
     ⛔ 非 `ns` 內之函式 ⇒ 探針側無法取代；要 shim 就得改 `verify/`＝**違 §一「生產碼零觸」**。

  🔒 **該閘之破⛔不是本 shim 造成**（結構證明·非經驗巧合）：
     telescoping 只讀 `_adv_final['rows']`／`W0_*`／`Wf_*`；
     `_adv_final` 賦值於 `stepg_pipeline.py:780`／`:821`，**早於**被 shim 之呼叫 `:928`。
     ⇒ 其輸入於 shim 生效前**已定案** ⇒ 本 shim 不可能改變之；
     ⇒ 該破係 **D-2b-1 態既有、僅被覆蓋閘之 raise 遮蔽**（先 raise 者勝）。
     佐證：`結構閘 telescoping 破` 於 `K6A2_seg6_gb40`／`D1`／`D2`／`D2b1` 四份 `run_all` log 命中**各 0**。

  🔒 **⛔ 已排除之替代路徑**（⛔ 非未想到·係想過而不可用）：
     「自 `cb` 剔除 R1 以觸及 R2…」**不可用**——`compute_total_burden_rate`
     （`stepg_pipeline.py:69-70`）以 `sum(area_m2 for b in cb ...)` 算**重劃總負擔率**，
     剔除任一街廓即改變全域負擔率 ⇒ 改變**每一格 G** ⇒ **非保值**，量到的不是生產值。

  ⇒ 🛑 **上呈**：§一 之方法前提（『shim 覆蓋閘 ⇒ 得全部街廓殘差』）**不成立**。
     全案暴露之取得**須先處置 R1 之 telescoping 破**，或另授權改 `verify/`。

========================================================================================================================================================================================================
