==============================================================================================================
【W-G.9-56】候選角機制之判別力自檢（獨立小檢）
==============================================================================================================
  產生於 commit：fdae0cc
  合成帶：寬 ＝ W+0.001 ＝ 3.501　長 ＝ 42.0　轉 0.012345678901 rad
  🔒 該角⛔ 非 (0.02, 0.005, 0.001) 之整數倍（逐項餘數見下）
      TH0 % 2e-02 ＝ 1.235e-02（≠0 ⇒ 非格點）
      TH0 % 5e-03 ＝ 2.346e-03（≠0 ⇒ 非格點）
      TH0 % 1e-03 ＝ 3.457e-04（≠0 ⇒ 非格點）

  ① 均勻階梯 (0.02, 0.005, 0.001)（＝本波實際所用者）⇒ **不進** ✅
  ② 具名候選角（精確 `fits_at` @ TH0）⇒ **進** ✅
  ③ 可容納之**角度窗**（單側）≈ 7.200e-05 rad　vs 最細步長 1e-03 ⇒ 窗窄於步長

  ⇒ **判別力：✅ 成立（網格漏、候選角抓到）**
  🔒 **本檢所證者**：均勻網格**確會漏掉**角度窗窄於步長之解，而具名候選角**抓得到**
     ⇒ 候選角機制**非贅餘**。
  ⚠️ **本檢⛔ 未證「本案 8 格上候選角為必要」**——`fit_search` 先試候選角，
     故本波之 log ⛔ 無從得知均勻網格是否亦能找到該 6 格之解。**具名為未辦。**
  🔒 **⛔ 且不影響結果之正確性**：候選角**只能使「不進」翻為「進」**，
     而每個「進」皆附**見證矩形＋逐角獨立驗證**（`covers` 逐角 True）⇒ ⛔ 不可能製造假「進」。
==============================================================================================================
