============================================================================================================
【`W-G.9-19`】「不丟棄遠側界」之影響估算
🔴 **本表為下界**（只含族②③；族① 不可估）
============================================================================================================

============================================================================================================
【情境 0m】　🔴 **本表為下界**（只含族②③；族① 不可估）
============================================================================================================
  ── `D1` 母體（⛔ 由生產側啟動式現查·⛔ 不採信施工單所引之三格）──
     啟動式 ＝ `<side>_forced_offset` ∧ `街角最小面積` 非 None ∧ ≠ inf
     `forced_offset` 為真之格 ＝ **0**（母體 ＝ `forced` 之 6 街廓 × 2 側）
     ⇒ **實際啟動之格 ＝ 0**：[]
     🔒 判別力自檢：以**必不命中**之條件（`forced_offset` 恆 False）重算 ⇒ 0 格 ⇒ 上式非恆命中

  ── `D2`／`D3`：族②③ 之估算　🔴 **本表為下界**（只含族②③；族① 不可估） ──
     `_build_corner_range_v3` 之只讀記錄 ＝ **8** 次呼叫（引數以 `inspect` 綁定簽章·**位置＋關鍵字皆納入**）
     ⇒ 取得新 `W` 之格 ＝ **0／0**

============================================================================================================
【情境 3.5m】　🔴 **本表為下界**（只含族②③；族① 不可估）
============================================================================================================
  ── `D1` 母體（⛔ 由生產側啟動式現查·⛔ 不採信施工單所引之三格）──
     啟動式 ＝ `<side>_forced_offset` ∧ `街角最小面積` 非 None ∧ ≠ inf
     `forced_offset` 為真之格 ＝ **3**（母體 ＝ `forced` 之 6 街廓 × 2 側）
       R5/left：街角最小面積 ＝ 299.69｜啟動 ＝ ✅
       R2/left：街角最小面積 ＝ 308.16｜啟動 ＝ ✅
       R3/right：街角最小面積 ＝ 307.75｜啟動 ＝ ✅
     ⇒ **實際啟動之格 ＝ 3**：[('R5', 'left'), ('R2', 'left'), ('R3', 'right')]
     🔒 判別力自檢：以**必不命中**之條件（`forced_offset` 恆 False）重算 ⇒ 0 格 ⇒ 上式非恆命中

  ── `D2`／`D3`：族②③ 之估算　🔴 **本表為下界**（只含族②③；族① 不可估） ──
     `_build_corner_range_v3` 之只讀記錄 ＝ **8** 次呼叫（引數以 `inspect` 綁定簽章·**位置＋關鍵字皆納入**）
       R5/left：**新 `W`（MP → 遠側界之垂距）＝ 6.9990 m**
            遠側界之端點 ＝ ((310438.58634561737, 2651851.6710888), (310471.06325056317, 2651822.1900708727))
            ⚠️ **單位 ＝ 公尺**；⛔ 不得與百分點比大小
       R2/left：**新 `W`（MP → 遠側界之垂距）＝ 6.9999 m**
            遠側界之端點 ＝ ((310366.2450613522, 2651917.340377452), (310399.4806894531, 2651887.1706290157))
            ⚠️ **單位 ＝ 公尺**；⛔ 不得與百分點比大小
       R3/right：**新 `W`（MP → 遠側界之垂距）＝ 6.9990 m**
            遠側界之端點 ＝ ((310399.48006974254, 2651887.169939552), (310432.6620251681, 2651857.04890921))
            ⚠️ **單位 ＝ 公尺**；⛔ 不得與百分點比大小
     ⇒ 取得新 `W` 之格 ＝ **3／3**

     🔴 **`D3` 未達——面積差<u>算不出來</u>，且理由與族① <u>同源</u>**
        · **新值**（本批已取得）＝ `MP` → 遠側界之**垂距**（單位：**公尺**）
          ⚠️ 其值**構造上即等於 `S1_par`**——`MP` 在 SIDELINE 上，
            到「SIDELINE 平移 `S1_par`」之垂距**必然**等於該平移量。
            ⇒ 它**不是新資訊**，⛔ 不得當成「差」。
        · **現行值** ＝ `_corner_buffer_S` 之回傳 `buf`，其受詞為**沿 `s` 之量**
          （`left_cum_S = buf`；`s` 沿 `d̂` ＝ FRONTLINE 方向）。
        🔴 **二者<u>不同軸</u>** ⇒ ⛔ **不得相減**（同名不同量·`W-G.9-14` 之教訓）。
        ⇒ 要換算，須知**遠側界與 `d̂` 之夾角**——而那正是族① 「斜交」之同一個量。
        ⇒ 🔴 **連族②③ 之「差」都被同一個結構前置擋住** ⇒ `K-4` **比原先所述更強**。
        🔒 **本批⛔ 未取任何換算係數、未硬算任何面積差。**

============================================================================================================
【丙組】族① 之**未估聲明**（⛔ 只聲明·⛔ 不估·⛔ 不取任何代表值）
============================================================================================================
  1. **為什麼估不出來**：族① 之受詞是**保留區**（一個**區域**）在 `s` 座標下之範圍；
     而 `s` 沿 `d̂`（FRONTLINE 方向）量，∥SIDELINE 之界線一般與之**斜交**
     ⇒ 該界線在 `s` 下**沿深度變化**、**不是單一數值** ⇒ ⛔ 無法以 `s ∈ [a, b]` 表達。
     🔒 依據：`W-G.9-18` `C4`——`_corner_buffer_S` 之帶逐字為
        `side='left' → 帶 s ∈ [max(s_min, 0), buf]`／`right → s ∈ [s_max − buf, s_max]`。
  2. **若強行取代表值（中點／平均）之後果**：
     斜交之界線在深度方向兩端之 `s` 不同 ⇒ 取中點會在**一端低估、另一端高估**；
     其偏差**隨斜交角與深度而變**，⛔ **無單一方向之保證** ⇒ ⛔ **不得取**。
     🔴 **本探針未取任何代表值**（沒有數字是誠實的；取一個看似合理的中點是不誠實的）。
  3. **要估它之前置**：**保留區之表示法**須自 `s` 區間改為**幾何界線**
     ——即 `_corner_buffer_S` 之介面須改收界線（或多邊形），⛔ 非換參數。
     🔒 此即 `GB-58` 那個「措辭查無、實質機制在」者。⛔ 本批只列前置、不設計。

============================================================================================================
【丁組】`K-4`：族②③ 與族① **必須同時改**（⛔ 可證偽·⛔ 非直覺）
============================================================================================================
  🔒 **若只改族②③（起算）而不改族①（落位）**，下列**具體量**會前後不一：
     **第 1 宗之近側界**——它同時被兩處使用：
       ·族①：`left_cum_S = buf` ⇒ 首宗**自 `s = buf` 起**落位（其近側界之位置）
       ·族②：`_W_prev_left` ⇒ 首宗之 `Rw` **自該界起算**
     ⇒ 只改②而不改①：**負擔自「真正的遠側界」起算，而地卻仍落在「替身線」之後**
       ⇒ **同一條界線在兩處取到不同位置** ⇒ 正是 `GB-46`（共用界線被兩端各自量測）之形狀。
  🔒 **可證偽之判準**：若 `left_cum_S` 與 `_W_prev_left` **不取自同一條界線**，
     則二者之差即為該不一致之量；⇒ **本論證可由「該差是否為 0」證偽**。
  ⚠️ **本批未量該差**（量它需同時實作兩族之新式 ⇒ 屬後批）⇒ ⛔ 不宣稱已量。

============================================================================================================
【判定】🔴 **本表為下界**（只含族②③；族① 不可估）
============================================================================================================
