========================================================================================================================
W-G.9-4 合成測試　E1（新產生者 ≡ 變更前原式）／E2（新式 − 舊式 ＝ W_0）
========================================================================================================================

【閘 T】`_mp_base_W0_ORIG` 之轉錄自證（對 `git show 6ab9e86:verify/stepg_pipeline.py` 之實文）
   關鍵行 6 條，缺 **0** 條 ⇒ **轉錄正確 ✅**

【射程】街角側 8 × 情境 2 ＝ **16 格**（⛔ 含不觸發與退化）

########################################################################################################################
## E1　新產生者 `k956_W_from_mp` ≡ **變更前**之 `_mp_base_W0`（逐位）
########################################################################################################################
   ⛔ 參照**非**現行 `stepg._mp_base_W0`（其已委派 ⇒ 對拍恆真），係閘 T 所驗之原式轉錄。
   口徑甲（+d̂·登記表口徑）  逐格 max|新 − 原式| = **0.000e+00**（16 格）
   口徑乙（**生產口徑**·右組 −d̂）逐格 max|新 − 原式| = **0.000e+00**（16 格）
   ⇒ **E1 ✅ 成立**（二口徑皆須逐位相等·⛔ 不得只驗其一）

########################################################################################################################
## E2　新式 − 舊式 ＝ `W_0`（⛔ 16 格全列·含不觸發與退化）
########################################################################################################################
情境    街廓   側別     forced            新式  舊式(buf·cos)          新−舊      W_0(實測)      W_0(期望)
------------------------------------------------------------------------------------------------------------------------
0m    R1   left   False       3.816331     3.654454     0.161877     0.161877     0.161877
0m    R1   right  False       3.889469     3.688900     0.200569     0.200569     0.200569
0m    R2   left   False       3.534470     5.228394    -1.693924    -1.693924    -1.693924
0m    R3   right  False       6.906130     5.214328     1.691802     1.691802     1.691802
0m    R4   left   False       3.707615     4.495144    -0.787529    -0.787529    -0.787529
0m    R4   right  False       4.842092     4.190966     0.651126     0.651126     0.651126
0m    R5   left   False       3.489802     5.130053    -1.640252    -1.640252    -1.640252
0m    R6   right  False       3.488604     3.488603     0.000001     0.000001     0.000001
3.5m  R1   left   False       7.137134     6.975257     0.161877     0.161877     0.161877
3.5m  R1   right  False       7.378428     7.177858     0.200569     0.200569     0.200569
3.5m  R2   left   True        6.980258     8.674182    -1.693924    -1.693924    -1.693924
3.5m  R3   right  True       10.357336     8.665535     1.691802     1.691802     1.691802
3.5m  R4   left   False       6.992560     7.780089    -0.787529    -0.787529    -0.787529
3.5m  R4   right  False       8.294709     7.643583     0.651126     0.651126     0.651126
3.5m  R5   left   True        6.981225     8.621477    -1.640252    -1.640252    -1.640252
3.5m  R6   right  False       6.977261     6.977260     0.000001     0.000001     0.000001
------------------------------------------------------------------------------------------------------------------------
   【口徑甲·＝事前登記表之口徑】
     max|(新 − 舊) − W_0(實測)| = **1.629e-10**   ← 恆等式之代數檢定
     max|W_0(實測) − W_0(期望·事前寫死)| = **0.000000**
   ⇒ **E2 ✅ 成立**（期望表為 6 位小數 ⇒ 判準取 `5e-6`）

   🔴 **【口徑乙·生產口徑】之併記（⛔ 事前登記未涵蓋·CC 現查）**
     `stepg:822` 右組傳 `_dhr_o = −d_hat` ⇒ `â_定向` 翻號 ⇒ 其 `W_0` 與口徑甲**差一負號**：
     格                  W_0(甲·+d̂)      W_0(乙·生產)            甲＋乙
     R1/left              0.161877       0.161877      3.238e-01
     R1/right             0.200569      -0.200569      0.000e+00
     R2/left             -1.693924      -1.693924     -3.388e+00
     R3/right             1.691802      -1.691802      0.000e+00
     R4/left             -0.787529      -0.787529     -1.575e+00
     R4/right             0.651126      -0.651126      0.000e+00
     R5/left             -1.640252      -1.640252     -3.281e+00
     R6/right             0.000001      -0.000001      0.000e+00
     左側 max|甲 − 乙| = 0.000e+00（同號·同值）
     右側 max|甲 ＋ 乙| = 0.000e+00（**恰為相反數**）
     ⇒ **事前登記之 `W_0` 表係口徑甲**；右側之生產值為其**負值**。
     🔒 二口徑之 `E1` 皆逐位相等 ⇒ **本批之委派無論何口徑皆語意不變**；
     ⛔ 惟 `W-G.9-5` 切換時**必須指明所用口徑**，否則右側符號會翻。
   🔒 `R6/right` 為**退化格**（`W_0 ≈ +1e-6`）：已正面列出，⛔ 不作任何結論之通過憑據。

rc = 0
