==================================================================================================================================================================================================================
【W-G.9-90 §二 A 組】以 `V6_1` 跑**現行之新判定**，逐項與 `V6` 對照（🔒 只量不修·⛔ 不換圖）
==================================================================================================================================================================================================================
  產生於 commit：3c88ece
  🛑 **生產路徑不動**：`run_verification.py::V6DXF` ＝ data/V6.dxf（⛔ 逐字未改）
  🔒 **A-0 事前選定：偏向<u>放大變動</u>**（甲 超集母體／乙 一律判翻動／丙 取大 `|Δ|`／丁 對稱差）
  🔒 情境母體 ＝ **僅 0m**（同 `-88`·⛔ 不擴·具名）
  🔒 三輪**subprocess 隔離**：`V6` ／ `V6_1` ／ **`V6` 再一次**（判別力·常設 8）
     V6    data/V6.dxf  md5 ＝ 62ad89ce081228c25a8e8ea935395b05  bytes ＝ 88341
     V6_1  data/V6_1.dxf  md5 ＝ 8d18f8577ae734ed84364fab37eae208  bytes ＝ 88453

【驅動】三輪量測（各一 subprocess·⛔ 同行程重入之等冪性未經證 ⇒ 不以同行程三呼替代）
  ✅ 輪 V6    rc=0　DXF ＝ data/V6.dxf      md5 ＝ 62ad89ce081228c25a8e8ea935395b05　攔截 6 格　列 47　違反 2
  ✅ 輪 V6_1  rc=0　DXF ＝ data/V6_1.dxf    md5 ＝ 8d18f8577ae734ed84364fab37eae208　攔截 6 格　列 47　違反 2
  ✅ 輪 V6#2  rc=0　DXF ＝ data/V6.dxf      md5 ＝ 62ad89ce081228c25a8e8ea935395b05　攔截 6 格　列 47　違反 2
  環境：shapely 2.1.2 | GEOS (3, 13, 1) | numpy 2.4.4

==================================================================================================================================================================================================================
【判別力自檢（常設 8·⛔ 不可省）】`V6` 對 **`V6` 自身**跑同一路徑 ⇒ 期望全部 `Δ ＝ 0`（逐位）
==================================================================================================================================================================================================================

  ── 量 1　`∠(用, ALLOC)`（度）──　🔒 A-0(甲) 母體 ＝ **逐宗超集**
     母體：data/V6.dxf ＝ 59 ／ data/V6.dxf ＝ 59；**對稱差 ＝ 0**（A-0(丁)）
     鍵                            V6               V6_1              Δ          Δ/ulp
     ⇒ **有 Δ 之鍵 ＝ 0 ／ 59**；極大 `|Δ|` ＝ **0.000000e+00°**（）

  ── 量 2　弦區間 `[λ_a, λ_b]`（m）──　🔒 A-0(甲) 母體 ＝ **逐宗超集**
     母體：59 ／ 59；**對稱差 ＝ 0**
     鍵                            V6               V6_1              Δ          Δ/ulp 端     
     ⇒ **有 Δ 之端 ＝ 0 ／ 118**；極大 `|Δ|` ＝ **0.000000e+00 m**（）；`empty` 翻動 ＝ **0**

  ── 量 3　`s*`（m·權威源 ＝ 解算面）──
     母體：64 對 ／ 64 對；**對稱差 ＝ 0**
     鍵                              V6               V6_1              Δ          Δ/ulp
     ⇒ **有 Δ 之對 ＝ 0 ／ 64**；極大 `|Δ|` ＝ **0.000000e+00 m**（）

  ── 量 4　🔴 `K-9-9 二`（**不交叉**）之違反宗數與名單 ──　🔒 **現行有效之土地結論**
     `V6`  ：違反 **2 宗**／面積合計 **4.7950 ㎡**　名單 ＝ ['R2|左|1|0', 'R5|左|1|0']
     `V6_1`：違反 **2 宗**／面積合計 **4.7950 ㎡**　名單 ＝ ['R2|左|1|0', 'R5|左|1|0']
     🔒 **A-0(丁) 對稱差 ＝ 0**（⛔ 數目相同⛔ 不蘊含母體相同·`VR-048` 記功一）
     面積合計 `Δ` ＝ **0.000000e+00 ㎡**（`Δ/ulp` ＝ 0.000e+00）
       R2|左|1|0           面積     3.80822376 ⇒     3.80822376　Δ ＝  0.000000e+00（0.000e+00 ulp）
       R5|左|1|0           面積     0.98672881 ⇒     0.98672881　Δ ＝  0.000000e+00（0.000e+00 ulp）
     🔒 **逐列判定之翻動**（母體 ＝ 47 列·對稱差 0）：`cross` 翻動 ＝ **0**／`reason` 變動 ＝ **0**

  ── 量 6　餘裕（m·節 103）──　🔒 施工單所舉 ＝ `0m R3` `3.502697`
     鍵                                  V6               V6_1              Δ          Δ/ulp
     🔒 **節 103 最接近翻面者**：`V6` ＝ R3|右|1|0（餘裕 -3.502697094e+00）／`V6_1` ＝ R3|右|1|0（餘裕 -3.502697094e+00）
     ⇒ **有 Δ 之鍵 ＝ 0 ／ 47**；極大 `|Δ|` ＝ **0.000000e+00 m**（）

  ── 量 7　🔴 `②-宗` 破量（㎡）──
     破閘之格：`V6` ＝ ['R2', 'R5'] ／ `V6_1` ＝ ['R2', 'R5']；**對稱差 ＝ 0**
     R2     對數 2 ⇒ 2　面積    45.9765888243 ⇒    45.9765888243　Δ ＝  0.000000e+00（0.000e+00 ulp）
     R5     對數 2 ⇒ 2　面積    56.3292619405 ⇒    56.3292619405　Δ ＝  0.000000e+00（0.000e+00 ulp）
     ⇒ 極大 `|Δ|` ＝ **0.000000e+00 ㎡**（）；**破閘格集合／對數翻動 ＝ False**

  ── 量 8　`|sin(源甲, 源乙)|` 逐宗 ──　🔴 **CC 自補**（⛔ 施工單未令）
     由：`w84` A-1 之**判別力對照組母體**（`|sin| ≤ 1e-12` 之宗）本批實測由 **8 ⇒ 9**，
        而 `w84` **只印計數、⛔ 不印名單** ⇒ 無從指認**是哪一宗跨過門檻** ⇒ 本量補之。
     母體：59 ／ 59；**對稱差 ＝ 0**
     `|sin| ≤ 1e-12` 之宗：`V6` ＝ **8** ['R2|2', 'R3|10', 'R3|12', 'R3|6', 'R5|10', 'R5|8', 'R5|9', 'R6|8'] ／ `V6_1` ＝ **8** ['R2|2', 'R3|10', 'R3|12', 'R3|6', 'R5|10', 'R5|8', 'R5|9', 'R6|8']
     🔒 **對稱差 ＝ 0**；只在 `V6` ＝ [] ／ 🔴 **只在 `V6_1` ＝ []**
     ⇒ **有 Δ 之宗 ＝ 0 ／ 59**；極大 `|Δ|` ＝ **0.000000e+00**（）

  🔒 **判別力判**：全部量之 `Δ` 皆為 **0**（逐位）？⇒ **✅ 是 ⇒ 該對照器**非恆報變動****

==================================================================================================================================================================================================================
【C／A-1】🛑 **`V6` vs `V6_1`**——七項逐項並列 ＋ `Δ`
==================================================================================================================================================================================================================

  ── 量 1　`∠(用, ALLOC)`（度）──　🔒 A-0(甲) 母體 ＝ **逐宗超集**
     母體：data/V6.dxf ＝ 59 ／ data/V6_1.dxf ＝ 59；**對稱差 ＝ 0**（A-0(丁)）
     鍵                            V6               V6_1              Δ          Δ/ulp
     R1|2             0.690831538157     0.690837424721   5.886563e-06      5.302e+10
     R4|0             2.713695358308     2.713699657031   4.298723e-06      9.680e+09
     R4|1             2.867974774646     2.867976278684   1.504039e-06      3.387e+09
     ⇒ **有 Δ 之鍵 ＝ 3 ／ 59**；極大 `|Δ|` ＝ **5.886563e-06°**（R1|2）

  ── 量 2　弦區間 `[λ_a, λ_b]`（m）──　🔒 A-0(甲) 母體 ＝ **逐宗超集**
     母體：59 ／ 59；**對稱差 ＝ 0**
     鍵                            V6               V6_1              Δ          Δ/ulp 端     
     R1|0             0.000021366724     0.000001412463  -1.995426e-05     -5.889e+15 λ_a   
     R1|0            33.244114047091    33.244094092755  -1.995434e-05     -2.808e+09 λ_b   
     R1|1             0.000076369944     0.000001140757  -7.522919e-05     -5.551e+15 λ_a   
     R1|1            33.261254136079    33.261178906912  -7.522917e-05     -1.059e+10 λ_b   
     R1|2             0.000247914846     0.000000291146  -2.476237e-04     -4.568e+15 λ_a   
     R1|2            33.273079140626    33.272831834946  -2.473057e-04     -3.481e+10 λ_b   
     R1|3             0.000240312136     0.000000327180  -2.399850e-04     -8.854e+15 λ_a   
     R1|3            33.239339772545    33.239099787593  -2.399850e-04     -3.377e+10 λ_b   
     R1|4             0.000185127982     0.000000601125  -1.845269e-04     -6.808e+15 λ_a   
     R1|4            33.246716392882    33.246531866033  -1.845268e-04     -2.597e+10 λ_b   
     R4|0            -0.007074955723    -0.000005035762   7.069920e-03      8.151e+15 λ_a   
     R4|0            33.247884371882    33.254954537598   7.070166e-03      9.950e+11 λ_b   
     R4|1            -0.013141605015    -0.000005937376   1.313567e-02      7.572e+15 λ_a   
     R4|1            33.090110638672    33.103246299896   1.313566e-02      1.849e+12 λ_b   
     ⇒ **有 Δ 之端 ＝ 14 ／ 118**；極大 `|Δ|` ＝ **1.313567e-02 m**（R4|1.λ_a）；`empty` 翻動 ＝ **0**

  ── 量 3　`s*`（m·權威源 ＝ 解算面）──
     母體：64 對 ／ 64 對；**對稱差 ＝ 0**
     鍵                              V6               V6_1              Δ          Δ/ulp
     R1|0|2         -3711.461977710906 -3711.444311910029   1.766580e-02      3.885e+10
     R1|0|3         -3371.048364679381 -3371.032318963587   1.604572e-02      3.528e+10
     R1|0|4         -7307.295239167051 -7307.295239732335  -5.652837e-07     -6.215e+05
     R1|1|2         -5227.885106738876 -5227.840321523869   4.478522e-02      4.924e+10
     R1|1|3         -4612.569985722139 -4612.530471658549   3.951406e-02      4.345e+10
     R1|2|4          -197.946423412585  -197.944736944622   1.686468e-03      5.934e+10
     R4|0|1           540.599090648541   540.598255262508  -8.353860e-04     -7.348e+09
     ⇒ **有 Δ 之對 ＝ 7 ／ 64**；極大 `|Δ|` ＝ **4.478522e-02 m**（R1|1|2）

  ── 量 4　🔴 `K-9-9 二`（**不交叉**）之違反宗數與名單 ──　🔒 **現行有效之土地結論**
     `V6`  ：違反 **2 宗**／面積合計 **4.7950 ㎡**　名單 ＝ ['R2|左|1|0', 'R5|左|1|0']
     `V6_1`：違反 **2 宗**／面積合計 **4.7950 ㎡**　名單 ＝ ['R2|左|1|0', 'R5|左|1|0']
     🔒 **A-0(丁) 對稱差 ＝ 0**（⛔ 數目相同⛔ 不蘊含母體相同·`VR-048` 記功一）
     面積合計 `Δ` ＝ **0.000000e+00 ㎡**（`Δ/ulp` ＝ 0.000e+00）
       R2|左|1|0           面積     3.80822376 ⇒     3.80822376　Δ ＝  0.000000e+00（0.000e+00 ulp）
       R5|左|1|0           面積     0.98672881 ⇒     0.98672881　Δ ＝  0.000000e+00（0.000e+00 ulp）
     🔒 **逐列判定之翻動**（母體 ＝ 47 列·對稱差 0）：`cross` 翻動 ＝ **0**／`reason` 變動 ＝ **0**

  ── 量 6　餘裕（m·節 103）──　🔒 施工單所舉 ＝ `0m R3` `3.502697`
     鍵                                  V6               V6_1              Δ          Δ/ulp
     R1|右|1|0            -197.946671327430  -197.944737235768   1.934092e-03      6.805e+10
     R1|左|1|0           -1835.341644179575 -1835.341620535077   2.364450e-05      1.040e+08
     🔒 **節 103 最接近翻面者**：`V6` ＝ R3|右|1|0（餘裕 -3.502697094e+00）／`V6_1` ＝ R3|右|1|0（餘裕 -3.502697094e+00）
     ⇒ **有 Δ 之鍵 ＝ 2 ／ 47**；極大 `|Δ|` ＝ **1.934092e-03 m**（R1|右|1|0）

  ── 量 7　🔴 `②-宗` 破量（㎡）──
     破閘之格：`V6` ＝ ['R2', 'R5'] ／ `V6_1` ＝ ['R2', 'R5']；**對稱差 ＝ 0**
     R2     對數 2 ⇒ 2　面積    45.9765888243 ⇒    45.9765888243　Δ ＝  0.000000e+00（0.000e+00 ulp）
     R5     對數 2 ⇒ 2　面積    56.3292619405 ⇒    56.3292619405　Δ ＝  0.000000e+00（0.000e+00 ulp）
     ⇒ 極大 `|Δ|` ＝ **0.000000e+00 ㎡**（）；**破閘格集合／對數翻動 ＝ False**

  ── 量 8　`|sin(源甲, 源乙)|` 逐宗 ──　🔴 **CC 自補**（⛔ 施工單未令）
     由：`w84` A-1 之**判別力對照組母體**（`|sin| ≤ 1e-12` 之宗）本批實測由 **8 ⇒ 9**，
        而 `w84` **只印計數、⛔ 不印名單** ⇒ 無從指認**是哪一宗跨過門檻** ⇒ 本量補之。
     母體：59 ／ 59；**對稱差 ＝ 0**
     `|sin| ≤ 1e-12` 之宗：`V6` ＝ **8** ['R2|2', 'R3|10', 'R3|12', 'R3|6', 'R5|10', 'R5|8', 'R5|9', 'R6|8'] ／ `V6_1` ＝ **9** ['R1|1', 'R2|2', 'R3|10', 'R3|12', 'R3|6', 'R5|10', 'R5|8', 'R5|9', 'R6|8']
     🔒 **對稱差 ＝ 1**；只在 `V6` ＝ [] ／ 🔴 **只在 `V6_1` ＝ ['R1|1']**
       🔴 **跨門檻之宗 `R1|1`**：`|sin|` 7.235157e-12 ⇒ 4.793943e-13（門檻 1e-12）
     ⇒ **有 Δ 之宗 ＝ 7 ／ 59**；極大 `|Δ|` ＝ **2.012809e-06**（R4|0）

  ── 量 5　`S_req`（m）──　🩸 **具名例外**：其全稱式與 `groups_of`／`A2` 母體
     **皆為 `w84.main()` 內之巢狀定義 ⇒ ⛔ 不可 import**，重寫之即施工單所禁之**重造**。
     ⇒ 🔒 改以**原樣執行 `probe_WG984_gap.main()`**（各 DXF 各一次），比其出艙之表。
     🔒 **Δ 之精度 ＝ 該 log 之列印精度 `4dp`（`1e-4 m`）**——⛔ **不偽稱 `ulp` 級**；
        判別力：`GB-16` 之變動為 `45m` 處 `7.11mm` ＝ `7.11e-3 m` ⇒ **較 `1e-4 m` 粗 71 倍**
        ⇒ 該精度**足以偵測翻動**，其不足僅在「Δ 之尾數」、⛔ 不在「有無 Δ」。
     ✅ `w84` 輪 V6    rc=0　log ＝ verify/out/_wg990/w84_V6.log（249 行）
     ✅ `w84` 輪 V6_1  rc=0　log ＝ verify/out/_wg990/w84_V61.log（249 行）
     🔒 **`w84` 全 log 逐行對照**（🔒 已排除 `產生於 commit`／`→ `／含 `\` 之路徑行／`log ＝`／`DXF`）
        可比行 200 ／ 200；**相異行 ＝ 20**
     ⇒ 🔒 **其中含 `S_req` 字樣之相異行 ＝ 0**（＝ 本量之受詞本身）
     🔒 **三判準之分類**（⛔ 「有無相異行」⛔ 不等於「判定翻動」）：
        (甲) 去掉全部數字後仍相異 ＝ **0**
        (乙) 判定 token 計數相異 ＝ **0**（token 集 ＝ ['合格', '不合格', '單調', '非單調', '較鬆', '較嚴', '✅', '🔴', '是', '否', '情形 甲', '情形 乙', '破閘', '未破閘']）
        (丙) 🔴 **整數（計數／母體基數）相異 ＝ 1**——🔒 (甲) 會把基數當數值吃掉 ⇒ 非本判準不可得
        (丁) 純小數 Δ（三判準皆不咬）＝ **19**
        🔒 **合計自校**：1 ＋ 19 ＝ 20 ／ 相異行 20 ⇒ ✅
        🔴 (丙) :61  V6   母體（`|sin| ≤ 1e-12` 之宗）＝ **8**；二源判定**完全相同 ＝ 8**
        🔴 (丙) :61  V6_1 母體（`|sin| ≤ 1e-12` 之宗）＝ **9**；二源判定**完全相同 ＝ 9**
        🔒 **判別力**：陽性對照（`8 ⇒ 9`）(丙) 咬到 ＝ **True**（須 True）；陰性對照（純小數 `-10.1319 ⇒ -10.1320`）(丙) 咬到 ＝ **False**（須 False）
       Δ(純小數) :48  V6   源甲 通過點 (310495.7677, 2651939.6257)／源乙 通過點 (310505.0932, 2651953.8711)；夾角 0.6908°
       Δ(純小數) :48  V6_1 源甲 通過點 (310495.7677, 2651939.6257)／源乙 通過點 (310505.0930, 2651953.8709)；夾角 0.6908°
       Δ(純小數) :49  V6   源甲：情形 乙　Δfront -10.1319　Δbase -7.0482　⇒ 不合格
       Δ(純小數) :49  V6_1 源甲：情形 乙　Δfront -10.1320　Δbase -7.0482　⇒ 不合格
       Δ(純小數) :53  V6   2        85.3731      79.2108    33.2391      6.085e-12 （`w40` 之候選二邊）🔒 **∥源乙**
       Δ(純小數) :53  V6_1 2        85.3729      79.2108    33.2391      4.582e-12 （`w40` 之候選二邊）🔒 **∥源乙**
       Δ(純小數) :54  V6   0        84.6822      81.8064    33.2728      1.206e-02 （`w40` 之候選二邊）
       Δ(純小數) :54  V6_1 0        84.6821      81.8065    33.2728      1.206e-02 （`w40` 之候選二邊）
       Δ(純小數) :55  V6   1         0.0234      81.9499     2.7968      9.968e-01
       Δ(純小數) :55  V6_1 1         0.0236      81.9500     2.7968      9.968e-01
       Δ(純小數) :56  V6   3         0.0002      79.0674     2.3944      9.967e-01
       Δ(純小數) :56  V6_1 3         0.0000      79.0674     2.3944      9.967e-01
       Δ(純小數) :74  V6   0m     R1    0    **是**         0.0000      33.2441 5      0      2:-3711.46,3:-3371.05,4:-7307.30 🔴 **非單調**
       Δ(純小數) :74  V6_1 0m     R1    0    **是**         0.0000      33.2441 5      0      2:-3711.44,3:-3371.03,4:-7307.30 🔴 **非單調**
       Δ(純小數) :75  V6   0m     R1    1    否             0.0001      33.2613 5      0      3:-4612.57               —(僅 1 個 k)
       Δ(純小數) :75  V6_1 0m     R1    1    否             0.0000      33.2612 5      0      3:-4612.53               —(僅 1 個 k)
       Δ(純小數) :76  V6   0m     R1    2    **是**         0.0002      33.2731 5      1      4:-197.95                —(僅 1 個 k)
       Δ(純小數) :76  V6_1 0m     R1    2    **是**         0.0000      33.2728 5      1      4:-197.94                —(僅 1 個 k)
       Δ(純小數) :94  V6   3.5m   R1    0    **是**         0.0001      33.2396 5      0      2:-2864.58,3:-6172.59,4:-5504.25 🔴 **非單調**
       Δ(純小數) :94  V6_1 3.5m   R1    0    **是**         0.0000      33.2395 5      0      2:-2864.56,3:-6172.59,4:-5504.25 🔴 **非單調**
       Δ(純小數) :95  V6   3.5m   R1    1    **是**         0.0002      33.2731 5      1      3:-197.96,4:-737.76      ✅ 單調
       Δ(純小數) :95  V6_1 3.5m   R1    1    **是**         0.0000      33.2728 5      1      3:-197.96,4:-737.75      ✅ 單調
       Δ(純小數) :111  V6   0m     R1    0    +1          87.7155     16.3250      6.4796      8.8385 0      **0**  1      0
       Δ(純小數) :111  V6_1 0m     R1    0    +1          87.7155     16.3250      6.4796      8.8386 0      **0**  1      0
       …（另 7 行純小數 Δ·**未列**·🔒 母體 ＝ 19）
     🔒 **量 5（`S_req` 本身）之判**：含 `S_req` 之相異行 0 ＋ (甲) 0 ＋ (乙) 0 ⇒ **✅ 未翻動**
     🛑 **⛔ 非本量受詞、惟本批之實得**：(丙) 1 行——見【必答】表下之具名。

==================================================================================================================================================================================================================
【必答】上開七項中，**有無任何一項之<u>判定</u>翻動**？（⛔ 非「數值有無變動」）
==================================================================================================================================================================================================================
  項                    判定之受詞                                          **翻動?**        極大|Δ|         
  1 `∠(用,ALLOC)`       母體對稱差 ＝ 0                                      ✅ 否            5.886563e-06
  2 弦區間                `empty` 之真偽 ＋ 母體對稱差                            ✅ 否            1.313567e-02
  3 `s*`               母體（對）之對稱差                                      ✅ 否            4.478522e-02
  4 `K-9-9 二` 不交叉      🔴 **違反宗數與名單**                                  ✅ 否            0.000000e+00
  4b 逐列 `cross`        逐列合格／不合格 ＋ `reason`                            ✅ 否            nan
  5 `S_req`            🩸 含 `S_req` 之相異行 ＋ (甲)(乙)（4dp）                 ✅ 否            nan
  6 餘裕                 節 103 之最接近翻面者（鍵）                               ✅ 否            1.934092e-03
  7 `②-宗` 破量           🔴 **破閘格集合與對數**                                 ✅ 否            0.000000e+00

  🔒 **必答之答（施工單七項＋逐列 `cross`）：翻動之項數 ＝ 0 ／ 8**
  ✅ **施工單七項無一判定翻動**（⛔ 惟數值仍有 Δ·見上表）

  🔴 **⛔ 非施工單七項之受詞、惟本批實得之變動（⛔ 不得因「不在受詞內」而不報·A-0(乙)）**：
     ① **量 8（CC 自補）`|sin(源甲, 源乙)| ≤ 1e-12` 之宗**：**8 ⇒ 9**；對稱差 ＝ **1**；移動之宗 ＝ **['R1|1']**
        🔒 該母體 ＝ `w84` A-1 之**判別力對照組**（「已知二源相同」之宗）⇒ 其基數變動**⛔ 不改 `S_req`**，惟證 **換圖確會使宗跨越容差門檻**。
     ② **`w84` log 之 (丙) 整數／母體基數相異行 ＝ 1**（`w84` 只印計數、⛔ 不印名單 ⇒ 由 ① 指認）
     🔒 二者**係同一件事之二面**（`w84` 之計數 ／ 本檔之名單），⛔ 不得相加。

==================================================================================================================================================================================================================
【D／A-2】節 103：**最接近翻面者**及其**餘裕**（⛔ 以被判別之量本身度量·非布林）
==================================================================================================================================================================================================================
  🔒 **單一門檻**（常設 14 ①）⇒ ⛔ 無未定義帶：判準 ＝ `s* ∈ [λ_a, λ_b]`（`w82.pred_chord`）
     ⇒ **被判別之量 ＝ `餘裕`**（`s*` 距最近端點之帶號距·`w88.margin_of`）
  鍵                                餘裕(V6)           餘裕(V6_1)           |餘裕|            |Δ| 擦邊?         
  R3|右|1|0                 -3.50269709390     -3.50269709390   3.502697e+00   0.000000e+00 否           
  R5|左|1|0                  5.10673494938      5.10673494938   5.106735e+00   0.000000e+00 否           
  R2|左|1|0                 10.04067974398     10.04067974398   1.004068e+01   0.000000e+00 否           
  R1|右|1|0               -197.94667132743   -197.94473723577   1.979467e+02   1.934092e-03 否           
  R1|左|1|0              -1835.34164417958  -1835.34162053508   1.835342e+03   2.364450e-05 否           
  R6|右|1|0             -123486.51103664262 -123486.51103664262   1.234865e+05   0.000000e+00 否           

  🔒 **最接近翻面者 ＝ `R3|右|1|0`**：`餘裕` ＝ **-3.50269709390 m**（`V6`）⇒ **-3.50269709390 m**（`V6_1`）
     其 `|Δ|` ＝ **0.000000e+00 m**；`|餘裕| / |Δ|` ＝ **∞（`Δ ＝ 0`）**
     ⚠️ 判準（施工單 A-2）：`餘裕 < 10 × |Δ|` ⇒ **具名為擦邊** ⇒ **✅ 非擦邊**
  🔒 **全母體之擦邊計數 ＝ 0 ／ 6**（⛔ 不得只報「未翻動」）
