========================================================================================================================================================================================================
【D-2b-1 §三＋§四】切換後哨兵（正對照 `==`）＋ 對帳 — ⛔ 禁否定式
========================================================================================================================================================================================================

【0】🔒 反靜默退路計數（切換是否真的生效）
--------------------------------------------------------------------------------------------------------------------------------------------------------------------------------------------------------
  `_first_corner_alloc_dir` 被呼叫 **140** 次
  ⇒ ✅ **切換確實生效**

【a／§四】對帳：逐候選 vs **D-2b-0 凍存表**（⛔ 不得改凍存表）
--------------------------------------------------------------------------------------------------------------------------------------------------------------------------------------------------------
  🔒 來源：`verify\out\probe_D2b_expect_凍存.log`　解析框 ＝ 第 31〜71 行
  🔒 **比對欄（欄名）**：`真G(㎡)`（凍存之「新真G」）／`門檻(㎡)`／`達標`
  🔒 框內重複鍵 ＝ **0**（應 0）
  🔒 母體列數：凍存 **38**／現況 **38**／聯集 **38**
--------------------------------------------------------------------------------------------------------------------------------------------------------------------------------------------------------
情境    街廓/側        候選                 凍存真G      現況真G      凍存門檻      現況門檻     凍存達標     現況達標  判
--------------------------------------------------------------------------------------------------------------------------------------------------------------------------------------------------------
0m    R1/left     628-35(2)        584.19    584.19    114.94    114.94       達標       達標  ✅
0m    R1/left     628-36(1)        575.73    575.73    114.94    114.94       達標       達標  ✅
0m    R1/left     628-37(1)        208.16    208.16    114.94    114.94       達標       達標  ✅
0m    R1/right    628(5)           227.73    227.73    110.17    110.17       達標       達標  ✅
0m    R2/left     628-27(1)         26.34     26.34    152.99    152.99       未達       未達  ✅
0m    R2/left     628-41(1)        175.95    175.95    152.99    152.99       達標       達標  ✅
0m    R2/left     628-42(1)          4.28      4.28    152.99    152.99       未達       未達  ✅
0m    R3/right    628-27(2)         23.34     23.34    153.80    153.80       未達       未達  ✅
0m    R3/right    628-42(2)         80.07     80.07    153.80    153.80       未達       未達  ✅
0m    R3/right    628-45(2)        195.17    195.17    153.80    153.80       達標       達標  ✅
0m    R4/left     628(1)          1521.05   1521.05    116.08    116.08       達標       達標  ✅
0m    R4/right    628-1(1)         457.74    457.74    111.02    111.02       達標       達標  ✅
0m    R5/left     628-18(2)        205.49    205.49    146.48    146.48       達標       達標  ✅
0m    R5/left     628-45(1)         46.87     46.87    146.48    146.48       未達       未達  ✅
0m    R5/left     628-53(2)          1.39      1.39    146.48    146.48       未達       未達  ✅
0m    R6/right    628-18(1)        307.79    307.79    145.88    145.88       達標       達標  ✅
0m    R6/right    628-38(1)        111.64    111.64    145.88    145.88       未達       未達  ✅
3.5m  R1/left     628-35(2)        584.19    584.19    225.42    225.42       達標       達標  ✅
3.5m  R1/left     628-36(1)        575.73    575.73    225.42    225.42       達標       達標  ✅
3.5m  R1/left     628-37(1)        208.16    208.16    225.42    225.42       未達       未達  ✅
3.5m  R1/right    628(5)           227.73    227.73    226.13    226.13       達標       達標  ✅
3.5m  R2/left     628-27(1)         26.34     26.34    308.16    308.16       未達       未達  ✅
3.5m  R2/left     628-40(1)        286.39    286.39    308.16    308.16       未達       未達  ✅
3.5m  R2/left     628-41(1)        175.95    175.95    308.16    308.16       未達       未達  ✅
3.5m  R2/left     628-42(1)          4.28      4.28    308.16    308.16       未達       未達  ✅
3.5m  R3/right    628-27(2)         23.34     23.34    307.75    307.75       未達       未達  ✅
3.5m  R3/right    628-28(1)         58.47     58.47    307.75    307.75       未達       未達  ✅
3.5m  R3/right    628-29(1)         58.47     58.47    307.75    307.75       未達       未達  ✅
3.5m  R3/right    628-42(2)         80.07     80.07    307.75    307.75       未達       未達  ✅
3.5m  R3/right    628-45(2)        195.17    195.17    307.75    307.75       未達       未達  ✅
3.5m  R4/left     628(1)          1521.05   1521.05    225.00    225.00       達標       達標  ✅
3.5m  R4/right    628-1(1)         457.74    457.74    225.42    225.42       達標       達標  ✅
3.5m  R5/left     628-18(2)        205.49    205.49    299.69    299.69       未達       未達  ✅
3.5m  R5/left     628-45(1)         46.87     46.87    299.69    299.69       未達       未達  ✅
3.5m  R5/left     628-53(2)          1.39      1.39    299.69    299.69       未達       未達  ✅
3.5m  R5/left     628-7(2)         236.28    236.28    299.69    299.69       未達       未達  ✅
3.5m  R6/right    628-18(1)        307.79    307.79    298.14    298.14       達標       達標  ✅
3.5m  R6/right    628-38(1)        111.64    111.64    298.14    298.14       未達       未達  ✅
--------------------------------------------------------------------------------------------------------------------------------------------------------------------------------------------------------
  ⇒ 相符 **38**／不符 **0**

【b】逐格 winner／強制抵費地（期望 **13／3**）
--------------------------------------------------------------------------------------------------------------------------------------------------------------------------------------------------------
  0m    R1/left     628-37(1)
  0m    R1/right    628(5)
  0m    R2/left     628-41(1)
  0m    R3/right    628-45(2)
  0m    R4/left     628(1)
  0m    R4/right    628-1(1)
  0m    R5/left     628-18(2)
  0m    R6/right    628-18(1)
  3.5m  R1/left     628-36(1)
  3.5m  R1/right    628(5)
  3.5m  R2/left     （強制抵費地）
  3.5m  R3/right    （強制抵費地）
  3.5m  R4/left     628(1)
  3.5m  R4/right    628-1(1)
  3.5m  R5/left     （強制抵費地）
  3.5m  R6/right    628-18(1)
--------------------------------------------------------------------------------------------------------------------------------------------------------------------------------------------------------
  ⇒ 有 winner **13**／強制抵費地 **3**　⇒ ✅ 命中期望 13／3

【c】🔑 **第 1 宗實配寬度成為定值**（三深度之路平行距互差 ≤ 1e-6）
--------------------------------------------------------------------------------------------------------------------------------------------------------------------------------------------------------
情境    街廓/側        第1宗               w@0.25D     w@0.50D     w@0.75D          極差  判
--------------------------------------------------------------------------------------------------------------------------------------------------------------------------------------------------------
0m    🛑 **`run_step_g` 中止 ⇒ 本情境之 (c) 無法量測**：RuntimeError: 街廓 R1 抵費地計算失敗：🔴 ①' 覆蓋閘破[R1]：|union(宗+池) − 街廓| = 12.0568 > 0.01（union 2881.4963 vs 街廓 2893.5531）
3.5m  🛑 **`run_step_g` 中止 ⇒ 本情境之 (c) 無法量測**：RuntimeError: 街廓 R1 抵費地計算失敗：🔴 ①' 覆蓋閘破[R1]：|union(宗+池) − 街廓| = 12.0553 > 0.01（union 2881.4978 vs 街廓 2893.5531）
--------------------------------------------------------------------------------------------------------------------------------------------------------------------------------------------------------
  ⇒ **定寬 0/0**（容差 1e-06·**先行宣告**）

【d】🔑 `3.5m R1/right 628(5)` 之**實配**最小寬 vs `T = 7.00`
--------------------------------------------------------------------------------------------------------------------------------------------------------------------------------------------------------
  🔴 靶格未取得（無 winner 或量測失敗）

【e】**第 2 宗**逐格最小寬（**實配**）vs 畸零地最小寬（⛔ 只量不處置·D 波界線 #3）
--------------------------------------------------------------------------------------------------------------------------------------------------------------------------------------------------------
  🔒 對照 GEO-1 §五 之**指示值**（以現況右界量得·非實配）：
     0m R3/right −1.088138／0m R5/left −0.877844／3.5m R1/right −1.057060／
     3.5m R3/right −0.994436／3.5m R6/right −3.272963
--------------------------------------------------------------------------------------------------------------------------------------------------------------------------------------------------------
情境    街廓/側        第2宗                  實配最小寬       畸零地最小寬           差  判
--------------------------------------------------------------------------------------------------------------------------------------------------------------------------------------------------------
0m    🛑 **`run_step_g` 中止 ⇒ 本情境之 (e) 無法量測**：RuntimeError: 街廓 R1 抵費地計算失敗：🔴 ①' 覆蓋閘破[R1]：|union(宗+池) − 街廓| = 12.0568 > 0.01（union 2881.4963 vs 街廓 2893.5531）
3.5m  🛑 **`run_step_g` 中止 ⇒ 本情境之 (e) 無法量測**：RuntimeError: 街廓 R1 抵費地計算失敗：🔴 ①' 覆蓋閘破[R1]：|union(宗+池) − 街廓| = 12.0553 > 0.01（union 2881.4978 vs 街廓 2893.5531）
--------------------------------------------------------------------------------------------------------------------------------------------------------------------------------------------------------
  ⇒ **低於畸零地最小寬者 0/0**　⛔ **只量不處置**（D 波界線 #3 逐字「D 未解決此項，須另案」）
