================================================================================================
# `W-G.9-7` `H1`／`H2`：對帳器鑑別力（⛔ 真實歷史資料·非合成竄改）
================================================================================================
  歷史凍存名單 ＝ verify\out\WG97_歷史凍存_D2b1_名目加原因.txt（22 名目）
  🔒 其來源 ＝ `…_D2b1切換後.txt` **檔頭自陳**之來源 log（`# 來源 log ：verify/out/D2b1_runall.log`）⇒ 還原入單時之事實，⛔ 非另立標準

────────────────────────────────────────────────────────────────────────────────────────────────
【H1-a】`D2b1_runall.log` × 歷史凍存 ⇒ 期：類 II、類 III **皆空**
────────────────────────────────────────────────────────────────────────────────────────────────
  類 I 22（raw 即相同 13）｜類 II 0｜類 III 0
  ✅ H1-a 成立

────────────────────────────────────────────────────────────────────────────────────────────────
【H1-b】`WG94b_runall.log` × 歷史凍存 ⇒ 期：類 III **恰 4 項**（雙向閘）
────────────────────────────────────────────────────────────────────────────────────────────────
  類 I 18（raw 即相同 10）｜類 II 0｜類 III 4
  類 III 實得 ＝ ['v3·StepG0m（結構閘/看守觸發）', 'v3·StepG3.5m（結構閘/看守觸發）', 'W-D.3 碎片', 'W-D.4']
  類 III 期望 ＝ ['v3·StepG0m（結構閘/看守觸發）', 'v3·StepG3.5m（結構閘/看守觸發）', 'W-D.3 碎片', 'W-D.4']　（出處：`W-G.9-6` 報告 §3-1·⛔ 非本檔回填）
  ✅ H1-b 成立（不多不少·雙向閘皆過）

────────────────────────────────────────────────────────────────────────────────────────────────
【H2】逐條移除正規化規則 ⇒ `H1-b` 之三分類**必須改變**（不變者即冗餘）
────────────────────────────────────────────────────────────────────────────────────────────────
  基準（全規則 R1+R2）＝ 類 I/II/III = (18, 0, 4)
  移除 R1（File "…" 內 \ → /）⇒ 類 I/II/III = (10, 0, 12)　✅ 已改變（非冗餘）
  移除 R2（File "…" 內絕對前綴 → 倉相對）⇒ 類 I/II/III = (10, 0, 12)　✅ 已改變（非冗餘）

  🔴 **每條規則之盲點**（⛔ 不得留空·見 `verify/wv_reconcile.py` docstring 表）：
     R1：看不見「路徑分隔符本身改變」⇒ 無法分辨 log 產於 Windows 或 POSIX。
     R2：看不見「這份 log 產於哪個工作樹／哪個倉」⇒ **誤用他倉基準無法由對帳發現**
         （前例：`W-G.9-4b` `E4` 之基準產於 `k6a2-d2b21-wiring-6ef500`）。
         補償＝名單檔頭載來源 log 之倉相對路徑與 `git hash-object`。

================================================================================================
✅ 探針 PASS（rc=0）
================================================================================================
