================================================================================================================================
【K-9-7-d 第二層分支之 PK 影響評估】只算不換（K-6-A2 段四(c)-2(a)）
三條路徑同時比較：(a) 候選資格 1.0㎡ / (b) 優先權指數三分項 / (c) G 值門檻
舊＝生產原樣（第一層·零 patch）；新＝patch 注入第二層 t*（生產碼一字未改）
================================================================================================================================
位移組（|Δt*| > 0）＝ [('R2', 'left'), ('R4', 'left'), ('R4', 'right'), ('R5', 'left')]｜最大 |Δt*| ＝ 0.000729058 m
patch 命中次數（**新**輪注入第二層 t* 之呼叫）＝ 32｜舊輪＝生產原樣、零 patch

【A】逐格對照（第一層範圍 vs 第二層範圍·唯一變因＝範圍多邊形）
--------------------------------------------------------------------------------------------------------------------------------
  0m R1/left  [對照組] 門檻 114.76→114.76｜候選 3→3｜合格 3→3｜winner ['628-37(1)']→['628-37(1)']｜forced False→False｜✅ 全同
        指數前二（舊）[('628-37(1)', 0.5747), ('628-36(1)', 0.2423)]　（新）[('628-37(1)', 0.5747), ('628-36(1)', 0.2423)]
  0m R1/right [對照組] 門檻 116.84→116.84｜候選 1→1｜合格 1→1｜winner ['628(5)']→['628(5)']｜forced False→False｜✅ 全同
        指數前二（舊）[('628(5)', 0.9919)]　（新）[('628(5)', 0.9919)]
  0m R2/left  [位移組] 門檻 227.11→227.11｜候選 4→4｜合格 1→1｜winner ['628-40(1)']→['628-40(1)']｜forced False→False｜✅ 全同
        指數前二（舊）[('628-40(1)', 0.0157), ('628-42(1)', '—')]　（新）[('628-40(1)', 0.0157), ('628-42(1)', '—')]
  0m R3/right [對照組] 門檻 226.91→226.91｜候選 4→4｜合格 0→0｜winner —→—｜forced True→True｜✅ 全同
        指數前二（舊）[('628-45(2)', '—'), ('628-42(2)', '—')]　（新）[('628-45(2)', '—'), ('628-42(2)', '—')]
  0m R4/left  [位移組] 門檻 135.19→135.19｜候選 1→1｜合格 1→1｜winner ['628(1)']→['628(1)']｜forced False→False｜✅ 全同
        指數前二（舊）[('628(1)', 0.9917)]　（新）[('628(1)', 0.9917)]
  0m R4/right [位移組] 門檻 137.0→137.03｜候選 1→1｜合格 1→1｜winner ['628-1(1)']→['628-1(1)']｜forced False→False｜✅ 全同
        指數前二（舊）[('628-1(1)', 0.9926)]　（新）[('628-1(1)', 0.9926)]
  0m R5/left  [位移組] 門檻 217.97→217.97｜候選 4→4｜合格 1→1｜winner ['628-7(2)']→['628-7(2)']｜forced False→False｜✅ 全同
        指數前二（舊）[('628-7(2)', 0.002), ('628-53(2)', '—')]　（新）[('628-7(2)', 0.002), ('628-53(2)', '—')]
  0m R6/right [對照組] 門檻 145.88→145.88｜候選 2→2｜合格 1→1｜winner ['628-18(1)']→['628-18(1)']｜forced False→False｜✅ 全同
        指數前二（舊）[('628-18(1)', 0.0457), ('628-38(1)', '—')]　（新）[('628-18(1)', 0.0457), ('628-38(1)', '—')]
  3.5m R1/left  [對照組] 門檻 230.81→230.81｜候選 3→3｜合格 2→2｜winner ['628-36(1)']→['628-36(1)']｜forced False→False｜✅ 全同
        指數前二（舊）[('628-36(1)', 0.2376), ('628-35(2)', 0.182)]　（新）[('628-36(1)', 0.2376), ('628-35(2)', 0.182)]
  3.5m R1/right [對照組] 門檻 232.79→232.79｜候選 1→1｜合格 1→1｜winner ['628(5)']→['628(5)']｜forced False→False｜✅ 全同
        指數前二（舊）[('628(5)', 0.9916)]　（新）[('628(5)', 0.9916)]
  3.5m R2/left  [位移組] 門檻 384.15→384.15｜候選 4→4｜合格 0→0｜winner —→—｜forced True→True｜✅ 全同
        指數前二（舊）[('628-42(1)', '—'), ('628-41(1)', '—')]　（新）[('628-42(1)', '—'), ('628-41(1)', '—')]
  3.5m R3/right [對照組] 門檻 383.67→383.67｜候選 5→5｜合格 0→0｜winner —→—｜forced True→True｜✅ 全同
        指數前二（舊）[('628-45(2)', '—'), ('628-42(2)', '—')]　（新）[('628-45(2)', '—'), ('628-42(2)', '—')]
  3.5m R4/left  [位移組] 門檻 251.12→251.12｜候選 1→1｜合格 1→1｜winner ['628(1)']→['628(1)']｜forced False→False｜✅ 全同
        指數前二（舊）[('628(1)', 0.9914)]　（新）[('628(1)', 0.9914)]
  3.5m R4/right [位移組] 門檻 252.86→252.88｜候選 1→1｜合格 1→1｜winner ['628-1(1)']→['628-1(1)']｜forced False→False｜✅ 全同
        指數前二（舊）[('628-1(1)', 0.9923)]　（新）[('628-1(1)', 0.9923)]
  3.5m R5/left  [位移組] 門檻 371.17→371.17｜候選 4→4｜合格 0→0｜winner —→—｜forced True→True｜✅ 全同
        指數前二（舊）[('628-7(2)', '—'), ('628-53(2)', '—')]　（新）[('628-7(2)', '—'), ('628-53(2)', '—')]
  3.5m R6/right [對照組] 門檻 298.14→298.14｜候選 2→2｜合格 1→1｜winner ['628-18(1)']→['628-18(1)']｜forced False→False｜✅ 全同
        指數前二（舊）[('628-18(1)', 0.1304), ('628-38(1)', '—')]　（新）[('628-18(1)', 0.1304), ('628-38(1)', '—')]
--------------------------------------------------------------------------------------------------------------------------------

【A2】三條路徑確實被走到之佐證（若只換 (c)，下列 (a)(b) 欄必逐格不變）
--------------------------------------------------------------------------------------------------------------------------------
  情境    街廓/端        候選地號                     (a)真交集(㎡)          (b)範圍面積(㎡)        (b)項三比       (b)總分
--------------------------------------------------------------------------------------------------------------------------------
  0m   R4/右      628-1(1)               136.9→136.92        137.0→137.03   0.9993→0.9992   0.9926→0.9926
  3.5m   R4/右      628-1(1)               252.5→252.53       252.86→252.88   0.9986→0.9986   0.9923→0.9923
--------------------------------------------------------------------------------------------------------------------------------
  ⇒ (a) 真交集 有變之列 2；(b) 範圍面積／項三比／總分 有變之列 2
     **二者皆 > 0 ⇒ (a)(b) 路徑確實隨新範圍變動、非僅換 (c) 門檻。**

【B】結論（PK 十六格）
  ✅ **零翻盤**：十六格之**候選集合、合格集合、winner、forced_offset 皆逐格相同**。

【C】受控比較佐證：v12 實際傳入引數（舊輪 vs 新輪·除門檻外應逐項相同）
--------------------------------------------------------------------------------------------------------------------------------
  ── 0m｜v12 呼叫次數 舊 6 / 新 6 ──
     #0: 門檻 p1 135.19→135.19／p2 137.0→137.03｜其餘引數 ✅ 逐項相同（require_g=True·候選 2·gmap 2）
     #1: 門檻 p1 inf→inf／p2 145.88→145.88｜其餘引數 ✅ 逐項相同（require_g=True·候選 11·gmap 11）
     #2: 門檻 p1 217.97→217.97／p2 inf→inf｜其餘引數 ✅ 逐項相同（require_g=True·候選 12·gmap 12）
     #3: 門檻 p1 227.11→227.11／p2 inf→inf｜其餘引數 ✅ 逐項相同（require_g=True·候選 15·gmap 15）
     #4: 門檻 p1 inf→inf／p2 226.91→226.91｜其餘引數 ✅ 逐項相同（require_g=True·候選 14·gmap 14）
     #5: 門檻 p1 114.76→114.76／p2 116.84→116.84｜其餘引數 ✅ 逐項相同（require_g=True·候選 5·gmap 5）
  ── 3.5m｜v12 呼叫次數 舊 6 / 新 6 ──
     #0: 門檻 p1 251.12→251.12／p2 252.86→252.88｜其餘引數 ✅ 逐項相同（require_g=True·候選 2·gmap 2）
     #1: 門檻 p1 inf→inf／p2 298.14→298.14｜其餘引數 ✅ 逐項相同（require_g=True·候選 11·gmap 11）
     #2: 門檻 p1 371.17→371.17／p2 inf→inf｜其餘引數 ✅ 逐項相同（require_g=True·候選 12·gmap 12）
     #3: 門檻 p1 384.15→384.15／p2 inf→inf｜其餘引數 ✅ 逐項相同（require_g=True·候選 15·gmap 15）
     #4: 門檻 p1 inf→inf／p2 383.67→383.67｜其餘引數 ✅ 逐項相同（require_g=True·候選 14·gmap 14）
     #5: 門檻 p1 230.81→230.81／p2 232.79→232.79｜其餘引數 ✅ 逐項相同（require_g=True·候選 5·gmap 5）
--------------------------------------------------------------------------------------------------------------------------------

【D】註記
  · 本檔**只算不換**：第二層維持零生產呼叫點；patch 僅存在於本行程。
  · 三條路徑皆隨範圍多邊形變動——patch 的是 v12 內部所呼叫之 `_build_corner_range_v3`，
    故 (a) 候選資格、(b) 指數三分項分母、(c) G 值門檻 同時改用新範圍。
  · 位移組／對照組**由實算之 Δt* 定**，⛔ 非硬寫死格名。
