============================================================================================================================
【`W-G.9-23`】僅修「非 `forced` 之 B 選槽」之影響（⛔ 零生產碼·只讀包裝）
============================================================================================================================
  🔴 **射程**：本批只涵蓋 **13 格（非 `forced`）**；**`forced` 三格仍卡表示法、⛔ 不在此數內**。
============================================================================================================================
【甲組】`Q-1` 之**構造證**：非 `forced` ⇒ `buf` 恆 0（⛔ 碼面結構所定·非經驗）
============================================================================================================================
  🔒 **全部賦值點 ＝ 6**（母體＝`verify/stepg_pipeline.py` 之 AST·判準＝`Assign` 且 target 為 `_left_buffer_S`／`_right_buffer_S`）
       515 | _left_buffer_S = 0.0
           守衛鏈 ＝ （無·即無條件）
       516 | _right_buffer_S = 0.0
           守衛鏈 ＝ （無·即無條件）
       524 | _left_buffer_S = _corner_buffer_S(
           守衛鏈 ＝ ['if _row_for_buffer and avg_depth_default > 0:', 'if _fo_left:', '<try/except>', "if _l_min is not None and _l_min != float('inf"]
       530 | _left_buffer_S = 0.0
           守衛鏈 ＝ ['if _row_for_buffer and avg_depth_default > 0:', 'if _fo_left:', '<try/except>']
       535 | _right_buffer_S = _corner_buffer_S(
           守衛鏈 ＝ ['if _row_for_buffer and avg_depth_default > 0:', 'if _fo_right:', '<try/except>', "if _r_min is not None and _r_min != float('inf"]
       541 | _right_buffer_S = 0.0
           守衛鏈 ＝ ['if _row_for_buffer and avg_depth_default > 0:', 'if _fo_right:', '<try/except>']
  ⇒ **不在 `_fo_*` 守衛內**之賦值 ＝ **2**，其右值 ＝ ['0.0']
  🔴 **`Q-1` 構造證：✅ 成立**——非 `forced`（`_fo_* == False`）時，該變數**恆為 `0.0`**
  🔒 **判別力自檢**：`_fo_*` 守衛內之賦值 ＝ **4** 個，其右值含 `_corner_buffer_S` ⇒ ✅ 該判法非恆得 0（forced 時非 0）

============================================================================================================================
【乙組·情境 0m】只讀包裝之對拍（⛔ 零生產碼）
============================================================================================================================
  🔒 **自我驗證閘（frame 內省）**：兩趟所取之 `blk_label` **全部落在已知街廓集**（['R1', 'R2', 'R3', 'R4', 'R5', 'R6']）⇒ ✅；只讀包裝**兩趟皆已還原** ⇒ `R-4` 未觸發

  ── `J4` **跑到哪裡、在哪裡停**（⛔ 不只記有無跑完）──
     **改前**：`_select_pool_slot` 被呼叫 **1** 次（母體＝該趟之全部呼叫·判準＝進入包裝）
              到達之街廓序 ＝ ['R1']
              停於 ⇒ 街廓 R1 left 側（結構閘）
     **改後**：`_select_pool_slot` 被呼叫 **2** 次（母體＝該趟之全部呼叫·判準＝進入包裝）
              到達之街廓序 ＝ ['R1', 'R2']
              停於 ⇒ （其他）RuntimeError: 街廓 R2 抵費地計算失敗：🔴 ②-宗 圍堵閘破[R2]：宗-宗重疊 = 45.9766 > 上界 3.1129（(宗數15−1)×0.005×深度44.47）——**超出捨入量子可解釋範圍＝另有病**，停
     **只改R1**：`_select_pool_slot` 被呼叫 **2** 次（母體＝該趟之全部呼叫·判準＝進入包裝）
              到達之街廓序 ＝ ['R1', 'R2']
              停於 ⇒ （其他）RuntimeError: 街廓 R2 抵費地計算失敗：🔴 ②-宗 圍堵閘破[R2]：宗-宗重疊 = 45.9766 > 上界 3.1129（(宗數15−1)×0.005×深度44.47）——**超出捨入量子可解釋範圍＝另有病**，停
     🔒 **`J4` 判**：改後到達 **2** 街廓 vs 改前 **1** ⇒ ✅ 跑得更遠

  ── `Q-3`／`J3` `k*` 是否改變（⛔ 同一次呼叫同時算改前與改後）──
     街廓      forced(L/R)       buf_L(生產)    buf_R(生產)     b_L 改前     b_L 改後    k*改前    k*改後        k*掃描之相異值  判
     R1      False/False          0.0000       0.0000     0.1619     0.0000       2       2             [2]  ✅ 未變
     R2      False/False          0.0000       0.0000    -1.6939     0.0000       8       8             [8]  ✅ 未變
     🔒 **判別力自檢**（`J3` 期望為<u>否定</u> ⇒ 尤須自檢·考古 76）：
        🔴 **自檢須下放一層**：先證「替換**確實抵達計算**」，再談 `k*`。
        ⚠️ 只掃 `k*` 不足——`k*` 可能**本就對 `b` 不敏感**，
          屆時「掃了也沒變」與「探針沒接上」**⛔ 給出同一個輸出**（考古 71 之形狀）。
           R1：`k*` 之相異值 ＝ [2]｜`ΣRw_L@k*` 之相異值 ＝ [5.6, 12.2, 20.0, 28.9, 38.9, 50.0]…（共 9）
           R2：`k*` 之相異值 ＝ [8]｜`ΣRw_L@k*` 之相異值 ＝ [5.6, 12.2, 20.0, 28.9, 38.9, 50.0]…（共 9）
        ① **替換是否抵達計算**：`ΣRw_L@k*` 隨 `b` 出現相異值之街廓 ＝ **2**／2：['R1', 'R2']
           ⇒ ✅ **替換確實抵達計算**（⛔ 非探針沒接上）
        ② **`k*` 是否隨之改變**：`k*` 出現相異值之街廓 ＝ **0**
           ⇒ ✅ **`k*` 對 `b` 不敏感<u>係真結論</u>**——`ΣRw_L` 變了而 `k*` 不變。
     🔴 **`Q-3` 判**：`k*` 改變之街廓 ＝ **0**：（無）
        ⇒ ✅ `J3` 成立 ⇒ `R-1` 未觸發

  ── `Q-2`／`J2` 結構閘 `理論＝實跑`（容差 **0.1**·單位 **百分點**）──
     **改前**：R1 left 側　理論@k* ＝ **97.18**　實跑(階段1) ＝ **100.02**　Δ ＝ **-2.84** pp ⇒ 🔴 **不過**
     **改後**：⚠️ **無從判定**——停於**非該閘**之處：RuntimeError: 街廓 R2 抵費地計算失敗：🔴 ②-宗 圍堵閘破[R2]：宗-宗重疊 = 45.9766 > 上界 3.1129（(宗數15−1)×0.005×深度44.47）——**超出捨入量子可解釋範圍＝另有病**，停
     **只改R1**：⚠️ **無從判定**——停於**非該閘**之處：RuntimeError: 街廓 R2 抵費地計算失敗：🔴 ②-宗 圍堵閘破[R2]：宗-宗重疊 = 45.9766 > 上界 3.1129（(宗數15−1)×0.005×深度44.47）——**超出捨入量子可解釋範圍＝另有病**，停
     🔴 **`Q-2` 判**（受詞＝**改前拋出之該街廓** `R1`）：
        ✅ `J2` 成立——該街廓之結構閘轉為通過

============================================================================================================================
【乙組·情境 3.5m】只讀包裝之對拍（⛔ 零生產碼）
============================================================================================================================
  🔒 **自我驗證閘（frame 內省）**：兩趟所取之 `blk_label` **全部落在已知街廓集**（['R1', 'R2', 'R3', 'R4', 'R5', 'R6']）⇒ ✅；只讀包裝**兩趟皆已還原** ⇒ `R-4` 未觸發

  ── `J4` **跑到哪裡、在哪裡停**（⛔ 不只記有無跑完）──
     **改前**：`_select_pool_slot` 被呼叫 **1** 次（母體＝該趟之全部呼叫·判準＝進入包裝）
              到達之街廓序 ＝ ['R1']
              停於 ⇒ 街廓 R1 left 側（結構閘）
     **改後**：`_select_pool_slot` 被呼叫 **2** 次（母體＝該趟之全部呼叫·判準＝進入包裝）
              到達之街廓序 ＝ ['R1', 'R2']
              停於 ⇒ （其他）RuntimeError: 🔴 結構閘 telescoping 破：街廓 R2 left 側 ΣRw_實跑=100.02 ≠ R(W_final=34.39)−R(W₀=6.98)=44.41（Δ=55.606 >0.1）｜逐界面：[Δ_i·R2·left] 628-42(1)→628-41(1):
     **只改R1**：`_select_pool_slot` 被呼叫 **2** 次（母體＝該趟之全部呼叫·判準＝進入包裝）
              到達之街廓序 ＝ ['R1', 'R2']
              停於 ⇒ （其他）RuntimeError: 🔴 結構閘 telescoping 破：街廓 R2 left 側 ΣRw_實跑=100.02 ≠ R(W_final=34.39)−R(W₀=6.98)=44.41（Δ=55.606 >0.1）｜逐界面：[Δ_i·R2·left] 628-42(1)→628-41(1):
     🔒 **`J4` 判**：改後到達 **2** 街廓 vs 改前 **1** ⇒ ✅ 跑得更遠

  ── `Q-3`／`J3` `k*` 是否改變（⛔ 同一次呼叫同時算改前與改後）──
     街廓      forced(L/R)       buf_L(生產)    buf_R(生產)     b_L 改前     b_L 改後    k*改前    k*改後        k*掃描之相異值  判
     R1      False/False          0.0000       0.0000     0.1619     0.0000       1       1             [1]  ✅ 未變
     R2      True/False           8.6959       0.0000     6.9803     6.9803       8       8             [8]  ✅ 未變
     🔒 **判別力自檢**（`J3` 期望為<u>否定</u> ⇒ 尤須自檢·考古 76）：
        🔴 **自檢須下放一層**：先證「替換**確實抵達計算**」，再談 `k*`。
        ⚠️ 只掃 `k*` 不足——`k*` 可能**本就對 `b` 不敏感**，
          屆時「掃了也沒變」與「探針沒接上」**⛔ 給出同一個輸出**（考古 71 之形狀）。
           R1：`k*` 之相異值 ＝ [1]｜`ΣRw_L@k*` 之相異值 ＝ [5.6, 12.2, 20.0, 28.9, 38.9, 50.0]…（共 9）
           R2：`k*` 之相異值 ＝ [8]｜`ΣRw_L@k*` 之相異值 ＝ [5.6, 12.2, 20.0, 28.9, 38.9, 50.0]…（共 9）
        ① **替換是否抵達計算**：`ΣRw_L@k*` 隨 `b` 出現相異值之街廓 ＝ **2**／2：['R1', 'R2']
           ⇒ ✅ **替換確實抵達計算**（⛔ 非探針沒接上）
        ② **`k*` 是否隨之改變**：`k*` 出現相異值之街廓 ＝ **0**
           ⇒ ✅ **`k*` 對 `b` 不敏感<u>係真結論</u>**——`ΣRw_L` 變了而 `k*` 不變。
     🔴 **`Q-3` 判**：`k*` 改變之街廓 ＝ **0**：（無）
        ⇒ ✅ `J3` 成立 ⇒ `R-1` 未觸發

  ── `Q-2`／`J2` 結構閘 `理論＝實跑`（容差 **0.1**·單位 **百分點**）──
     **改前**：R1 left 側　理論@k* ＝ **96.30**　實跑(階段1) ＝ **98.75**　Δ ＝ **-2.45** pp ⇒ 🔴 **不過**
     **改後**：⚠️ **無從判定**——停於**非該閘**之處：RuntimeError: 🔴 結構閘 telescoping 破：街廓 R2 left 側 ΣRw_實跑=100.02 ≠ R(W_final=34.39)−R(W₀=6.98)=44.41（Δ=55.606 >0.1）｜逐界面：[Δ_i·R2·left] 628-42(1)→628-41(1):
     **只改R1**：⚠️ **無從判定**——停於**非該閘**之處：RuntimeError: 🔴 結構閘 telescoping 破：街廓 R2 left 側 ΣRw_實跑=100.02 ≠ R(W_final=34.39)−R(W₀=6.98)=44.41（Δ=55.606 >0.1）｜逐界面：[Δ_i·R2·left] 628-42(1)→628-41(1):
     🔴 **`Q-2` 判**（受詞＝**改前拋出之該街廓** `R1`）：
        ✅ `J2` 成立——該街廓之結構閘轉為通過

============================================================================================================================
【丙組】連鎖傳遞之範圍（⛔ 只述·不估跨街廓之量）
============================================================================================================================
  `k*` 改變之情境 ＝ **0**：（無）
  🔒 **範圍之判（由構造）**：`_select_pool_slot` 之入參 `widths`／`left_side`／`right_side`
     **逐街廓建置**（`run_step_g` 之 `for blk_label, parcels_in_blk in parcels_by_block.items():` 內）
     ⇒ `k*` 之改變**止於該街廓側**，⛔ **不跨街廓**。
  ⚠️ **但**：推進種子以 `W_far` **thread 到下一宗**（`W-G.9-22` 丙組已查）
     ⇒ **同一街廓側之整排宗**皆受影響；⛔ **跨街廓之量本批未估**（施工單：只述）。

============================================================================================================================
【丁組】預期轉紅清單（🔴 **本批必交·⛔ 不實施**·⛔ 不採信施工單所列舉）
============================================================================================================================

  ▸ **`verify/fixture_e2e_termination.py`（**三支端到端複本之終止點凍存**）**
      會不會轉紅　＝ ✅ **會**
      預期／非預期 ＝ 🟢 **預期內**
      屆時之正辦　＝ 其受詞即「**在哪裡停**」；本修法之目的正是**讓它停得更遠** ⇒ 轉紅為**成功之訊號**。屆時之正辦 ＝ **逐項確認新終止點與預期相符後**才更新，⛔ **不得逕自重凍**
      現查依據　　＝ 現查存在·字樣命中 6

  ▸ **`verify/out/K6A2_期望FAIL名單_WG97_名目加原因.txt`（**現行凍存名單**·對帳器 `verify/wv_reconcile.py`）**
      會不會轉紅　＝ ✅ **會**
      預期／非預期 ＝ 🟢 **預期內**
      屆時之正辦　＝ 對帳準則為「**名目 ＋ 正規化後原因全文**」；本修法改變 `v3·StepG*` 之**原因全文**（結構閘 → 別的或消失）⇒ **類 III（訊質不同）＝紅**。屆時之正辦 ＝ **逐項具名確認**後更新，⛔ **不得逕自重凍**
      現查依據　　＝ 現查 `K6A2_期望FAIL名單*` 共 5 檔（⚠️ 舊四份一份未刪·僅不再為基準）

  ▸ **`verify/run_verification.py` 之 `W-G G.1 接線層 ctx-builder 同源`（`_ctx["0m"]`）**
      會不會轉紅　＝ 🔶 **可能由紅轉綠**
      預期／非預期 ＝ 🟢 **預期內**
      屆時之正辦　＝ 該閘**現為死閘**（`_ctx["0m"]` 缺鍵先崩·`W-G.9-4b` 已具名）；其缺鍵之根因 ＝ `run_step_g` 之結構閘 raise ⇒ 修法若使該 raise 消失，**該閘可能首度真正執行** ⇒ 屆時**它才開始咬**，⛔ **不得將其首次紅誤認為本修法之破壞**
      現查依據　　＝ `_ctx["0m"]` 於該檔命中 4 行

  ▸ **`verify/baselines/`（**重烤基準**）**
      會不會轉紅　＝ ⚠️ **無從判定**
      預期／非預期 ＝ —
      屆時之正辦　＝ 🔴 **本批⛔ 未查其逐檔內容**——判其是否轉紅須知**哪些 CSV 之欄含 `ΣRw`／`G`**，而本批**未讀**。⛔ **不得猜**（考古 71：「無從判定」≠「判定為偽」）
      現查依據　　＝ 現查 19 檔（母體＝`verify/baselines/` 之 `os.listdir`）

  🔒 **`J5` 判**：可逐項現查判定者 ＝ **3**／**4**；**無從判定 ＝ 1**（`verify/baselines/`·已具名·⛔ 未猜）
  🔒 **射程聲明**：本清單之母體 ＝ 上列 **4** 項（⛔ 正面列舉）；
     ⛔ **不宣稱**「全倉只有這些會轉紅」——⛔ 本批未做全倉盤點。

============================================================================================================================
