====================================================================================================================
【N-12′／N-19】垂距量至 **BASELINE 無限直線**·**不被街廓側境界線截斷**（KL 裁定 2026-07-26 第二批）
====================================================================================================================
  可量街廓：['R1', 'R2', 'R3', 'R4', 'R5', 'R6']｜非分配（無 FRONT_LINE）：['G1', 'RD1', 'RD2', 'RD3', 'RD4']

【0】結構閘 ∥：BASELINE 須平行 FRONT_LINE（屁股線之定義所繫·容差 10°）
--------------------------------------------------------------------------------------------------------------------
  塊        FRONT角°     BASE角°      夾角°       街廓面積       臨街長      面積÷長  判
  R1       -46.577    -46.554    0.023     2893.6     87.31     33.14  ✅
  R2        47.493     48.050    0.557     4368.6    100.03     43.67  ✅
  R3      -131.259     48.050    0.691     4206.8     93.41     45.04  ✅
  R4       -46.578    -46.554    0.024     3207.9     98.89     32.44  ✅
  R5        48.741     46.027    2.714     4150.2     92.80     44.72  ✅
  R6      -136.841     46.027    2.868     3976.3     85.85     46.31  ✅

  ⇒ **真正可用之街廓 ＝ ['R1', 'R2', 'R3', 'R4', 'R5', 'R6']**（6 塊中 6 塊）｜無 BASELINE：[]｜配對錯誤：[]

【A】三檔取樣穩定性（KL 必辦驗證：確認 min 跨三個數量級穩定且無端部退化）
--------------------------------------------------------------------------------------------------------------------
  塊        FRONT長      min@step 0.21464         min@step 0.01        min@step 0.001        極差
  R1      87.3130             33.128255             33.128255             33.128255  0.00e+00
  R2     100.0274             43.983538             43.983538             43.983538  0.00e+00
  R3      93.4051             43.775103             43.775103             43.775103  0.00e+00
  R4      98.8938             33.083662             33.083662             33.083662  0.00e+00
  R5      92.7995             43.559230             43.559230             43.559230  0.00e+00
  R6      85.8549             43.415853             43.415853             43.415853  0.00e+00

  ⇒ 三檔極差若 ~1e-3 以下 ⇒ **min 穩定·無端部退化** ⇒ N-12′(b)「排除帶不需要」成立。
  （對照：舊式『被街廓截斷之弦長』於 R6 三檔得 40.2776／1.9943／0.1994＝隨取樣→0·probe_ruling_N_p8 舊版·**已廢**）

【B】N-19 街廓平均深度（FRONT 全段垂距之平均·軸＝FRONT 法向） ＋ N-16(b) 區內最小分配面積
--------------------------------------------------------------------------------------------------------------------
  塊            平均深度        最小深度        最大深度           現行 街廓分配深度_m         差  min_width
  R1        33.1461     33.1283     33.1639               32.9700   +0.1761       3.50
  R2        44.4700     43.9835     44.9564               43.9000   +0.5700       3.50
  R3        44.3382     43.7751     44.9014               43.6400   +0.6982       3.50
  R4        33.1046     33.0837     33.1256               32.5900   +0.5146       3.50
  R5        45.7585     43.5592     47.9578               45.0400   +0.7185       3.50
  R6        45.5664     43.4159     47.7170               44.5900   +0.9764       3.50

  深度最淺街廓 ＝ **R4**（街廓平均深度 33.1046m）
  畸零地最小寬（全區最小）＝ 3.50m｜逐塊 min_width（可用塊）：{'R1': 3.5, 'R2': 3.5, 'R3': 3.5, 'R4': 3.5, 'R5': 3.5, 'R6': 3.5}
  ⇒ **N-16(b) 區內最小分配面積 ＝ 3.50 × 33.1046 = 115.8662 ㎡**（round2 = 115.87）
  對照現行正典 114.07（＝round(32.59×3.5,2)·舊式 min(各塊 深度×最小寬)）　⇒ 變動 +1.80㎡（KL：屬預期）
  ⚠️ 本值之 min_width 取全區最小；若 KL 意為「最淺街廓自身之 min_width」，則為 3.50 × 33.1046 = 115.8662㎡。UC9898 六塊 min_width 同為 3.5 ⇒ 兩讀同值、**本案無法區辨**，泛用化前須釐清（列上呈）。

【C】N-2′ 必辦：`s<0` 三角塊與 FRONTLINE 之**實際接觸幾何**（自 CAD 真幾何量·禁由敘述推定）
--------------------------------------------------------------------------------------------------------------------
  ▸ R1｜s_min=-0.3248｜楔形面積=5.3255㎡
      楔形 ∩ FRONTLINE：型別 **LineString**｜長度 **0.000000 m**
      ⇒ **交集為空**（楔形↔FRONTLINE 最近距 3.623e+00 m） ⇒ 接觸至多為角點·**臨街長度 0** ⇒ 依 KL N-2′ 屬**未臨正街土地** ✅
  ▸ R3｜s_min=-0.0000｜楔形面積=0.0001㎡
      楔形 ∩ FRONTLINE：型別 **Point**｜長度 **0.000000 m**
      ⇒ **接觸退化為單點**（距 p1 0.000000e+00 m） ⇒ 依 KL N-2′ 屬**未臨正街土地**·不獨立受寬深檢驗 ✅
  ▸ R6｜s_min=-3.6068｜楔形面積=85.7064㎡
      楔形 ∩ FRONTLINE：型別 **Point**｜長度 **0.000000 m**
      ⇒ **接觸退化為單點**（距 p1 0.000000e+00 m） ⇒ 依 KL N-2′ 屬**未臨正街土地**·不獨立受寬深檢驗 ✅
====================================================================================================================
