====================================================================================================
【W-G.9-167】`VR-074` 落地前置量測（⛔ 只讀）
====================================================================================================
  HEAD = 6b77b4a0dca0ffe72069295b7e47d0c59a9afaf1
  app.py blob = f285b91c9e5f97f13dd74508e1a403833bc75cb3
  WV_K6_STEP0 = <未設·倉內預設>

  🔒 自檢⓪　`ns` 之型別 = dict／`_projection_order` in ns = True
      `ns is PO_ORIG.__globals__` = **True**（True ⇒ 層疊亦及於 app 內部直呼）
  ✅ 建置完成：temp_parcels = 114 宗／build_parcels = 49 宗
  🔒 `build_build_parcels` 之簽章⛔ 不含 setback ⇒ **二層之內容與情境無關**（`grep -n "def build_build_parcels" verify/selection_pipeline.py`）

====================================================================================================
§M-1　三判準合取 vs `_is_ghost_sliver`（逐層·逐街廓）
====================================================================================================

  ── TEMP_LAYER（temp_parcels） ──
     a  該層總列數（**對照組**·必然非零） = **114**
     b  三判準合取為真 = **8** ⇒ ['_GHOST_(G1)', '_GHOST_(G1)', '_GHOST_(R1)', '_GHOST_(R4)', '_GHOST_(RD1)', '_GHOST_(RD2)', '_GHOST_(RD3)', '_GHOST_(RD3)']
     c  `_is_ghost_sliver` 為真 = **8** ⇒ ['_GHOST_(G1)', '_GHOST_(G1)', '_GHOST_(R1)', '_GHOST_(R4)', '_GHOST_(RD1)', '_GHOST_(RD2)', '_GHOST_(RD3)', '_GHOST_(RD3)']
     d  **對稱差** = [] ⇒ **空**
     e  三判準之**單獨**命中：① 原地號=='_GHOST' = **8**／② G(㎡)==0 = **114**／③ a 面積(㎡)==0 = **114**
        ⇒ 合取(8) 是否比任一單項更嚴？ vs① False／vs② True／vs③ True
        🔴 ②③ 於本層之鍵**存在性**：有 `G(㎡)` 鍵者 = 0 ／ 有 `a 面積(㎡)` 鍵者 = 0
        街廓 G1       a=23   b=2 ['_GHOST_(G1)', '_GHOST_(G1)'] c=2 ['_GHOST_(G1)', '_GHOST_(G1)']
        街廓 R1       a=6    b=1 ['_GHOST_(R1)'] c=1 ['_GHOST_(R1)']
        街廓 R4       a=3    b=1 ['_GHOST_(R4)'] c=1 ['_GHOST_(R4)']
        街廓 RD1      a=13   b=1 ['_GHOST_(RD1)'] c=1 ['_GHOST_(RD1)']
        街廓 RD2      a=9    b=1 ['_GHOST_(RD2)'] c=1 ['_GHOST_(RD2)']
        街廓 RD3      a=11   b=2 ['_GHOST_(RD3)', '_GHOST_(RD3)'] c=2 ['_GHOST_(RD3)', '_GHOST_(RD3)']

  ── BUILD_LAYER（build_parcels） ──
     a  該層總列數（**對照組**·必然非零） = **49**
     b  三判準合取為真 = **2** ⇒ ['_GHOST_(R1)', '_GHOST_(R4)']
     c  `_is_ghost_sliver` 為真 = **2** ⇒ ['_GHOST_(R1)', '_GHOST_(R4)']
     d  **對稱差** = [] ⇒ **空**
     e  三判準之**單獨**命中：① 原地號=='_GHOST' = **2**／② G(㎡)==0 = **49**／③ a 面積(㎡)==0 = **49**
        ⇒ 合取(2) 是否比任一單項更嚴？ vs① False／vs② True／vs③ True
        🔴 ②③ 於本層之鍵**存在性**：有 `G(㎡)` 鍵者 = 0 ／ 有 `a 面積(㎡)` 鍵者 = 0
        街廓 R1       a=6    b=1 ['_GHOST_(R1)'] c=1 ['_GHOST_(R1)']
        街廓 R4       a=3    b=1 ['_GHOST_(R4)'] c=1 ['_GHOST_(R4)']

====================================================================================================
§M-2a　位次之變動（BUILD_LAYER·逐街廓·現況 vs `VR-074` 態）
====================================================================================================
  ⚠️ **受詞更正**：`_rank_by_tpid` 係 **per-block**（`verify/selection_pipeline.py:339`／`app.py:19135`），⛔ **非 per-side** ⇒ 單 `§三 M-2a` 之「逐街廓逐側」於碼面無受詞，本節逐**街廓**報。
  ── 街廓 R1       n(現況)= 6 n(VR-074)= 5 ⇒ 位次改變 **4** 筆
        628-37(1)        現況 rank  3 → VR-074 rank  2（差 -1）
        628-36(1)        現況 rank  4 → VR-074 rank  3（差 -1）
        628-34(3)        現況 rank  5 → VR-074 rank  4（差 -1）
        628(5)           現況 rank  6 → VR-074 rank  5（差 -1）
  ── 街廓 R2       n(現況)=14 n(VR-074)=14 ⇒ 位次改變 **0** 筆
  ── 街廓 R3       n(現況)=10 n(VR-074)=10 ⇒ 位次改變 **0** 筆
  ── 街廓 R4       n(現況)= 3 n(VR-074)= 2 ⇒ 位次改變 **1** 筆
        628-1(1)         現況 rank  3 → VR-074 rank  2（差 -1）
  ── 街廓 R5       n(現況)= 8 n(VR-074)= 8 ⇒ 位次改變 **0** 筆
  ── 街廓 R6       n(現況)= 8 n(VR-074)= 8 ⇒ 位次改變 **0** 筆

  🔴 **全區 `差 ≠ 0` 之真實宗地 = 5 筆**；差值集合 = [-1]
  🔒 逐筆具名：['628-37(1)', '628-36(1)', '628-34(3)', '628(5)', '628-1(1)']
  🔒 **對照錨（⛔ 非判準）** `W-G.9-148R M-3`：`R1` n−r=4 ／ `R4` n−r=1（合計 5）
     本批逐街廓實測：{'R1': 4, 'R4': 1}

====================================================================================================
§M-2b／M-2c　PK 二態實跑對拍（逐情境）
====================================================================================================

  ════ 情境 0m ════
     🔒 **層疊之咬到計數**（反靜默退路）：本情境呼叫 6 次／濾掉 2 列
     ── M-2b　winner ──
        指配列數：現況 6 ／ VR-074 6 ／ 鍵集相同 = True
        🔴 **指配列有差異之鍵 = 0**
        群 ('R1', '左')：候選 3 ・**4dp 同分值 [0.0]**
           同分組 ['628-37(1)', '628-36(1)', '628-35(2)'] ⇒ 現況序 ['628-35(2)', '628-37(1)', '628-36(1)'] ／ VR-074 序 ['628-35(2)', '628-37(1)', '628-36(1)'] ⇒ **未翻轉**
        群 ('R2', '左')：候選 3 ・**4dp 同分值 [0.0]**
           同分組 ['628-41(1)', '628-42(1)', '628-27(1)'] ⇒ 現況序 ['628-42(1)', '628-41(1)', '628-27(1)'] ／ VR-074 序 ['628-42(1)', '628-41(1)', '628-27(1)'] ⇒ **未翻轉**
        群 ('R3', '右')：候選 3 ・**4dp 同分值 [0.0]**
           同分組 ['628-30(3)+', '628-42(2)', '628-27(2)'] ⇒ 現況序 ['628-30(3)+', '628-27(2)', '628-42(2)'] ／ VR-074 序 ['628-30(3)+', '628-27(2)', '628-42(2)'] ⇒ **未翻轉**
        群 ('R5', '左')：候選 3 ・**4dp 同分值 [0.0]**
           同分組 ['628-18(2)', '628-45(1)+', '628-53(2)'] ⇒ 現況序 ['628-53(2)', '628-18(2)', '628-45(1)+'] ／ VR-074 序 ['628-53(2)', '628-18(2)', '628-45(1)+'] ⇒ **未翻轉**
        群 ('R6', '右')：候選 2 ・**4dp 同分值 [0.0]**
           同分組 ['628-18(1)', '628-38(1)'] ⇒ 現況序 ['628-18(1)', '628-38(1)'] ／ VR-074 序 ['628-18(1)', '628-38(1)'] ⇒ **未翻轉**
        群數 = 8 ・ 含 4dp 同分之群 = 5
     ── M-2c　診斷列之 `原位次(投影序)` 差 ──
        診斷列數：現況 17 ／ VR-074 17 ／ 鍵集相同 = True
        🔴 **有差之格 = 4**；涉及欄 = ['原位次(投影序)']
           R1·右·628(5)｜原位次(投影序)：6 → 5
           R1·左·628-36(1)｜原位次(投影序)：4 → 3
           R1·左·628-37(1)｜原位次(投影序)：3 → 2
           R4·右·628-1(1)｜原位次(投影序)：3 → 2

  ════ 情境 3.5m ════
     🔒 **層疊之咬到計數**（反靜默退路）：本情境呼叫 6 次／濾掉 2 列
     ── M-2b　winner ──
        指配列數：現況 6 ／ VR-074 6 ／ 鍵集相同 = True
        🔴 **指配列有差異之鍵 = 0**
        群 ('R1', '左')：候選 3 ・**4dp 同分值 [0.0]**
           同分組 ['628-36(1)', '628-35(2)', '628-37(1)'] ⇒ 現況序 ['628-35(2)', '628-37(1)', '628-36(1)'] ／ VR-074 序 ['628-35(2)', '628-37(1)', '628-36(1)'] ⇒ **未翻轉**
        群 ('R2', '左')：候選 4 ・**4dp 同分值 [0.0]**
           同分組 ['628-42(1)', '628-41(1)', '628-40(1)+', '628-27(1)'] ⇒ 現況序 ['628-42(1)', '628-41(1)', '628-27(1)', '628-40(1)+'] ／ VR-074 序 ['628-42(1)', '628-41(1)', '628-27(1)', '628-40(1)+'] ⇒ **未翻轉**
        群 ('R3', '右')：候選 4 ・**4dp 同分值 [0.0]**
           同分組 ['628-30(3)+', '628-42(2)', '628-27(2)', '628-29(1)+'] ⇒ 現況序 ['628-30(3)+', '628-29(1)+', '628-27(2)', '628-42(2)'] ／ VR-074 序 ['628-30(3)+', '628-29(1)+', '628-27(2)', '628-42(2)'] ⇒ **未翻轉**
        群 ('R5', '左')：候選 4 ・**4dp 同分值 [0.0]**
           同分組 ['628-45(1)+', '628-7(2)', '628-18(2)', '628-53(2)'] ⇒ 現況序 ['628-53(2)', '628-18(2)', '628-7(2)', '628-45(1)+'] ／ VR-074 序 ['628-53(2)', '628-18(2)', '628-7(2)', '628-45(1)+'] ⇒ **未翻轉**
        群 ('R6', '右')：候選 2 ・**4dp 同分值 [0.0]**
           同分組 ['628-18(1)', '628-38(1)'] ⇒ 現況序 ['628-18(1)', '628-38(1)'] ／ VR-074 序 ['628-18(1)', '628-38(1)'] ⇒ **未翻轉**
        群數 = 8 ・ 含 4dp 同分之群 = 5
     ── M-2c　診斷列之 `原位次(投影序)` 差 ──
        診斷列數：現況 20 ／ VR-074 20 ／ 鍵集相同 = True
        🔴 **有差之格 = 4**；涉及欄 = ['原位次(投影序)']
           R1·右·628(5)｜原位次(投影序)：6 → 5
           R1·左·628-36(1)｜原位次(投影序)：4 → 3
           R1·左·628-37(1)｜原位次(投影序)：3 → 2
           R4·右·628-1(1)｜原位次(投影序)：3 → 2

  🔒 層疊總計：呼叫 12 次／濾掉 4 列（⇒ **確有咬到**）

====================================================================================================
§M-2c　映射至 baseline CSV（**窮舉**·含判為不變者）
====================================================================================================
  baselines 下 CSV 總數 = **266**（對照組·必然非零）
  含 `原位次(投影序)` 欄者 = **10**：
     verify/baselines/PRE-S0b_S0c_幾何漏歸零_凍存/v3/W-D.1.2 診斷_退縮0m.csv
     verify/baselines/PRE-S0b_S0c_幾何漏歸零_凍存/v3/W-D.1.2 診斷_退縮3.5m.csv
     verify/baselines/PRE-比率更新_凍存/v3/W-D.1.2 診斷_退縮0m.csv
     verify/baselines/PRE-比率更新_凍存/v3/W-D.1.2 診斷_退縮3.5m.csv
     verify/baselines/PRE勘誤_期日/v3/W-D.1.2 診斷_退縮0m.csv
     verify/baselines/PRE勘誤_期日/v3/W-D.1.2 診斷_退縮3.5m.csv
     verify/baselines/W-D.1.2 診斷_退縮0m.csv
     verify/baselines/W-D.1.2 診斷_退縮3.5m.csv
     verify/baselines/v3/W-D.1.2 診斷_退縮0m.csv
     verify/baselines/v3/W-D.1.2 診斷_退縮3.5m.csv
  ⛔ 不含該欄者 = **256**（⇒ 本批判為**不變**）
  verify/baselines/PRE-S0b_S0c_幾何漏歸零_凍存/v3/W-D.1.2 診斷_退縮0m.csv   列= 18 ⇒ 預測有差之格 = **4**｜凍存·⛔ 非對拍靶
  verify/baselines/PRE-S0b_S0c_幾何漏歸零_凍存/v3/W-D.1.2 診斷_退縮3.5m.csv 列= 21 ⇒ 預測有差之格 = **4**｜凍存·⛔ 非對拍靶
  verify/baselines/PRE-比率更新_凍存/v3/W-D.1.2 診斷_退縮0m.csv            列= 18 ⇒ 預測有差之格 = **4**｜凍存·⛔ 非對拍靶
  verify/baselines/PRE-比率更新_凍存/v3/W-D.1.2 診斷_退縮3.5m.csv          列= 21 ⇒ 預測有差之格 = **4**｜凍存·⛔ 非對拍靶
  verify/baselines/PRE勘誤_期日/v3/W-D.1.2 診斷_退縮0m.csv               列= 18 ⇒ 預測有差之格 = **4**｜凍存·⛔ 非對拍靶
  verify/baselines/PRE勘誤_期日/v3/W-D.1.2 診斷_退縮3.5m.csv             列= 21 ⇒ 預測有差之格 = **4**｜凍存·⛔ 非對拍靶
  verify/baselines/W-D.1.2 診斷_退縮0m.csv                           列= 18 ⇒ 預測有差之格 = **4**｜對拍靶·無串聯（run_verification.py:613·skip_cols 對本欄失效）
  verify/baselines/W-D.1.2 診斷_退縮3.5m.csv                         列= 21 ⇒ 預測有差之格 = **4**｜對拍靶·無串聯（run_verification.py:613·skip_cols 對本欄失效）
  verify/baselines/v3/W-D.1.2 診斷_退縮0m.csv                        列= 18 ⇒ 預測有差之格 = **4**｜對拍靶·全欄逐格（run_verification.py:606）
  verify/baselines/v3/W-D.1.2 診斷_退縮3.5m.csv                      列= 21 ⇒ 預測有差之格 = **4**｜對拍靶·全欄逐格（run_verification.py:606）

====================================================================================================
§M-2d　`_GHOST` 於 CSV 之命中（框 ＝ 子字串·母體具名）
====================================================================================================
  verify/baselines/**/*.csv    檔數 = 266 ／ 含 `_GHOST` 之檔 = **0** []
       **對照組**（必然非零之字樣 `街廓`）＝ 222 檔
  verify/out/**/*.csv          檔數 = 10 ／ 含 `_GHOST` 之檔 = **0** []
       **對照組**（必然非零之字樣 `街廓`）＝ 10 檔

====================================================================================================
§M-3　`_PROJ_POP_DECL` 之 14 tag（⛔ 只列不寫）
====================================================================================================
  tag 總數 = **14**
  tag                        kind               source         filter
  app:v2/pre_seq             POP_SYNC           BUILD_LAYER    passthrough
  app:main/v2_caller         POP_SYNC           BUILD_LAYER    stage1
  stepg:v2_caller            POP_SYNC           BUILD_LAYER    stage1
  app:main/_rank_by_tpid     POP_SYNC           BUILD_LAYER    identity
  sp:_rank_by_tpid           POP_SYNC           BUILD_LAYER    identity
  stepg:_proj_rank           POP_SYNC           BUILD_LAYER    stage1
  wf_f0:_proj_order          ORDER_INVARIANCE   BUILD_LAYER    no_ghost
  wf_f2:_proj_order          ORDER_INVARIANCE   BUILD_LAYER    no_ghost
  wf_f3:_proj_order          ORDER_INVARIANCE   BUILD_LAYER    no_ghost
  wf_f4:_proj_order          ORDER_INVARIANCE   BUILD_LAYER    no_ghost
  wf_f1:_order               ORDER_INVARIANCE   RESHAPE        pseudo_of
  wf_f4:_order_fb            ORDER_INVARIANCE   RESHAPE        pseudo_of
  wf_f4:_order               ORDER_INVARIANCE   RESHAPE        pseudo_of
  app:k6step0/_ordered       NAME_DERIVATION    TEMP_LAYER     group_members
  filter 之相異值 = 6 ⇒ {'passthrough': 1, 'stage1': 3, 'identity': 2, 'no_ghost': 4, 'pseudo_of': 3, 'group_members': 1}
