==========================================================================================================================================================================
【K-9-6-b 宗地層量測帶】舊帶（附表 min_depth）vs 新帶（BASELINE 法向之該宗最小深度） — **只算不換·生產零呼叫點**（K-6-A2 段五(a)+(b)）
新帶 t_hi ＝ t_lo + D·(b̂n·n̂)｜⛔ 量測方向不變（仍取平行前緣線之弦）｜⛔ 本檔不設任何門檻
==========================================================================================================================================================================

【A】母體界定：`推進側別 ∈ {'left','right'}`（⛔ **非**以有無 `cut_coords` 為篩）
--------------------------------------------------------------------------------------------------------------------------------------------------------------------------
  納入母體：**118** 列（兩情境合計）
  被剔除各列之 `推進側別` 分布（逐字·⛔ 未過濾）：
    0m     推進側別＝`抵費地`：9 列
    3.5m   推進側別＝`抵費地`：11 列
  ⚠️ **抵費地有真幾何但不量寬度**（`grep -n "if _side in ('抵費地'" app.py`）⇒ 以幾何為篩會稀釋分母。

【B】逐宗：舊帶 vs 新帶（**全精度**·另附 2dp 生產值）
--------------------------------------------------------------------------------------------------------------------------------------------------------------------------
情境    街廓   gid          側             t_lo    t_hi_舊           D            g         (b̂n·n̂)      t_hi_新         寬度_舊         寬度_新          Δ寬度     舊判定     新判定  翻轉
--------------------------------------------------------------------------------------------------------------------------------------------------------------------------
0m    R1   628-37(1)    left  — N/A·豁免中（K-4 面積門檻·街角宗不進量測·GB-39／段六）
0m    R1   628-35(2)    left      0.000077     14.00   33.153798     0.000409   0.999999916549   33.153872    18.102711    15.437051    -2.665660      合格      合格  —
0m    R1   628(5)       right — N/A·豁免中（K-4 面積門檻·街角宗不進量測·GB-39／段六）
0m    R1   628-34(3)    right     0.000247     14.00   33.130802     0.000409   0.999999916549   33.131047   🔴 寬度 raise（見【D】）
0m    R1   628-36(1)    right     0.000240     14.00   33.131871     0.000409   0.999999916549   33.132108    17.995272    15.323332    -2.671940      合格      合格  —
0m    R2   628-40(1)    left  — N/A·豁免中（K-4 面積門檻·街角宗不進量測·GB-39／段六）
0m    R2   628-42(1)    left      0.000004     14.00   44.874005     0.009726   0.999952704138   44.871886     0.105847     0.105847     0.000000     不合格     不合格  —
0m    R2   628-41(1)    left      0.000004     14.00   44.834356     0.009726   0.999952704138   44.832239     4.076722     4.076722    -0.000000      合格      合格  —
0m    R2   628-27(1)    left      0.000003     14.00   44.827947     0.009726   0.999952704138   44.825830     0.659028     0.659028    -0.000000     不合格     不合格  —
0m    R2   628-43(1)    left      0.000003     14.00   44.827889     0.009726   0.999952704138   44.825772     0.005976     0.005976     0.000000     不合格     不合格  —
0m    R2   628-30(2)    left      0.000003     14.00   44.809051     0.009726   0.999952704138   44.806936     1.936860     1.936860     0.000000     不合格     不合格  —
0m    R2   628-39(1)    left      0.000003     14.00   44.759013     0.009726   0.999952704138   44.756899     5.145016     5.145016     0.000000      合格      合格  —
0m    R2   628-31(2)    left      0.000003     14.00   44.673885     0.009726   0.999952704138   44.671775     8.752926     8.752926     0.000000      合格      合格  —
0m    R2   628-35(1)    right     0.000000     14.00   43.981458     0.009726   0.999952704138   43.979378     1.338937     1.338937     0.000000     不合格     不合格  —
0m    R2   628-34(1)    right     0.000000     14.00   43.994480     0.009726   0.999952704138   43.992400     9.803894     9.803894     0.000000      合格      合格  —
0m    R2   628-49(1)    right     0.000000     14.00   44.089830     0.009726   0.999952704138   44.087745     1.483088     1.483088     0.000000     不合格     不合格  —
0m    R2   628-50(1)    right     0.000001     14.00   44.104254     0.009726   0.999952704138   44.102168     3.333518     3.333518    -0.000000     不合格     不合格  —
0m    R2   628-51(1)    right     0.000001     14.00   44.136674     0.009726   0.999952704138   44.134588     3.317415     3.317415    -0.000000     不合格     不合格  —
0m    R2   628-52(1)    right     0.000001     14.00   44.168938     0.009726   0.999952704138   44.166850     1.619297     1.619297    -0.000000     不合格     不合格  —
0m    R2   628-32(2)    right     0.000001     14.00   44.184687     0.009726   0.999952704138   44.182599     9.872877     9.872877    -0.000000      合格      合格  —
0m    R4   628(1)       left  — N/A·豁免中（K-4 面積門檻·街角宗不進量測·GB-39／段六）
0m    R4   628-1(1)     right — N/A·豁免中（K-4 面積門檻·街角宗不進量測·GB-39／段六）
0m    R6   628(2)       left      0.000000     14.00   47.649420     0.050035   0.998747487879   47.589738   🔴 寬度 raise（見【D】）
0m    R6   628-1(2)     left      0.000000     14.00   47.495629     0.050035   0.998747487879   47.436140     3.073687     1.625641    -1.448046     不合格     不合格  —
0m    R6   628-23(1)    left      0.000000     14.00   47.420529     0.050035   0.998747487879   47.361135     1.500950     0.055196    -1.445755     不合格     不合格  —
0m    R6   628-4(1)     left      0.000001     14.00   46.682558     0.050035   0.998747487879   46.624089    14.749225    13.325990    -1.423234      合格      合格  —
0m    R6   628-22(1)    left      0.000002     14.00   46.518672     0.050035   0.998747487879   46.460409     3.275444     1.857211    -1.418233     不合格     不合格  —
0m    R6   628-21(1)    left      0.000002     14.00   46.291093     0.050035   0.998747487879   46.233115     4.548436     3.137148    -1.411288      合格     不合格  🔴 翻轉
0m    R6   628-18(1)    right — N/A·豁免中（K-4 面積門檻·街角宗不進量測·GB-39／段六）
0m    R6   628-53(1)    right     0.000005     14.00   43.722776     0.050035   0.998747487879   43.668018   🔴 寬度 raise（見【D】）
0m    R6   628-38(1)    right     0.000005     14.00   43.723070     0.050035   0.998747487879   43.668312     2.696407     1.363485    -1.332922     不合格     不合格  —
0m    R6   628-7(1)     right     0.000005     14.00   43.857984     0.050035   0.998747487879   43.803056     6.899231     5.562192    -1.337039      合格      合格  —
0m    R6   628-20(1)    right     0.000005     14.00   44.203184     0.050035   0.998747487879   44.147824     7.677792     6.330219    -1.347573      合格      合格  —
0m    R5   628-7(2)     left  — N/A·豁免中（K-4 面積門檻·街角宗不進量測·GB-39／段六）
0m    R5   628-53(2)    left      0.000000     14.00   43.848740    -0.047345   0.998878589538   43.799567   🔴 寬度 raise（見【D】）
0m    R5   628-18(2)    left      0.000000     14.00   43.850410    -0.047345   0.998878589538   43.801236     4.847152     2.864282    -1.982870      合格     不合格  🔴 翻轉
0m    R5   628-45(1)    left      0.000000     14.00   44.079900    -0.047345   0.998878589538   44.030468   🔴 寬度 raise（見【D】）
0m    R5   628-20(2)    left      0.000000     14.00   44.135946    -0.047345   0.998878589538   44.086451     6.607535     4.611754    -1.995781      合格      合格  —
0m    R5   628-30(1)    left      0.000000     14.00   44.448780    -0.047345   0.998878589538   44.398935   🔴 寬度 raise（見【D】）
0m    R5   628-21(2)    left      0.000000     14.00   44.465599    -0.047345   0.998878589538   44.415735    10.558490     8.547803    -2.010687      合格      合格  —
0m    R5   628(3)       right     0.000000     14.00   47.756295    -0.047345   0.998878589538   47.702741     3.119562     0.960077    -2.159485     不合格     不合格  —
0m    R5   628-23(2)    right     0.000000     14.00   47.333146    -0.047345   0.998878589538   47.280066     8.937543     6.797194    -2.140349      合格      合格  —
0m    R5   628-22(2)    right     0.000000     14.00   46.808032    -0.047345   0.998878589538   46.755541    11.091182     8.974577    -2.116605      合格      合格  —
0m    R5   628-32(1)    right     0.000000     14.00   46.804827    -0.047345   0.998878589538   46.752340   🔴 寬度 raise（見【D】）
0m    R5   628-31(1)    right     0.000000     14.00   46.793952    -0.047345   0.998878589538   46.741476   🔴 寬度 raise（見【D】）
0m    R3   628(4)       left      0.000000     14.00   43.771921    -0.012057   0.999927308808   43.768739   🔴 寬度 raise（見【D】）
0m    R3   628-34(2)    left      0.000000     14.00   43.784300    -0.012057   0.999927308808   43.781117     5.716866     2.187683    -3.529183      合格     不合格  🔴 翻轉
0m    R3   628-47(1)    left      0.000000     14.00   43.853229    -0.012057   0.999927308808   43.850042   🔴 寬度 raise（見【D】）
0m    R3   628-46(1)    left      0.000000     14.00   43.892678    -0.012057   0.999927308808   43.889487   🔴 寬度 raise（見【D】）
0m    R3   628-48(1)    left      0.000000     14.00   43.912683    -0.012057   0.999927308808   43.909492   🔴 寬度 raise（見【D】）
0m    R3   628-49(2)    left      0.000000     14.00   43.952079    -0.012057   0.999927308808   43.948884   🔴 寬度 raise（見【D】）
0m    R3   628-32(3)    left      0.000000     14.00   43.973782    -0.012057   0.999927308808   43.970585     9.580660     6.036201    -3.544459      合格      合格  —
0m    R3   628-42(2)    right     0.000001     14.00   44.833054    -0.012057   0.999927308808   44.829797   🔴 寬度 raise（見【D】）
0m    R3   628-27(2)    right     0.000001     14.00   44.826052    -0.012057   0.999927308808   44.822795   🔴 寬度 raise（見【D】）
0m    R3   628-28(1)    right     0.000001     14.00   44.808925    -0.012057   0.999927308808   44.805669   🔴 寬度 raise（見【D】）
0m    R3   628-45(2)    right     0.000001     14.00   44.754027    -0.012057   0.999927308808   44.750775     4.553094     0.945749    -3.607345      合格     不合格  🔴 翻轉
0m    R3   628-29(1)    right     0.000001     14.00   44.736632    -0.012057   0.999927308808   44.733381   🔴 寬度 raise（見【D】）
0m    R3   628-30(3)    right     0.000001     14.00   44.614106    -0.012057   0.999927308808   44.610864    10.162028     6.565956    -3.596073      合格      合格  —
0m    R3   628-31(3)    right     0.000001     14.00   44.510968    -0.012057   0.999927308808   44.507733     8.554060     4.966302    -3.587758      合格      合格  —
3.5m  R1   628-36(1)    left  — N/A·豁免中（K-4 面積門檻·街角宗不進量測·GB-39／段六）
3.5m  R1   628(5)       right — N/A·豁免中（K-4 面積門檻·街角宗不進量測·GB-39／段六）
3.5m  R1   628-34(3)    right     0.000247     14.00   33.130802     0.000409   0.999999916549   33.131047   🔴 寬度 raise（見【D】）
3.5m  R1   628-37(1)    right     0.000240     14.00   33.131871     0.000409   0.999999916549   33.132108     6.529796     3.857856    -2.671940      合格      合格  —
3.5m  R1   628-35(2)    right     0.000220     14.00   33.134559     0.000409   0.999999916549   33.134775    18.487961    15.816740    -2.671221      合格      合格  —
3.5m  R2   628-42(1)    left      0.000003     14.00   44.852223     0.009726   0.999952704138   44.850105     0.106345     0.106345     0.000000     不合格     不合格  —
3.5m  R2   628-41(1)    left      0.000003     14.00   44.812346     0.009726   0.999952704138   44.810230     4.100183     4.100183     0.000000      合格      合格  —
3.5m  R2   628-27(1)    left      0.000003     14.00   44.805899     0.009726   0.999952704138   44.803783     0.662878     0.662878    -0.000000     不合格     不合格  —
3.5m  R2   628-40(1)    left      0.000003     14.00   44.740370     0.009726   0.999952704138   44.738257     6.737737     6.737737    -0.000000      合格      合格  —
3.5m  R2   628-43(1)    left      0.000003     14.00   44.740312     0.009726   0.999952704138   44.738199     0.005953     0.005953     0.000000     不合格     不合格  —
3.5m  R2   628-30(2)    left      0.000003     14.00   44.720763     0.009726   0.999952704138   44.718651     2.009996     2.009996     0.000000     不合格     不合格  —
3.5m  R2   628-39(1)    left      0.000003     14.00   44.669331     0.009726   0.999952704138   44.667221     5.288317     5.288317     0.000000      合格      合格  —
3.5m  R2   628-31(2)    left      0.000003     14.00   44.584039     0.009726   0.999952704138   44.581933     8.769710     8.769710    -0.000000      合格      合格  —
3.5m  R2   628-35(1)    right     0.000000     14.00   43.981458     0.009726   0.999952704138   43.979378     1.339157     1.339157     0.000000     不合格     不合格  —
3.5m  R2   628-34(1)    right     0.000000     14.00   43.994482     0.009726   0.999952704138   43.992402     9.804188     9.804188     0.000000      合格      合格  —
3.5m  R2   628-49(1)    right     0.000000     14.00   44.089835     0.009726   0.999952704138   44.087750     1.482889     1.482889     0.000000     不合格     不合格  —
3.5m  R2   628-50(1)    right     0.000001     14.00   44.104257     0.009726   0.999952704138   44.102171     3.333508     3.333508     0.000000     不合格     不合格  —
3.5m  R2   628-51(1)    right     0.000001     14.00   44.136677     0.009726   0.999952704138   44.134590     3.317410     3.317410     0.000000     不合格     不合格  —
3.5m  R2   628-52(1)    right     0.000001     14.00   44.168941     0.009726   0.999952704138   44.166853     1.619671     1.619671    -0.000000     不合格     不合格  —
3.5m  R2   628-32(2)    right     0.000001     14.00   44.184694     0.009726   0.999952704138   44.182605     9.872715     9.872715     0.000000      合格      合格  —
3.5m  R4   628(1)       left  — N/A·豁免中（K-4 面積門檻·街角宗不進量測·GB-39／段六）
3.5m  R4   628-1(1)     right — N/A·豁免中（K-4 面積門檻·街角宗不進量測·GB-39／段六）
3.5m  R6   628(2)       left      0.000000     14.00   47.649420     0.050035   0.998747487879   47.589738   🔴 寬度 raise（見【D】）
3.5m  R6   628-1(2)     left      0.000000     14.00   47.495629     0.050035   0.998747487879   47.436140     3.073687     1.625641    -1.448046     不合格     不合格  —
3.5m  R6   628-23(1)    left      0.000000     14.00   47.420529     0.050035   0.998747487879   47.361135     1.500950     0.055196    -1.445755     不合格     不合格  —
3.5m  R6   628-4(1)     left      0.000001     14.00   46.682558     0.050035   0.998747487879   46.624089    14.749225    13.325990    -1.423234      合格      合格  —
3.5m  R6   628-22(1)    left      0.000002     14.00   46.518672     0.050035   0.998747487879   46.460409     3.275444     1.857211    -1.418233     不合格     不合格  —
3.5m  R6   628-21(1)    left      0.000002     14.00   46.291093     0.050035   0.998747487879   46.233115     4.548436     3.137148    -1.411288      合格     不合格  🔴 翻轉
3.5m  R6   628-18(1)    right — N/A·豁免中（K-4 面積門檻·街角宗不進量測·GB-39／段六）
3.5m  R6   628-53(1)    right     0.000005     14.00   43.722776     0.050035   0.998747487879   43.668018   🔴 寬度 raise（見【D】）
3.5m  R6   628-38(1)    right     0.000005     14.00   43.723070     0.050035   0.998747487879   43.668312     2.696407     1.363485    -1.332922     不合格     不合格  —
3.5m  R6   628-7(1)     right     0.000005     14.00   43.857984     0.050035   0.998747487879   43.803056     6.899231     5.562192    -1.337039      合格      合格  —
3.5m  R6   628-20(1)    right     0.000005     14.00   44.203184     0.050035   0.998747487879   44.147824     7.677792     6.330219    -1.347573      合格      合格  —
3.5m  R5   628-53(2)    left      0.000000     14.00   43.997555    -0.047345   0.998878589538   43.948215   🔴 寬度 raise（見【D】）
3.5m  R5   628-18(2)    left      0.000000     14.00   43.999224    -0.047345   0.998878589538   43.949882     4.867413     2.877814    -1.989599      合格     不合格  🔴 翻轉
3.5m  R5   628-45(1)    left      0.000000     14.00   44.229672    -0.047345   0.998878589538   44.180072   🔴 寬度 raise（見【D】）
3.5m  R5   628-7(2)     left      0.000000     14.00   44.285934    -0.047345   0.998878589538   44.236271     5.666749     3.664186    -2.002563      合格      合格  —
3.5m  R5   628-20(2)    left      0.000000     14.00   44.554227    -0.047345   0.998878589538   44.504263     6.735832     4.721137    -2.014695      合格      合格  —
3.5m  R5   628-30(1)    left      0.000000     14.00   44.873136    -0.047345   0.998878589538   44.822815   🔴 寬度 raise（見【D】）
3.5m  R5   628-21(2)    left      0.000000     14.00   44.889808    -0.047345   0.998878589538   44.839468    10.463824     8.433956    -2.029869      合格      合格  —
3.5m  R5   628(3)       right     0.000000     14.00   47.756311    -0.047345   0.998878589538   47.702757     3.119229     0.959743    -2.159486     不合格     不合格  —
3.5m  R5   628-23(2)    right     0.000000     14.00   47.333168    -0.047345   0.998878589538   47.280088     8.937411     6.797061    -2.140350      合格      合格  —
3.5m  R5   628-22(2)    right     0.000000     14.00   46.808061    -0.047345   0.998878589538   46.755570    11.091048     8.974442    -2.116606      合格      合格  —
3.5m  R5   628-32(1)    right     0.000000     14.00   46.804869    -0.047345   0.998878589538   46.752382   🔴 寬度 raise（見【D】）
3.5m  R5   628-31(1)    right     0.000000     14.00   46.793995    -0.047345   0.998878589538   46.741519   🔴 寬度 raise（見【D】）
3.5m  R3   628(4)       left      0.000000     14.00   43.771921    -0.012057   0.999927308808   43.768739   🔴 寬度 raise（見【D】）
3.5m  R3   628-34(2)    left      0.000000     14.00   43.784298    -0.012057   0.999927308808   43.781116     5.716710     2.187528    -3.529182      合格     不合格  🔴 翻轉
3.5m  R3   628-47(1)    left      0.000000     14.00   43.853226    -0.012057   0.999927308808   43.850038   🔴 寬度 raise（見【D】）
3.5m  R3   628-46(1)    left      0.000000     14.00   43.892674    -0.012057   0.999927308808   43.889483   🔴 寬度 raise（見【D】）
3.5m  R3   628-48(1)    left      0.000000     14.00   43.912683    -0.012057   0.999927308808   43.909491   🔴 寬度 raise（見【D】）
3.5m  R3   628-49(2)    left      0.000000     14.00   43.952080    -0.012057   0.999927308808   43.948886   🔴 寬度 raise（見【D】）
3.5m  R3   628-32(3)    left      0.000000     14.00   43.973782    -0.012057   0.999927308808   43.970586     9.580655     6.036196    -3.544459      合格      合格  —
3.5m  R3   628-42(2)    right     0.000001     14.00   44.790579    -0.012057   0.999927308808   44.787325   🔴 寬度 raise（見【D】）
3.5m  R3   628-27(2)    right     0.000001     14.00   44.783517    -0.012057   0.999927308808   44.780263   🔴 寬度 raise（見【D】）
3.5m  R3   628-28(1)    right     0.000001     14.00   44.766219    -0.012057   0.999927308808   44.762966   🔴 寬度 raise（見【D】）
3.5m  R3   628-45(2)    right     0.000001     14.00   44.710824    -0.012057   0.999927308808   44.707575     4.594287     0.990424    -3.603863      合格     不合格  🔴 翻轉
3.5m  R3   628-29(1)    right     0.000001     14.00   44.693099    -0.012057   0.999927308808   44.689851   🔴 寬度 raise（見【D】）
3.5m  R3   628-30(3)    right     0.000001     14.00   44.569545    -0.012057   0.999927308808   44.566306    10.247348     6.654868    -3.592481      合格      合格  —
3.5m  R3   628-31(3)    right     0.000001     14.00   44.466308    -0.012057   0.999927308808   44.463076     8.562216     4.978058    -3.584158      合格      合格  —
--------------------------------------------------------------------------------------------------------------------------------------------------------------------------
  2dp 生產值（`round(w, 2)`）另見上表之全精度欄；街角宗 **12** 列記 `N/A·豁免中`（⛔ 未臆造數字）

【C】判定翻轉之宗（**逐宗列出**·⛔ 不只給計數）
--------------------------------------------------------------------------------------------------------------------------------------------------------------------------
  0m    R6/628-21(1)（left）：寬度 4.548436 → 3.137148（門檻 3.50）｜合格 → 不合格
  0m    R5/628-18(2)（left）：寬度 4.847152 → 2.864282（門檻 3.50）｜合格 → 不合格
  0m    R3/628-34(2)（left）：寬度 5.716866 → 2.187683（門檻 3.50）｜合格 → 不合格
  0m    R3/628-45(2)（right）：寬度 4.553094 → 0.945749（門檻 3.50）｜合格 → 不合格
  3.5m  R6/628-21(1)（left）：寬度 4.548436 → 3.137148（門檻 3.50）｜合格 → 不合格
  3.5m  R5/628-18(2)（left）：寬度 4.867413 → 2.877814（門檻 3.50）｜合格 → 不合格
  3.5m  R3/628-34(2)（left）：寬度 5.716710 → 2.187528（門檻 3.50）｜合格 → 不合格
  3.5m  R3/628-45(2)（right）：寬度 4.594287 → 0.990424（門檻 3.50）｜合格 → 不合格
  ⇒ 翻轉之宗：8 ／ 量得之宗 72

【D】raise／缺件之列：34
  🔴 **每列另附 `t_hi_新`**——與 raise 訊息內之「深度 t=…處之弦長為 0」對讀，
     即可自證『**新帶之下緣已抵／越過該宗之最深頂點**』（見攤表 §三之機制說明）。
  0m    R1/628-34(3)（t_hi_新 ＝ 33.131047）：🔴 parcel_min_width_n14[R1/628-34(3)]：深度 t=33.131016m 處之弦長為 0.000e+00m（≤ 數值零 1e-09·交點 2 個）＝**單點接觸**。**法律上單點不構成臨街** ⇒ 上游幾何有誤，停
  0m    R6/628(2)（t_hi_新 ＝ 47.589738）：🔴 parcel_min_width_n14[R6/628(2)]：深度 t=47.524999m 處之弦長為 0.000e+00m（≤ 數值零 1e-09·交點 2 個）＝**單點接觸**。**法律上單點不構成臨街** ⇒ 上游幾何有誤，停
  0m    R6/628-53(1)（t_hi_新 ＝ 43.668018）：🔴 parcel_min_width_n14[R6/628-53(1)]：深度 t=43.601805m 處之弦長為 0.000e+00m（≤ 數值零 1e-09·交點 2 個）＝**單點接觸**。**法律上單點不構成臨街** ⇒ 上游幾何有誤，停
  0m    R5/628-53(2)（t_hi_新 ＝ 43.799567）：🔴 parcel_min_width_n14[R5/628-53(2)]：深度 t=43.707662m 處之弦長為 0.000e+00m（≤ 數值零 1e-09·交點 2 個）＝**單點接觸**。**法律上單點不構成臨街** ⇒ 上游幾何有誤，停
  0m    R5/628-45(1)（t_hi_新 ＝ 44.030468）：🔴 parcel_min_width_n14[R5/628-45(1)]：深度 t=43.992268m 處之弦長為 0.000e+00m（≤ 數值零 1e-09·交點 2 個）＝**單點接觸**。**法律上單點不構成臨街** ⇒ 上游幾何有誤，停
  0m    R5/628-30(1)（t_hi_新 ＝ 44.398935）：🔴 parcel_min_width_n14[R5/628-30(1)]：深度 t=44.320848m 處之弦長為 0.000e+00m（≤ 數值零 1e-09·交點 2 個）＝**單點接觸**。**法律上單點不構成臨街** ⇒ 上游幾何有誤，停
  0m    R5/628-32(1)（t_hi_新 ＝ 46.752340）：🔴 parcel_min_width_n14[R5/628-32(1)]：深度 t=46.655656m 處之弦長為 0.000e+00m（≤ 數值零 1e-09·交點 2 個）＝**單點接觸**。**法律上單點不構成臨街** ⇒ 上游幾何有誤，停
  0m    R5/628-31(1)（t_hi_新 ＝ 46.741476）：🔴 parcel_min_width_n14[R5/628-31(1)]：深度 t=46.652462m 處之弦長為 0.000e+00m（≤ 數值零 1e-09·交點 2 個）＝**單點接觸**。**法律上單點不構成臨街** ⇒ 上游幾何有誤，停
  0m    R3/628(4)（t_hi_新 ＝ 43.768739）：🔴 parcel_min_width_n14[R3/628(4)]：深度 t=43.738609m 處之弦長為 0.000e+00m（≤ 數值零 1e-09·交點 2 個）＝**單點接觸**。**法律上單點不構成臨街** ⇒ 上游幾何有誤，停
  0m    R3/628-47(1)（t_hi_新 ＝ 43.850042）：🔴 parcel_min_width_n14[R3/628-47(1)]：深度 t=43.846874m 處之弦長為 0.000e+00m（≤ 數值零 1e-09·交點 2 個）＝**單點接觸**。**法律上單點不構成臨街** ⇒ 上游幾何有誤，停
  0m    R3/628-46(1)（t_hi_新 ＝ 43.889487）：🔴 parcel_min_width_n14[R3/628-46(1)]：深度 t=43.866859m 處之弦長為 0.000e+00m（≤ 數值零 1e-09·交點 2 個）＝**單點接觸**。**法律上單點不構成臨街** ⇒ 上游幾何有誤，停
  0m    R3/628-48(1)（t_hi_新 ＝ 43.909492）：🔴 parcel_min_width_n14[R3/628-48(1)]：深度 t=43.906213m 處之弦長為 0.000e+00m（≤ 數值零 1e-09·交點 2 個）＝**單點接觸**。**法律上單點不構成臨街** ⇒ 上游幾何有誤，停
  0m    R3/628-49(2)（t_hi_新 ＝ 43.948884）：🔴 parcel_min_width_n14[R3/628-49(2)]：深度 t=43.927894m 處之弦長為 0.000e+00m（≤ 數值零 1e-09·交點 2 個）＝**單點接觸**。**法律上單點不構成臨街** ⇒ 上游幾何有誤，停
  0m    R3/628-42(2)（t_hi_新 ＝ 44.829797）：🔴 parcel_min_width_n14[R3/628-42(2)]：深度 t=44.809179m 處之弦長為 0.000e+00m（≤ 數值零 1e-09·交點 2 個）＝**單點接觸**。**法律上單點不構成臨街** ⇒ 上游幾何有誤，停
  0m    R3/628-27(2)（t_hi_新 ＝ 44.822795）：🔴 parcel_min_width_n14[R3/628-27(2)]：深度 t=44.786271m 處之弦長為 0.000e+00m（≤ 數值零 1e-09·交點 2 個）＝**單點接觸**。**法律上單點不構成臨街** ⇒ 上游幾何有誤，停
  0m    R3/628-28(1)（t_hi_新 ＝ 44.805669）：🔴 parcel_min_width_n14[R3/628-28(1)]：深度 t=44.779276m 處之弦長為 0.000e+00m（≤ 數值零 1e-09·交點 2 個）＝**單點接觸**。**法律上單點不構成臨街** ⇒ 上游幾何有誤，停
  0m    R3/628-29(1)（t_hi_新 ＝ 44.733381）：🔴 parcel_min_width_n14[R3/628-29(1)]：深度 t=44.707326m 處之弦長為 0.000e+00m（≤ 數值零 1e-09·交點 2 個）＝**單點接觸**。**法律上單點不構成臨街** ⇒ 上游幾何有誤，停
  3.5m  R1/628-34(3)（t_hi_新 ＝ 33.131047）：🔴 parcel_min_width_n14[R1/628-34(3)]：深度 t=33.131016m 處之弦長為 0.000e+00m（≤ 數值零 1e-09·交點 2 個）＝**單點接觸**。**法律上單點不構成臨街** ⇒ 上游幾何有誤，停
  3.5m  R6/628(2)（t_hi_新 ＝ 47.589738）：🔴 parcel_min_width_n14[R6/628(2)]：深度 t=47.524999m 處之弦長為 0.000e+00m（≤ 數值零 1e-09·交點 2 個）＝**單點接觸**。**法律上單點不構成臨街** ⇒ 上游幾何有誤，停
  3.5m  R6/628-53(1)（t_hi_新 ＝ 43.668018）：🔴 parcel_min_width_n14[R6/628-53(1)]：深度 t=43.601805m 處之弦長為 0.000e+00m（≤ 數值零 1e-09·交點 2 個）＝**單點接觸**。**法律上單點不構成臨街** ⇒ 上游幾何有誤，停
  3.5m  R5/628-53(2)（t_hi_新 ＝ 43.948215）：🔴 parcel_min_width_n14[R5/628-53(2)]：深度 t=43.855991m 處之弦長為 0.000e+00m（≤ 數值零 1e-09·交點 2 個）＝**單點接觸**。**法律上單點不構成臨街** ⇒ 上游幾何有誤，停
  3.5m  R5/628-45(1)（t_hi_新 ＝ 44.180072）：🔴 parcel_min_width_n14[R5/628-45(1)]：深度 t=44.141768m 處之弦長為 0.000e+00m（≤ 數值零 1e-09·交點 2 個）＝**單點接觸**。**法律上單點不構成臨街** ⇒ 上游幾何有誤，停
  3.5m  R5/628-30(1)（t_hi_新 ＝ 44.822815）：🔴 parcel_min_width_n14[R5/628-30(1)]：深度 t=44.743677m 處之弦長為 0.000e+00m（≤ 數值零 1e-09·交點 2 個）＝**單點接觸**。**法律上單點不構成臨街** ⇒ 上游幾何有誤，停
  3.5m  R5/628-32(1)（t_hi_新 ＝ 46.752382）：🔴 parcel_min_width_n14[R5/628-32(1)]：深度 t=46.655685m 處之弦長為 0.000e+00m（≤ 數值零 1e-09·交點 2 個）＝**單點接觸**。**法律上單點不構成臨街** ⇒ 上游幾何有誤，停
  3.5m  R5/628-31(1)（t_hi_新 ＝ 46.741519）：🔴 parcel_min_width_n14[R5/628-31(1)]：深度 t=46.652504m 處之弦長為 0.000e+00m（≤ 數值零 1e-09·交點 2 個）＝**單點接觸**。**法律上單點不構成臨街** ⇒ 上游幾何有誤，停
  3.5m  R3/628(4)（t_hi_新 ＝ 43.768739）：🔴 parcel_min_width_n14[R3/628(4)]：深度 t=43.738608m 處之弦長為 0.000e+00m（≤ 數值零 1e-09·交點 2 個）＝**單點接觸**。**法律上單點不構成臨街** ⇒ 上游幾何有誤，停
  3.5m  R3/628-47(1)（t_hi_新 ＝ 43.850038）：🔴 parcel_min_width_n14[R3/628-47(1)]：深度 t=43.846870m 處之弦長為 0.000e+00m（≤ 數值零 1e-09·交點 2 個）＝**單點接觸**。**法律上單點不構成臨街** ⇒ 上游幾何有誤，停
  3.5m  R3/628-46(1)（t_hi_新 ＝ 43.889483）：🔴 parcel_min_width_n14[R3/628-46(1)]：深度 t=43.866859m 處之弦長為 0.000e+00m（≤ 數值零 1e-09·交點 2 個）＝**單點接觸**。**法律上單點不構成臨街** ⇒ 上游幾何有誤，停
  3.5m  R3/628-48(1)（t_hi_新 ＝ 43.909491）：🔴 parcel_min_width_n14[R3/628-48(1)]：深度 t=43.906215m 處之弦長為 0.000e+00m（≤ 數值零 1e-09·交點 2 個）＝**單點接觸**。**法律上單點不構成臨街** ⇒ 上游幾何有誤，停
  3.5m  R3/628-49(2)（t_hi_新 ＝ 43.948886）：🔴 parcel_min_width_n14[R3/628-49(2)]：深度 t=43.927894m 處之弦長為 0.000e+00m（≤ 數值零 1e-09·交點 2 個）＝**單點接觸**。**法律上單點不構成臨街** ⇒ 上游幾何有誤，停
  3.5m  R3/628-42(2)（t_hi_新 ＝ 44.787325）：🔴 parcel_min_width_n14[R3/628-42(2)]：深度 t=44.766963m 處之弦長為 0.000e+00m（≤ 數值零 1e-09·交點 2 個）＝**單點接觸**。**法律上單點不構成臨街** ⇒ 上游幾何有誤，停
  3.5m  R3/628-27(2)（t_hi_新 ＝ 44.780263）：🔴 parcel_min_width_n14[R3/628-27(2)]：深度 t=44.743840m 處之弦長為 0.000e+00m（≤ 數值零 1e-09·交點 2 個）＝**單點接觸**。**法律上單點不構成臨街** ⇒ 上游幾何有誤，停
  3.5m  R3/628-28(1)（t_hi_新 ＝ 44.762966）：🔴 parcel_min_width_n14[R3/628-28(1)]：深度 t=44.736785m 處之弦長為 0.000e+00m（≤ 數值零 1e-09·交點 2 個）＝**單點接觸**。**法律上單點不構成臨街** ⇒ 上游幾何有誤，停
  3.5m  R3/628-29(1)（t_hi_新 ＝ 44.689851）：🔴 parcel_min_width_n14[R3/628-29(1)]：深度 t=44.664168m 處之弦長為 0.000e+00m（≤ 數值零 1e-09·交點 2 個）＝**單點接觸**。**法律上單點不構成臨街** ⇒ 上游幾何有誤，停

【E】恆等式自檢 `(b̂n·n̂) ＝ sqrt(1 − g²)`（**逐宗值已印於【B】之 `(b̂n·n̂)` 欄**）
  逐宗 |(b̂n·n̂) − sqrt(1−g²)| 之**最大值** ＝ 1.110e-16（閘 `1e-12`·由 `_n14_band_hi` 內部逐宗 raise 把關）
  🔒 該閘為**獨立恆等式**（`{d̂,n̂}` 單範正交 ＋ `|b̂n|=1` ⇒ `g²+h²=1`），⛔ 非把同一算式抄兩遍。

【F】註記
  · **只算不換**：`parcel_min_width_n14` 之生產呼叫點**未傳** `baseline_pts`
    （`grep -n -A2 "^    _w = parcel_min_width_n14" app.py` 之三行內無之）。
  · 新帶之算式**只有一份**（`app._n14_band_hi`）；本檔逐字呼叫，⛔ 未另寫第二份。
  · ⛔ **本檔不設任何門檻、不接 `run_all`**——放行門檻由 KL 於 (c) 前裁定。
  · 街角宗之量測路徑屬 **GB-39**／K-9-5（**段六**），本批 `N/A·豁免中`。
