================================================================================================
【W-G.9-149 補測】`_projection_order` 之 stage 相依性
================================================================================================
  HEAD = f71c1474722758006ce7a14bcb3e188cbabba41b
  情境 = 0m ／ WV_K6_STEP0 = on

  ── 階段：A：build_build_parcels 之後（＝ W-G.9-148R M-3 之量測點） ──
     R1   n=6   ghost r=2    n-r=4   
        序 = ['628-35(2)', '_GHOST_(R1)', '628-37(1)', '628-36(1)', '628-34(3)', '628(5)']
     R4   n=3   ghost r=2    n-r=1   
        序 = ['628(1)', '_GHOST_(R4)', '628-1(1)']

  ── 階段：B：run_corner_pk 之後（＝ W-G.9-149 R-7 探針之量測點） ──
     R1   n=6   ghost r=2    n-r=4   
        序 = ['628-35(2)', '_GHOST_(R1)', '628-37(1)', '628-36(1)', '628-34(3)', '628(5)']
     R4   n=3   ghost r=2    n-r=1   
        序 = ['628(1)', '_GHOST_(R4)', '628-1(1)']

================================================================================================
§差異之歸因（⛔ 不臆測·逐項實測）
================================================================================================

  ── R1 ──
     序 A == 序 B ？ **True**
     front_line p1 A==B ? True ／ p2 A==B ? True
     polygon_coords **改變之宗 ＝ 0/6**：[]

  ── R4 ──
     序 A == 序 B ？ **True**
     front_line p1 A==B ? True ／ p2 A==B ? True
     polygon_coords **改變之宗 ＝ 0/3**：[]

================================================================================================
§R-7　正典遞補格 `R1右 → 628-36(1)` 對「母體含不含 ghost」之鑑別力
================================================================================================

  ── 含 ghost（n=6）──
     序 = ['628-35(2)', '_GHOST_(R1)', '628-37(1)', '628-36(1)', '628-34(3)', '628(5)']
     `628-34(3)` 之索引 = 4
     順投影序之下一位 = '628(5)'  ⇒ 重現正典 '628-36(1)' ？ **False**
     逆投影序之下一位 = '628-36(1)'  ⇒ 重現正典 '628-36(1)' ？ **True**

  ── 去 ghost（n=5）──
     序 = ['628-35(2)', '628-37(1)', '628-36(1)', '628-34(3)', '628(5)']
     `628-34(3)` 之索引 = 3
     順投影序之下一位 = '628(5)'  ⇒ 重現正典 '628-36(1)' ？ **False**
     逆投影序之下一位 = '628-36(1)'  ⇒ 重現正典 '628-36(1)' ？ **True**

  🔒 判：若二態之同一方向皆重現 `628-36(1)` ⇒ 該格對「母體含不含 ghost」**⛔ 無鑑別力**
     ⇒ 正典八格表**⛔ 未編碼讀法甲**，亦**⛔ 不與 `W-G.9-148R` 互斥**。
