==========================================================================================================================
【C-7】SIDE_LINE／FRONT_LINE 歸屬現況實測（現行綁定 vs 共線＋投影重疊最大）
  判準來源＝倉內既有經證實原語 `_anchor_chamfers_topology`（ang_tol=2.0°／perp_tol=1.0m）·**未自創第三種**
  可建築街廓 ['R1', 'R2', 'R3', 'R4', 'R5', 'R6']｜道路/公設 ['G1', 'RD1', 'RD2', 'RD3', 'RD4']｜DXF：FRONT 6 條、SIDE 8 條
==========================================================================================================================

【F】FRONT_LINE
--------------------------------------------------------------------------------------------------------------------------
    handle       長度  現行綁定      重疊最大           重疊(m)次者              次重疊       勝差  一致
       16C    87.31  R1        R1             80.26R4             0.00    80.26  ✅
       16D    98.89  R4        R4             91.64R6             0.00    91.64  ✅
       16E    92.80  R5        R5             89.34R4             0.00    89.34  ✅
       16F    85.85  R6        R6             82.45R4             0.00    82.45  ✅
       170    93.41  R3        R3             89.84R4             0.00    89.84  ✅
       171   100.03  R2        R2             96.48R4             0.00    96.48  ✅

【S】SIDE_LINE（**本項為 C-7 之標的**）
--------------------------------------------------------------------------------------------------------------------------
    handle       長度  現行綁定          重疊最大           重疊(m)次者              次重疊       勝差  一致
       164    44.95  R2·left       R2             41.41R3             0.00    41.41  ✅
       165    44.90  R3·right      R3             41.42R4             0.00    41.42  ✅
       166    43.53  R5·left       R5             39.98R6             0.00    39.98  ✅
       167    33.08  R4·right      R4             29.56R6             0.00    29.56  ✅
       168    33.27  R4·left       R4             29.56R5             0.00    29.56  ✅
       169    33.27  R1·right      R1             29.84R4             0.00    29.84  ✅
       16A    33.25  R1·left       R1             29.58R4             0.00    29.58  ✅
       16B    43.38  R6·right      R6             39.98R4             0.00    39.98  ✅

【D】域裁複驗：一條 FRONT/SIDE 線是否**只屬於一個可建築街廓**（禁 R-R 共用）
--------------------------------------------------------------------------------------------------------------------------
  ✅ 全部線層皆**恰一個**可建築街廓重疊 >1m ⇒ 與域裁一致（無 R-R 共用）

==========================================================================================================================
✅ **現行綁定與共線重疊最大 逐條一致** ⇒ 現行結果**碰巧正確**
   ⇒ C-6 為**預防性**修正、仍屬丙案 scope（不動分配幾何）·**不需驚動 KL**
==========================================================================================================================
