==============================================================================================================================
【K-9-7 解析定位】舊 vs 新 t* 對照 — **只算不換·未接生產路徑**（K-6-A2 段三(a)）
舊＝_build_corner_range_v3（帶深＝街廓平均深度·斜率 c）
新＝k97_solve_alloc_t（帶深＝範圍自身最小深度 D(t)·斜率 ①c／②c／③(c−k·m)）
==============================================================================================================================

【A】係數對拍：新求解器算出之 c／k／m／分支 vs **正典 K-9-7-c 表**（獨立真相源）
------------------------------------------------------------------------------------------------------------------------------
街廓/側                c(新)       c(正典)        k(新)       k(正典)        m(新)       m(正典)   支(新)   支(典)  對拍
------------------------------------------------------------------------------------------------------------------------------
R1/left        -1.003270   -1.003270    0.009794    0.000000   -0.000410       （非線性）      ①      ①  🔴
R1/right        1.003270    1.003270    0.012149    0.000000   -0.000410   -0.000000      ①      ①  🔴
R2/left         1.002499    1.002499   -0.075547   -0.075547    0.009750    0.009750      ③      ③  ✅
R3/right        1.004284    1.004284    0.075689    0.000000    0.012109       （非線性）      ①      ①  🔴
R4/left         1.001034    1.001034   -0.047599   -0.047599    0.000424    0.000266      ③      ③  🔴
R4/right       -1.001034   -1.001034   -0.050087   -0.050087    0.000424    0.000000      ②      ②  🔴
R5/left         1.004284    1.004284   -0.075610   -0.075610   -0.047548   -0.000000      ②      ②  🔴
R6/right       -1.003245   -1.003245    0.000000    0.000000    0.050197    0.000000      ①      ①  🔴
------------------------------------------------------------------------------------------------------------------------------
  ⇒ 不符者 7 格（**須停機上呈**）

【B】舊 vs 新 `t*` 位移（**§三(b) 攤給 KL 之主表**）
------------------------------------------------------------------------------------------------------------------------------
情境    街廓/側        支       t*(舊)       t*(新)   Δt*(cm)      面積舊(㎡)      面積新(㎡)     Δ面積(㎡)     切換點 斷言
------------------------------------------------------------------------------------------------------------------------------
0m    R1/left     ①    -3.48859    -3.48859     0.000     114.761     114.761      0.000       — ✅
0m    R1/right    ①     3.48859     3.48859     0.000     116.841     116.841      0.000       — ✅
0m    R2/left     ③     6.84247     6.87391     3.145     225.689     227.105      1.416       0 ✅
0m    R3/right    ①     3.48507     3.48507     0.000     226.911     226.911      0.000       — ✅
0m    R4/left     ③     5.07029     5.07140     0.111     135.150     135.187      0.037       0 ✅
0m    R4/right    ②    -5.15255    -5.15173     0.082     137.031     137.004     -0.027       0 ✅
0m    R5/left     ②     6.92645     6.76085   -16.560     225.237     217.970     -7.267       0 ✅
0m    R6/right    ①    -3.48868    -3.48868     0.000     145.883     145.883      0.000       — ✅
3.5m  R1/left     ①    -6.97719    -6.97719     0.000     230.810     230.810      0.000       — ✅
3.5m  R1/right    ①     6.97719     6.97719     0.000     232.793     232.793      0.000       — ✅
3.5m  R2/left     ③    10.33374    10.36262     2.888     382.851     384.151      1.300       0 ✅
3.5m  R3/right    ①     6.97014     6.97014     0.000     383.667     383.667      0.000       — ✅
3.5m  R4/left     ③     8.56667     8.56771     0.104     251.080     251.115      0.035       0 ✅
3.5m  R4/right    ②    -8.64893    -8.64812     0.082     252.882     252.855     -0.027       0 ✅
3.5m  R5/left     ②    10.41152    10.24592   -16.560     378.465     371.171     -7.294       0 ✅
3.5m  R6/right    ①    -6.97736    -6.97736     0.000     298.145     298.145      0.000       — ✅
------------------------------------------------------------------------------------------------------------------------------
  ⇒ `t*` 有位移之格：**8** / 16
     0m R2/left +3.145cm／面積 +1.416㎡；0m R4/left +0.111cm／面積 +0.037㎡；0m R4/right +0.082cm／面積 -0.027㎡；0m R5/left -16.560cm／面積 -7.267㎡；3.5m R2/left +2.888cm／面積 +1.300㎡；3.5m R4/left +0.104cm／面積 +0.035㎡；3.5m R4/right +0.082cm／面積 -0.027㎡；3.5m R5/left -16.560cm／面積 -7.294㎡

【C】新求解器 raise 之格：0

【D】🗄️ **本段已刪**（GB-37 已收·K-6-A2 段四(c)）
  舊段以 **`P_front(t*)`**（`ALLOC ∩ 前緣線`）測「落截角三角形內」，對 GB-19 之觸發條件係**假陰性**：
  實測 `P_front` **0/16**，而 K-9-8 (2) 之 **`P_block` 4/16 離開 FRONT**。
  ⇒ 受測對象自始就錯（`P_front` 與 `P_block` 同名異物·K-9-7-a 衝突二）；旗標與其回傳鍵已整段移除。
  🔒 **`P_block` 之落點表請看** `verify/out/probe_K9_7d_layer2.log`【C】段（探針 `verify/probes/probe_K9_7d_layer2.py`）。
  ⛔ **本段不改為讀 `P_block_on_chamfer`**——本檔**不傳** `block_vertices`，取到必為 `None`，那只會生一個新的假陰性。

【E】註記
  · 🔴 **本註於 K-6-A2 段四(c)-2(a′) 更正**（前版已作廢·存查）：
    前版載「`k97_solve_alloc_t` 未接生產路徑（零呼叫點）」——**自段三(c)（`0429772`）起已不成立**，該支即生產之 §四 定位器。
    ⇒ 本檔之「新」欄＝**生產原樣**、「舊」欄＝以 `_t_override` 注入 `t_star_legacy`（語意已反轉）。
  · 【D】段所測者為 **`P_front(t*)`**（K-9-7），**非** K-9-8 之 `P_block`（二者同名異物）。
    ⇒ 本段之 `0/16` **不是**「GB-19 於本案零實例」之證據；`P_block` 之實測見 `verify/out/probe_K9_7d_layer2.log`【C】（**4/16 離開 FRONT**）。**已登記 GB-37。**
  · K-9-7-d 之第二層分支已於段四(c)-2(a)／(a′) 實作於 `k97_solve_alloc_t` 之 **opt-in `block_vertices`** 路徑（**生產零呼叫點**）；本檔**不傳**該引數⇒ 所量者為**第一層**。
