
====================================================================================================
【W-G.9-98 補正① §一】正向對照 `D′`（相鄰對調·擾動量恆 ＝ 2）
====================================================================================================
  基座（log 檔名所綁）＝ **c4c75ac**
  產生時 HEAD ＝ c4c75ac（c4c75acc48be05e344fd4c0c73b6e89570a554a5）
  `app.py` blob ＝ a9e5671d64d254907a0396f898f046d9d85e8283
  🛑 **呼叫護欄已裝**：`run_step_g`／`run_corner_pk`／`run_verification.main` 皆覆蓋為 raise 版
  環境：shapely 2.1.2 | GEOS (3, 13, 1) | numpy 2.4.4

====================================================================================================
【§0】複核：`W-G.9-98` 對照 `D` 之零擾動街廓集合（自既有 log 逐字取值）
====================================================================================================
  來源 ＝ `verify/out/probe_WG998_gate_paths_7bb32b8.log`（共 164 行）
  `:121` 逐字 ＝ ⚠️ 對照 `D` 之擾動量為零（`G` 序恰等於投影序）之街廓：['R4(n=2)']
  抽出之集合 ＝ `['R4(n=2)']`；期望 ＝ `['R4(n=2)']` ⇒ ✅

====================================================================================================
【§0-2】同一性與判別力先驗（⛔ 未過此關則其後數字無效）
====================================================================================================
  `_projection_order`：`co_firstlineno` ＝ **7518**／AST ＝ **7518** ⇒ ✅ 同一物
  `_spatial_order_parcels_v2`：`co_firstlineno` ＝ **7614**／AST ＝ **7614** ⇒ ✅ 同一物
  閘複刻判別力：正序 `_pos_bad` ＝ **0**（須 0）／**相鄰對調** ＝ **2**（須 2）⇒ ✅ 可轉紅且擾動量正是 2

====================================================================================================
【§1】母體（`data/V6.dxf` 全街廓）
====================================================================================================
  `cb_by`（DXF 街廓）**母體 ＝ 11**：['G1', 'R1', 'R2', 'R3', 'R4', 'R5', 'R6', 'RD1', 'RD2', 'RD3', 'RD4']
  `build_parcels` ＝ **61** 宗；`_is_ghost_sliver` 扣除 ＝ **2** ⇒ 餘 **59** 宗
  **母體 ＝ 11／納入 ＝ 6／略過 ＝ 5**
     略過 `G1`：無可建築宗地（`build_parcels` 之 `所屬街廓` 命中 0）
     略過 `RD1`：無可建築宗地（`build_parcels` 之 `所屬街廓` 命中 0）
     略過 `RD2`：無可建築宗地（`build_parcels` 之 `所屬街廓` 命中 0）
     略過 `RD3`：無可建築宗地（`build_parcels` 之 `所屬街廓` 命中 0）
     略過 `RD4`：無可建築宗地（`build_parcels` 之 `所屬街廓` 命中 0）
  🔒 **本批產物之自扣**（`§Z-8` 補款②）：本探針、其 log、本批報告**皆不在**上開母體內（母體 ＝ `cb_by` 之街廓·⛔ 非檔案母體）⇒ 量測器⛔ 未量到自身。

====================================================================================================
【§2】對照 `D′` 逐街廓實測（相鄰對調 `pre_position`）
====================================================================================================
  構造：正常建成 `ordered_v2` 後，取 `pre_position` ＝ 1 與 ＝ 2 之二筆**對調其值**；
        ⛔ 不動 `ordered_v2` 清單順序、⛔ 不動 `_stage1_parcels`。

  街廓    n    擾動量      _pos_bad   判
  --------------------------------------------------
  R1    5    2        2          紅
  R2    15   2        2          紅
  R3    14   2        2          紅
  R4    2    2        2          紅
  R5    12   2        2          紅
  R6    11   2        2          紅

  逐街廓 `_pos_bad` **全列**（暫編, `pre_position`, 投影排名·⛔ 未切片）：
     `R1`（n＝5·擾動量＝2）＝ [('628-35(2)', 2, 1), ('628-37(1)', 1, 2)]
     `R2`（n＝15·擾動量＝2）＝ [('628-42(1)', 2, 1), ('628-41(1)', 1, 2)]
     `R3`（n＝14·擾動量＝2）＝ [('628(4)', 2, 1), ('628-34(2)', 1, 2)]
     `R4`（n＝2·擾動量＝2）＝ [('628(1)', 2, 1), ('628-1(1)', 1, 2)]
     `R5`（n＝12·擾動量＝2）＝ [('628-53(2)', 2, 1), ('628-18(2)', 1, 2)]
     `R6`（n＝11·擾動量＝2）＝ [('628(2)', 2, 1), ('628-1(2)', 1, 2)]

====================================================================================================
【§3】判定
====================================================================================================
  納入街廓 ＝ **6**；紅 ＝ **6**；擾動量 ＝ 2 者 ＝ **6**；`_pos_bad` ＝ 2 者 ＝ **6**
  預測：`6／6` 全紅·擾動量恆 2·`_pos_bad` 恆 2 ⇒ ✅ 相符

  ✅ **`D′` 全紅** ⇒ 對照 `D`@`R4` 之綠係**該例之退化**（擾動量 ＝ 0），
     ⛔ **非**該閘失去 `K-6:59` 之判別力 ⇒ `W-G.9-98` §一 之停機**得以解除**。

  🔒 呼叫護欄計數（須全 0）＝ {}（無任一被呼叫）
