==========================================================================================================================================
【K-9-7-d 第二層分支】第一層 vs 第二層 t* 對照 — **只算不換·生產零呼叫點**（K-6-A2 段四(c)-2(a)）
第一層＝帶 `[0, D]`、`D` 自 FRONT 之臨街段（Q0→P_front(t)）量；
第二層（🆕 **乙式**·K-9-6-b-2·KL 裁 2026-08-05）＝帶 **`[δ_P, δ_P+D_new]`**、`D_new` 自 PQ 之臨街段（P_block(t)→PQ∩SIDE）量（GB-19／GB-36）
DXF：data\V6_1.dxf（**平行對照·非生產圖**）
==========================================================================================================================================

【A】`t*` 位移（第一層 → 第二層）＋ 帶深 `D(t*)` — **(b) 攤表之主表**
------------------------------------------------------------------------------------------------------------------------------------------
情境    街廓/側           支(一層)        支(二層)       t*(一層)       t*(二層)   Δt*(cm)      D(一層)      D(二層)       ΔD(m)  斷言
------------------------------------------------------------------------------------------------------------------------------------------
0m    R1/left            ①      L2·邊4/①    -3.488593    -3.486955    0.1638  33.162483  32.994713   -1.68e-01  ✅
0m    R1/right           ①      L2·邊5/①     3.488593     3.488593   -0.0000  33.127984  33.127984   -2.36e-07  ✅
0m    R2/left            ③      L2·邊0/P     6.873911     6.873911    0.0000  44.887275  44.887271   -3.55e-06  ✅
0m    R3/right           ①      L2·邊1/①     3.485068     3.480222   -0.4846  44.855929  44.791620   -6.43e-02  ✅
0m    R4/left            ③      L2·邊3/P     5.071431     5.071431    0.0000  33.123986  33.123990    4.03e-06  ✅
0m    R4/right           ②      L2·邊3/Q    -5.152529    -5.152529    0.0000  33.099048  33.099054    6.15e-06  ✅
0m    R5/left            ②      L2·邊3/Q     6.760851     6.760851   -0.0000  43.510383  43.510383    3.28e-07  ✅
0m    R6/right           ①      L2·邊0/①    -3.488681    -3.488681    0.0000  43.361474  43.361468   -5.55e-06  ✅
3.5m  R1/left            ①      L2·邊5/①    -6.977186    -6.977186    0.0000  33.161042  33.161041   -1.40e-06  ✅
3.5m  R1/right           ①      L2·邊5/①     6.977186     6.977186   -0.0000  33.127984  33.127984   -2.89e-07  ✅
3.5m  R2/left            ③      L2·邊0/P    10.362623    10.362623    0.0000  44.853260  44.853257   -3.42e-06  ✅
3.5m  R3/right           ①      L2·邊0/①     6.970137     6.970137   -0.0000  44.813728  44.813727   -1.04e-06  ✅
3.5m  R4/left            ③      L2·邊3/P     8.567795     8.567795    0.0000  33.123056  33.123060    4.12e-06  ✅
3.5m  R4/right           ②      L2·邊3/Q    -8.648937    -8.648937    0.0000  33.099048  33.099054    6.07e-06  ✅
3.5m  R5/left            ②      L2·邊3/Q    10.245919    10.245919   -0.0000  43.510383  43.510383    3.15e-07  ✅
3.5m  R6/right           ①      L2·邊0/①    -6.977361    -6.977361    0.0000  43.361474  43.361469   -5.31e-06  ✅
------------------------------------------------------------------------------------------------------------------------------------------
  ⇒ `t*` 有位移之格：**10** / 16（第二層 raise 0 格）
     0m R1/left：Δt* +0.163780 cm／Δ面積 -0.054215 ㎡
     0m R1/right：Δt* -0.000000 cm／Δ面積 -0.000000 ㎡
     0m R2/left：Δt* +0.000000 cm／Δ面積 +0.000000 ㎡
     0m R3/right：Δt* -0.484640 cm／Δ面積 -0.217791 ㎡
     0m R5/left：Δt* -0.000000 cm／Δ面積 +0.000000 ㎡
     3.5m R1/left：Δt* +0.000001 cm／Δ面積 -0.000000 ㎡
     3.5m R1/right：Δt* -0.000000 cm／Δ面積 -0.000000 ㎡
     3.5m R2/left：Δt* +0.000000 cm／Δ面積 +0.000000 ㎡
     3.5m R3/right：Δt* -0.000008 cm／Δ面積 -0.000004 ㎡
     3.5m R5/left：Δt* -0.000000 cm／Δ面積 +0.000000 ㎡

【B】街角規定範圍**面積**（同一構造路徑·只換 `t*`）
------------------------------------------------------------------------------------------------------------------------------------------
情境    街廓/側                面積(一層)㎡         面積(二層)㎡        Δ面積(㎡)         Δ相對
------------------------------------------------------------------------------------------------------------------------------------------
0m    R1/left          114.761357      114.707142     -0.054215   -4.72e-04
0m    R1/right         116.841452      116.841452     -0.000000   -7.69e-10
0m    R2/left          227.105049      227.105049      0.000000    3.75e-11
0m    R3/right         226.910765      226.692974     -0.217791   -9.60e-04
0m    R4/left          135.188661      135.188661      0.000000    0.00e+00
0m    R4/right         137.005040      137.005040      0.000000    0.00e+00
0m    R5/left          217.970170      217.970170      0.000000    0.00e+00
0m    R6/right         145.883470      145.883470      0.000000    0.00e+00
3.5m  R1/left          230.809701      230.809701     -0.000000   -1.99e-09
3.5m  R1/right         232.793100      232.793100     -0.000000   -4.80e-10
3.5m  R2/left          384.151141      384.151141      0.000000    4.96e-12
3.5m  R3/right         383.666933      383.666930     -0.000004   -9.20e-09
3.5m  R4/left          251.118143      251.118143      0.000000    0.00e+00
3.5m  R4/right         252.856789      252.856789      0.000000    0.00e+00
3.5m  R5/left          371.171277      371.171277      0.000000    0.00e+00
3.5m  R6/right         298.144508      298.144508      0.000000    0.00e+00
------------------------------------------------------------------------------------------------------------------------------------------

【C】`P_block(t*)` 之落點 — **量得**（判準 `|inset| <= _EPS_TOUCH_FRONT = 0.01`·⛔ 禁手寫進報告）｜🆕 乙式之 `δ_P` 與帶之二端
------------------------------------------------------------------------------------------------------------------------------------------
情境    街廓/側              內縮(m)      δ_P(m)       帶上緣d       帶下緣d   落FRONT段     落截角內  邊#  dep(P_block)  dep(PQ∩SIDE)
------------------------------------------------------------------------------------------------------------------------------------------
0m    R1/left        0.167764    0.167764   0.167764  33.162478         否        是   4     32.994713     32.996154
0m    R1/right       0.000000    0.000000   0.000000  33.127984         是        否   5     33.129425     33.127984
0m    R2/left        0.000004    0.000004   0.000004  44.887275         是        否   0     44.887271     44.954292
0m    R3/right       0.064300    0.064305   0.064305  44.855925         否        是   1     44.791620     44.833821
0m    R4/left        0.000004   -0.000004  -0.000004  33.123986         是        否   3     33.123990     33.125340
0m    R4/right       0.000006   -0.000006  -0.000006  33.099048         是        否   3     33.100425     33.099054
0m    R5/left        0.000000   -0.000000  -0.000000  43.510383         是        否   3     43.831848     43.510383
0m    R6/right       0.000006    0.000006   0.000006  43.361474         是        否   0     43.536589     43.361468
3.5m  R1/left        0.000001    0.000001   0.000001  33.161042         是        否   5     33.161041     33.163922
3.5m  R1/right       0.000000    0.000000   0.000000  33.127984         是        否   5     33.130865     33.127984
3.5m  R2/left        0.000003    0.000003   0.000003  44.853260         是        否   0     44.853257     44.954292
3.5m  R3/right       0.000001    0.000001   0.000001  44.813728         是        否   0     44.813727     44.898128
3.5m  R4/left        0.000004   -0.000004  -0.000004  33.123056         是        否   3     33.123060     33.125340
3.5m  R4/right       0.000006   -0.000006  -0.000006  33.099048         是        否   3     33.101356     33.099054
3.5m  R5/left        0.000000   -0.000000  -0.000000  43.510383         是        否   3     43.997556     43.510383
3.5m  R6/right       0.000005    0.000005   0.000005  43.361474         是        否   0     43.711711     43.361469
------------------------------------------------------------------------------------------------------------------------------------------
  ⇒ 落 FRONT 重疊段 **14** 格／落截角（非 FRONT 段且在截角三角形內）**2** 格／二者皆非 **0** 格

【D】分支**切換點**明列（頂點界 `t_C = (C − F1)·ân − c0` ＋ 深度端界 `dep_P = dep_Q`）
------------------------------------------------------------------------------------------------------------------------------------------
  0m R1/left：共 12 個；t*=-3.486955；|t−t*|≤5m 者 ＝ -3.656243, 0.035718, 0.035720, 0.078411, 0.323754, 0.323754, 0.323754
  0m R1/right：共 10 個；t*=3.488593；|t−t*|≤5m 者 ＝ -0.401139, -0.096876, -0.059876, -0.041319, 3.371564
  0m R2/left：共 5 個；t*=6.873911；|t−t*|≤5m 者 ＝ 3.387847, 3.535385
  0m R3/right：共 5 個；t*=3.480222；|t−t*|≤5m 者 ＝ -0.262154, 3.550708
  0m R4/left：共 7 個；t*=5.071431；|t−t*|≤5m 者 ＝ 0.175723, 1.575048, 3.707617
  0m R4/right：共 9 個；t*=-5.152529；|t−t*|≤5m 者 ＝ -3.540318, -1.656123, -1.656116, -0.177320, -0.177320
  0m R5/left：共 5 個；t*=6.760851；|t−t*|≤5m 者 ＝ 3.280503, 3.448517
  0m R6/right：共 6 個；t*=-3.488681；|t−t*|≤5m 者 ＝ -3.390503, -0.000000, 0.000002, 0.000002
  3.5m R1/left：共 12 個；t*=-6.977186；|t−t*|≤5m 者 ＝ -3.656243
  3.5m R1/right：共 10 個；t*=6.977186；|t−t*|≤5m 者 ＝ 3.371564
  3.5m R2/left：共 5 個；t*=10.362623；|t−t*|≤5m 者 ＝ （無）
  3.5m R3/right：共 5 個；t*=6.970137；|t−t*|≤5m 者 ＝ 3.550708
  3.5m R4/left：共 7 個；t*=8.567795；|t−t*|≤5m 者 ＝ 3.707617
  3.5m R4/right：共 9 個；t*=-8.648937；|t−t*|≤5m 者 ＝ （無）
  3.5m R5/left：共 5 個；t*=10.245919；|t−t*|≤5m 者 ＝ （無）
  3.5m R6/right：共 6 個；t*=-6.977361；|t−t*|≤5m 者 ＝ -3.390503

【E】第二層 raise／構造異常之格：0
  （無）

【F】GB-26 可證偽檢驗：解析 `m` vs **正典 K-9-7-c 表**（獨立真相源）
     本輪 DXF ＝ data\V6_1.dxf
------------------------------------------------------------------------------------------------------------------------------------------
街廓/側                 m(解析)         m(正典表)              Δ         相對差    支(一層)  註
------------------------------------------------------------------------------------------------------------------------------------------
R1/left       -0.000412955          （表未載）              —           —        ①
R1/right      -0.000412955   -0.000000000      -4.13e-04        nan%        ①
R2/left        0.009750016    0.009750000       1.56e-08       0.00%        ③
R3/right       0.012108902          （表未載）              —           —        ①
R4/left        0.000266090    0.000266000       9.00e-08       0.03%        ③  ← GB-26 之格
R4/right       0.000266090    0.000000000       2.66e-04        nan%        ②
R5/left       -0.047548001   -0.000000000      -4.75e-02        nan%        ②
R6/right       0.050196884    0.000000000       5.02e-02        nan%        ①
------------------------------------------------------------------------------------------------------------------------------------------
  ⚠️ **只列 Δ、不設閘、不結案**——GB-26 依 KL 明令維持開啟；
     ⛔ 不得與 `R2/left` 一併結案（`R2/left` 之一致**不能外推**）。

【H】註記
  · **只算不換**：第二層僅於傳入 `block_vertices` 時啟用；
    生產之 `_build_corner_range_v3` **未傳** ⇒ 第二層之生產呼叫點 ＝ **0**。
  · ⛔ **禁二分／取樣／迭代**：切換點為一次減法、每支一次除法（推導 §二〜§四）；
    退化（邊平行 ALLOC／斜率為零／無支落區間／多根）一律 **loud raise**。
  · ⛔ **K-9-8 紅線**：求 `P_block` 全程只逐邊求「線段 ∩ 無限直線」，
    **從不與街廓多邊形取「面」交集**；虛擬量測之面積**未進入任何面積帳**。
  · 面積兩欄之**唯一變因是 `t*`**（同一支 `_build_corner_range_v3`、只多傳 `_t_override`）。
  · ⛔ **不得以 `R4/right` 當回歸靶**——其內縮僅比 `_EPS_TOUCH_FRONT` 高約 3mm，且該 3mm 來自 GB-15 之 R4 圖面誤差；換 `V6_1` 後該實例消失。
  · 摘要 → verify\out\probe_K9_7d_layer2_V6_1.log；全量 → verify\out\probe_K9_7d_layer2_V6_1.full.log（**同一次跑**）
