========================================================================================================
【`W-G.9-17` `B1`】`§三`／`§四` 是否落在「KL 逐字」引文區塊內
========================================================================================================
  🔒 母體釘於 commit **053705f**｜`docs/rulings/K-6_街角地分配程序與可分配判準.md`｜1844 行（⛔ 非工作樹現況·驗收 #9）
  🔒 規則來源 ＝ `verify/tools/wg915_ruling_provenance.py`（⛔ 未另寫一份）
  🔒 母體自證：`^### §三`／`^### §四` 命中 **2** 節

  ══ ### §三 最小寬度帶（虛擬） ══（行 246〜252·7 行）
      引文行 ＝ **0**｜落在 **KL 逐字** 區塊內之行 ＝ **0**
        246 [ ] ### §三 最小寬度帶（虛擬）
        247 [ ] 
        248 [ ] 前緣線沿 **BASELINE 法向**往 BASELINE 方向平移 `round(D_avg, 2)`，二線所夾之帶。
        249 [ ] **純量測工具**：不截斷實體、不參與面積、不定義任何宗地邊界。
        250 [ ] 
        251 [ ] （立法理由：法規第四條的最小寬度與最小深度互相依賴，此帶為 KL 定義以打斷該循環。）
        252 [ ] 
      ⇒ **助手側補充**｜不在任何引文區塊內
      ⇒ 🔴 **本節<u>無任何</u>行落在 KL 逐字區塊內**

  ══ ### §四 ALLOC_LINE 定位 ══（行 253〜260·8 行）
      引文行 ＝ **0**｜落在 **KL 逐字** 區塊內之行 ＝ **0**
        253 [ ] ### §四 ALLOC_LINE 定位
        254 [ ] 
        255 [ ] 取平行 ALLOC_LINE 之直線，起始通過該街角之「前緣線 ∩ **截角前**側街境界線」交點，
        256 [ ] 往街廓內側平行滑動，直到**帶內**二側界間、**平行前緣線**之距離**最小值**
        257 [ ] ＝ **退縮寬 ＋ 畸零地最小寬**為止。
        258 [ ] 
        259 [ ] 🔒 量測用之側界取**截角前**（§4 末段：角地應截角時，其寬度及深度係指截角前之寬度及深度）。
        260 [ ] 
      ⇒ **助手側補充**｜不在任何引文區塊內
      ⇒ 🔴 **本節<u>無任何</u>行落在 KL 逐字區塊內**

  🔒 **判別力自檢**：同一規則於**全檔**判為「KL 逐字」之行 ＝ **96** ⇒ ✅ 非恆 0（規則具鑑別力）
      281 | > 依法定最小寬修正街角規定面積，並**接受**由此產生之街角地歸屬變動。
      282 | >
      283 | > 退縮 0m 情境三筆翻盤：
      284 | > - **R5 左**：`G005` → `G022`

========================================================================================================
【判定】`B1`（`§三`／`§四` 皆在 KL 逐字區塊內）＝ 🔴 **破** ⇒ `G-4` 停機上呈
========================================================================================================
