==================================================================================================================================================================================
【W-G.9-40】`K-9-9` 起算垂線約束之現況違反範圍實測
==================================================================================================================================================================================
  產生於 commit：834bce0
  環境：shapely 2.1.2 | GEOS (3, 13, 1)
  🔴 ⛔ 禁硬編：甲乙判別與左右分界一律由量得之幾何決定

【0】量測器自檢（⛔ 傾斜測資·⛔ 非軸向矩形·附對照組實際輸出）
----------------------------------------------------------------------------------------------------------------------------------------------------------------------------------
  ① 已知【甲】(P_prev s=10, B_prev s=4)  ⇒ 判 甲　起算(front s=10.000, base s=10.000) ⇒ ✅
  ② 已知【乙】(P_prev s=10, B_prev s=16) ⇒ 判 乙　起算(front s=16.000, base s=16.000) ⇒ ✅
  ③ 已知【合格】(本宗 s=30·皆在起算之後) ⇒ 合格（差額 front +14.000 / base +14.000）⇒ ✅
  ④ 已知【不合格】(本宗 s=12·front 在 P⊥=16 之前) ⇒ 不合格（差額 front -4.000 / base -4.000）⇒ ✅
  🔒 自檢測資之 FRONTLINE 傾角 = 17°（⛔ 非軸向）
  ⇒ 自檢：PASS

【C-2】逐街廓逐側逐宗（⛔ 母體 ＝ 全部街廓之兩側）
----------------------------------------------------------------------------------------------------------------------------------------------------------------------------------

  ── R1（5 宗·分界索引 ＝ 2） ──
    側   i   情形        P_prev s    B_prev s     起算front      起算base       本宗P s       本宗B s     Δfront      Δbase  出艙碼
    左   0   （起點·本則不適用）                                                       6.480       8.839                        —
    左   1   乙            6.480       8.839       8.839       8.839      24.410      27.094    +15.572    +18.255  ✅ 合格
    右   2   （起點·本則不適用）                                                      87.313      90.396                        —
    右   3   乙           87.313      90.396      90.396      90.396      80.265      83.348    -10.132     -7.048  🔴 不合格
    右   4   乙           80.265      83.348      83.348      83.348      77.870      80.551     -5.478     -2.797  🔴 不合格

  ── R2（15 宗·分界索引 ＝ 8）　⚠️ 生產碼 raise：RuntimeError: 街廓 R2 抵費地計算失敗：🔴 ②-宗 圍堵閘破[R2]：宗-宗重疊 = 45.9766 > 上界 3.1129（(宗數15−1)×0.005×深度44.47）——**超出捨入量子可解釋範圍＝另有病**，停 ──
    側   i   情形        P_prev s    B_prev s     起算front      起算base       本宗P s       本宗B s     Δfront      Δbase  出艙碼
    左   0   （起點·本則不適用）                                                       0.000       0.216                        —
    左   1   乙            0.000       0.216       0.216       0.216       4.814       1.635     +4.598     +1.419  ✅ 合格
    左   2   甲            4.814       1.635       4.814       4.814       5.461       2.283     +0.647     -2.531  🔴 不合格
    左   3   甲            5.461       2.283       5.461       5.461      11.991       8.817     +6.530     +3.356  ✅ 合格
    左   4   甲           11.991       8.817      11.991      11.991      11.997       8.823     +0.006     -3.168  🔴 不合格
    左   5   甲           11.997       8.823      11.997      11.997      13.929      10.756     +1.932     -1.241  🔴 不合格
    左   6   甲           13.929      10.756      13.929      13.929      19.054      15.884     +5.125     +1.955  ✅ 合格
    左   7   甲           19.054      15.884      19.054      19.054      27.789      24.626     +8.735     +5.572  ✅ 合格
    右   8   （起點·本則不適用）                                                     100.027      96.914                        —
    右   9   甲          100.027      96.914     100.027     100.027      98.688      95.574     -1.339     -4.454  🔴 不合格
    右   10  甲           98.688      95.574      98.688      98.688      88.884      85.763     -9.804    -12.925  🔴 不合格
    右   11  甲           88.884      85.763      88.884      88.884      87.401      84.279     -1.483     -4.605  🔴 不合格
    右   12  甲           87.401      84.279      87.401      87.401      84.068      80.943     -3.333     -6.458  🔴 不合格
    右   13  甲           84.068      80.943      84.068      84.068      80.750      77.623     -3.317     -6.444  🔴 不合格
    右   14  甲           80.750      77.623      80.750      80.750      79.131      76.003     -1.619     -4.747  🔴 不合格

  ── R4（2 宗·分界索引 ＝ 1）　⚠️ 生產碼 raise：RuntimeError: 🔴 結構閘 理論＝實跑 破：街廓 R4 right 側 理論@k*=87.83 ≠ 實跑(階段1)=85.42（Δ=2.415 >0.1）｜參考 ΣΔ_i=+0.000（**⛔ 未用於本式**·實測反證見碼註）｜逐界面： ──
    側   i   情形        P_prev s    B_prev s     起算front      起算base       本宗P s       本宗B s     Δfront      Δbase  出艙碼
    左   0   （起點·本則不適用）                                                       0.000       3.084                        —
    右   1   （起點·本則不適用）                                                      98.717      98.565                        —

  ── R6（11 宗·分界索引 ＝ 6） ──
    側   i   情形        P_prev s    B_prev s     起算front      起算base       本宗P s       本宗B s     Δfront      Δbase  出艙碼
    左   0   （起點·本則不適用）                                                       0.155       3.986                        —
    左   1   乙            0.155       3.986       3.986       3.986       3.229       7.047     -0.757     +3.061  🔴 不合格
    左   2   乙            3.229       7.047       7.047       7.047       4.730       8.542     -2.318     +1.495  🔴 不合格
    左   3   乙            4.730       8.542       8.542       8.542      19.479      23.232    +10.937    +14.690  ✅ 合格
    左   4   乙           19.479      23.232      23.232      23.232      22.755      26.495     -0.478     +3.262  🔴 不合格
    左   5   乙           22.755      26.495      26.495      26.495      27.303      31.025     +0.808     +4.530  ✅ 合格
    右   6   （起點·本則不適用）                                                      85.855      89.341                        —
    右   7   乙           85.855      89.341      89.341      89.341      78.634      82.149    -10.707     -7.192  🔴 不合格
    右   8   乙           78.634      82.149      82.149      82.149      78.628      82.143     -3.521     -0.006  🔴 不合格
    右   9   乙           78.628      82.143      82.143      82.143      75.932      79.458     -6.211     -2.685  🔴 不合格
    右   10  乙           75.932      79.458      79.458      79.458      69.033      72.586    -10.425     -6.872  🔴 不合格

  ── R5（12 宗·分界索引 ＝ 7）　⚠️ 生產碼 raise：RuntimeError: 街廓 R5 抵費地計算失敗：🔴 ②-宗 圍堵閘破[R5]：宗-宗重疊 = 56.3293 > 上界 2.5141（(宗數12−1)×0.005×深度45.71）——**超出捨入量子可解釋範圍＝另有病**，停 ──
    側   i   情形        P_prev s    B_prev s     起算front      起算base       本宗P s       本宗B s     Δfront      Δbase  出艙碼
    左   0   （起點·本則不適用）                                                       4.850       4.107                        —
    左   1   甲            4.850       4.107       4.850       4.850       5.236       1.195     +0.386     -3.655  🔴 不合格
    左   2   甲            5.236       1.195       5.236       5.236       6.410       2.363     +1.174     -2.873  🔴 不合格
    左   3   甲            6.410       2.363       6.410       6.410      11.961       7.890     +5.551     +1.480  ✅ 合格
    左   4   甲           11.961       7.890      11.961      11.961      18.556      14.456     +6.595     +2.495  ✅ 合格
    左   5   甲           18.556      14.456      18.556      18.556      18.903      14.802     +0.348     -3.754  🔴 不合格
    左   6   甲           18.903      14.802      18.903      18.903      29.457      25.310    +10.554     +6.406  ✅ 合格
    右   7   （起點·本則不適用）                                                      92.800      88.375                        —
    右   8   甲           92.800      88.375      92.800      92.800      89.680      85.269     -3.119     -7.531  🔴 不合格
    右   9   甲           89.680      85.269      89.680      89.680      80.743      76.371     -8.937    -13.309  🔴 不合格
    右   10  甲           80.743      76.371      80.743      80.743      69.652      65.328    -11.091    -15.415  🔴 不合格
    右   11  甲           69.652      65.328      69.652      69.652      69.584      65.261     -0.067     -4.391  🔴 不合格

  ── R3（14 宗·分界索引 ＝ 7） ──
    側   i   情形        P_prev s    B_prev s     起算front      起算base       本宗P s       本宗B s     Δfront      Δbase  出艙碼
    左   0   （起點·本則不適用）                                                       1.027      -3.027                        —
    左   1   甲            1.027      -3.027       1.027       1.027       6.743       2.684     +5.717     +1.657  ✅ 合格
    左   2   甲            6.743       2.684       6.743       6.743      10.015       5.952     +3.271     -0.792  🔴 不合格
    左   3   甲           10.015       5.952      10.015      10.015      11.674       7.609     +1.659     -2.406  🔴 不合格
    左   4   甲           11.674       7.609      11.674      11.674      14.942      10.873     +3.267     -0.801  🔴 不合格
    左   5   甲           14.942      10.873      14.942      14.942      16.742      12.671     +1.800     -2.271  🔴 不合格
    左   6   甲           16.742      12.671      16.742      16.742      26.322      22.241     +9.581     +5.499  ✅ 合格
    右   7   （起點·本則不適用）                                                      93.405      92.643                        —
    右   8   甲           93.405      92.643      93.405      93.405      89.042      88.281     -4.363     -5.124  🔴 不合格
    右   9   甲           89.042      88.281      89.042      89.042      88.777      84.626     -0.265     -4.416  🔴 不合格
    右   10  甲           88.777      84.626      88.777      88.777      88.198      84.047     -0.579     -4.730  🔴 不合格
    右   11  甲           88.198      84.047      88.198      88.198      86.779      82.630     -1.419     -5.567  🔴 不合格
    右   12  甲           86.779      82.630      86.779      86.779      85.356      81.209     -1.423     -5.571  🔴 不合格
    右   13  甲           85.356      81.209      85.356      85.356      75.399      71.263     -9.957    -14.093  🔴 不合格

【C-3】統計（⛔ 逐宗可回溯·⛔ 計數非唯一證據）
----------------------------------------------------------------------------------------------------------------------------------------------------------------------------------
  情形分布：{'甲': 34, '乙': 13, '退化(P⊥＝P_prev)': 0}
  不合格宗數 ＝ 35
  不合格宗之面積：帶號合計 +5758.9879　絕對值合計 5758.9879
  街廓    側   i         Δfront       Δbase          面積
  R1    右   3        -10.132      -7.048     85.9957
  R1    右   4         -5.478      -2.797    596.2550
  R2    左   2         +0.647      -2.531     29.0853
  R2    左   4         +0.006      -3.168      0.2712
  R2    左   5         +1.932      -1.241     86.6524
  R2    右   9         -1.339      -4.454    432.1146
  R2    右   10        -9.804     -12.925     65.4526
  R2    右   11        -1.483      -4.605    147.1732
  R2    右   12        -3.333      -6.458    146.5776
  R2    右   13        -3.317      -6.444     71.5965
  R2    右   14        -1.619      -4.747    437.0138
  R6    左   1         -0.757      +3.061    145.8175
  R6    左   2         -2.318      +1.495     71.0346
  R6    左   4         -0.478      +3.262    152.2143
  R6    右   7        -10.707      -7.192      0.2561
  R6    右   8         -3.521      -0.006    117.7325
  R6    右   9         -6.211      -2.685    302.9369
  R6    右   10       -10.425      -6.872    339.9148
  R5    左   1         +0.386      -3.655      0.9867
  R5    左   2         +1.174      -2.873     51.2275
  R5    左   5         +0.348      -3.754     15.3781
  R5    右   8         -3.119      -7.531    423.5459
  R5    右   9         -8.937     -13.309    520.3643
  R5    右   10       -11.091     -15.415      3.1475
  R5    右   11        -0.067      -4.391     10.7105
  R3    左   2         +3.271      -0.792    143.3805
  R3    左   3         +1.659      -2.406     72.7696
  R3    左   4         +3.267      -0.801    143.3966
  R3    左   5         +1.800      -2.271     79.0540
  R3    右   8         -4.363      -5.124     87.9017
  R3    右   9         -0.265      -4.416     25.9425
  R3    右   10        -0.579      -4.730     63.5241
  R3    右   11        -1.419      -5.567     63.7164
  R3    右   12        -1.423      -5.571    445.0324
  R3    右   13        -9.957     -14.093    380.8148

  ⚠️ 生產碼 raise 之街廓（⛔ 不影響 CAP·spy 於呼叫前已存）：
    R2: RuntimeError: 街廓 R2 抵費地計算失敗：🔴 ②-宗 圍堵閘破[R2]：宗-宗重疊 = 45.9766 > 上界 3.1129（(宗數15−1)×0.005×深度44.47）——**超出捨入量子可解釋範圍＝另有病**，停
    R4: RuntimeError: 🔴 結構閘 理論＝實跑 破：街廓 R4 right 側 理論@k*=87.83 ≠ 實跑(階段1)=85.42（Δ=2.415 >0.1）｜參考 ΣΔ_i=+0.000（**⛔ 未用於本式**·實測反證見碼註）｜逐界面：
    R5: RuntimeError: 街廓 R5 抵費地計算失敗：🔴 ②-宗 圍堵閘破[R5]：宗-宗重疊 = 56.3293 > 上界 2.5141（(宗數12−1)×0.005×深度45.71）——**超出捨入量子可解釋範圍＝另有病**，停
