========================================================================================================================================================================================================
【D-2b-17】②-宗／②-池 重疊量之兩法對打 ＋ ①' 覆蓋閘第三法重算
========================================================================================================================================================================================================
  環境：shapely 2.1.2 | GEOS (3, 13, 1)

【0-3】量法乙獨立性之**碼面**自檢（AST·⛔ 非人工聲明）
--------------------------------------------------------------------------------------------------------------------------------------------------------------------------------------------------------
  _open_ring       禁用符號命中 0　✅
  _rings_of        禁用符號命中 0　✅
  _shoelace        禁用符號命中 0　✅
  poly_area_np     禁用符號命中 0　✅
  poly_bbox_np     禁用符號命中 0　✅
  _pip_ring        禁用符號命中 0　✅
  in_geom_np       禁用符號命中 0　✅
  overlap_B        禁用符號命中 0　✅
  cover_C          禁用符號命中 0　✅
  ⇒ 乙-核 9 個函式全數零命中 ⇒ **乙法未經 shapely 布林**

【0-2】量法乙之解析度自證（對照組·真值為**解析式**·⛔ 非由任一量法產生）
--------------------------------------------------------------------------------------------------------------------------------------------------------------------------------------------------------
  組             真值             甲             乙        乙−真值         格面積  說明
  C1        0.0000        0.0000        0.0000     +0.0000    0.00e+00  真值 0·分離薄片（長寬比 400:1）
  C2       18.0000       18.0000       18.0029     +0.0029    3.36e-04  真值 18.0·薄片重疊（60×0.30）
  C3        0.1500        0.1500        0.1500     +0.0000    6.24e-08  真值 0.15·薄片微疊（0.5×0.30）
  C4        7.5000        7.5000        7.4992     -0.0008    7.54e-05  真值 7.5·長寬比 1000:1（50×0.15）
  C5     1050.0000     1050.0000     1049.9974     -0.0026    5.75e-04  真值 1050.0·本案尺度（30×35）
  C6        0.0000        0.0000        0.0246     +0.0246    2.09e-04  真值 0·共邊接觸（⛔ 非分離·測邊界判定）

  ⚠️ **三判準分列**（⛔ 不得併為單一門檻——初版併之，致 C6 之貼邊偏壓
     被誤報為「解析度不足」。⛔ 此係**判準本身寫錯**、非因結果不利而放寬：
     下列三數皆為**原始實測值**，一個未改）：
     判準A（施工單**明訂**：能否分辨 `76.26` 與 `0`）：非共邊組最大誤差 0.0029 ㎡ ⇒ 餘裕 ×26268　✅ 遠足夠
     判準B（內部精度·真值非 0 組）：相對誤差 ≤ 0.016%　✅
     判準C（**貼邊偏壓**·共邊對·真值 0）：+0.0246 ㎡/對（**系統性正偏**）
        🔴 此**非隨機誤差**、係乙法對「相鄰共邊對」之系統性正偏 ⇒ **必須帶入判讀**：
        ⛔ 不得逕以乙>甲 判「甲漏報」——須改以 §f-1c 之**實寬**判準裁決。
  🔒 對照組含 **真值非 0** 之 C2/C3/C4/C5（⛔ 非僅真值 0）——否則乙法只被證明「會回 0」，即把結論埋進判準。

【0-2b】fixture 對照組（`case_D2b15_tilegate_intersection`·真值有**倉內獨立佐證**）
--------------------------------------------------------------------------------------------------------------------------------------------------------------------------------------------------------
  片數 6　面積鏈 [4309.2246, 1635.1496, 1956.3972, 139.7975, 924.2019, 4644.5484]
  片2 × 片4：甲 = 924.201867　乙 = 0.000000（coarse400-zero·格面積 2.92e-02）
  片4 全部面積（shoelace·乙核）= 924.201867
  倉內獨立佐證（fixture docstring）：帶號 f(L3) = +4.262478 ≥ 0 ⇒ 取樣點屬餘塊非片2；`片2.contains` = False；甲曾報 924.2018673

【f-1】R1–R6 × 兩情境：三處運算元之兩法對打
--------------------------------------------------------------------------------------------------------------------------------------------------------------------------------------------------------

  情境   街廓   呼叫   宗   池        甲:9047     乙:9047     甲:9050     乙:9050      甲:9062      乙:9062  保真
  0m   R1   #0   5   1        0.0000     0.0000     0.0000     0.0510      0.0000      0.0000  —
  0m   R2   #0   15  1        0.0000     0.0000     0.0000     0.0000     76.2616     77.7522  ✅
  0m   R3   #0   14  1        0.0000     0.0000     0.0000     0.0000      0.0000      0.5114  —
  0m   R4   #0   2   2        0.0000     0.0000     0.0000     0.0000      0.0000      0.0000  —
  0m   R5   #0   12  1        0.0000     0.0000     0.0000     0.0000     72.1964     74.1497  ✅
  0m   R6   #0   11  2        0.0000     0.0000     0.0000     0.0000      0.0000      0.0849  —
  3.5m R1   #0   5   1        0.0000     0.0000     0.0000     0.0503      0.0000      0.0000  —
  3.5m R2   #0   15  2        0.0000     0.0000     0.0000     0.0000      0.0000      0.0000  —
  3.5m R3   #0   14  2        0.0000     0.0000     0.0000     0.0880      0.0000      1.6656  —
  3.5m R4   #0   2   2        0.0000     0.0000     0.0000     0.0000      0.0000      0.0000  —
  3.5m R5   #0   12  2        0.0000     0.0000     0.0000     0.0000      0.0000      0.0000  —
  3.5m R6   #0   11  2        0.0000     0.0000     0.0000     0.0000      0.0000      0.0849  —

【f-1b】逐對明細（甲非零之對·並列乙）——⛔ 乙之對序與甲同、但值獨立算出
--------------------------------------------------------------------------------------------------------------------------------------------------------------------------------------------------------
  ── [0m] R1 #0 ──
     :9050 池0×宗4          甲       0.0000　乙       0.0510　🔴 矛盾　(fine1500·格 2.4e-04)
  ── [0m] R2 #0 ──
     :9062 宗0×宗3          甲      46.0539　乙      46.0513　✅ 一致　(fine1500·格 4.7e-04)
     :9062 宗0×宗2          甲      25.2873　乙      25.2899　✅ 一致　(fine1500·格 4.6e-04)
     :9062 宗0×宗1          甲       4.9205　乙       4.9480　✅ 一致　(fine1500·格 4.5e-04)
     :9062 宗10×宗11        甲       0.0000　乙       0.6443　🔴 矛盾　(fine1500·格 4.3e-04)
     :9062 宗4×宗5          甲       0.0000　乙       0.4689　🔴 矛盾　(fine1500·格 4.5e-04)
     :9062 宗2×宗3          甲       0.0000　乙       0.3500　🔴 矛盾　(fine1500·格 4.5e-04)
  ── [0m] R3 #0 ──
     :9062 宗9×宗10         甲       0.0000　乙       0.5114　🔴 矛盾　(fine1500·格 4.5e-04)
  ── [0m] R5 #0 ──
     :9062 宗0×宗2          甲      41.5297　乙      41.5332　✅ 一致　(fine1500·格 4.4e-04)
     :9062 宗0×宗3          甲      29.0522　乙      29.0504　✅ 一致　(fine1500·格 4.3e-04)
     :9062 宗0×宗1          甲       1.6145　乙       1.6796　✅ 一致　(fine1500·格 4.3e-04)
     :9062 宗10×宗11        甲       0.0000　乙       0.7116　🔴 矛盾　(fine1500·格 4.9e-04)
     :9062 宗2×宗3          甲       0.0000　乙       0.6368　🔴 矛盾　(fine1500·格 4.3e-04)
     :9062 宗4×宗5          甲       0.0000　乙       0.5380　🔴 矛盾　(fine1500·格 4.4e-04)
  ── [3.5m] R1 #0 ──
     :9050 池0×宗4          甲       0.0000　乙       0.0503　🔴 矛盾　(fine1500·格 2.4e-04)
  ── [3.5m] R3 #0 ──
     :9062 宗10×宗11        甲       0.0000　乙       0.4640　🔴 矛盾　(fine1500·格 4.5e-04)
     :9062 宗2×宗3          甲       0.0000　乙       0.5133　🔴 矛盾　(fine1500·格 4.3e-04)
     :9062 宗1×宗2          甲       0.0000　乙       0.3384　🔴 矛盾　(fine1500·格 4.3e-04)
     :9062 宗7×宗8          甲       0.0000　乙       0.3055　🔴 矛盾　(fine1500·格 4.5e-04)

【f-2】①' 覆蓋閘之第三法（量法丙·⛔ 未用 union）重算
--------------------------------------------------------------------------------------------------------------------------------------------------------------------------------------------------------
  情境   街廓        甲(union)    丙|resid|       丙 缺口       丙 溢出        丙 重疊多重度        格面積
  0m   R1         12.0568     12.0566    12.0566     0.0000         0.0000   1.19e-03
  0m   R2          0.0000      0.0000     0.0000     0.0000        76.2629   1.72e-03
  0m   R3         76.0262     76.0399    76.0399     0.0000         0.0000   1.64e-03
  0m   R4         58.4792     58.4828    58.4828     0.0000         0.0000   1.39e-03
  0m   R5          0.0000      0.0000     0.0000     0.0000        72.2002   1.58e-03
  0m   R6          0.0000      0.0000     0.0000     0.0000         0.0000   1.50e-03
  3.5m R1         12.0553     12.0507    12.0507     0.0000         0.0000   1.19e-03
  3.5m R2          0.0000      0.0000     0.0000     0.0000         0.0000   1.72e-03
  3.5m R3          0.0001      0.0000     0.0000     0.0000         0.0000   1.64e-03
  3.5m R4         58.4792     58.4828    58.4828     0.0000         0.0000   1.39e-03
  3.5m R5          0.0000      0.0000     0.0000     0.0000         0.0000   1.58e-03
  3.5m R6          0.0000      0.0000     0.0000     0.0000         0.0000   1.50e-03
