==============================================================================================================================================================================================
【D-2 §二】**切換前**凍存（⛔ 執行於 §一 切換之前·⛔ 本檔一字不得改）
==============================================================================================================================================================================================

【1】街角最小規定範圍面積 **16 格**（現值 ＝ 舊構造·`_build_corner_range_v3`）
----------------------------------------------------------------------------------------------------------------------------------------------------------------------------------------------
情境    街廓/側                  面積(現值)
----------------------------------------------------------------------------------------------------------------------------------------------------------------------------------------------
0m    R1/left             114.7072
0m    R1/right            116.8414
0m    R2/left             227.1050
0m    R3/right            226.6930
0m    R4/left             135.1873
0m    R4/right            137.0042
0m    R5/left             217.9702
0m    R6/right            145.8835
3.5m  R1/left             230.8098
3.5m  R1/right            232.7931
3.5m  R2/left             384.1511
3.5m  R3/right            383.6669
3.5m  R4/left             251.1151
3.5m  R4/right            252.8551
3.5m  R5/left             371.1713
3.5m  R6/right            298.1445
----------------------------------------------------------------------------------------------------------------------------------------------------------------------------------------------

【2】`forced_offset` 現況（**應 `3.5m R1` 之 `right_forced_offset = True`**）
----------------------------------------------------------------------------------------------------------------------------------------------------------------------------------------------
情境    街廓        left_forced_offset   right_forced_offset
----------------------------------------------------------------------------------------------------------------------------------------------------------------------------------------------
0m    G1                     False                 False
0m    R1                     False                 False
0m    R2                     False                 False
0m    R3                     False                  True
0m    R4                     False                 False
0m    R5                     False                 False
0m    R6                     False                 False
0m    RD1                    False                 False
0m    RD2                    False                 False
0m    RD3                    False                 False
0m    RD4                    False                 False
3.5m  G1                     False                 False
3.5m  R1                     False                  True
3.5m  R2                      True                 False
3.5m  R3                     False                  True
3.5m  R4                     False                 False
3.5m  R5                      True                 False
3.5m  R6                     False                 False
3.5m  RD1                    False                 False
3.5m  RD2                    False                 False
3.5m  RD3                    False                 False
3.5m  RD4                    False                 False
----------------------------------------------------------------------------------------------------------------------------------------------------------------------------------------------
  ⇒ **forced 為真者 5**：0m R3（左=False／右=True）；3.5m R1（左=False／右=True）；3.5m R2（左=True／右=False）；3.5m R3（左=False／右=True）；3.5m R5（左=True／右=False）

【3】`run_all` 名目數／PASS／FAIL（**自已入庫之 log 現讀**·⛔ 未重跑）
----------------------------------------------------------------------------------------------------------------------------------------------------------------------------------------------
  來源：`verify\out\D1_runall.log`（D-1 切換後之 run_all）
  PASS ＝ **74**　FAIL ＝ **49**　名目總數 ＝ **123**
  （施工單 §二 之期望：名目數 123／74 PASS／49 FAIL）
  ⇒ 相符？ PASS True／FAIL True／總數 True

🔒 **本檔為切換前之凍存·⛔ 一字不得改。** 切換後之對照見 D-2 §三 哨兵。
