# `W-G.9-4b` §1 探針：命題 P 之由構造雙證（目標鍵 `k956_W_from_mp`）

================================================================================================
【A 層】AST：`ns[<字面字串>]` 取用點之條件性判定（⛔ 不預設符號名）
================================================================================================
  檔：verify/stepg_pipeline.py
  `ns["k956_W_from_mp"]` 取用點數 ＝ 1
    :334  所屬函式 ＝ `run_step_g`
           祖先鏈上之條件性節點（函式體內）＝ (無)
  ⇒ A 層判定：✅ 無條件執行

================================================================================================
【B 層】實際呼叫：ns 由 `_wf_ns()` 建出（⛔ 非 harvest 全 globals）
================================================================================================
  harvest 全 globals 名目數 ＝ 227
  `_wf_ns()` 受限 ns 名目數 ＝ 26
  `"k956_W_from_mp" in _wf_ns()` ⇒ True
  `"k956_W_from_mp" in harvest()` ⇒ True   ← 二路徑分岔即缺陷所在
  建置完成（tag=0m）：cb 11 塊、build 61 宗
  ⚠️ 建置階段用 harvest 全 ns（harness 函式所需）；受詞為其後之**受限 ns**

  → [B-0·對照組] run_step_g(ns=harvest 全 ns, …)   ＝ 既有另案之落點
     實拋 RuntimeError｜落點 ＝ stepg_pipeline.py:1362
        該行原文 ＝ raise RuntimeError(
        訊息 ＝ 🔴 結構閘 理論＝實跑 破：街廓 R1 left 側 理論@k*=97.18 ≠ 實跑(階段1)=100.02（Δ=2.837 >0.1）｜參考 ΣΔ_i=+0.000（**⛔ 未用於本式**·實測反證見碼註）｜逐界面：[Δ_i·R1·left] 628-37(1)→628-35(2): W_far=6.4600／W_near=6.6200／W_start=6.4600／Δ=+0.0000／Δ_self=+0.9120／🔄方向改變

  → [B-2·受詞] run_step_g(ns=`_wf_ns()` 受限 ns, …)   ｜清單已含該名 ⇒ True
     實拋 RuntimeError｜落點 ＝ stepg_pipeline.py:1362
        該行原文 ＝ raise RuntimeError(
        訊息 ＝ 🔴 結構閘 理論＝實跑 破：街廓 R1 left 側 理論@k*=97.18 ≠ 實跑(階段1)=100.02（Δ=2.837 >0.1）｜參考 ΣΔ_i=+0.000（**⛔ 未用於本式**·實測反證見碼註）｜逐界面：[Δ_i·R1·left] 628-37(1)→628-35(2): W_far=6.4600／W_near=6.6200／W_start=6.4600／Δ=+0.0000／Δ_self=+0.9120／🔄方向改變

     B-0（全 ns）  落點 ＝ RuntimeError @ stepg_pipeline.py:1362
     B-2（受限 ns）落點 ＝ RuntimeError @ stepg_pipeline.py:1362
  ✅ **修復後判準**：二落點相同 ⇒ 受限 ns 已足供引擎（`F2`／`F3` 之碼面證據）

  ⛔ **[B-1] 真 app 路徑（`_build_wf_ctx` → `wf_f0.compute`）本批無法執行**——
     `_build_wf_ctx` 之 seed 需 `f3_G_values`（＝ `run_step_g` 之 `g_rows`），
     而 `run_step_g` 於**兩情境皆** raise（B-0）⇒ 取不到。
     ⛔ **不以偽造 seed 代替**（fixture-provenance：期望值/輸入須有獨立真相源）。
     ⇒ B-1 之缺席**已正面列出**，⛔ 不作靜默略過。

================================================================================================
【判定】A 層 ＝ ✅（無條件執行）
       B 層 ＝ ✅（B-2 RuntimeError @ stepg_pipeline.py:1362｜B-0(另案) RuntimeError @ stepg_pipeline.py:1362）
⇒ 命題 **P** ＝ **真**（F1 成立·續 §2 工項）
================================================================================================
