====================================================================================================
【自檢 1】`A-4` 陷阱之實證：照 `G-2` 內嵌式外推 ⇒ 受詞為空 ⇒ **恆綠**
====================================================================================================
  🔒 **判準之受詞** ＝ 數值常數／`_anc` 鍵／字串 tuple 三者（⛔ 非「自由名」——外推式抽到之 `_ok_*` 係 `run_verification` 之**內部布林**，
     其名雖非空，卻**無任何管線可綁定**它 ⇒ 就地求值必拋。二者皆為 `A-4` 之表現。）

  ▸ `v3 重劃總負擔率錨 ==`
      ❌ 外推式抽到 ＝ '_ok_rate'｜受詞（常數／`_anc`鍵／tuple）＝ ([], [], ())
          就地求值 ⇒ RuntimeError: 🔴 就地求值失敗：自由名未綁定 ['_ok_rate']
      ✅ 本批抽到 ＝ round(_rate_live, 8) == float(_anc["重劃總負擔率"])
          受詞 ＝ ([8], ['重劃總負擔率'], ())
  ▸ `v3 率分項錨 公設負擔比`
      ❌ 外推式抽到 ＝ '_ok_bd'｜受詞（常數／`_anc`鍵／tuple）＝ ([], [], ())
          就地求值 ⇒ RuntimeError: 🔴 就地求值失敗：自由名未綁定 ['_ok_bd']
      ✅ 本批抽到 ＝ round(_bd["公設負擔比"] * 100, 6) == 34.754211 and round(_bd["費用負擔比"] * 100, 6) == 5.9581…
          受詞 ＝ ([34.754211, 5.958176, 6, 6, 100, 100], [], ())
  ▸ `v3 率用 DXF 公設實值`
      ❌ 外推式抽到 ＝ '_ok_dxf'｜受詞（常數／`_anc`鍵／tuple）＝ ([], [], ())
          就地求值 ⇒ RuntimeError: 🔴 就地求值失敗：自由名未綁定 ['_ok_dxf']
      ✅ 本批抽到 ＝ abs(_bd["公設共同負擔_DXF"] - 12146.5579) < 5e-4
          受詞 ＝ ([0.0005, 12146.5579], [], ())
  ▸ `v3 reverse-test③ 單位工程費`
      ❌ 外推式抽到 ＝ '_ok_rt3'｜受詞（常數／`_anc`鍵／tuple）＝ ([], [], ())
          就地求值 ⇒ RuntimeError: 🔴 就地求值失敗：自由名未綁定 ['_ok_rt3']
      ✅ 本批抽到 ＝ round(_rate3, 8) != round(_rate_live, 8) and round(_rate3, 8) != float(_anc["重劃總負擔率"…
          受詞 ＝ ([8, 8, 8], ['重劃總負擔率'], ())
  ▸ `F.2 跨區段 fixture（a→b 模式一`
      ❌ 外推式抽到 ＝ '_ok_fx'｜受詞（常數／`_anc`鍵／tuple）＝ ([], [], ())
          就地求值 ⇒ RuntimeError: 🔴 就地求值失敗：自由名未綁定 ['_ok_fx']
      ✅ 本批抽到 ＝ _fx["ratio_ne_1"] and abs(_fx["mode1_a_to_b"] - _fx["expect_m1"]) < 0.01 and _fx["mo…
          受詞 ＝ ([0.01], [], ())
  ▸ `F.4 模式二 p_avg 母體`
      ❌ 外推式抽到 ＝ '_m2ok'｜受詞（常數／`_anc`鍵／tuple）＝ ([], [], ())
          就地求值 ⇒ RuntimeError: 🔴 就地求值失敗：自由名未綁定 ['_m2ok']
      ✅ 本批抽到 ＝ all(b in _pavg for b in ("R1", "R4"))
          受詞 ＝ ([], [], ('R1', 'R4'))
  ⇒ **6／6 項**之外推式**判準受詞全空且不可求值**
     ⇒ 🔴 若照抄 `G-2` 之內嵌式形狀，這 6 個閘會是 **6 個空閘**（`A-4`）

====================================================================================================
【自檢 2】抽取式**非恆成功**（⛔ 否則「抽得到」是恆真句）
====================================================================================================
  ▸ `ZZZ_不存在之名目` ⇒ 實拋 RuntimeError ✅ 具鑑別力
  ▸ `v3 財務錨 B ==`（**存在**之對照組）⇒ 抽到 round(_fin["B"], 6) == float(_anc["B"])… ✅ 證抽取式確會命中

====================================================================================================
【自檢 3】判準複本 ＝ 0（逐鍵 ＋ 判別力自檢）
====================================================================================================
  🔒 母體 ＝ `fixture_midlayer_6items.py`（14272 字元；扣除 7 個**名目字面（含呈現形）**後 14195 字元）
     ⚠️ 扣除之由：名目字面係**定位用 prefix**、夾具必須持有；且判準鍵可能為其**子字串**（本批實例：`重劃總負擔率` ⊂ `v3 重劃總負擔率錨`）。
  ▸ 型② `_anc` 鍵｜`重劃總負擔率` 於夾具內命中 ＝ 0　✅
  ▸ 型① 數值錨｜`34.754211` 於夾具內命中 ＝ 0　✅
  ▸ 型① 數值錨｜`5.958176` 於夾具內命中 ＝ 0　✅
  ▸ 型① 數值錨｜`5e-4` 於夾具內命中 ＝ 0　✅
  ▸ 型① 數值錨｜`12146.5579` 於夾具內命中 ＝ 0　✅
  ▸ 型④ tuple（`str` 形）｜`('R1', 'R4')` 於夾具內命中 ＝ 0　✅
  ▸ 型④ tuple（原碼形）｜`"R1", "R4"` 於夾具內命中 ＝ 0　✅
  🔒 判別力自檢①｜`orig_criterion` 命中 ＝ 2（必 >0 ⇒ 上式非恆 0）
  🔒 判別力自檢①｜`eval_criterion` 命中 ＝ 4（必 >0 ⇒ 上式非恆 0）
  🔒 判別力自檢②｜於扣除後母體注入各鍵之真複本 ⇒ 7／7 鍵之計數 +1　✅ 皆抓得到
  ⚠️ **型③ 之明示例外**：`_F2_EXPR_FROZEN` 存有原式之正規化文字（施工單 §2-2 型③ 所訂之同源自證手段）
     其內**無任何外部錨值**——容差 `0.01` 與期望值 `expect_m1` 皆屬原式自身；命中 ＝ 3 處（宣告 1 ＋ 比對 1 ＋ 訊息 1）

====================================================================================================
【判定】陷阱實證 ✅｜抽取非恆成功 ✅｜判準複本 0 ✅
====================================================================================================
