======================================================================================================================================================
【K-6-A2 段六 開工偵察】GB-18 接線前提／GB-39 可觸發性／兩門檻分流量級 — ⛔ 只查不改·不設門檻
======================================================================================================================================================

【A】4-4 虛擬塊上 `_n14_band_geom` 是否仍適用（**逐格實跑·⛔ 非推理**）
------------------------------------------------------------------------------------------------------------------------------------------------------
  容差 `_EPS_TOUCH_FRONT` ＝ 0.01（`_fe` 與 `_re` 共用同一把尺）
情境    街廓/側        街角第1宗               t_lo      帶底t_hi   n後緣     後緣|dep|          g    (b̂n·n̂)      k98深度    Δ(帶底−k98深)  適用？
------------------------------------------------------------------------------------------------------------------------------------------------------
0m    R1/left     628-37(1)       0.000000   33.160155     2   2.094e-11   0.000409 0.999999917  33.161249     -0.001094  ✅ 成立
0m    R1/right    628(5)          0.000000   33.126748     2   4.825e-11   0.000409 0.999999917  33.128005     -0.001257  ✅ 成立
0m    R2/left     628-40(1)       0.000000   44.908054     2   3.330e-11   0.009726 0.999952704  44.875035      0.033020  ✅ 成立
0m    R3/right    None           ⏭️ 未達 k98：無 winner（強制留設抵費地）
0m    R4/left     628(1)          0.000000   33.112232     2   9.506e-11   0.000424 0.999999910  33.112868     -0.000636  ✅ 成立
0m    R4/right    628-1(1)        0.000000   33.096774     2   9.805e-13   0.000424 0.999999910  33.096707      0.000067  ✅ 成立
0m    R5/left     628-7(2)        0.000000   43.524216     2   0.000e+00  -0.047345 0.998878590  43.510383      0.013833  ✅ 成立
0m    R6/right    628-18(1)       0.000000   43.241201     2   1.421e-14   0.050035 0.998747488  43.361469     -0.120267  ✅ 成立
3.5m  R1/left     628-36(1)       0.000000   33.155591     2   3.193e-11   0.000409 0.999999917  33.156684     -0.001093  ✅ 成立
3.5m  R1/right    628(5)          0.000000   33.126748     2   4.825e-11   0.000409 0.999999917  33.128005     -0.001257  ✅ 成立
3.5m  R2/left     None           ⏭️ 未達 k98：無 winner（強制留設抵費地）
3.5m  R3/right    None           ⏭️ 未達 k98：無 winner（強制留設抵費地）
3.5m  R4/left     628(1)          0.000000   33.112232     2   9.506e-11   0.000424 0.999999910  33.112868     -0.000636  ✅ 成立
3.5m  R4/right    628-1(1)        0.000000   33.096774     2   9.805e-13   0.000424 0.999999910  33.096707      0.000067  ✅ 成立
3.5m  R5/left     None           ⏭️ 未達 k98：無 winner（強制留設抵費地）
3.5m  R6/right    628-18(1)       0.000000   43.241201     2   1.421e-14   0.050035 0.998747488  43.361469     -0.120267  ✅ 成立
------------------------------------------------------------------------------------------------------------------------------------------------------
  ⇒ `_n14_band_geom` 於虛擬塊上**成立 12 格**／raise 0 格／未達 k98 4 格
  🔒 判讀：`_fe` 以 `PQ` 為 `t=0`（`front_pt` 傳 `P_block`）、`_re` 以 BASELINE 為據（K-9-8 (4) 之虛擬塊遠側界即 BASELINE）
  ⚠️ 「成立」僅指**二判準可辨**；其值是否為 K-9-5 所欲之量，屬段六之題、本檔不判。

  🔴 **A-2 段六之前置決策項**：`帶底 t_hi` 與 k98 之 `depth_from_PQ` **不是同一個量**——逐格 max|Δ| ＝ **0.120267 m**（⚠️ **＞ 法定粒度 0.01**）。
     · `depth_from_PQ` ＝ `_dep()` 之**沿 BASELINE 法向**距離（k98 (5)）；
     · `帶底 t_hi` ＝ **後緣連續段最淺端點之 `t`**（K-9-6-b·(c)-1 更正後）。
     ⇒ 二者為「同名不同量」之又一例（體例同 K-9-6-a）。**段六接線前須先定用哪一個**；
       ⛔ 本檔**不代判**——現行 k98 係把 `depth_from_PQ` 當 `min_depth` 餵給`parcel_min_width_n14`（走**舊帶**分支），切換為新帶即改由 `_n14_band_geom` 定帶底。

【B】4-5 GB-39 可觸發性：`P_block` 是否落在**道路截角邊**上
------------------------------------------------------------------------------------------------------------------------------------------------------
  🔒 資料源 ＝ k98 之契約旗標 `on_chamfer`（⛔ 本檔未新造判定式）；`None` ＝ **該側無截角可判**（≠ 判定為否）
  0m    R1/left  628-37(1)    on_chamfer=False on_front=True  inset=+0.000021
  0m    R1/right 628(5)       on_chamfer=False on_front=True  inset=+0.000247
  0m    R2/left  628-40(1)    on_chamfer=False on_front=True  inset=+0.000004
  0m    R4/left  628(1)       on_chamfer=False on_front=True  inset=+0.007169
  0m    R4/right 628-1(1)     on_chamfer=False on_front=False inset=+0.013039
  0m    R5/left  628-7(2)     on_chamfer=False on_front=True  inset=+0.000000
  0m    R6/right 628-18(1)    on_chamfer=False on_front=True  inset=+0.000005
  3.5m  R1/left  628-36(1)    on_chamfer=False on_front=True  inset=+0.000055
  3.5m  R1/right 628(5)       on_chamfer=False on_front=True  inset=+0.000247
  3.5m  R4/left  628(1)       on_chamfer=False on_front=True  inset=+0.007169
  3.5m  R4/right 628-1(1)     on_chamfer=False on_front=False inset=+0.013039
  3.5m  R6/right 628-18(1)    on_chamfer=False on_front=True  inset=+0.000005
  ⇒ 分布：{'False': 12, '—': 4}
  ⚠️ **契約旗標之存活**：本檔係**直接呼叫** `k98_virtual_measure_block` 取得之；
     其於生產路徑（`_build_corner_range_v3`）是否被丟棄，**本檔未查**——⛔ 不得以本段之有值推斷生產路徑亦有值。

【C】4-6 兩門檻之量級對照（⛔ **不設門檻·不作判定**·門檻屬 KL）
------------------------------------------------------------------------------------------------------------------------------------------------------
  正典 K-9-5：街角第 1 宗門檻 ＝ **退縮寬 ＋ 畸零地最小寬**；其餘 ＝ 畸零地最小寬
情境    街廓/側        街角第1宗              k98量得寬       畸零最小寬       退縮+最小寬       差(量−街角門檻)
------------------------------------------------------------------------------------------------------------------------------------------------------
0m    R1/left     628-37(1)        4.142051        3.50         3.50        0.642051
0m    R1/right    628(5)           4.172583        3.50         3.50        0.672583
0m    R2/left     628-40(1)        4.758958        3.50         3.50        1.258958
0m    R4/left     628(1)          43.847789        3.50         3.50       40.347789
0m    R4/right    628-1(1)        13.190253        3.50         3.50        9.690253
0m    R5/left     628-7(2)         3.853085        3.50         3.50        0.353085
0m    R6/right    628-18(1)        4.810794        3.50         3.50        1.310794
3.5m  R1/left     628-36(1)       15.232700        3.50         7.00        8.232700
3.5m  R1/right    628(5)           4.172717        3.50         7.00       -2.827283
3.5m  R4/left     628(1)          43.847789        3.50         7.00       36.847789
3.5m  R4/right    628-1(1)        13.190253        3.50         7.00        6.190253
3.5m  R6/right    628-18(1)        4.810794        3.50         7.00       -2.189206
------------------------------------------------------------------------------------------------------------------------------------------------------
  ⛔ 上表**不是判定表**：K-9-5 尚未上閘、街角宗現走 K-4 面積門檻豁免；
     `S6-1` 已在待裁清單（交接文 §二），本檔僅補其**量**。

【D】註記
  · ⛔ 零生產變更：本檔未動 `app.py`、未動 `verify/` 既有檔、不接 `run_all`。
  · 虛擬塊與帶幾何**皆由 app 真符號產出**；本檔自算者僅 `L_in` 挑選與截角判定，二者逐字沿用 `verify/probes/probe_k98_virtual_block.py` ⇒ `w3`／`on_chamfer` 可交叉複驗。
