
================================================================================================================
【W-G.9-101】純追加稽核器之受詞母體缺口（⛔ 零生產碼·⛔ 零管線·態 ＝ blob@65f575b）
================================================================================================================
  基座（一切量之態）＝ **65f575bd5c95c301eeec83ddffe764beebe25dda**（⛔ 本檔不印任何隨 `HEAD` 而變之值 ⇒ 補登前後輸出逐位相同）
  `app.py` blob@基座 ＝ a9e5671d64d254907a0396f898f046d9d85e8283
  🔒 `TARGETS` 自 **blob@65f575b** 以 `ast` 解析（⛔ 不自工作區 import·`VR-058 三` 自我適用）。
  🔒 一切 `git` 呼叫明綁 `-c core.quotepath=false`（`S-4` 之受詞刻意取二框對照）。
  🔒 預測值出處 ＝ 施工單 `W-G.9-101` `§二 2-1`（⛔ 非本檔現跑回填）。

================================================================================================================
【§一】`S-1`：`TARGETS` 結構（態 ＝ blob@65f575b）
================================================================================================================
  ✅ 項數 ＝ **75**（單 75）｜檔級 ＝ **52**（相異 52·單 52/52）｜段級 ＝ **23**（相異檔 8·單 23/8）
        **涵蓋相異檔 ＝ 60**（單 60）｜檔級重複登錄 ＝ 0（單 0）｜`kind` 值集 ＝ ['檔', '段']

================================================================================================================
【§二】`S-2`：受詞缺口（母體 ＝ commit 區間 `a331c3c..65f575b`）
================================================================================================================
  ✅ commit 數 ＝ **99**（單 99）｜被修改之 `.md` 實例 ＝ **262**（單 262）｜⛔ 不在涵蓋內 ＝ **20**（單 20·**7.6%**）｜含缺口之 commit ＝ **17 / 99**（單 17）
  ✅ `S-3` 相異缺口檔 ＝ **12**（單 12）｜框 ＝ **該檔出現於幾個 commit**（⛔ 非出現次數）
        檔                                                                      commit 數
        docs/reports/W-G.9-99_乙之遞補鏈shim.md                                     5
        docs/reports/W-G.9波_新session交接文_WG913-WG931.md                         4
        docs/design/W-G.9-30_∥SIDELINE界線之接線設計.md                               2
        docs/reports/W-G.9-19_下界估算未達與同源前置.md                                   1
        docs/reports/W-G.9-22_三值對目標偏差.md                                       1
        docs/reports/W-G.9-23_僅修非forced之B選槽.md                                 1
        docs/reports/W-G.9-25_Read自報行數量測.md                                    1
        docs/reports/W-G.9-35_破量世代校正.md                                        1
        docs/reports/W-G.9-38_相鄰性判準更正與楔形幾何.md                                  1
        docs/reports/W-G.9-97_重排後遞補之入裁與現查.md                                   1
        docs/reports/W-G.9-97補正②_逐字補記與K-9-17入倉.md                              1
        docs/reports/W-G.9-97補正③_自誤101-105與補款③.md                              1
        POPULATION=12 PRINTED=12 SUPPRESSED=0  # 缺口檔（全列）
  ✅ 前三名逐檔對拍（單 [('W-G.9-99_乙之遞補鏈shim.md', 5), ('W-G.9波_新session交接文_WG913-WG931.md', 4), ('W-G.9-30_∥SIDELINE界線之接線設計.md', 2)]）
        其餘 **9** 檔各 `1`（單 `9`）✅
  ✅ `S-5` 否證通道：布林「缺口集為空」＝ **False**（單 `False`）

================================================================================================================
【§三】🔒 `S-4` 判別力對照：`core.quotepath` 二框（受詞 ＝ blob@65f575b 之 `M(.md)` 計數）
================================================================================================================
  `quotepath=true ` ⇒ `M(.md)` ＝ **0**
        逐字樣本（首列）＝ 'M\t"docs/reports/W-G.9-99_\\344\\271\\231\\344\\271\\213\\351\\201\\236\\350\\243\\234\\351\\217\\210shim.md"'
  `quotepath=false` ⇒ `M(.md)` ＝ **3**
        逐字樣本（首列）＝ 'M\tdocs/reports/W-G.9-99_乙之遞補鏈shim.md'
  ✅ 二框 ＝ (0, 3)（單 (0, 3)）｜**擾動量 ＝ 3**（單 `3`）⇒ 該對照⛔ 未退化（家法 `9`）
  🔒 **後果之形**：母體歸零 ⇒ 迴圈零次 ⇒ `bad` 停留初值 ⇒ **閘恆綠**（`VR-059 三`）。

================================================================================================================
【§四】`S-6`：本系列逐 commit（`23a63d3..65f575b`·格式 `M(.md)/in/gap`）
================================================================================================================
  commit     M(.md)   in       gap      gap 之檔
  02964ba    1        1        0        []
  3103ab5    2        1        1        ['W-G.9-99_乙之遞補鏈shim.md']
  dea0ba3    3        2        1        ['W-G.9-99_乙之遞補鏈shim.md']
  84bb7a6    0        0        0        []
  d488970    3        2        1        ['W-G.9-99_乙之遞補鏈shim.md']
  b0d0db8    3        2        1        ['W-G.9-99_乙之遞補鏈shim.md']
  65f575b    3        2        1        ['W-G.9-99_乙之遞補鏈shim.md']
  ✅ 逐 commit 與預測相同 ＝ True｜缺口實例合計 ＝ **5**（單 5）｜`gap` 逐 commit 皆恰為 `shim.md` ＝ **True**

================================================================================================================
【§五】🔒 `S-7`：機制歸因（**引被檢物實作逐字**·⛔ 非數值吻合·家法 `12`）
================================================================================================================
  `verify/tools/wg942_append_audit.py:485@65f575b` 逐字 ＝
     '    for path, kind, head, tail in TARGETS:'  （縮排 4）
  `verify/tools/wg942_append_audit.py:524@65f575b` 逐字（結論列）＝
     '    print(f"  結論：{\'✅ 全部成立\' if bad == 0 else f\'🔴 {bad} 項不成立 ⇒ S-5 觸發\'}")'
  ⇒ **迴圈之母體即 `TARGETS`** ⇒ 未列者**永不到訪** ⇒ `bad` ⛔ 不可能因之遞增。

  🔒 **反例搜尋**（`bad` 之全站點·母體 ＝ blob@65f575b）：
     列        縮排       逐字
     :482     4        bad = 0   ⇒ 初始化·迴圈**外**
     :513     16       bad += 1   ⇒ 遞增·迴圈**內**
     :519     12       bad += 1   ⇒ 遞增·迴圈**內**
     :524     4        print(f"  結論：{'✅ 全部成立' if bad == 0 else f'🔴 {bad} 項不成立 ⇒ S-5 觸發'}")   ⇒ 讀取
     :525     4        return 1 if bad else 0   ⇒ 讀取
  ✅ ⇒ **遞增站點恰 2**（單 2）、**無一在迴圈外**（迴圈外遞增 ＝ 0）⇒ **反例 ＝ 0**

================================================================================================================
【§六】`S-8`：具名之單一受詞 `W-G.9-99_乙之遞補鏈shim.md`
================================================================================================================
  ✅ `shim.md` ∈ 涵蓋 ＝ **False**（單 False）｜其於本系列被修改之 commit 數 ＝ **5**（單 5）
  判別力對照：已在 `TARGETS` 之任一檔級項 ∈ 涵蓋 ＝ True（應 `True`）

================================================================================================================
【§七】🔒 土地三數 ＝ **未重算之轉述**
================================================================================================================
  ΣΔ ＝ +1.0300／池增量 84.0800 ㎡／R1 ΣΔ ＝ +0.000000
  🔒 本檔**零管線** ⇒ 上三數⛔ **未重算**；池增量係**依守恆式導出·⛔ 非幾何實量**（`VR-054 三`）。

================================================================================================================
【§八】收工：停機逐字
================================================================================================================
  ✅ 本檔未觸任一停機條件。
