========================================================================================================================================================================================================
【D-2b-8 §A-3＋§B】守衛修正零變動驗收 ＋ R6 控制組全鏈
========================================================================================================================================================================================================
  ⚠️ 七道閘之行號係**現查**（972/990/1164/1198/1241/1276/1323）；施工單 §B-1 所列（972/989/1036/1056/1098/1112/1157）係 D-2b-3 之前之舊值·**已腐**。

【A-3】逐街廓終態（對照基準 ＝ `verify/out/probe_D2b6_split.log`【III】·修改前實料）
--------------------------------------------------------------------------------------------------------------------------------------------------------------------------------------------------------
  [0m] R1   `_solve_G_one`  10 次｜🔴 RuntimeError: 街廓 R1 抵費地計算失敗：🔴 ①' 覆蓋閘破[R1]：|union(宗+池) − 街廓| = 12.0568 > 0.01（union 2881.4963 vs 街廓 2893.5531）
  [0m] R2   `_solve_G_one`  30 次｜🔴 RuntimeError: 街廓 R2 抵費地計算失敗：🔴 ②-宗 圍堵閘破[R2]：宗-宗重疊 = 76.2616 > 上界 3.1129（(宗數15−1)×0.005×深度44.47）——**超出捨入量子可解釋範圍＝另有病**，停
  [0m] R4   `_solve_G_one`   4 次｜🔴 RuntimeError: 街廓 R4 抵費地計算失敗：🔴 ①' 覆蓋閘破[R4]：|union(宗+池) − 街廓| = 58.4792 > 0.01（union 3149.3873 vs 街廓 3207.8665）
  [0m] R6   `_solve_G_one`  28 次｜✅ 跑完（無例外）
  [0m] R5   `_solve_G_one`  24 次｜🔴 RuntimeError: 街廓 R5 抵費地計算失敗：🔴 ②-宗 圍堵閘破[R5]：宗-宗重疊 = 72.1964 > 上界 2.5141（(宗數12−1)×0.005×深度45.71）——**超出捨入量子可解釋範圍＝另有病**，停
  [0m] R3   `_solve_G_one`  28 次｜🔴 RuntimeError: 街廓 R3 抵費地計算失敗：🔴 ①' 覆蓋閘破[R3]：|union(宗+池) − 街廓| = 76.0262 > 0.01（union 4130.7734 vs 街廓 4206.7996）
  [3.5m] R1   `_solve_G_one`  10 次｜🔴 RuntimeError: 街廓 R1 抵費地計算失敗：🔴 ①' 覆蓋閘破[R1]：|union(宗+池) − 街廓| = 12.0553 > 0.01（union 2881.4978 vs 街廓 2893.5531）
  [3.5m] R2   `_solve_G_one`  30 次｜🔴 RuntimeError: 🔴 結構閘 telescoping 破：街廓 R2 left 側 ΣRw_實跑=100.02 ≠ R(W_final=34.39)−R(W₀=6.98)=44.41（Δ=55.606 >0.1）｜逐界面：[Δ_i·R2·left] 628-42(1)→
  [3.5m] R4   `_solve_G_one`   4 次｜🔴 RuntimeError: 街廓 R4 抵費地計算失敗：🔴 ①' 覆蓋閘破[R4]：|union(宗+池) − 街廓| = 58.4792 > 0.01（union 3149.3873 vs 街廓 3207.8665）
  [3.5m] R6   `_solve_G_one`  28 次｜✅ 跑完（無例外）
  [3.5m] R5   `_solve_G_one`  24 次｜🔴 RuntimeError: 🔴 結構閘 telescoping 破：街廓 R5 left 側 ΣRw_實跑=99.99 ≠ R(W_final=36.10)−R(W₀=6.98)=44.41（Δ=55.576 >0.1）｜逐界面：[Δ_i·R5·left] 628-53(2)→6
  [3.5m] R3   `_solve_G_one`  28 次｜🔴 RuntimeError: 🔴 結構閘 telescoping 破：街廓 R3 right 側 ΣRw_實跑=100.06 ≠ R(W_final=35.08)−R(W₀=6.97)=44.47（Δ=55.589 >0.1）｜逐界面：[Δ_i·R3·right] 628-42(2

【A-2】`K-9-5-8` 退化命中之列印（⛔ 不得靜默略過）
--------------------------------------------------------------------------------------------------------------------------------------------------------------------------------------------------------
  [0m] [K-9-5-8] 街廓 R6 right 側：SIDE ∥ ALLOC **退化**（|cross|=0.0000000474／夾角=0.000003°　≤ 容差 1e-06）⇒ `K-9-5-4 ②` 套用後方向等值、無楔形；方向判準所得 []／街角第 1 宗 ['628-18(1)']——**合法組態·⛔ 非異常**（KL 裁 2026-08-08）
  [0m] [K-9-5-8] 街廓 R6 right 側：SIDE ∥ ALLOC **退化**（|cross|=0.0000000474／夾角=0.000003°　≤ 容差 1e-06）⇒ `K-9-5-4 ②` 套用後方向等值、無楔形；方向判準所得 []／街角第 1 宗 ['628-18(1)']——**合法組態·⛔ 非異常**（KL 裁 2026-08-08）
  [3.5m] [K-9-5-8] 街廓 R6 right 側：SIDE ∥ ALLOC **退化**（|cross|=0.0000000474／夾角=0.000003°　≤ 容差 1e-06）⇒ `K-9-5-4 ②` 套用後方向等值、無楔形；方向判準所得 []／街角第 1 宗 ['628-18(1)']——**合法組態·⛔ 非異常**（KL 裁 2026-08-08）
  [3.5m] [K-9-5-8] 街廓 R6 right 側：SIDE ∥ ALLOC **退化**（|cross|=0.0000000474／夾角=0.000003°　≤ 容差 1e-06）⇒ `K-9-5-4 ②` 套用後方向等值、無楔形；方向判準所得 []／街角第 1 宗 ['628-18(1)']——**合法組態·⛔ 非異常**（KL 裁 2026-08-08）

【B】R6 控制組：七道閘之 **過／破／未抵達**（⛔ 三者須分辨·⛔ 不得以 0 代表過）
--------------------------------------------------------------------------------------------------------------------------------------------------------------------------------------------------------
  [0m] R6　終止例外：（無·跑完全鏈）
      :972  抵費地計算失敗（含覆蓋閘/②-宗）             ✅ **抵達且過**
      :990  §N3-0 逐宗主閘                    ✅ **抵達且過**
      :1164 telescoping 總量段               ✅ **抵達且過**
      :1198 階段2 telescoping 段             ✅ **抵達且過**
      :1241 â 定向雙判準                       ✅ **抵達且過**
      :1276 理論＝實跑                         ✅ **抵達且過**
      :1323 停機③ 守恆-帳幾何級                   ✅ **抵達且過**
      ⇒ 🔑 **R6 跑完全鏈**（含 `停機③`）⇒ 「一個根因」假說得強佐證、且**首次驗到守恆**
  [3.5m] R6　終止例外：（無·跑完全鏈）
      :972  抵費地計算失敗（含覆蓋閘/②-宗）             ✅ **抵達且過**
      :990  §N3-0 逐宗主閘                    ✅ **抵達且過**
      :1164 telescoping 總量段               ✅ **抵達且過**
      :1198 階段2 telescoping 段             ✅ **抵達且過**
      :1241 â 定向雙判準                       ✅ **抵達且過**
      :1276 理論＝實跑                         ✅ **抵達且過**
      :1323 停機③ 守恆-帳幾何級                   ✅ **抵達且過**
      ⇒ 🔑 **R6 跑完全鏈**（含 `停機③`）⇒ 「一個根因」假說得強佐證、且**首次驗到守恆**

【B-3】各側宗數 `n`（🔑 `n≥3` 時量化上界 0.189 > 容差 0.1）
--------------------------------------------------------------------------------------------------------------------------------------------------------------------------------------------------------
  R1   `build_parcels` 宗數 ＝ **6**　（⚠️ ≥3 ⇒ 量化上界已超容差）
  R2   `build_parcels` 宗數 ＝ **15**　（⚠️ ≥3 ⇒ 量化上界已超容差）
  R4   `build_parcels` 宗數 ＝ **3**　（⚠️ ≥3 ⇒ 量化上界已超容差）
  R6   `build_parcels` 宗數 ＝ **11**　（⚠️ ≥3 ⇒ 量化上界已超容差）
  R5   `build_parcels` 宗數 ＝ **12**　（⚠️ ≥3 ⇒ 量化上界已超容差）
  R3   `build_parcels` 宗數 ＝ **14**　（⚠️ ≥3 ⇒ 量化上界已超容差）
  ⚠️ 上列為**街廓總宗數**；逐側之鏈長須自 `[Δ_i·…]` 之界面數 +1 讀取（本檔未逐側拆分·⛔ 不宣稱已提供逐側 n）

【B-2】R6 之逐界面與 ΣRw（自 stdout）
--------------------------------------------------------------------------------------------------------------------------------------------------------------------------------------------------------
  [0m] [T2-DIAG] 街廓 R6｜宗數 11｜池帶 2 片｜池帶 s 寬 [3.6068  34.0518]｜池帶面積 [85.7064  1542.9939]｜Σ池 1628.7003｜覆蓋殘差 0.0000｜Σ 殘差 -0.0000｜宗-宗疊 0.0000（上界 2.2755）｜內部縫 0 帶／0.0000㎡｜退化帶 1 個（s 寬 6.75e-11）｜s 域 [-3.606
  [0m] [Δ_i·R6·right·總量] 628-18(1)→628-53(1): W_far=7.2000／W_near=7.2000／W_start=7.2000／Δ=+0.0000／Δ_self=+0.0000　628-53(1)→628-38(1): W_far=7.2000／W_near=7.2000／W_start=7.2000／Δ=+0.0000／Δ_self=+0.0
  [0m] [Δ_i·R6·right·階段2] （無界面）
  [0m] [Δ_i·R6·left·階段1] （無界面）
  [0m] [Δ_i·R6·right·階段1] 628-18(1)→628-53(1): W_far=7.2000／W_near=7.2000／W_start=7.2000／Δ=+0.0000／Δ_self=+0.0000　628-53(1)→628-38(1): W_far=7.2000／W_near=7.2000／W_start=7.2000／Δ=+0.0000／Δ_self=+0.
  [3.5m] [T2-DIAG] 街廓 R6｜宗數 11｜池帶 2 片｜池帶 s 寬 [3.6068  34.0518]｜池帶面積 [85.7064  1542.9939]｜Σ池 1628.7003｜覆蓋殘差 0.0000｜Σ 殘差 -0.0000｜宗-宗疊 0.0000（上界 2.2755）｜內部縫 0 帶／0.0000㎡｜退化帶 1 個（s 寬 6.75e-11）｜s 域 [-3.606
  [3.5m] [Δ_i·R6·right·總量] 628-18(1)→628-53(1): W_far=7.2000／W_near=7.2000／W_start=7.2000／Δ=+0.0000／Δ_self=+0.0000　628-53(1)→628-38(1): W_far=7.2000／W_near=7.2000／W_start=7.2000／Δ=+0.0000／Δ_self=+0.0
  [3.5m] [Δ_i·R6·right·階段2] （無界面）
  [3.5m] [Δ_i·R6·left·階段1] （無界面）
  [3.5m] [Δ_i·R6·right·階段1] 628-18(1)→628-53(1): W_far=7.2000／W_near=7.2000／W_start=7.2000／Δ=+0.0000／Δ_self=+0.0000　628-53(1)→628-38(1): W_far=7.2000／W_near=7.2000／W_start=7.2000／Δ=+0.0000／Δ_self=+0.

========================================================================================================================================================================================================
