========================================================================================================================================================================================================
【S6-2 §一 主測】k98 量測帶二端：(a) 線距（SIDE∞ vs winner ALLOC∞） vs (b) k98 虛擬塊之弦 — ⛔ 只量不判
========================================================================================================================================================================================================

【A】🔒 自我驗證閘：`min(弦@t_lo, 弦@t_hi)` 必須 == `k98["min_width"]`（⛔ 不過即不得據本檔下結論）
--------------------------------------------------------------------------------------------------------------------------------------------------------------------------------------------------------
  0m    R1/left     min(弦) ＝ 6.494239616209976     k98 ＝ 6.494253315988538     🔴 ≠
  0m    R1/right    min(弦) ＝ 6.8468981563806075    k98 ＝ 6.8468981563806075    ✅ ==
  0m    R2/left     min(弦) ＝ 4.7564636805539395    k98 ＝ 4.75646368055467      ✅ ==
  0m    R4/left     min(弦) ＝ 45.34731706631585     k98 ＝ 45.347317066315846    ✅ ==
  0m    R4/right    min(弦) ＝ 13.190249921252502    k98 ＝ 13.1902499212525      ✅ ==
  0m    R5/left     min(弦) ＝ 3.852037547926333     k98 ＝ 3.8520375479263347    ✅ ==
  0m    R6/right    min(弦) ＝ 7.221162981066815     k98 ＝ 7.221162981066817     ✅ ==
  3.5m  R1/left     min(弦) ＝ 17.584578075321353    k98 ＝ 17.584578075321353    ✅ ==
  3.5m  R1/right    min(弦) ＝ 6.847031323312242     k98 ＝ 6.847031323312242     ✅ ==
  3.5m  R4/left     min(弦) ＝ 45.34731706631585     k98 ＝ 45.347317066315846    ✅ ==
  3.5m  R4/right    min(弦) ＝ 13.190249921252502    k98 ＝ 13.1902499212525      ✅ ==
  3.5m  R6/right    min(弦) ＝ 7.221162981066815     k98 ＝ 7.221162981066817     ✅ ==
--------------------------------------------------------------------------------------------------------------------------------------------------------------------------------------------------------
  🔴 **1 格未過閘** ⇒ **該格於【B】標 `🔴 閘未過`、⛔ 不得據以下任何結論**（⛔ 未放寬閘門以掩蓋之）：
      0m    R1/left     min(弦) 6.494239616209976 vs k98 6.494253315988538　差 1.370e-05
  ✅ 其餘 **11 格逐位元相符**（`==`·⛔ 非容差內）⇒ 該等格之【B】可信。

【B】主表（**十六格逐格**·⛔ 無 winner 者亦列·標「—」）
--------------------------------------------------------------------------------------------------------------------------------------------------------------------------------------------------------
情境    街廓/側        街角第1宗             T      G(㎡)      規定範圍(㎡)        帶端 t        (a)線距         (b)弦     (a)−(b)  (c) 弦兩端點之邊界歸屬
--------------------------------------------------------------------------------------------------------------------------------------------------------------------------------------------------------
0m    R1/left     628-37(1)      3.50    208.72       114.71    0.000000     6.494253     6.494240    0.000014  PQ　〔六界距離：PQ 0.000000／ALLOC(L_in) 6.473075／SIDE(截角前) 0.000014／BASELINE 33.163902／FRONT 0.000021／街廓邊界 2.684145／截角邊 0.000014〕｜PQ+ALLOC(L_in)+街廓邊界　〔六界距離：PQ 0.000000／ALLOC(L_in) 0.000000／SIDE(截角前) 6.477884／BASELINE 33.161249／FRONT 0.000021／街廓邊界 0.000000／截角邊 2.826057〕  🔴 閘未過·⛔ 本列不可據
0m    R1/left     628-37(1)      3.50    208.72       114.71   33.160155     6.819039     6.819039    0.000000  SIDE(截角前)+街廓邊界　〔六界距離：PQ 33.160155／ALLOC(L_in) 6.796816／SIDE(截角前) 0.000000／BASELINE 0.002786／FRONT 33.160177／街廓邊界 0.000000／截角邊 29.576015〕｜ALLOC(L_in)+BASELINE　〔六界距離：PQ 33.160155／ALLOC(L_in) 0.000000／SIDE(截角前) 6.801850／BASELINE 0.000000／FRONT 33.160177／街廓邊界 0.000003／截角邊 30.819820〕  🔴 閘未過·⛔ 本列不可據
0m    R1/right    628(5)         3.50    227.72       116.84    0.000000     6.846898     6.846898    0.000000  PQ+ALLOC(L_in)+街廓邊界　〔六界距離：PQ 0.000000／ALLOC(L_in) 0.000000／SIDE(截角前) 6.817429／BASELINE 33.130802／FRONT 0.000247／街廓邊界 0.000000／截角邊 3.464308〕｜PQ+SIDE(截角前)+截角邊　〔六界距離：PQ 0.000000／ALLOC(L_in) 6.824585／SIDE(截角前) 0.000000／BASELINE 33.128005／FRONT 0.000247／街廓邊界 2.293157／截角邊 0.000000〕
0m    R1/right    628(5)         3.50    227.72       116.84   33.126748     7.249345     7.249345    0.000000  ALLOC(L_in)　〔六界距離：PQ 33.126748／ALLOC(L_in) 0.000000／SIDE(截角前) 7.218144／BASELINE 0.002962／FRONT 33.126996／街廓邊界 0.002960／截角邊 30.050809〕｜SIDE(截角前)+BASELINE　〔六界距離：PQ 33.126748／ALLOC(L_in) 7.225720／SIDE(截角前) 0.000000／BASELINE 0.000000／FRONT 33.126996／街廓邊界 0.000002／截角邊 29.842903〕
0m    R2/left     628-40(1)      3.50    283.61       227.11    0.000000     8.149281     8.149131    0.000150  PQ　〔六界距離：PQ 0.000000／ALLOC(L_in) 8.128819／SIDE(截角前) 0.000150／BASELINE 44.954291／FRONT 0.000004／街廓邊界 2.511953／截角邊 0.000004〕｜PQ+ALLOC(L_in)+街廓邊界　〔六界距離：PQ 0.000000／ALLOC(L_in) 0.000000／SIDE(截角前) 8.149187／BASELINE 44.875035／FRONT 0.000004／街廓邊界 0.000000／截角邊 4.605063〕
0m    R2/left     628-40(1)      3.50    283.61       227.11   44.908054     4.756464     4.756464    0.000000  SIDE(截角前)+街廓邊界　〔六界距離：PQ 44.908054／ALLOC(L_in) 4.744608／SIDE(截角前) 0.000000／BASELINE 0.046260／FRONT 44.908058／街廓邊界 0.000000／截角邊 41.364651〕｜ALLOC(L_in)+BASELINE+街廓邊界　〔六界距離：PQ 44.908054／ALLOC(L_in) 0.000000／SIDE(截角前) 4.756409／BASELINE 0.000000／FRONT 44.908058／街廓邊界 0.000000／截角邊 41.659955〕
0m    R3/right    —              3.50         —       226.69           —            —            —           —  無 winner（強制留設抵費地）
0m    R4/left     628(1)         3.50   1521.05       135.19    0.000000    46.923430    46.921983    0.001447  PQ　〔六界距離：PQ 0.000000／ALLOC(L_in) 46.873496／SIDE(截角前) 0.001441／BASELINE 33.132759／FRONT 0.007169／街廓邊界 2.747551／截角邊 0.007169〕｜PQ+ALLOC(L_in)+街廓邊界　〔六界距離：PQ 0.000000／ALLOC(L_in) 0.000000／SIDE(截角前) 46.721405／BASELINE 33.112868／FRONT 0.007169／街廓邊界 0.000000／截角邊 43.211317〕
0m    R4/left     628(1)         3.50   1521.05       135.19   33.112232    45.347317    45.347317    0.000000  SIDE(截角前)+街廓邊界　〔六界距離：PQ 33.112232／ALLOC(L_in) 45.300457／SIDE(截角前) 0.000000／BASELINE 0.019223／FRONT 33.105063／街廓邊界 0.000000／截角邊 29.536534〕｜ALLOC(L_in)+BASELINE　〔六界距離：PQ 33.112232／ALLOC(L_in) 0.000000／SIDE(截角前) 45.152078／BASELINE 0.000000／FRONT 33.105063／街廓邊界 0.000009／截角邊 55.638562〕
0m    R4/right    628-1(1)       3.50    457.76       137.00    0.000000    14.847968    14.847949    0.000019  PQ+ALLOC(L_in)+街廓邊界　〔六界距離：PQ 0.000000／ALLOC(L_in) 0.000000／SIDE(截角前) 14.847811／BASELINE 33.103001／FRONT 0.013039／街廓邊界 0.000000／截角邊 11.304025〕｜PQ　〔六界距離：PQ 0.000000／ALLOC(L_in) 14.832605／SIDE(截角前) 0.000019／BASELINE 33.096707／FRONT 0.013039／街廓邊界 2.510218／截角邊 0.013039〕
0m    R4/right    628-1(1)       3.50    457.76       137.00   33.096774    13.190250    13.190250    0.000000  ALLOC(L_in)　〔六界距離：PQ 33.096774／ALLOC(L_in) 0.000000／SIDE(截角前) 13.190111／BASELINE 0.005591／FRONT 33.083735／街廓邊界 0.005599／截角邊 32.420527〕｜SIDE(截角前)+BASELINE　〔六界距離：PQ 33.096774／ALLOC(L_in) 13.176620／SIDE(截角前) 0.000000／BASELINE 0.000000／FRONT 33.083735／街廓邊界 0.000007／截角邊 29.555518〕
0m    R5/left     628-7(2)       3.50    233.57       217.97    0.000000     7.146596     7.146596    0.000000  PQ+SIDE(截角前)+FRONT+截角邊　〔六界距離：PQ 0.000000／ALLOC(L_in) 7.116107／SIDE(截角前) 0.000000／BASELINE 43.510383／FRONT 0.000000／街廓邊界 2.457221／截角邊 0.000000〕｜PQ+ALLOC(L_in)+FRONT+街廓邊界　〔六界距離：PQ 0.000000／ALLOC(L_in) 0.000000／SIDE(截角前) 7.145567／BASELINE 43.848740／FRONT 0.000000／街廓邊界 0.000000／截角邊 3.683304〕
0m    R5/left     628-7(2)       3.50    233.57       217.97   43.524216     3.852038     3.852038   -0.000000  SIDE(截角前)+BASELINE+街廓邊界　〔六界距離：PQ 43.524216／ALLOC(L_in) 3.835604／SIDE(截角前) 0.000000／BASELINE 0.000000／FRONT 43.524216／街廓邊界 0.000000／截角邊 39.982452〕｜ALLOC(L_in)　〔六界距離：PQ 43.524216／ALLOC(L_in) 0.000000／SIDE(截角前) 3.851483／BASELINE 0.182375／FRONT 43.524216／街廓邊界 0.182375／截角邊 40.102459〕
0m    R6/right    628-18(1)      3.50    307.78       145.88    0.000000     7.221163     7.221163   -0.000000  PQ+ALLOC(L_in)+街廓邊界　〔六界距離：PQ 0.000000／ALLOC(L_in) 0.000000／SIDE(截角前) 7.197809／BASELINE 43.722776／FRONT 0.000005／街廓邊界 0.000000／截角邊 3.819659〕｜PQ+SIDE(截角前)+截角邊　〔六界距離：PQ 0.000000／ALLOC(L_in) 7.197809／SIDE(截角前) 0.000000／BASELINE 43.361469／FRONT 0.000005／街廓邊界 2.306557／截角邊 0.000000〕
0m    R6/right    628-18(1)      3.50    307.78       145.88   43.241201     7.221165     7.221165    0.000000  ALLOC(L_in)　〔六界距離：PQ 43.241201／ALLOC(L_in) 0.000000／SIDE(截角前) 7.197811／BASELINE 0.361308／FRONT 43.241207／街廓邊界 0.361307／截角邊 40.051793〕｜SIDE(截角前)+BASELINE+街廓邊界　〔六界距離：PQ 43.241201／ALLOC(L_in) 7.197811／SIDE(截角前) 0.000000／BASELINE 0.000000／FRONT 43.241207／街廓邊界 0.000000／截角邊 39.980009〕
3.5m  R1/left     628-36(1)      7.00    576.44       230.81    0.000000    17.584578    17.584578    0.000000  PQ+SIDE(截角前)+截角邊　〔六界距離：PQ 0.000000／ALLOC(L_in) 17.527272／SIDE(截角前) 0.000000／BASELINE 33.163868／FRONT 0.000055／街廓邊界 2.684131／截角邊 0.000000〕｜PQ+ALLOC(L_in)+街廓邊界　〔六界距離：PQ 0.000000／ALLOC(L_in) 0.000000／SIDE(截角前) 17.540254／BASELINE 33.156684／FRONT 0.000055／街廓邊界 0.000000／截角邊 13.916384〕
3.5m  R1/left     628-36(1)      7.00    576.44       230.81   33.155591    17.909319    17.909319    0.000000  SIDE(截角前)+街廓邊界　〔六界距離：PQ 33.155591／ALLOC(L_in) 17.850954／SIDE(截角前) 0.000000／BASELINE 0.007317／FRONT 33.155646／街廓邊界 0.000000／截角邊 29.571473〕｜ALLOC(L_in)+BASELINE　〔六界距離：PQ 33.155591／ALLOC(L_in) 0.000000／SIDE(截角前) 17.864176／BASELINE 0.000000／FRONT 33.155646／街廓邊界 0.000002／截角邊 35.642311〕
3.5m  R1/right    628(5)         7.00    227.72       232.79    0.000000     6.847031     6.847031   -0.000000  PQ+ALLOC(L_in)+街廓邊界　〔六界距離：PQ 0.000000／ALLOC(L_in) 0.000000／SIDE(截角前) 6.817562／BASELINE 33.130802／FRONT 0.000247／街廓邊界 0.000000／截角邊 3.464441〕｜PQ+SIDE(截角前)+截角邊　〔六界距離：PQ 0.000000／ALLOC(L_in) 6.824717／SIDE(截角前) 0.000000／BASELINE 33.128005／FRONT 0.000247／街廓邊界 2.293157／截角邊 0.000000〕
3.5m  R1/right    628(5)         7.00    227.72       232.79   33.126748     7.249478     7.249478    0.000000  ALLOC(L_in)　〔六界距離：PQ 33.126748／ALLOC(L_in) 0.000000／SIDE(截角前) 7.218277／BASELINE 0.002962／FRONT 33.126996／街廓邊界 0.002960／截角邊 30.050829〕｜SIDE(截角前)+BASELINE　〔六界距離：PQ 33.126748／ALLOC(L_in) 7.225853／SIDE(截角前) 0.000000／BASELINE 0.000000／FRONT 33.126996／街廓邊界 0.000002／截角邊 29.842903〕
3.5m  R2/left     —              7.00         —       384.15           —            —            —           —  無 winner（強制留設抵費地）
3.5m  R3/right    —              7.00         —       383.67           —            —            —           —  無 winner（強制留設抵費地）
3.5m  R4/left     628(1)         7.00   1521.05       251.12    0.000000    46.923430    46.921983    0.001447  PQ　〔六界距離：PQ 0.000000／ALLOC(L_in) 46.873496／SIDE(截角前) 0.001441／BASELINE 33.132759／FRONT 0.007169／街廓邊界 2.747551／截角邊 0.007169〕｜PQ+ALLOC(L_in)+街廓邊界　〔六界距離：PQ 0.000000／ALLOC(L_in) 0.000000／SIDE(截角前) 46.721405／BASELINE 33.112868／FRONT 0.007169／街廓邊界 0.000000／截角邊 43.211317〕
3.5m  R4/left     628(1)         7.00   1521.05       251.12   33.112232    45.347317    45.347317    0.000000  SIDE(截角前)+街廓邊界　〔六界距離：PQ 33.112232／ALLOC(L_in) 45.300457／SIDE(截角前) 0.000000／BASELINE 0.019223／FRONT 33.105063／街廓邊界 0.000000／截角邊 29.536534〕｜ALLOC(L_in)+BASELINE　〔六界距離：PQ 33.112232／ALLOC(L_in) 0.000000／SIDE(截角前) 45.152078／BASELINE 0.000000／FRONT 33.105063／街廓邊界 0.000009／截角邊 55.638562〕
3.5m  R4/right    628-1(1)       7.00    457.76       252.86    0.000000    14.847968    14.847949    0.000019  PQ+ALLOC(L_in)+街廓邊界　〔六界距離：PQ 0.000000／ALLOC(L_in) 0.000000／SIDE(截角前) 14.847811／BASELINE 33.103001／FRONT 0.013039／街廓邊界 0.000000／截角邊 11.304025〕｜PQ　〔六界距離：PQ 0.000000／ALLOC(L_in) 14.832605／SIDE(截角前) 0.000019／BASELINE 33.096707／FRONT 0.013039／街廓邊界 2.510218／截角邊 0.013039〕
3.5m  R4/right    628-1(1)       7.00    457.76       252.86   33.096774    13.190250    13.190250    0.000000  ALLOC(L_in)　〔六界距離：PQ 33.096774／ALLOC(L_in) 0.000000／SIDE(截角前) 13.190111／BASELINE 0.005591／FRONT 33.083735／街廓邊界 0.005599／截角邊 32.420527〕｜SIDE(截角前)+BASELINE　〔六界距離：PQ 33.096774／ALLOC(L_in) 13.176620／SIDE(截角前) 0.000000／BASELINE 0.000000／FRONT 33.083735／街廓邊界 0.000007／截角邊 29.555518〕
3.5m  R5/left     —              7.00         —       371.17           —            —            —           —  無 winner（強制留設抵費地）
3.5m  R6/right    628-18(1)      7.00    307.78       298.14    0.000000     7.221163     7.221163   -0.000000  PQ+ALLOC(L_in)+街廓邊界　〔六界距離：PQ 0.000000／ALLOC(L_in) 0.000000／SIDE(截角前) 7.197809／BASELINE 43.722776／FRONT 0.000005／街廓邊界 0.000000／截角邊 3.819659〕｜PQ+SIDE(截角前)+截角邊　〔六界距離：PQ 0.000000／ALLOC(L_in) 7.197809／SIDE(截角前) 0.000000／BASELINE 43.361469／FRONT 0.000005／街廓邊界 2.306557／截角邊 0.000000〕
3.5m  R6/right    628-18(1)      7.00    307.78       298.14   43.241201     7.221165     7.221165    0.000000  ALLOC(L_in)　〔六界距離：PQ 43.241201／ALLOC(L_in) 0.000000／SIDE(截角前) 7.197811／BASELINE 0.361308／FRONT 43.241207／街廓邊界 0.361307／截角邊 40.051793〕｜SIDE(截角前)+BASELINE+街廓邊界　〔六界距離：PQ 43.241201／ALLOC(L_in) 7.197811／SIDE(截角前) 0.000000／BASELINE 0.000000／FRONT 43.241207／街廓邊界 0.000000／截角邊 39.980009〕
--------------------------------------------------------------------------------------------------------------------------------------------------------------------------------------------------------

【C】§二 判準（⛔ **只陳述、不裁定**）
--------------------------------------------------------------------------------------------------------------------------------------------------------------------------------------------------------
  `3.5m R1/right`：min(a) 線距 ＝ **6.847031**／min(b) 弦 ＝ **6.847031**／T ＝ 7.00
  ⇒ **(a) 亦 < T**（6.847031 < 7.00）⇒ 假說**不成立**（(b) 未被削·非「保證的量 ≠ 量到的量」）。
  ⛔ **不得推論「構造保證本身未達 T」**——自檢①／①′ 之 ALLOC 線由**構造解 `t_star`** 生成，(a) 用 **winner 實配之 `L_in`**（docstring §一）⇒ **二者非同一條線·保證未涵蓋 (a)**。
  ── 收支表（平行平移 ⇒ Δ寬 × 深度 應 ＝ 規定範圍 − 實配 G）──
     Δ寬 ＝ T − min(a) ＝ 0.152969　深度(帶底 t) ＝ 33.126748　⇒ Δ寬 × 深度 ＝ 5.0674
     規定範圍 232.79 − 實配 G 227.72 ＝ 5.0731　⇒ **殘差 -0.0057**（G 為 2dp ⇒ 捨入帶 ±0.01）
     ⇒ 若殘差落在捨入帶內：**寬不足與面積不足係同一事之兩種量法**·⛔ 非兩個獨立缺陷。

【E】S6-2-B §一：資格閘之**真運算元**（⛔ 皆自生產呼叫點取值·未重算）
--------------------------------------------------------------------------------------------------------------------------------------------------------------------------------------------------------
  🔒 **閘 `app.py:11255` 實際比的是**（**正面指名**）：
       左 ＝ `cand_G`  ——  本案 `require_g_map=True`（`app.py:18026` 之呼叫端）
                          ⇒ `cand_G = float(g_values_map[_pid] or 0)`（`app.py:11238`）
       右 ＝ `cand.get('min_area_to_apply', 0)`（`app.py:11255`）
                          ⇒ 其值來自呼叫端之 `min_corner_area_p1/p2`（`app.py:18023`／`:18024`）
  🔒 `cand['_G_true'] = round(cand_G, 2)`（`app.py:11252`）⇒ **② 即 ① 之 2dp**（⛔ 非另一個量）
  🔒 `cand['G_for_threshold'] = round(G_estimated, 2)`（`app.py:11254`）⇒ **④ 係估算欄·⛔ 不參與本閘**
--------------------------------------------------------------------------------------------------------------------------------------------------------------------------------------------------------
情境    街廓   端    候選                  ②真G       ④G估       ⑤門檻      ⑥範圍面積     ⑦探針rng  ⑧g_rows G      範圍=門檻?    達標  ①cand_G
--------------------------------------------------------------------------------------------------------------------------------------------------------------------------------------------------------
0m    R4   左    628(1)          1544.01   1445.70    135.19     135.19     135.19    1521.05           ✅    達標  ＝②之未捨入值（`_G_true` ＝ `round(cand_G,2)`）
0m    R4   右    628-1(1)         477.62    452.37    137.00     137.00     137.00     457.76           ✅    達標  ＝②之未捨入值（`_G_true` ＝ `round(cand_G,2)`）
0m    R6   右    628-18(1)        325.16    329.40    145.88     145.88     145.88     307.78           ✅    達標  ＝②之未捨入值（`_G_true` ＝ `round(cand_G,2)`）
0m    R6   右    628-38(1)        120.55    121.82    145.88     145.88     145.88     117.74           ✅   未達標  ＝②之未捨入值（`_G_true` ＝ `round(cand_G,2)`）
0m    R5   左    628-7(2)         247.96    260.24    217.97     217.97     217.97     233.57           ✅    達標  ＝②之未捨入值（`_G_true` ＝ `round(cand_G,2)`）
0m    R5   左    628-18(2)        215.86    227.94    217.97     217.97     217.97     212.41           ✅   未達標  ＝②之未捨入值（`_G_true` ＝ `round(cand_G,2)`）
0m    R5   左    628-53(2)          0.65      2.15    217.97     217.97     217.97       1.54           ✅   未達標  ＝②之未捨入值（`_G_true` ＝ `round(cand_G,2)`）
0m    R5   左    628-45(1)         49.62     55.44    217.97     217.97     217.97      52.04           ✅   未達標  ＝②之未捨入值（`_G_true` ＝ `round(cand_G,2)`）
0m    R2   左    628-40(1)        300.40    304.85    227.11     227.11     227.11     283.61           ✅    達標  ＝②之未捨入值（`_G_true` ＝ `round(cand_G,2)`）
0m    R2   左    628-42(1)          3.45      5.42    227.11     227.11     227.11       4.76           ✅   未達標  ＝②之未捨入值（`_G_true` ＝ `round(cand_G,2)`）
0m    R2   左    628-41(1)        185.21    189.76    227.11     227.11     227.11     182.99           ✅   未達標  ＝②之未捨入值（`_G_true` ＝ `round(cand_G,2)`）
0m    R2   左    628-27(1)         27.28     30.96    227.11     227.11     227.11      29.57           ✅   未達標  ＝②之未捨入值（`_G_true` ＝ `round(cand_G,2)`）
0m    R3   右    628-42(2)         88.36     91.06    226.69     226.69     226.69      85.20           ✅   未達標  ＝②之未捨入值（`_G_true` ＝ `round(cand_G,2)`）
0m    R3   右    628-45(2)        209.06    215.24    226.69     226.69     226.69     203.68           ✅   未達標  ＝②之未捨入值（`_G_true` ＝ `round(cand_G,2)`）
0m    R3   右    628-27(2)         26.85     28.20    226.69     226.69     226.69      26.01           ✅   未達標  ＝②之未捨入值（`_G_true` ＝ `round(cand_G,2)`）
0m    R3   右    628-28(1)         65.61     68.27    226.69     226.69     226.69      63.60           ✅   未達標  ＝②之未捨入值（`_G_true` ＝ `round(cand_G,2)`）
0m    R1   左    628-37(1)        220.23    210.29    114.71     114.71     114.71     208.72           ✅    達標  ＝②之未捨入值（`_G_true` ＝ `round(cand_G,2)`）
0m    R1   左    628-36(1)        598.50    564.92    114.71     114.71     114.71     596.26           ✅    達標  ＝②之未捨入值（`_G_true` ＝ `round(cand_G,2)`）
0m    R1   左    628-35(2)        607.16    620.09    114.71     114.71     114.71     600.21           ✅    達標  ＝②之未捨入值（`_G_true` ＝ `round(cand_G,2)`）
0m    R1   右    628(5)           240.57    228.38    116.84     116.84     116.84     227.72           ✅    達標  ＝②之未捨入值（`_G_true` ＝ `round(cand_G,2)`）
3.5m  R4   左    628(1)          1544.01   1445.70    251.12     251.12     251.12    1521.05           ✅    達標  ＝②之未捨入值（`_G_true` ＝ `round(cand_G,2)`）
3.5m  R4   右    628-1(1)         477.62    452.37    252.86     252.86     252.86     457.76           ✅    達標  ＝②之未捨入值（`_G_true` ＝ `round(cand_G,2)`）
3.5m  R6   右    628-18(1)        325.16    329.40    298.14     298.14     298.14     307.78           ✅    達標  ＝②之未捨入值（`_G_true` ＝ `round(cand_G,2)`）
3.5m  R6   右    628-38(1)        120.55    121.82    298.14     298.14     298.14     117.74           ✅   未達標  ＝②之未捨入值（`_G_true` ＝ `round(cand_G,2)`）
3.5m  R5   左    628-7(2)         247.96    260.24    371.17     371.17     371.17     250.90           ✅   未達標  ＝②之未捨入值（`_G_true` ＝ `round(cand_G,2)`）
3.5m  R5   左    628-18(2)        215.86    227.94    371.17     371.17     371.17     214.02           ✅   未達標  ＝②之未捨入值（`_G_true` ＝ `round(cand_G,2)`）
3.5m  R5   左    628-53(2)          0.65      2.15    371.17     371.17     371.17       1.55           ✅   未達標  ＝②之未捨入值（`_G_true` ＝ `round(cand_G,2)`）
3.5m  R5   左    628-45(1)         49.62     55.44    371.17     371.17     371.17      52.42           ✅   未達標  ＝②之未捨入值（`_G_true` ＝ `round(cand_G,2)`）
3.5m  R2   左    628-42(1)          3.45      5.42    384.15     384.15     384.15       4.78           ✅   未達標  ＝②之未捨入值（`_G_true` ＝ `round(cand_G,2)`）
3.5m  R2   左    628-41(1)        185.21    189.76    384.15     384.15     384.15     183.96           ✅   未達標  ＝②之未捨入值（`_G_true` ＝ `round(cand_G,2)`）
3.5m  R2   左    628-40(1)        300.40    304.85    384.15     384.15     384.15     301.89           ✅   未達標  ＝②之未捨入值（`_G_true` ＝ `round(cand_G,2)`）
3.5m  R2   左    628-27(1)         27.28     30.96    384.15     384.15     384.15      29.73           ✅   未達標  ＝②之未捨入值（`_G_true` ＝ `round(cand_G,2)`）
3.5m  R3   右    628-42(2)         88.36     91.06    383.67     383.67     383.67      85.92           ✅   未達標  ＝②之未捨入值（`_G_true` ＝ `round(cand_G,2)`）
3.5m  R3   右    628-45(2)        209.06    215.24    383.67     383.67     383.67     205.32           ✅   未達標  ＝②之未捨入值（`_G_true` ＝ `round(cand_G,2)`）
3.5m  R3   右    628-27(2)         26.85     28.20    383.67     383.67     383.67      26.20           ✅   未達標  ＝②之未捨入值（`_G_true` ＝ `round(cand_G,2)`）
3.5m  R3   右    628-28(1)         65.61     68.27    383.67     383.67     383.67      64.16           ✅   未達標  ＝②之未捨入值（`_G_true` ＝ `round(cand_G,2)`）
3.5m  R3   右    628-29(1)         65.61     68.47    383.67     383.67     383.67      65.64           ✅   未達標  ＝②之未捨入值（`_G_true` ＝ `round(cand_G,2)`）
3.5m  R1   左    628-36(1)        598.50    564.92    230.81     230.81     230.81     576.44           ✅    達標  ＝②之未捨入值（`_G_true` ＝ `round(cand_G,2)`）
3.5m  R1   左    628-35(2)        607.16    620.09    230.81     230.81     230.81     612.64           ✅    達標  ＝②之未捨入值（`_G_true` ＝ `round(cand_G,2)`）
3.5m  R1   左    628-37(1)        220.23    210.29    230.81     230.81     230.81     216.35           ✅   未達標  ＝②之未捨入值（`_G_true` ＝ `round(cand_G,2)`）
3.5m  R1   右    628(5)           240.57    228.38    232.79     232.79     232.79     227.72           ✅    達標  ＝②之未捨入值（`_G_true` ＝ `round(cand_G,2)`）
--------------------------------------------------------------------------------------------------------------------------------------------------------------------------------------------------------
  ⚠️ **① `cand_G` 之未捨入值不另印**——碼面**只把它捨入後存為 `_G_true`**（`app.py:11252`），⛔ 未另存未捨入者 ⇒ 自生產取值只能取到 2dp。
     ⇒ 判 `① ≥ ⑤` 時，若二者差 < 0.005 則 2dp 不足以定奪；本表逐格之差見下。

【F】S6-2-B §二 判準（⛔ 只陳述·不裁定·**兩分支對等**）
--------------------------------------------------------------------------------------------------------------------------------------------------------------------------------------------------------
  `3.5m R1/right 628(5)`：② 真G ＝ **240.57**／⑤ 門檻 ＝ **232.79**／差 ＝ **+7.78**｜達標欄 ＝ **達標**
  ⇒ **分支 A 成立**：① ≥ ⑤ ⇒ 它**合法通過**資格閘
     ⇒ 🔧 **「面積也不足」之說不成立·前批之 🔴 發現撤回**；
     ⇒ **此時寬度不足之成因仍未明** ⇒ 回報並停。
  ⇒ **分支 B（① < ⑤ 而仍為 winner ⇒ 閘被繞過）：未觸發。**
  **⑤ vs ⑥ 之 `|差| > 0.5`（碼面 `app.py:18054` 之診斷容差）**：**0** 格
      （無）⇒ ⑤ 與 ⑥ 於全部診斷列皆在容差內。

【D】註記
  · ⛔ 零碼面·不接 `run_all`·**未寫任何判定碼**（K-9-5-3 經 KL 令暫停適用）。
  · (a) 之求交路徑**逐字沿用** `_build_corner_range_v3` 自檢①′；差別僅在 ALLOC 線之來源（自檢①′ 用構造解 `t*`；本檔用 winner 實配之 `L_in`）。
  · (c) 為**正面列舉**（PQ／ALLOC(L_in)／SIDE(截角前)／BASELINE／FRONT／街廓邊界／截角邊），⛔ 無「其他」；六界皆不在容差內者**逐界印出距離**。
