====================================================================================================
【W-G.9-172 M-B-1／M-B-3】步驟 0 八群逐成員面積 ＋ `_rank_by_tpid` 之 `inf` 現查
====================================================================================================
  HEAD = fcad7fdd4986ad4b2e80fb3033ed72f824ec91ea ／ app.py blob = 68f7bfab610ec78688b9d7322ae4bc2aac74493e
  temp_parcels = 114 ／ build_parcels = 49
  `k6_merge_groups` 呼叫 = 4 次 ／ `_projection_order` 攔得 = 8 次
  `k6_merge_groups` 回傳之元素型別 = ['int'] ／ 非單元素群之群大小 = [2, 2, 3, 2, 3, 3, 2, 3]

── `M-B-1`　八群逐成員之 `幾何面積_m2`（實值·⛔ 未捨入）──
   #    現行命名             逐成員（暫編地號 原地號 面積）                           Σ幾何面積        投影序首員      依面積最大
   1    628-40(1)+       628-40(1)(628-40)513.34 / 628-43(1)(628-43 513.7900     628-40(1)  628-40(1)
   2    628-30(3)+       628-30(3)(628-30)783.06 / 628-45(2)(628-45 1145.2600    628-30(3)  628-30(3)
   3    628-47(1)+       628-47(1)(628-47)246.50 / 628-48(1)(628-48 628.9200     628-47(1)  628-47(1)
   4    628-29(1)+       628-29(1)(628-29)114.65 / 628-28(1)(628-28 228.9500     628-29(1)  628-29(1)
   5    628-21(2)+       628-22(2)(628-22)891.37 / 628-21(2)(628-21 2428.3100    628-21(2)  628-22(2)
   6    628-45(1)+       628-20(2)(628-20)516.46 / 628-45(1)(628-45 636.1000     628-45(1)  628-20(2)
   7    628(2)+          628-1(2)(628-1)228.69 / 628(2)(628)11.53   240.2200     628(2)     628-1(2)
   8    628-23(1)+       628-21(1)(628-21)352.41 / 628-22(1)(628-22 725.4500     628-23(1)  628-21(1)

   [R2] 628-40(1)+ ⇒ 逐成員全精度：628-40(1)=513.340000000  628-43(1)=0.450000000
   [R3] 628-30(3)+ ⇒ 逐成員全精度：628-30(3)=783.060000000  628-45(2)=362.200000000
   [R3] 628-47(1)+ ⇒ 逐成員全精度：628-47(1)=246.500000000  628-48(1)=246.480000000  628-49(2)=135.940000000
   [R3] 628-29(1)+ ⇒ 逐成員全精度：628-29(1)=114.650000000  628-28(1)=114.300000000
   [R5] 628-21(2)+ ⇒ 逐成員全精度：628-22(2)=891.370000000  628-21(2)=809.720000000  628-23(2)=727.220000000
   [R5] 628-45(1)+ ⇒ 逐成員全精度：628-20(2)=516.460000000  628-45(1)=92.660000000  628-30(1)=26.980000000
   [R6] 628(2)+ ⇒ 逐成員全精度：628-1(2)=228.690000000  628(2)=11.530000000
   [R6] 628-23(1)+ ⇒ 逐成員全精度：628-21(1)=352.410000000  628-22(1)=254.180000000  628-23(1)=118.860000000

── `裁 B` 之脆弱性清冊：top-2 面積差 < 1 ㎡ 之群 ──
   🔴 [R3] 628-47(1)+：top1 628-47(1) = 246.500000000 ／ top2 628-48(1) = 246.480000000 ／ **差 = 0.020000000**
   🔴 [R3] 628-29(1)+：top1 628-29(1) = 114.650000000 ／ top2 628-28(1) = 114.300000000 ／ **差 = 0.350000000**

── 命名之異同（現行＝投影序首員 vs `裁 B`＝面積最大）──
   [R2] 現行 628-40(1)      ／ 裁B 628-40(1)      ⇒ 不變
   [R3] 現行 628-30(3)      ／ 裁B 628-30(3)      ⇒ 不變
   [R3] 現行 628-47(1)      ／ 裁B 628-47(1)      ⇒ 不變
   [R3] 現行 628-29(1)      ／ 裁B 628-29(1)      ⇒ 不變
   [R5] 現行 628-21(2)      ／ 裁B 628-22(2)      ⇒ 🔴 改名
   [R5] 現行 628-45(1)      ／ 裁B 628-20(2)      ⇒ 🔴 改名
   [R6] 現行 628(2)         ／ 裁B 628-1(2)       ⇒ 🔴 改名
   [R6] 現行 628-23(1)      ／ 裁B 628-21(1)      ⇒ 🔴 改名
   ⇒ 改名者 = **4** 群 ／ 不變 = 4 群

── `M-B-3`　`_rank_by_tpid` 之靜默退路（`float('inf')`）現查 ──
   情境 0m   ：`_rank_by_tpid` 母體 = 6 街廓／落 `inf` 之宗 = **0** 
   情境 3.5m ：`_rank_by_tpid` 母體 = 6 街廓／落 `inf` 之宗 = **0** 
   ⇒ 二情境合計落 `inf` = **0** 宗
   🔒 判別力對照：人造一個不在 rank 內之鍵 ⇒ `.get(..., float('inf'))` 得 inf

  證據檔：verify/out/WG9172_step0_68f7bfab.json
