================================================================================================================================================================================
【W-G.9-47】`K-9-12` 矩形容納測試（⛔ 零生產碼）
================================================================================================================================================================================
  產生於 commit：2340d40
  🔴 ⛔ 不旋轉（KL 裁）：W 沿 FRONTLINE 方向、D 沿其法向 ＝ `st_frame` 之 (s,t) 框
  🔴 ⛔ W／D 一律由 `get_min_lot_size` 取得（⛔ 無字面量 3.5／14）

【C-4】判別力自檢（⛔ 兩方向各一·附實際輸出）
--------------------------------------------------------------------------------------------------------------------------------------------------------------------------------
  項                 矩形    現行寬         侵蝕面積     帶內min寬    期矩形    期寬  判　說明
  ①寬足深不足            不進      過     0.000000    20.0000     不進     過  ✅　20×6：寬 20 ≥ 3 ⇒ 寬過；深 6 < 10 ⇒ 矩形不進
  ②前窄後寬              進     不過     1.500000     1.5000      進    不過  ✅　前緣寬 1.5 < 3 ⇒ 寬不過；深處足寬足深 ⇒ 矩形進
  ③恰為 W×D            進      過     0.000000     3.0000      進     過  ✅　恰好等大 ⇒ 侵蝕退化為單點（面積 0）⇒ **本檔採閉區域** ⇒ 判可容納
  ④略小於 W×D          不進     不過     0.000000     3.0000     不進    不過  ✅　寬少 1e-6 ⇒ 矩形不進、現行寬亦不過（⇒ ③ 之「進」非恆真）
  🔒 **雙向不等價已坐實**：① 現行寬度判準**過**而矩形**不進**；② 現行寬度判準**不過**而矩形**進** ⇒ 二判準**互不蘊含**。
  🔒 **邊界之開閉（⛔ 本檔明訂·非正典·⛔ 已與碼同步）**：判準 ＝ **侵蝕結果非空**（`not is_empty`），⛔ **非面積門檻**。
     ③ 恰為 `W×D` ⇒ 侵蝕退化為**單點**（面積 0）而**非空** ⇒ 判**可容納**（閉區域）；
     ④ 寬少 `1e-6` ⇒ 侵蝕**空** ⇒ 判**不可容納** ⇒ ③ 之「進」**非恆真**。
     🩸 **首版碼用 `面積 > 1e-9` 而敘述寫「閉區域」⇒ 碼與敘述互相牴觸**，由自檢 ③ 抓出並已改碼（⛔ 非改敘述遷就碼）。
  ⚠️ **⛔ 未以非凸形狀自檢**——本案宗地皆凸（見【C-0】逐宗現查），以合成凹形自檢不具本案之輸入形狀（考古 85 修法 1）⇒ 改以**凸梯形**達成同一二分。
  ⇒ 自檢：PASS

================================================================================================================================================================================
【C-0】`W`／`D` 之來源（⛔ 逐街廓印出·⛔ 無字面量）
================================================================================================================================================================================
  R1：分區 `住宅區`　正面路寬 12.00 m　⇒ W ＝ 3.5　D ＝ 14.0　min_area ＝ 49.0　table_key ＝ `住宅區`
  R3：分區 `住宅區`　正面路寬 8.00 m　⇒ W ＝ 3.5　D ＝ 14.0　min_area ＝ 49.0　table_key ＝ `住宅區`
  R6：分區 `住宅區`　正面路寬 8.00 m　⇒ W ＝ 3.5　D ＝ 14.0　min_area ＝ 49.0　table_key ＝ `住宅區`

【C-5】「應留設騎樓」之資料源現查（`K-9-12` 之 W／D 繫於此）
--------------------------------------------------------------------------------------------------------------------------------------------------------------------------------
  快照 `blocks` 之欄位全集（13 個）中含「騎樓／arcade」者 ＝ **0**
  `HUALIEN_MIN_LOT_TABLE` 之鍵：['丁種建築用地', '丙種建築用地', '乙種建築用地', '住宅區', '其他', '商業區', '工業區', '甲種建築用地', '風景區']
  🛑 ⇒ **資料源不存在** ⇒ 本案各街廓**是否應留設騎樓 ＝ 「無從判定」**
     ⛔ **不假設為無**（`W-G.9-47` §C-5 明令）。⇒ 上開 `W`／`D` 係**第一款（一般建築基地）**之值；
     若任一街廓實應留設騎樓，其 `W` 應為 **7.10**（短少 3.60 m）⇒ 見 `GB-73`。

================================================================================================================================================================================
【C-1】矩形容納測試 ＋【C-2】面積先分流 ＋【C-3】新舊判準對照
================================================================================================================================================================================
  街廓   側     暫編地號                 面積㎡     W      D     W×D   凸?    矩形        侵蝕面積 t₀=t_lo  t₀=0       現行寬     現行判    分歧
  R1   left  628-37(1)         208.16  3.50  14.00   49.00    凸     進   34.684813      不進    不進    2.8114     不合格   🔴 是
  R1   left  628-35(2)         599.91  3.50  14.00   49.00    凸     進  259.157372       進    不進   17.9308      合格     否
  R1   right 628(5)            227.73  3.50  14.00   49.00    凸     進   37.829643      不進    不進    3.6659      合格     否
  R1   right 628-34(3)          86.00  3.50  14.00   49.00    凸    不進    0.000000      不進    不進    2.3944     不合格     否
  R1   right 628-36(1)         596.26  3.50  14.00   49.00    凸     進  255.667761       進    不進   17.9950      合格     否
  R6   left  628(2)              7.38  3.50  14.00   49.00   — **面積 < W×D ⇒ 算術上必不容納**（⛔ 未量形狀·⛔ 不併入計數）
  R6   left  628-1(2)          145.82  3.50  14.00   49.00    凸    不進    0.000000      不進    不進    3.0737     不合格     否
  R6   left  628-23(1)          71.03  3.50  14.00   49.00    凸    不進    0.000000      不進    不進    1.5010     不合格     否
  R6   left  628-4(1)          692.05  3.50  14.00   49.00    凸     進  332.579744       進    不進   14.7492      合格     否
  R6   left  628-22(1)         152.21  3.50  14.00   49.00    凸    不進    0.000000      不進    不進    3.2754     不合格     否
  R6   left  628-21(1)         210.48  3.50  14.00   49.00    凸    不進    0.000000      不進    不進    4.5484      合格   🔴 是
  R6   right 628-18(1)         307.79  3.50  14.00   49.00    凸     進   70.680473      不進    不進    3.8197      合格     否
  R6   right 628-53(1)           0.26  3.50  14.00   49.00   — **面積 < W×D ⇒ 算術上必不容納**（⛔ 未量形狀·⛔ 不併入計數）
  R6   right 628-38(1)         117.73  3.50  14.00   49.00    凸    不進    0.000000      不進    不進    2.6960     不合格     否
  R6   right 628-7(1)          302.94  3.50  14.00   49.00    凸     進   67.775648       進    不進    6.8993      合格     否
  R6   right 628-20(1)         339.91  3.50  14.00   49.00    凸     進   92.124216       進    不進    7.6779      合格     否
  R3   left  628(4)             44.89  3.50  14.00   49.00   — **面積 < W×D ⇒ 算術上必不容納**（⛔ 未量形狀·⛔ 不併入計數）
  R3   left  628-34(2)         250.25  3.50  14.00   49.00    凸     進   27.366415       進    不進    5.7169      合格     否
  R3   left  628-47(1)         143.38  3.50  14.00   49.00    凸    不進    0.000000      不進    不進    3.2715     不合格     否
  R3   left  628-46(1)          72.77  3.50  14.00   49.00    凸    不進    0.000000      不進    不進    1.6593     不合格     否
  R3   left  628-48(1)         143.40  3.50  14.00   49.00    凸    不進    0.000000      不進    不進    3.2674     不合格     否
  R3   left  628-49(2)          79.05  3.50  14.00   49.00    凸    不進    0.000000      不進    不進    1.8001     不合格     否
  R3   left  628-32(3)         421.41  3.50  14.00   49.00    凸     進  143.364684       進    不進    9.5806      合格     否
  R3   right 628-45(2)         189.54  3.50  14.00   49.00    凸     進   17.448447      不進    不進    0.7970     不合格   🔴 是
  R3   right 628-42(2)          87.90  3.50  14.00   49.00    凸    不進    0.000000      不進    不進    0.2651     不合格     否
  R3   right 628-27(2)          25.94  3.50  14.00   49.00   — **面積 < W×D ⇒ 算術上必不容納**（⛔ 未量形狀·⛔ 不併入計數）
  R3   right 628-28(1)          63.52  3.50  14.00   49.00    凸    不進    0.000000      不進    不進    1.4186     不合格     否
  R3   right 628-29(1)          63.72  3.50  14.00   49.00    凸    不進    0.000000      不進    不進    1.4234     不合格     否
  R3   right 628-30(3)         445.03  3.50  14.00   49.00    凸     進  158.311111       進    不進    9.9572      合格     否
  R3   right 628-31(3)         380.81  3.50  14.00   49.00    凸     進  114.464085       進    不進    8.5417      合格     否
--------------------------------------------------------------------------------------------------------------------------------------------------------------------------------
  【C-2】面積 < W×D 而先分流者 ＝ **4** 宗（⛔ 不併入形狀測試之計數）
      R6/628(2)　面積 7.38 < W×D 49.00
      R6/628-53(1)　面積 0.26 < W×D 49.00
      R3/628(4)　面積 44.89 < W×D 49.00
      R3/628-27(2)　面積 25.94 < W×D 49.00
  非凸而⛔ 未出數者 ＝ **0** 宗
      🔒 **凸性之現查結論**：進入形狀測試之宗**全部為凸**（判準 `|area − convex_hull.area| ≤ 1e-09`）
      ⇒ 「四角皆在宗內 ⇒ 整個矩形在宗內」成立（矩形 ＝ 其四角之凸包）
      ⇒ 侵蝕法之正確性**有據**（⛔ 非假設）。
  形狀測試之母體 ＝ **26** 宗；其中矩形**可容納** ＝ **13** 宗

  🔴 **【C-1b】敏感度（⛔ 兩項皆須為空，否則停·具名上呈）**
     · 分類繫於**容差** `EPS_AREA=1e-09` 者（侵蝕面積 ≤ 1e-6 而判可容納） ＝ **0** 宗
         ✅ 無 ⇒ 本檔明訂之容差**未決定任何宗之分類**
         🔒 零計數之構造證：自檢 ③（恰為 `W×D`）之侵蝕面積 ＝ 0.000000（即該情形**可出現**）⇒ 本計數非結構恆 0。
     · 分類繫於**讀法**（自由平移 vs **貼齊該宗前緣** `t₀=t_lo`）者 ＝ **4** 宗
         🛑 R1/628-37(1)　面積 208.16　自由平移 ＝ 進／`t₀=t_lo` ＝ 不進 ⇒ **讀法未定·無從判定**（⛔ 不自行選邊）
         🛑 R1/628(5)　面積 227.73　自由平移 ＝ 進／`t₀=t_lo` ＝ 不進 ⇒ **讀法未定·無從判定**（⛔ 不自行選邊）
         🛑 R6/628-18(1)　面積 307.79　自由平移 ＝ 進／`t₀=t_lo` ＝ 不進 ⇒ **讀法未定·無從判定**（⛔ 不自行選邊）
         🛑 R3/628-45(2)　面積 189.54　自由平移 ＝ 進／`t₀=t_lo` ＝ 不進 ⇒ **讀法未定·無從判定**（⛔ 不自行選邊）
     · 🔴 **另記（⛔ 非上項）**：`t₀ = 0`（＝ FRONTLINE 本身）者 **26／26** 宗判「不進」
       ——**⛔ 非「都不合格」**，係**該變體之受詞錯**：宗地前緣落在 `t ≈ t_lo > 0`
       （`_n14_band_geom` 容許其偏離 `_EPS_TOUCH_FRONT` ＝ 0.01 m）⇒ `t = 0` 之線不在宗內。
       本母體之 `t_lo` 範圍 ＝ [0.000000, 0.000258]
       ⇒ 「貼齊前緣」之正解為 **`t₀ = t_lo`**（上項所用者）。

【C-3】新舊判準之分歧
--------------------------------------------------------------------------------------------------------------------------------------------------------------------------------
  分歧宗數 ＝ **3**／26
      R1/628-37(1)　面積 208.16　矩形 進　現行寬度 2.8114 ⇒ 不合格（門檻 3.50）
      R6/628-21(1)　面積 210.48　矩形 不進　現行寬度 4.5484 ⇒ 合格（門檻 3.50）
      R3/628-45(2)　面積 189.54　矩形 進　現行寬度 0.7970 ⇒ 不合格（門檻 3.50）

  🔴 **R1 `628-34(3)` 之特別列示（`GB-65` 之土地後果）**
      面積 86.00　W×D ＝ 49.00　矩形容納 ＝ **否**
      🔒 **平行／不平行兩支之結果比較**：`K-9-12` 之判準**⛔ 不含**「垂線容納條件」，
         其輸入僅為【宗地四至範圍】＋【`W`／`D`】——**二者皆與 `K-9-6-h ④` 之平行判無關**
         ⇒ **兩支結果必然相同**（⛔ 非實測巧合，係**構造上**不依賴）。
      ⇒ 若 `K-9-12` 取代寬度判準成為可建築之唯一判定，
         **`GB-65` 於本案（就可建築判定而言）失去土地後果**。
      🔒 ⛔ **不逕撤 `GB-65`**——其射程尚及 `K-9-6-h ④` 之**深度**定式（見 `GB-65` 追加）。

【C-6】遞補連鎖 ⇒ 🛑 **⛔ 未實跑**（須先有 `K-9-12` 之實作）
  **靜態預測（⛔ 標明為預測）**：以 `K-9-12` 為唯一判準時，本母體之不可建築宗 ＝ **17** 宗（面積分流 4 ＋ 形狀不進 13）
  ⛔ **不預測輪數／最終不配地數**——遞補改變後續各宗之 G 值與四至範圍，須實跑重排。
  ⛔ 街廓 R2：`run_step_g` raise ⇒ **未量**（RuntimeError: 街廓 R2 抵費地計算失敗：🔴 ②-宗 圍堵閘破[R2]：宗-宗重疊 = 45.9766 > 上界 3.1129（(宗數15−1)×0.005×深度44.47）——**超出捨入量子可解釋範圍＝另有病**，停）
  ⛔ 街廓 R4：`run_step_g` raise ⇒ **未量**（RuntimeError: 🔴 結構閘 理論＝實跑 破：街廓 R4 right 側 理論@k*=87.83 ≠ 實跑(階段1)=85.42（Δ=2.415 >0.1）｜參考 ΣΔ_i=+0.000（**⛔ 未用於本式**·實測反證見碼註）｜逐界面：[Δ_i·R4·right] （無界面））
  ⛔ 街廓 R5：`run_step_g` raise ⇒ **未量**（RuntimeError: 街廓 R5 抵費地計算失敗：🔴 ②-宗 圍堵閘破[R5]：宗-宗重疊 = 56.3293 > 上界 2.5141（(宗數12−1)×0.005×深度45.71）——**超出捨入量子可解釋範圍＝另有病**，停）
================================================================================================================================================================================
