========================================================================================================================================================================================================
【D-2b-24 commit A】逐側宗數實測（類 C 分類）— ⛔ 零生產碼變更
========================================================================================================================================================================================================
  量法：spy `_solve_G_one` 記 (街廓, side, t=baseline_pt·d̂)；
        最後一趟 ＝ 由尾端往前之極大遞增後綴（⛔ 非呼叫次數÷趟數之推定）

  母體 ＝ 24 個 (情境,街廓,側) 有呼叫紀錄／`_solve_G_one` 總呼叫 248 次（⛔ 非空）

  情境    街廓   側       有SIDE       總呼叫       最後一趟宗數      趟數(推得)   最後一趟之 t 序列（前 4）
--------------------------------------------------------------------------------------------------------------------------------------------------------------------------------------------------------
  0m    R1   左側      ✅             5            2         2.5   -1712756.800  -1712750.320
  0m    R1   右側      ✅             5            3         1.7   1712669.084  1712676.535  1712678.930
  0m    R2   左側      ✅            16            8           2   2164669.864  2164673.920  2164674.678  2164675.325
  0m    R2   右側      —            14            7           2   -2164769.892  -2164768.552  -2164758.748  -2164757.265
  0m    R4   左側      ✅             2            1           2   -1712692.940
  0m    R4   右側      ✅             2            1           2   1712594.223
  0m    R6   左側      —            12            6           2   -2040472.449  -2040472.294  -2040469.220  -2040467.719
  0m    R6   右側      ✅            16            3         5.3   2040393.821  2040396.517  2040403.417
  0m    R5   左側      ✅            13            7         1.9   2198200.803  2198205.653  2198206.039  2198207.213
  0m    R5   右側      —            11            5         2.2   -2198293.602  -2198290.483  -2198281.545  -2198270.454
  0m    R3   左側      —            14            7           2   -2198294.321  -2198293.294  -2198287.577  -2198284.306
  0m    R3   右側      ✅            14            7           2   2198197.517  2198205.278  2198205.543  2198206.123
  3.5m  R1   左側      ✅             4            1           4   -1712756.800
  3.5m  R1   右側      ✅             6            4         1.5   1712669.084  1712676.535  1712678.930  1712685.460
  3.5m  R2   左側      ✅            16            8           2   2164678.560  2164678.560  2164682.641  2164683.301
  3.5m  R2   右側      —            14            7           2   -2164769.892  -2164768.552  -2164758.748  -2164757.265
  3.5m  R4   左側      ✅             2            1           2   -1712692.940
  3.5m  R4   右側      ✅             2            1           2   1712594.223
  3.5m  R6   左側      —            12            6           2   -2040472.449  -2040472.294  -2040469.220  -2040467.719
  3.5m  R6   右側      ✅            16            3         5.3   2040393.821  2040396.517  2040403.417
  3.5m  R5   左側      ✅            13            7         1.9   2198209.461  2198209.461  2198214.318  2198215.504
  3.5m  R5   右側      —            11            5         2.2   -2198293.602  -2198290.483  -2198281.545  -2198270.454
  3.5m  R3   左側      —            14            7           2   -2198294.321  -2198293.294  -2198287.577  -2198284.306
  3.5m  R3   右側      ✅            14            7           2   2198206.220  2198207.666  2198208.247  2198209.674

  🔑 **第二量測器：依 `biz_polys` 之生產順序切左右**（⛔ 與 t-啟發式獨立）
     情境    街廓     biz 數    左組    右組   s_lo 序列（生產序）
     ------------------------------------------------------------------------------------------------------------------------
     0m    R1         5     3     2   -0.32  6.15  80.26  77.87  59.88
     0m    R2        15     9     6   0.27  4.06  4.81  5.46  11.99  12.00  13.93  19.05  98.69  88.88  87.40  84.07  80.75  79.13  69.26
     0m    R4         2     2     0   0.18  83.04
     0m    R6        11     7     4   -0.00  0.16  3.23  4.73  19.48  22.75  78.63  78.63  75.93  69.03  61.35
     0m    R5        12     8     4   0.27  4.85  5.24  6.41  11.96  18.56  18.90  89.68  80.74  69.65  69.58  69.35
     0m    R3        14     8     6   0.00  1.03  6.74  10.01  11.67  14.94  16.74  89.04  88.78  88.20  86.78  85.36  75.40  66.86
     3.5m  R1         5     2     3   -0.32  80.26  77.87  71.34  52.85
     3.5m  R2        15     9     6   8.70  8.70  12.78  13.44  20.11  20.12  22.12  27.41  98.69  88.88  87.40  84.07  80.75  79.13  69.26
     3.5m  R4         2     2     0   0.18  83.04
     3.5m  R6        11     7     4   -0.00  0.16  3.23  4.73  19.48  22.75  78.63  78.63  75.93  69.03  61.35
     3.5m  R5        12     8     4   8.66  8.66  13.52  14.70  20.32  27.07  27.42  89.68  80.74  69.65  69.58  69.35
     3.5m  R3        14     8     6   0.00  1.03  6.74  10.01  11.67  14.94  16.74  86.65  86.07  84.65  80.08  78.63  68.43  59.87


  🔒 **母體守恆自證**（⛔ 防「只印子集當母體」·CC 首版即栽於此）：
     已印出之呼叫 ＝ 248／總呼叫 248　未印出之鍵 ＝ （無·✅ 全數涵蓋）

  🔑 判讀：『最後一趟宗數』＝ 該 (情境,街廓,側) 於**正式趟**實配之宗數。
     ⛔ 『總呼叫』含基準趟與（右側之）數值微修後援，**不得**直接當宗數。

  🔒 **效度檢查（可失敗·⛔ 非眼力核對）**：`左+右` 是否 == 該街廓宗數
     （宗數之真相源 ＝ `build_parcels` 現數，⛔ 與本探針之遞增後綴啟發式無關）
     情境    街廓       左    右    左+右     宗數   判
     ------------------------------------------------------------
     0m    R1       2    3      5      6   🔴 **不符 ⇒ 該格之逐側數不可採信**
     0m    R2       8    7     15     15   ✅
     0m    R4       1    1      2      3   🔴 **不符 ⇒ 該格之逐側數不可採信**
     0m    R6       6    3      9     11   🔴 **不符 ⇒ 該格之逐側數不可採信**
     0m    R5       7    5     12     12   ✅
     0m    R3       7    7     14     14   ✅
     3.5m  R1       1    4      5      6   🔴 **不符 ⇒ 該格之逐側數不可採信**
     3.5m  R2       8    7     15     15   ✅
     3.5m  R4       1    1      2      3   🔴 **不符 ⇒ 該格之逐側數不可採信**
     3.5m  R6       6    3      9     11   🔴 **不符 ⇒ 該格之逐側數不可採信**
     3.5m  R5       7    5     12     12   ✅
     3.5m  R3       7    7     14     14   ✅

  🔴 **效度檢查未全過**：6 格不符 ⇒ ⛔ **該等格之『最後一趟宗數』不得引用**
     成因（推定·未證）：該塊之最後一趟內 `t` 非單調（右側微修後援／階段2 落位）
     ⇒ 遞增後綴之切法於該塊失效。⛔ 其餘通過之格不受影響（各自獨立驗過）。
       · [0m] R1：左 2 ＋ 右 3 ＝ 5 ≠ 宗數 6
       · [0m] R4：左 1 ＋ 右 1 ＝ 2 ≠ 宗數 3
       · [0m] R6：左 6 ＋ 右 3 ＝ 9 ≠ 宗數 11
       · [3.5m] R1：左 1 ＋ 右 4 ＝ 5 ≠ 宗數 6
       · [3.5m] R4：左 1 ＋ 右 1 ＝ 2 ≠ 宗數 3
       · [3.5m] R6：左 6 ＋ 右 3 ＝ 9 ≠ 宗數 11
