======================================================================================================================
【K-4 第 5 條】街角第 1 宗之 S 起算點 —— `_oblique_s_max`（街廓頂點極值） vs `|FRONT_LINE|`（理論角）
======================================================================================================================

【1】FRONT_LINE 端點 vs FRONT×SIDE **無限直線**交點（KL 稱八側全 0——本表自行重算）
----------------------------------------------------------------------------------------------------------------------
  街廓    側            |交點−FRONT端點|(m)      該端  判
  R1    left             0.000000000      p1  ✅
  R1    right            0.000000000      p2  ✅
  R2    left             0.000000000      p1  ✅
  R3    right            0.000000000      p2  ✅
  R4    left             0.000000000      p1  ✅
  R4    right            0.000000000      p2  ✅
  R5    left             0.000000000      p1  ✅
  R6    right            0.000000000      p2  ✅
  ⇒ 共 8 側有 SIDE_LINE

【2】`_oblique_s_max`（街廓頂點極值·斜交軸）vs `|FRONT_LINE|`（＝理論角之 s）
    同軸可比之依據：`_strip_axis` 恆等式 `s(corner_pt + s₀·d̂) ≡ s₀` ⇒ `s(p2) ≡ |FRONT|`
----------------------------------------------------------------------------------------------------------------------
  街廓        |FRONT|     s(p2)覆核  oblique_s_max   Δ右=|F|−smax    s_min(左端)      右截角腿      左截角腿
  G1      （缺 FRONT_LINE／vertices／alloc_dir ⇒ 非分配街廓·跳過）
  R1        87.3130     87.3130        87.7155       -0.4024      -0.3248    3.4273    3.6682
  R2       100.0274    100.0274       100.0274       -0.0000       0.2677         —    3.5442
  R3        93.4051     93.4051        96.8032       -3.3981      -0.0000    3.5659         —
  R4        98.8938     98.8938        98.7170        0.1767       0.1759    3.5439    3.7117
  R5        92.7995     92.7995        92.7995        0.0000       0.2685         —    3.5480
  R6        85.8549     85.8549        85.8549       -0.0000      -3.6068    3.4015         —
  RD1     （缺 FRONT_LINE／vertices／alloc_dir ⇒ 非分配街廓·跳過）
  RD2     （缺 FRONT_LINE／vertices／alloc_dir ⇒ 非分配街廓·跳過）
  RD3     （缺 FRONT_LINE／vertices／alloc_dir ⇒ 非分配街廓·跳過）
  RD4     （缺 FRONT_LINE／vertices／alloc_dir ⇒ 非分配街廓·跳過）

【3】歸因檢：Δ右（＝|FRONT|−oblique_s_max）是否 ≈ **右側截角腿長**？
    （若是 ⇒ 坐實「頂點極值落在截角點上」；若否 ⇒ 另有成因，勿逕行改碼）
----------------------------------------------------------------------------------------------------------------------
  街廓             Δ右        右截角腿       |Δ−腿|  判讀
  R1        -0.4024      3.4273    3.829737  🚩 Δ≠截角腿·另有成因
  R2        -0.0000           —           —  該側無截角（Δ≈0·一致）
  R3        -3.3981      3.5659    6.964021  🚩 Δ≠截角腿·另有成因
  R4         0.1767      3.5439    3.367182  🚩 Δ≠截角腿·另有成因
  R5         0.0000           —           —  該側無截角（Δ≈0·一致）
  R6        -0.0000      3.4015    3.401506  🚩 Δ≠截角腿·另有成因

【4】左端對照：`s_min`（街廓頂點極小 s）vs 0（＝corner_pt/FRONT p1）
    左側 baseline_pt 直接取 corner_pt ⇒ **不受頂點極值影響**；本欄僅供對稱性判讀。
----------------------------------------------------------------------------------------------------------------------
  R1     s_min =   -0.3248（左截角腿 3.6682）
  R2     s_min =    0.2677（左截角腿 3.5442）  ⇒ 左端頂點極值亦短於理論角，惟左側未用之
  R3     s_min =   -0.0000（左截角腿 —）
  R4     s_min =    0.1759（左截角腿 3.7117）  ⇒ 左端頂點極值亦短於理論角，惟左側未用之
  R5     s_min =    0.2685（左截角腿 3.5480）  ⇒ 左端頂點極值亦短於理論角，惟左側未用之
  R6     s_min =   -3.6068（左截角腿 —）

【5】三變體衝擊：winner 集合／強制抵費地側（**兩情境**）
----------------------------------------------------------------------------------------------------------------------

  ── 情境 0m ──
    A 現況（K-4 後·FRONT p2 錨）           winner 12 側｜強制抵費地 1 側｜（基準）
    A′ patch 載具自檢（同 A 語意）            winner 12 側｜強制抵費地 1 側｜winner 異動 0｜forced 異動 0｜真G 異動 0 格
    OLD K-4 前（smax_right 錨）          winner 12 側｜強制抵費地 1 側｜winner 異動 0｜forced 異動 0｜真G 異動 5 格
        · 真G ('R1', '右', '628(5)'): 240.57 → 240.39
        · 真G ('R3', '右', '628-27(2)'): 26.85 → 24.54
        · 真G ('R3', '右', '628-28(1)'): 65.61 → 62.17
        · 真G ('R3', '右', '628-42(2)'): 88.36 → 84.86
        · 真G ('R3', '右', '628-45(2)'): 209.06 → 205.27
    C 起算點＋S_max 皆改                   winner 12 側｜強制抵費地 1 側｜winner 異動 0｜forced 異動 0｜真G 異動 1 格
        · 真G ('R3', '右', '628-42(2)'): 88.36 → 88.37

  ── 情境 3.5m ──
    A 現況（K-4 後·FRONT p2 錨）           winner 12 側｜強制抵費地 3 側｜（基準）
    A′ patch 載具自檢（同 A 語意）            winner 12 側｜強制抵費地 3 側｜winner 異動 0｜forced 異動 0｜真G 異動 0 格
    OLD K-4 前（smax_right 錨）          winner 12 側｜強制抵費地 3 側｜winner 異動 0｜forced 異動 0｜真G 異動 6 格
        · 真G ('R1', '右', '628(5)'): 240.57 → 240.39
        · 真G ('R3', '右', '628-27(2)'): 26.85 → 24.54
        · 真G ('R3', '右', '628-28(1)'): 65.61 → 62.17
        · 真G ('R3', '右', '628-29(1)'): 65.61 → 62.17
        · 真G ('R3', '右', '628-42(2)'): 88.36 → 84.86
        · 真G ('R3', '右', '628-45(2)'): 209.06 → 205.27
    C 起算點＋S_max 皆改                   winner 12 側｜強制抵費地 3 側｜winner 異動 0｜forced 異動 0｜真G 異動 1 格
        · 真G ('R3', '右', '628-42(2)'): 88.36 → 88.37

----------------------------------------------------------------------------------------------------------------------
RESULT: PASS（結構斷言全綠·判讀見上表）
======================================================================================================================
