============================================================================================================================
W-G.9-2 §5　Q1 族②③④ 對 K-9-5-6 之合致性判定 ／ Q2 GB-60 第三選項偵察
⛔ 只判合致與否——不判「應改成什麼」
============================================================================================================================

【射程·Q1】街角側 8 × 情境 2 ＝ **16 格**（⛔ 含不觸發與退化）：R1/left、R1/right、R2/left、R3/right、R4/left、R4/right、R5/left、R6/right

############################################################################################################################
## Q1　合致性判定（⛔ 16 格全列·含不觸發與退化）
############################################################################################################################
情境    街廓   側別     a:forced b:is_cnr  c:_rw_start 分支       d:族②③        e:族④        f:直量         W_0
----------------------------------------------------------------------------------------------------------------------------
0m    R1   left   False   False     float(W_prev)     3.654454    3.816331    3.816331    0.161877
0m    R1   right  False   False     float(W_prev)     3.688900    3.889469    3.889469    0.200569
0m    R2   left   False   False     float(W_prev)     5.228394    3.534470    3.534470   -1.693924
0m    R3   right  False   False     float(W_prev)     5.214328    6.906130    6.906130    1.691802
0m    R4   left   False   False     float(W_prev)     4.495144    3.707615    3.707615   -0.787529
0m    R4   right  False   False     float(W_prev)     4.190966    4.842092    4.842092    0.651126
0m    R5   left   False   False     float(W_prev)     5.130053    3.489802    3.489802   -1.640252
0m    R6   right  False   False     float(W_prev)     3.488603    3.488604    3.488604    0.000001
3.5m  R1   left   False   False     float(W_prev)     6.975257    7.137134    7.137134    0.161877
3.5m  R1   right  False   False     float(W_prev)     7.177858    7.378428    7.378428    0.200569
3.5m  R2   left   True    False     float(W_prev)     8.674182    6.980258    6.980258   -1.693924
3.5m  R3   right  True    False     float(W_prev)     8.665535   10.357336   10.357336    1.691802
3.5m  R4   left   False   False     float(W_prev)     7.780089    6.992560    6.992560   -0.787529
3.5m  R4   right  False   False     float(W_prev)     7.643583    8.294709    8.294709    0.651126
3.5m  R5   left   True    False     float(W_prev)     8.621477    6.981225    6.981225   -1.640252
3.5m  R6   right  False   False     float(W_prev)     6.977260    6.977261    6.977261    0.000001
----------------------------------------------------------------------------------------------------------------------------

【f 欄之恆定性自證（S-3 判準）】兩獨立取點：`P_far` 與 `P_far + 137.0·n̂`
   🔒 137.0 為**非特徵值**之偏移（⛔ 不與任何幾何尺度巧合）
   max|f(P_far) − f(P_far+137·n̂)| = 1.642e-10
   ⇒ f 沿遠側界**恆定** ⇒ **S-3 未觸發**（`â ⊥ n̂` 之構造必然）

【g 欄：與正典直量之差】
   max|e − f| = 0.000e+00   ← 族④（`_mp_base_W0`）vs 正典直量
   max|d − f| = 1.693924   ← 族②③（`buf·cos_dn`）vs 正典直量

🔑 **解析恆等之實測驗證**：`e − d` 應恆等於 `W_0`
   （∵ e = dot(gs − mp, â) + buf·dot(d̂,â) = W_0 + buf·cos_dn = W_0 + d）
   max|(e − d) − W_0| = 1.629e-10  ⇒ **恆等成立**
   ⇒ **族②③ 之式恰為「正典直量減去 `W_0`」**——即**遺漏首宗起點項**。
   ⇒ 二者相等**當且僅當 `W_0 = 0`**；而正典 `:796` 明載 `W_0 ＝ MP→corner`
      **照實可負·⛔ 禁 clamp** ⇒ 一般不為 0。實測 `W_0` 範圍 -1.693924 〜 1.691802
   |W_0| < 1e-9 之格 = **0**／16

【b/c 欄】forced 之格其 `is_corner`：
   · 3.5m  R2/left   forced=True  is_corner=False  ⇒ `_rw_start` 走 **float(W_prev)**
   · 3.5m  R3/right  forced=True  is_corner=False  ⇒ `_rw_start` 走 **float(W_prev)**
   · 3.5m  R5/left   forced=True  is_corner=False  ⇒ `_rw_start` 走 **float(W_prev)**

############################################################################################################################
## Q2　`GB-60` 第三選項偵察（P5）——合成案例：`allocation_dir=None`
############################################################################################################################
🔒 **射程**：`_cos_dn` 之消費點全在 `main()` 內 ⇒ `run_all` 不能作為證據
   （`W-G.9-1` §3-8 已證）⇒ 本段以**合成案例**直呼 `solve_G_binary`。
   對應關係：`app.py:19294` 之 `allocation_dir_block = alloc_normal_axis(...)`
   為 `None` 時，`app.py:19297` 發 `st.warning` 自載「側街負擔以 0 計」，
   其後**無** `raise`／`continue`／`return`（本檔以 AST 複驗·見下）。

   🔒 **回傳鍵集自證（⛔ 先證鍵存在，再取值）**：
      `Rw` 在鍵集內？ ****否****／`Rw_pct` 在鍵集內？ **是**／`W` 在鍵集內？ **是**
      鍵集 = `G`, `Rw_pct`, `Rw_raw`, `S`, `S_raw`, `W`, `W_far`, `W_far_raw`, `W_near`, `W_rw_start`, `W_rw_start_raw`, `allocation_dir`, `area_geom`, `converged`, `cut_coords`, `iterations`, `trace`

   合成案例（`R2/left` 之真幾何 ＋ 具名參數）：
   · `allocation_dir=adir` ⇒ W=5.730000000  Rw_pct=48.360000000
   · `allocation_dir=None` ⇒ W=0.000000000  Rw_pct=0.000000000

   ⇒ 缺 `allocation_dir` 時：`Rw_pct` **＝ 0**、`W` **＝ 0**
   ⇒ 警示所載「側街負擔以 0 計」**為真**
   ⇒ **P5 🔴 **破****（P5 稱『實際 Rw ≠ 0』）⇒ **`GB-60` 之第三選項<u>不存在</u>**，
      回復為二擇一（靜默退 1.0 vs 停機）⇒ `GB-60` 之「需域裁」**維持不變**。
   碼面成因：`grep -n "if _n_alloc is not None and side_mid is not None" app.py`
   之 `else` 分支逕設 `W = 0.0; Rw_pct = 0.0; Rw = 0.0`。

   🔴 **然另有一項警示<u>未</u>宣告之靜默後果（⛔ 施工單未載·CC 現查）**：
      同一缺值路徑另令 `_cos_dn = 1.0`（`app.py` 之 `except`／初值），
      而 `_cos_dn` **另有一個消費者**：`_mark_zaling` 之 `_pw = S · _cos_dn`
      （＝**宗地寬度**·供畸零旗標）。⇒ 缺 ALLOC 時該寬度按「ALLOC ⊥ FRONT」計，
      **警示只提 W／Rw、未提宗地寬度** ⇒ 該後果**靜默**。
      本案量級：`_cos_dn` 實測 0.995733790〜0.998966642（`W-G.9-1` Q1-b）
      ⇒ 退為 1.0 時宗地寬度**高估 0.10%〜0.43%**。⛔ 本檔不判其是否可接受。

############################################################################################################################
## Q3　構造窮舉（⛔ 先自答、後列舉·⛔ 不判何者為正解）
############################################################################################################################

🔒 **書面自答（施工單 §5-Q3 明令須寫在開始之前·本段先於下表）**：
   問：「是否存在一個構造使三者同時滿足？若存在，本批是否已列出它？
        若不存在，不相容之處恰在哪兩條之間？」
   答：**存在**——本檔列出**甲**與**乙**二者，二者於三條**皆滿足**。
       ⇒ **S-2 未觸發**（S-2 之前提為「無任何構造同時滿足」）。
       ⛔ 本檔**不判**何者為正解（施工單 §0-8）。

🔴 **是否窮盡：列舉·非窮舉**——本檔無法證明已窮盡構造空間。

三條之受詞**互不相同**（此即三者可並存之結構理由）：
   · `K-9-5-11` 約束**寬度**（`S1` 係「與道路境界線**平行**」之距離·`K-9-5-4` 明載 ⛔ 非垂距）
   · `K-9-5-6`  約束 **`W` 之量法**（MP → 本宗遠側界之**垂距**）
   · `GB-46`    約束**誰產生**共用界線之值（單一產生者）
   ⇒ 寬度與 `W` 係 `K-9-5-4` 所明訂之「**同名不同量·禁互代**」⇒ 二者不直接衝突。

構造     內容                                             K-9-5-11  K-9-5-6   GB-46   
----------------------------------------------------------------------------------------------------------------------------
甲      遠側界改 ∥SIDELINE、W 以 SIDE 法向量                    ✅         ✅         ✅       
       （比照既有機具 `_first_corner_alloc_dir`：街角第 1 宗即以換軸達成
         ∥SIDELINE 界；`K-9-5-5` 已追認該換軸為**正行為**）
       ⚠️ 代價：`Rw` 鏈引入**軸混用**——telescoping `Rw_i = R(W_i)−R(W_{i−1})`
          要求同軸；街角第 1 宗雖有先例，⛔ 本檔**不判**其可否推廣。
乙      維持 ∥ALLOC 帶，寬度逕取 `S1_par`                      ✅         ✅         ✅       
       （即 `buf` 改取 `S1_par`，⛔ 不再以等面積反解）
       ⚠️ 代價：帶面積**不再等於** `range_area` ⇒ 與 `_corner_buffer_S` 之
          等面積設計相違；惟 `K-9-5-11` **只約束寬度、未約束面積**。
丙      **現行**：等面積 ∥ALLOC 帶（`buf` 反解）                  🔴 否       ✅         ✅       
       （寬度 ＝ `buf` ≠ `S1_par`——`W-G.9-1` Q1-a 實測其差 `+1.66`〜`+1.70` m）
----------------------------------------------------------------------------------------------------------------------------
⚠️ **上表之 `K-9-5-6` 欄僅就「W 之量法是否良定」判**——
   ⛔ **不含**族②③ 之現行式（`buf·cos_dn`）；該式之判定見 Q1（**不合致**）。

🔑 **Q1 與 Q3 之接合**：構造丙（現行帶構造）之 `K-9-5-6` 欄雖為 ✅，
   但**消費該帶之族②③ 仍不合致**（Q1 已證其恰為「正典直量 − `W_0`」）
   ⇒ **帶之構造與其消費式係兩件事**，⛔ 不得因帶合致即認為鏈亦合致。

rc = 0
