================================================================================================================================================================
【W-G.9-66】**受詞定位**：街角第 1 宗之資格閘 ＋ **寬度閘之不存在**
================================================================================================================================================================
  產生於 commit：e8f1d34
  🔒 **⛔ 零生產碼變更**；A-4-2 之變異一律於 `scratchpad` 之複本為之、跑完即刪。

================================================================================================================================================================
【A-1】生產碼之**街角第 1 宗資格閘**（⛔ 逐字·⛔ 附命中數與所屬函式）
================================================================================================================================================================
  🔒 錨（施工單所給·**CC 已自行複查**）：`cand_G < cand.get('min_area_to_apply'`
  🔒 於 `app.py` 之**命中數 ＝ 1**
     · 行 11681（成立於 commit **e8f1d34**）
       **逐字** ＝ `if cand_G < cand.get('min_area_to_apply', 0):`
       所屬函式（AST 判定·⛔ 非字串猜）＝ **`_pk_one_side_v12`**（其 `def` 於行 11640）

  🔒 **`min_area_to_apply` 之全部出現處**（⛔ 正面列舉·⇒ 門檻從哪來）
        行   逐字                                                                                                            所屬函式                        
----------------------------------------------------------------------------------------------------------------------------------------------------------------
    11578   cand_p1['min_area_to_apply'] = float(min_corner_area_p1)                                                      select_corner_lots_both_sides_v12
    11596   cand_p2['min_area_to_apply'] = float(min_corner_area_p2)                                                      select_corner_lots_both_sides_v12
    11681   if cand_G < cand.get('min_area_to_apply', 0):                                                                 _pk_one_side_v12            
    11683   f"G 值 {cand_G:.2f} < 最小分配面積 {cand.get('min_area_to_apply', 0):.2f}"                                           _pk_one_side_v12            
    18550   '門檻(㎡)': round(float(_dc.get('min_area_to_apply', 0) or 0), 2),                                               main                        
    18553   - float(_dc.get('min_area_to_apply', 0) or 0)) < 0.5                                                          main                        
----------------------------------------------------------------------------------------------------------------------------------------------------------------

================================================================================================================================================================
【A-2】**街角範圍之寬度判定**是否存在於 `app.py`（⛔ 逐項出艙命中數）
================================================================================================================================================================
    #  字樣                             命中數   性質                                      
----------------------------------------------------------------------------------------------------------------------------------------------------------------
    1  fits_at                          0                                           
    2  rect_fits                        0                                           
    3  w_max                            0                                           
    4  寬度 >=                            0                                           
    5  width >=                         0                                           
    6  矩形容納                             0                                           
----------------------------------------------------------------------------------------------------------------------------------------------------------------
    —  （判別力對照）                   
    —  min_area_to_apply                6                                           
    —  parcel_min_width_n14            29   ⚠️ **宗地層**之寬·⛔ 非街角範圍之寬                  
----------------------------------------------------------------------------------------------------------------------------------------------------------------
  ⇒ 六字樣 **全部為 0**；二對照 **皆 ≥1**

  🔴 **本表之<u>正確讀法</u>（施工單 §二 A-2 明令·⛔ 不得改寫）**：
     ⛔ **不得**由「全 0」推論「二則正典已被遵守」。
     ✅ 正確陳述 ＝ **「二則所預設之量測（街角範圍之寬度實量），
        生產碼未做 ⇒ 二則今日皆<u>無施力點</u>。」**
     🔒 `parcel_min_width_n14`（29 命中）係 **N-14 之<u>宗地</u>寬度**，
        **⛔ 非** `K-9-5-2 ③`／`K-9-5-3` 所指之「**街角規定範圍**之寬度」
        ——**同名不同量**，⛔ 不得互代。

================================================================================================================================================================
【A-4-2】🔴 **變異注入**：於 `scratchpad` 之 `app.py` **複本**插入含 `fits_at` 之註解
================================================================================================================================================================
  · 複本路徑（⛔ 倉外）：`C:\Users\admin\AppData\Local\Temp\_wg966_app_copy.py`
  · 倉內 `app.py` 之 `fits_at` 命中 ＝ **0**
  · 複本（已注入）之 `fits_at` 命中 ＝ **1**
  ⇒ **0 ⇒ 1** ✅ 該管線確會回非 0（⇒ ⛔ 非恆 0）
  🔒 複本已建立 ＝ True；**已刪除 ＝ True**（⛔ 不留殘檔）
  🔒 倉內 `app.py` 之命中**未變** ＝ True（⛔ 未動倉內）

================================================================================================================================================================
【A-3】🔴 **「面積過」之逐格坐實**：八格之 `真G` vs `門檻`（＝ `min_area_to_apply`）
================================================================================================================================================================
  🔒 **本項之量取自 `run_corner_pk` 之<u>診斷列</u>**——該閘於街角 PK 期間評值，
     ⇒ **⛔ 不需 `run_step_g`** ⇒ 既有停機（`GB-55`／`GB-67`）**不阻斷本項**。
  🔒 **⛔ 不以 winner 計數充當已測**（`W-G.9-63` 僅載 winner 8／8 ＝ **間接**推論）。

  🔒 `run_corner_pk` 診斷列數 ＝ **17**（⇒ 母體非空·⛔ 空真假綠之防）

  街廓   側              候選地號（winner）         真G(㎡)         門檻(㎡)        G − 門檻       碼面達標欄       判（面積過?）
----------------------------------------------------------------------------------------------------------------------------------------------------------------
  R1   left              628-37(1)        208.16        114.94         93.22          達標            ✅ 過
  R1   right                628(5)        227.73        110.17        117.56          達標            ✅ 過
  R2   left              628-41(1)        175.95        152.99         22.96          達標            ✅ 過
  R3   right             628-45(2)        195.17        153.80         41.37          達標            ✅ 過
  R4   left                 628(1)       1521.05        116.08       1404.97          達標            ✅ 過
  R4   right              628-1(1)        457.74        111.02        346.72          達標            ✅ 過
  R5   left              628-18(2)        205.49        146.48         59.01          達標            ✅ 過
  R6   right             628-18(1)        307.79        145.88        161.91          達標            ✅ 過
----------------------------------------------------------------------------------------------------------------------------------------------------------------
  ⇒ **取得 8／8 格**；其中**面積過 8 格**　（⛔ 無未取得之格）

  🔒 **三焦點格之逐格判**（`K-9-5-2-a`-3 之逐字要件 ＝「**面積過**、寬不足」）
     · `R1/right`（winner `628(5)`）：真G `227.73` vs 門檻 `110.17` ⇒ **面積過 ✅**；甲式寬度短少 > 0（`W-G.9-65` §C-1）⇒ **⇒ 確為「面積過、寬不足」**
     · `R5/left`（winner `628-18(2)`）：真G `205.49` vs 門檻 `146.48` ⇒ **面積過 ✅**；甲式寬度短少 > 0（`W-G.9-65` §C-1）⇒ **⇒ 確為「面積過、寬不足」**
     · `R6/right`（winner `628-18(1)`）：真G `307.79` vs 門檻 `145.88` ⇒ **面積過 ✅**；甲式寬度短少 > 0（`W-G.9-65` §C-1）⇒ **⇒ 確為「面積過、寬不足」**

================================================================================================================================================================
【E】逐項判定
================================================================================================================================================================
  A-1     ✅　資格閘之錨命中 ＝ 1（須 1）·已出艙逐字與所屬函式
  A-2     ✅　六字樣全 0；二對照皆 ≥1
  A-4-1   ✅　反例存在檢：對照確為非 0 ⇒ grep 管線會回非 0
  A-4-2   ✅　變異注入：0 ⇒ 1；複本已刪 ＝ True
  A-3     ✅　面積閘：取得 8／8·面積過 8 格
----------------------------------------------------------------------------------------------------------------------------------------------------------------
  ⇒ **✅ 全部成立**

  🔴 **`Z-1` 之入倉條件**（施工單 §三）：
     ① A-2 字樣 1〜5 全 0 ⇒ **✅ 成立**
     ② A-3「面積過」成立 ⇒ **✅ 成立**
     ⇒ **✅ 可入倉 `Z-1`**
================================================================================================================================================================
