========================================================================================================================================================================================================
【D-2b-17 §f-3】五處未判定運算元之判定（實執行攔截·⛔ 非字面推定）
========================================================================================================================================================================================================
  環境：shapely 2.1.2 | GEOS (3, 13, 1)
  🔒 歸戶法：`BaseGeometry.intersection` shim ＋ `sys._getframe(1)` 之 (檔, 行)。
  🔒 參照類：`:9047`／`:9050`／`:9062` ＝ `GB-50` **已判定** sliver×sliver 之三處。

【f-3】逐處實測（緊緻度 `4π·A/P²`：圓＝1·sliver→0；列 最小／中位／最大）
--------------------------------------------------------------------------------------------------------------------------------------------------------------------------------------------------------
  行       類別                             執行次數  左運算元 緊緻度                  右運算元 緊緻度                      左頂點    右頂點
  :4525   §f-3 未判定                        848  0.0000／0.0020／0.0088      0.0756／0.5652／0.7944           23     31
           檔＝<app.py:harvest>
           左 面積 最小/中位/最大 = 0.0000／1.3450／10.7734　右 面積 = 3.7959／2893.5527／7464.6816
  :9047   GB-50 已判定 sliver×sliver           5  0.1099／0.3731／0.7671      0.3734／0.7660／0.7677            5      6
           檔＝<app.py:harvest>
           左 面積 最小/中位/最大 = 85.7065／299.6899／1484.3306　右 面積 = 307.7500／1471.2576／1542.9941
  :9050   GB-50 已判定 sliver×sliver         153  0.1099／0.7660／0.7825      0.0000／0.1921／0.5692            6      6
           檔＝<app.py:harvest>
           左 面積 最小/中位/最大 = 85.7065／1471.2576／1876.8042　右 面積 = 0.0068／146.5903／692.0491
  :9062   GB-50 已判定 sliver×sliver         543  0.0000／0.1785／0.5692      0.0004／0.2041／0.5692            6      5
           檔＝<app.py:harvest>
           左 面積 最小/中位/最大 = 0.0068／145.8174／692.0491　右 面積 = 0.2561／147.1890／692.0491
  :9120   §f-3 未判定                          0  （未執行）                                                     —      —
  :11379  §f-3 未判定                         68  0.0791／0.5324／0.7843      0.2136／0.3740／0.4638           11      6
           檔＝<app.py:harvest>
           左 面積 最小/中位/最大 = 0.4492／353.8462／2437.6108　右 面積 = 114.9399／225.0042／308.1616
  :11391  §f-3 未判定                         64  0.2062／0.6264／0.7971      0.2151／0.3746／0.4643           13      6
           檔＝<app.py:harvest>
           左 面積 最小/中位/最大 = 0.4387／352.4099／2437.6108　右 面積 = 110.1753／225.4207／307.7485
  :16238  §f-3 未判定                          0  （未執行）                                                     —      —
