====================================================================================================
【`W-G.9-13` 甲組】中間層**其餘 5 項**逐項補跑（⛔ 不以 `v3 reverse-test③` 外推）
====================================================================================================
  ⚠️ 名目 4（`v3 reverse-test③`）已於 `W-G.9-12` 實跑 ⇒ **本探針不重跑**、亦不計入 5 項。
  🔒 每項**各自一個 `try`**（考古 70）：任一項失敗 ⛔ 不得使其餘項失去結果。

────────────────────────────────────────────────────────────────────────────────────────────────────
▸ 名目：`v3 重劃總負擔率錨 == `
    判準型 ＝ 型② `_anc` 字典查值｜所需管線層 ＝ 層 B
    ✅ **跑得完**（`T1` 之受詞）
    實跑值：錨 0.40712387｜現算 0.40712387｜Δ -0.0000000003
    斷言現況 ⇒ ✅ 綠
    🔒 判別力自檢：餵壞輸入（cb=None）⇒ 實拋 TypeError
────────────────────────────────────────────────────────────────────────────────────────────────────
▸ 名目：`v3 率分項錨 公設負擔比 `
    判準型 ＝ 型① 內嵌數值字面｜所需管線層 ＝ 層 B
    ✅ **跑得完**（`T1` 之受詞）
    實跑值：公設負擔比 34.754211%（錨 34.754211）｜費用負擔比 5.958176%（錨 5.958176）
    斷言現況 ⇒ ✅ 綠
    🔒 判別力自檢：單位工程費 3500→3550 ⇒ 費用負擔比 5.958176% → 6.027564%（**會變** ⇒ 具鑑別力）
────────────────────────────────────────────────────────────────────────────────────────────────────
▸ 名目：`v3 率用 DXF 公設實值 `
    判準型 ＝ 型① 內嵌數值字面｜所需管線層 ＝ 層 B
    ✅ **跑得完**（`T1` 之受詞）
    實跑值：DXF 公設實值 12146.5579（錨 12146.5579·容差 5e-4）｜Δ +0.000027
    斷言現況 ⇒ ✅ 綠
    🔒 判別力自檢：以截圖 rounded 12146.56 代入 ⇒ |Δ|=0.002100 ⇒ 轉偽 ⇒ 具鑑別力
────────────────────────────────────────────────────────────────────────────────────────────────────
▸ 名目：`F.2 跨區段 fixture（a→b 模式一 a′=`
    判準型 ＝ 型③ 自參照·無外部錨｜所需管線層 ＝ 層 C
    ✅ **跑得完**（`T1` 之受詞）
    實跑值：a=100.0｜mode1_a_to_b=117.6471｜expect_m1=117.6471｜ratio_ne_1=True｜mode2_tgtR2=117.6471｜mode2_tgtR1_mixed=106.6348
    斷言現況 ⇒ ✅ 綠
    🔒 判別力自檢：餵壞輸入（snap={}）⇒ 實拋 KeyError
────────────────────────────────────────────────────────────────────────────────────────────────────
▸ 名目：`F.4 模式二 p_avg 母體＝原始 build_parcels（R1/R4 可算）`
    判準型 ＝ 型④ 名單型｜所需管線層 ＝ 層 C
    ✅ **跑得完**（`T1` 之受詞）
    實跑值：p_avg 鍵 ['R1', 'R2', 'R3', 'R4', 'R5', 'R6']｜R1=41177.19518498675｜R4=42340.39024977705｜pre 區段 2 個
    斷言現況 ⇒ ✅ 綠
    🔒 判別力自檢：以 ('R1','ZZZ_不存在之塊') 代入 ⇒ 轉偽 ⇒ 具鑑別力｜母體規模 |p_avg|=6
────────────────────────────────────────────────────────────────────────────────────────────────────

🔑 **前置登記 §1 之未知已由實跑判定**：`build_build_parcels` **不需** `build_ownership` 先行。
    build_parcels 61 筆｜temp 126 筆

====================================================================================================
【判定】5 項中**跑得完** ＝ 5／5｜`T1` ＝ ✅ 成立
        斷言全綠 ＝ ✅ 是
====================================================================================================
