============================================================================================================================================================================
【W-G.9-65】**甲式**（生產碼現行構造）8 格寬度重量 ＋ 甲乙比對 ＋ 注入式階梯
============================================================================================================================================================================
  產生於 commit：d8fd234
  🔒 **⛔ 零生產碼變更**；⛔ 未新增第二份判定原語；⛔ 未抄施工單之甲式數字。

============================================================================================================================================================================
【A】**甲式** 8 格：`S1_par = max(seg, T)`，`T = 0 + 3.5`（`setback = 0`·`D = 14.00`）
============================================================================================================================================================================
  街廓   側           W      D         seg       T    甲 S1_par         甲 w_max       甲短少 ＝ W−w_max      無容差判
----------------------------------------------------------------------------------------------------------------------------------------------------------------------------
  R1   left     3.50  14.00    3.668198   3.500    3.668198     3.659115705       -1.591157e-01          進
  R1   right    3.50  14.00    3.382567   3.500    3.500000     3.484936128        1.506387e-02         不進
  R2   left     3.50  14.00    3.544219   3.500    3.544219     3.544177457       -4.417746e-02          進
  R3   right    3.50  14.00    3.565921   3.500    3.565921     3.565407150       -6.540715e-02          進
  R4   left     3.50  14.00    3.711446   3.500    3.711446     3.695465681       -1.954657e-01          進
  R4   right    3.50  14.00    3.543883   3.500    3.543883     3.543850313       -4.385031e-02          進
  R5   left     3.50  14.00    3.463292   3.500    3.500000     3.499495816        5.041840e-04         不進
  R6   right    3.50  14.00    3.401504   3.500    3.500000     3.488680559        1.131944e-02         不進
----------------------------------------------------------------------------------------------------------------------------------------------------------------------------
  ⇒ **甲式（無容差）之分類：5 進／3 不進**

============================================================================================================================================================================
【B】🔴 **甲乙逐格比對**（A-5-1）：`seg` 於兩式同為支配項之格，其值應**逐位不變**
============================================================================================================================================================================
  🔒 甲 `S1_par = max(seg, T)`；乙 `S1_par = max(seg, T/sinθ)`。
     `T/sinθ ≥ T`（`sinθ ≤ 1`）⇒ **乙之門檻恆 ≥ 甲** ⇒ 二式相異者⛔ 只可能是
     「`T/sinθ` 支配」之格；`seg` 支配之格**兩式同構** ⇒ 其 `w_max` 應逐位相同。

  街廓   側               seg       T      T/sinθ     甲支配     乙支配         甲 w_max         乙 w_max        Δ(甲−乙)    同/異
----------------------------------------------------------------------------------------------------------------------------------------------------------------------------
  R1   left       3.668198   3.500    3.508845      seg      seg     3.659115705     3.659115705     0.000e+00       同
  R1   right      3.382567   3.500    3.515129        T    T/sin     3.484936128     3.500000009    -1.506e-02   **異**
  R2   left       3.544219   3.500    3.500041      seg      seg     3.544177457     3.544177457     0.000e+00       同
  R3   right      3.565921   3.500    3.500504      seg      seg     3.565407150     3.565407150     0.000e+00       同
  R4   left       3.711446   3.500    3.515134      seg      seg     3.695465681     3.695465681     0.000e+00       同
  R4   right      3.543883   3.500    3.500037      seg      seg     3.543850313     3.543850313     0.000e+00       同
  R5   left       3.463292   3.500    3.500504        T    T/sin     3.499495816     3.499999854    -5.040e-04   **異**
  R6   right      3.401504   3.500    3.511356        T    T/sin     3.488680559     3.499999912    -1.132e-02   **異**
----------------------------------------------------------------------------------------------------------------------------------------------------------------------------
  ⇒ **同 5 格／異 3 格**　✅ 分裂為 5／3（⛔ 非 8／0、⛔ 非 0／8）
  🔒 相異之格逐格具名：**R1/right／R5/left／R6/right**

  **甲乙短少之對讀（⛔ 二者係<u>兩種構造</u>之量·⛔ 不得互代）**
  街廓   側                  甲短少【倉】           乙短少（-63【倉】）          倍率 甲/乙
----------------------------------------------------------------------------------------------------------------------------------------------------------------------------
  R1   left        -1.591157e-01         -1.591157e-01               1
  R1   right        1.506387e-02         -9.415063e-09        -1.6e+06
  R2   left        -4.417746e-02         -4.417746e-02               1
  R3   right       -6.540715e-02         -6.540715e-02               1
  R4   left        -1.954657e-01         -1.954657e-01               1
  R4   right       -4.385031e-02         -4.385031e-02               1
  R5   left         5.041840e-04          1.456501e-07            3462
  R6   right        1.131944e-02          8.802454e-08       1.286e+05
----------------------------------------------------------------------------------------------------------------------------------------------------------------------------
  🔑 **三個相異之格，其甲短少比乙短少大 4〜5 個數量級** ⇒ 🔒 **`GB-80`「餘裕恆 0」係<u>乙式</u>之性質，甲式⛔ 不成立。**

============================================================================================================================================================================
【C】🔴 **注入式階梯**（A-5-2）：甲式於三個容差高度之翻面（閘 ＝ `寬度 ≥ W − eps`）
============================================================================================================================================================================
  🔒 **本階梯即該閘之判別力測試**——一個從未紅過的閘，跟一段註解證據力相同。

         eps      翻面格數   翻面之格（逐格具名）                                      該 eps 下之分類
----------------------------------------------------------------------------------------------------------------------------------------------------------------------------
       1e-04         0   （無）                                               5 進／3 不進
       1e-03         1   R5/left                                           6 進／2 不進
       2e-02         3   R1/right／R5/left／R6/right                         8 進／0 不進
----------------------------------------------------------------------------------------------------------------------------------------------------------------------------
  ⇒ 翻面格數階梯 ＝ **(0, 1, 3)**（期望 `(0, 1, 3)`）⇒ ✅ 相符
  🔒 **本閘確會紅亦確會綠**：最低高度 0 格、最高高度 3 格 ⇒ ⛔ 非恆綠、⛔ 非恆紅。

============================================================================================================================================================================
【D】**見證**（A-5-3）：三焦點格·甲乙各一組·**四角座標 ＋ 逐角 `poly.covers`**
============================================================================================================================================================================
  🔴 **具名偏離施工單字面**：單令「判『進』之格須出艙見證」，而三焦點格於**甲式**
     皆為「不進」（短少 > 0）⇒ 若照字面則**一組見證都出不了**。
     ⇒ 🔒 **改於該格自己的 `w_max` 取見證**（＝該格<u>確實可容納</u>之最大寬）
     ——資訊**多於**而非少於原令；並**併報**其於 `W = 3.50` 是否可容納。

  式   街廓   側               見證寬 w     W=3.50 可容納?     逐角 covers      四角全在    候選數
----------------------------------------------------------------------------------------------------------------------------------------------------------------------------
  甲   R1   right     3.484936128                否         [TTTF]          否      6
  甲   R5   left      3.499495816                否         [TTTF]          否      6
  甲   R6   right     3.488680559                否         [FTTT]          否      6
  乙   R1   right     3.500000009                是         [TTTT]          是      6
  乙   R5   left      3.499999854                否         [TTTT]          是      1
  乙   R6   right     3.499999912                否         [FTTT]          否      6
----------------------------------------------------------------------------------------------------------------------------------------------------------------------------
  ⇒ **2／6** 組見證之四角全在宗內

  **見證矩形之四角座標（原框·⛔ 具名·⛔ 非僅報 True）**
  甲 R1/right @ w=3.484936128　θ=2.421482
     四角 ＝ (310506.1314, 2651940.7972)　(310503.5117, 2651943.0954)　(310494.2791, 2651932.5712)　(310496.8989, 2651930.2730)
     逐角 covers ＝ ['T', 'T', 'T', 'F']
  甲 R5/left @ w=3.499495816　θ=0.833714
     四角 ＝ (310466.2015, 2651817.1508)　(310468.5536, 2651819.7419)　(310458.1875, 2651829.1518)　(310455.8354, 2651826.5606)
     逐角 covers ＝ ['T', 'T', 'T', 'F']
  甲 R6/right @ w=3.488680559　θ=0.833714
     四角 ＝ (310476.6607, 2651807.6564)　(310479.0056, 2651810.2395)　(310468.6395, 2651819.6493)　(310466.2947, 2651817.0662)
     逐角 covers ＝ ['F', 'T', 'T', 'T']
  乙 R1/right @ w=3.500000009　θ=2.421482
     四角 ＝ (310506.2933, 2651940.9818)　(310503.6622, 2651943.2899)　(310494.4297, 2651932.7656)　(310497.0608, 2651930.4575)
     逐角 covers ＝ ['T', 'T', 'F', 'T']
  乙 R5/left @ w=3.499999854　θ=0.833714
     四角 ＝ (310466.2015, 2651817.1508)　(310468.5539, 2651819.7423)　(310458.1879, 2651829.1521)　(310455.8354, 2651826.5606)
     逐角 covers ＝ ['T', 'T', 'T', 'T']
  乙 R6/right @ w=3.499999912　θ=0.833714
     四角 ＝ (310476.6463, 2651807.6695)　(310478.9988, 2651810.2610)　(310468.6327, 2651819.6708)　(310466.2803, 2651817.0793)
     逐角 covers ＝ ['F', 'T', 'F', 'T']

============================================================================================================================================================================
【E】逐項判定
============================================================================================================================================================================
  A-5-1 對照組       ✅　甲乙分裂 ＝ 5／3（須 5／3·⛔ 非 8／0、⛔ 非 0／8）
  A-5-2 階梯        ✅　翻面格數 ＝ (0, 1, 3)（須 `(0, 1, 3)`）
  A-5-3 見證        🔴　2／6 組四角全在
----------------------------------------------------------------------------------------------------------------------------------------------------------------------------
  ⇒ **🔴 有未成立項**
  🔒 §七-5 收束斷言：`LOCAL_ORIGIN is True` ✅
============================================================================================================================================================================
