==================================================================================================================================================================================
【W-G.9-68】`setback = 3.5` 之乙式量 ＋ `setback = 0` 對照
==================================================================================================================================================================================
  產生於 commit：4df19f4
  🔒 **⛔ 零生產碼變更**；儀器沿用既有者；⛔ 未新增第二份判定原語。
  🔒 不變式：`S1_perp = max(_seg_P0Ps·sinθ, T)`；`T = setback + 3.50`。

==================================================================================================================================================================================
【A-1】`setback = 3.5`（⇒ `T = 7.00`）之八格　＋　`setback = 0` 之**支配項對照**
==================================================================================================================================================================================
  街廓   側              sinθ   _seg_P0Ps    seg·sinθ      T    S1_perp    支配(3.5m)    支配(0m)          範圍實測垂距     垂距−S1_perp        路平行距   >T?      構造自檢
----------------------------------------------------------------------------------------------------------------------------------------------------------------------------------
  R1   left      0.9974794    3.668198    3.658952   7.00   7.000000           T   seg·sin     7.000000000      1.425e-10    7.017689    ✅        ✅ 過
  R1   right     0.9956960    3.382567    3.368008   7.00   7.000000           T         T     7.000000000      9.314e-11    7.030258    ✅        ✅ 過
  R2   left      0.9999884    3.544219    3.544178   7.00   7.000000           T   seg·sin     7.000000000      1.151e-10    7.000081    ✅        ✅ 過
  R3   right     0.9998560    3.565921    3.565408   7.00   7.000000           T   seg·sin     7.000000000      1.782e-10    7.001008    ✅        ✅ 過
  R4   left      0.9956946    3.711446    3.695467   7.00   7.000000           T   seg·sin     7.000000000     -1.160e-10    7.030268    ✅        ✅ 過
  R4   right     0.9999895    3.543883    3.543846   7.00   7.000000           T   seg·sin     7.000000000     -2.816e-10    7.000074    ✅        ✅ 過
  R5   left      0.9998560    3.463292    3.462793   7.00   7.000000           T         T     7.000000000      1.235e-10    7.001008    ✅        ✅ 過
  R6   right     0.9967659    3.401504    3.390503   7.00   7.000000           T         T     7.000000000      5.294e-12    7.022712    ✅        ✅ 過
----------------------------------------------------------------------------------------------------------------------------------------------------------------------------------
  ⇒ **垂距 ＝ `S1_perp` 之格數 ＝ 8／8**（容差 `1e-09`）
  ⇒ **路平行距 > `T` 之格數 ＝ 8／8**（畸零地使用規則第四條第三款）

  🔒 **判別力對照（`A-1` 明令·⛔ 不得省）**：二情境之**支配項分佈**
     · `setback = 3.5` ⇒ `T` **8 格**／`seg·sinθ` **0 格**
     · `setback = 0`　 ⇒ `T` **3 格**／`seg·sinθ` **5 格**
     ⇒ **✅ 二分佈不同 ⇒ `setback` 確有進到量測**
     🔒 `seg·sinθ` 之值域 ＝ `[3.368008, 3.695467]`（**該量與 `setback` 無關** ⇒ 二情境同值）

==================================================================================================================================================================================
【A-3】**門檻（街角規定範圍面積）之 `3.5m` 對帳**
==================================================================================================================================================================================
  🔒 **同口徑（自誤 58）**：值取 **2dp**，差**由 2dp 相減**（⛔ 不以全精度相減後再捨入）。
  🔒 **對拍靶之出處**：`verify/out/_wg967_runall_stdout.txt` 之【參數3.5m】（其 `凍存:` 列即**修前**之 `got`·成立於 commit `2de3ea7`）
     ⚠️ **⛔ 未取 `verify/baselines/`**——該處之 `baseline=` 係**更早世代之錨**（`W-G.9-4` 起本支為「准紅碼」）⇒ 以其為修前值會**跨兩個世代**。

  街廓   側                3.5m 門檻(㎡·全精度)       2dp
----------------------------------------------------------------------------------------------------------------------------------------------------------------------------------
  R1   left                 226.011400    226.01
  R1   right                227.128425    227.13
  R2   left                 308.165400    308.17
  R3   right                307.793779    307.79
  R4   left                 226.006476    226.01
  R4   right                225.423247    225.42
  R5   left                 299.730991    299.73
  R6   right                299.134509    299.13
----------------------------------------------------------------------------------------------------------------------------------------------------------------------------------
  ⚠️ **修前之 `3.5m` 逐格門檻，倉內<u>無</u>可直接對拍之逐格表**
     ——`W-G.9-66`【A-3】之八格係 `setback = 0`；`run_all` 之【參數3.5m】只列**違規列**
     （凍存 14 列／現況 13 列·⛔ 非八格全表）⇒ 🔒 **本項改以 `run_all` 之違規列逐列對拍**
     ⛔ **不以「八格全表」之名出艙一個倉內不存在之對照**。

==================================================================================================================================================================================
【B】逐項判定
==================================================================================================================================================================================
  A-1 不變式           ✅　垂距 ＝ `S1_perp` 之格數 ＝ 8／8
  A-1 判別力           ✅　支配項分佈 3.5m (8, 0) vs 0m (3, 5) ⇒ 不同
  A-1 第四條第三款        ✅　路平行距 > `T` 之格數 ＝ 8／8
----------------------------------------------------------------------------------------------------------------------------------------------------------------------------------
  ⇒ **✅ 全部成立**
==================================================================================================================================================================================
