==================================================================================================================================================================================================================
【W-G.9-81 §二 A 組】閉式之射程——凸性／補 s 軸／34 列歸因／α 相消充要條件（⛔ 只量不修）
==================================================================================================================================================================================================================
  產生於 commit：de4bc85
  環境：shapely 2.1.2 | GEOS (3, 13, 1)
  🔒 A-0 **事前選定：偏向判「閉式不足」**（可二解者先歸甲）⇒ 錯誤方向**會吵**。
  🔒 常設 9：殘差一律併印 `殘差/ulp`；常設 10：每表末印 POPULATION/PRINTED/SUPPRESSED。

【0】量測器自檢（⛔ 先自檢後量測·各項皆附**已知真／已知偽**對照）
------------------------------------------------------------------------------------------------------------------------------------------------------------------------------------------------------------------
  ① 逐位相同：同值/反向=True／**差 1 ulp**(5.551e-17)=False(期望 False) ⇒ PASS
  ② 凸性判定：**L 形** equals(hull)=False(**期望 False**)·凹陷佔比=0.219512(>0)／方形 equals=True(期望 True) ⇒ PASS
  ③ `⟨û,m̂⟩ == cross(û,n̂)`（`n̂=rot90(m̂)`·單位 m̂）：-0.569209978830308 vs -0.569209978830308 ⇒ PASS
     對照（非單位 m̂·|m̂|=2）：仍相等 ⇒ PASS（⇒ 該恆等⛔ 不依賴 m̂ 之長度）
  ④ `math.ulp(1.585110e+09)` = 2.384186e-07（期望 2.384186e-07·＝`VR-039` 二所載）⇒ PASS
  ⇒ 量測器自檢：PASS

【驅動·第一趟（真實）】R1–R6 × 兩情境——街廓母體 = ['R1', 'R2', 'R4', 'R6', 'R5', 'R3']
------------------------------------------------------------------------------------------------------------------------------------------------------------------------------------------------------------------
  攔截 12 格；**可算交點之對（母體）＝ 86**（🔒 承 `W-G.9-80`·⛔ 非 67）

【A-1】六街廓 × 兩情境之**凸性**
------------------------------------------------------------------------------------------------------------------------------------------------------------------------------------------------------------------
  情境     街廓         頂點數 is_valid     block.area      hull.area           凹陷佔比 equals(hull)
  0m     R1           9     True      2893.5531      2893.5531   2.586367e-09 🔴 **否（非凸）**
  0m     R2           5     True      4368.6033      4368.6033   2.220446e-16 **是（凸）**  
  0m     R4           7     True      3207.8665      3207.8665  -2.220446e-16 **是（凸）**  
  0m     R6           5     True      3976.3037      3976.3037   1.110223e-16 **是（凸）**  
  0m     R5           5     True      4150.2149      4150.2149   0.000000e+00 **是（凸）**  
  0m     R3           5     True      4206.7996      4206.7996   0.000000e+00 **是（凸）**  
  3.5m   R1           9     True      2893.5531      2893.5531   2.586367e-09 🔴 **否（非凸）**
  3.5m   R2           5     True      4368.6033      4368.6033   2.220446e-16 **是（凸）**  
  3.5m   R4           7     True      3207.8665      3207.8665  -2.220446e-16 **是（凸）**  
  3.5m   R6           5     True      3976.3037      3976.3037   1.110223e-16 **是（凸）**  
  3.5m   R5           5     True      4150.2149      4150.2149   0.000000e+00 **是（凸）**  
  3.5m   R3           5     True      4206.7996      4206.7996   0.000000e+00 **是（凸）**  
  POPULATION=12 PRINTED=12 SUPPRESSED=0  # A-1 凸性（12 格全列）
  ⇒ **非凸之格數 ＝ 2 ／ 12**

【A-2】補 `s` 軸（🔒 母體 ＝ 86·⛔ 非 67）——必答：`越界量_s > 0` 者 ＝ ?
------------------------------------------------------------------------------------------------------------------------------------------------------------------------------------------------------------------
  情境     街廓    j    k         s(p_j)    ⟨û_j,m̂⟩       預測 s_X       實測 s_X     殘差/ulp 街廓 s 域                   **越界量_s**
  0m     R5    0    7         4.8498   -0.075361      92.7995      92.7995   10135.00 [   0.269,  92.800]      0.0000
  0m     R2    0    8         4.0554   -0.075361     100.0274     100.0274   10432.00 [   0.268, 100.027]     -0.0000
  0m     R3    0    7         1.0265    0.000000       1.0265       1.0265  548862.00 [  -0.000,  96.803]     -1.0265
  0m     R3    0    8         1.0265    0.000000       1.0265       1.0265  500093.00 [  -0.000,  96.803]     -1.0265
  0m     R2    0    9         4.0554   -0.075361      98.6881      98.6881    5842.00 [   0.268, 100.027]     -1.3393
  0m     R5    0    8         4.8498   -0.075361      89.6801      89.6801    5183.00 [   0.269,  92.800]     -3.1195
  0m     R6    0    6         0.1552    0.000000       0.1552       0.1552 5327398591.00 [  -3.607,  85.855]     -3.7620
  0m     R6    0    7         0.1552    0.000000       0.1552       0.1552 5327398591.00 [  -3.607,  85.855]     -3.7620
  3.5m   R6    0    6         0.1552    0.000000       0.1552       0.1552 5327398591.00 [  -3.607,  85.855]     -3.7620
  3.5m   R6    0    7         0.1552    0.000000       0.1552       0.1552 5327398591.00 [  -3.607,  85.855]     -3.7620
  0m     R2    0    2         4.0554   -0.075361       4.8139       4.8139   34081.00 [   0.268, 100.027]     -4.5462
  0m     R5    0    2         4.8498   -0.075361       5.2363       5.2363   34977.00 [   0.269,  92.800]     -4.9678
  0m     R2    0    3         4.0554   -0.075361       5.4612       5.4612  107612.00 [   0.268, 100.027]     -5.1934
  0m     R5    0    3         4.8498   -0.075361       6.4101       6.4101   13334.00 [   0.269,  92.800]     -6.1416
  0m     R3    1    7         6.7435    0.000000       6.7435       6.7435   67542.00 [  -0.000,  96.803]     -6.7435
  0m     R3    1    8         6.7435    0.000000       6.7435       6.7435  167296.00 [  -0.000,  96.803]     -6.7435
  POPULATION=86 PRINTED=16 SUPPRESSED=70  # A-2 逐對（依 `越界量_s` 遞減·僅列前 16）
     ⚠️ `PRINTED ≠ POPULATION` ⇒ 🔒 **本表之結論一律以 `POPULATION` 為分母**（⛔ 表身列數不得作為母體·節 105）
  🔴 **必答：`越界量_s > 0` 者 ＝ 1 ／ 86**
     逐對具名（全列·⛔ 非取樣）：
       [0m] R5   (0,7)  s_X=92.7995  s 域=[0.269,92.800]  越界量_s=0.0000  contains=False
  🔒 `s` 恆等式之 **`殘差/ulp`**：極大 5327398591.00 ／ 中位 25470.00 ／ 最小 74.00（🔒 常設 9）

【A-4】`α` 相消之**充要條件**：`⟨û_j,m̂⟩ / sinα = ±1　⟺　û_k ∥ n̂`
------------------------------------------------------------------------------------------------------------------------------------------------------------------------------------------------------------------
  🔒 **母體之三項更正（施工單所令）**：① 取 `|比值|`（原 `[0.9,1.1]` 係帶號區間·發單側之過）
     ② 例外類改為「`û_k` 不 ∥ `n̂`」（⛔ 非「`宗k` 亦為街角宗」）③ **排除 `⟨û_j,m̂⟩ = 0` 之對**
  🔒 ③ 之排除：`⟨û_j,m̂⟩ = 0` 之對 ＝ **40**（逐對具名·⛔ 自始不屬母體）：
       [0m] R1   (1,2)  ⟨û_j,m̂⟩=0.000e+00
       [0m] R1   (1,3)  ⟨û_j,m̂⟩=0.000e+00
       [0m] R6   (0,6)  ⟨û_j,m̂⟩=0.000e+00
       [0m] R6   (0,7)  ⟨û_j,m̂⟩=0.000e+00
       [0m] R6   (1,6)  ⟨û_j,m̂⟩=0.000e+00
       [0m] R6   (1,7)  ⟨û_j,m̂⟩=0.000e+00
       [0m] R6   (2,6)  ⟨û_j,m̂⟩=0.000e+00
       [0m] R6   (2,7)  ⟨û_j,m̂⟩=0.000e+00
       [0m] R6   (3,6)  ⟨û_j,m̂⟩=0.000e+00
       [0m] R6   (3,7)  ⟨û_j,m̂⟩=0.000e+00
       [0m] R6   (4,6)  ⟨û_j,m̂⟩=0.000e+00
       [0m] R6   (4,7)  ⟨û_j,m̂⟩=0.000e+00
       [0m] R6   (5,6)  ⟨û_j,m̂⟩=0.000e+00
       [0m] R6   (5,7)  ⟨û_j,m̂⟩=0.000e+00
       [0m] R3   (0,7)  ⟨û_j,m̂⟩=0.000e+00
       [0m] R3   (0,8)  ⟨û_j,m̂⟩=0.000e+00
       [0m] R3   (1,7)  ⟨û_j,m̂⟩=0.000e+00
       [0m] R3   (1,8)  ⟨û_j,m̂⟩=0.000e+00
       [0m] R3   (2,7)  ⟨û_j,m̂⟩=0.000e+00
       [0m] R3   (2,8)  ⟨û_j,m̂⟩=0.000e+00
       [0m] R3   (3,7)  ⟨û_j,m̂⟩=0.000e+00
       [0m] R3   (3,8)  ⟨û_j,m̂⟩=0.000e+00
       [0m] R3   (4,7)  ⟨û_j,m̂⟩=0.000e+00
       [0m] R3   (4,8)  ⟨û_j,m̂⟩=0.000e+00
       [0m] R3   (5,7)  ⟨û_j,m̂⟩=0.000e+00
       [0m] R3   (5,8)  ⟨û_j,m̂⟩=0.000e+00
       [0m] R3   (6,7)  ⟨û_j,m̂⟩=0.000e+00
       [0m] R3   (6,8)  ⟨û_j,m̂⟩=0.000e+00
       [3.5m] R6   (0,6)  ⟨û_j,m̂⟩=0.000e+00
       [3.5m] R6   (0,7)  ⟨û_j,m̂⟩=0.000e+00
       [3.5m] R6   (1,6)  ⟨û_j,m̂⟩=0.000e+00
       [3.5m] R6   (1,7)  ⟨û_j,m̂⟩=0.000e+00
       [3.5m] R6   (2,6)  ⟨û_j,m̂⟩=0.000e+00
       [3.5m] R6   (2,7)  ⟨û_j,m̂⟩=0.000e+00
       [3.5m] R6   (3,6)  ⟨û_j,m̂⟩=0.000e+00
       [3.5m] R6   (3,7)  ⟨û_j,m̂⟩=0.000e+00
       [3.5m] R6   (4,6)  ⟨û_j,m̂⟩=0.000e+00
       [3.5m] R6   (4,7)  ⟨û_j,m̂⟩=0.000e+00
       [3.5m] R6   (5,6)  ⟨û_j,m̂⟩=0.000e+00
       [3.5m] R6   (5,7)  ⟨û_j,m̂⟩=0.000e+00
  🔒 ⟨û_j,m̂⟩ == cross(û_j,n̂) 之逐對複驗：|差| 極大 = 0.000e+00（自檢 ③ 已先證其代數）
  情境     街廓    j    k    |cross(û_k,n̂)|      **|比值|**     ||比值|−1| ∥n̂?       判         
  0m     R1    0    2        1.206e-02   0.446824113    5.532e-01 否          ✅ 一致      
  0m     R1    0    3        1.206e-02   0.446824113    5.532e-01 否          ✅ 一致      
  0m     R1    0    4        0.000e+00   1.000000000    0.000e+00 是          ✅ 一致      
  0m     R1    2    4        0.000e+00   1.000000000    0.000e+00 是          ✅ 一致      
  0m     R2    0    2        0.000e+00   1.000000000    0.000e+00 是          ✅ 一致      
  0m     R2    0    3        0.000e+00   1.000000000    0.000e+00 是          ✅ 一致      
  0m     R2    0    4        0.000e+00   1.000000000    0.000e+00 是          ✅ 一致      
  0m     R2    0    5        0.000e+00   1.000000000    0.000e+00 是          ✅ 一致      
  0m     R2    0    6        0.000e+00   1.000000000    0.000e+00 是          ✅ 一致      
  0m     R2    0    7        0.000e+00   1.000000000    0.000e+00 是          ✅ 一致      
  POPULATION=46 PRINTED=10 SUPPRESSED=36  # A-4 逐對（更正後母體·僅列不一致者或前 10）
     ⚠️ `PRINTED ≠ POPULATION` ⇒ 🔒 **本表之結論一律以 `POPULATION` 為分母**（⛔ 表身列數不得作為母體·節 105）
  ⇒ 更正後母體 **46**（＝ 86 − 40 之 `⟨û_j,m̂⟩=0`）：**一致 46 ／ 不一致 0** ⇒ ✅ **對稱差 ＝ 空集**（`P5` 成立）
  🔒 其中 `û_k ∥ n̂` 者 **40** ／ 不 ∥ 者 **6**（＝ 更正後之**例外類**）

【A-5】**二軸閉式**（`s` ∧ `t`）於 86 真實對之重測
------------------------------------------------------------------------------------------------------------------------------------------------------------------------------------------------------------------
  二軸式（`s ∧ t`）：一致 **86** ／ 不一致 **0**
  單軸式（僅 `t`·＝ `W-G.9-80`）：一致 **86** ／ 不一致 **0**（🔒 負對照）
  POPULATION=86 PRINTED=86 SUPPRESSED=0  # A-5 真實對（全量計入·⛔ 無列印濾網）

【A-3 ＋ A-5】`θ` 掃描 -8°, -6°, -4°, -2°, 0°, 2°, 4°, 6°, 8°, 12°, 16°, 20° ——34 列歸因 ＋ 二軸式重測
------------------------------------------------------------------------------------------------------------------------------------------------------------------------------------------------------------------
  🔒 **負對照（單軸·僅 `t`）**：掃描不一致 ＝ **34**（🔒 施工單期望 **34** ⇒ ✅ 相符）
  🆕 **二軸式（`s ∧ t`）**：掃描不一致 ＝ **34** ⇒ 🔴 **未降低 ⇒ `s` 軸無判別力·具名**
  POPULATION=144 PRINTED=144 SUPPRESSED=0  # 掃描列（12θ × 12 格）

  🔴 **A-3 之逐列歸因**（🔒 三類互斥·和須 ＝ 單軸判在內之對數）
  θ      情境     街廓    j    k            s_X           t_X       越界量_s bbox_in  contains  歸類    
  -8°    0m     R2    0    2         8.7285       -0.6159     -8.4608 True     False     **乙** 
  -8°    0m     R2    0    3         9.3819       -5.2533     -9.1141 True     False     **乙** 
  -8°    0m     R5    0    2         9.4586       -0.8728     -9.1901 True     False     **乙** 
  -6°    0m     R2    0    2         7.9947       -0.5642     -7.7270 True     False     **乙** 
  -6°    0m     R2    0    3         8.6463       -6.7482     -8.3786 True     False     **乙** 
  -6°    0m     R5    0    2         8.6915       -0.8020     -8.4229 True     False     **乙** 
  -4°    0m     R2    0    2         7.2205       -0.5095     -6.9528 True     False     **乙** 
  -4°    0m     R5    0    2         7.9339       -0.7321     -7.6654 True     False     **乙** 
  -4°    0m     R3    7    9        88.0706      -40.7582     -8.7326 True     False     **乙** 
  -2°    0m     R2    0    2         6.4524       -0.4554     -6.1847 True     False     **乙** 
  -2°    0m     R5    0    2         7.1848       -0.6630     -6.9163 True     False     **乙** 
  2°     0m     R6    6    8        77.8945        6.2595     -7.9605 True     False     **乙** 
  2°     3.5m   R6    6    8        77.8945        6.2595     -7.9605 True     False     **乙** 
  4°     0m     R6    6    8        77.1489        6.1996     -8.7061 True     False     **乙** 
  4°     3.5m   R6    6    8        77.1489        6.1996     -8.7061 True     False     **乙** 
  6°     0m     R6    6    8        76.3962        6.1392     -9.4588 True     False     **乙** 
  6°     0m     R3    7    9        88.4098        8.1578     -8.3934 True     False     **乙** 
  6°     3.5m   R6    6    8        76.3962        6.1392     -9.4588 True     False     **乙** 
  8°     0m     R1    2    4        77.8704       -4.7508     -9.8451 True     False     **乙** 
  8°     0m     R6    6    8        75.6336        6.0779    -10.2213 True     False     **乙** 
  8°     0m     R3    7    9        87.6549        8.0881     -9.1483 True     False     **乙** 
  8°     3.5m   R1    1    3        77.8708       -4.7524     -9.8447 True     False     **乙** 
  8°     3.5m   R6    6    8        75.6336        6.0779    -10.2213 True     False     **乙** 
  12°    0m     R1    2    4        76.8466       -6.1990    -10.8689 True     False     **乙** 
  POPULATION=36 PRINTED=24 SUPPRESSED=12  # A-3 歸因（逐對·僅列前 24）
     ⚠️ `PRINTED ≠ POPULATION` ⇒ 🔒 **本表之結論一律以 `POPULATION` 為分母**（⛔ 表身列數不得作為母體·節 105）
  ⇒ **甲（`s` 越界）＝ 0 ／ 乙（外接盒 ⊋ 真多邊形）＝ 36 ／ 丙（其他）＝ 0**；和 ＝ 36 ／ 逐對母體 ＝ 36 ⇒ ✅ 相等（`P3` 成立）
