========================================================================================================================================================================================================
【D-2b-5 §三】ΣRw = 100.02 之逐位歸因 — ⛔ 禁以「容差內」代替「已查明」
========================================================================================================================================================================================================

【0】🔒 反靜默：`_solve_G_one` 被攔截 **152** 次　⇒ ✅ spy 生效
　　其中具非零 `Rw_raw` 者 **150** 筆（＝實際入 Rw 鏈之呼叫）

【1】逐宗未捨入 vs 2dp（⛔ 逐位）
--------------------------------------------------------------------------------------------------------------------------------------------------------------------------------------------------------
  #   角    W_start_raw        W_far_raw   round(W_far,2)      Rw_raw(%)  round(Rw,2)   R(W_far_raw)   R(W_far_2dp)        表放大 δ
--------------------------------------------------------------------------------------------------------------------------------------------------------------------------------------------------------
  0   ★       0.000000     45.936758989            45.94     100.000000       100.00     100.000000     100.000000    +0.000000
  1   ★       0.000000     46.140199068            46.14     100.000000       100.00     100.000000     100.000000    +0.000000
  2   ★       0.000000     13.963882246            13.96      87.662753        87.66      87.662753      87.648000    +0.014753
  3   ★       0.000000     14.018257613            14.02      87.863902        87.86      87.863902      87.870000    -0.006098
  4   ★      -0.000000      0.157023141             0.16       2.732203         2.73       2.732203       2.784000    -0.051797
  5   ★      -0.000000      6.830669846             6.83      54.734818        54.73      54.734818      54.731000    +0.003818
  6   ★      -0.000000      3.187145369             3.19      32.516445        32.52      32.516445      32.535000    -0.018555
  7   ★      -0.000000      1.535301103             1.54      21.147108        21.15      21.147108      21.180000    -0.032892
  8   ★      -0.000000     15.103928589            15.10      91.622179        91.62      91.622179      91.610000    +0.012179
  9   ★      -0.000000      3.328498841             3.33      33.435242        33.44      33.435242      33.445000    -0.009758
 10   ★      -0.000000      7.446683706             7.45      58.112092        58.11      58.112092      58.130000    -0.017908
 11   ★      -0.000000      7.197601261             7.20      56.767047        56.77      56.767047      56.780000    -0.012953
 12   ★      -0.000000      2.696488861             2.70      29.205773        29.21      29.205773      29.230000    -0.024227
 13   ★      -0.000000      0.005549674             0.01       0.096564         0.10       0.096564       0.174000    -0.077436
 14   ★      -0.000000      4.593171704             4.59      41.477665        41.48      41.477665      41.458000    +0.019665
 15   ★      -0.000000      3.246794350             3.25      32.904163        32.90      32.904163      32.925000    -0.020837
 16   ★      -0.000000      5.552432462             5.55      47.314595        47.31      47.314595      47.300000    +0.014595
 17   ★      -0.000000      0.067250728             0.07       1.170163         1.17       1.170163       1.218000    -0.047837
 18   ★      -0.000000      0.227944572             0.23       3.966236         3.97       3.966236       4.002000    -0.035764
 19   ★      -0.000000      9.202731178             9.20      67.273110        67.27      67.273110      67.260000    +0.013110
 20   ★      -0.000000     11.315819838            11.32      77.058025        77.06      77.058025      77.076000    -0.017975
 21   ★      -0.000000      6.539956307             6.54      53.077751        53.08      53.077751      53.078000    -0.000249
 22   ★      -0.000000      4.849131429             4.85      43.064615        43.06      43.064615      43.070000    -0.005385
 23   ★      -0.000000      0.034687217             0.03       0.603558         0.60       0.603558       0.522000    +0.081558
 24   ★      -0.000000      1.154588812             1.15      18.482122        18.48      18.482122      18.450000    +0.032122
 25   ★      -0.000000     10.251134631            10.25      72.255219        72.26      72.255219      72.250000    +0.005219
 26   ★      -0.000000      0.335191785             0.34       5.832337         5.83       5.832337       5.916000    -0.083663
 27   ★       0.000000      1.223694504             1.22      18.965862        18.97      18.965862      18.940000    +0.025862
 28   ★       0.000000      9.279778716             9.28      67.642938        67.64      67.642938      67.644000    -0.001062
 29   ★       0.000000      8.308301882             8.31      62.703170        62.70      62.703170      62.712000    -0.008830
 30   ★       0.000000      1.501095784             1.50      20.907670        20.91      20.907670      20.900000    +0.007670
 31   ★       0.000000      9.175991718             9.18      67.144760        67.14      67.144760      67.164000    -0.019240
 32   ★       0.000000      0.103023859             0.10       1.792615         1.79       1.792615       1.740000    +0.052615
 33   ★       0.000000      4.055324351             4.06      38.143011        38.14      38.143011      38.172000    -0.028989
 34   ★       0.000000      5.014590950             5.01      44.087546        44.09      44.087546      44.060000    +0.027546
 35   ★       0.000000      1.900599416             1.90      23.704196        23.70      23.704196      23.700000    +0.004196
 36   ★       0.000000      1.366401628             1.37      19.964811        19.96      19.964811      19.990000    -0.025189
 37   ★       0.000000      3.128872758             3.13      32.137673        32.14      32.137673      32.145000    -0.007327
 38   ★       0.000000      3.116280953             3.12      32.055826        32.06      32.055826      32.080000    -0.024174
 39   ★       0.000000      0.005723548             0.01       0.099590         0.10       0.099590       0.174000    -0.074410
 40   ★       0.000000      6.514923594             6.51      52.935064        52.94      52.935064      52.907000    +0.028064
 41   ★       0.000000      0.631116530             0.63      10.981428        10.98      10.981428      10.962000    +0.019428
 42   ★      -0.000000      0.920839069             0.92      16.022600        16.02      16.022600      16.008000    +0.014600
 43   ★      -0.000000      8.959166001             8.96      66.087663        66.09      66.087663      66.092000    -0.004337
 44   ★      -0.000000      8.087433426             8.09      61.554654        61.55      61.554654      61.568000    -0.013346
 45   ★      -0.000000      5.314578010             5.31      45.887468        45.89      45.887468      45.860000    +0.027468
 46   ★      -0.000000      1.891523075             1.89      23.640662        23.64      23.640662      23.630000    +0.010662
 47   ★      -0.000000      1.527839642             1.53      21.094877        21.09      21.094877      21.110000    -0.015123
 48   ★      -0.000000      4.487521268             4.49      40.822632        40.82      40.822632      40.838000    -0.015368
 49   ★      -0.000000      9.714224499             9.71      69.728278        69.73      69.728278      69.708000    +0.020278
 50   ★      -0.000000      3.051617844             3.05      31.635516        31.64      31.635516      31.625000    +0.010516
 51   ★      -0.000000      3.051617844             3.05      31.635516        31.64      31.635516      31.625000    +0.010516
 52   ★      -0.000000      1.664820914             1.66      22.053746        22.05      22.053746      22.020000    +0.033746
 53   ★      -0.000000      0.560109409             0.56       9.745904         9.75       9.745904       9.744000    +0.001904
 54   ★      -0.000000      1.389012260             1.39      20.123086        20.12      20.123086      20.130000    -0.006914
 55   ★      -0.000000      1.389012260             1.39      20.123086        20.12      20.123086      20.130000    -0.006914
 56   ★      -0.000000      6.463265173             6.46      52.640611        52.64      52.640611      52.622000    +0.018611
 57   ★      -0.000000      6.431472474             6.43      52.459393        52.46      52.459393      52.451000    +0.008393
 58   ★      -0.000000     17.520651390            17.52      98.753694        98.75      98.753694      98.752000    +0.001694
 59   ★      -0.000000     17.476653548            17.48      98.639299        98.64      98.639299      98.648000    -0.008701
 60   ★      -0.000000     17.775142040            17.78      99.415369        99.42      99.415369      99.428000    -0.012631
 61   ★      -0.000000     17.731193797            17.73      99.301104        99.30      99.301104      99.298000    +0.003104
 62   ★      -0.000000      7.050653516             7.05      55.973529        55.97      55.973529      55.970000    +0.003529
 63   ★      -0.000000      7.018181085             7.02      55.798178        55.80      55.798178      55.808000    -0.009822
 64   ★      -0.000000      2.633280547             2.63      28.769636        28.77      28.769636      28.747000    +0.022636
 65   ★      -0.000000      2.611369729             2.61      28.618451        28.62      28.618451      28.609000    +0.009451
 66   ★      -0.000000      6.463265173             6.46      52.640611        52.64      52.640611      52.622000    +0.018611
 67           6.460000     24.655052320            24.66      47.378000        47.38     100.000000     100.000000    +0.000000
 68   ★      -0.400718      7.018432777             7.02      55.799537        55.80      55.799537      55.808000    -0.008463
 69           7.020000      9.805283962             9.81      14.357363        14.36      70.165363      70.188000    -0.022637
 70   ★      -0.000000      6.463265173             6.46      52.640611        52.64      52.640611      52.622000    +0.018611
 71           6.460000     24.655052320            24.66      47.378000        47.38     100.000000     100.000000    +0.000000
 72   ★      -0.400718      7.018238469             7.02      55.798488        55.80      55.798488      55.808000    -0.009512
 73           7.020000      9.805322013             9.81      14.357546        14.36      70.165546      70.188000    -0.022454
 74           9.810000     27.750635595            27.75      29.812000        29.81     100.000000     100.000000    +0.000000
 75   ★       0.000000     45.936758989            45.94     100.000000       100.00     100.000000     100.000000    +0.000000
 76   ★       0.000000     46.140199068            46.14     100.000000       100.00     100.000000     100.000000    +0.000000
 77   ★       0.000000     13.963882246            13.96      87.662753        87.66      87.662753      87.648000    +0.014753
 78   ★       0.000000     14.018257613            14.02      87.863902        87.86      87.863902      87.870000    -0.006098
 79   ★      -0.000000      0.157023141             0.16       2.732203         2.73       2.732203       2.784000    -0.051797
 80   ★      -0.000000      6.830669846             6.83      54.734818        54.73      54.734818      54.731000    +0.003818
 81   ★      -0.000000      3.187145369             3.19      32.516445        32.52      32.516445      32.535000    -0.018555
 82   ★      -0.000000      1.535301103             1.54      21.147108        21.15      21.147108      21.180000    -0.032892
 83   ★      -0.000000     15.103928589            15.10      91.622179        91.62      91.622179      91.610000    +0.012179
 84   ★      -0.000000      3.328498841             3.33      33.435242        33.44      33.435242      33.445000    -0.009758
 85   ★      -0.000000      7.446683706             7.45      58.112092        58.11      58.112092      58.130000    -0.017908
 86   ★      -0.000000      7.197601261             7.20      56.767047        56.77      56.767047      56.780000    -0.012953
 87   ★      -0.000000      2.696488861             2.70      29.205773        29.21      29.205773      29.230000    -0.024227
 88   ★      -0.000000      0.005549674             0.01       0.096564         0.10       0.096564       0.174000    -0.077436
 89   ★      -0.000000      4.593171704             4.59      41.477665        41.48      41.477665      41.458000    +0.019665
 90   ★      -0.000000      3.246794350             3.25      32.904163        32.90      32.904163      32.925000    -0.020837
 91   ★      -0.000000      5.552432462             5.55      47.314595        47.31      47.314595      47.300000    +0.014595
 92   ★      -0.000000      0.067250728             0.07       1.170163         1.17       1.170163       1.218000    -0.047837
 93   ★      -0.000000      0.227944572             0.23       3.966236         3.97       3.966236       4.002000    -0.035764
 94   ★      -0.000000      9.202731178             9.20      67.273110        67.27      67.273110      67.260000    +0.013110
 95   ★      -0.000000     11.315819838            11.32      77.058025        77.06      77.058025      77.076000    -0.017975
 96   ★      -0.000000      6.539956307             6.54      53.077751        53.08      53.077751      53.078000    -0.000249
 97   ★      -0.000000      4.849131429             4.85      43.064615        43.06      43.064615      43.070000    -0.005385
 98   ★      -0.000000      0.034687217             0.03       0.603558         0.60       0.603558       0.522000    +0.081558
 99   ★      -0.000000      1.154588812             1.15      18.482122        18.48      18.482122      18.450000    +0.032122
100   ★      -0.000000     10.251134631            10.25      72.255219        72.26      72.255219      72.250000    +0.005219
101   ★      -0.000000      0.335191785             0.34       5.832337         5.83       5.832337       5.916000    -0.083663
102   ★       0.000000      1.223694504             1.22      18.965862        18.97      18.965862      18.940000    +0.025862
103   ★       0.000000      9.279778716             9.28      67.642938        67.64      67.642938      67.644000    -0.001062
104   ★       0.000000      8.308301882             8.31      62.703170        62.70      62.703170      62.712000    -0.008830
105   ★       0.000000      1.501095784             1.50      20.907670        20.91      20.907670      20.900000    +0.007670
106   ★       0.000000      9.175991718             9.18      67.144760        67.14      67.144760      67.164000    -0.019240
107   ★       0.000000      0.103023859             0.10       1.792615         1.79       1.792615       1.740000    +0.052615
108   ★       0.000000      4.055324351             4.06      38.143011        38.14      38.143011      38.172000    -0.028989
109   ★       0.000000      5.014590950             5.01      44.087546        44.09      44.087546      44.060000    +0.027546
110   ★       0.000000      1.900599416             1.90      23.704196        23.70      23.704196      23.700000    +0.004196
111   ★       0.000000      1.366401628             1.37      19.964811        19.96      19.964811      19.990000    -0.025189
112   ★       0.000000      3.128872758             3.13      32.137673        32.14      32.137673      32.145000    -0.007327
113   ★       0.000000      3.116280953             3.12      32.055826        32.06      32.055826      32.080000    -0.024174
114   ★       0.000000      0.005723548             0.01       0.099590         0.10       0.099590       0.174000    -0.074410
115   ★       0.000000      6.514923594             6.51      52.935064        52.94      52.935064      52.907000    +0.028064
116   ★       0.000000      0.631116530             0.63      10.981428        10.98      10.981428      10.962000    +0.019428
117   ★      -0.000000      0.920839069             0.92      16.022600        16.02      16.022600      16.008000    +0.014600
118   ★      -0.000000      8.959166001             8.96      66.087663        66.09      66.087663      66.092000    -0.004337
119   ★      -0.000000      8.087433426             8.09      61.554654        61.55      61.554654      61.568000    -0.013346
120   ★      -0.000000      5.314578010             5.31      45.887468        45.89      45.887468      45.860000    +0.027468
121   ★      -0.000000      1.891523075             1.89      23.640662        23.64      23.640662      23.630000    +0.010662
122   ★      -0.000000      1.527839642             1.53      21.094877        21.09      21.094877      21.110000    -0.015123
123   ★      -0.000000      4.487521268             4.49      40.822632        40.82      40.822632      40.838000    -0.015368
124   ★      -0.000000      9.714224499             9.71      69.728278        69.73      69.728278      69.708000    +0.020278
125   ★      -0.000000      3.051617844             3.05      31.635516        31.64      31.635516      31.625000    +0.010516
126   ★      -0.000000      3.051617844             3.05      31.635516        31.64      31.635516      31.625000    +0.010516
127   ★      -0.000000      1.664820914             1.66      22.053746        22.05      22.053746      22.020000    +0.033746
128   ★      -0.000000      0.560109409             0.56       9.745904         9.75       9.745904       9.744000    +0.001904
129   ★      -0.000000      1.389012260             1.39      20.123086        20.12      20.123086      20.130000    -0.006914
130   ★      -0.000000      1.389012260             1.39      20.123086        20.12      20.123086      20.130000    -0.006914
131   ★      -0.000000      6.463265173             6.46      52.640611        52.64      52.640611      52.622000    +0.018611
132   ★      -0.000000      6.431472474             6.43      52.459393        52.46      52.459393      52.451000    +0.008393
133   ★      -0.000000     17.520651390            17.52      98.753694        98.75      98.753694      98.752000    +0.001694
134   ★      -0.000000     17.476653548            17.48      98.639299        98.64      98.639299      98.648000    -0.008701
135   ★      -0.000000     17.775142040            17.78      99.415369        99.42      99.415369      99.428000    -0.012631
136   ★      -0.000000     17.731193797            17.73      99.301104        99.30      99.301104      99.298000    +0.003104
137   ★      -0.000000      7.050653516             7.05      55.973529        55.97      55.973529      55.970000    +0.003529
138   ★      -0.000000      7.018181085             7.02      55.798178        55.80      55.798178      55.808000    -0.009822
139   ★      -0.000000      2.633280547             2.63      28.769636        28.77      28.769636      28.747000    +0.022636
140   ★      -0.000000      2.611369729             2.61      28.618451        28.62      28.618451      28.609000    +0.009451
141   ★      -0.000000     17.520651390            17.52      98.753694        98.75      98.753694      98.752000    +0.001694
142          17.520000     36.125416013            36.13       1.248000         1.25     100.000000     100.000000    +0.000000
143   ★      -0.400718      7.018138579             7.02      55.797948        55.80      55.797948      55.808000    -0.010052
144           7.020000      9.805029281             9.81      14.356141        14.36      70.164141      70.188000    -0.023859
145   ★      -0.000000     17.520651390            17.52      98.753694        98.75      98.753694      98.752000    +0.001694
146   ★      -0.400718      7.018354291             7.02      55.799113        55.80      55.799113      55.808000    -0.008887
147           7.020000      9.805298992             9.81      14.357435        14.36      70.165435      70.188000    -0.022565
148           9.810000     16.317021201            16.32      25.163064        25.16      95.351064      95.360000    -0.008936
149          16.320000     34.750143555            34.75       4.640000         4.64     100.000000     100.000000    +0.000000

【2】候選之貢獻（⛔ 帶號與絕對值並列）
--------------------------------------------------------------------------------------------------------------------------------------------------------------------------------------------------------
  A `Rw(%)` 2dp 捨入　　ΣA ＝ **+0.024831**　Σ|A| ＝ **0.024831**　（上界 ＝ 筆數 150 × 0.005 ＝ 0.7500）
  B `W` 2dp 經表放大　ΣB ＝ **-0.469168**　Σ|B| ＝ **0.469168**

【3】候選 D：鏈起點 vs 前一宗 `W_far`（**只列真正之鏈續**·|起點|>1e-9）
--------------------------------------------------------------------------------------------------------------------------------------------------------------------------------------------------------
  🔑 判讀：起點若 **== round(前一宗 W_far, 2)** ⇒ 交棒時被**降精度**（候選 B 之來源）；
     起點若 == 前一宗 W_far_raw ⇒ 全精度交棒、候選 B 不成立。
  #67: 起點 6.460000000｜前一宗 raw 6.463265173｜round2 6.46｜起點−raw ＝ -0.003265173　＝round(prev,2) ⇒ **降精度交棒**
  #68: 起點 -0.400717823｜前一宗 raw 24.655052320｜round2 24.66｜起點−raw ＝ -25.055770143　（皆不等·另查）
  #69: 起點 7.020000000｜前一宗 raw 7.018432777｜round2 7.02｜起點−raw ＝ +0.001567223　＝round(prev,2) ⇒ **降精度交棒**
  #71: 起點 6.460000000｜前一宗 raw 6.463265173｜round2 6.46｜起點−raw ＝ -0.003265173　＝round(prev,2) ⇒ **降精度交棒**
  #72: 起點 -0.400717823｜前一宗 raw 24.655052320｜round2 24.66｜起點−raw ＝ -25.055770143　（皆不等·另查）
  #73: 起點 7.020000000｜前一宗 raw 7.018238469｜round2 7.02｜起點−raw ＝ +0.001761531　＝round(prev,2) ⇒ **降精度交棒**
  #74: 起點 9.810000000｜前一宗 raw 9.805322013｜round2 9.81｜起點−raw ＝ +0.004677987　＝round(prev,2) ⇒ **降精度交棒**
  #142: 起點 17.520000000｜前一宗 raw 17.520651390｜round2 17.52｜起點−raw ＝ -0.000651390　＝round(prev,2) ⇒ **降精度交棒**
  #143: 起點 -0.400717823｜前一宗 raw 36.125416013｜round2 36.13｜起點−raw ＝ -36.526133836　（皆不等·另查）
  #144: 起點 7.020000000｜前一宗 raw 7.018138579｜round2 7.02｜起點−raw ＝ +0.001861421　＝round(prev,2) ⇒ **降精度交棒**
  #146: 起點 -0.400717823｜前一宗 raw 17.520651390｜round2 17.52｜起點−raw ＝ -17.921369213　（皆不等·另查）
  #147: 起點 7.020000000｜前一宗 raw 7.018354291｜round2 7.02｜起點−raw ＝ +0.001645709　＝round(prev,2) ⇒ **降精度交棒**
  #148: 起點 9.810000000｜前一宗 raw 9.805298992｜round2 9.81｜起點−raw ＝ +0.004701008　＝round(prev,2) ⇒ **降精度交棒**
  #149: 起點 16.320000000｜前一宗 raw 16.317021201｜round2 16.32｜起點−raw ＝ +0.002978799　＝round(prev,2) ⇒ **降精度交棒**
  ⇒ 真鏈續 **14** 筆（其餘 135 筆起點≈0 ＝首宗·非鏈續）

【4】🔑 `0m R1 left` 逐位結算（**差額須歸零**·⛔ 禁以容差內結案）
--------------------------------------------------------------------------------------------------------------------------------------------------------------------------------------------------------
  第1宗 W_far_raw ＝ 6.463265173　round2 ＝ 6.46
  R(W1_raw) ＝ 52.640611486　R(W1_round2) ＝ 52.622000000
  Rw1_raw ＝ 52.640611486 → round2 52.64
  Rw2_raw ＝ 47.378000000 → round2 47.38
  Σround(Rw,2) ＝ **100.0200**　　精確 R(W_n)−R(W_0) ＝ 100.000000000
  **總誤差 ＝ +0.020000000**
  分解：**B 表放大 +0.018611486**（93.1%） ＋ **−A Rw 2dp +0.001388514**
  🔒 **差額歸零檢查：|(總誤差) − (B − A)| ＝ 0.000000000000**

  ⇒ ✅ **已查明**（⛔ 非「落在容差內」）：主因 ＝ **交棒時把 `W_far` 降為 2dp**，
     其量化誤差經 `rw_from_width` 之**斜率放大**（@6.46 ≈ 5.70 %/m）。
     ⛔ **候選 C（表內插本身）排除**——上式已以同一表函式逐位閉合、無殘項。
     ⛔ **候選 D（W₀ 種子）排除**——`W_0 = 0`，兩式同用、不入差額。
     ⛔ **候選 A 單獨不足**——2 宗上界 0.010 < 實測 0.020（施工單 §三 已指出）。

【5】解析上界（n 宗·⛔ 非硬編本案宗數）
--------------------------------------------------------------------------------------------------------------------------------------------------------------------------------------------------------
  `max|R'|` ＝ **17.4000 %/m**（@W≈0.242m·數值掃描 1e-3 步長）
  **上界式**：`|ΣRw − [R(W_n)−R(W_0)]| ≤ (n−1)·0.005·max|R'| ＋ n·0.005`
              　　　　　　　　　　　　　└─ 交棒降精度 ─┘   └─ Rw 2dp ─┘
    n= 2 ⇒ ≤ **0.0970 %**
    n= 3 ⇒ ≤ **0.1890 %**　🔴 **已超三閘容差 0.1**
    n= 5 ⇒ ≤ **0.3730 %**　🔴 **已超三閘容差 0.1**
    n=10 ⇒ ≤ **0.8330 %**　🔴 **已超三閘容差 0.1**

  🔴 **結論（⛔ 非量化必然·係可修之缺陷）**：若交棒改用**全精度** `W_far_raw`，
     `B` 項**整項消失**，上界降為 `n·0.005`（n=10 ⇒ 0.05% < 0.1）。
     ⇒ 現況之 `n≥3` 即可能**單憑量化**撞破三閘之 `0.1` ⇒ **建議修**（⛔ 本批未授權改）。

【6】run_step_g 收尾
--------------------------------------------------------------------------------------------------------------------------------------------------------------------------------------------------------
  [0m] RuntimeError: 街廓 R1 抵費地計算失敗：🔴 ①' 覆蓋閘破[R1]：|union(宗+池) − 街廓| = 12.0568 > 0.01（union 2881.4963 vs 街廓 2893.5531）
  [3.5m] RuntimeError: 街廓 R1 抵費地計算失敗：🔴 ①' 覆蓋閘破[R1]：|union(宗+池) − 街廓| = 12.0553 > 0.01（union 2881.4978 vs 街廓 2893.5531）

========================================================================================================================================================================================================
