==========================================================================================================
【`W-G.9-18`】降維鏈之逐段追蹤（⛔ 只追·不改）
==========================================================================================================
  🔒 **母體釘於 commit 08eeebb**｜`app.py` **22049** 行（⛔ 非工作樹現況）
  🔒 **母體可命中之對照**（驗收 #10）：`def ` ＝ 274 行 ⇒ 下列各式非因母體壞掉

  ══ 降維鏈（**字樣錨**·⛔ 非行號）══

    ▸ ① 產生｜字樣錨 `_rng_cr = _build_corner_range_v3(`
        命中 **1** 行（母體＝`app.py` 全 22049 行·判準＝含該字樣）
          18169 | _rng_cr = _build_corner_range_v3(
        收到：**多邊形**（含遠側界）
        丟掉：**無**（此段完整）

    ▸ ② 降維｜字樣錨 `_left_min = round(float(_rng_cr.area), 2)`
        命中 **1** 行（母體＝`app.py` 全 22049 行·判準＝含該字樣）
          18176 | _left_min = round(float(_rng_cr.area), 2)
        收到：多邊形
        🔴 **丟掉：整條遠側界、整個形狀**——只留 `.area` 一個純量

    ▸ ③ 存欄｜字樣錨 `'【左】街角最小面積(㎡)': _left_min,`
        命中 **1** 行（母體＝`app.py` 全 22049 行·判準＝含該字樣）
          18204 | '【左】街角最小面積(㎡)': _left_min,
        收到：純量
        丟掉：**無**（已無可丟）

    ▸ ④ 取欄｜字樣錨 `_l_min = _row_for_buffer.get('【左】街角最小面積(㎡)')`
        命中 **1** 行（母體＝`app.py` 全 22049 行·判準＝含該字樣）
          19508 | _l_min = _row_for_buffer.get('【左】街角最小面積(㎡)')
        收到：純量
        丟掉：**無**

    ▸ ⑤ 消費｜字樣錨 `_left_buffer_S = _corner_buffer_S(`
        命中 **1** 行（母體＝`app.py` 全 22049 行·判準＝含該字樣）
          19511 | _left_buffer_S = _corner_buffer_S(
        收到：純量作 `range_area`
        丟掉：**無**——但它**只拿得到面積**，故只能以 ∥ALLOC 另建一帶湊出等面積

  ══ `H-1`／`C2`：遠側界除 `.area` 外有無**生產**消費者 ══
    ▸ `_rng_cr`（無 WINNER（強制抵費地）路徑）之全部用處 ＝ **3** 行
        18169 | _rng_cr = _build_corner_range_v3(
        18176 | _left_min = round(float(_rng_cr.area), 2)
        18178 | _right_min = round(float(_rng_cr.area), 2)
    ▸ `_rng_wb`（PK 路徑（`select_corner_lots_both_sides_v12` 內））之全部用處 ＝ **3** 行
        11419 | _rng_wb = _build_corner_range_v3(
        11425 | _corner_range_left = _rng_wb
        11427 | _corner_range_right = _rng_wb

    🔴 **`C2` 破 ⇒ `J-1`**：`_rng_wb` 之多邊形**整個被保留**（`_corner_range_left = _rng_wb`／`_corner_range_right = _rng_wb`）
      ⇒ **遠側界在生產路徑上<u>另有消費者</u>**，⛔ 非只取面積。
      ⚠️ **降維只發生在無 WINNER 那一條路徑**；PK 路徑拿的是完整多邊形。

  ══ `C4`：下游是否以 `s` 座標為介面 ══
    `_corner_buffer_S` 之 docstring 含 `帶 `s ∈ [` ＝ **2** 行
        8892 | `side='left'`  → 帶 `s ∈ [max(s_min, 0), buf]`   ← **上界＝`buf`**（**非** `lo+buf`·BLOCKED-1）
        8894 | `side='right'` → 帶 `s ∈ [s_max − buf, s_max]`   ← step 0 後 `amp == s_max`（`_oblique_s_max`）
    🔴 **`C4` 成立**：`_corner_buffer_S` 之帶**以 `s` 區間表達**（`left` → `s ∈ [max(s_min,0), buf]`／`right` → `s ∈ [s_max − buf, s_max]`）
      ⇒ **∥SIDELINE 所界之區域<u>不是</u> `s` 區間** ⇒ 該結構前置**為真**（＝`GB-58` 措辭查無、實質機制在者）。

  ══ `C5`：`S1_par` 與 `W` 之互代（**語意窮舉**·先證鍵可命中）══
    `S1_par`：`app.py` **11** 行（⇒ 鍵可命中·非壞鍵）
    `路平行`：`app.py` **3** 行（⇒ 鍵可命中·非壞鍵）
    `同名不同量`：`app.py` **4** 行（⇒ 鍵可命中·非壞鍵）
    `垂距`：`app.py` **74** 行（⇒ 鍵可命中·非壞鍵）
    🔍 碼面之戒（逐字）：
        11123 | # ── `S1_par` ＝ max(線段 P0–Ps, 退縮 ＋ 畸零地最小寬)（**沿 FRONTLINE 量·路平行**）──
        11135 | # ── 自檢（新構造之**定義性**回代）：二側界之**路平行距**恆 ＝ `S1_par`，全深度 ──
        5825 | ⚠️ **`D_k92_min` ≠ `D_min`**（**同名不同量·嚴禁互代**·比照 K-9-6-a 之戒）：
        6016 | 🔴 **兩個「最小深度」同名不同量·嚴禁互代**（K-9-6-a）：
    ⇒ **查無**「把 `S1_par` 當垂距用」或「把 `W` 當路平行距用」之實例。
    ⚠️ **射程聲明**：本項之受詞限**字面上把二者當同一個量用**；
      ⛔ **不宣稱**涵蓋「概念上誤用」——後者無機械判準，本批⛔ 未量。

==========================================================================================================
