================================================================================================================
【`W-G.9-16`】兩個推定成因之隔離（⛔ 受詞 ＝ 成因·⛔ 非效果）
================================================================================================================

================================================================================================================
【情境 0m】
================================================================================================================
  run_step_g ⇒ RuntimeError: 🔴 結構閘 理論＝實跑 破：街廓 R1 left 側 理論@k*=97.18 ≠ 實跑(階段1)=100.02（Δ=2.837 >0.1）｜參考 ΣΔ_i=+0.000（**⛔ 未用於本式**·實測反證見碼註）｜逐界面：[Δ_i·R1·le
  🔒 **鍵之母體自證**（母體＝`_projection_order` 首次回傳·2 次呼叫）：`分攤登記面積 → 宗地字面` 對照 5 筆｜重複鍵 0 個 ⇒ ✅ 單射·可作鍵

  ── k_naive 趟｜**母體 ＝ 5 宗**（⛔ 正面印出·⛔ 非 side 篩後之數）──
      宗地字面          side          S      宗地寬度    W_near     W_far  ΔW=far−near     w−ΔW
      628-37(1)     左側       6.4800         —   -0.0000    6.4600       6.4600        —
      628-35(2)     無       17.9300         —    6.6200   24.4900      17.8700        —
      628-36(1)     無       18.2700         —   24.4900   42.7000      18.2100        —
      628(5)        右側       7.4500         —   -0.4000    7.0200       7.4200        —
      628-34(3)     無        2.3900         —    7.2300    9.6100       2.3800        —

  ── k* 趟｜**母體 ＝ 5 宗**（⛔ 正面印出·⛔ 非 side 篩後之數）──
      宗地字面          side          S      宗地寬度    W_near     W_far  ΔW=far−near     w−ΔW
      628-37(1)     左側       6.4800         —   -0.0000    6.4600       6.4600        —
      628-35(2)     無       17.9300         —    6.6200   24.4900      17.8700        —
      628(5)        右側       7.4500         —   -0.4000    7.0200       7.4200        —
      628-34(3)     無        2.3900         —    7.2300    9.6100       2.3800        —
      628-36(1)     無       18.0000         —    9.6100   27.5500      17.9400        —

================================================================================================================
【情境 3.5m】
================================================================================================================
  run_step_g ⇒ RuntimeError: 🔴 結構閘 理論＝實跑 破：街廓 R1 left 側 理論@k*=96.30 ≠ 實跑(階段1)=98.75（Δ=2.446 >0.1）｜參考 ΣΔ_i=+0.000（**⛔ 未用於本式**·實測反證見碼註）｜逐界面：[Δ_i·R1·lef
  🔒 **鍵之母體自證**（母體＝`_projection_order` 首次回傳·2 次呼叫）：`分攤登記面積 → 宗地字面` 對照 5 筆｜重複鍵 0 個 ⇒ ✅ 單射·可作鍵

  ── k_naive 趟｜**母體 ＝ 5 宗**（⛔ 正面印出·⛔ 非 side 篩後之數）──
      宗地字面          side          S      宗地寬度    W_near     W_far  ΔW=far−near     w−ΔW
      628-36(1)     左側      17.5600         —   -0.0000   17.5200      17.5200        —
      628-35(2)     無       18.3500         —   17.6700   35.9600      18.2900        —
      628-37(1)     無        6.7600         —   35.9600   42.7000       6.7400        —
      628(5)        右側       7.4500         —   -0.4000    7.0200       7.4200        —
      628-34(3)     無        2.3900         —    7.2300    9.6100       2.3800        —

  ── k* 趟｜**母體 ＝ 5 宗**（⛔ 正面印出·⛔ 非 side 篩後之數）──
      宗地字面          side          S      宗地寬度    W_near     W_far  ΔW=far−near     w−ΔW
      628-36(1)     左側      17.5600         —   -0.0000   17.5200      17.5200        —
      628(5)        右側       7.4500         —   -0.4000    7.0200       7.4200        —
      628-34(3)     無        2.3900         —    7.2300    9.6100       2.3800        —
      628-37(1)     無        6.5300         —    9.6100   16.1200       6.5100        —
      628-35(2)     無       18.4900         —   16.1200   34.5500      18.4300        —

================================================================================================================
【判別實驗】
================================================================================================================

  ▸ 情境 0m
      **`Y2` 母體比對**：k_naive 5 宗／k* 5 宗｜共同 5｜僅 k_naive []｜僅 k* []
      ⇒ 兩趟宗地母體 **相同** ⇒ `Y2` ✅ 成立
      **乙說**（同一宗兩趟寬度不同）⇒ 相異之宗 ＝ 0／5
      ⇒ **乙說 ✅ 不通過（非成因）**
      **甲說**（`widths` 非 W 軸之位移）⇒ 以**實測**判：`w_i ≠ ΔW_i` 之宗 ＝ 0／5
      ⇒ **甲說 ✅ 不通過（w ＝ ΔW）**

  ▸ 情境 3.5m
      **`Y2` 母體比對**：k_naive 5 宗／k* 5 宗｜共同 5｜僅 k_naive []｜僅 k* []
      ⇒ 兩趟宗地母體 **相同** ⇒ `Y2` ✅ 成立
      **乙說**（同一宗兩趟寬度不同）⇒ 相異之宗 ＝ 0／5
      ⇒ **乙說 ✅ 不通過（非成因）**
      **甲說**（`widths` 非 W 軸之位移）⇒ 以**實測**判：`w_i ≠ ΔW_i` 之宗 ＝ 0／5
      ⇒ **甲說 ✅ 不通過（w ＝ ΔW）**

================================================================================================================
【推進量差之逐項分解】🔴 受詞 ＝ **成因**（⛔ 非效果）
================================================================================================================
  🔴 **首版之誤（具名·⛔ 不刪）**：曾以 `_projection_order` 之前 k 名當左群，
     得推進量差 `-24.49 m`——與 `W-G.9-14` 已測之 `+0.16 m` 矛盾 ⇒ **左群認錯**。
     ⚠️ 當時之「自我驗證閘」**沒抓到**，因為它是**套套邏輯**（①＋② 依定義恆等於該差）。
  🔒 **改法**：左群改由碼面自己的鏈結 `W_prev` 串出（⛔ 不用投影序、⛔ 不用 W_near 連續性）；
     並改掛**外部錨**為閘 ＝ `W-G.9-14` 實測之推進量差（`0m` +0.16／`3.5m` +0.02）。

  ▸ 情境 0m｜k* ＝ 2
      左群（`W_prev` 鏈結）＝ ['628-37(1)', '628-35(2)']（2 宗）
      **理論** Σw[:2] ＝ 24.3300｜**實跑** 24.4900 − -0.0000 ＝ 24.4900｜**差 ＝ +0.1600 m**
      🔒 **外部錨閘**（⛔ 非套套邏輯）：`W-G.9-14` 實測 +0.16 m vs 本批 +0.1600 m ⇒ ✅ 相符（左群認對·分解可採）
      ── 分解 ① 逐宗「`ΔW_i` − `w_i`」──
          628-37(1): w=6.4600  ΔW=6.4600  差 **+0.0000**
          628-35(2): w=17.8700  ΔW=17.8700  差 **-0.0000**
          小計 ＝ **-0.0000**
      ── 分解 ② 界面「`W_near,i+1` − 前一宗 `W_far,i`」──
          628-37(1)→628-35(2): W_far=6.4600 W_near=6.6200 差 **+0.1600**
          小計 ＝ **+0.1600**
      ⇒ ①＋② ＝ +0.1600（⚠️ 本式為恆等·⛔ 非證據；證據是上方之**外部錨閘**）
      ── 🔴 `E-1`：**校回起算點之後**（理論起點改為 0）──
          理論 ＝ R(0＋24.3300) − R(0) ＝ 100.0000
          實跑 ＝ 100.0200（逐宗 `Rw(%)` 之和·取自引擎自報）
          殘差 ＝ **0.0200 百分點**｜閘之容差 ＝ 0.1
          ⇒ **✅ 校回<u>足以</u>使本閘通過**

  ▸ 情境 3.5m｜k* ＝ 1
      左群（`W_prev` 鏈結）＝ ['628-36(1)']（1 宗）
      **理論** Σw[:1] ＝ 17.5000｜**實跑** 17.5200 − -0.0000 ＝ 17.5200｜**差 ＝ +0.0200 m**
      🔒 **外部錨閘**（⛔ 非套套邏輯）：`W-G.9-14` 實測 +0.02 m vs 本批 +0.0200 m ⇒ ✅ 相符（左群認對·分解可採）
      ── 分解 ① 逐宗「`ΔW_i` − `w_i`」──
          628-36(1): w=17.5000  ΔW=17.5200  差 **+0.0200**
          小計 ＝ **+0.0200**
      ── 分解 ② 界面「`W_near,i+1` − 前一宗 `W_far,i`」──
          （左群僅 1 宗 ⇒ 無界面）
          小計 ＝ **+0.0000**
      ⇒ ①＋② ＝ +0.0200（⚠️ 本式為恆等·⛔ 非證據；證據是上方之**外部錨閘**）
      ── 🔴 `E-1`：**校回起算點之後**（理論起點改為 0）──
          理論 ＝ R(0＋17.5000) − R(0) ＝ 98.7000
          實跑 ＝ 98.7500（逐宗 `Rw(%)` 之和·取自引擎自報）
          殘差 ＝ **0.0500 百分點**｜閘之容差 ＝ 0.1
          ⇒ **✅ 校回<u>足以</u>使本閘通過**

  🔒 **判別力自檢**
    ① 母體（人造缺漏須抓到）：自 `k* 趟` 之表移除一宗 ⇒ 母體比對須報「不同」
        0m：移除 `628(5)` ⇒ ✅ 抓到（具鑑別力）
        3.5m：移除 `628(5)` ⇒ ✅ 抓到（具鑑別力）
    ② 量綱判法（換一個**已知為 W** 之量 ⇒ 須得不同結論）：
        受詞 `_widths_local[i] = float(res['_宗地寬度'])`  ⇒ 判「非 W 直量」
        對照 `_W_prev_left     = float(res['W_far'])`      ⇒ 判「**是** W」
        ⇒ 同一判法（讀賦值式之右手邊）對二者給出**不同**結論 ⇒ ✅ 具鑑別力

================================================================================================================
