==================================================================================================================================================================================================================
【W-G.9-85 §二 A 組】組首與推進向／依 `K-9-14` 重界母體／左側跳號／錨點更正
==================================================================================================================================================================================================================
  產生於 commit：bf1d92f
  環境：shapely 2.1.2 | GEOS (3, 13, 1) | numpy 2.4.4
  🔒 A-0 **事前選定：偏向<u>保留違反</u>**（甲/乙/丙 三條見 docstring）
  🔒 情境母體 ＝ **僅 0m**（＝ `-40`／`-83` 之母體·⛔ 不擴·具名）
  🔒 A-5-4：⛔ **不判二源孰是孰非**——本檔以**源甲 `w40`**（＝ 35 宗之產生源）為主，源乙 `w81` 併列作交叉核。

【0】量測器自檢（⛔ 先自檢後量測·每項皆附**已知真／已知偽**對照）
------------------------------------------------------------------------------------------------------------------------------------------------------------------------------------------------------------------
  ① **`w40.eval_lot` 同源證**（原樣 import·`W-G.9-40` §0 之 17° 傾斜測資）：
     甲 ⇒ 甲 ／ 乙 ⇒ 乙 ／ 合格 ⇒ 合格 ／ **已知不合格 ⇒ 不合格**（Δfront -4.000·常設 8 之「否」輸入）⇒ PASS
  ② **`w82.chord_interval`／`pred_chord` 同源證**：λ=[-1.66666666667, 10]（手算同）；`s*=0` ⇒ True／`s*=1e6` ⇒ False（常設 8）⇒ PASS
  ③ **`w83`／`w84` 常數之原樣 import**：`D_MIN=2`／`EPS_SHIM=1.0e-06`／`w84.TOL_MONO=1.0e-09`（其量測邏輯在 `main()` 內⛔ 不可 import·逐字具名之差）
     ⇒ PASS
  ④ **`w84.s_front_of_line` 之平移機制**：δ=7.25 ⇒ 位移 7.250000000000（殘差 8.882e-16·**殘差/ulp 1.00**）⇒ PASS
  ⑤ **第十一法非空**：候選 `run_all` 執行 log ＝ 67 支（可定 commit 序者 8 支）⇒ PASS
  ⑥ **常設 9**：`TOL_PARA=1.0e-09`（施於 `|sin|` ∈ [0,1]·`ulp(1.0)=2.220e-16`）；`TOL_ORD=1.0e-06`（施於 `s` 之差·量級 ~1e2·`ulp(1e2)=1.421e-14`）
  ⇒ 量測器自檢：PASS

【驅動】`0m` × R1–R6——攔截 **6 格**

【C／A-1】🛑 **組首與推進向**（驗 KL 之推測·⛔ 本單第一項）
------------------------------------------------------------------------------------------------------------------------------------------------------------------------------------------------------------------
  🔒 **現行「組首／前一宗」之碼面依據逐字**（`probe_WG940_startperp.py` §2·`w40`）：
     `groups = [('左', list(range(0, k_break))), ('右', list(range(k_break, len(IV))))]`
     `for side, idxs in groups: prev = None` ⇒ `for i in idxs:` … `prev = (Pc, Bc)`
     ⇒ 🔒 **組首 ＝ `idxs[0]`（＝ 該組之<u>最小全域宗序</u>）；前一宗 ＝ <u>宗序 `i−1`</u>**（⛔ 非組內推進序）。
     🔒 `k_break` 之來源 ＝ 沿 `d̂` 之投影區間**首次完全分離**之索引（⛔ 非硬編）。

  街廓    側      宗序清單                   組首     s(組首)    s(組末)      推進向        索引序vs s序     二定義       
  R1    左      [0, 1]                 0      6.480    24.410     +1(增·左)    同向           ✅ 相同      
  R1    右      [2, 3, 4]              2      87.313   77.870     −1(減·右)    **反向**       ✅ 相同      
  R2    左      [0, 1, 2, 3, 4, 5, 6]  0      0.000    27.788     +1(增·左)    同向           ✅ 相同      
  R2    右      [7, 8, 9, 10, 11, 12,  7      100.027  79.131     −1(減·右)    **反向**       ✅ 相同      
  R3    左      [0, 1, 2, 3, 4]        0      1.027    26.323     +1(增·左)    同向           ✅ 相同      
  R3    右      [5, 6, 7, 8, 9]        5      93.405   75.398     −1(減·右)    **反向**       ✅ 相同      
  R5    左      [0, 1, 2, 3, 4, 5]     0      4.850    19.209     +1(增·左)    同向           ✅ 相同      
  R5    右      [6, 7]                 6      92.800   89.680     −1(減·右)    **反向**       ✅ 相同      
  R6    左      [0, 1, 2]              0      3.229    27.303     +1(增·左)    同向           ✅ 相同      
  R6    右      [3, 4, 5, 6, 7]        3      85.855   69.032     −1(減·右)    **反向**       ✅ 相同      
  POPULATION=10 PRINTED=10 SUPPRESSED=0  # A-1 逐 (街廓, 側)（全列）

  🔴 **二定義之逐宗對照**（現行 `前一宗 = i−1` vs 依組內推進向之 `前一宗`）
  街廓    側      i    現行前一宗      修正前一宗      不同?     
  POPULATION=35 PRINTED=0 SUPPRESSED=35  # A-1 二定義逐宗對照（僅列**不同**者）
     ⚠️ `PRINTED ≠ POPULATION` ⇒ 🔒 **本表之結論一律以 `POPULATION` 為分母**（⛔ 表身列數不得作為母體·節 105）
  ⇒ **不同者 0 ／ 35**
  逐 (街廓,側) 之不同數：
     R1   右       0 ／ 2 
     R1   左       0 ／ 1 
     R2   右       0 ／ 6 
     R2   左       0 ／ 6 
     R3   右       0 ／ 4 
     R3   左       0 ／ 4 
     R5   右       0 ／ 1 
     R5   左       0 ／ 5 
     R6   右       0 ／ 4 
     R6   左       0 ／ 2 
  POPULATION=10 PRINTED=10 SUPPRESSED=0  # A-1 逐 (街廓,側) 之不同數（全列）
  🔒 **必答**：右側 5 組中**二定義相反**者 ＝ **0**；左側 5 組中**相同**者 ＝ **5**
  🔒 **判別力（常設 8）**：對「`推進向 = +1` 且 `索引序同向`」之側（＝ 組首為最小宗序），二定義須**完全相同** ⇒ 該類側 ＝ **5 組**（[('R1', '左'), ('R2', '左'), ('R3', '左'), ('R5', '左'), ('R6', '左')]），其逐宗**不同數合計 ＝ 0** ⇒ ✅ **對照器⛔ 非恆異**

【D／A-2】依 **`K-9-14`** 重界母體並重量 35 宗
------------------------------------------------------------------------------------------------------------------------------------------------------------------------------------------------------------------
  🔒 **`K-9-14` 逐字**：受詞 ＝「前一宗之遠側境界線為 **∥SIDELINE**」之**次一宗**；其餘各宗**該款恆真**。
  🔒 **本檔之操作化**：`|sin(本宗遠側界, 前一宗遠側界)| > 1e-09` ⇒ **受詞內**（A-0(甲)：門檻取**較寬** ⇒ 受詞內較多 ⇒ 違反較多）

  街廓    側      i    前一宗      前宗街角?       |sin(本,前)| 受詞內?       K-9-9 判    舊(35)中?            面積
  R1    左      1    0        **是**        9.738e-03 **是**      合格         否            599.9087
  R1    右      3    2        **是**        1.036e-07 **是**      不合格        是             85.9957
  R1    右      4    3        否            1.206e-02 **是**      不合格        是            596.2550
  R2    左      1    0        **是**        7.536e-02 **是**      合格         否              3.8082
  R2    左      2    1        否            3.705e-12 否          不合格        是             29.0853
  R2    左      4    3        否            5.600e-12 否          不合格        是             86.6527
  R2    左      5    4        否            7.154e-12 否          合格         是            229.7224
  R2    右      8    7        否            7.522e-08 **是**      不合格        否            432.1160
  R2    右      9    8        否            5.260e-12 否          不合格        是             65.4528
  R2    右      10   9        否            5.220e-12 否          不合格        是            147.1736
  R2    右      11   10       否            2.369e-12 否          不合格        是            146.5780
  R2    右      12   11       否            5.338e-12 否          不合格        是             71.5967
  R2    右      13   12       否            2.324e-12 否          不合格        是            437.0152
  R3    左      2    1        否            1.350e-12 否          不合格        是             72.7753
  R3    左      3    2        否            1.772e-12 否          合格         是            365.8443
  R3    左      4    3        否            1.210e-12 否          合格         是            421.4053
  R3    右      6    5        **是**        2.874e-08 **是**      不合格        否             89.9726
  R3    右      7    6        否            7.536e-02 **是**      不合格        否             26.5415
  R3    右      8    7        否            6.460e-13 否          不合格        是            131.6071
  R3    右      9    8        否            2.067e-12 否          不合格        是            380.8058
  R5    左      1    0        **是**        7.536e-02 **是**      不合格        是              0.9867
  R5    左      2    1        否            2.848e-11 否          合格         是            242.4663
  R5    左      4    3        否            2.632e-13 否          不合格        否             10.4569
  R5    左      5    4        否            1.656e-12 否          不合格        是              3.0852
  R5    右      7    6        否            6.601e-08 **是**      不合格        否           1415.2497
  R6    左      1    0        否            1.270e-12 否          合格         是            692.0949
  R6    左      2    1        否            1.593e-12 否          合格         是            433.6819
  R6    右      4    3        **是**        6.233e-09 **是**      不合格        否              0.2561
  R6    右      5    4        否            4.741e-08 **是**      不合格        否            117.7334
  R6    右      6    5        否            6.934e-12 否          不合格        否            302.9393
  R6    右      7    6        否            3.251e-12 否          不合格        是            339.9175
  POPULATION=45 PRINTED=31 SUPPRESSED=14  # A-2 逐宗（僅列**受詞內**或**不合格**或**舊 35 名單內**者）
     ⚠️ `PRINTED ≠ POPULATION` ⇒ 🔒 **本表之結論一律以 `POPULATION` 為分母**（⛔ 表身列數不得作為母體·節 105）

  🔴 **受詞內 ＝ 11 宗**；**受詞外 ＝ 24 宗**（另組首 10 宗·本則不適用）
  🔴 **依 `K-9-14` 重界後之違反宗數 ＝ 9**（面積合計 **2765.1067 ㎡**）
     🔴 R1   右      i=3  （前一宗 2·`|sin|`=1.036e-07）面積 85.9957 ㎡
     🔴 R1   右      i=4  （前一宗 3·`|sin|`=1.206e-02）面積 596.2550 ㎡
     🔴 R2   右      i=8  （前一宗 7·`|sin|`=7.522e-08）面積 432.1160 ㎡
     🔴 R3   右      i=6  （前一宗 5·`|sin|`=2.874e-08）面積 89.9726 ㎡
     🔴 R3   右      i=7  （前一宗 6·`|sin|`=7.536e-02）面積 26.5415 ㎡
     🔴 R5   左      i=1  （前一宗 0·`|sin|`=7.536e-02）面積 0.9867 ㎡
     🔴 R5   右      i=7  （前一宗 6·`|sin|`=6.601e-08）面積 1415.2497 ㎡
     🔴 R6   右      i=4  （前一宗 3·`|sin|`=6.233e-09）面積 0.2561 ㎡
     🔴 R6   右      i=5  （前一宗 4·`|sin|`=4.741e-08）面積 117.7334 ㎡
  POPULATION=9 PRINTED=9 SUPPRESSED=0  # A-2 新違反宗（全列）
  🔒 **與舊 35 之對照**（舊名單解析所得 35 筆·錨【倉】`probe_WG940_startperp_834bce0.log`）：
     **交集 ＝ [('R1', '右', 3), ('R1', '右', 4), ('R5', '左', 1)]**（3）
     **新∖舊 ＝ [('R2', '右', 8), ('R3', '右', 6), ('R3', '右', 7), ('R5', '右', 7), ('R6', '右', 4), ('R6', '右', 5)]**（6）
     **舊∖新 ＝ 32 宗**（⇒ 依 `K-9-14` 轉為<u>恆真</u>者）
  🔒 **`P3` 之判**：實得 **9** 宗（施工單期望 **4**·名單 `R1右3`／`R3右8`／`R5左1`／`R6右7`）⇒ 🔴 **不符·二差集已逐宗列出·具名**

  🔴 **A-2-3：受詞外之宗<u>逐宗實算</u>**（⛔ 不得以「理論上恆真」代替）
     受詞外 24 宗之 `|sin|`：極大 **2.848e-11**／中位 2.324e-12／極小 1.139e-13
     受詞內 11 宗之 `|sin|`：極小 **6.233e-09**／極大 7.536e-02
  🔒 **`P4` 之判**：受詞外皆 `≤ 1e-9` ⇒ True；受詞內皆 `> 1e-3` ⇒ False ⇒ 🔴 **未完全分離·具名**
     🔒 **節 103（最接近翻面者及其餘裕）**：受詞外之**極大** ＝ **2.848e-11**（餘裕至 `1e-9` ＝ 9.715e-10）；受詞內之**極小** ＝ **6.233e-09**（餘裕至 `1e-3` ＝ -1.000e-03）

  🔴 **A-2 之敏感度：二源 × 二門檻**（CC 自補·⛔ 施工單未令）
  🔒 **理由**：`|sin|` 之分布**非二分而是三層**——受詞外 `≤ 8.2e-10`、**中間層 `~1e-8`**、真 ∥SIDELINE `~1e-2`。A-0(甲) 之 `1e-9` 把中間層**納入**受詞內（⇒ 違反較多·保守）；施工單 `P4` 之界為 `1e-3`。⇒ 二者並陳。
  源      門檻         受詞內        違反宗數           違反名單                                          
  源甲     1e-9(A-0寬) 11         9              [('R1', '右', 3), ('R1', '右', 4), ('R2', '右', 8
  源甲     1e-3(P4界)  5          3              [('R1', '右', 4), ('R3', '右', 7), ('R5', '左', 1
  源乙     1e-9(A-0寬) 6          5              [('R1', '右', 3), ('R2', '左', 1), ('R3', '右', 6
  源乙     1e-3(P4界)  5          4              [('R1', '右', 3), ('R2', '左', 1), ('R3', '右', 6
  🔒 **施工單 `P3` 之期望名單** ＝ [('R1', '右', 3), ('R3', '右', 8), ('R5', '左', 1), ('R6', '右', 7)]
     源甲 @ `1e-3`：**交集 [('R5', '左', 1)]**／新∖期望 [('R1', '右', 4), ('R3', '右', 7)]／期望∖新 [('R1', '右', 3), ('R3', '右', 8), ('R6', '右', 7)] ⇒ 🔴 **不一致·已逐宗列出**
     源乙 @ `1e-3`：**交集 [('R1', '右', 3), ('R5', '左', 1)]**／新∖期望 [('R2', '左', 1), ('R3', '右', 6)]／期望∖新 [('R3', '右', 8), ('R6', '右', 7)] ⇒ 🔴 **不一致·已逐宗列出**
  ⛔ **本表⛔ 不判二源孰是孰非**（施工單 §二 A-5-4·`D-0` 仍未結）——只出艙其**敏感度**。

【E／A-3】**左側三組跳號**之另一機制（⛔ 右側之解釋不涵蓋此）
------------------------------------------------------------------------------------------------------------------------------------------------------------------------------------------------------------------
  街廓    i    舊35中?    |sin|(源甲對前)   |sin|(甲乙二源)      Δfront       Δbase         面積 w40 取邊       候選邊s中1     候選邊s中2
  R2    0    否                nan     2.679e-08           —           —   175.9463 2            0.1167     0.2163
  R2    1    否          7.536e-02     3.328e-12     +4.5976     +1.4186     3.8082 1            4.0795     4.4588
  R2    2    **是**      3.705e-12     3.769e-13     +0.6472     -2.5313    29.0853 0            3.2244     3.8719
  R2    3    否          1.139e-13     2.631e-13     +6.5359     +3.3618   293.4783 0            3.8719    10.4101
  R2    4    **是**      5.600e-12     5.863e-12     +1.9316     -1.2412    86.6527 0           10.4101    12.3423
  R2    5    **是**      7.154e-12     1.291e-12     +5.1247     +1.9555   229.7224 0           12.3423    17.4687
  R2    6    否          1.059e-12     2.350e-12     +8.7351     +5.5720   390.9800 0           17.4687    26.2069
  R5    0    否                nan     5.323e-12           —           —   205.4990 3           -0.3995     4.4785
  R5    1    **是**      7.536e-02     2.877e-11     +0.3865     -3.6553     0.9867 1            4.8065     4.9997
  R5    2    **是**      2.848e-11     2.910e-13     +5.5425     +1.4765   242.4663 2            3.2154     8.7458
  R5    3    否          1.707e-12     1.416e-12     +8.1244     +4.0228   358.0328 2            8.7458    16.8524
  R5    4    否          2.632e-13     1.679e-12     +0.2362     -3.8664    10.4569 2           16.8524    17.0881
  R5    5    **是**      1.656e-12     2.376e-14     +0.0697     -4.0332     3.0852 2           17.0881    17.1577
  R6    0    否                nan     1.855e-12           —           —   153.1791 0            1.9158     5.1379
  R6    1    **是**      1.270e-12     5.853e-13    +10.9080    +14.6673   692.0949 0            5.1379    19.8348
  R6    2    **是**      1.593e-12     2.179e-12     +5.5881     +9.3098   433.6819 0           19.8348    29.1634
  POPULATION=16 PRINTED=16 SUPPRESSED=0  # A-3 左側三組逐宗（中與不中皆列）
  🔒 **`P6` 之必答**：中與不中之分界，**是否可由單一量區辨**？
     `|sin|`(對前一宗)      中者 ∈ [1.2702e-12, 7.5361e-02]／不中者 ∈ [1.1385e-13, 7.5361e-02] ⇒ 🔴 **重疊 ⇒ 該量⛔ 不能區辨**
     面積                 中者 ∈ [9.8673e-01, 6.9209e+02]／不中者 ∈ [3.8082e+00, 3.9098e+02] ⇒ 🔴 **重疊 ⇒ 該量⛔ 不能區辨**

【F／A-4】**錨點更正**：起算垂線之錨由「前一宗之<u>起點</u>」改為「前一宗之<u>終點</u>」
------------------------------------------------------------------------------------------------------------------------------------------------------------------------------------------------------------------
  🔒 **shim 之逐字聲明**：本項只改**錨點**與**沿 `d̂` 平移一條界線之位置**，⛔ 不改面積目標、⛔ 不解 `S` ⇒ ⛔ 非 §七-6 所禁者。
  🔒 **新錨之定式**：`前一宗之終點` ＝ 該宗多邊形沿 `d̂` 之 `s` **極值**（推進 `+1` 取 `max`／推進 `−1` 取 `min`）

  街廓    側      j             原錨下限      **新錨下限**  `S_req`(-84)        宗j s 域    新錨−S_req
  R1    左      0           8.8386        6.4796        6.4796 [0.260,8.839]   1.704e-08  框乙[-0.3248,6.4796]
  R1    右      2          90.3966       80.2646       80.2646 [80.265,90.397]   1.196e-10  框乙[80.2646,87.7155]
  R1    右      3          83.3484       77.8701           nan [77.870,83.348]         nan  框乙[77.8701,80.6671]
  R2    左      0           0.2163        7.4487        7.4487 [0.017,4.272]   2.726e-11  框乙[0.2677,7.4487]
  R2    右      7         100.0274       98.6881           nan [95.574,100.027]         nan  框乙[98.6881,100.0274]
  R3    右      5          93.4051       79.2605       79.2605 [78.501,93.346]   2.197e-11  框乙[79.2605,96.8032]
  R3    右      6          79.2605       78.9394           nan [74.799,79.261]         nan  框乙[78.9394,82.6457]
  R5    左      0           4.8498        8.1618        8.1618 [-0.739,4.850]   1.586e-10  框乙[0.2685,8.1618]
  R5    右      6          92.7995       89.6801           nan [85.269,92.800]         nan  框乙[89.6801,92.7995]
  R6    右      3          89.3411       78.6337       78.6337 [78.634,89.341]   1.135e-10  框乙[78.6337,85.8549]
  R6    右      4          82.1489       78.6279           nan [78.628,82.149]         nan  框乙[78.6279,78.6337]
  POPULATION=11 PRINTED=11 SUPPRESSED=0  # A-4 逐 (格,j)（全列）

  🔴 **雙框對帳（CC 自補·⛔ 施工單未令）**：`VR-043` 二之決定性現查逐字為
     「`0m R2` 之 `宗0`（`628-41(1)`）之 `s` 域 ＝ **`[0.2677, 7.4487]`**、跨距 `7.1810`」
     ⇒ 本檔逐格出艙**二框**之 `宗j` `s` 域，以定該引用係何框：
  街廓    側      j    框甲 FRONTLINE 框             框乙 帶軸框                     何框 ≈ [0.2677,7.4487]?
  R1    左      0    [0.2603, 8.8386]           [-0.3248, 6.4796]          —             
  R1    右      2    [80.2646, 90.3966]         [80.2646, 87.7155]         —             
  R1    右      3    [77.8701, 83.3484]         [77.8701, 80.6671]         —             
  R2    左      0    [0.0171, 4.2715]           [0.2677, 7.4487]           ['乙']         
  R2    右      7    [95.5738, 100.0274]        [98.6881, 100.0274]        —             
  R3    右      5    [78.5014, 93.3461]         [79.2605, 96.8032]         —             
  R3    右      6    [74.7993, 79.2605]         [78.9394, 82.6457]         —             
  R5    左      0    [-0.7387, 4.8498]          [0.2685, 8.1618]           —             
  R5    右      6    [85.2691, 92.7995]         [89.6801, 92.7995]         —             
  R6    右      3    [78.6337, 89.3411]         [78.6337, 85.8549]         —             
  R6    右      4    [78.6279, 82.1489]         [78.6279, 78.6337]         —             
  POPULATION=11 PRINTED=11 SUPPRESSED=0  # A-4 雙框對帳（全列）
  🔒 **本表只出艙<u>何框相符</u>**——⛔ 不判 `VR-043` 二之引用是否有誤（🔒 若二框皆不符，則該引用之出處須另查·具名為未答）。

  🔴 **二框之關係（逐格·⛔ 純量測）**：以 `宗j` 之 `s` 域二端點求其**仿射比**（`跨距乙 / 跨距甲`）——若恆為 1 則二框只差平移；否則另有**尺度**（`denom`）
  街廓    側      j             跨距甲          跨距乙          比     框甲(X_exit)     框乙(X_exit)
  R1    左      0          8.5783       6.8044     0.7932         8.8386         6.1548
  R1    右      2         10.1320       7.4509     0.7354        80.2646        80.2646
  R1    右      3          5.4782       2.7969     0.5106        77.8701        77.8701
  R2    左      0          4.2545       7.1810     1.6879         4.2715         7.4487
  R2    右      7          4.4536       1.3393     0.3007        95.5738        98.6881
  R3    右      5         14.8446      17.5427     1.1818        79.2605        79.2605
  R3    右      6          4.4612       3.7063     0.8308        78.9394        78.9394
  R5    左      0          5.5886       7.8932     1.4124         4.1072         8.1618
  R5    右      6          7.5305       3.1194     0.4142        85.2691        89.6801
  R6    右      3         10.7074       7.2212     0.6744        78.6337        78.6337
  R6    右      4          3.5211       0.0059     0.0017        82.1431        78.6279
  POPULATION=11 PRINTED=11 SUPPRESSED=0  # A-4 二框關係（全列）
  🔒 **⇒ 二框之比若 ≠ 1，則「某值 ＝ 某值」之比對<u>須先聲明框</u>**（本批 §I 之受詞）。
  🔒 **母體之界定（⛔ 不得以 `len(F4)` 為分母）**：`S_req` 需 `k = j+2` 之對方能定義；**有 `S_req` 者 ＝ 6 ／ 11**（其餘 5 格之 `j` 為該組**末二宗**⇒ 無 `d≥2` 之對·逐格已具名）
  🔒 **`P5` 上半之判（受詞 ＝ 有 `S_req` 者）**：相對差 ≤ 1e-6 者 ＝ **6 ／ 6** ⇒ ✅ **`P5` 上半成立**
     R1   左      j=0   殘差 1.704e-08·**殘差/ulp ＝ 19186549.00**（`ulp(6.4796)=8.882e-16`）
     R1   右      j=2   殘差 1.196e-10·**殘差/ulp ＝ 8414.00**（`ulp(80.2646)=1.421e-14`）
     R2   左      j=0   殘差 2.726e-11·**殘差/ulp ＝ 30689.00**（`ulp(7.4487)=8.882e-16`）
     R3   右      j=5   殘差 2.197e-11·**殘差/ulp ＝ 1546.00**（`ulp(79.2605)=1.421e-14`）
     R5   左      j=0   殘差 1.586e-10·**殘差/ulp ＝ 89260.00**（`ulp(8.1618)=1.776e-15`）
     R6   右      j=3   殘差 1.135e-10·**殘差/ulp ＝ 7990.00**（`ulp(78.6337)=1.421e-14`）

  🔴 **弦區間閉式重跑**（🔒 正對照 ＝ **新錨**／負對照 ＝ **原錨**·⛔ 同源可比）
  街廓    側      j    現況破量對          **新錨(+ε) 後**     原錨 後（負對照）        判         
  R1    左      0    0 對            **0 對**          0 對              ⚠️ 現況本即 0 
  R1    右      2    0 對            **0 對**          0 對              ⚠️ 現況本即 0 
  R1    右      3    —              —                —                ⛔ **無 `k=j+2` 之對**（⇒ 該 `j` 無 `d≥2` 之弦約束·`S_req` 未定義）
  R2    左      0    2 對            **0 對**          1 對              ✅         
  R2    右      7    —              —                —                ⛔ **無 `k=j+2` 之對**（⇒ 該 `j` 無 `d≥2` 之弦約束·`S_req` 未定義）
  R3    右      5    0 對            **0 對**          0 對              ⚠️ 現況本即 0 
  R3    右      6    —              —                —                ⛔ **無 `k=j+2` 之對**（⇒ 該 `j` 無 `d≥2` 之弦約束·`S_req` 未定義）
  R5    左      0    1 對            **0 對**          1 對              ✅         
  R5    右      6    —              —                —                ⛔ **無 `k=j+2` 之對**（⇒ 該 `j` 無 `d≥2` 之弦約束·`S_req` 未定義）
  R6    右      3    0 對            **0 對**          0 對              ⚠️ 現況本即 0 
  R6    右      4    —              —                —                ⛔ **無 `k=j+2` 之對**（⇒ 該 `j` 無 `d≥2` 之弦約束·`S_req` 未定義）
  POPULATION=11 PRINTED=6 SUPPRESSED=5  # A-4 弦區間重跑（僅列有 `k=j+2` 之對者）
     ⚠️ `PRINTED ≠ POPULATION` ⇒ 🔒 **本表之結論一律以 `POPULATION` 為分母**（⛔ 表身列數不得作為母體·節 105）
  🔒 **`P5` 下半之判（受詞 ＝ 有 `d≥2` 之對者 6 格）**：新錨後重疊 ＝ 0 者 **6 ／ 6**；**負對照**（原錨）重疊 > 0 者 **2 ／ 6** ⇒ ✅ **`P5` 下半成立**（二者不同 ⇒ 錨點有判別力）

【G／P7】`run_all` 清單筆數之**第十一法**（🔒 執行輸出側對帳法·⛔ 與十法不同族）
------------------------------------------------------------------------------------------------------------------------------------------------------------------------------------------------------------------
  母體 ＝ 倉內既存之 `run_all` **執行 log**（檔名含 `runall`／`run_all`），受詞 ＝ 其「末端夾具 …」行之計數
  🔒 **序之來源 ＝ git `rev-list --count <sha>..HEAD`**（⛔ 非 `mtime`——checkout 會全部改寫）
  log                                                  夾具行數       commit       距 HEAD  
  wg970_runall_after_a9e5671.log                       14         a9e5671      786     
  wg969_runall_after_f5c4175.log                       14         f5c4175      299     
  wg969_runall_before_f5c4175.log                      13         f5c4175      299     
  wg971_runall_f13b1c9.log                             14         f13b1c9      297     
  wg972_runall_5dd2de2.log                             14         5dd2de2      296     
  wg973_runall_6a83e1c.log                             15         6a83e1c      295     
  probe_WG9190R_runall_base_4251234.log                16         4251234      161     
  probe_WG9190R_runall_after_571b2c3.log               16         571b2c3      158     
  POPULATION=67 PRINTED=8 SUPPRESSED=59  # 第十一法之候選 log（依 commit 序·僅列最近 14）
     ⚠️ `PRINTED ≠ POPULATION` ⇒ 🔒 **本表之結論一律以 `POPULATION` 為分母**（⛔ 表身列數不得作為母體·節 105）
  🔒 **不可定 commit 序者 ＝ 59 支**（檔名無 sha·⛔ 不計入結論）
  ⇒ **第十一法所得（最接近 `HEAD` 之 log）＝ 16**（log ＝ `probe_WG9190R_runall_after_571b2c3.log`·距 HEAD 158 commit）（施工單 `P7` 期望 **15**）⇒ 🔴 **不符·⛔ 不調整預測·具名**
  🔒 **本法獨有之可見物**：清單筆數之**執行側時間序** ＝ [13, 14, 15, 16]
  ⚠️ 🔒 **失效模式**：log 係**過去**之執行 ⇒ 若清單自最後一次執行後又變動，本法會**落後**⇒ 🔒 **只能作為第 11 支、⛔ 不得單獨採信**。
