========================================================================================================================================================================================================
【D-2b-0 §A-3】K-9-5-4 ② 之新期望表（**凍存**）— ⛔ 只算不換·零生產碼
========================================================================================================================================================================================================
  🔒 **門檻取自「已切換之生產範圍面積」**（D-2 已落地之 `_build_corner_range_v3`·直接取生產值）；
  🔒 **真G 為 patch 值**（本檔以 patch 算出·⛔ 非生產現值）。
  🔒 patch ＝ `_corner_first_lot_G` 之 `allocation_dir` → **`rot90_cw(SIDE 方向)`**
     （`_block_strip` 之 `n_hat = rot90(allocation_dir)` ⇒ 切帶界線 ∥SIDELINE；
      `solve_G_binary` 之 `_n_alloc = normalize(allocation_dir)` ⇒ W 沿其法向）
  ⛔ **第 2 宗之遠側界仍 ∥ALLOC**——本檔只動第 1 宗。

【A-4】自我驗證閘：patch 出之 `area_geom` vs `G` 之差 ≤ 0.01㎡
--------------------------------------------------------------------------------------------------------------------------------------------------------------------------------------------------------
  取樣（`is_corner=True` 之 `_solve_G_one` 呼叫）＝ **132** 次
  最大 |area_geom − G| ＝ **0.010000**
  未過閘 ＝ **0**
  ⇒ ✅ **全數過閘**

【A-4b】🔒 **反靜默退路計數**（⛔ patch 未咬到而得「零異動」＝ 假結論）
--------------------------------------------------------------------------------------------------------------------------------------------------------------------------------------------------------
  `_corner_first_lot_G` 之 patch：**咬到 132 次**／退回原 `allocation_dir` **0 次**
  ⇒ ✅ **patch 確實生效**
     樣本 R4/left（side=左）：allocation_dir (0.719667, -0.694319) → (-0.751733, 0.659468)
     樣本 R4/right（side=右）：allocation_dir (0.719667, -0.694319) → (-0.684026, 0.729458)
     樣本 R4/left（side=左）：allocation_dir (0.719667, -0.694319) → (-0.751733, 0.659468)
     樣本 R4/right（side=右）：allocation_dir (0.719667, -0.694319) → (-0.684026, 0.729458)

【A-3】逐候選：**新期望（patch·第1宗遠側界∥SIDELINE）** vs **現況（D-2 態）**
--------------------------------------------------------------------------------------------------------------------------------------------------------------------------------------------------------
  🔒 **比對欄以欄名指名**（§A-5-3）：`真G(㎡)` ／ `門檻(㎡)` ／ `達標` ／ `選中★`
--------------------------------------------------------------------------------------------------------------------------------------------------------------------------------------------------------
情境    街廓/側        候選                  新真G       現真G       Δ真G        門檻     新達標     現達標  異動
--------------------------------------------------------------------------------------------------------------------------------------------------------------------------------------------------------
0m    R1/left     628-35(2)        584.19    584.91     -0.72    114.94      達標      達標  
0m    R1/left     628-36(1)        575.73    576.44     -0.71    114.94      達標      達標  
0m    R1/left     628-37(1)        208.16    208.72     -0.56    114.94      達標      達標  
0m    R1/right    628(5)           227.73    228.42     -0.69    110.17      達標      達標  
0m    R2/left     628-27(1)         26.34     24.98     +1.36    152.99      未達      未達  
0m    R2/left     628-41(1)        175.95    173.16     +2.79    152.99      達標      達標  
0m    R2/left     628-42(1)          4.28      3.45     +0.83    152.99      未達      未達  
0m    R3/right    628-27(2)         23.34     25.51     -2.17    153.80      未達      未達  
0m    R3/right    628-42(2)         80.07     84.11     -4.04    153.80      未達      未達  
0m    R3/right    628-45(2)        195.17    199.73     -4.56    153.80      達標      達標  
0m    R4/left     628(1)          1521.05   1521.05     +0.00    116.08      達標      達標  
0m    R4/right    628-1(1)         457.74    457.76     -0.02    111.02      達標      達標  
0m    R5/left     628-18(2)        205.49    202.78     +2.71    146.48      達標      達標  
0m    R5/left     628-45(1)         46.87     44.12     +2.75    146.48      未達      未達  
0m    R5/left     628-53(2)          1.39      0.65     +0.74    146.48      未達      未達  
0m    R6/right    628-18(1)        307.79    307.79     +0.00    145.88      達標      達標  
0m    R6/right    628-38(1)        111.64    111.64     +0.00    145.88      未達      未達  
3.5m  R1/left     628-35(2)        584.19    584.91     -0.72    225.42      達標      達標  
3.5m  R1/left     628-36(1)        575.73    576.44     -0.71    225.42      達標      達標  
3.5m  R1/left     628-37(1)        208.16    208.72     -0.56    225.42      未達      未達  
3.5m  R1/right    628(5)           227.73    228.42     -0.69    226.13      達標      達標  
3.5m  R2/left     628-27(1)         26.34     24.98     +1.36    308.16      未達      未達  
3.5m  R2/left     628-40(1)        286.39    283.61     +2.78    308.16      未達      未達  
3.5m  R2/left     628-41(1)        175.95    173.16     +2.79    308.16      未達      未達  
3.5m  R2/left     628-42(1)          4.28      3.45     +0.83    308.16      未達      未達  
3.5m  R3/right    628-27(2)         23.34     25.51     -2.17    307.75      未達      未達  
3.5m  R3/right    628-28(1)         58.47     62.40     -3.93    307.75      未達      未達  
3.5m  R3/right    628-29(1)         58.47     62.40     -3.93    307.75      未達      未達  
3.5m  R3/right    628-42(2)         80.07     84.11     -4.04    307.75      未達      未達  
3.5m  R3/right    628-45(2)        195.17    199.73     -4.56    307.75      未達      未達  
3.5m  R4/left     628(1)          1521.05   1521.05     +0.00    225.00      達標      達標  
3.5m  R4/right    628-1(1)         457.74    457.76     -0.02    225.42      達標      達標  
3.5m  R5/left     628-18(2)        205.49    202.78     +2.71    299.69      未達      未達  
3.5m  R5/left     628-45(1)         46.87     44.12     +2.75    299.69      未達      未達  
3.5m  R5/left     628-53(2)          1.39      0.65     +0.74    299.69      未達      未達  
3.5m  R5/left     628-7(2)         236.28    233.57     +2.71    299.69      未達      未達  
3.5m  R6/right    628-18(1)        307.79    307.79     +0.00    298.14      達標      達標  
3.5m  R6/right    628-38(1)        111.64    111.64     +0.00    298.14      未達      未達  
--------------------------------------------------------------------------------------------------------------------------------------------------------------------------------------------------------
  🔒 **§A-5-2 母體列數**：新 **38**／現況 **38**／聯集 **38**（⇒ 三者應一致或差異已由「新入池／新出池」列示）
  🔒 **§A-5-1 框內重複鍵 ＝ 0**（已斷言·否則 raise）
  ⇒ **有異動之候選列 ＝ 0**

【A-3(2)】逐格 winner／強制抵費地：**新期望** vs **現況**
--------------------------------------------------------------------------------------------------------------------------------------------------------------------------------------------------------
情境    街廓/側        新 winner        現 winner          異動
--------------------------------------------------------------------------------------------------------------------------------------------------------------------------------------------------------
0m    R1/left     628-37(1)       628-37(1)         否
0m    R1/right    628(5)          628(5)            否
0m    R2/left     628-41(1)       628-41(1)         否
0m    R3/right    628-45(2)       628-45(2)         否
0m    R4/left     628(1)          628(1)            否
0m    R4/right    628-1(1)        628-1(1)          否
0m    R5/left     628-18(2)       628-18(2)         否
0m    R6/right    628-18(1)       628-18(1)         否
3.5m  R1/left     628-36(1)       628-36(1)         否
3.5m  R1/right    628(5)          628(5)            否
3.5m  R2/left     （強制抵費地）         （強制抵費地）           否
3.5m  R3/right    （強制抵費地）         （強制抵費地）           否
3.5m  R4/left     628(1)          628(1)            否
3.5m  R4/right    628-1(1)        628-1(1)          否
3.5m  R5/left     （強制抵費地）         （強制抵費地）           否
3.5m  R6/right    628-18(1)       628-18(1)         否
--------------------------------------------------------------------------------------------------------------------------------------------------------------------------------------------------------
  **新期望：有 winner 13／強制抵費地 3**　　**現況（D-2）：有 winner 13／強制抵費地 3**
  ⇒ **winner 異動 0 格**：（無）

🔒 **本檔為 D-2b 之對帳母體·⛔ 一經 commit 即凍存、一字不得改。**
⛔ **舊凍存表 `W-G.8_D_期望影響表_凍存.md` 不得沿用於 D-2b**（其幾何口徑為 D-2 之前）。
