========================================================================================================================
【K-9-8 虛擬還原塊】只量不判·未接生產（K-6-A2 段四(a)）
範圍：**街角第 1 宗**（K-9-8 (3) 第一款·止於 SIDE_LINE）
⛔ 第 2 宗以後／末端塊之止點另有規定，本檔不做（禁一律延伸至 SIDE_LINE）
========================================================================================================================

【A】街角第 1 宗最小寬度：三代（K-9-8 虛擬塊）之**獨立復現**
  對照錨：12 列 ← verify\out\probe_ruling_K9_corner_width_V6_1.log:115
  一代/二代/三代(錨) ← 倉內既有量測（**非本檔重算**）；三代(本次) ← app.py `k98_virtual_measure_block`
  ⚠️ 錨量於 V6_1.dxf、本次跑 V6.dxf（生產）⇒ 容 mm 級差異；**只列 Δ、不設閘**。
------------------------------------------------------------------------------------------------------------------------
  情境    街廓/側        街角第1宗            一代(錨)     二代(錨)     三代(錨)     三代(本次)     Δ vs錨     P內縮(m)       三代深
------------------------------------------------------------------------------------------------------------------------
  0m    R1/left     628-37(1)       2.8261    2.8261    4.1420     4.1421   +0.0001   0.000021   33.1612
  0m    R1/right    628(5)          3.4643    0.7855    4.1725     4.1726   +0.0001   0.000247   33.1280
  0m    R2/left     628-40(1)       4.6051    4.6051    4.7590     4.7590   -0.0000   0.000004   44.8750
  0m    R3/right    —             無 winner（強制留設抵費地）
  0m    R4/left     628(1)         43.2113   43.2113   43.8498    43.8478   -0.0020   0.007169   33.1129
  0m    R4/right    628-1(1)       11.3032    9.8102   13.1894    13.1903   +0.0009   0.013039   33.0967
  0m    R5/left     628-7(2)        3.6833    0.6706    3.8531     3.8531   -0.0000   0.000000   43.5104
  0m    R6/right    628-18(1)       3.8197    1.3999    4.8108     4.8108   -0.0000   0.000005   43.3615
  3.5m  R1/left     628-36(1)      13.9164   13.9164   15.2327    15.2327   -0.0000   0.000055   33.1567
  3.5m  R1/right    628(5)          3.4644    0.7856    4.1727     4.1727   +0.0000   0.000247   33.1280
  3.5m  R2/left     —             無 winner（強制留設抵費地）
  3.5m  R3/right    —             無 winner（強制留設抵費地）
  3.5m  R4/left     628(1)         43.2113   43.2113   43.8498    43.8478   -0.0020   0.007169   33.1129
  3.5m  R4/right    628-1(1)       11.3032    9.8102   13.1894    13.1903   +0.0009   0.013039   33.0967
  3.5m  R5/left     —             無 winner（強制留設抵費地）
  3.5m  R6/right    628-18(1)       3.8197    1.3999    4.8108     4.8108   -0.0000   0.000005   43.3615
------------------------------------------------------------------------------------------------------------------------
  |Δ| 最大 ＝ 0.0020 m（僅為讀數·非判準）

【B】`P_block` 之內縮量與落點：對**生產圖 V6** 之既有錨
  對照錨：12 列 ← verify\out\probe_ruling_K9_corner_width.log:63
  ⚠️ 錨側為**有號** `-t_P`、本檔為**絕對值** ⇒ 只比量值不比號。
------------------------------------------------------------------------------------------------------------------------
  情境    街廓/側                內縮:錨       內縮:本次           Δ   落點:錨            落點:本次           一致    
------------------------------------------------------------------------------------------------------------------------
  0m    R1/left         0.000021    0.000021   +0.000000   FRONT 重疊段       FRONT 重疊段       ✓     
  0m    R1/right        0.000247    0.000247   +0.000000   FRONT 重疊段       FRONT 重疊段       ✓     
  0m    R2/left         0.000004    0.000004   -0.000000   FRONT 重疊段       FRONT 重疊段       ✓     
  0m    R4/left         0.007169    0.007169   +0.000000   FRONT 重疊段       FRONT 重疊段       ✓     
  0m    R4/right        0.013039    0.013039   -0.000000   截角邊             非 FRONT 重疊段     ✓     
  0m    R5/left         0.000000    0.000000   +0.000000   FRONT 重疊段       FRONT 重疊段       ✓     
  0m    R6/right        0.000005    0.000005   +0.000000   FRONT 重疊段       FRONT 重疊段       ✓     
  3.5m  R1/left         0.000055    0.000055   +0.000000   FRONT 重疊段       FRONT 重疊段       ✓     
  3.5m  R1/right        0.000247    0.000247   +0.000000   FRONT 重疊段       FRONT 重疊段       ✓     
  3.5m  R4/left         0.007169    0.007169   +0.000000   FRONT 重疊段       FRONT 重疊段       ✓     
  3.5m  R4/right        0.013039    0.013039   -0.000000   截角邊             非 FRONT 重疊段     ✓     
  3.5m  R6/right        0.000005    0.000005   +0.000000   FRONT 重疊段       FRONT 重疊段       ✓     
------------------------------------------------------------------------------------------------------------------------
  |Δ內縮| 最大 ＝ 0.000000 m；落點不一致 0 格
  · 落點欄**由建構器之 `on_front` 量得**（判準 `|inset| <= _EPS_TOUCH_FRONT`），
    ⛔ 非手寫、⛔ 非引用他處結論。`on_chamfer` 仍回 None（須截角三角形，本函式不臆造）。

【C】註記
  · 本檔**只量不判**：不設門檻、不判合格/不合格、rc 恆 0。
  · 三代之量測多邊形**未與街廓取交集**（K-9-8 紅線一）；
    其面積**未進入任何面積帳**（紅線二·守恆不受擾）。
  · 寬度由 `k98_virtual_measure_block` **轉呼 `parcel_min_width_n14`** 量之——
    K-9-8 只換**被量的多邊形**與**深度起算線**，**不換量法**（⛔ 禁 fork 第二套寬度）。
  · 第 2 宗以後／末端塊之止點另有規定（K-9-8 (3)），**本檔不做**。
