========================================================================================================================================================================================================
【D-2b-11 §a-3】`_block_strip` 雙線形式獨立驗證（**合成案例**·⛔ 非 UC9898 實料）
========================================================================================================================================================================================================
  合成街廓 ＝ [(0.0, 0.0), (200.0, 0.0), (200.0, 120.0), (0.0, 120.0)]
  d_hat=[1. 0.]　allocation_dir=(1.0, 0.0)　bp=(40.0, 0.0)　S=50.0　n_near(rot90)=(0.0, 1.0)

【1】退化一致（`n_hat_far` == 近側方向 ⇒ 面積**逐位** == `None` 之值）
--------------------------------------------------------------------------------------------------------------------------------------------------------------------------------------------------------
  n_hat_far=None      面積 ＝ 6000.0
  n_hat_far=(0.0, 1.0)  面積 ＝ 6000.0
  ⇒ 逐位相等（`==`·⛔ 非 ε）：✅ True　差 ＝ 0.0

【2】梯形正確（對照值由**向量幾何自算**）
--------------------------------------------------------------------------------------------------------------------------------------------------------------------------------------------------------
  θ=  5.0°　n_far=(+0.087155743,+0.996194698)　實測 ＝ 6629.918377387　解析 ＝ 6629.918377387　|Δ| ＝ 9.095e-13　✅
  θ= 15.0°　n_far=(+0.258819045,+0.965925826)　實測 ＝ 7929.234185504　解析 ＝ 7929.234185504　|Δ| ＝ 1.819e-12　✅
  θ= 30.0°　n_far=(+0.500000000,+0.866025404)　實測 ＝ 10156.921938165　解析 ＝ 10156.921938165　|Δ| ＝ 3.638e-12　✅

【3】共線鋪滿（第 i 片之遠線 ≡ 第 i+1 片之近線·**同一組數值**）
--------------------------------------------------------------------------------------------------------------------------------------------------------------------------------------------------------
  片0: s∈[20.0,60.0]　近線 dir=(0.0, 1.0)　遠線 dir=(0.17364817766693033, 0.984807753012208)　面積 ＝ 6069.554261101
  片1: s∈[60.0,100.0]　近線 dir=(0.17364817766693033, 0.984807753012208)　遠線 dir=(-0.13917310096006544, 0.9902680687415704)　面積 ＝ 2518.551729042
  片2: s∈[100.0,150.0]　近線 dir=(-0.13917310096006544, 0.9902680687415704)　遠線 dir=(0.0, 1.0)　面積 ＝ 7011.894009857
  Σ三片 ＝ 15600.000000000　整體 ＝ 15600.000000000　|Δ| ＝ 0.000e+00　✅
  片0∩片1 面積 ＝ 0.0　✅ ==0.0
  片0∩片2 面積 ＝ 0.0　✅ ==0.0
  片1∩片2 面積 ＝ 0.0　✅ ==0.0

【4】反向健全（θ 大到兩線於街廓內相交 ⇒ ⛔ 不得回自交多邊形）
--------------------------------------------------------------------------------------------------------------------------------------------------------------------------------------------------------
  θ= -40.0°　回傳型別 ＝ Polygon       面積 ＝ 1489.691990743　is_valid ＝ True　✅ 非自交
  θ= -70.0°　回傳型別 ＝ Polygon       面積 ＝ 454.962792833　is_valid ＝ True　✅ 非自交
  θ= -89.0°　回傳型別 ＝ Polygon       面積 ＝ 21.818831160　is_valid ＝ True　✅ 非自交
  兩線重合（S=0）⇒ 回傳 None／面積 0.0　✅

【判定】
--------------------------------------------------------------------------------------------------------------------------------------------------------------------------------------------------------
  🔒 母體（實測項）＝ **12** 項（⛔ 非空）
  ✅ 四項全部通過（實測值如上·⛔ 非僅印 PASS）

========================================================================================================================================================================================================
