==================================================================================================================================================================================================================
【W-G.9-80 §二 A 組】`t_X` 之精確式 ＋ 真正之閉式 ＋ `s` 漂移證路 ＋ 身分鍵比對（⛔ 只量不修）
==================================================================================================================================================================================================================
  產生於 commit：55e26ba
  環境：shapely 2.1.2 | GEOS (3, 13, 1)
  🔒 A-0 **事前選定**：偏向使 `t_X` **偏小**（多判在內）⇒ 錯誤方向**會吵**（與 contains 衝突）。
  🔒 恆等式：`s* = cross(p_k−p_j, û_k)/cross(û_j,û_k)`；`t_X = t(p_j)+s*·⟨û_j,n̂⟩`；`s_X = s(p_j)+s*·⟨û_j,m̂⟩/denom`。
  🔒 A-2 輸入白名單：`t(p_j)`／`d_signed`／`sinα`／`⟨û_j,n̂⟩`／`[t_lo,t_hi]` ——⛔ 不用 `t_X`／`s_X`／`X`／`contains`。

【0】量測器自檢（⛔ 先自檢後量測·各項皆附**已知真／已知偽**對照）
------------------------------------------------------------------------------------------------------------------------------------------------------------------------------------------------------------------
  ① 逐位相同：同值=True／反向=True／**差 1 ulp**(5.551e-17)=False(**期望 False**) ⇒ PASS
  ② `s* = cross(p_k−p_j, û_k)/cross(û_j,û_k)` 之合成驗證：|X − (p_j+s*·û_j)| = 0.000e+00 ⇒ PASS
     對照(已知偽·令 sinα≡1)：|X − X_bad| = 0.919082（期望 > 0.1）⇒ PASS
  ③ A-1-0：|cross(p_k−p_j,û_j)| = 4.000000（WG978 式）vs cross(p_k−p_j,û_k) = -1.389097（本單式）⇒ PASS（二式不同·可否證而未被否證）
  ④ 張開側判定之機制：`sign(s*·⟨û_j,n̂⟩)` 決定往 `t_hi` 或 `t_lo` 那一側 ⇒ PASS
  ⇒ 量測器自檢：PASS

【驅動·第一趟（真實）】R1–R6 × 兩情境——街廓母體 = ['R1', 'R2', 'R4', 'R6', 'R5', 'R3']
------------------------------------------------------------------------------------------------------------------------------------------------------------------------------------------------------------------
  攔截：`_pool_strips_for_block` 12 筆／`_solve_G_one` 341 筆
  **可算交點之對（母體）＝ 86**
  🔴 **與 `W-G.9-79` 之「67 對」對帳**：該 `67` 係其 A-2 **表身之列印數**（該探針設 `show2 = [...][:40]` 之列印上限），**⛔ 非母體**；
     本批之 86 為**全部可算交點之對**（非逐位平行者）⇒ 🔴 **`W-G.9-79` §D-2 之「全表統計（A-2 表身 67 對·⛔ 出艙分母）」其分母須更正為 86**·見報告 §I。

【A-1-0】「通過點距」之定義比對（⛔ 不得逕代用·二者併出艙）
------------------------------------------------------------------------------------------------------------------------------------------------------------------------------------------------------------------
  🔒 `probe_WG978_interface.py:442` 逐字 `dist = _dist_pt_line(near_k[1], far_j[1], far_j[0])`，
     而 `_dist_pt_line(p,q,d) = |cross(p−q, d)|` ⇒ **WG978 式 ＝ `|cross(p_k−p_j, û_j)|`**（無號）。
     本單式 ＝ **`cross(p_k−p_j, û_k)`**（帶號）⇒ 🔴 **受詞不同（點對線互換）且號不同 ⇒ 不相等**。
  情境     街廓    j    k       WG978 |d_j|    本單 d_signed            |差|
  0m     R3    0    7         95.368072     -95.762881       0.394809
  0m     R3    1    7         89.675537     -90.046780       0.371243
  0m     R3    0    8         87.640175     -88.002991       0.362817
  0m     R5    0    7         87.937052      87.574505       0.362546
  0m     R3    2    7         86.417995     -86.775752       0.357757
  0m     R3    3    7         84.765822     -85.116739       0.350917
  0m     R5    0    8         84.818045      84.468358       0.349687
  0m     R3    1    8         81.947639     -82.286889       0.339250
  ⇒ 分母 86 對：`|差|` 之 **最大 0.394809 ／ 中位 0.024497 ／ 最小 0.000000**
  ⇒ 判：🔴 **二式不相等**（最大差 > 1e-9）⇒ 依 A-1-0 已二者併出艙

【A-1-1】`t_X` 精確式之逐對驗證（判準：殘差絕對值極大 ≤ 1e-09 m）
------------------------------------------------------------------------------------------------------------------------------------------------------------------------------------------------------------------
  情境     街廓    j    k          t(p_j)     d_signed       sinα   ⟨û_j,n̂⟩         預測 t_X         實測 t_X          殘差
  0m     R6    1    7          0.2595     -75.1610  -0.000000  -1.000000 -1585110160.026594 -1585110160.026594  -2.384e-07
  0m     R6    2    7          0.3801     -73.6649  -0.000000  -1.000000 -1553558193.411032 -1553558193.411032  -2.384e-07
  0m     R6    3    6          1.5653     -66.1612  -0.000000  -1.000000 -1395308383.822088 -1395308383.822088  -2.384e-07
  0m     R6    5    7          2.1941     -51.1648  -0.000000  -1.000000 -1079041577.317866 -1079041577.317866  -2.384e-07
  3.5m   R6    1    7          0.2595     -75.1610  -0.000000  -1.000000 -1585110160.026594 -1585110160.026594  -2.384e-07
  3.5m   R6    2    7          0.3801     -73.6649  -0.000000  -1.000000 -1553558193.411032 -1553558193.411032  -2.384e-07
  3.5m   R6    3    6          1.5653     -66.1612  -0.000000  -1.000000 -1395308383.822088 -1395308383.822088  -2.384e-07
  3.5m   R6    5    7          2.1941     -51.1648  -0.000000  -1.000000 -1079041577.317866 -1079041577.317866  -2.384e-07
  0m     R6    6    10         6.3190      -9.5701   0.000000   1.000000 -201829455.938002 -201829455.938002   2.980e-08
  3.5m   R6    6    10         6.3190      -9.5701   0.000000   1.000000 -201829455.938002 -201829455.938002   2.980e-08
  ⇒ 分母 86 對：殘差**絕對值極大 ＝ 2.384e-07 m**（判準 ≤ 1e-09）⇒ 🔴 不成立
  🔒 **補量（⛔ 不改判準）**：相對殘差 `|res| / max(|t_X|,1)` 之**極大 ＝ 1.582e-11**（≈ 71230.3 個機器 epsilon）
     🔒 依 `|t_X|` 量級分層（⛔ 出艙每層之分母）：
       |t_X| ∈ [0     , 100   )：對數  9　絕對殘差極大 1.425e-10　✅ ≤ 1e-9
       |t_X| ∈ [100   , 10000 )：對數 47　絕對殘差極大 1.787e-10　✅ ≤ 1e-9
       |t_X| ∈ [10000 , 1e+06 )：對數  2　絕對殘差極大 1.164e-10　✅ ≤ 1e-9
       |t_X| ∈ [1e+06 , 1e+12 )：對數 28　絕對殘差極大 2.384e-07　🔴 > 1e-9

  🔒 **負對照（令 `⟨û_j,n̂⟩ ≡ 1`·＝退回 `W-G.9-79` §D-4 之量級式）**
  ⇒ 其殘差絕對值極大 ＝ **3603043232.591737 m**（判準 ≥ 0.1）⇒ ✅ 本檢查**非恆真**
     （中位 2052.971068 ／ 最小 0.000000）

【A-2】**真正之閉式**（⛔ 輸入白名單內·⛔ 不用 `t_X`／`X`／`contains`）
------------------------------------------------------------------------------------------------------------------------------------------------------------------------------------------------------------------
  🔒 謂詞：`t_lo − t(p_j) ≤ (d_signed/sinα)·⟨û_j,n̂⟩ ≤ t_hi − t(p_j)`
  ⇒ 分母 86 真實對：與 `block.contains(X)` **一致 86 ／ 不一致 0**
  ✅ **對稱差 ＝ 空集**

  🔒 **負對照（關掉「張開側之號」·改取二側之較大可用長度）**
  ⇒ 負對照與 `contains` **一致 82 ／ 不一致 4** ⇒ ✅ 負對照**會判錯** ⇒ 「張開側之號」**有判別力**
     判錯之對：[0m] R3   (7,9) 負對照=True contains=False
     判錯之對：[0m] R3   (7,10) 負對照=True contains=False
     判錯之對：[0m] R3   (7,11) 負對照=True contains=False
     判錯之對：[0m] R3   (7,12) 負對照=True contains=False
     🔒 施工單指名之 `0m R3 (7,9)` 是否在判錯之列？ **是 ✅**

  **問 2**：`0m R3` 之 `(7,9)`——張開側可用長度 vs `|s*·⟨û_j,n̂⟩|`（🔒 應 ≈ 3.4192）
     t(p_j)=8.2161  s*·⟨û_j,n̂⟩=3.4927  張開側=t_hi 側  可用長度=0.0735  **差=3.4192**
     另一側可用長度 ＝ 52.1297（🔒 負對照即取此 ⇒ 誤判在內）

【A-3】`s` 漂移之候選證路（判準：`⟨û_j,m̂⟩ / sinα` ∈ [0.9, 1.1]）
------------------------------------------------------------------------------------------------------------------------------------------------------------------------------------------------------------------
  🔒 **例外類（施工單所令·逐對具名·⛔ 不併入判準）**：`宗k` **本身亦為街角宗**之對。
  情境     街廓    j    k      ⟨û_j,m̂⟩       sinα       **比值**         預測漂移 實測 s_X−s(p_j)          殘差 例外類?    
  0m     R1    0    2     -0.009738   0.021794      -0.4468      36.2601       36.2601  -1.097e-10 **是**   
  0m     R1    0    3     -0.009738   0.021794      -0.4468      32.9343       32.9343  -5.258e-13 否       
  0m     R1    0    4     -0.009738   0.009738      -1.0000      71.3905       71.3905  -1.391e-11 否       
  0m     R1    1    2      0.000000   0.012057       0.0000      -0.0000       -0.0000   8.832e-11 **是**   
  0m     R1    1    3      0.000000   0.012057       0.0000      -0.0000        0.0000  -7.957e-11 否       
  0m     R1    2    4      0.012057  -0.012057      -1.0000      -2.3944       -2.3944   1.018e-10 否       
  0m     R2    0    2     -0.075361   0.075361      -1.0000       0.7586        0.7586   3.027e-11 否       
  0m     R2    0    3     -0.075361   0.075361      -1.0000       1.4058        1.4058   9.558e-11 否       
  0m     R2    0    4     -0.075361   0.075361      -1.0000       7.9360        7.9360  -3.217e-11 否       
  0m     R2    0    5     -0.075361   0.075361      -1.0000       7.9420        7.9420   1.608e-11 否       
  0m     R2    0    6     -0.075361   0.075361      -1.0000       9.8736        9.8736   4.524e-11 否       
  0m     R2    0    7     -0.075361   0.075361      -1.0000      14.9982       14.9982  -1.098e-12 否       
  0m     R2    0    8     -0.075361   0.075361      -1.0000      95.9720       95.9720  -1.482e-10 否       
  0m     R2    0    9     -0.075361   0.075361      -1.0000      94.6328       94.6328   8.302e-11 否       
  ⇒ 分母 86 對：**非例外類**中 在 [0.9,1.1] 內 **0** ／ 外 **62**；例外類（`宗k` 為街角宗）**24**
  ⇒ `s` 恆等式之殘差絕對值極大 ＝ **1.479e-07**（判準 ≤ 1e-09）⇒ 🔴
  🔒 **補量①（⛔ 非施工單所令·不改判準）**：**`|比值|`** 之分布（非例外類·分母 62）——最小 0.0000 ／ 中位 1.0000 ／ 最大 1.0000；`|比值| ∈ [0.9,1.1]` 者 **40**
     🔒 其中比值為**負**者 ＝ **42** ／ 62 ⇒ 🔒 施工單之判準 `[0.9,1.1]` 係**帶號**區間，⛔ 未涵蓋 `−1` ⇒ **「號」須先具名**（見報告 §E）
  🔒 **補量②（`VR-038` 四-I-3 之候選證路·⛔ 與施工單 A-3 之式不同）**：`s 漂移 ≈ d / cos α`
     情境     街廓    j    k        d_signed       cosα         d/cosα           實測漂移         比值
     0m     R1    0    4        -71.1579   0.999953       -71.1612        71.3905    -1.0032
     3.5m   R1    0    4        -53.5999   0.999953       -53.6025        53.7752    -1.0032
     3.5m   R1    0    3        -60.1082   0.999953       -60.1111        60.3048    -1.0032
     0m     R1    2    4          2.3866   0.999927         2.3868        -2.3944    -1.0032
     3.5m   R1    1    3          2.3869   0.999927         2.3870        -2.3947    -1.0032
     3.5m   R1    1    4          8.8952   0.999927         8.8958        -8.9242    -1.0032
     0m     R3    7    9          0.2640   0.997156         0.2647        -0.2651    -1.0014
     0m     R3    7    10         0.8407   0.997156         0.8431        -0.8443    -1.0014
     🔒 **|比值| 之分布（⛔ 判「號」是否為唯一差異·分母 62）**：最小 0.0000 ／ 中位 0.9996 ／ 最大 1.0032；`|比值| ∈ [0.9,1.1]` 者 **40**
     🔒 比值為**負**者 ＝ **19** ／ 62 ⇒ 🔴 **號係主要差異**（|比值| 合格數 40 ≫ 帶號合格數 29）
     ⇒ 分母 62（非例外類）：`實測漂移 / (d/cosα)` ∈ [0.9,1.1] 者 **29** ／ 外 **33** ⇒ 🔴 **`VR-038` 之候選式不成立**·具名
  🔒 **判（`P4`）**：🔴 **不成立**（非例外類有 62 對偏離）⇒ 該欄**永久停留於觀察**、`VR-037` 二-丙之「構造必然」四字**須撤回**·具名

【A-4 ＋ P6】`θ` 掃描（-8°, -6°, -4°, -2°, 0°, 2°, 4°, 6°, 8°, 12°, 16°, 20°）＋ **身分鍵自動比對**
------------------------------------------------------------------------------------------------------------------------------------------------------------------------------------------------------------------
  🔒 **身分鍵 ＝ `(n, 街角宗索引之 tuple)`**；比對同一 (情境, 街廓) 各 θ 列是否恆定。
  情境     街廓    相異鍵數     不恆定者之逐列具名
  0m     R1    1        恆定 = (5, (0, 2))
  0m     R2    1        恆定 = (15, (0,))
  0m     R3    2        20°:(14, (8,))
  0m     R4    1        恆定 = (2, (0, 1))
  0m     R5    1        恆定 = (12, (0,))
  0m     R6    1        恆定 = (11, (6,))
  3.5m   R1    2        16°:(5, (0, 2))  20°:(5, (0, 2))
  3.5m   R2    1        恆定 = (15, ())
  3.5m   R3    1        恆定 = (14, ())
  3.5m   R4    1        恆定 = (2, (0, 1))
  3.5m   R5    1        恆定 = (12, ())
  3.5m   R6    2        16°:(11, ())  20°:(11, ())
  ⇒ **不恆定之列數 ＝ 5**（🔒 正對照：施工單已知**恰 5 列**）⇒ ✅ 比對器**恰抓 5 列**
     逐列：[0m]R3@20°→(14, (8,))  [3.5m]R1@16°→(5, (0, 2))  [3.5m]R1@20°→(5, (0, 2))  [3.5m]R6@16°→(11, ())  [3.5m]R6@20°→(11, ())
  🔒 **併答（`W-G.9-79` §E-2 未具名者）**：`3.5m R6` 於 `θ ≥ 16°` 之街角宗集合為 `()`
     ⇒ 其「未取得正例」係 **shim 未觸發**、⛔ **非**「交點在外」。

  **`P6`**：閉式謂詞於掃描 **144 列**是否與 `廓內交叉(不鄰) ≥ 1` 一致（⛔ 母體變異 5 列另計）
  ⇒ 一致 **110** ／ 不一致 **34** ⇒ 🔴 逐列具名如下
     θ=-8° [0m] R2   實測交叉(不鄰)=0 ／ 閉式預測=2
     θ=-8° [0m] R5   實測交叉(不鄰)=0 ／ 閉式預測=1
     θ=-6° [0m] R2   實測交叉(不鄰)=0 ／ 閉式預測=2
     θ=-6° [0m] R5   實測交叉(不鄰)=0 ／ 閉式預測=1
     θ=-4° [0m] R2   實測交叉(不鄰)=0 ／ 閉式預測=1
     θ=-4° [0m] R5   實測交叉(不鄰)=0 ／ 閉式預測=1
     θ=-4° [0m] R3   實測交叉(不鄰)=0 ／ 閉式預測=1
     θ=-2° [0m] R2   實測交叉(不鄰)=0 ／ 閉式預測=1
     θ=-2° [0m] R5   實測交叉(不鄰)=0 ／ 閉式預測=1
     θ=2° [0m] R6   實測交叉(不鄰)=0 ／ 閉式預測=1
     θ=2° [3.5m] R6   實測交叉(不鄰)=0 ／ 閉式預測=1
     θ=4° [0m] R6   實測交叉(不鄰)=0 ／ 閉式預測=1
