========================================================================================================================================================================================================
【GB-40 寬度攤表】街角第 1 宗·虛擬塊上：舊帶（depth_from_PQ）vs 新帶（後緣最淺端點） — ⛔ 只算不換·不設門檻
🔴 §7-0：本表所量係**寬度**，⛔ 非帶底；帶底差 ≠ 寬度差，⛔ 禁以任何係數自帶底差推估之
========================================================================================================================================================================================================

【A】切換哨兵：`w_new == k98['min_width']`（**逐格列示**·⛔ 禁計數式驗收）——🔧 閘已反向（切換後 k98 走新帶）
--------------------------------------------------------------------------------------------------------------------------------------------------------------------------------------------------------
情境    街廓/側        街角第1宗                   w_new（本檔現算）        k98[min_width]  相等？
--------------------------------------------------------------------------------------------------------------------------------------------------------------------------------------------------------
0m    R1/left     628-37(1)         6.494253315988538     6.494253315988538  ✅ ==
0m    R1/right    628(5)           6.8468981563806075    6.8468981563806075  ✅ ==
0m    R2/left     628-40(1)          4.75646368055467      4.75646368055467  ✅ ==
0m    R4/left     628(1)           45.347317066315846    45.347317066315846  ✅ ==
0m    R4/right    628-1(1)           13.1902499212525      13.1902499212525  ✅ ==
0m    R5/left     628-7(2)         3.8520375479263347    3.8520375479263347  ✅ ==
0m    R6/right    628-18(1)         7.221162981066817     7.221162981066817  ✅ ==
3.5m  R1/left     628-36(1)        17.584578075321353    17.584578075321353  ✅ ==
3.5m  R1/right    628(5)            6.847031323312242     6.847031323312242  ✅ ==
3.5m  R4/left     628(1)           45.347317066315846    45.347317066315846  ✅ ==
3.5m  R4/right    628-1(1)           13.1902499212525      13.1902499212525  ✅ ==
3.5m  R6/right    628-18(1)         7.221162981066817     7.221162981066817  ✅ ==
--------------------------------------------------------------------------------------------------------------------------------------------------------------------------------------------------------
  🔒 判準為 `==`（⛔ 未放寬為容差）；任一格不等即 loud raise、本檔不會走到此處。
  🔧 **本閘已反向**：切換前對 `w_old`、切換後對 `w_new`——⇒ 本段同時是**切換生效之證據**與**回退之哨兵**。

【B】GB-40 寬度攤表（**全精度**·Δ 一律「新 − 舊」·餘裕 ＝ 量得寬 − 門檻）
--------------------------------------------------------------------------------------------------------------------------------------------------------------------------------------------------------
情境    街廓/側        街角第1宗              t_lo         舊帶底         新帶底         Δ帶底    max(_tv)     舊寬 w_old     新寬 w_new           Δ寬     門檻T         舊餘裕         新餘裕  翻盤？  備註
--------------------------------------------------------------------------------------------------------------------------------------------------------------------------------------------------------
0m    R1/left     628-37(1)      0.000000   33.161249   33.160155   -0.001094   33.162941     4.142051     6.494253     2.352202    3.50    0.642051    2.994253  —       
0m    R1/right    628(5)         0.000000   33.128005   33.126748   -0.001257   33.129710     4.172583     6.846898     2.674315    3.50    0.672583    3.346898  —       
0m    R2/left     628-40(1)      0.000000   44.875035   44.908054    0.033020   44.954314     4.758958     4.756464    -0.002495    3.50    1.258958    1.256464  —       
0m    R3/right    None                  —           —           —           —           —            —            —            —    3.50           —           —  —      無 winner（強制留設抵費地）
0m    R4/left     628(1)         0.000000   33.112868   33.112232   -0.000636   33.131455    43.847789    45.347317     1.499529    3.50   40.347789   41.847317  —       
0m    R4/right    628-1(1)       0.000000   33.096707   33.096774    0.000067   33.102365    13.190253    13.190250    -0.000003    3.50    9.690253    9.690250  —       
0m    R5/left     628-7(2)       0.000000   43.510383   43.524216    0.013833   43.705997     3.853085     3.852038    -0.001047    3.50    0.353085    0.352038  —       
0m    R6/right    628-18(1)      0.000000   43.361469   43.241201   -0.120267   43.601507     4.810794     7.221163     2.410369    3.50    1.310794    3.721163  —       
3.5m  R1/left     628-36(1)      0.000000   33.156684   33.155591   -0.001093   33.162907    15.232700    17.584578     2.351878    7.00    8.232700   10.584578  —       
3.5m  R1/right    628(5)         0.000000   33.128005   33.126748   -0.001257   33.129710     4.172717     6.847031     2.674314    7.00   -2.827283   -0.152969  —       
3.5m  R2/left     None                  —           —           —           —           —            —            —            —    7.00           —           —  —      無 winner（強制留設抵費地）
3.5m  R3/right    None                  —           —           —           —           —            —            —            —    7.00           —           —  —      無 winner（強制留設抵費地）
3.5m  R4/left     628(1)         0.000000   33.112868   33.112232   -0.000636   33.131455    43.847789    45.347317     1.499529    7.00   36.847789   38.347317  —       
3.5m  R4/right    628-1(1)       0.000000   33.096707   33.096774    0.000067   33.102365    13.190253    13.190250    -0.000003    7.00    6.190253    6.190250  —       
3.5m  R5/left     None                  —           —           —           —           —            —            —            —    7.00           —           —  —      無 winner（強制留設抵費地）
3.5m  R6/right    628-18(1)      0.000000   43.361469   43.241201   -0.120267   43.601507     4.810794     7.221163     2.410369    7.00   -2.189206    0.221163  🔴 翻盤    
--------------------------------------------------------------------------------------------------------------------------------------------------------------------------------------------------------
  · 「翻盤」＝ `sign(舊餘裕) ≠ sign(新餘裕)`（可分配 ↔ 強制留設抵費地）。
  · 新帶底取自 `_n14_band_hi(...)[1]`（**生產所消費者**），⛔ 非自 `_n14_band_geom` 取 `_rear[0][0]`。
  · `max(_tv)` ＝ **E-2′ 之流失紀錄**：切換後 `baseline_pts is not None` ⇒ `app.py:6761` 之閘不再執行。
    其法定職責已由街廓層 **K-9-2** 承擔（**K-9-3 已裁**）⇒ **不是待裁項**；本欄僅留「切換前該閘離觸發有多遠」之數，供換案評估。

【C】結語三數（⛔ 觀測·非門檻）
--------------------------------------------------------------------------------------------------------------------------------------------------------------------------------------------------------
  翻盤格數 ＝ **1**　⇒ 3.5m R6/right（餘裕 -2.189206 → +0.221163）
  max|Δ寬| ＝ **2.674315 m**（0m R1/right·4.172583 → 6.846898）
  最緊之一格（新餘裕最小）＝ **3.5m R1/right·新餘裕 -0.152969 m**（門檻 7.00）

【C-2】§7-0 之**實證**：`Δ寬 ÷ Δ帶底` 逐格比值（⛔ 觀測·非門檻·非可外推之係數）
--------------------------------------------------------------------------------------------------------------------------------------------------------------------------------------------------------
  🔴 施工單 §7-0 令「⛔ 禁以帶底差乘任何係數推估寬度差」。本段以實測坐實之：
情境    街廓/側        街角第1宗                 Δ帶底           Δ寬          Δ寬÷Δ帶底      max(_tv)−舊帶底  ← E-2′ 餘裕
--------------------------------------------------------------------------------------------------------------------------------------------------------------------------------------------------------
0m    R1/left     628-37(1)       -0.001094     2.352202      -2150.8449          0.001692
0m    R1/right    628(5)          -0.001257     2.674315      -2127.6549          0.001705
0m    R2/left     628-40(1)        0.033020    -0.002495         -0.0756          0.079280
0m    R4/left     628(1)          -0.000636     1.499529      -2359.0870          0.018587
0m    R4/right    628-1(1)         0.000067    -0.000003         -0.0501          0.005659
0m    R5/left     628-7(2)         0.013833    -0.001047         -0.0757          0.195614
0m    R6/right    628-18(1)       -0.120267     2.410369        -20.0418          0.240038
3.5m  R1/left     628-36(1)       -0.001093     2.351878      -2150.8449          0.006223
3.5m  R1/right    628(5)          -0.001257     2.674314      -2127.6548          0.001705
3.5m  R4/left     628(1)          -0.000636     1.499529      -2359.0870          0.018587
3.5m  R4/right    628-1(1)         0.000067    -0.000003         -0.0501          0.005659
3.5m  R6/right    628-18(1)       -0.120267     2.410369        -20.0418          0.240038
--------------------------------------------------------------------------------------------------------------------------------------------------------------------------------------------------------
  ⇒ `|Δ寬÷Δ帶底|` 之全距 ＝ **0.0501 〜 2359.0870**（**跨 4.71e+04 倍**）
  🔴 **判讀（⛔ 只述觀測·不作推論外之宣稱）**：本欄**不是一個係數**——
     · 有數格落在 `0.04〜0.08` 量級（與 **GB-33** 所載之 `|k| ≤ 0.0756` 同量級）；
     · 另有數格落在 `10³` 量級 ⇒ **帶底差 1mm 可致寬度差逾 2m**。
     ⇒ 若以 GB-33 之 `0.0756` 推估，該類格將**低估約四個數量級**。
     ⇒ **§7-0 之禁令由本段實證成立**；⛔ 亦不得反過來拿本欄任一值當新係數用。
  📌 `max(_tv) − 舊帶底` ＝ **E-2′ 之餘裕**（該閘為 `max(_tv) < min_depth` ⇒ raise）：
     全數為**正** ⇒ 切換前該閘**從未觸發**；⚠️ 惟最小者僅 **mm 級**——⇒ 其「從未觸發」是**擦邊而過**，非有寬裕餘量。⛔ 換案不得據此假設它不會響。

【D】註記
  · ⛔ 零生產變更：未動 `app.py`、未動 `verify/` 既有檔、不接 `run_all`。
  · 虛擬塊／`L_in` 挑選／截角判定**逐字沿用** `probe_K9_seg6_recon.py`（⛔ 未另寫第二份）。
  · 兩次量測**唯一差異 ＝ `baseline_pts`**；`min_depth` 二者皆傳 `depth_from_PQ`。
  · ⛔ 本檔不設門檻、不作放行建議——放行屬 KL（GB-40）。
