============================================================================================================================================================================
【W-G.9-41 立·W-G.9-42 修】帶底新定式（`K-9-10`）對寬度判定之影響實測
============================================================================================================================================================================
  產生於 commit：8c8f223　｜　shapely 2.1.2｜GEOS (3, 13, 1)
  🔴 ⛔ 零生產碼——`_n14_band_hi`／`_n14_band_geom`／`parcel_min_width_n14` 皆為**呼叫**
  🔒 本檔自寫者僅三項，各有自我驗證閘：(i)(s,t)框→`_t_lo` 核對　(ii)`D(s)`→`_rear` 角點核對　(iii)斷點法→生產寬度逐宗對拍

【0】量測器自檢（C-5·**⛔ 對照物不是單數**·每項附實際輸出）
----------------------------------------------------------------------------------------------------------------------------------------------------------------------------
  項             說明                                                  實得                                          期望                  判
  ①法向反向         BASELINE 在 t 負側·平行·前後緣皆 s∈[0,10]                    (30.0, 10.0)                                (30.0, 10.0)        ✅
  ②鏡像left       同形·side=left ⇒ 近側後角 ＝ s 小者(t=30) ⇒ t_band ＝ shallow 20.4(20.4, 6.0)                                 (20.4, None)        ✅
  ②鏡像right      **同一形狀** side=right ⇒ 近側後角 ＝ s 大者(t=18) ⇒ t_band ＝ 18(18.0, 6.0)                                 (18.0, None)        ✅
  ③不轉折節點        近側界中點插一共線贅點                                         (30.0, 10.0)                                (30.0, 10.0)        ✅
  ④重複點          前緣邊端點重複一次                                           (30.0, 10.0)                                (30.0, 10.0)        ✅
  ⑤截角五邊形        近側前角截去 ⇒ 前緣 s∈[2,10]、五頂點                            (30.0, 8.0)                                 (30.0, None)        ✅
  ⑥碎片三角         底 1.0×高 2.0 ＝ 1.0㎡·**無後緣邊** ⇒ 生產碼應 raise            raise: 🔴 _n14_band_geom[⑥碎片三角]：本宗與 BASELINE 無臨接邊（無兩端點之 |dep| 皆 ≤ RAISE               ✅
  ⑦前緣殘差內        前緣 t ＝ +2.4746e−04／−9.0e−03（皆 < 容差 0.01）            (30.0, 10.0)                                None                ✅
  ⑦'殘差逾容差       前緣 t ＝ −1.4826e−02（> 容差 0.01·**單所載之下界**）⇒ 須 raise   raise: 🔴 _n14_band_geom[⑦'殘差逾容差]：本宗與正面路街線僅單點接觸（無兩端點皆在容差 0.01m 內之邊RAISE               ✅
  ⑧S-9構造證       前緣 s∈[0,3]、後緣 s∈[7,10] ⇒ I_F ∩ I_B ＝ ∅ ⇒ 須判 S-9     ('S-9', None)                               ('S-9', None)       ✅
  🔒 **未覆蓋之前提（⛔ 具名·不假裝已覆蓋）**：
     · 非凸宗地（折線 BASELINE 夾出腰身·`K-9-10 五` 所慮）——本案 E-8a 已保證凸，
       ⇒ 造不出**本案輸入形狀**之非凸測資 ⇒ ⛔ 不以合成凹形冒充（考古 85 修法 1）。
     · 多段後緣（`_re` 分裂）——生產碼 `_n14_band_geom` 已 raise 於上游。
  ⇒ 自檢：PASS

【A】母體之界定（🔴 **與施工單所載之 59 宗不同·⛔ 具名·見報告 §C-0a**）
----------------------------------------------------------------------------------------------------------------------------------------------------------------------------
  逐街廓 `run_step_g`（各自一個 `try`·考古 70 家法）之成敗：
    R1: ✅ 成功
    R2: 🔴 raise RuntimeError: 街廓 R2 抵費地計算失敗：🔴 ②-宗 圍堵閘破[R2]：宗-宗重疊 = 45.9766 > 上界 3.1129（(宗數15−1)×0.005×深度44.47）——**超出捨入量子可解釋範圍＝另有病**，停
    R4: 🔴 raise RuntimeError: 🔴 結構閘 理論＝實跑 破：街廓 R4 right 側 理論@k*=87.83 ≠ 實跑(階段1)=85.42（Δ=2.415 >0.1）｜參考 ΣΔ_i=+0.000（**⛔ 未用於本式**·實測反證見碼註）｜逐界面：[Δ_i·R4·right] （無界面）
    R6: ✅ 成功
    R5: 🔴 raise RuntimeError: 街廓 R5 抵費地計算失敗：🔴 ②-宗 圍堵閘破[R5]：宗-宗重疊 = 56.3293 > 上界 2.5141（(宗數12−1)×0.005×深度45.71）——**超出捨入量子可解釋範圍＝另有病**，停
    R3: ✅ 成功
  ⇒ 成功 **3／6** 街廓
  `g_rows` 累計 **35** 列；`推進側別` 分布（⛔ 未過濾）：`left`=15／`right`=15／`抵費地`=5
  母體（`推進側別 ∈ {left,right}`·⛔ **非**以有無 `cut_coords` 為篩）＝ **30** 宗
  🔴 **R2／R4／R5 之宗⛔ 不在母體內**——生產碼於該三街廓 raise ⇒ 其 `g_rows` 不存在。
     ⛔ **本檔不以 spy 擷取其 `biz_polys` 充數**：該三街廓之 raise 訊息逐字為
     「宗-宗重疊 45.9766／56.3293 ㎡ **超出捨入量子可解釋範圍＝另有病**」
     ⇒ 其宗地**彼此重疊**、係**上游狀態不合規**之產物；於其上量寬度
     ＝ 把一個 bug 的產物當成待分配的土地（**自誤 18** 之形狀）。
     ⇒ 該三街廓一律出艙碼 **「上游狀態不合規·⛔ 不作寬度判定」**。

【B】逐宗（**全精度**·⛔ 母體內每一宗皆列·⛔ 無篩）
----------------------------------------------------------------------------------------------------------------------------------------------------------------------------
  街廓   側     暫編地號          類            面積㎡     t_lo     t_hi舊      最淺有效        @s      近側終止   t_band新       Δt     舊min寬     新min寬       Δ寬    棄點    舊判    新判  翻轉
  R1   left  628-37(1)     街角      208.1600   — **無從判定**（`K-9-5`：須**截角前**幾何、門檻 ＝ 退縮寬＋畸零地最小寬；截角前量測 `K-9-6-h ⑤` **未實作** ⇒ ⛔ 不以 3.50 門檻判）
  R1   left  628-35(2)     一般      599.9100   0.0001   33.1529   33.1540   24.4105   33.1603   33.1540  +0.0011   17.9308        待裁        —     0   🛑 **S-9(二) 正典未裁·待 KL**（t_band 33.1540 > 遠側界終止 33.1529 ⇒ 第四款不成立·⛔ 不出新寬 15.5764）
  R1   right 628(5)        街角      227.7300   — **無從判定**（`K-9-5`：須**截角前**幾何、門檻 ＝ 退縮寬＋畸零地最小寬；截角前量測 `K-9-6-h ⑤` **未實作** ⇒ ⛔ 不以 3.50 門檻判）
  R1   right 628-34(3)     一般       86.0000   🛑 **S-9 正典未裁·待 KL**（`I_F ∩ I_B = ∅`：I_F=[77.8701,80.2646] I_B=[80.5514,83.3483]）
  R1   right 628-36(1)     一般      596.2600   0.0002   33.1310   33.1321   77.8701   33.1310   33.1310  +0.0000   17.9950   17.9950  +0.0000     0    合格    合格  
  R6   left  628(2)        一般        7.3800   🛑 **S-9 正典未裁·待 KL**（`I_F ∩ I_B = ∅`：I_F=[0.0000,0.1552] I_B=[3.8315,3.9861]）
  R6   left  628-1(2)      一般      145.8200   🛑 **S-9 正典未裁·待 KL**（`I_F ∩ I_B = ∅`：I_F=[0.1552,3.2289] I_B=[3.9861,7.0474]）
  R6   left  628-23(1)     一般       71.0300   🛑 **S-9 正典未裁·待 KL**（`I_F ∩ I_B = ∅`：I_F=[3.2289,4.7299] I_B=[7.0474,8.5424]）
  R6   left  628-4(1)      一般      692.0500   0.0000   46.5531   46.7411   19.4791   47.2890   46.7411  +0.1880   14.7492        待裁        —     0   🛑 **S-9(二) 正典未裁·待 KL**（t_band 46.7411 > 遠側界終止 46.5531 ⇒ 第四款不成立·⛔ 不出新寬 10.9808）
  R6   left  628-22(1)     一般      152.2100   🛑 **S-9 正典未裁·待 KL**（`I_F ∩ I_B = ∅`：I_F=[19.4791,22.7545] I_B=[23.2322,26.4945]）
  R6   left  628-21(1)     一般      210.4800   0.0000   46.1627   46.3491   27.3030   46.3896   46.3491  +0.1865    4.5484        待裁        —     0   🛑 **S-9(二) 正典未裁·待 KL**（t_band 46.3491 > 遠側界終止 46.1627 ⇒ 第四款不成立·⛔ 不出新寬 0.8116）
  R6   right 628-18(1)     街角      307.7900   — **無從判定**（`K-9-5`：須**截角前**幾何、門檻 ＝ 退縮寬＋畸零地最小寬；截角前量測 `K-9-6-h ⑤` **未實作** ⇒ ⛔ 不以 3.50 門檻判）
  R6   right 628-53(1)     碎片        0.2600   — **上游狀態不合規**（正規化後 2 邊 ⇒ 碎片）⇒ ⛔ 不作寬度判定
  R6   right 628-38(1)     一般      117.7300   🛑 **S-9 正典未裁·待 KL**（`I_F ∩ I_B = ∅`：I_F=[75.9319,78.6279] I_B=[79.4580,82.1431]）
  R6   right 628-7(1)      一般      302.9400   0.0000   43.7363   43.9130   75.9319   43.7363   43.7363  +0.0000    6.8993    6.8993  +0.0000     0    合格    合格  
  R6   right 628-20(1)     一般      339.9100   0.0000   44.0806   44.2586   69.0326   44.0806   44.0806  +0.0000    7.6779    7.6779  +0.0000     0    合格    合格  
  R3   left  628(4)        一般       44.8900   🛑 **S-9 正典未裁·待 KL**（`I_F ∩ I_B = ∅`：I_F=[0.0000,1.0265] I_B=[-4.0520,-3.0266]）
  R3   left  628-34(2)     一般      250.2500   0.0000   43.7386   43.7875    1.0265   43.7386   43.7386  +0.0000    5.7169    5.7169  +0.0000     0    合格    合格  
  R3   left  628-47(1)     一般      143.3800   🛑 **S-9 正典未裁·待 KL**（`I_F ∩ I_B = ∅`：I_F=[6.7435,10.0150] I_B=[2.6839,5.9518]）
  R3   left  628-46(1)     一般       72.7700   🛑 **S-9 正典未裁·待 KL**（`I_F ∩ I_B = ∅`：I_F=[10.0150,11.6742] I_B=[5.9518,7.6092]）
  R3   left  628-48(1)     一般      143.4000   🛑 **S-9 正典未裁·待 KL**（`I_F ∩ I_B = ∅`：I_F=[11.6742,14.9417] I_B=[7.6092,10.8730]）
  R3   left  628-49(2)     一般       79.0500   🛑 **S-9 正典未裁·待 KL**（`I_F ∩ I_B = ∅`：I_F=[14.9417,16.7417] I_B=[10.8730,12.6710]）
  R3   left  628-32(3)     一般      421.4100   0.0000   43.9279   43.9770   16.7417   43.9279   43.9279  +0.0000    9.5806    9.5806  +0.0000     0    合格    合格  
  R3   right 628-45(2)     街角      189.5400   — **無從判定**（`K-9-5`：須**截角前**幾何、門檻 ＝ 退縮寬＋畸零地最小寬；截角前量測 `K-9-6-h ⑤` **未實作** ⇒ ⛔ 不以 3.50 門檻判）
  R3   right 628-42(2)     一般       87.9000   🛑 **S-9 正典未裁·待 KL**（`I_F ∩ I_B = ∅`：I_F=[88.7771,89.0422] I_B=[84.6260,88.2811]）
  R3   right 628-27(2)     一般       25.9400   🛑 **S-9 正典未裁·待 KL**（`I_F ∩ I_B = ∅`：I_F=[88.1979,88.7771] I_B=[84.0475,84.6260]）
  R3   right 628-28(1)     一般       63.5200   🛑 **S-9 正典未裁·待 KL**（`I_F ∩ I_B = ∅`：I_F=[86.7793,88.1979] I_B=[82.6305,84.0475]）
  R3   right 628-29(1)     一般       63.7200   🛑 **S-9 正典未裁·待 KL**（`I_F ∩ I_B = ∅`：I_F=[85.3559,86.7793] I_B=[81.2086,82.6305]）
  R3   right 628-30(3)     一般      445.0300   0.0000   44.6344   44.6843   75.3987   44.7543   44.6843  +0.0499    9.9572        待裁        —     0   🛑 **S-9(二) 正典未裁·待 KL**（t_band 44.6843 > 遠側界終止 44.6344 ⇒ 第四款不成立·⛔ 不出新寬 5.8165）
  R3   right 628-31(3)     一般      380.8100   0.0000   44.5315   44.5813   66.8570   44.6344   44.5813  +0.0498    8.5417        待裁        —     0   🛑 **S-9(二) 正典未裁·待 KL**（t_band 44.5813 > 遠側界終止 44.5315 ⇒ 第四款不成立·⛔ 不出新寬 4.4105）

【C-1 驗收閘】本檔之「舊式 min 寬」vs 生產碼 `parcel_min_width_n14(…, baseline_pts=)`
----------------------------------------------------------------------------------------------------------------------------------------------------------------------------
  可對拍 **10** 宗（生產碼 raise 者 0 宗·見【E】）
  最大差 ＝ 0.000e+00 m　｜ 差 > 1e-9 之宗數 ＝ **0**
  🔒 **非套套邏輯**：本檔之寬度係**自寫斷點法**（`min_width_band`）所得，⛔ 非呼叫 `parcel_min_width_n14`；共用者僅**帶之幾何**（生產碼所產）。
  舊式被棄點污染之宗數 ＝ **0**　新式 ＝ **0**　（棄點總數 0）
  🔒 **⛔ 棄點不記為 `0.0`**——全部斷點皆被棄之宗，其 min 寬記 `None`（無從判定）。
  ⇒ **C-1 驗收閘：✅ 過**

【D】統計（⛔ 逐宗可回溯·⛔ 三類出艙碼不得互代、不得相加）
----------------------------------------------------------------------------------------------------------------------------------------------------------------------------
  母體（一般宗·可判定） ＝ 5 宗
  ├ 街角宗（**無從判定**·`K-9-5` 截角前幾何未實作）＝ **4** 宗
  │   R1/628-37(1)　面積 208.1600　正規化後 5 邊
  │   R1/628(5)　面積 227.7300　正規化後 5 邊
  │   R6/628-18(1)　面積 307.7900　正規化後 5 邊
  │   R3/628-45(2)　面積 189.5400　正規化後 5 邊
  ├ 碎片宗（**上游狀態不合規**）＝ **1** 宗
  │   R6/628-53(1)　面積 0.2600　正規化後 2 邊
  ├ `S-9(一)` 零條有效垂線（**正典未裁·待 KL**）＝ **15** 宗
  │   R1/628-34(3)　面積 86.0000　I_F=[77.8701,80.2646]　I_B=[80.5514,83.3483]
  │   R6/628(2)　面積 7.3800　I_F=[0.0000,0.1552]　I_B=[3.8315,3.9861]
  │   R6/628-1(2)　面積 145.8200　I_F=[0.1552,3.2289]　I_B=[3.9861,7.0474]
  │   R6/628-23(1)　面積 71.0300　I_F=[3.2289,4.7299]　I_B=[7.0474,8.5424]
  │   R6/628-22(1)　面積 152.2100　I_F=[19.4791,22.7545]　I_B=[23.2322,26.4945]
  │   R6/628-38(1)　面積 117.7300　I_F=[75.9319,78.6279]　I_B=[79.4580,82.1431]
  │   R3/628(4)　面積 44.8900　I_F=[0.0000,1.0265]　I_B=[-4.0520,-3.0266]
  │   R3/628-47(1)　面積 143.3800　I_F=[6.7435,10.0150]　I_B=[2.6839,5.9518]
  │   R3/628-46(1)　面積 72.7700　I_F=[10.0150,11.6742]　I_B=[5.9518,7.6092]
  │   R3/628-48(1)　面積 143.4000　I_F=[11.6742,14.9417]　I_B=[7.6092,10.8730]
  │   R3/628-49(2)　面積 79.0500　I_F=[14.9417,16.7417]　I_B=[10.8730,12.6710]
  │   R3/628-42(2)　面積 87.9000　I_F=[88.7771,89.0422]　I_B=[84.6260,88.2811]
  │   R3/628-27(2)　面積 25.9400　I_F=[88.1979,88.7771]　I_B=[84.0475,84.6260]
  │   R3/628-28(1)　面積 63.5200　I_F=[86.7793,88.1979]　I_B=[82.6305,84.0475]
  │   R3/628-29(1)　面積 63.7200　I_F=[85.3559,86.7793]　I_B=[81.2086,82.6305]
  ├ 🆕 `S-9(二)` 新帶伸入「遠側界已終止」之段（**正典未裁·待 KL**）＝ **5** 宗
  │   🔴 **本項係本批實測發現·⛔ 非施工單所列**——`K-9-10 三` 之上蓋只取**近側**界之終止，
  │     而其**理由**（『近邊已非近側境界線 ⇒ 第四款不成立』）對**遠側**界對稱成立。
  │     於 `t_band > 遠側界終止` 之段，沿 FRONTLINE 出宗處係**後側**境界線，
  │     ⇒ 第四款「自近側境界線至**遠側**境界線」之定義**不成立** ⇒ 該處之弦⛔ 不出艙。
  │   ⚠️ ⛔ **不得自行補 `min(…, t_far)`**：那會使新帶恆不深於舊帶，
  │     與 `K-9-10 六`「新帶**較深（較嚴）**」**直接牴觸** ⇒ 屬正典之取捨、⛔ 非 CC 可裁。
  │   R1/628-35(2)　面積 599.9100　t_hi舊 33.1529　遠側界終止 33.1529　t_band新 33.1540（逾 +0.0011）　舊寬 17.9308　〔該段所量之弦 15.5764·**⛔ 非第四款之寬度**〕
  │   R6/628-4(1)　面積 692.0500　t_hi舊 46.5531　遠側界終止 46.5531　t_band新 46.7411（逾 +0.1880）　舊寬 14.7492　〔該段所量之弦 10.9808·**⛔ 非第四款之寬度**〕
  │   R6/628-21(1)　面積 210.4800　t_hi舊 46.1627　遠側界終止 46.1627　t_band新 46.3491（逾 +0.1865）　舊寬 4.5484　〔該段所量之弦 0.8116·**⛔ 非第四款之寬度**〕
  │   R3/628-30(3)　面積 445.0300　t_hi舊 44.6344　遠側界終止 44.6344　t_band新 44.6843（逾 +0.0499）　舊寬 9.9572　〔該段所量之弦 5.8165·**⛔ 非第四款之寬度**〕
  │   R3/628-31(3)　面積 380.8100　t_hi舊 44.5315　遠側界終止 44.5315　t_band新 44.5813（逾 +0.0498）　舊寬 8.5417　〔該段所量之弦 4.4105·**⛔ 非第四款之寬度**〕
  └ 一般宗之 |Δt| > 1e-6 ＝ **0** 宗
        🔒 零計數之構造證（⛔ 非「Δt 不可能非 0」）：本欄之母體係**扣除 `S-9(二)` 後**之
          可判定宗；而 `S-9(二)` 之 5 宗其 Δt 實得 +0.0011〜+0.1880（見上）
          ⇒ **Δt > 0 於本案確實發生**，只是那些宗因正典缺口而不出艙。
          ⇒ 本 `0` 之意義 ＝ 「**可判定之 5 宗其新舊帶底相同**」，⛔ 非「新舊定式等價」。

  判定翻轉 合格→不合格 ＝ **0** 宗
  反向翻轉 不合格→合格 ＝ **0** 宗
      🔒 零計數之構造證：翻轉判定式對兩方向**對稱**（`jo/jn` 之互換），
        且 `K-9-10 六` 明載新帶**較深（較嚴）** ⇒ 反向翻轉須 `Δt < 0`；
        本母體 Δt 之範圍見上 ⇒ 若全為 `≥ 0` 則反向為**構造上不可能**，
        ⇒ 該 `0` 之意義為「**定式蘊含**」，⛔ 非「量測發現」。

【D-2】角數分布（**C-4 正規化後**·去重複點＋去共線點·容差 0.01 m）
----------------------------------------------------------------------------------------------------------------------------------------------------------------------------
  🔒 **正規化之受詞 ＝ 角數／角度判別**，⛔ **不改任何幾何**、⛔ 不改街廓環。
     依 `W-G.9-42` §C-4：全案共線／重複節點 **100% 落在街廓外環上**、
     於法定粒度（公分）內合法 ⇒ 要改的是**吃原始環做判別的碼**，⛔ 非資料。
  原始座標點數：4 邊 26／5 邊 3／6 邊 1　（⛔ **未正規化之數·不得引用**）
  正規化後　　：2 邊 1／4 邊 25／5 邊 4
  正規化使角數改變之宗 ＝ **2**
      R1/628(5)：6 → 5
      R6/628-53(1)：4 → 2
  🔴 **射程聲明**：本表母體僅 **30** 宗（R2／R4／R5 之宗取不到）
     ⇒ ⛔ **不得**與施工單 §D-2 之「三邊 4／四邊 47／五邊 8」（母體 59）**逐格對比**。

【E】未能量測者（⛔ 逐項具名）
----------------------------------------------------------------------------------------------------------------------------------------------------------------------------
    （無）
    🔴 街廓 R2 全體：RuntimeError: 街廓 R2 抵費地計算失敗：🔴 ②-宗 圍堵閘破[R2]：宗-宗重疊 = 45.9766 > 上界 3.1129（(宗數15−1)×0.005×深度44.47）——**超出捨入量子可解釋範圍＝另有病**，停
    🔴 街廓 R4 全體：RuntimeError: 🔴 結構閘 理論＝實跑 破：街廓 R4 right 側 理論@k*=87.83 ≠ 實跑(階段1)=85.42（Δ=2.415 >0.1）｜參考 ΣΔ_i=+0.000（**⛔ 未用於本式**·實測反證見碼註）｜逐界面：[Δ_i·R4·right] （無界面）
    🔴 街廓 R5 全體：RuntimeError: 街廓 R5 抵費地計算失敗：🔴 ②-宗 圍堵閘破[R5]：宗-宗重疊 = 56.3293 > 上界 2.5141（(宗數12−1)×0.005×深度45.71）——**超出捨入量子可解釋範圍＝另有病**，停

============================================================================================================================================================================
  🔒 出艙碼（一般宗·本母體）＝ **無翻轉（新舊定式於**本母體**對判定等價）**
  🔒 街角宗 4 宗 ＝ **無從判定**｜碎片宗 1 宗 ＝ **上游狀態不合規**｜`S-9(一)` 15 ＋ `S-9(二)` 5 ＝ **20 宗·正典未裁·待 KL**
  🔴 **可判定之一般宗僅 5／30 宗**（16.7%）⇒ 上開出艙碼之射程**僅及該 5 宗**，
     ⛔ **不得**讀作「`K-9-10` 對全案無影響」。
  🔒 R2／R4／R5 全體（3 街廓）＝ **上游狀態不合規·⛔ 不作寬度判定**
  ⛔ 上列各碼**不得互代、不得相加**（受詞不同）。
============================================================================================================================================================================
