========================================================================================================================================================================================================
【D-2b-14 §b1′-1】shapely 自我矛盾區帶之邊界實測（seed=2026080914）
========================================================================================================================================================================================================
  🔒 **⛔ 先量再定門檻**——本節不挑門檻，只量「兩法開始不一致」之夾角。
  甲 ＝ 逐步不變量（每步 `片∩新餘塊` ＋ 餘塊面積鏈自洽）
  乙 ＝ 事後兩兩交集　　（兩法獨立·⛔ 未由其一推導另一）
  難幾何母體 ＝ **10** 個（⛔ 非空）
  掃描夾角（界線 vs 推進向）：[90.0, 60.0, 30.0, 15.0, 10.0, 6.0, 4.0, 3.0, 2.5, 2.3, 2.0, 1.5, 1.0, 0.7, 0.5, 0.3, 0.2, 0.1, 0.05, 0.02, 0.01]（度）　解析度見清單

    θ(deg)       sin θ    例數       甲 max 逐步∩       甲 max 鏈殘差       乙 max 兩兩∩     不一致例  判定
--------------------------------------------------------------------------------------------------------------------------------------------------------------------------------------------------------
     90.00    1.000000    30    0.000000e+00    5.456968e-12    6.821210e-13        0  ✅ 一致
     60.00    0.866025    30    0.000000e+00    3.637979e-12    7.355404e-13        0  ✅ 一致
     30.00    0.500000    30    0.000000e+00    4.433787e-12    5.233710e-13        0  ✅ 一致
     15.00    0.258819    30    0.000000e+00    3.637979e-12    2.368109e-13        0  ✅ 一致
     10.00    0.173648    30    0.000000e+00    3.637979e-12    1.989520e-13        0  ✅ 一致
      6.00    0.104528    30    0.000000e+00    3.637979e-12    1.795633e-13        0  ✅ 一致
      4.00    0.069756    30    0.000000e+00    3.637979e-12    3.410605e-13        0  ✅ 一致
      3.00    0.052336    30    0.000000e+00    3.637979e-12    4.240895e-13        0  ✅ 一致
      2.50    0.043619    30    0.000000e+00    4.547474e-12    0.000000e+00        0  ✅ 一致
      2.30    0.040132    30    0.000000e+00    3.637979e-12    9.094947e-13        0  ✅ 一致
      2.00    0.034899    30    0.000000e+00    5.456968e-12    1.465072e-13        0  ✅ 一致
      1.50    0.026177    30    0.000000e+00    3.637979e-12    3.410605e-13        0  ✅ 一致
      1.00    0.017452    30    0.000000e+00    3.637979e-12    1.409135e-13        0  ✅ 一致
      0.70    0.012217    30    0.000000e+00    4.547474e-12    5.057075e-13        0  ✅ 一致
      0.50    0.008727    30    0.000000e+00    3.637979e-12    9.094947e-13        0  ✅ 一致
      0.30    0.005236    30    0.000000e+00    3.637979e-12    0.000000e+00        0  ✅ 一致
      0.20    0.003491    30    0.000000e+00    3.637979e-12    2.285345e-13        0  ✅ 一致
      0.10    0.001745    30    0.000000e+00    4.547474e-12    2.842171e-13        0  ✅ 一致
      0.05    0.000873    30    0.000000e+00    3.637979e-12    6.821210e-13        0  ✅ 一致
      0.02    0.000349    30    0.000000e+00    3.637979e-12    4.547474e-13        0  ✅ 一致
      0.01    0.000175    30    0.000000e+00    3.637979e-12    1.412697e-12        0  ✅ 一致

【補掃】界線**順序未排序**（⛔ 上表全為已排序·此為另一維度）
--------------------------------------------------------------------------------------------------------------------------------------------------------------------------------------------------------
  由來：施工單所述矛盾為 `片2∩片4 = 924.201867`（**恰等於片4 全部面積**）
  ⇒ 片4 **整個**落在片2 內。依序削餘下 `片_j ⊆ rem_i`（j>i）且 `片_i ∩ rem_i = 0`
  ⇒ 構造上不可能 —— **除非 rem 非單調**，而 rem 非單調之最直接成因 ＝ **界線未依序**。
  未排序母體 ＝ **80** 例　**不一致 0** 例　乙 max 兩兩∩ ＝ **0.000000e+00**
  ⇒ ✅ 未排序亦未觸發矛盾

【區帶邊界】
--------------------------------------------------------------------------------------------------------------------------------------------------------------------------------------------------------
  🛑 **掃不到兩法不一致** ——掃描範圍 0.01°–90.0°、級距 21 檔、每檔 ≤30 例。
     ⇒ 區帶邊界**無從導出**、門檻**無依據** ⇒ **停機上呈**（§六）。
     ⛔ **不得**以「沒觀察到不一致」當作區帶不存在。
  🔒 矛盾組態已存 **0** 例之**座標實體**（⛔ 非亂數種子）⇒ `verify/out/probe_D2b14_cases.json`

========================================================================================================================================================================================================
