============================================================================================================================================================================
【W-G.9-53】§C-1 街角規定範圍之矩形容納 ＋ §E-1／E-2／E-3
============================================================================================================================================================================
  產生於 commit：b1ce0b8

============================================================================================================================================================================
【C-1】`K-9-5-2 ③` 之構造保證於新判準下是否仍成立
============================================================================================================================================================================
  🔒 **受詞 ＝ 街角最小規定範圍<u>多邊形本身</u>**（⛔ 非街角宗地）
  🔒 構造來源 ＝ `_build_corner_range_v3`（`K-9-5-4` ∥SIDELINE·現行）；`W`／`D` ＝ 3.5／14.0（`get_min_lot_size`）
  harvest 取得 `_build_corner_range_v3`：True

  街廓   側              面積㎡      矩形容納        見證θ      四角皆在內       Δθ    證書
  受測街角位置 ＝ **4** 個（⛔ 由 `side_lines_by_side` 現查·非硬編）：R1/left／R1/right／R3/right／R6/right

  R1   left      114.9397         進     2.4000      ✅ 4/4  2.0e-02     —　凸
  R1   right     110.1749        不進          —          —  1.0e-03     ✅　凸
  R3   right     153.8039         進     0.8300      ✅ 4/4  5.0e-03     —　凸
  R6   right     145.8834        不進          —          —  1.0e-03     ✅　凸
----------------------------------------------------------------------------------------------------------------------------------------------------------------------------
  ⇒ **2／4** 個街角規定範圍**可容納** `W×D` 矩形
  🔴 ⇒ **有街角規定範圍容納不下** ⇒ `K-9-5-2 ③` 之保證於新判準下**不成立**
      🛑 R1/right　面積 110.1749　證書 ＝ 成立
      🛑 R6/right　面積 145.8834　證書 ＝ 成立

============================================================================================================================================================================
【E-1】`A` ＝ `-43` D-1 名單（零條合格垂線） vs `B` ＝ `-49` B-6（不進 ∪ 面積分流）
============================================================================================================================================================================
  `A` 之來源 ＝ `probe_WG943_parallel_recount_8c8f223.log` 之【D-1】段 ⇒ **16** 宗
      628(2)／628(4)／628-1(2)／628-22(1)／628-23(1)／628-27(2)／628-28(1)／628-29(1)／628-34(3)／628-38(1)／628-42(2)／628-46(1)／628-47(1)／628-48(1)／628-49(2)／628-53(1)
  `B` ＝ **16** 宗（面積分流 4 ＋ 自由姿態不進 12）　🔒 **重算·⛔ 未抄 log**
      628(2)／628(4)／628-1(2)／628-22(1)／628-23(1)／628-27(2)／628-28(1)／628-29(1)／628-34(3)／628-38(1)／628-42(2)／628-46(1)／628-47(1)／628-48(1)／628-49(2)／628-53(1)

  🔴 **`A \ B` ＝ 0 宗**（空）
  🔴 **`B \ A` ＝ 0 宗**（空）

  🔒 **⛔ 不得寫成「二判準等價」**（KL 逐字：「26 宗的一樣可能真的只是巧合」）：
     對稱差為空**只證本案 26 宗上二集合相同**，⛔ 不證二規則邏輯等價。
     **分岔反例之構造（⛔ 非本案宗地·係合成）**：`-47` 自檢 ①② 已各造一例——
     ① 寬足深不足（20×6）：矩形**不進** ∧ 帶內 min 寬 20 **≥ W** ⇒ 舊寬度判準**過**；
     ② 前窄後寬凸梯形：矩形**進** ∧ 帶內 min 寬 1.5 **< W** ⇒ 舊寬度判準**不過**。
     ⇒ **二判準確可分岔** ⇒ 本案之同集**係資料所致**，⛔ 非邏輯蘊含。
     ⚠️ 惟上二例之對照者為**舊寬度判準**；與 `A`（**合格垂線**）之分岔反例
     **⛔ 本批未構造** ⇒ 具名為未辦，⛔ 不以前者冒充。

============================================================================================================================================================================
【E-2】`MinA = round(D_avg,2) × min_width` 之三向交叉（⛔ 不推論法源關係）
============================================================================================================================================================================
  `ns['f3_min_alloc_area_by_label']` 取得：False（⇒ 係 `session_state` 鍵·⛔ 非 module 級符號）
  🔒 **現算**：`MinA = round(街廓分配深度_m, 2) × min_width` ⇒ R1 深度 33.1500 ⇒ MinA 116.02／R3 深度 44.3400 ⇒ MinA 155.19／R6 深度 45.5100 ⇒ MinA 159.28

  街廓   暫編地號                 面積㎡      MinA   面積<MinA?   ∈A?   ∈B?
  R1   628-37(1)         208.16    116.02          否     —     —
  R1   628-35(2)         599.91    116.02          否     —     —
  R1   628(5)            227.73    116.02          否     —     —
  R1   628-34(3)          86.00    116.02          是     ✅     ✅
  R1   628-36(1)         596.26    116.02          否     —     —
  R6   628(2)              7.38    159.28          是     ✅     ✅
  R6   628-1(2)          145.82    159.28          是     ✅     ✅
  R6   628-23(1)          71.03    159.28          是     ✅     ✅
  R6   628-4(1)          692.05    159.28          否     —     —
  R6   628-22(1)         152.21    159.28          是     ✅     ✅
  R6   628-21(1)         210.48    159.28          否     —     —
  R6   628-18(1)         307.79    159.28          否     —     —
  R6   628-53(1)           0.26    159.28          是     ✅     ✅
  R6   628-38(1)         117.73    159.28          是     ✅     ✅
  R6   628-7(1)          302.94    159.28          否     —     —
  R6   628-20(1)         339.91    159.28          否     —     —
  R3   628(4)             44.89    155.19          是     ✅     ✅
  R3   628-34(2)         250.25    155.19          否     —     —
  R3   628-47(1)         143.38    155.19          是     ✅     ✅
  R3   628-46(1)          72.77    155.19          是     ✅     ✅
  R3   628-48(1)         143.40    155.19          是     ✅     ✅
  R3   628-49(2)          79.05    155.19          是     ✅     ✅
  R3   628-32(3)         421.41    155.19          否     —     —
  R3   628-45(2)         189.54    155.19          否     —     —
  R3   628-42(2)          87.90    155.19          是     ✅     ✅
  R3   628-27(2)          25.94    155.19          是     ✅     ✅
  R3   628-28(1)          63.52    155.19          是     ✅     ✅
  R3   628-29(1)          63.72    155.19          是     ✅     ✅
  R3   628-30(3)         445.03    155.19          否     —     —
  R3   628-31(3)         380.81    155.19          否     —     —
  ⇒ 面積 < `MinA` 者 ＝ **16** 宗；`A` ＝ 16；`B` ＝ 16
  🔒 ⛔ **不推論法源關係**——三者受詞各異（`MinA` ＝ 面積門檻／`A` ＝ 合格垂線／`B` ＝ 矩形容納）。

============================================================================================================================================================================
【E-3】街角單調性：`cut_coords`（截角後）是否為截角前形狀之子集
============================================================================================================================================================================
  ⚠️ **射程已縮**（`K-9-13 B-3` 令街角走 `K-9-5-2`）⇒ 本項為**佐證**、⛔ 非判定依據。
  🛑 **⛔ 未辦**：`K-9-6-h ⑤`（截角前形狀）**未實作** ⇒ 倉內**無**截角前多邊形之產生途徑
     ⇒ `P₀`（截角前）取不到 ⇒ `P₁.difference(P₀).area ≤ 1e-9` 之左右兩側**皆無從構成**。
     ⛔ **不以「街廓多邊形」或「街角規定範圍」冒充 `P₀`**——二者皆非截角前之宗地形狀。
     ⇒ 出艙碼 ＝ **「無從判定（附所缺）」**；所缺 ＝ 截角前形狀之產生途徑（`K-9-6-h ⑤`）。
  ⛔ 街廓 R2：`run_step_g` raise ⇒ **未量**
  ⛔ 街廓 R4：`run_step_g` raise ⇒ **未量**
  ⛔ 街廓 R5：`run_step_g` raise ⇒ **未量**
============================================================================================================================================================================
