==========================================================================================================================
W-G.9-1 §5　Q1-a `buf` 度量識別 ／ Q1-b `_cos_dn` 實值 ／ Q2 族②③④ 候選替代量
⛔ 只量不判——本檔不下「何者為正解」之判
==========================================================================================================================

【射程】街角側 8 × 情境 2 ＝ **16 格**（⛔ 含不觸發格與退化格）：
        R1/left、R1/right、R2/left、R3/right、R4/left、R4/right、R5/left、R6/right

【閘 H1】`P0` ≡ FRONT∞ ∩ SIDE∞：max = 5.821e-11（16 格·須 < 1e-6）
【閘 H2】辨別性閘（⛔ 非絕對 1e-6·沿用 GEO-1 原式）：通過 16/16；max d_Ps = 0.014826；最劣辨別比 238.0×
【閘 H3】`|band_area(buf) − range_area|`（碼面 bisect 保證·tol 0.01）：max = 0.000000（16 格）
【閘 H4】帶多邊形為單一 Polygon（Q1-a 三法之前提）：16/16 格

##########################################################################################################################
## Q1-b　`_cos_dn` 實值（⛔ 正面列出全部 16 格·含不觸發與退化）
##########################################################################################################################
🔒 **取值方式（由施工單 §3-8 之限制導出）**：`_cos_dn` 之 app 側實例巢狀於 `main()`
   ⇒ harness 永不執行之 ⇒ `run_all` **不能**作為證據。
   本檔以**合成案例**直接以該街廓之 `d_hat`／`allocation_dir_block` 實參重算，
   式逐字同 `app.py`：`abs(dot(d̂/|d̂|, allocation_dir_block))`。

情境    街廓   側別            _cos_dn     |1−cos_dn|    ∠(S,A)°
--------------------------------------------------------------------------------------------------------------------------
0m    R1   left      0.996741089      3.259e-03   0.557951
0m    R1   right     0.996741089      3.259e-03   0.690832
0m    R2   left      0.997507403      2.493e-03   4.321972
0m    R3   right     0.995733807      4.266e-03   4.321958
0m    R4   left      0.998966642      1.033e-03   2.713695
0m    R4   right     0.998966642      1.033e-03   2.867975
0m    R5   left      0.995733790      4.266e-03   4.321968
0m    R6   right     0.996765903      3.234e-03   0.000003
3.5m  R1   left      0.996741089      3.259e-03   0.557951
3.5m  R1   right     0.996741089      3.259e-03   0.690832
3.5m  R2   left      0.997507403      2.493e-03   4.321972
3.5m  R3   right     0.995733807      4.266e-03   4.321958
3.5m  R4   left      0.998966642      1.033e-03   2.713695
3.5m  R4   right     0.998966642      1.033e-03   2.867975
3.5m  R5   left      0.995733790      4.266e-03   4.321968
3.5m  R6   right     0.996765903      3.234e-03   0.000003
--------------------------------------------------------------------------------------------------------------------------
⇒ `|1 − _cos_dn| < 1e-9` 之格 ＝ **0**（P2 之證偽條件）
⚠️ `_cos_dn` 為**街廓級**量（僅依 `d_hat` 與 `allocation_dir_block`）
   ⇒ 同街廓左右側同值、且**與退縮情境無關**——上表逐格列出係為滿足 §7-1 之正面列舉。

##########################################################################################################################
## Q1-a　`buf` 之度量識別（甲＝s 定義式／乙＝路平行／丙＝垂距·⛔ 皆自帶多邊形實際幾何取）
##########################################################################################################################
情境    街廓   側別             buf   帶寬(b0−a0)       甲(s式)      乙(路平行)       丙(垂距)   帶寬·cos_dn       H3殘差
--------------------------------------------------------------------------------------------------------------------------
0m    R1   left      3.666402    3.666402    3.666402    3.666402    3.654454    3.654454   1.18e-09
0m    R1   right     3.700961    3.700961    3.700961    3.700961    3.688900    3.688900   2.40e-09
0m    R2   left      5.241459    4.973717    4.973717    4.973717    4.961319    4.961319   2.40e-09
0m    R3   right     5.236669    5.236669    5.236669    5.236669    5.214328    5.214328   7.25e-10
0m    R4   left      4.499794    4.323880    4.323880    4.323880    4.319412    4.319412   4.04e-09
0m    R4   right     4.195301    4.195301    4.195301    4.195301    4.190966    4.190966   4.33e-09
0m    R5   left      5.152033    4.883503    4.883503    4.883503    4.862669    4.862669   4.53e-09
0m    R6   right     3.499922    3.499922    3.499922    3.499922    3.488603    3.488603   6.14e-09
3.5m  R1   left      6.998063    6.998063    6.998063    6.998063    6.975257    6.975257   8.45e-10
3.5m  R1   right     7.201327    7.201327    7.201327    7.201327    7.177858    7.177858   3.85e-11
3.5m  R2   left      8.695857    8.428115    8.428115    8.428115    8.407107    8.407107   4.68e-09
3.5m  R3   right     8.702662    8.702662    8.702662    8.702662    8.665535    8.665535   6.66e-09
3.5m  R4   left      7.788136    7.612222    7.612222    7.612222    7.604356    7.604356   2.75e-09
3.5m  R4   right     7.651490    7.651490    7.651490    7.651490    7.643583    7.643583   1.30e-09
3.5m  R5   left      8.658415    8.389886    8.389886    8.389886    8.354093    8.354093   4.10e-11
3.5m  R6   right     6.999899    6.999899    6.999899    6.999899    6.977260    6.977260   8.21e-10
--------------------------------------------------------------------------------------------------------------------------
【恆等判定】（⛔ 逐格·非平均）
   max|甲 − 帶寬| = 2.504e-10   ← s 定義式 vs 構造帶寬
   max|buf − 帶寬| = 0.268529  ← 🔴 **left 之 `buf` 係<u>絕對 s 上界</u>、非寬度**
   max|乙 − 帶寬| = 3.328e-10
   max|甲 − 乙|   = 1.914e-10   ← **兩獨立演算法之相互驗證**
   max|丙 − 帶寬| = 0.037127   ← 丙（垂距）與帶寬**不相等**之量級
   max|丙 − 帶寬·cos_dn| = 4.504e-10   ← **丙 是否即『帶寬×cos_dn』（＝族②③ 之式形）**

##########################################################################################################################
## Q2　族②③④ 之候選替代量（⛔ 只列值·不判對錯）
##########################################################################################################################
情境    街廓   側別         甲=S1_par    丁=buf(現行)          族②③現行           族④現行       丙/戊(甲代入)
      （族②③現行 ＝ buf·cos_dn；族④現行 ＝ _mp_base_W0(群起點, buf)）
--------------------------------------------------------------------------------------------------------------------------
0m    R1   left       3.668198     3.666402       3.654454       3.816331       3.818121
0m    R1   right      3.500000     3.700961       3.688900       3.889469       3.689163
0m    R2   left       3.544219     5.241459       5.228394       3.534470       1.841461
0m    R3   right      3.565921     5.236669       5.214328       6.906130       5.242510
0m    R4   left       3.711446     4.499794       4.495144       3.707615       2.920082
0m    R4   right      3.543883     4.195301       4.190966       4.842092       4.191348
0m    R5   left       3.500000     5.152033       5.130053       3.489802       1.844817
0m    R6   right      3.500000     3.499922       3.488603       3.488604       3.488682
3.5m  R1   left       7.000000     6.998063       6.975257       7.137134       7.139065
3.5m  R1   right      7.000000     7.201327       7.177858       7.378428       7.177757
3.5m  R2   left       7.000000     8.695857       8.674182       6.980258       5.288628   ← forced
3.5m  R3   right      7.000000     8.702662       8.665535      10.357336       8.661938   ← forced
3.5m  R4   left       7.000000     7.788136       7.780089       6.992560       6.205238
3.5m  R4   right      7.000000     7.651490       7.643583       8.294709       7.643893
3.5m  R5   left       7.000000     8.658415       8.621477       6.981225       5.329885   ← forced
3.5m  R6   right      7.000000     6.999899       6.977260       6.977261       6.977362
--------------------------------------------------------------------------------------------------------------------------

🔎 **候選乙之構造事實（⛔ 非量值·係「為何無單一值」之陳述）**：
   候選乙 ＝「∥SIDELINE 多邊形之遠側界，依 `_strip_axis` 之 s 定義式反算之 s 值」。
   🔴 **該遠側界 ∥SIDE，而 s 座標之等值線 ∥`n_hat`（∥ALLOC）**
   ⇒ 二者**不平行**（∠(S,A) 見 Q1-b 表·本案 0.000003°〜4.32°）
   ⇒ **s 沿該線變動、非單一數** ⇒ 候選乙須另指定取值點方成為一個量。
   ⛔ 本檔不代為指定取值點（屬構造選擇·施工單 §0-7「只量不判」）。
   🔒 **結論：候選乙於本檔<u>未取得量值</u>**——⛔ 不得記為 0、不得留白。
   成因二重：① 其 s 沿該線變動、非單一數（須另指定取值點·屬構造選擇）；
             ② `_build_corner_range_v3` 之回傳多邊形**已扣截角**
                （`rng.difference(chamfer_tri)`）⇒ 其邊未必等同該理論界線，
                ⛔ 不得以推定之邊代替（禁以近似物代替）。

##########################################################################################################################
## 預測對帳（⛔ 未回頭修改事前登記檔一字·登記 commit 早於本結果）
##########################################################################################################################
**P1**（`buf` 與 `S1_par` 同度量·皆沿 `d̂` 之路平行量）
   甲(s 定義式) 與 乙(射線求交＋投影) **兩獨立演算法**：max|甲−乙| = 1.914e-10
   甲 ≡ 帶寬 2.504e-10 ／ 乙 ≡ 帶寬 3.328e-10 ／ 丙(垂距) ≡ 帶寬·cos_dn 4.504e-10
   ⇒ `buf` **不**等於垂距（丙），而等於 s／路平行量 ⇒ **P1 ✅ 成立**（S-2 未觸發）
   🔴 **然須併記一項<u>單未載</u>之結構事實**：max|buf − 帶寬| = 0.268529
      ——`side='left'` 之 `buf` 係**絕對 s 上界**（帶 ＝ `[max(s_min,0), buf]`），
      而 `S1_par` 係**寬度**。⇒ **同度量、不同原點**；⛔ 二者不可逕相減。

**P2**（`_cos_dn` 於非退化側別皆 ≠ 1.0）：`|1−cos_dn| < 1e-9` 之格 ＝ **0**
   實測範圍 0.995733790 〜 0.998966642 ⇒ **P2 ✅ 成立**
   ⚠️ `_cos_dn` 之退化條件為 **ALLOC ⊥ FRONT**（⛔ 非 SIDE ∥ ALLOC）
      ⇒ `R6`（SIDE∥ALLOC）於本量**不是**退化格：其 cos_dn ＝ 0.996765903。

**P5**（`GB-58` 觸發條件 與 族②③④ 啟動條件 同一）
   🔒 啟動條件取**生產側之實際式**：`forced ∧ range_area 可用 ∧ buf > 0`
      （⛔ 非本探針之全格試算——生產僅於 `if _fo_left:` 才算 `_left_buffer_S`）
   逐格比對：分歧 **0** 格
   ⚠️ **母體覆蓋不足之具名**：`GB-58` 觸發條件含「**SIDE ∦ ALLOC**」一款，
      而本案唯一 `SIDE ∥ ALLOC` 之格（`R6/right`·∠=0.000003°）**兩情境皆非 forced**
      ⇒ 「forced ∧ SIDE∥ALLOC」之組合**於本案母體零覆蓋**
      ⇒ **P5 之該子條件<u>未被檢定</u>**；⛔ 不得記為已驗。
      本案所驗者僅「forced ⇔ buf>0」⇒ 於該範圍內 **P5 ✅ 成立**。

🔒 **書面自答（考古節 62 機械修法·⛔ 未答不得開始量測·本答已於量測前寫入探針）**：
   問：「若現行構造與正典不符，正解是否為『直接改用正典構造』？本量測是否已含該格？」
   答：**是**——`GB-58` 之正解即『直接改用 ∥SIDELINE 多邊形』；
       本量測之 **Q2 候選甲（`S1_par`）即該格**，且已逐格列出其值；
       ⛔ 本檔不判其為正解（屬 KL·施工單 §0-7）。

rc = 0
