==========================================================================================================================================
【K-9-7-d 第二層分支】第一層 vs 第二層 t* 對照 — **只算不換·生產零呼叫點**（K-6-A2 段四(c)-2(a)）
第一層＝帶深自 FRONT 之臨街段（Q0→P_front(t)）量；第二層＝帶深自 PQ 之臨街段（P_block(t)→PQ∩SIDE）量（GB-19／K-9-8 (5)）
DXF：data\V6.dxf（**生產圖**）
==========================================================================================================================================

【A】`t*` 位移（第一層 → 第二層）＋ 帶深 `D(t*)` — **(b) 攤表之主表**
------------------------------------------------------------------------------------------------------------------------------------------
情境    街廓/側           支(一層)        支(二層)       t*(一層)       t*(二層)   Δt*(cm)      D(一層)      D(二層)       ΔD(m)  斷言
------------------------------------------------------------------------------------------------------------------------------------------
0m    R1/left            ①         L2·①    -3.488594    -3.488594    0.0000  33.162493  32.996337   -1.66e-01  ✅
0m    R1/right           ①         L2·①     3.488594     3.488594    0.0000  33.128253  33.127995   -2.58e-04  ✅
0m    R2/left            ③      L2·邊0/P     6.873911     6.873910   -0.0000  44.887275  44.887271   -3.55e-06  ✅
0m    R3/right           ①         L2·①     3.485068     3.485068    0.0000  44.855929  44.795987   -5.99e-02  ✅
0m    R4/left            ③      L2·邊3/P     5.071400     5.071427    0.0026  33.123438  33.123990    5.53e-04  ✅
0m    R4/right           ②      L2·邊3/Q    -5.151732    -5.152461   -0.0729  33.083668  33.098239    1.46e-02  ✅
0m    R5/left            ②      L2·邊3/Q     6.760851     6.760851    0.0000  43.510383  43.510383    3.28e-07  ✅
0m    R6/right           ①         L2·①    -3.488681    -3.488681    0.0000  43.361474  43.361468   -5.55e-06  ✅
3.5m  R1/left            ①         L2·①    -6.977188    -6.977188    0.0000  33.161064  33.161041   -2.29e-05  ✅
3.5m  R1/right           ①         L2·①     6.977188     6.977188    0.0000  33.128253  33.128006   -2.47e-04  ✅
3.5m  R2/left            ③      L2·邊0/P    10.362623    10.362623   -0.0000  44.853260  44.853257   -3.42e-06  ✅
3.5m  R3/right           ①         L2·①     6.970137     6.970137    0.0000  44.813728  44.813727   -1.04e-06  ✅
3.5m  R4/left            ③      L2·邊3/P     8.567713     8.567766    0.0053  33.121954  33.123060    1.11e-03  ✅
3.5m  R4/right           ②      L2·邊3/Q    -8.648115    -8.648817   -0.0701  33.083668  33.097685    1.40e-02  ✅
3.5m  R5/left            ②      L2·邊3/Q    10.245919    10.245919    0.0000  43.510383  43.510383    3.15e-07  ✅
3.5m  R6/right           ①         L2·①    -6.977361    -6.977361    0.0000  43.361474  43.361469   -5.31e-06  ✅
------------------------------------------------------------------------------------------------------------------------------------------
  ⇒ `t*` 有位移之格：**8** / 16（第二層 raise 0 格）
     0m R2/left：Δt* -0.000027 cm／Δ面積 -0.000012 ㎡
     0m R4/left：Δt* +0.002627 cm／Δ面積 +0.000871 ㎡
     0m R4/right：Δt* -0.072906 cm／Δ面積 +0.024157 ㎡
     0m R5/left：Δt* +0.000002 cm／Δ面積 +0.000001 ㎡
     3.5m R2/left：Δt* -0.000026 cm／Δ面積 -0.000012 ㎡
     3.5m R4/left：Δt* +0.005259 cm／Δ面積 +0.001744 ㎡
     3.5m R4/right：Δt* -0.070137 cm／Δ面積 +0.023240 ㎡
     3.5m R5/left：Δt* +0.000002 cm／Δ面積 +0.000001 ㎡

【B】街角規定範圍**面積**（同一構造路徑·只換 `t*`）
------------------------------------------------------------------------------------------------------------------------------------------
情境    街廓/側                面積(一層)㎡         面積(二層)㎡        Δ面積(㎡)         Δ相對
------------------------------------------------------------------------------------------------------------------------------------------
0m    R1/left          114.761386      114.761386      0.000000    0.00e+00
0m    R1/right         116.841475      116.841475      0.000000    0.00e+00
0m    R2/left          227.105049      227.105037     -0.000012   -5.31e-08
0m    R3/right         226.910765      226.910765      0.000000    0.00e+00
0m    R4/left          135.187328      135.188199      0.000871    6.44e-06
0m    R4/right         137.004165      137.028321      0.024157    1.76e-04
0m    R5/left          217.970170      217.970171      0.000001    4.95e-09
0m    R6/right         145.883470      145.883470      0.000000    0.00e+00
3.5m  R1/left          230.809759      230.809759      0.000000    0.00e+00
3.5m  R1/right         232.793152      232.793152      0.000000    0.00e+00
3.5m  R2/left          384.151141      384.151129     -0.000012   -3.02e-08
3.5m  R3/right         383.666933      383.666933      0.000000    0.00e+00
3.5m  R4/left          251.115105      251.116849      0.001744    6.94e-06
3.5m  R4/right         252.855082      252.878322      0.023240    9.19e-05
3.5m  R5/left          371.171277      371.171278      0.000001    2.81e-09
3.5m  R6/right         298.144508      298.144508      0.000000    0.00e+00
------------------------------------------------------------------------------------------------------------------------------------------

【C】`P_block(t*)` 之落點 — **量得**（判準 `|inset| <= _EPS_TOUCH_FRONT = 0.01`·⛔ 禁手寫進報告）
------------------------------------------------------------------------------------------------------------------------------------------
情境    街廓/側               內縮(m)    落FRONT段      落截角內   邊#   dep(P_block)   dep(PQ∩SIDE)                  P_block 座標
------------------------------------------------------------------------------------------------------------------------------------------
0m    R1/left         0.166151          否         是    4      32.996337      32.997767 (310453.8614, 2652007.7621)
0m    R1/right        0.000258          是         否    5      33.129425      33.127995 (310509.1781, 2651949.5546)
0m    R2/left         0.000004          是         否    0      44.887271      44.954292 (310366.1715, 2651917.2601)
0m    R3/right        0.059879          否         是    1      44.795987      44.838242 (310430.3125, 2651854.4615)
0m    R4/left         0.000553          是         否    3      33.123990      33.126142 (310520.5972, 2651937.4908)
0m    R4/right        0.014571          否         否    3      33.100426      33.098239 (310581.5484, 2651873.1068)
0m    R5/left         0.000000          是         否    3      43.831848      43.510383 (310438.4477, 2651851.5131)
0m    R6/right        0.000006          是         否    0      43.536589      43.361468 (310500.8757, 2651790.3869)
3.5m  R1/left         0.000023          是         否    5      33.161041      33.163900 (310456.3786, 2652005.3440)
3.5m  R1/right        0.000247          是         否    5      33.130865      33.128006 (310506.7722, 2651952.0966)
3.5m  R2/left         0.000003          是         否    0      44.853257      44.954292 (310368.5346, 2651919.8384)
3.5m  R3/right        0.000001          是         否    0      44.813727      44.898128 (310432.6620, 2651857.0489)
3.5m  R4/left         0.001106          是         否    3      33.123060      33.126696 (310523.0033, 2651934.9492)
3.5m  R4/right        0.014018          否         否    3      33.101356      33.097685 (310579.1423, 2651875.6484)
3.5m  R5/left         0.000000          是         否    3      43.997556      43.510383 (310440.7559, 2651854.1442)
3.5m  R6/right        0.000005          是         否    0      43.711711      43.361469 (310503.4288, 2651792.7810)
------------------------------------------------------------------------------------------------------------------------------------------
  ⇒ 落 FRONT 重疊段 **12** 格／落截角（非 FRONT 段且在截角三角形內）**2** 格／二者皆非 **2** 格

【D】分支**切換點**明列（頂點界 `t_C = (C − F1)·ân − c0` ＋ 深度端界 `dep_P = dep_Q`）
------------------------------------------------------------------------------------------------------------------------------------------
  0m R1/left：共 11 個；t*=-3.488594；|t−t*|≤5m 者 ＝ -3.656243, 0.035718, 0.035720, 0.078411, 0.323754, 0.323754
  0m R1/right：共 11 個；t*=3.488594；|t−t*|≤5m 者 ＝ -0.401138, -0.401113, -0.096876, -0.096613, -0.041318, 3.371564
  0m R2/left：共 5 個；t*=6.873910；|t−t*|≤5m 者 ＝ 3.387847, 3.535385
  0m R3/right：共 5 個；t*=3.485068；|t−t*|≤5m 者 ＝ -0.262154, 3.550708
  0m R4/left：共 8 個；t*=5.071427；|t−t*|≤5m 者 ＝ 0.175732, 1.575055, 1.575058, 3.707626
  0m R4/right：共 9 個；t*=-5.152461；|t−t*|≤5m 者 ＝ -3.539547, -1.655353, -1.655345, -0.176551, -0.176550
  0m R5/left：共 5 個；t*=6.760851；|t−t*|≤5m 者 ＝ 3.280503, 3.448517
  0m R6/right：共 6 個；t*=-3.488681；|t−t*|≤5m 者 ＝ -3.390503, -0.000000, 0.000002, 0.000002
  3.5m R1/left：共 11 個；t*=-6.977188；|t−t*|≤5m 者 ＝ -3.656243
  3.5m R1/right：共 11 個；t*=6.977188；|t−t*|≤5m 者 ＝ 3.371564
  3.5m R2/left：共 5 個；t*=10.362623；|t−t*|≤5m 者 ＝ （無）
  3.5m R3/right：共 5 個；t*=6.970137；|t−t*|≤5m 者 ＝ 3.550708
  3.5m R4/left：共 8 個；t*=8.567766；|t−t*|≤5m 者 ＝ 3.707626
  3.5m R4/right：共 9 個；t*=-8.648817；|t−t*|≤5m 者 ＝ （無）
  3.5m R5/left：共 5 個；t*=10.245919；|t−t*|≤5m 者 ＝ （無）
  3.5m R6/right：共 6 個；t*=-6.977361；|t−t*|≤5m 者 ＝ -3.390503

【E】第二層 raise／構造異常之格：0
  （無）

【F】GB-26 可證偽檢驗：解析 `m` vs **正典 K-9-7-c 表**（獨立真相源）
     本輪 DXF ＝ data\V6.dxf
------------------------------------------------------------------------------------------------------------------------------------------
街廓/側                 m(解析)         m(正典表)              Δ         相對差    支(一層)  註
------------------------------------------------------------------------------------------------------------------------------------------
R1/left       -0.000409873          （表未載）              —           —        ①
R1/right      -0.000409873   -0.000000000      -4.10e-04        nan%        ①
R2/left        0.009750016    0.009750000       1.56e-08       0.00%        ③
R3/right       0.012108902          （表未載）              —           —        ①
R4/left        0.000424348    0.000266000       1.58e-04      59.53%        ③  ← GB-26 之格
R4/right       0.000424348    0.000000000       4.24e-04        nan%        ②
R5/left       -0.047548001   -0.000000000      -4.75e-02        nan%        ②
R6/right       0.050196884    0.000000000       5.02e-02        nan%        ①
------------------------------------------------------------------------------------------------------------------------------------------
  ⚠️ **只列 Δ、不設閘、不結案**——GB-26 依 KL 明令維持開啟；
     ⛔ 不得與 `R2/left` 一併結案（`R2/left` 之一致**不能外推**）。

【H】註記
  · **只算不換**：第二層僅於傳入 `block_vertices` 時啟用；
    生產之 `_build_corner_range_v3` **未傳** ⇒ 第二層之生產呼叫點 ＝ **0**。
  · ⛔ **禁二分／取樣／迭代**：切換點為一次減法、每支一次除法（推導 §二〜§四）；
    退化（邊平行 ALLOC／斜率為零／無支落區間／多根）一律 **loud raise**。
  · ⛔ **K-9-8 紅線**：求 `P_block` 全程只逐邊求「線段 ∩ 無限直線」，
    **從不與街廓多邊形取「面」交集**；虛擬量測之面積**未進入任何面積帳**。
  · 面積兩欄之**唯一變因是 `t*`**（同一支 `_build_corner_range_v3`、只多傳 `_t_override`）。
  · ⛔ **不得以 `R4/right` 當回歸靶**——其內縮僅比 `_EPS_TOUCH_FRONT` 高約 3mm，且該 3mm 來自 GB-15 之 R4 圖面誤差；換 `V6_1` 後該實例消失。
  · 摘要 → verify\out\probe_K9_7d_layer2.log；全量 → verify\out\probe_K9_7d_layer2.full.log（**同一次跑**）
