==========================================================================================================================================================================================
【W-G.9-41】帶底新定式（`K-9-10`）對寬度判定之影響實測
==========================================================================================================================================================================================
  產生於 commit：da0009b
  環境：shapely 2.1.2 | GEOS (3, 13, 1)
  🔴 ⛔ 未改 parcel_min_width_n14／_n14_band_hi——本探針另行計算、與舊式並列對照
  🔒 最淺有效垂線：**解析求解**（凸 ⇒ D(s) 線性 ⇒ 極值在端點）·⛔ 非等距取樣

【0】量測器自檢（⛔ 傾斜測資·附對照組實際輸出）
------------------------------------------------------------------------------------------------------------------------------------------------------------------------------------------
  ① 已知【舊 ＝ 新】(矩形·後角等深 30)：舊 30.0000／新 30.0000（最淺有效垂線 30.0, 近側界終止 30.0000）⇒ ✅
  ② 已知【舊 < 新】(遠側後角 18 < 近側 30)：舊 18.0000／新 30.0000　Δt ＝ +12.0000 ⇒ ✅
  ③ 已知【最小寬 ＝ 6.0 @ t=0】(梯形 6→10)：斷點法得 6.000000 @ t=0.0000 ⇒ ✅
  ④ 對照【最小寬 ＝ 6.0 @ t=20】(反向梯形 10→6)：斷點法得 6.000000 @ t=20.0000 ⇒ ✅　⇒ ③④ 之 min 落在**不同端**，證該法非恆取同一端
  🔒 自檢測資之 FRONTLINE 傾角 ＝ 19°（⛔ 非軸向）
  ⇒ 自檢：PASS

【C-2】逐街廓逐側逐宗（⛔ 母體 ＝ 全部街廓）
------------------------------------------------------------------------------------------------------------------------------------------------------------------------------------------

  ── R1（5 宗·法定最小寬 3.50） ──
    i       t_hi(舊)       最淺有效         @s       近側終止   t_band(新)        Δt     舊min寬     新min寬       Δ寬     舊判     新判  翻轉
    0       33.1603          —          —    33.1630     33.1630   +0.0026    0.0000    0.0000  +0.0000    不合格    不合格  
    1       33.1529          —          —    33.1603     33.1603   +0.0075    0.0000    0.0000  +0.0000    不合格    不合格  
    2       33.1270          —          —    33.1299     33.1299   +0.0029    0.0000    0.0000  +0.0000    不合格    不合格  
    3       33.1299          —          —    33.1310     33.1310   +0.0011    0.0000    0.0000  +0.0000    不合格    不合格  
    4       33.1310          —          —    33.1384     33.1384   +0.0074    0.0000    0.0000  +0.0000    不合格    不合格  

  ── R2（15 宗·法定最小寬 3.50）　⚠️ raise：RuntimeError: 街廓 R2 抵費地計算失敗：🔴 ②-宗 圍堵閘破[R2]：宗-宗重疊 = 45.9766 > 上界 3.1129（(宗數15−1)×0.005×深度44.47）——**超出捨入量子 ──
    i       t_hi(舊)       最淺有效         @s       近側終止   t_band(新)        Δt     舊min寬     新min寬       Δ寬     舊判     新判  翻轉
    0       44.9537          —          —    44.9537     44.9537   +0.0000    0.0000    0.0000  +0.0000    不合格    不合格  
    1       10.0406          —          —    10.0406     10.0406   +0.0000    0.0000    0.0000  +0.0000    不合格    不合格  
    2       44.9342          —          —    44.9405     44.9405   +0.0063    0.0000    0.0000  +0.0000    不合格    不合格  
    3       44.8707          —          —    44.9342     44.9342   +0.0636    0.0000    0.0000  +0.0000    不合格    不合格  
    4       44.8706          —          —    44.8707     44.8707   +0.0001    0.0000    0.0000  +0.0000    不合格    不合格  
    5       44.8518          —          —    44.8706     44.8706   +0.0188    0.0000    0.0000  +0.0000    不合格    不合格  
    6       44.8019          —          —    44.8518     44.8518   +0.0499    0.0000    0.0000  +0.0000    不合格    不合格  
    7       44.7169          —          —    44.8019     44.8019   +0.0850    0.0000    0.0000  +0.0000    不合格    不合格  
    8       44.0127          —          —    44.0138     44.0138   +0.0011    1.3393    1.3393  +0.0000    不合格    不合格  
    9       44.0269          —          —    44.1223     44.1223   +0.0954    9.8042    0.0000  -9.8042     合格    不合格  🔴 合→不
    10      44.1223          —          —    44.1367     44.1367   +0.0144    1.4832    0.0000  -1.4832    不合格    不合格  
    11      44.1367          —          —    44.1692     44.1692   +0.0324    3.3333    0.0000  -3.3333    不合格    不合格  
    12      44.1692          —          —    44.2014     44.2014   +0.0323    3.3173    0.0000  -3.3173    不合格    不合格  
    13      44.2014          —          —    44.2172     44.2172   +0.0158    1.6195    0.0000  -1.6195    不合格    不合格  
    14      44.2172          —          —    44.3133     44.3133   +0.0961    0.0000    0.0000  +0.0000    不合格    不合格  

  ── R4（2 宗·法定最小寬 3.50）　⚠️ raise：RuntimeError: 🔴 結構閘 理論＝實跑 破：街廓 R4 right 側 理論@k*=87.83 ≠ 實跑(階段1)=85.42（Δ=2.415 >0.1）｜參考 ΣΔ_i=+0.000（**⛔ 未 ──
    i       t_hi(舊)       最淺有效         @s       近側終止   t_band(新)        Δt     舊min寬     新min寬       Δ寬     舊判     新判  翻轉
    0       33.1242          —          —    33.1242     33.1242   +0.0000    0.1506    0.1506  +0.0000    不合格    不合格  
    1       33.0838          —          —    33.0898     33.0898   +0.0059   10.6700    0.0000 -10.6700     合格    不合格  🔴 合→不

  ── R6（11 宗·法定最小寬 3.50） ──
    i       t_hi(舊)       最淺有效         @s       近側終止   t_band(新)        Δt     舊min寬     新min寬       Δ寬     舊判     新判  翻轉
    0       47.5173          —          —    47.5250     47.5250   +0.0077    0.1552    0.0000  -0.1552    不合格    不合格  
    1       47.3639          —          —    47.5173     47.5173   +0.1534    3.0737    0.0000  -3.0737    不合格    不合格  
    2       47.2890          —          —    47.3639     47.3639   +0.0749    1.5010    0.0000  -1.5010    不合格    不合格  
    3       46.5531          —          —    47.2890     47.2890   +0.7359    0.0000    0.0000  +0.0000    不合格    不合格  
    4       46.3896          —          —    46.5531     46.5531   +0.1634    0.0000    0.0000  +0.0000    不合格    不合格  
    5       46.1627          —          —    46.3896     46.3896   +0.2269    0.0000    0.0000  +0.0000    不合格    不合格  
    6       43.2412          —          —    43.6015     43.6015   +0.3603    0.0000    0.0000  +0.0000    不合格    不合格  
    7       43.6015          —          —    43.6018     43.6018   +0.0003    0.0000    0.0000  +0.0000    不合格    不合格  
    8       43.6018          —          —    43.7363     43.7363   +0.1345    0.0000    0.0000  +0.0000    不合格    不合格  
    9       43.7363          —          —    44.0806     44.0806   +0.3442    0.0000    0.0000  +0.0000    不合格    不合格  
    10      44.0806          —          —    44.4637     44.4637   +0.3831    0.0000    0.0000  +0.0000    不合格    不合格  

  ── R5（12 宗·法定最小寬 3.50）　⚠️ raise：RuntimeError: 街廓 R5 抵費地計算失敗：🔴 ②-宗 圍堵閘破[R5]：宗-宗重疊 = 56.3293 > 上界 2.5141（(宗數12−1)×0.005×深度45.71）——**超出捨入量子 ──
    i       t_hi(舊)       最淺有效         @s       近側終止   t_band(新)        Δt     舊min寬     新min寬       Δ寬     舊判     新判  翻轉
    0       43.5242          —          —    43.5242     43.5242   +0.0000    1.3865    1.3865  +0.0000    不合格    不合格  
    1        5.1060          —          —     5.1060      5.1060   +0.0000    0.0000    0.0000  +0.0000    不合格    不合格  
    2       43.6158          —          —    43.6158     43.6158   +0.0000    1.1738    1.1738  +0.0000    不合格    不合格  
    3       43.6712          —          —    43.6712     43.6712   +0.0000    5.5513    5.5513  +0.0000     合格     合格  
    4       43.9332          —          —    43.9332     43.9332   +0.0000    6.5946    6.5946  +0.0000     合格     合格  
    5       44.2444          —          —    44.2444     44.2444   +0.0000    0.3475    0.3475  +0.0000    不合格    不合格  
    6       44.2608          —          —    44.2608     44.2608   +0.0000   10.5540   10.5540  +0.0000     合格     合格  
    7       47.6008          —          —    47.6008     47.6008   +0.0000    3.1195    3.1195  +0.0000    不合格    不合格  
    8       47.1791          —          —    47.1791     47.1791   +0.0000    8.9375    8.9375  +0.0000     合格     合格  
    9       46.6557          —          —    46.6557     46.6557   +0.0000   11.0911   11.0911  +0.0000     合格     合格  
    10      46.6525          —          —    46.6525     46.6525   +0.0000    0.0675    0.0675  +0.0000    不合格    不合格  
    11      46.6417          —          —    46.6417     46.6417   +0.0000    0.2296    0.2296  +0.0000    不合格    不合格  

  ── R3（14 宗·法定最小寬 3.50） ──
    i       t_hi(舊)       最淺有效         @s       近側終止   t_band(新)        Δt     舊min寬     新min寬       Δ寬     舊判     新判  翻轉
    0       43.7262          —          —    43.7262     43.7262   +0.0000    1.0265    1.0265  +0.0000    不合格    不合格  
    1       43.7386          —          —    43.7386     43.7386   +0.0000    5.7169    5.7169  +0.0000     合格     合格  
    2       43.8075          —          —    43.8075     43.8075   +0.0000    3.2715    3.2715  +0.0000    不合格    不合格  
    3       43.8469          —          —    43.8469     43.8469   +0.0000    1.6593    1.6593  +0.0000    不合格    不合格  
    4       43.8669          —          —    43.8669     43.8669   +0.0000    3.2674    3.2674  +0.0000    不合格    不合格  
    5       43.9062          —          —    43.9062     43.9062   +0.0000    1.8001    1.8001  +0.0000    不合格    不合格  
    6       43.9279          —          —    43.9279     43.9279   +0.0000    9.5806    9.5806  +0.0000     合格     合格  
    7       44.8396          —          —    44.8396     44.8396   +0.0000    0.0000    0.0000  +0.0000    不合格    不合格  
    8       44.7955          —          —    44.7955     44.7955   +0.0000    0.0000    0.0000  +0.0000    不合格    不合格  
    9       44.7886          —          —    44.7886     44.7886   +0.0000    0.0000    0.0000  +0.0000    不合格    不合格  
    10      44.7715          —          —    44.7715     44.7715   +0.0000    0.0000    0.0000  +0.0000    不合格    不合格  
    11      44.7543          —          —    44.7543     44.7543   +0.0000    0.0000    0.0000  +0.0000    不合格    不合格  
    12      44.6344          —          —    44.6344     44.6344   +0.0000    0.0000    0.0000  +0.0000    不合格    不合格  
    13      44.5315          —          —    44.5315     44.5315   +0.0000    8.5417    8.5417  +0.0000     合格     合格  

【C-3】統計（⛔ 逐宗可回溯）
------------------------------------------------------------------------------------------------------------------------------------------------------------------------------------------
  |Δt| > 1e-6 之宗數 ＝ 30
    R1: 5 宗　Δt 範圍 [+0.0011, +0.0075]
    R2: 13 宗　Δt 範圍 [+0.0001, +0.0961]
    R4: 1 宗　Δt 範圍 [+0.0059, +0.0059]
    R6: 11 宗　Δt 範圍 [+0.0003, +0.7359]
  判定翻轉 合格→不合格 ＝ 2 宗
    面積 帶號合計 +890.6004　絕對值合計 890.6004
      R2 i=9   面積   432.1146　舊寬 9.8042 → 新寬 0.0000
      R4 i=1   面積   458.4858　舊寬 10.6700 → 新寬 0.0000
  反向翻轉 不合格→合格 ＝ 0 宗
    🔒 零計數之構造（空集鐵律）：本探針之翻轉判定式對兩方向**對稱**（`j_old==合格 and j_new==不合格` ／ 其反向），且自檢 ②③④ 已證 `t_band` 與 `min_width` 兩量皆隨形狀變動 ⇒ 反向翻轉之計數**非結構上恆 0**；本案實得 0 係資料所致。

  🔒 出艙碼 ＝ **新定式較嚴（僅單向翻轉）**

  ⚠️ 生產碼 raise 之街廓（⛔ 不影響 CAP）：
    R2: RuntimeError: 街廓 R2 抵費地計算失敗：🔴 ②-宗 圍堵閘破[R2]：宗-宗重疊 = 45.9766 > 上界 3.1129（(宗數15−1)×0.005×深度44.47）——**超出捨入量子
    R4: RuntimeError: 🔴 結構閘 理論＝實跑 破：街廓 R4 right 側 理論@k*=87.83 ≠ 實跑(階段1)=85.42（Δ=2.415 >0.1）｜參考 ΣΔ_i=+0.000（**⛔ 未
    R5: RuntimeError: 街廓 R5 抵費地計算失敗：🔴 ②-宗 圍堵閘破[R5]：宗-宗重疊 = 56.3293 > 上界 2.5141（(宗數12−1)×0.005×深度45.71）——**超出捨入量子
