==============================================================================================================================================================================================
【D-2 哨兵】街角最小規定範圍面積 16 格 — 相位 ＝ **切換前（凍存）**
==============================================================================================================================================================================================
  🔒 **正對照（`==` 反向式）**：切換前命中**舊值**、切換後命中**新值**。
  🔒 判準容差 `0.0001`（**先行宣告**·⛔ 未由結果反推）。
  🔴 **無鑑別力 2 格**：`0m R6/right`／`3.5m R6/right`——舊新兩值差 < 容差⇒ `==` 兩邊皆真、**不能證明任何事** ⇒ 標「**無鑑別力·非通過**」。
     ⇒ **有效鑑別格 ＝ 14/16**，⛔ **禁記為 16/16**。

【A】逐格（**16 格**）
----------------------------------------------------------------------------------------------------------------------------------------------------------------------------------------------
情境    街廓/側                 實測面積       期望(舊)       期望(新)       |Δ舊|       |Δ新|       舊新間距  判定
----------------------------------------------------------------------------------------------------------------------------------------------------------------------------------------------
0m    R1/left          114.7072    114.7072    114.9397   0.000033   0.232533   0.232500  ✅ 命中**舊值**（切換前態）
0m    R1/right         116.8414    116.8414    110.1749   0.000029   6.666471   6.666500  ✅ 命中**舊值**（切換前態）
0m    R2/left          227.1050    227.1050    152.9867   0.000049  74.118349  74.118300  ✅ 命中**舊值**（切換前態）
0m    R3/right         226.6930    226.6930    153.8039   0.000026  72.889074  72.889100  ✅ 命中**舊值**（切換前態）
0m    R4/left          135.1873    135.1873    116.0784   0.000028  19.108928  19.108900  ✅ 命中**舊值**（切換前態）
0m    R4/right         137.0042    137.0042    111.0225   0.000035  25.981665  25.981700  ✅ 命中**舊值**（切換前態）
0m    R5/left          217.9702    217.9702    146.4818   0.000030  71.488370  71.488400  ✅ 命中**舊值**（切換前態）
0m    R6/right         145.8835    145.8835    145.8834   0.000030   0.000070   0.000100  🔴 **無鑑別力·非通過**（舊新間距 < 容差）
3.5m  R1/left          230.8098    230.8098    225.4248   0.000048   5.384952   5.385000  ✅ 命中**舊值**（切換前態）
3.5m  R1/right         232.7931    232.7931    226.1260   0.000048   6.667052   6.667100  ✅ 命中**舊值**（切換前態）
3.5m  R2/left          384.1511    384.1511    308.1618   0.000041  75.989341  75.989300  ✅ 命中**舊值**（切換前態）
3.5m  R3/right         383.6669    383.6669    307.7486   0.000030  75.918330  75.918300  ✅ 命中**舊值**（切換前態）
3.5m  R4/left          251.1151    251.1151    225.0039   0.000005  26.111205  26.111200  ✅ 命中**舊值**（切換前態）
3.5m  R4/right         252.8551    252.8551    225.4208   0.000018  27.434282  27.434300  ✅ 命中**舊值**（切換前態）
3.5m  R5/left          371.1713    371.1713    299.6868   0.000023  71.484477  71.484500  ✅ 命中**舊值**（切換前態）
3.5m  R6/right         298.1445    298.1445    298.1445   0.000008   0.000008   0.000000  🔴 **無鑑別力·非通過**（舊新間距 < 容差）
----------------------------------------------------------------------------------------------------------------------------------------------------------------------------------------------
  **有效鑑別格 ＝ 14/16**（無鑑別力 2 格·⛔ 已排除·禁計入）
  命中**舊值** **14/14**　／　命中**新值** **0/14**

【總判】
----------------------------------------------------------------------------------------------------------------------------------------------------------------------------------------------
  **切換前態**（有效格全命中舊值）＝ ✅
  **切換後態**（有效格全命中新值）＝ 🔴
  ⇒ **✅ 具鑑別力（恰一態成立）**
  ⛔ 本批**未切換** ⇒ 期望為**切換前態成立**。
