==================================================================================================================================================================================================================
【W-G.9-82 §二 A 組】弦區間閉式——把必要條件推成充要，且仍⛔ 不先算交點（⛔ 只量不修）
==================================================================================================================================================================================================================
  產生於 commit：805df7c
  環境：shapely 2.1.2 | GEOS (3, 13, 1) | numpy 2.4.4
  🔒 A-0 **事前選定：偏向使 [λ_a, λ_b] 偏窄**（甲/乙/丙 三條見 docstring）⇒ 錯誤方向**會吵**。
  🔒 同源聲明：`analyse_cell`／`pred_t`／`spy_*` 皆自 `probe_WG981_scope` **原樣 import**（⛔ 不另造第二份 ⇒ 負對照可比·節 100）。

【0】量測器自檢（⛔ 先自檢後量測·每項皆附**已知真／已知偽**對照）
------------------------------------------------------------------------------------------------------------------------------------------------------------------------------------------------------------------
  ① **方形街廓對照**（A-1 判別力·施工單所令）：p=(1,2)·û=(0.59999999999999998,0.80000000000000004)
     λ_a 實得 -1.6666666666666667／手算 -1.6666666666666667　殘差 0.000e+00　**殘差/ulp = 0.00**（ulp=2.220e-16）
     λ_b 實得 10／手算 10　殘差 0.000e+00　**殘差/ulp = 0.00**（ulp=1.776e-15）
     約束邊索引：λ_a←邊 3（期望 3＝x=0）／λ_b←邊 2（期望 2＝y=10）⇒ PASS
  ② 走向無關：CCW(CCW) vs CW(CW) ⇒ λ 逐位相同 = True ⇒ PASS
     代表點檢 `max ⟨rep−q_e,n_e⟩`：CCW -5.000e+00 ／ CW -5.000e+00（期望 ≤ 0）
  ③ **常設 8（其一）**：p=(−5,−5)·û=(1,0)（整條線在方形外）⇒ empty=True·平行·空邊數=1 ⇒ 謂詞(s*=0)=False（期望 False）⇒ PASS
  ④ **常設 8（其二）**：同一條線上 s*=0 ⇒ True（期望 True）／s*=1e6 ⇒ False（期望 False）·λ=[-1.666667, 10.000000] ⇒ PASS
  ⑤ **計數器判別力**（⛔ 證其非恆 0）：contains=1／intersection=1／_line_cross=1（各期望 ≥1）⇒ PASS
  ⑥ **常設 8（其三）·二式判別力**：斜置正方形(菱形)·p=(0,0)（外接盒角落）⇒ 外接盒式=True／弦區間式=False（λ=[5.000000, 5.000000]）⇒ PASS
  ⑦ **常設 9**：門檻 vs 被測量之量級
     TOL_DEN =1.0e-12；被測量 |⟨û_j,n_e⟩| ∈ [0,1]，ulp(1.0)=2.220e-16 ⇒ 門檻/ulp = 4.504e+03
     TOL_GRAZE=1.0e-09（**相對**）；被測量 |λ| 之量級於【C】表出艙，相對門檻⛔ 不受量級漂移影響
     TOL_AXIS =1.0e-09；被測量 |⟨ê,m̂⟩| ∈ [0,1]，同 ulp(1.0) ⇒ 門檻/ulp = 4.504e+06
  ⑧ **`_assert_plain` 判別力**：餵入真 shapely `Polygon` 作 `p` ⇒ 違反計數 0→1（期望 +1）·why=('p',) ⇒ PASS
     🔒 已歸零（本項為自檢·⛔ 不得計入正式量測）
  ⇒ 量測器自檢：PASS

【驅動·第一趟（真實）】R1–R6 × 兩情境——街廓母體 = ['R1', 'R2', 'R4', 'R6', 'R5', 'R3']
------------------------------------------------------------------------------------------------------------------------------------------------------------------------------------------------------------------
  攔截 12 格；**可算交點之對（母體）＝ 86**（🔒 承 `-80`／`-81`·⛔ 非 67）
  🔒 TRUTH 階段之呼叫計數：contains=86／intersection=86／_line_cross=86

【C／A-1】`[λ_a, λ_b]` 之構造——逐 (情境, 街廓, **宗 j**)（⛔ 純算術·⛔ 零 shapely）
------------------------------------------------------------------------------------------------------------------------------------------------------------------------------------------------------------------
  情境     街廓    j    是街角?    頂點         外向檢max      **λ_a**      **λ_b**      λ_b−λ_a ←邊a    ←邊b    p_j 內含   
  0m     R1    0    是       9      -1.651e+01       0.0000      33.2441      33.2441 5      0      🔴 **否**  
  0m     R1    1    否       9      -1.651e+01       0.0001      33.2613      33.2612 5      0      🔴 **否**  
  0m     R1    2    是       9      -1.651e+01       0.0002      33.2731      33.2728 5      1      🔴 **否**  
  0m     R2    0    是       5      -2.214e+01       0.0000      44.9154      44.9154 0      2      🔴 **否**  
  0m     R4    0    是       7      -1.652e+01      -0.0071      33.2479      33.2550 3      0      ✅        
  0m     R6    0    否       5      -2.259e+01     -47.6714      -0.0000      47.6714 3      0      🔴 **否**  
  0m     R6    1    否       5      -2.259e+01     -47.5176      -0.0000      47.5176 3      0      🔴 **否**  
  0m     R6    2    否       5      -2.259e+01     -47.4424      -0.0000      47.4424 3      0      🔴 **否**  
  0m     R6    3    否       5      -2.259e+01     -46.7041      -0.0000      46.7041 3      0      🔴 **否**  
  0m     R6    4    否       5      -2.259e+01     -46.5402      -0.0000      46.5402 3      0      🔴 **否**  
  0m     R6    5    否       5      -2.259e+01     -46.3125      -0.0000      46.3125 3      0      🔴 **否**  
  0m     R6    6    是       5      -2.259e+01       0.0000      43.7430      43.7430 0      3      🔴 **否**  
  0m     R5    0    是       5      -2.272e+01      -0.0000      43.7602      43.7602 3      0      ✅        
  0m     R3    0    否       5      -2.200e+01       0.0000      43.9260      43.9260 0      3      🔴 **否**  
  0m     R3    1    否       5      -2.200e+01       0.0000      43.9952      43.9952 0      3      🔴 **否**  
  0m     R3    2    否       5      -2.200e+01       0.0000      44.0347      44.0347 0      3      🔴 **否**  
  0m     R3    3    否       5      -2.200e+01       0.0000      44.0548      44.0548 0      3      🔴 **否**  
  0m     R3    4    否       5      -2.200e+01       0.0000      44.0943      44.0943 0      3      🔴 **否**  
  0m     R3    5    否       5      -2.200e+01       0.0000      44.1161      44.1161 0      3      🔴 **否**  
  0m     R3    6    否       5      -2.200e+01       0.0000      44.2320      44.2320 0      3      🔴 **否**  
  0m     R3    7    是       5      -2.200e+01       0.0000      44.8461      44.8461 0      3      🔴 **否**  
  3.5m   R1    0    是       9      -1.651e+01       0.0001      33.2396      33.2395 5      0      🔴 **否**  
  3.5m   R1    1    是       9      -1.651e+01       0.0002      33.2731      33.2728 5      1      🔴 **否**  
  3.5m   R4    0    是       7      -1.652e+01      -0.0071      33.2479      33.2550 3      0      ✅        
  3.5m   R6    0    否       5      -2.259e+01     -47.6714      -0.0000      47.6714 3      0      🔴 **否**  
  3.5m   R6    1    否       5      -2.259e+01     -47.5176      -0.0000      47.5176 3      0      🔴 **否**  
  3.5m   R6    2    否       5      -2.259e+01     -47.4424      -0.0000      47.4424 3      0      🔴 **否**  
  3.5m   R6    3    否       5      -2.259e+01     -46.7041      -0.0000      46.7041 3      0      🔴 **否**  
  3.5m   R6    4    否       5      -2.259e+01     -46.5402      -0.0000      46.5402 3      0      🔴 **否**  
  3.5m   R6    5    否       5      -2.259e+01     -46.3125      -0.0000      46.3125 3      0      🔴 **否**  
  3.5m   R6    6    是       5      -2.259e+01       0.0000      43.7430      43.7430 0      3      🔴 **否**  
  POPULATION=31 PRINTED=31 SUPPRESSED=0  # A-1 逐 (格, j)（全列）
  🔒 **`P2`（`p_j` 內含性）**：`λ_a < 0 < λ_b` 者 **3 ／ 31**
     🔴 **⛔ 不成立者逐項具名**：
       [0m] R1   j=0  λ=[0.000021, 33.244114]  empty=False  平行空邊=0
       [0m] R1   j=1  λ=[0.000076, 33.261254]  empty=False  平行空邊=0
       [0m] R1   j=2  λ=[0.000248, 33.273079]  empty=False  平行空邊=0
       [0m] R2   j=0  λ=[0.000004, 44.915397]  empty=False  平行空邊=0
       [0m] R6   j=0  λ=[-47.671427, -0.000000]  empty=False  平行空邊=0
       [0m] R6   j=1  λ=[-47.517565, -0.000000]  empty=False  平行空邊=0
       [0m] R6   j=2  λ=[-47.442431, -0.000000]  empty=False  平行空邊=0
       [0m] R6   j=3  λ=[-46.704121, -0.000001]  empty=False  平行空邊=0
       [0m] R6   j=4  λ=[-46.540160, -0.000002]  empty=False  平行空邊=0
       [0m] R6   j=5  λ=[-46.312476, -0.000002]  empty=False  平行空邊=0
       [0m] R6   j=6  λ=[0.000005, 43.742981]  empty=False  平行空邊=0
       [0m] R3   j=0  λ=[0.000000, 43.926004]  empty=False  平行空邊=0
       [0m] R3   j=1  λ=[0.000000, 43.995158]  empty=False  平行空邊=0
       [0m] R3   j=2  λ=[0.000000, 44.034731]  empty=False  平行空邊=0
       [0m] R3   j=3  λ=[0.000000, 44.054801]  empty=False  平行空邊=0
       [0m] R3   j=4  λ=[0.000000, 44.094325]  empty=False  平行空邊=0
       [0m] R3   j=5  λ=[0.000000, 44.116100]  empty=False  平行空邊=0
       [0m] R3   j=6  λ=[0.000000, 44.231989]  empty=False  平行空邊=0
       [0m] R3   j=7  λ=[0.000001, 44.846066]  empty=False  平行空邊=0
       [3.5m] R1   j=0  λ=[0.000055, 33.239573]  empty=False  平行空邊=0
       [3.5m] R1   j=1  λ=[0.000248, 33.273079]  empty=False  平行空邊=0
       [3.5m] R6   j=0  λ=[-47.671427, -0.000000]  empty=False  平行空邊=0
       [3.5m] R6   j=1  λ=[-47.517565, -0.000000]  empty=False  平行空邊=0
       [3.5m] R6   j=2  λ=[-47.442431, -0.000000]  empty=False  平行空邊=0
       [3.5m] R6   j=3  λ=[-46.704121, -0.000001]  empty=False  平行空邊=0
       [3.5m] R6   j=4  λ=[-46.540160, -0.000002]  empty=False  平行空邊=0
       [3.5m] R6   j=5  λ=[-46.312476, -0.000002]  empty=False  平行空邊=0
       [3.5m] R6   j=6  λ=[0.000005, 43.742981]  empty=False  平行空邊=0
  🔒 街廓之外向性：12 格之 `max ⟨cen−q_e,n_e⟩` 極大 = -1.651e+01（期望 ≤ 0·凸 ⇒ 嚴格 < 0）
  🔒 零長邊（A-0 丙）合計 = 0；環走向 = ['CW']
  🔒 **常設 9**：`|λ|` 之量級 ∈ [0.0000, 47.6714]；上端 ulp = 7.105e-15 ⇒ 相對門檻 1.0e-09 遠高於之

【D／A-2】弦區間謂詞於 **86 真實對** vs `block.contains(X)`
------------------------------------------------------------------------------------------------------------------------------------------------------------------------------------------------------------------
  情境     街廓    j    k               s*           λ_a           λ_b        擦邊相對 弦區間      contains  判       
  0m     R1    0    2       -3711.4620        0.0000       33.2441    1.13e+02 False    False     ✅       
  0m     R1    0    3       -3371.0484        0.0000       33.2441    1.02e+02 False    False     ✅       
  0m     R1    0    4       -7307.2952        0.0000       33.2441    2.21e+02 False    False     ✅       
  0m     R1    1    2       -5227.8851        0.0001       33.2613    1.58e+02 False    False     ✅       
  0m     R1    1    3       -4612.5700        0.0001       33.2613    1.40e+02 False    False     ✅       
  0m     R1    2    4        -197.9464        0.0002       33.2731    6.95e+00 False    False     ✅       
  0m     R2    0    2          10.0407        0.0000       44.9154    7.76e-01 True     True      ✅       
  0m     R2    0    3          18.6078        0.0000       44.9154    5.86e-01 True     True      ✅       
  0m     R2    0    4         105.0432        0.0000       44.9154    1.34e+00 False    False     ✅       
  0m     R2    0    5         105.1232        0.0000       44.9154    1.34e+00 False    False     ✅       
  0m     R2    0    6         130.6901        0.0000       44.9154    1.91e+00 False    False     ✅       
  0m     R2    0    7         198.5218        0.0000       44.9154    3.42e+00 False    False     ✅       
  POPULATION=86 PRINTED=12 SUPPRESSED=74  # A-2 真實對（僅列不一致者；無則列前 12）
     ⚠️ `PRINTED ≠ POPULATION` ⇒ 🔒 **本表之結論一律以 `POPULATION` 為分母**（⛔ 表身列數不得作為母體·節 105）
  ⇒ **一致 86 ／ 不一致 0 ／ 邊界擦邊（另計·⛔ 不計入二者）0**；和 = 86 ／ 母體 = 86 ⇒ ✅ 相等
  🔒 **`P3`**：對稱差 ＝ **空集** ✅
  🔒 `pred_t_plain` vs `w81.pred_t` 逐對相同：86／86 ⇒ ✅
  🔒 **負對照（外接盒單軸式）於 86 真實對**：一致 86 ／ 不一致 0

【E／A-3】⛔「**不先算交點**」之碼面自證（🔒 shim 計數·⛔ 非讀碼推定）
------------------------------------------------------------------------------------------------------------------------------------------------------------------------------------------------------------------
  ① **弦區間之計算次數 = 31**　vs　**對數 = 86**　⇒ ✅ 前者 ≠ 後者
     🔒 相對照之二母體：**街角宗總數（Σ|meta.corners|）= 13**；**相異 j 之 (格,j) 數 = 31**
     🔒 `P5` 之受詞逐字為「弦區間計算次數 ＝ **街角宗總數**」⇒ 實得 31 vs 13 ⇒ 🔴 **不符·⛔ 不調整預測·具名**
  ② **謂詞路徑之呼叫計數**（🔒 **二段皆計**：λ 構造段 ＋ 謂詞求值段）
     λ 構造段：_line_cross=0／.intersection(=0／.contains(=0
     謂詞求值段：_line_cross=0／.intersection(=0／.contains(=0
     ⇒ 二段合計之極大 = 0（期望 **0**）⇒ ✅
  ③ **判別力**：TRUTH 階段之 contains=86（期望 > 0 ⇒ 證計數器⛔ 非恆 0）⇒ ✅
  ④ 🔒 **`chord_interval` 之實參⛔ 不含幾何物件**（機械證·⛔ 非讀碼推定）：
     `_assert_plain` 呼叫數 = 31（＝ 弦區間計算次數）／**違反數 = 0**（期望 0）⇒ ✅
     🔒 其判別力已於 `selfcheck` ⑧ 以**真的** shapely `Polygon` 實證為 +1（⛔ 非恆 0）。
     🔒 實際餵入者僅 `(edges, p_j, û_j)`；`edges` 由 `ring_edges` 自**街廓頂點序列**造。

【F／A-4】`0m R3` 之**真實餘裕**（`s* − λ_b`）——與 `VR-037` 二-甲之 `3.4192` 對帳
------------------------------------------------------------------------------------------------------------------------------------------------------------------------------------------------------------------
  🔒 倉內錨（引 `docs/reports/W-G.9-81b_CC交接文.md` §四-2）：`0m R3` `(7,9)` 之最小 `t` 越界量 ＝ **3.4192 m**（`t_X 11.7089` vs `t_hi 8.2897`）
  `0m R3` j=7：λ_a=0.000001　**λ_b=44.846066**　**約束邊索引=3**　邊長=96.7022　⟨û_j,n_e⟩=0.999988　⟨q_e−p_j,n_e⟩=44.845524
  k               s*      ⟨û_j,n̂⟩       t_X(實測)          t_hi         t 越界量    **s*−λ_b** contains  
  9          -3.5027     -0.997156       11.7089        8.2897        3.4192      -48.3488 False     
  10        -11.1553     -0.997156       19.3397        8.2897       11.0500      -56.0013 False     
  11        -29.8988     -0.997156       38.0299        8.2897       29.7403      -74.7449 False     
  12        -48.7063     -0.997156       56.7839        8.2897       48.4942      -93.5523 False     
  13       -180.2700     -0.997156      187.9735        8.2897      179.6839     -225.1161 False     
  POPULATION=5 PRINTED=5 SUPPRESSED=0  # A-4 `0m R3` j=7 之逐 k（全列）
  🔒 **`P7`**：`s*−λ_b` 實得 **-48.348762** vs `3.4192/⟨û_j,n̂⟩` = **-3.428951** ⇒ 🔴 **小於 ⇒ `VR-040` 四之單調性推論錯·具名**
     🔒 併出艙（節 103）：本格為**最接近翻面**者；`t` 越界量實測 = 3.4192（倉內錨 3.4192·差 3.254e-06）

  🔴 **`P7` 之受詞更正量**（⛔ **不改**上列逐字判·⛔ 不調整預測；本段係**另一個量**）
     🔒 成因逐字：`⟨û_j,n̂⟩ = -0.997156` **為負** ⇒ `t ≤ t_hi` 之約束於 `s` 軸上化為**下界**（`s ≥ (t_hi−t_pj)/⟨û_j,n̂⟩`）⇒ **被違反者是 `λ_a` 側、⛔ 非 `λ_b` 側**。
     ⇒ `P7` 逐字所寫之 `s*−λ_b` **量到的是另一側**；其對應之正量為 `λ_a − s*`。
  k              s*        被違反之界 側             **真實餘裕**          外接盒餘裕 t越界/|⟨û_j,n̂⟩| 真≥盒?    
  9         -3.5027     0.000001 λ_a(下界)       3.502697       3.428948       3.428948 True    
  10       -11.1553     0.000001 λ_a(下界)      11.155282      11.081532      11.081532 True    
  11       -29.8988     0.000001 λ_a(下界)      29.898813      29.825063      29.825063 True    
  12       -48.7063     0.000001 λ_a(下界)      48.706273      48.632524      48.632524 True    
  13      -180.2700     0.000001 λ_a(下界)     180.270022     180.196273     180.196273 True    
  POPULATION=5 PRINTED=5 SUPPRESSED=0  # A-4 更正量·逐 k（全列）
     ⇒ **真實餘裕 ≥ 外接盒餘裕**者 = **5 ／ 5** ⇒ ✅ **`VR-040` 四之單調性推論（外接盒之界恆不緊於真實邊）成立**
     🔒 **`(7,9)` 之定錨**：真實餘裕 `λ_a − s*` = **3.502697** ≥ `3.4192/|⟨û_j,n̂⟩|` = **3.428951**（差 0.073746）⇒ ✅

【G-1／A-5-1】`A-4` 更正後之**例外類**（`û_k` 不 ∥ `n̂`）逐對列出
------------------------------------------------------------------------------------------------------------------------------------------------------------------------------------------------------------------
  情境     街廓    j    k    |cross(û_k,n̂)|        **|比值|** 宗k 是街角?    宗j 是街角?    宗k 之 near_dir 來源          
  0m     R1    0    2          1.206e-02     0.446824113 是          是          near_dir=None(⇒用 alloc_used)
  0m     R1    0    3          1.206e-02     0.446824113 否          是          near_dir=(-0.751732, 0.659468)
  0m     R4    0    1          5.003e-02     0.486767635 是          是          near_dir=None(⇒用 alloc_used)
  3.5m   R1    0    1          1.206e-02     0.446824113 是          是          near_dir=None(⇒用 alloc_used)
  3.5m   R1    0    2          1.206e-02     0.446824113 否          是          near_dir=(-0.751732, 0.659468)
  3.5m   R4    0    1          5.003e-02     0.486767635 是          是          near_dir=None(⇒用 alloc_used)
  POPULATION=6 PRINTED=6 SUPPRESSED=0  # A-5-1 例外類（全列·⛔ 非取樣）
  ⇒ 更正後母體 **46**；例外類（`û_k` 不 ∥ `n̂`）＝ **6**（`VR-040` 一載 `-81` 實得 6）

【D-2／A-2 掃描】`θ` 掃描 -8°, -6°, -4°, -2°, 0°, 2°, 4°, 6°, 8°, 12°, 16°, 20° ——弦區間式 vs 外接盒式（🔒 負對照須仍 34）
------------------------------------------------------------------------------------------------------------------------------------------------------------------------------------------------------------------
  🔒 **負對照（外接盒·單軸 `t`）**：掃描不一致 = **34**（施工單期望 **34**）⇒ ✅ 相符
  🔴 **弦區間式**：掃描不一致 = **0** ⇒ ✅ **`P4` 成立（＝ 0）**
  POPULATION=144 PRINTED=144 SUPPRESSED=0  # 掃描列（12θ × 12 格）
  🔒 掃描期間 **PRED 路徑**之呼叫計數：_line_cross=0／.intersection(=0／.contains(=0（各期望 0）
  🔒 歸因（承 `-81` 之三類·⛔ 同一判準）：甲=0 ／ 乙=36 ／ 丙=0

【G-2／A-5-2】**乙類 36 對**之幾何定位——最近街廓邊 ＋ **約束邊**是否軸向
------------------------------------------------------------------------------------------------------------------------------------------------------------------------------------------------------------------
  θ     情境     街廓    j    k              s*          λ_a          λ_b 弦判      最近邊            到邊距離 近邊軸向    **約束邊**  軸向?    
  -8°   0m     R2    0    2          0.0000     -40.9007      -0.0000 False   0            0.0000 False   0(λ_b)   False  
  -8°   0m     R2    0    3          4.6830     -40.9007      -0.0000 False   0            4.5798 False   0(λ_b)   False  
  -8°   0m     R5    0    2          0.0000     -44.3158       0.0000 False   3            0.0000 False   3(λ_b)   False  
  -6°   0m     R2    0    2          0.0000     -44.6181      -0.0000 False   0            0.0000 False   0(λ_b)   False  
  -6°   0m     R2    0    3          6.2182     -44.6181      -0.0000 False   0            6.1228 False   0(λ_b)   False  
  -6°   0m     R5    0    2          0.0000     -44.4191       0.0000 False   3            0.0000 False   3(λ_b)   False  
  -4°   0m     R2    0    2          0.0000     -45.3949      -0.0000 False   0            0.0000 False   0(λ_b)   False  
  -4°   0m     R5    0    2          0.0000     -44.1771       0.0000 False   3            0.0000 False   3(λ_b)   False  
  -4°   0m     R3    7    9         49.3237       1.4585      45.3862 False   3            3.8932 False   3(λ_b)   False  
  -2°   0m     R2    0    2          0.0001     -45.1914      -0.0000 False   0            0.0001 False   0(λ_b)   False  
  -2°   0m     R5    0    2          0.0001     -43.9911       0.0000 False   3            0.0001 False   3(λ_b)   False  
  2°    0m     R6    6    8          0.0001     -43.8532      -0.0000 False   0            0.0001 False   0(λ_b)   False  
  2°    3.5m   R6    6    8          0.0001     -43.8532      -0.0000 False   0            0.0001 False   0(λ_b)   False  
  4°    0m     R6    6    8          0.0000     -44.0179      -0.0000 False   0            0.0000 False   0(λ_b)   False  
  4°    3.5m   R6    6    8          0.0000     -44.0179      -0.0000 False   0            0.0000 False   0(λ_b)   False  
  6°    0m     R6    6    8          0.0000     -44.2379      -0.0000 False   0            0.0000 False   0(λ_b)   False  
  6°    0m     R3    7    9         -0.0000       0.0000      44.8512 False   0            0.0000 False   0(λ_a)   False  
  6°    3.5m   R6    6    8          0.0000     -44.2379      -0.0000 False   0            0.0000 False   0(λ_b)   False  
  8°    0m     R1    2    4         -1.5636       0.0002      33.9501 False   5            1.5260 False   5(λ_a)   False  
  8°    0m     R6    6    8          0.0000     -44.5147      -0.0000 False   0            0.0000 False   0(λ_b)   False  
  8°    0m     R3    7    9         -0.0000       0.0000      44.9077 False   0            0.0000 False   0(λ_a)   False  
  8°    3.5m   R1    1    3         -1.5620       0.0002      33.9501 False   5            1.5244 False   5(λ_a)   False  
  8°    3.5m   R6    6    8          0.0000     -44.5147      -0.0000 False   0            0.0000 False   0(λ_b)   False  
  12°   0m     R1    2    4         -0.0000       0.0002      34.5741 False   5            0.0002 False   5(λ_a)   False  
  12°   0m     R6    6    8          0.0000     -45.2461      -0.0000 False   0            0.0000 False   0(λ_b)   False  
  12°   0m     R3    7    9         -0.0000       0.0000      45.1865 False   0            0.0000 False   0(λ_a)   False  
  12°   3.5m   R1    1    3         -0.0000       0.0002      34.5741 False   5            0.0003 False   5(λ_a)   False  
  12°   3.5m   R6    6    8          0.0000     -45.2461      -0.0000 False   0            0.0000 False   0(λ_b)   False  
  16°   0m     R1    2    4         -0.0000       0.0002      35.3971 False   5            0.0002 False   5(λ_a)   False  
  16°   0m     R6    6    8          0.0000     -46.2311      -0.0000 False   0            0.0000 False   0(λ_b)   False  
  16°   0m     R3    7    9         -0.0000       0.0000      43.5104 False   0            0.0000 False   0(λ_a)   False  
  16°   3.5m   R1    2    4         -0.0000       0.0002      35.3971 False   5            0.0002 False   5(λ_a)   False  
  20°   0m     R1    2    4         -0.0000       0.0003      36.4422 False   5            0.0002 False   5(λ_a)   False  
  20°   0m     R6    6    8          0.0000     -43.9491      -0.0000 False   0            0.0000 False   0(λ_b)   False  
  20°   0m     R3    8    10        -0.0000       0.0000      37.7771 False   0            0.0000 False   0(λ_a)   False  
  20°   3.5m   R1    2    4         -0.0000       0.0003      36.4422 False   5            0.0002 False   5(λ_a)   False  
  POPULATION=36 PRINTED=36 SUPPRESSED=0  # A-5-2 乙類（全列·⛔ 非取樣）
  🔒 **`P6`**：約束邊為**軸向**者 = **0 ／ 36** ⇒ ✅ **皆非軸向 ⇒「被 4 條軸向邊放進來」之說成立**
  🔒 **常設 9**：軸向判定之量級——約束邊之 `|⟨ê,m̂⟩|` ∈ [0.9957, 0.9975]／`|⟨ê,n̂⟩|` ∈ [0.0706, 0.0923]；門檻 1.0e-09（ulp(1.0)=2.220e-16）
  🔒 **節 103（最接近翻面者及其餘裕）**：軸向 ⟺ `min(|⟨ê,m̂⟩|,|⟨ê,n̂⟩|) ≤ 1.0e-09`；**全 36 對之最小者 = 0.070562**（＝ 離軸 4.046°）⇒ 距翻面尚有 7.056e+07 個門檻
     🔑 **其土地意義**：約束邊與 `m̂` 之夾角僅 **4.046°〜5.294°**——外接盒所漏者正是這幾度之傾斜（⛔ 非大角度之邊）。
  🔒 交叉核：乙類中**弦區間式判在外**者 = **36 ／ 36** ⇒ ✅ 全數被弦區間式正確排除

【H／P8】`run_all` 清單筆數之**第八法**（🔒 檔案系統母體 × 引用交叉·⛔ 與七法不同族）
------------------------------------------------------------------------------------------------------------------------------------------------------------------------------------------------------------------
  母體 ＝ `verify/**.py`（⛔ 排除 `probes/`／`out/`／`baselines/`／`__pycache__`）
  🔒 **裸值（⛔ 未扣任何項）= 16**；逐筆附其於 `run_all.py` 之**行號與原文**（⇒ 扣除可稽核）
     fixture_baseline_candidates.py     run_all.py:106 ("fixture_baseline_candidates.py", "🆕 C-5 BASELINE 候選三分支＋R1 共線 golden"),
     fixture_block_depth_n19p.py        run_all.py:113 ("fixture_block_depth_n19p.py",; run_all.py:200 if _fx == "fixture_block_depth_n19p.py" and _r is not None:
     fixture_cad_binding_order.py       run_all.py:105 for _fx, _what in (("fixture_cad_binding_order.py", "🆕 C-6 CAD 線層綁定·順序不變性(3 置換
     fixture_corner_range_k8.py         run_all.py:115 ("fixture_corner_range_k8.py",
     fixture_e2e_termination.py         run_all.py:137 ("fixture_e2e_termination.py",
     fixture_end_fallback.py            run_all.py:118 ("fixture_end_fallback.py", "§4 無勝者 fallback·守恆真檢(左右)"),
     fixture_end_reserve.py             run_all.py:117 ("fixture_end_reserve.py", "P2-f 末端保留·窗位移(左右)"),
     fixture_end_winner.py              run_all.py:119 ("fixture_end_winner.py", "末端 gate 判別力·_unfront_area＋咬合反例"),
     fixture_g3_static_guards.py        run_all.py:145 ("fixture_g3_static_guards.py",
     fixture_midlayer_6items.py         run_all.py:157 ("fixture_midlayer_6items.py",
     fixture_n14_feed_chain.py          run_all.py:111 ("fixture_n14_feed_chain.py",
     fixture_n14_min_width.py           run_all.py:107 ("fixture_n14_min_width.py", "🆕 N-14/N-15 宗地最小寬度·深度帶內取 min"),
     fixture_wf_ns_wiring.py            run_all.py:126 ("fixture_wf_ns_wiring.py",
     fixture_yi_construction.py         run_all.py:168 ("fixture_yi_construction.py",
     selection_pipeline.py              run_all.py:36 _sel = _candidates_append_keys(os.path.join(HERE, "selection_pipeline.py"))
     tools/wg973_gb_integrity.py        run_all.py:178 ("tools/wg973_gb_integrity.py",
  POPULATION=16 PRINTED=16 SUPPRESSED=0  # 第八法之命中（全列·含行號）
  🔒 **假陽性之逐字判準**：清單項之出現形恆為 `("<名>",`（tuple 首元素）；否則即非清單項。
     🔴 具名假陽性：selection_pipeline.py          @ run_all.py:36 _sel = _candidates_append_keys(os.path.join(HERE, "selection_pipeline.py"))
     🔒 其性質與既用①③之假陽性（`run_all.py:80` 之 `endswith(".py")`）**同族**——量測器之已知邊界，⛔ 非清單有誤。
  ⇒ **第八法 ＝ 裸值 16 − 具名假陽性 1 ＝ 15**（施工單 `P8` 期望 **15**）⇒ ✅ 相符
  🔒 未被引用之 `verify/**.py` = 40（僅供對帳·⛔ 非清單）
