========================================================================================================================================================================================================
【D-2b-23【甲】commit A′】`_solve_G_one` 五實參之**甲前**基準 — ⛔ 零生產碼變更
========================================================================================================================================================================================================
  受記實參：('S_max', 'A', 'B', 'C', 'tab6_burden')
  依據：KL 2026-08-09 ②「唯一殘餘條件·須量不得推定」

  母體 ＝ 14 個 (情境,街廓,路徑)（⛔ 非空）／`_solve_G_one` 總呼叫 380 次

  ── [0m] R1／實配　相異組合 8　呼叫 10 次　sha256 56a0a513cf683cff82d39a97a40dbb00fb9b75bd76244472fe66743e77e1e3e5 ──
     ×1   S_max=37.586529638　A=2.042876816　B=0.171042711　C=0.091318931　tab6_burden=0.40712387
     ×1   S_max=45.037313168　A=1.736445293　B=0.171042711　C=0.091318931　tab6_burden=0.40712387
     ×1   S_max=53.459675348　A=1.736445293　B=0.171042711　C=0.091318931　tab6_burden=0.40712387
     ×1   S_max=55.854117217　A=2.042876816　B=0.171042711　C=0.091318931　tab6_burden=0.40712387
     ×1   S_max=62.902585731　A=1.736445293　B=0.171042711　C=0.091318931　tab6_burden=0.40712387
     ×1   S_max=63.305035685　A=1.736445293　B=0.171042711　C=0.091318931　tab6_burden=0.40712387
     ×2   S_max=80.833433503　A=2.042876816　B=0.171042711　C=0.091318931　tab6_burden=0.40712387
     ×2   S_max=87.313031407　A=1.736445293　B=0.171042711　C=0.091318931　tab6_burden=0.40712387
  ── [0m] R2／實配　相異組合 15　呼叫 30 次　sha256 5019a298bcf3bb3a5f83fb3c558bf589e761de40455fdc44e34777de1ad5d879 ──
     ×2   S_max=100.027404484　A=1.838589134　B=0.171042711　C=0.091318931　tab6_burden=0.40712387
     ×2   S_max=51.341994406　A=1.838589134　B=0.171042711　C=0.091318931　tab6_burden=0.40712387
     ×2   S_max=52.961483117　A=1.838589134　B=0.171042711　C=0.091318931　tab6_burden=0.40712387
     ×2   S_max=56.278821487　A=1.838589134　B=0.171042711　C=0.091318931　tab6_burden=0.40712387
     ×2   S_max=59.612080602　A=1.838589134　B=0.171042711　C=0.091318931　tab6_burden=0.40712387
     ×2   S_max=61.095274288　A=1.838589134　B=0.171042711　C=0.091318931　tab6_burden=0.40712387
     ×2   S_max=70.899446567　A=1.838589134　B=0.171042711　C=0.091318931　tab6_burden=0.40712387
     ×2   S_max=72.238711　A=1.838589134　B=0.171042711　C=0.091318931　tab6_burden=0.40712387
     ×2   S_max=80.973825858　A=1.838589134　B=0.171042711　C=0.091318931　tab6_burden=0.40712387
     ×2   S_max=86.098468838　A=1.838589134　B=0.171042711　C=0.091318931　tab6_burden=0.40712387
     ×2   S_max=88.030036097　A=1.838589134　B=0.171042711　C=0.091318931　tab6_burden=0.40712387
     ×2   S_max=88.036081055　A=1.838589134　B=0.171042711　C=0.091318931　tab6_burden=0.40712387
     ×2   S_max=94.566223978　A=1.838589134　B=0.171042711　C=0.091318931　tab6_burden=0.40712387
     ×2   S_max=95.21346517　A=1.838589134　B=0.171042711　C=0.091318931　tab6_burden=0.40712387
     ×2   S_max=95.972033181　A=1.838589134　B=0.171042711　C=0.091318931　tab6_burden=0.40712387
  ── [0m] R3／實配　相異組合 14　呼叫 28 次　sha256 3890ee54555b0abc16a00d821de5631504533f6dd8b2221e47250ffc99663bcd ──
     ×2   S_max=49.076378439　A=1.940732975　B=0.171042711　C=0.091318931　tab6_burden=0.40712387
     ×2   S_max=59.033617294　A=1.940732975　B=0.171042711　C=0.091318931　tab6_burden=0.40712387
     ×2   S_max=60.457036597　A=1.940732975　B=0.171042711　C=0.091318931　tab6_burden=0.40712387
     ×2   S_max=61.875617457　A=1.940732975　B=0.171042711　C=0.091318931　tab6_burden=0.40712387
     ×2   S_max=62.454793802　A=1.940732975　B=0.171042711　C=0.091318931　tab6_burden=0.40712387
     ×2   S_max=62.719890997　A=1.940732975　B=0.171042711　C=0.091318931　tab6_burden=0.40712387
     ×2   S_max=70.48089878　A=1.940732975　B=0.171042711　C=0.091318931　tab6_burden=0.40712387
     ×2   S_max=76.663381806　A=1.940732975　B=0.171042711　C=0.091318931　tab6_burden=0.40712387
     ×2   S_max=78.463458245　A=1.940732975　B=0.171042711　C=0.091318931　tab6_burden=0.40712387
     ×2   S_max=81.730898333　A=1.940732975　B=0.171042711　C=0.091318931　tab6_burden=0.40712387
     ×2   S_max=83.390150597　A=1.940732975　B=0.171042711　C=0.091318931　tab6_burden=0.40712387
     ×2   S_max=86.661649005　A=1.940732975　B=0.171042711　C=0.091318931　tab6_burden=0.40712387
     ×2   S_max=92.378574081　A=1.940732975　B=0.171042711　C=0.091318931　tab6_burden=0.40712387
     ×2   S_max=93.405109576　A=1.649623029　B=0.171042711　C=0.091318931　tab6_burden=0.40712387
  ── [0m] R4／實配　相異組合 2　呼叫 4 次　sha256 ea7c4731e700865f4fbf412d51fad0e5a880cfd4a33906914f8b9e9fbbc4d712 ──
     ×2   S_max=52.581657025　A=1.736445293　B=0.171042711　C=0.091318931　tab6_burden=0.40712387
     ×2   S_max=98.89378086　A=1.736445293　B=0.171042711　C=0.091318931　tab6_burden=0.40712387
  ── [0m] R5／實配　相異組合 18　呼叫 24 次　sha256 7778bfc6cd626206bd900f30849fe659689b43868ec6f52e7e231b718567d5c7 ──
     ×1   S_max=40.126644841　A=1.940732975　B=0.171042711　C=0.091318931　tab6_burden=0.40712387
     ×1   S_max=40.194109319　A=1.940732975　B=0.171042711　C=0.091318931　tab6_burden=0.40712387
     ×1   S_max=50.451157422　A=1.940732975　B=0.171042711　C=0.091318931　tab6_burden=0.40712387
     ×1   S_max=50.680835892　A=1.940732975　B=0.171042711　C=0.091318931　tab6_burden=0.40712387
     ×1   S_max=50.748204878　A=1.940732975　B=0.171042711　C=0.091318931　tab6_burden=0.40712387
     ×1   S_max=51.285188722　A=1.940732975　B=0.171042711　C=0.091318931　tab6_burden=0.40712387
     ×1   S_max=60.222650566　A=1.940732975　B=0.171042711　C=0.091318931　tab6_burden=0.40712387
     ×1   S_max=61.839172118　A=1.940732975　B=0.171042711　C=0.091318931　tab6_burden=0.40712387
     ×1   S_max=63.342106254　A=1.649623029　B=0.171042711　C=0.091318931　tab6_burden=0.40712387
     ×1   S_max=70.77670782　A=1.940732975　B=0.171042711　C=0.091318931　tab6_burden=0.40712387
     ×1   S_max=73.896117122　A=1.649623029　B=0.171042711　C=0.091318931　tab6_burden=0.40712387
     ×1   S_max=73.896117122　A=1.940732975　B=0.171042711　C=0.091318931　tab6_burden=0.40712387
     ×2   S_max=74.243624321　A=1.940732975　B=0.171042711　C=0.091318931　tab6_burden=0.40712387
     ×2   S_max=80.838185297　A=1.940732975　B=0.171042711　C=0.091318931　tab6_burden=0.40712387
     ×2   S_max=86.389448169　A=1.940732975　B=0.171042711　C=0.091318931　tab6_burden=0.40712387
     ×2   S_max=87.563219661　A=1.940732975　B=0.171042711　C=0.091318931　tab6_burden=0.40712387
     ×2   S_max=87.949717443　A=1.940732975　B=0.171042711　C=0.091318931　tab6_burden=0.40712387
     ×2   S_max=92.799547299　A=1.940732975　B=0.171042711　C=0.091318931　tab6_burden=0.40712387
  ── [0m] R6／實配　相異組合 14　呼叫 28 次　sha256 4d5a5bf200ecd62e98adfa572643274ef92fd361cb5e0fd63a4fc84515eef861 ──
     ×2   S_max=41.729625864　A=1.838589134　B=0.171042711　C=0.091318931　tab6_burden=0.40712387
     ×2   S_max=48.628912135　A=1.838589134　B=0.171042711　C=0.091318931　tab6_burden=0.40712387
     ×2   S_max=50.830801843　A=1.838589134　B=0.171042711　C=0.091318931　tab6_burden=0.40712387
     ×2   S_max=51.030801843　A=1.838589134　B=0.171042711　C=0.091318931　tab6_burden=0.40712387
     ×2   S_max=51.230801843　A=1.838589134　B=0.171042711　C=0.091318931　tab6_burden=0.40712387
     ×2   S_max=51.324927499　A=1.838589134　B=0.171042711　C=0.091318931　tab6_burden=0.40712387
     ×2   S_max=51.330801843　A=1.838589134　B=0.171042711　C=0.091318931　tab6_burden=0.40712387
     ×2   S_max=58.551966888　A=1.838589134　B=0.171042711　C=0.091318931　tab6_burden=0.40712387
     ×2   S_max=63.100400689　A=1.838589134　B=0.171042711　C=0.091318931　tab6_burden=0.40712387
     ×2   S_max=66.375844428　A=1.838589134　B=0.171042711　C=0.091318931　tab6_burden=0.40712387
     ×2   S_max=81.125069291　A=1.838589134　B=0.171042711　C=0.091318931　tab6_burden=0.40712387
     ×2   S_max=82.626019552　A=1.838589134　B=0.171042711　C=0.091318931　tab6_burden=0.40712387
     ×2   S_max=85.699706694　A=1.562800764　B=0.171042711　C=0.091318931　tab6_burden=0.40712387
     ×2   S_max=85.854946733　A=1.562800764　B=0.171042711　C=0.091318931　tab6_burden=0.40712387
  ── [0m] (全案)／資格　相異組合 13　呼叫 66 次　sha256 10522ebb7c8044af937c68502395ee5c4b30c599c5704af757c270689e22674d ──
     ×15  S_max=100.027404484　A=1.838589134　B=0.171042711　C=0.091318931　tab6_burden=0.40712387
     ×2   S_max=85.854948797　A=1.562800764　B=0.171042711　C=0.091318931　tab6_burden=0.40712387
     ×9   S_max=85.854948797　A=1.838589134　B=0.171042711　C=0.091318931　tab6_burden=0.40712387
     ×3   S_max=87.313031407　A=1.736445293　B=0.171042711　C=0.091318931　tab6_burden=0.40712387
     ×2   S_max=87.313031407　A=2.042876816　B=0.171042711　C=0.091318931　tab6_burden=0.40712387
     ×3   S_max=87.715481361　A=1.736445293　B=0.171042711　C=0.091318931　tab6_burden=0.40712387
     ×2   S_max=87.715481361　A=2.042876816　B=0.171042711　C=0.091318931　tab6_burden=0.40712387
     ×1   S_max=92.799547299　A=1.649623029　B=0.171042711　C=0.091318931　tab6_burden=0.40712387
     ×11  S_max=92.799547299　A=1.940732975　B=0.171042711　C=0.091318931　tab6_burden=0.40712387
     ×1   S_max=96.803209695　A=1.649623029　B=0.171042711　C=0.091318931　tab6_burden=0.40712387
     ×13  S_max=96.803209695　A=1.940732975　B=0.171042711　C=0.091318931　tab6_burden=0.40712387
     ×2   S_max=98.717048399　A=1.736445293　B=0.171042711　C=0.091318931　tab6_burden=0.40712387
     ×2   S_max=98.89378086　A=1.736445293　B=0.171042711　C=0.091318931　tab6_burden=0.40712387
  ── [3.5m] R1／實配　相異組合 9　呼叫 10 次　sha256 01cd3e19e8d195700ddea1b8d0e4b4b4c1f7fe564dcadc7a9857edf6befa9eaa ──
     ×1   S_max=37.586050779　A=2.042876816　B=0.171042711　C=0.091318931　tab6_burden=0.40712387
     ×1   S_max=45.036739384　A=1.736445293　B=0.171042711　C=0.091318931　tab6_burden=0.40712387
     ×1   S_max=51.394208871　A=1.736445293　B=0.171042711　C=0.091318931　tab6_burden=0.40712387
     ×1   S_max=53.775171264　A=2.042876816　B=0.171042711　C=0.091318931　tab6_burden=0.40712387
     ×1   S_max=60.304750581　A=1.736445293　B=0.171042711　C=0.091318931　tab6_burden=0.40712387
     ×1   S_max=62.699413547　A=2.042876816　B=0.171042711　C=0.091318931　tab6_burden=0.40712387
     ×1   S_max=69.748105167　A=2.042876816　B=0.171042711　C=0.091318931　tab6_burden=0.40712387
     ×1   S_max=70.150555121　A=1.736445293　B=0.171042711　C=0.091318931　tab6_burden=0.40712387
     ×2   S_max=87.313031407　A=1.736445293　B=0.171042711　C=0.091318931　tab6_burden=0.40712387
  ── [3.5m] R2／實配　相異組合 15　呼叫 30 次　sha256 6203a7a21dc77997c7143c02064b123a696c6b59960b0c946671d8d94967dc11 ──
     ×2   S_max=42.953701571　A=1.838589134　B=0.171042711　C=0.091318931　tab6_burden=0.40712387
     ×2   S_max=44.573094548　A=1.838589134　B=0.171042711　C=0.091318931　tab6_burden=0.40712387
     ×2   S_max=47.890719461　A=1.838589134　B=0.171042711　C=0.091318931　tab6_burden=0.40712387
     ×2   S_max=51.224334361　A=1.838589134　B=0.171042711　C=0.091318931　tab6_burden=0.40712387
     ×2   S_max=52.707372616　A=1.838589134　B=0.171042711　C=0.091318931　tab6_burden=0.40712387
     ×2   S_max=62.511521002　A=1.838589134　B=0.171042711　C=0.091318931　tab6_burden=0.40712387
     ×2   S_max=63.85067432　A=1.838589134　B=0.171042711　C=0.091318931　tab6_burden=0.40712387
     ×2   S_max=72.616987118　A=1.838589134　B=0.171042711　C=0.091318931　tab6_burden=0.40712387
     ×2   S_max=77.903171893　A=1.838589134　B=0.171042711　C=0.091318931　tab6_burden=0.40712387
     ×2   S_max=79.91238253　A=1.838589134　B=0.171042711　C=0.091318931　tab6_burden=0.40712387
     ×2   S_max=79.918479826　A=1.838589134　B=0.171042711　C=0.091318931　tab6_burden=0.40712387
     ×2   S_max=86.590189446　A=1.838589134　B=0.171042711　C=0.091318931　tab6_burden=0.40712387
     ×2   S_max=87.250197463　A=1.838589134　B=0.171042711　C=0.091318931　tab6_burden=0.40712387
     ×2   S_max=91.331373093　A=1.838589134　B=0.171042711　C=0.091318931　tab6_burden=0.40712387
     ×2   S_max=91.331547294　A=1.838589134　B=0.171042711　C=0.091318931　tab6_burden=0.40712387
  ── [3.5m] R3／實配　相異組合 14　呼叫 28 次　sha256 8a5783c9e6ef90b38e27d142ebac137dd05e1cfeb8a17a87adc62374a8dd1d48 ──
     ×2   S_max=42.104770331　A=1.940732975　B=0.171042711　C=0.091318931　tab6_burden=0.40712387
     ×2   S_max=52.307512908　A=1.940732975　B=0.171042711　C=0.091318931　tab6_burden=0.40712387
     ×2   S_max=53.756500614　A=1.940732975　B=0.171042711　C=0.091318931　tab6_burden=0.40712387
     ×2   S_max=58.324203469　A=1.940732975　B=0.171042711　C=0.091318931　tab6_burden=0.40712387
     ×2   S_max=59.751059051　A=1.940732975　B=0.171042711　C=0.091318931　tab6_burden=0.40712387
     ×2   S_max=60.332882503　A=1.940732975　B=0.171042711　C=0.091318931　tab6_burden=0.40712387
     ×2   S_max=61.778458462　A=1.940732975　B=0.171042711　C=0.091318931　tab6_burden=0.40712387
     ×2   S_max=67.96096016　A=1.940732975　B=0.171042711　C=0.091318931　tab6_burden=0.40712387
     ×2   S_max=69.760975567　A=1.940732975　B=0.171042711　C=0.091318931　tab6_burden=0.40712387
     ×2   S_max=73.028165848　A=1.940732975　B=0.171042711　C=0.091318931　tab6_burden=0.40712387
     ×2   S_max=74.687482475　A=1.940732975　B=0.171042711　C=0.091318931　tab6_burden=0.40712387
     ×2   S_max=77.959072744　A=1.940732975　B=0.171042711　C=0.091318931　tab6_burden=0.40712387
     ×2   S_max=83.67591394　A=1.940732975　B=0.171042711　C=0.091318931　tab6_burden=0.40712387
     ×2   S_max=84.70244774　A=1.649623029　B=0.171042711　C=0.091318931　tab6_burden=0.40712387
  ── [3.5m] R4／實配　相異組合 2　呼叫 4 次　sha256 ea7c4731e700865f4fbf412d51fad0e5a880cfd4a33906914f8b9e9fbbc4d712 ──
     ×2   S_max=52.581657025　A=1.736445293　B=0.171042711　C=0.091318931　tab6_burden=0.40712387
     ×2   S_max=98.89378086　A=1.736445293　B=0.171042711　C=0.091318931　tab6_burden=0.40712387
  ── [3.5m] R5／實配　相異組合 18　呼叫 24 次　sha256 bc3995727a0c99f980d58862436f9c8ab8921bb7b875d88fcc0f0d53298113e9 ──
     ×1   S_max=31.677639574　A=1.940732975　B=0.171042711　C=0.091318931　tab6_burden=0.40712387
     ×1   S_max=31.744969755　A=1.940732975　B=0.171042711　C=0.091318931　tab6_burden=0.40712387
     ×1   S_max=41.92953517　A=1.940732975　B=0.171042711　C=0.091318931　tab6_burden=0.40712387
     ×1   S_max=42.159192637　A=1.940732975　B=0.171042711　C=0.091318931　tab6_burden=0.40712387
     ×1   S_max=42.226847346　A=1.940732975　B=0.171042711　C=0.091318931　tab6_burden=0.40712387
     ×1   S_max=42.836018693　A=1.940732975　B=0.171042711　C=0.091318931　tab6_burden=0.40712387
     ×1   S_max=51.77373454　A=1.940732975　B=0.171042711　C=0.091318931　tab6_burden=0.40712387
     ×1   S_max=53.317766001　A=1.940732975　B=0.171042711　C=0.091318931　tab6_burden=0.40712387
     ×1   S_max=54.892957141　A=1.649623029　B=0.171042711　C=0.091318931　tab6_burden=0.40712387
     ×1   S_max=62.255277942　A=1.940732975　B=0.171042711　C=0.091318931　tab6_burden=0.40712387
     ×1   S_max=65.374575705　A=1.649623029　B=0.171042711　C=0.091318931　tab6_burden=0.40712387
     ×1   S_max=65.374575705　A=1.940732975　B=0.171042711　C=0.091318931　tab6_burden=0.40712387
     ×2   S_max=65.727100667　A=1.940732975　B=0.171042711　C=0.091318931　tab6_burden=0.40712387
     ×2   S_max=72.474594205　A=1.940732975　B=0.171042711　C=0.091318931　tab6_burden=0.40712387
     ×2   S_max=78.098146996　A=1.940732975　B=0.171042711　C=0.091318931　tab6_burden=0.40712387
     ×2   S_max=79.284339236　A=1.940732975　B=0.171042711　C=0.091318931　tab6_burden=0.40712387
     ×2   S_max=84.140971627　A=1.940732975　B=0.171042711　C=0.091318931　tab6_burden=0.40712387
     ×2   S_max=84.141132114　A=1.940732975　B=0.171042711　C=0.091318931　tab6_burden=0.40712387
  ── [3.5m] R6／實配　相異組合 14　呼叫 28 次　sha256 4d5a5bf200ecd62e98adfa572643274ef92fd361cb5e0fd63a4fc84515eef861 ──
     ×2   S_max=41.729625864　A=1.838589134　B=0.171042711　C=0.091318931　tab6_burden=0.40712387
     ×2   S_max=48.628912135　A=1.838589134　B=0.171042711　C=0.091318931　tab6_burden=0.40712387
     ×2   S_max=50.830801843　A=1.838589134　B=0.171042711　C=0.091318931　tab6_burden=0.40712387
     ×2   S_max=51.030801843　A=1.838589134　B=0.171042711　C=0.091318931　tab6_burden=0.40712387
     ×2   S_max=51.230801843　A=1.838589134　B=0.171042711　C=0.091318931　tab6_burden=0.40712387
     ×2   S_max=51.324927499　A=1.838589134　B=0.171042711　C=0.091318931　tab6_burden=0.40712387
     ×2   S_max=51.330801843　A=1.838589134　B=0.171042711　C=0.091318931　tab6_burden=0.40712387
     ×2   S_max=58.551966888　A=1.838589134　B=0.171042711　C=0.091318931　tab6_burden=0.40712387
     ×2   S_max=63.100400689　A=1.838589134　B=0.171042711　C=0.091318931　tab6_burden=0.40712387
     ×2   S_max=66.375844428　A=1.838589134　B=0.171042711　C=0.091318931　tab6_burden=0.40712387
     ×2   S_max=81.125069291　A=1.838589134　B=0.171042711　C=0.091318931　tab6_burden=0.40712387
     ×2   S_max=82.626019552　A=1.838589134　B=0.171042711　C=0.091318931　tab6_burden=0.40712387
     ×2   S_max=85.699706694　A=1.562800764　B=0.171042711　C=0.091318931　tab6_burden=0.40712387
     ×2   S_max=85.854946733　A=1.562800764　B=0.171042711　C=0.091318931　tab6_burden=0.40712387
  ── [3.5m] (全案)／資格　相異組合 13　呼叫 66 次　sha256 10522ebb7c8044af937c68502395ee5c4b30c599c5704af757c270689e22674d ──
     ×15  S_max=100.027404484　A=1.838589134　B=0.171042711　C=0.091318931　tab6_burden=0.40712387
     ×2   S_max=85.854948797　A=1.562800764　B=0.171042711　C=0.091318931　tab6_burden=0.40712387
     ×9   S_max=85.854948797　A=1.838589134　B=0.171042711　C=0.091318931　tab6_burden=0.40712387
     ×3   S_max=87.313031407　A=1.736445293　B=0.171042711　C=0.091318931　tab6_burden=0.40712387
     ×2   S_max=87.313031407　A=2.042876816　B=0.171042711　C=0.091318931　tab6_burden=0.40712387
     ×3   S_max=87.715481361　A=1.736445293　B=0.171042711　C=0.091318931　tab6_burden=0.40712387
     ×2   S_max=87.715481361　A=2.042876816　B=0.171042711　C=0.091318931　tab6_burden=0.40712387
     ×1   S_max=92.799547299　A=1.649623029　B=0.171042711　C=0.091318931　tab6_burden=0.40712387
     ×11  S_max=92.799547299　A=1.940732975　B=0.171042711　C=0.091318931　tab6_burden=0.40712387
     ×1   S_max=96.803209695　A=1.649623029　B=0.171042711　C=0.091318931　tab6_burden=0.40712387
     ×13  S_max=96.803209695　A=1.940732975　B=0.171042711　C=0.091318931　tab6_burden=0.40712387
     ×2   S_max=98.717048399　A=1.736445293　B=0.171042711　C=0.091318931　tab6_burden=0.40712387
     ×2   S_max=98.89378086　A=1.736445293　B=0.171042711　C=0.091318931　tab6_burden=0.40712387
