================================================================================================================
【`W-G.9-20` §1】族②③ 之**百分點下界**（⛔ 零生產碼·只讀包裝）
🔴 **受詞 ＝ 百分點（側街負擔率）**，⛔ **不是面積**
================================================================================================================
  🔒 現行值之受詞（碼面逐字·⛔ 非我之轉述·⛔ 正面列舉受檢檔）：
     ① `app.py`｜`_select_pool_slot` docstring：『b＝forced **起始 W**』／『w_i（**⊥ALLOC、W 軸單位**）』
     ② `verify/stepg_pipeline.py`｜`'b': _b_L0`；`_b_L0 = _mp_base_W0(...)`
        → `return float(_k956_W_from_mp(_bp0, _mp, _adir, _dv))`　⇒ 🔴 **引擎已餵正典 `K-9-5-6` 直量**
     ③ `app.py`（`main()` 內）｜`'b': _left_buffer_S * _cos_dn`　#『Q2：b＝buffer_S×cos_dn **入 W 軸**』
     ④ `app.py`（`main()` 內）｜`_W_prev_left = (_left_buffer_S * _cos_dn) if _has_left_corner else 0.0`
     ⇒ **族②③ 之槽本即收垂距** ⇒ 與正典直量**同軸·可相減**。
     ⚠️ `W-G.9-19` 所讀之 `left_cum_S = buf`（沿 `s`）係 **族①** 之槽。
     🔴 **②與③不同源** ⇒ `GB-62` 之碼面實例（`main()` 內敘述不被 `run_all` 執行）。

================================================================================================================
【情境 0m】　🔴 **受詞 ＝ 百分點（側街負擔率）**，⛔ **不是面積**
================================================================================================================
  run_step_g ⇒ RuntimeError: 🔴 結構閘 理論＝實跑 破：街廓 R1 left 側 理論@k*=97.18 ≠ 實跑(階段1)=100.02（Δ=2.837 >0.1）｜參考 ΣΔ_i=+0.000（**⛔ 未用於本式**·實測反證見碼註）｜逐界面：[Δ_i·R1·left] 628-37
  `_select_pool_slot` 之只讀記錄 ＝ **1** 次呼叫

  ── 母體（判準：`b_舊 ≠ 0` ⇒ 該側之族②③ 起始 W 非零）──
  🔴 第 0 筆：街廓識別**非唯一**（命中 0）⇒ ⛔ 不得用作鍵
          🔍 raw｜L ＝ {'has': True, 'F': 33.24676853950616, 'l1': 1.0, 'b': 0.1618772119011016}
          🔍 raw｜R ＝ {'has': True, 'F': 33.27018711216929, 'l1': 1.0, 'b': -0.2005692029254842}
          🔍 diag 之街廓 ＝ []　⚠️ 空 ⇒ 診斷欄係 `main()` 內之敘述，**harness 路徑不執行**
          🔍 k956 尾 4 筆 ＝ [0.1618772119011016, -0.2005692029254842]
          🔒 **實測錨**：`b_L` ＝ 0.1618772119011016 ∈ k956 輸出？✅｜`b_R` ＝ -0.2005692029254842 ∈ k956 輸出？✅
          ⇒ **引擎之 `b` 即正典 `K-9-5-6` 直量（垂距）**，⛔ 非沿 `s` 之量 ⇒ `W-G.9-19` `D3` 之「不同軸」**證偽**。
          🔒 判別力自檢：以**必不命中**之值（`bL + 1.0`）試 ⇒ ✅ 不命中 ⇒ 上式非恆真
     ⇒ **母體 ＝ 0 街廓**（b 皆 0 而排除 0 筆｜🔴 識別失敗 1 筆）
  🔴 **無從判定** ⇒ ⛔ 本情境⛔ 不得出艙任何下界數字（⛔ 非『下界 ＝ 0』）

================================================================================================================
【情境 3.5m】　🔴 **受詞 ＝ 百分點（側街負擔率）**，⛔ **不是面積**
================================================================================================================
  run_step_g ⇒ RuntimeError: 🔴 結構閘 理論＝實跑 破：街廓 R1 left 側 理論@k*=96.30 ≠ 實跑(階段1)=98.75（Δ=2.446 >0.1）｜參考 ΣΔ_i=+0.000（**⛔ 未用於本式**·實測反證見碼註）｜逐界面：[Δ_i·R1·left] （無界面）
  `_select_pool_slot` 之只讀記錄 ＝ **1** 次呼叫

  ── 母體（判準：`b_舊 ≠ 0` ⇒ 該側之族②③ 起始 W 非零）──
  🔴 第 0 筆：街廓識別**非唯一**（命中 0）⇒ ⛔ 不得用作鍵
          🔍 raw｜L ＝ {'has': True, 'F': 33.24676853950616, 'l1': 1.0, 'b': 0.1618772119011016}
          🔍 raw｜R ＝ {'has': True, 'F': 33.27018711216929, 'l1': 1.0, 'b': -0.2005692029254842}
          🔍 diag 之街廓 ＝ []　⚠️ 空 ⇒ 診斷欄係 `main()` 內之敘述，**harness 路徑不執行**
          🔍 k956 尾 4 筆 ＝ [0.1618772119011016, -0.2005692029254842]
          🔒 **實測錨**：`b_L` ＝ 0.1618772119011016 ∈ k956 輸出？✅｜`b_R` ＝ -0.2005692029254842 ∈ k956 輸出？✅
          ⇒ **引擎之 `b` 即正典 `K-9-5-6` 直量（垂距）**，⛔ 非沿 `s` 之量 ⇒ `W-G.9-19` `D3` 之「不同軸」**證偽**。
          🔒 判別力自檢：以**必不命中**之值（`bL + 1.0`）試 ⇒ ✅ 不命中 ⇒ 上式非恆真
     ⇒ **母體 ＝ 0 街廓**（b 皆 0 而排除 0 筆｜🔴 識別失敗 1 筆）
  🔴 **無從判定** ⇒ ⛔ 本情境⛔ 不得出艙任何下界數字（⛔ 非『下界 ＝ 0』）

================================================================================================================
【總結】　🔴 **受詞 ＝ 百分點（側街負擔率）**，⛔ **不是面積**
================================================================================================================
  0m    🔴 **無從判定**——⛔ 不得讀作『下界 ＝ 0』（見上之識別失敗）
  3.5m  🔴 **無從判定**——⛔ 不得讀作『下界 ＝ 0』（見上之識別失敗）

  ══ 🔴 **本批未量得下界之<u>值</u>——成因具名** ══
     `run_step_g` 於**第一個街廓 `R1`** 即撞結構閘 `理論＝實跑` 而拋
     ⇒ `_select_pool_slot` **全程只被呼叫 1 次**（見上「只讀記錄」）
     ⇒ 目標三格（`R5/left`、`R2/left`、`R3/right`·`W-G.9-19` `D1` 之母體）**從未被跑到**。
     🔴 ⛔ **「未量得」≠「量得為 0」**——本探針之出艙碼已分開（`無從判定` vs `判準下為 0`）。
     ⚠️ 該閘即 `W-G.9-14` 所分解者；其修法（校回起點）已呈 KL、**本批⛔ 未動**。

  🔴 **若量得，其受詞為<u>百分點</u>**：只含族②③（起算），⛔ **未含族①（落位）之面積效果**。
  🔴 ⛔ **不得與面積並列、不得讀成區間**。
  ⚠️ 施工單 §4 新 E 所載之『8.6〜8.9 個百分點』係 **【單】**（倉內查無）
     ⇒ 🔴 **本批⛔ 未能將其轉為【倉】**，⛔ 下游文件不得引用為事實。
