==============================================================================================================================================================================================
【K-9-6-b 量測對象】「宗地多邊形之弦」（現行） vs 「帶 ∩ 二側境界線·無限直線」（正典） — ⛔ 只算不換·生產零變更·不設門檻
正典量法之二側境界線 ＝ 宗地環上**與前緣邊段相鄰之二邊**所在之無限直線（⛔ 不依宗別取名·另附 `∥alloc` 佐證欄·該欄不驅動分支）
==============================================================================================================================================================================================

【A】母體：`推進側別 ∈ {'left','right'}`（同 `probe_K9_6_parcel_band.py`）
----------------------------------------------------------------------------------------------------------------------------------------------------------------------------------------------
  納入母體：**118** 列（兩情境合計）
    剔除 0m     推進側別＝`抵費地`：9 列
    剔除 3.5m   推進側別＝`抵費地`：11 列

【B】逐宗：四欄寬度（**全精度**）
----------------------------------------------------------------------------------------------------------------------------------------------------------------------------------------------
情境    街廓   gid          側            t_lo   t_hi_舊     t_hi_新        現行×舊帶        現行×新帶        正典×舊帶        正典×新帶         Δ正典     ∥alloc  類別
----------------------------------------------------------------------------------------------------------------------------------------------------------------------------------------------
0m    R1   628-37(1)    left    — N/A·豁免中（K-4 面積門檻·街角宗不進量測·GB-39／段六）
0m    R1   628-35(2)    left     0.000077    14.00  33.153872    18.102711    15.437051    18.102711    18.102711    0.00e+00  6.169e-12  雙側∥alloc
0m    R1   628(5)       right   — N/A·豁免中（K-4 面積門檻·街角宗不進量測·GB-39／段六）
0m    R1   628-34(3)    right    0.000247    14.00  33.131047     2.595850        raise     2.595850     2.595850    0.00e+00  4.295e-12  雙側∥alloc
0m    R1   628-36(1)    right    0.000240    14.00  33.132108    17.995272    15.323332    17.995272    17.995272   -4.46e-11  4.295e-12  雙側∥alloc
0m    R2   628-40(1)    left    — N/A·豁免中（K-4 面積門檻·街角宗不進量測·GB-39／段六）
0m    R2   628-42(1)    left     0.000004    14.00  44.871886     0.105847     0.105847     0.105847     0.105847    0.00e+00  2.183e-12  雙側∥alloc
0m    R2   628-41(1)    left     0.000004    14.00  44.832239     4.076722     4.076722     4.076722     4.076722   -1.72e-10  3.378e-12  雙側∥alloc
0m    R2   628-27(1)    left     0.000003    14.00  44.825830     0.659028     0.659028     0.659028     0.659028   -1.76e-10  3.742e-12  雙側∥alloc
0m    R2   628-43(1)    left     0.000003    14.00  44.825772     0.005976     0.005976     0.005976     0.005976    0.00e+00  1.934e-12  雙側∥alloc
0m    R2   628-30(2)    left     0.000003    14.00  44.806936     1.936860     1.936860     1.936860     1.936860    0.00e+00  3.957e-12  雙側∥alloc
0m    R2   628-39(1)    left     0.000003    14.00  44.756899     5.145016     5.145016     5.145016     5.145016    0.00e+00  3.166e-12  雙側∥alloc
0m    R2   628-31(2)    left     0.000003    14.00  44.671775     8.752926     8.752926     8.752926     8.752926    0.00e+00  1.779e-12  雙側∥alloc
0m    R2   628-35(1)    right    0.000000    14.00  43.979378     1.338937     1.338937     1.338937     1.338937    0.00e+00  7.522e-08  非雙側∥alloc
0m    R2   628-34(1)    right    0.000000    14.00  43.992400     9.803894     9.803894     9.803894     9.803894    0.00e+00  2.161e-12  雙側∥alloc
0m    R2   628-49(1)    right    0.000000    14.00  44.087745     1.483088     1.483088     1.483088     1.483088    0.00e+00  6.034e-12  雙側∥alloc
0m    R2   628-50(1)    right    0.000001    14.00  44.102168     3.333518     3.333518     3.333518     3.333518   -7.44e-11  5.299e-12  雙側∥alloc
0m    R2   628-51(1)    right    0.000001    14.00  44.134588     3.317415     3.317415     3.317415     3.317415   -6.30e-11  2.840e-12  雙側∥alloc
0m    R2   628-52(1)    right    0.000001    14.00  44.166850     1.619297     1.619297     1.619297     1.619297   -1.29e-11  7.617e-13  雙側∥alloc
0m    R2   628-32(2)    right    0.000001    14.00  44.182599     9.872877     9.872877     9.872877     9.872877   -1.16e-10  3.481e-12  雙側∥alloc
0m    R4   628(1)       left    — N/A·豁免中（K-4 面積門檻·街角宗不進量測·GB-39／段六）
0m    R4   628-1(1)     right   — N/A·豁免中（K-4 面積門檻·街角宗不進量測·GB-39／段六）
0m    R6   628(2)       left     0.000000    14.00  47.589738     0.155240        raise     0.155240     0.155240    0.00e+00  1.222e-12  雙側∥alloc
0m    R6   628-1(2)     left     0.000000    14.00  47.436140     3.073687     1.625641     3.073687     3.073687   -9.30e-11  1.543e-12  雙側∥alloc
0m    R6   628-23(1)    left     0.000000    14.00  47.361135     1.500950     0.055196     1.500950     1.500950    0.00e+00  2.224e-12  雙側∥alloc
0m    R6   628-4(1)     left     0.000001    14.00  46.624089    14.749225    13.325990    14.749225    14.749225    0.00e+00  5.487e-12  雙側∥alloc
0m    R6   628-22(1)    left     0.000002    14.00  46.460409     3.275444     1.857211     3.275444     3.275444   -1.17e-10  5.487e-12  雙側∥alloc
0m    R6   628-21(1)    left     0.000002    14.00  46.233115     4.548436     3.137148     4.548436     4.548436   -1.83e-10  3.730e-12  雙側∥alloc
0m    R6   628-18(1)    right   — N/A·豁免中（K-4 面積門檻·街角宗不進量測·GB-39／段六）
0m    R6   628-53(1)    right    0.000005    14.00  43.668018     0.005874        raise     0.005874     0.005874   -1.63e-11  1.231e-12  雙側∥alloc
0m    R6   628-38(1)    right    0.000005    14.00  43.668312     2.696407     1.363485     2.696407     2.696407   -6.90e-11  1.624e-12  雙側∥alloc
0m    R6   628-7(1)     right    0.000005    14.00  43.803056     6.899231     5.562192     6.899231     6.899231   -1.56e-11  2.144e-12  雙側∥alloc
0m    R6   628-20(1)    right    0.000005    14.00  44.147824     7.677792     6.330219     7.677792     7.677792    0.00e+00  2.144e-12  雙側∥alloc
0m    R5   628-7(2)     left    — N/A·豁免中（K-4 面積門檻·街角宗不進量測·GB-39／段六）
0m    R5   628-53(2)    left     0.000000    14.00  43.799567     0.035288        raise     0.035288     0.035288    0.00e+00  3.567e-12  雙側∥alloc
0m    R5   628-18(2)    left     0.000000    14.00  43.801236     4.847152     2.864282     4.847152     4.847152    0.00e+00  1.740e-12  雙側∥alloc
0m    R5   628-45(1)    left     0.000000    14.00  44.030468     1.183778        raise     1.183778     1.183778    0.00e+00  2.984e-12  雙側∥alloc
0m    R5   628-20(2)    left     0.000000    14.00  44.086451     6.607535     4.611754     6.607535     6.607535   -1.05e-10  2.984e-12  雙側∥alloc
0m    R5   628-30(1)    left     0.000000    14.00  44.398935     0.355230        raise     0.355230     0.355230   -6.00e-11  2.444e-12  雙側∥alloc
0m    R5   628-21(2)    left     0.000000    14.00  44.415735    10.558490     8.547803    10.558490    10.558490    0.00e+00  2.444e-12  雙側∥alloc
0m    R5   628(3)       right    0.000000    14.00  47.702741     3.119562     0.960077     3.119562     3.119560   -2.24e-06  6.601e-08  非雙側∥alloc
0m    R5   628-23(2)    right    0.000000    14.00  47.280066     8.937543     6.797194     8.937543     8.937543    0.00e+00  1.871e-12  雙側∥alloc
0m    R5   628-22(2)    right    0.000000    14.00  46.755541    11.091182     8.974577    11.091182    11.091182   -2.84e-13  1.088e-12  雙側∥alloc
0m    R5   628-32(1)    right    0.000000    14.00  46.752340     0.067697        raise     0.067697     0.067697    0.00e+00  4.821e-12  雙側∥alloc
0m    R5   628-31(1)    right    0.000000    14.00  46.741476     0.229709        raise     0.229709     0.229709   -3.74e-11  4.821e-12  雙側∥alloc
0m    R3   628(4)       left     0.000000    14.00  43.768739     1.026682        raise     1.026682     1.026682    0.00e+00  3.259e-12  雙側∥alloc
0m    R3   628-34(2)    left     0.000000    14.00  43.781117     5.716866     2.187683     5.716866     5.716866   -2.44e-10  4.850e-12  雙側∥alloc
0m    R3   628-47(1)    left     0.000000    14.00  43.850042     3.271751        raise     3.271751     3.271751    0.00e+00  4.850e-12  雙側∥alloc
0m    R3   628-46(1)    left     0.000000    14.00  43.889487     1.659240        raise     1.659240     1.659240   -7.04e-11  3.160e-12  雙側∥alloc
0m    R3   628-48(1)    left     0.000000    14.00  43.909492     3.267342        raise     3.267342     3.267342    0.00e+00  3.160e-12  雙側∥alloc
0m    R3   628-49(2)    left     0.000000    14.00  43.948884     1.800008        raise     1.800008     1.800008   -2.96e-11  7.034e-13  雙側∥alloc
0m    R3   628-32(3)    left     0.000000    14.00  43.970585     9.580660     6.036201     9.580660     9.580660   -1.23e-10  4.346e-12  雙側∥alloc
0m    R3   628-42(2)    right    0.000001    14.00  44.829797     1.831114        raise     1.831114     1.831114    0.00e+00  7.720e-01  非雙側∥alloc
0m    R3   628-27(2)    right    0.000001    14.00  44.822795     0.580749        raise     0.580749     0.580749    0.00e+00  3.799e-12  雙側∥alloc
0m    R3   628-28(1)    right    0.000001    14.00  44.805669     1.420488        raise     1.420488     1.420488   -3.15e-10  6.329e-12  雙側∥alloc
0m    R3   628-45(2)    right    0.000001    14.00  44.750775     4.553094     0.945749     4.553094     4.553094   -4.62e-11  1.735e-12  雙側∥alloc
0m    R3   628-29(1)    right    0.000001    14.00  44.733381     1.442718        raise     1.442718     1.442718   -2.10e-10  7.376e-12  雙側∥alloc
0m    R3   628-30(3)    right    0.000001    14.00  44.610864    10.162028     6.565956    10.162028    10.162028    0.00e+00  2.110e-12  雙側∥alloc
0m    R3   628-31(3)    right    0.000001    14.00  44.507733     8.554060     4.966302     8.554060     8.554060    0.00e+00  2.703e-12  雙側∥alloc
3.5m  R1   628-36(1)    left    — N/A·豁免中（K-4 面積門檻·街角宗不進量測·GB-39／段六）
3.5m  R1   628(5)       right   — N/A·豁免中（K-4 面積門檻·街角宗不進量測·GB-39／段六）
3.5m  R1   628-34(3)    right    0.000247    14.00  33.131047     2.595912        raise     2.595912     2.595912   -6.96e-13  2.257e-12  雙側∥alloc
3.5m  R1   628-37(1)    right    0.000240    14.00  33.132108     6.529796     3.857856     6.529796     6.529796   -8.63e-11  2.258e-12  雙側∥alloc
3.5m  R1   628-35(2)    right    0.000220    14.00  33.134775    18.487961    15.816740    18.487961    18.487961    0.00e+00  2.814e-12  雙側∥alloc
3.5m  R2   628-42(1)    left     0.000003    14.00  44.850105     0.106345     0.106345     0.106345     0.106345    0.00e+00  5.739e-12  雙側∥alloc
3.5m  R2   628-41(1)    left     0.000003    14.00  44.810230     4.100183     4.100183     4.100183     4.100183    0.00e+00  6.961e-12  雙側∥alloc
3.5m  R2   628-27(1)    left     0.000003    14.00  44.803783     0.662878     0.662878     0.662878     0.662878   -6.84e-11  3.536e-12  雙側∥alloc
3.5m  R2   628-40(1)    left     0.000003    14.00  44.738257     6.737737     6.737737     6.737737     6.737737   -2.10e-10  5.482e-12  雙側∥alloc
3.5m  R2   628-43(1)    left     0.000003    14.00  44.738199     0.005953     0.005953     0.005953     0.005953    0.00e+00  5.482e-12  雙側∥alloc
3.5m  R2   628-30(2)    left     0.000003    14.00  44.718651     2.009996     2.009996     2.009996     2.009996    0.00e+00  1.321e-12  雙側∥alloc
3.5m  R2   628-39(1)    left     0.000003    14.00  44.667221     5.288317     5.288317     5.288317     5.288317    0.00e+00  7.157e-12  雙側∥alloc
3.5m  R2   628-31(2)    left     0.000003    14.00  44.581933     8.769710     8.769710     8.769710     8.769710   -3.05e-10  6.214e-12  雙側∥alloc
3.5m  R2   628-35(1)    right    0.000000    14.00  43.979378     1.339157     1.339157     1.339157     1.339157    0.00e+00  7.522e-08  非雙側∥alloc
3.5m  R2   628-34(1)    right    0.000000    14.00  43.992402     9.804188     9.804188     9.804188     9.804188    0.00e+00  4.316e-12  雙側∥alloc
3.5m  R2   628-49(1)    right    0.000000    14.00  44.087750     1.482889     1.482889     1.482889     1.482889    0.00e+00  7.110e-12  雙側∥alloc
3.5m  R2   628-50(1)    right    0.000001    14.00  44.102171     3.333508     3.333508     3.333508     3.333508    0.00e+00  2.953e-12  雙側∥alloc
3.5m  R2   628-51(1)    right    0.000001    14.00  44.134590     3.317410     3.317410     3.317410     3.317410    0.00e+00  2.337e-12  雙側∥alloc
3.5m  R2   628-52(1)    right    0.000001    14.00  44.166853     1.619671     1.619671     1.619671     1.619671   -2.55e-10  6.065e-12  雙側∥alloc
3.5m  R2   628-32(2)    right    0.000001    14.00  44.182605     9.872715     9.872715     9.872715     9.872715    0.00e+00  6.065e-12  雙側∥alloc
3.5m  R4   628(1)       left    — N/A·豁免中（K-4 面積門檻·街角宗不進量測·GB-39／段六）
3.5m  R4   628-1(1)     right   — N/A·豁免中（K-4 面積門檻·街角宗不進量測·GB-39／段六）
3.5m  R6   628(2)       left     0.000000    14.00  47.589738     0.155240        raise     0.155240     0.155240    0.00e+00  1.222e-12  雙側∥alloc
3.5m  R6   628-1(2)     left     0.000000    14.00  47.436140     3.073687     1.625641     3.073687     3.073687   -9.30e-11  1.543e-12  雙側∥alloc
3.5m  R6   628-23(1)    left     0.000000    14.00  47.361135     1.500950     0.055196     1.500950     1.500950    0.00e+00  2.224e-12  雙側∥alloc
3.5m  R6   628-4(1)     left     0.000001    14.00  46.624089    14.749225    13.325990    14.749225    14.749225    0.00e+00  5.487e-12  雙側∥alloc
3.5m  R6   628-22(1)    left     0.000002    14.00  46.460409     3.275444     1.857211     3.275444     3.275444   -1.17e-10  5.487e-12  雙側∥alloc
3.5m  R6   628-21(1)    left     0.000002    14.00  46.233115     4.548436     3.137148     4.548436     4.548436   -1.83e-10  3.730e-12  雙側∥alloc
3.5m  R6   628-18(1)    right   — N/A·豁免中（K-4 面積門檻·街角宗不進量測·GB-39／段六）
3.5m  R6   628-53(1)    right    0.000005    14.00  43.668018     0.005874        raise     0.005874     0.005874   -1.63e-11  1.231e-12  雙側∥alloc
3.5m  R6   628-38(1)    right    0.000005    14.00  43.668312     2.696407     1.363485     2.696407     2.696407   -6.90e-11  1.624e-12  雙側∥alloc
3.5m  R6   628-7(1)     right    0.000005    14.00  43.803056     6.899231     5.562192     6.899231     6.899231   -1.56e-11  2.144e-12  雙側∥alloc
3.5m  R6   628-20(1)    right    0.000005    14.00  44.147824     7.677792     6.330219     7.677792     7.677792    0.00e+00  2.144e-12  雙側∥alloc
3.5m  R5   628-53(2)    left     0.000000    14.00  43.948215     0.035252        raise     0.035252     0.035252   -8.33e-11  3.721e-12  雙側∥alloc
3.5m  R5   628-18(2)    left     0.000000    14.00  43.949882     4.867413     2.877814     4.867413     4.867413    0.00e+00  5.348e-12  雙側∥alloc
3.5m  R5   628-45(1)    left     0.000000    14.00  44.180072     1.188335        raise     1.188335     1.188335   -1.64e-11  3.871e-12  雙側∥alloc
3.5m  R5   628-7(2)     left     0.000000    14.00  44.236271     5.666749     3.664186     5.666749     5.666749    0.00e+00  3.892e-12  雙側∥alloc
3.5m  R5   628-20(2)    left     0.000000    14.00  44.504263     6.735832     4.721137     6.735832     6.735832   -2.21e-10  6.213e-12  雙側∥alloc
3.5m  R5   628-30(1)    left     0.000000    14.00  44.822815     0.352140        raise     0.352140     0.352140    0.00e+00  5.694e-12  雙側∥alloc
3.5m  R5   628-21(2)    left     0.000000    14.00  44.839468    10.463824     8.433956    10.463824    10.463824   -1.72e-10  5.694e-12  雙側∥alloc
3.5m  R5   628(3)       right    0.000000    14.00  47.702757     3.119229     0.959743     3.119229     3.119226   -2.24e-06  6.601e-08  非雙側∥alloc
3.5m  R5   628-23(2)    right    0.000000    14.00  47.280088     8.937411     6.797061     8.937411     8.937411   -5.02e-11  1.266e-12  雙側∥alloc
3.5m  R5   628-22(2)    right    0.000000    14.00  46.755570    11.091048     8.974442    11.091048    11.091048    0.00e+00  1.266e-12  雙側∥alloc
3.5m  R5   628-32(1)    right    0.000000    14.00  46.752382     0.067409        raise     0.067409     0.067409   -1.96e-10  4.723e-12  雙側∥alloc
3.5m  R5   628-31(1)    right    0.000000    14.00  46.741519     0.229683        raise     0.229683     0.229683    0.00e+00  4.723e-12  雙側∥alloc
3.5m  R3   628(4)       left     0.000000    14.00  43.768739     1.026567        raise     1.026567     1.026567    0.00e+00  1.889e-12  雙側∥alloc
3.5m  R3   628-34(2)    left     0.000000    14.00  43.781116     5.716710     2.187528     5.716710     5.716710    0.00e+00  2.404e-12  雙側∥alloc
3.5m  R3   628-47(1)    left     0.000000    14.00  43.850038     3.271718        raise     3.271718     3.271718   -1.26e-10  2.726e-12  雙側∥alloc
3.5m  R3   628-46(1)    left     0.000000    14.00  43.889483     1.659515        raise     1.659515     1.659515    0.00e+00  2.726e-12  雙側∥alloc
3.5m  R3   628-48(1)    left     0.000000    14.00  43.909491     3.267516        raise     3.267516     3.267516    0.00e+00  9.067e-13  雙側∥alloc
3.5m  R3   628-49(2)    left     0.000000    14.00  43.948886     1.799873        raise     1.799873     1.799873   -8.69e-11  1.969e-12  雙側∥alloc
3.5m  R3   628-32(3)    left     0.000000    14.00  43.970586     9.580655     6.036196     9.580655     9.580655    0.00e+00  5.300e-12  雙側∥alloc
3.5m  R3   628-42(2)    right    0.000001    14.00  44.787325     1.919750        raise     1.919750     1.919750    0.00e+00  4.315e-12  雙側∥alloc
3.5m  R3   628-27(2)    right    0.000001    14.00  44.780263     0.585745        raise     0.585745     0.585745   -5.41e-11  4.554e-12  雙側∥alloc
3.5m  R3   628-28(1)    right    0.000001    14.00  44.762966     1.434681        raise     1.434681     1.434681    0.00e+00  4.554e-12  雙側∥alloc
3.5m  R3   628-45(2)    right    0.000001    14.00  44.707575     4.594287     0.990424     4.594287     4.594287    0.00e+00  4.448e-12  雙側∥alloc
3.5m  R3   628-29(1)    right    0.000001    14.00  44.689851     1.470081        raise     1.470081     1.470081   -9.84e-11  2.422e-12  雙側∥alloc
3.5m  R3   628-30(3)    right    0.000001    14.00  44.566306    10.247348     6.654868    10.247348    10.247348    0.00e+00  3.289e-12  雙側∥alloc
3.5m  R3   628-31(3)    right    0.000001    14.00  44.463076     8.562216     4.978058     8.562216     8.562216   -2.63e-10  4.339e-12  雙側∥alloc
----------------------------------------------------------------------------------------------------------------------------------------------------------------------------------------------
  街角宗 **12** 列記 `N/A·豁免中`（⛔ 未臆造數字）

【C】彙總（⛔ 皆為觀測·非門檻）
----------------------------------------------------------------------------------------------------------------------------------------------------------------------------------------------
  C-1 量得之宗：106 列（現行量法 × 新帶 raise 者 34 列，**正典量法於同一批全部量得**）
  C-2 **正典量法之帶深敏感度** max|正典×新帶 − 正典×舊帶| ＝ 2.243860e-06 m（0m R5/628(3)）
  C-3 **現行 vs 正典（同為舊帶）** max|正典×舊帶 − 現行×舊帶| ＝ 3.552714e-15 m（0m R6/628-21(1)）
  C-4 `∥alloc` 非零之宗（＝非雙側 ALLOC·末端塊等）：5 列
        0m    R2/628-35(1)（right）：sin ＝ 7.521597e-08｜正典 舊帶 1.338937 → 新帶 1.338937（Δ +0.000000e+00）
        0m    R5/628(3)（right）：sin ＝ 6.600925e-08｜正典 舊帶 3.119562 → 新帶 3.119560（Δ -2.243860e-06）
        0m    R3/628-42(2)（right）：sin ＝ 7.719565e-01｜正典 舊帶 1.831114 → 新帶 1.831114（Δ +0.000000e+00）
        3.5m  R2/628-35(1)（right）：sin ＝ 7.521597e-08｜正典 舊帶 1.339157 → 新帶 1.339157（Δ +0.000000e+00）
        3.5m  R5/628(3)（right）：sin ＝ 6.600925e-08｜正典 舊帶 3.119229 → 新帶 3.119226（Δ -2.243790e-06）

【D】跳過／raise 之列
----------------------------------------------------------------------------------------------------------------------------------------------------------------------------------------------
  （無）

【E】註記
  · ⛔ **本檔零生產變更**：未動 `app.py`、未動 `verify/` 既有檔、不接 `run_all`。
  · 帶之上緣**單一真相源** ＝ `app._n14_band_hi`（本檔逐字呼叫）；`_t_lo` 與之逐位元交叉核對。
  · ⛔ **本檔不設任何門檻、不作放行建議**——量測對象之裁定屬 KL。
