============================================================================================================
【丙組·`U5`】`_ctx["0m"]` 之 `KeyError` —— 構造定位（⛔ 只查不修）
============================================================================================================
  🔒 對照組自檢：`stepg_ctx` 之寫入 2 處（**已知存在**·須 >0）｜`ZZZ_不存在之變數` 0 處（**已知不存在**·須 ==0） ⇒ ✅ 綠

  ▸ **`stepg_ctx` 之寫入點**
      （整體賦值）｜stepg_ctx = {}
      （下標寫入）　⚠️ **位於 `try` body 內**｜stepg_ctx[tag] = {"g": g_tab, "sg": _sg, "params": param_by_tag[tag], "win": winners_state, "for
  ▸ **`_ctx` 之寫入點**
      （整體賦值）｜_f0 = _f1 = _f2 = _f3 = _f4 = _ctx = None
      （整體賦值）　⚠️ **位於 `try` body 內**｜_ctx = stepg_ctx["0m"]
      （整體賦值）　⚠️ **位於 `try` body 內**｜_ctx = {}
      （下標寫入）　⚠️ **位於 `try` body 內**｜_ctx[tag] = { "ns": ns, "fake_st": fake_st, "cb_by": cb_by, "cad": cad, "snap": snapshot, "omap"

  ▸ **`_ctx` 之下標讀取**（G.1 段之受詞）
      _ctx["0m"]
      _ctx[tag]
      _ctx["params"]
      _ctx["win"]
      _ctx["forced"]
      _ctx["sb"]
      _ctx["0m"]

  ── 🔴 成因（構造）───────────────────────────────────────────────────────
      ① `stepg_ctx` 初始為 `{}`；其**唯一**下標寫入位於 `try` body 內、且**排在 `run_step_g(...)` 之後**
         ⇒ `run_step_g` 一 raise，該寫入**從未執行** ⇒ `stepg_ctx` **恆為空**。
      ② F.0 段先 `_ctx = {}`，隨即之填充迴圈以 `raise RuntimeError("stepg_ctx[tag] 缺（trunk A 未成功？）")` 中止
         ⇒ `_ctx` **停在空 dict**（⛔ 非 `None`——`None` 會是 `TypeError`）。
      ③ G.1 段讀 `_ctx["0m"]` ⇒ **`KeyError: '0m'`**。
      ⇒ 🔒 **G.1 之 `KeyError` 是三段傳遞之後果，⛔ 非 G.1 自身缺陷**——與**考古 70**（寫入點排在 `raise` 下游、同一 `try`）**同族**。

  ── 運行期佐證（倉內長跑 log·⛔ 非本探針重跑）─────────────────────────
      `[StepG0m]` 於 `WG913_runall.log` 命中 1 次
      `[StepG3.5m]` 於 `WG913_runall.log` 命中 1 次
      `[G.1]` 於 `WG913_runall.log` 命中 1 次
      `stepg_ctx[` 於 `WG913_runall.log` 命中 4 次
      ⇒ [G.1] '0m'
      🔒 判別力自檢：以**必不存在**之字樣 `[ZZZ]` 重算 ⇒ 0 次（須 0 ⇒ 上式非恆命中）

============================================================================================================
【戊組·`U6`】三率錨之**翻點定位**（⛔ 只登記·不裁）
============================================================================================================
  🔒 母體 ＝ `verify/out/*.log` 共 **236** 檔（⛔ 正面列舉之目錄射程·**已扣除本探針自身之輸出 `probe_WG914_ctx_and_flip.log`**）
  🔒 對照組自檢：`✅ PASS` 命中 96 檔（已知為真·須 >0）｜〈哨兵·執行期組出·⛔ 不印其字面〉命中 0 檔（已知為偽·須 ==0） ⇒ ✅ 綠
  🔒 **全跑 log** ＝ 含收尾行 `W-V run_all:` 者 **88** 檔（⛔ 正面判準·非以檔名猜）；其中未入倉 0 檔

  ▸ 錨：`v3 重劃總負擔率錨`
      全跑 log 中：判定 `PASS` **74** 檔｜判定 `FAIL` **0** 檔
      🔴 **最後一次 `✅ PASS`**：f8b42fc|2026-08-08｜`D2_runall.log`
      🔴 **最早一次<u>完全不出現</u>**：021bca3|2026-08-08｜`D2b1_runall.log`
      ⇒ **翻點被夾在此二 commit 之間**；且本錨在倉內**從未出現 `FAIL` 判定**（0 檔）⇒ 其「翻」⛔ **不是 `PASS→FAIL`，而是 `PASS→<u>不再被評估</u>`**。
      ⚠️ ⇒ 解阻後若轉紅，**「基準過期 vs 算錯」之起算點 ＝ 上列最後一次 `PASS` 之 commit**；其後對產生路徑之觸及史即為候選成因清單。

  ▸ 錨：`v3 率分項錨`
      全跑 log 中：判定 `PASS` **74** 檔｜判定 `FAIL` **0** 檔
      🔴 **最後一次 `✅ PASS`**：f8b42fc|2026-08-08｜`D2_runall.log`
      🔴 **最早一次<u>完全不出現</u>**：021bca3|2026-08-08｜`D2b1_runall.log`
      ⇒ **翻點被夾在此二 commit 之間**；且本錨在倉內**從未出現 `FAIL` 判定**（0 檔）⇒ 其「翻」⛔ **不是 `PASS→FAIL`，而是 `PASS→<u>不再被評估</u>`**。
      ⚠️ ⇒ 解阻後若轉紅，**「基準過期 vs 算錯」之起算點 ＝ 上列最後一次 `PASS` 之 commit**；其後對產生路徑之觸及史即為候選成因清單。

  ▸ 錨：`v3 率用 DXF 公設實值`
      全跑 log 中：判定 `PASS` **74** 檔｜判定 `FAIL` **0** 檔
      🔴 **最後一次 `✅ PASS`**：f8b42fc|2026-08-08｜`D2_runall.log`
      🔴 **最早一次<u>完全不出現</u>**：021bca3|2026-08-08｜`D2b1_runall.log`
      ⇒ **翻點被夾在此二 commit 之間**；且本錨在倉內**從未出現 `FAIL` 判定**（0 檔）⇒ 其「翻」⛔ **不是 `PASS→FAIL`，而是 `PASS→<u>不再被評估</u>`**。
      ⚠️ ⇒ 解阻後若轉紅，**「基準過期 vs 算錯」之起算點 ＝ 上列最後一次 `PASS` 之 commit**；其後對產生路徑之觸及史即為候選成因清單。

  ── 現況（最近一次長跑 `WG913_runall.log`）────────────────────────────
      `v3 重劃總負擔率錨` 於其中命中 0 次（0 ⇒ **未被評估**·與上表之 PASS 史對照即為翻點之後側）
      `v3 率分項錨` 於其中命中 0 次（0 ⇒ **未被評估**·與上表之 PASS 史對照即為翻點之後側）
      `v3 率用 DXF 公設實值` 於其中命中 0 次（0 ⇒ **未被評估**·與上表之 PASS 史對照即為翻點之後側）
      🔒 判別力自檢：以**必然命中**之字樣 `✅ PASS` 重算 ⇒ 12 次（須 >0 ⇒ 上式非恆 0）

============================================================================================================
【判定】丙組 `U5` ＝ ✅ 已由構造定位｜戊組 `U6` ＝ 見上表
============================================================================================================
