========================================================================================================================================================================================================
【D-2b-12 §b0-2】`_block_strip` 橋接測試（**難幾何**·seed=20260809）
========================================================================================================================================================================================================

【0】容差同源交叉檢查
--------------------------------------------------------------------------------------------------------------------------------------------------------------------------------------------------------
  `app.py` `_STRIP_PARALLEL_TOL` ＝ 1e-06
  `verify/stepg_pipeline.py` `_PAR_TOL` ＝ 1e-06
  ⇒ ✅ **兩值相等**（1e-06 == 1e-06）

  難幾何母體 ＝ **4** 個不規則多邊形（非整數座標·⛔ 非軸對齊矩形）
    #0 頂點 7　面積 12345.373099　首頂點 (-121.186049, 30.115729)
    #1 頂點 9　面積 24042.364749　首頂點 (-11.161700, -14.477302)
    #2 頂點 8　面積 11021.867492　首頂點 (-92.228232, 305.994835)
    #3 頂點 9　面積 14395.124502　首頂點 (331.093260, 43.123536)

【1】同向委派**逐位等價**（`n_hat_far` 同向 vs `None`）
--------------------------------------------------------------------------------------------------------------------------------------------------------------------------------------------------------
  母體 ＝ **48** 例（⛔ 非空）
  **不逐位相同者 ＝ 0 例**　**最大絕對差 ＝ 0.0**
  ⇒ ✅ **0 例不同**（同向已委派回單線路徑）

  🔒 **修前／修後對拍**（§b0-2 第 1 項要求兩組數字皆入 log）
    **修前**：不同 **36** 例／最大絕對差 **1.8189894035458565e-12**　（出處 `verify/out/probe_D2b12_bridge_before.log`）
    **本次**：不同 **0** 例／最大絕對差 **0.0**

【2】委派門檻兩側（`|cross|` 略小／略大於 tol）
--------------------------------------------------------------------------------------------------------------------------------------------------------------------------------------------------------
  略小於 tol     |cross| ＝ 5.000000e-07　(tol=1e-06)　面積 ＝ 2177.6683891815064　vs None 2177.6683891815064　⇒ **走單線**（逐位==None）
  略大於 tol     |cross| ＝ 5.000000e-05　(tol=1e-06)　面積 ＝ 2177.6097427319764　vs None 2177.6683891815064　⇒ **走雙線**（≠None）
  ⇒ 期望：略小於 tol ⇒ 走單線；略大於 tol ⇒ 走雙線

【3】非同向鋪滿（**難幾何**·⛔ 未回矩形）
--------------------------------------------------------------------------------------------------------------------------------------------------------------------------------------------------------
  🔑 **前提（本批實測發現·⛔ 非原語缺陷）**：相鄰兩切線若**於街廓內相交**，
     其夾出之區域即非「帶」而是**楔形**，非相鄰片會**重疊** ⇒ 鋪滿不成立。
     ⇒ 切線帳（T2）**必須保證相鄰切線於街廓內不相交**。以下 A/B 兩組即其對照。

  ── 組 A 不相交（小角·寬間距）　角度 [0.0, 0.35, -0.28, 0.19]　相鄰線交點落於街廓內？ [False, False, False] ──
     三片 ＝ [10120.215291523, 5436.556855496, 7304.077475157]
     Σ ＝ 22860.849622177　整體 ＝ 22860.849622177　|Δ| ＝ 3.638e-12　✅
     片0∩片1 ＝ 6.064734675334935e-13　✅ ≤1e-9（**邊界浮點接觸·非真重疊**）
     片0∩片2 ＝ 0.0　✅ ==0.0
     片1∩片2 ＝ 0.0　✅ ==0.0

  ── 組 B 相交（大角）　角度 [0.0, 11.3, -7.9, 4.1]　相鄰線交點落於街廓內？ [False, False, False] ──
     三片 ＝ [10528.443097472, 5140.307069280, 6964.744813516]
     Σ ＝ 22633.494980268　整體 ＝ 22633.494980268　|Δ| ＝ 0.000e+00　✅
     片0∩片1 ＝ 1.1368683772161603e-12　✅ ≤1e-9（**邊界浮點接觸·非真重疊**）
     片0∩片2 ＝ 0.0　✅ ==0.0
     片1∩片2 ＝ 0.0　✅ ==0.0

  🛑 **本批實測到之真重疊（⛔ 未解·上呈）**：
     於**另一組隨機方位**（`d̂` 由 rng 取、poly#1）曾實測
     `Σ三片 21562.050911594` vs `整體 21550.442498803`（|Δ| **11.61**）、
     且 **片0∩片2 ＝ 11.608412791387508**（**非相鄰**片重疊）。
     ⚠️ 該組之 `相鄰線交點落於街廓內` 檢為 **False** ⇒ **「線相交」不是唯一成因**。
     🔑 推定（**未證·⛔ 不當結論**）：難幾何為**非凸**多邊形 ⇒
        `block ∩ hp⁺ ∩ hp⁻` 可切出**不連通**之片，非相鄰兩片各自吃到同一凹槽
        ⇒ 重疊。⇒ **T2 之切線帳除「不相交」外，尚須處置非凸街廓之不連通片**。
     ⛔ 本批不修（非本單授權）；列為 T2 之前提缺口。

【4】容差上界：`½·D²·tol` vs 覆蓋閘 `0.01`（六街廓**實測**直徑）
--------------------------------------------------------------------------------------------------------------------------------------------------------------------------------------------------------
  R4   D(bbox 對角) ＝   126.786665 m　½·D²·tol ＝ **8.037429e-03** ㎡　✅ < 0.01
  R6   D(bbox 對角) ＝   131.423448 m　½·D²·tol ＝ **8.636061e-03** ㎡　✅ < 0.01
  R5   D(bbox 對角) ＝   135.086994 m　½·D²·tol ＝ **9.124248e-03** ㎡　✅ < 0.01
  R2   D(bbox 對角) ＝   141.186192 m　½·D²·tol ＝ **9.966770e-03** ㎡　✅ < 0.01
  R3   D(bbox 對角) ＝   137.648158 m　½·D²·tol ＝ **9.473508e-03** ㎡　✅ < 0.01
  R1   D(bbox 對角) ＝   117.433082 m　½·D²·tol ＝ **6.895264e-03** ㎡　✅ < 0.01
  G1   D(bbox 對角) ＝   244.148385 m　½·D²·tol ＝ **2.980422e-02** ㎡　🔴 ≥ 0.01
  RD4  D(bbox 對角) ＝   208.496319 m　½·D²·tol ＝ **2.173536e-02** ㎡　🔴 ≥ 0.01
  RD3  D(bbox 對角) ＝   130.181828 m　½·D²·tol ＝ **8.473654e-03** ㎡　✅ < 0.01
  RD2  D(bbox 對角) ＝   141.386560 m　½·D²·tol ＝ **9.995080e-03** ㎡　✅ < 0.01
  RD1  D(bbox 對角) ＝   145.037145 m　½·D²·tol ＝ **1.051789e-02** ㎡　🔴 ≥ 0.01
  ⇒ 母體 ＝ **11** 個街廓（⛔ 非空）
  ⇒ **全母體**最劣上界 ＝ **2.980422e-02** ㎡　vs ①' 覆蓋閘 **0.01** ㎡　⇒ 🛑 **未能證明**
  🔑 **分層**：施工單受詞為「**六街廓**」＝ 走 `_block_strip` 之配地街廓 R1–R6（公設／道路街廓 G1／RD* **不進** `parcels_by_block` ⇒ **不切帶**）
     · **R1–R6（6 個）最劣 ＝ 9.966770e-03 ㎡（R2）**　⇒ ✅ **< 0.01·可證落於閘內**
     · ⚠️ **餘裕極薄**：R2 之上界為閘之 **99.7%**
     · 🛑 **非配地街廓超出者**：{'G1': '2.980e-02', 'RD4': '2.174e-02', 'RD1': '1.052e-02'}　——**本批不切其帶故不受影響**，但若日後對其切帶則此上界不成立 ⇒ **上呈**
  🔒 依據：兩線夾角 θ ≤ tol 時其間楔形面積 ≤ ½·D²·θ ≤ ½·D²·tol（`D` 取 bbox 對角 ⇒ **保守**）；體例比照 `_S_EPS` docstring 之論證。

========================================================================================================================================================================================================
