========================================================================================================================================================================================================
【W-G.9-78 §二 A 組】界面之同一性——`宗0×宗1` 為何為 `0`（⛔ 只量不修）
========================================================================================================================================================================================================
  產生於 commit：b0532e8
  環境：shapely 2.1.2 | GEOS (3, 13, 1)
  🔒 A-0 **事前選定**：偏向判為「**不同一**」——無法逐位證明同一者一律判不同一·具名。
  🔒 門檻：主判準 ＝ **方向逐位相同**；副 `TOL_ANG_DEG=1e-09°`／`TOL_DIST_M=1e-09 m`；併列 DXF 量子口徑 `q/10=1e-06 m`。由來見 docstring。
  🔒 界之取得：**甲法**（生產實參重建）為主、**乙法**（`cut_coords` 驗線）對拍。⛔ 乙法不產生方向。

【0】量測器自檢（⛔ 先自檢後量測·各項皆附**已知真／已知偽**對照）
--------------------------------------------------------------------------------------------------------------------------------------------------------------------------------------------------------
  ① 夾角(無向) ⊥=90.000000000000(期望90)／同向=0.000000000000(0)／反向=0.000000000000(0) ⇒ PASS
     對照(已知偽)：45° ⇒ 45.000000000（期望 45）
  ② 逐位相同：同值=True(期望True)／反向=True(期望True·同一條線)／**差 1 ulp**(5.551e-17)=False(期望False) ⇒ PASS
     🔒 負對照之擾動 ＝ **1 ulp**（`np.nextafter`）——⛔ 小於解析度之擾動使對照組恆真、無判別力。
  ③ 點到線垂距：離線 5 ⇒ 5.000000000000(期望5)／線上 ⇒ 0.000000000000(期望0) ⇒ PASS
  ④ 直線交點：⊥ 交 ⇒ [3.0, 0.0]（期望 [3,0]）／平行 ⇒ None（期望 None）⇒ PASS
  ⑤ 乙法驗線：邊線 ⇒ 同側=True 線上頂點=2(期望2)／**穿心線** ⇒ 同側=False 越界=2.0000(期望>0) ⇒ PASS
  ⇒ 量測器自檢：PASS

【驅動·第一趟（真實）】R1–R6 × 兩情境（⛔ 不只破閘二格）——街廓母體 = ['R1', 'R2', 'R4', 'R6', 'R5', 'R3']
--------------------------------------------------------------------------------------------------------------------------------------------------------------------------------------------------------
  攔截：`_pool_strips_for_block` 12 筆／`_solve_G_one` 回傳登記 344 筆

【A-1】逐宗之近側界／遠側界（甲法重建 ＋ 乙法驗線）
--------------------------------------------------------------------------------------------------------------------------------------------------------------------------------------------------------
  🔒 甲法之依據：`solve_G_binary @9707-9740`——`_near_ad = near_dir`（⇒近側邊方向 `rot90`）／
     `_far_nhat = rot90(allocation_dir)`（⇒遠側邊方向）；`near_dir is None` ⇒ 單線、二界同方向。
  情境     街廓    i    暫編地號            corner  near_dir 近側界方向(單位)                  遠側界方向(單位)                  乙法驗線                  
  0m     R1    0    628-37(1)       是       無(單線)    (-0.675695,-0.737182)      (-0.675695,-0.737182)      ✅ 近3/遠2 頂點在線
  0m     R1    1    628-35(2)       否       有        (-0.675695,-0.737182)      (-0.668484,-0.743727)      ✅ 近3/遠2 頂點在線
  0m     R1    2    628(5)          是       無(單線)    (-0.659468,-0.751732)      (-0.659468,-0.751732)      🔴 近(同側True,在線0,越界0.00e+00) 遠(同側True,在線3,越界0.00e+00)
  0m     R1    3    628-34(3)       否       有        (-0.659468,-0.751732)      (-0.668484,-0.743727)      ✅ 近3/遠2 頂點在線
  0m     R2    0    628-41(1)       是       無(單線)    ( 0.740433,-0.672130)      ( 0.740433,-0.672130)      ✅ 近3/遠3 頂點在線
  0m     R2    1    628-42(1)       否       有        ( 0.740433,-0.672130)      (-0.687675, 0.726019)      ✅ 近3/遠2 頂點在線
  0m     R2    2    628-27(1)       否       有        (-0.687675, 0.726019)      (-0.687675, 0.726019)      ✅ 近2/遠3 頂點在線
  0m     R2    3    628-40(1)       否       有        (-0.687675, 0.726019)      (-0.687675, 0.726019)      ✅ 近2/遠3 頂點在線
  0m     R4    0    628(1)          是       無(單線)    (-0.659468,-0.751733)      (-0.659468,-0.751733)      ✅ 近3/遠2 頂點在線
  0m     R4    1    628-1(1)        是       無(單線)    (-0.729458,-0.684026)      (-0.729458,-0.684026)      ✅ 近2/遠2 頂點在線
  0m     R6    0    628(2)          否       無(單線)    ( 0.740433,-0.672130)      ( 0.740433,-0.672130)      ✅ 近2/遠3 頂點在線
  0m     R6    1    628-1(2)        否       有        ( 0.740433,-0.672130)      ( 0.740433,-0.672130)      ✅ 近2/遠3 頂點在線
  0m     R6    2    628-23(1)       否       有        ( 0.740433,-0.672130)      ( 0.740433,-0.672130)      ✅ 近2/遠3 頂點在線
  0m     R6    3    628-4(1)        否       有        ( 0.740433,-0.672130)      ( 0.740433,-0.672130)      ✅ 近2/遠3 頂點在線
  0m     R6    6    628-18(1)       是       無(單線)    (-0.740433, 0.672130)      (-0.740433, 0.672130)      🔴 近(同側True,在線0,越界0.00e+00) 遠(同側True,在線2,越界0.00e+00)
  0m     R5    0    628-18(2)       是       無(單線)    ( 0.740433,-0.672130)      ( 0.740433,-0.672130)      ✅ 近3/遠2 頂點在線
  0m     R5    1    628-53(2)       否       有        ( 0.740433,-0.672130)      (-0.687675, 0.726019)      ✅ 近3/遠2 頂點在線
  0m     R5    2    628-45(1)       否       有        (-0.687675, 0.726019)      (-0.687675, 0.726019)      ✅ 近3/遠2 頂點在線
  0m     R5    3    628-7(2)        否       有        (-0.687675, 0.726019)      (-0.687675, 0.726019)      ✅ 近3/遠2 頂點在線
  0m     R3    0    628(4)          否       無(單線)    (-0.687675, 0.726019)      (-0.687675, 0.726019)      ✅ 近2/遠3 頂點在線
  0m     R3    1    628-34(2)       否       有        (-0.687675, 0.726019)      (-0.687675, 0.726019)      ✅ 近2/遠3 頂點在線
  0m     R3    2    628-47(1)       否       有        (-0.687675, 0.726019)      (-0.687675, 0.726019)      ✅ 近2/遠3 頂點在線
  0m     R3    3    628-46(1)       否       有        (-0.687675, 0.726019)      (-0.687675, 0.726019)      ✅ 近2/遠3 頂點在線
  0m     R3    7    628-45(2)       是       無(單線)    (-0.740433, 0.672130)      (-0.740433, 0.672130)      🔴 近(同側True,在線0,越界0.00e+00) 遠(同側True,在線2,越界0.00e+00)
  3.5m   R1    0    628-36(1)       是       無(單線)    (-0.675695,-0.737182)      (-0.675695,-0.737182)      ✅ 近3/遠2 頂點在線
  3.5m   R1    1    628(5)          是       無(單線)    (-0.659468,-0.751732)      (-0.659468,-0.751732)      🔴 近(同側True,在線0,越界0.00e+00) 遠(同側True,在線3,越界0.00e+00)
  3.5m   R1    2    628-34(3)       否       有        (-0.659468,-0.751732)      (-0.668484,-0.743727)      ✅ 近3/遠2 頂點在線
  3.5m   R1    3    628-37(1)       否       有        (-0.668484,-0.743727)      (-0.668484,-0.743727)      ✅ 近2/遠3 頂點在線
  3.5m   R2    0    628-42(1)       否       無(單線)    (-0.687675, 0.726019)      (-0.687675, 0.726019)      ✅ 近2/遠3 頂點在線
  3.5m   R2    1    628-41(1)       否       有        (-0.687675, 0.726019)      (-0.687675, 0.726019)      ✅ 近2/遠3 頂點在線
  3.5m   R2    2    628-27(1)       否       有        (-0.687675, 0.726019)      (-0.687675, 0.726019)      ✅ 近2/遠3 頂點在線
  3.5m   R2    3    628-40(1)       否       有        (-0.687675, 0.726019)      (-0.687675, 0.726019)      ✅ 近2/遠3 頂點在線
  3.5m   R4    0    628(1)          是       無(單線)    (-0.659468,-0.751733)      (-0.659468,-0.751733)      ✅ 近3/遠2 頂點在線
  3.5m   R4    1    628-1(1)        是       無(單線)    (-0.729458,-0.684026)      (-0.729458,-0.684026)      ✅ 近2/遠2 頂點在線
  3.5m   R6    0    628(2)          否       無(單線)    ( 0.740433,-0.672130)      ( 0.740433,-0.672130)      ✅ 近2/遠3 頂點在線
  3.5m   R6    1    628-1(2)        否       有        ( 0.740433,-0.672130)      ( 0.740433,-0.672130)      ✅ 近2/遠3 頂點在線
  3.5m   R6    2    628-23(1)       否       有        ( 0.740433,-0.672130)      ( 0.740433,-0.672130)      ✅ 近2/遠3 頂點在線
  3.5m   R6    3    628-4(1)        否       有        ( 0.740433,-0.672130)      ( 0.740433,-0.672130)      ✅ 近2/遠3 頂點在線
  3.5m   R6    6    628-18(1)       是       無(單線)    (-0.740433, 0.672130)      (-0.740433, 0.672130)      🔴 近(同側True,在線0,越界0.00e+00) 遠(同側True,在線2,越界0.00e+00)
  3.5m   R5    0    628-53(2)       否       無(單線)    (-0.687675, 0.726019)      (-0.687675, 0.726019)      ✅ 近3/遠2 頂點在線
  3.5m   R5    1    628-18(2)       否       有        (-0.687675, 0.726019)      (-0.687675, 0.726019)      ✅ 近3/遠2 頂點在線
  3.5m   R5    2    628-45(1)       否       有        (-0.687675, 0.726019)      (-0.687675, 0.726019)      ✅ 近3/遠2 頂點在線
  3.5m   R5    3    628-7(2)        否       有        (-0.687675, 0.726019)      (-0.687675, 0.726019)      ✅ 近3/遠2 頂點在線
  3.5m   R3    0    628(4)          否       無(單線)    (-0.687675, 0.726019)      (-0.687675, 0.726019)      ✅ 近2/遠3 頂點在線
  3.5m   R3    1    628-34(2)       否       有        (-0.687675, 0.726019)      (-0.687675, 0.726019)      ✅ 近2/遠3 頂點在線
  3.5m   R3    2    628-47(1)       否       有        (-0.687675, 0.726019)      (-0.687675, 0.726019)      ✅ 近2/遠3 頂點在線
  3.5m   R3    3    628-46(1)       否       有        (-0.687675, 0.726019)      (-0.687675, 0.726019)      ✅ 近2/遠3 頂點在線
  ⇒ 分母 118 宗：乙法驗線 **通過 109 ／ 不通過 9 ／ 不可判 0**（容差 1e-06 m）

【A-2】界面同一性表（**全對**·⛔ 非取樣）
--------------------------------------------------------------------------------------------------------------------------------------------------------------------------------------------------------
  🔒 `是否同一條線` ＝ **方向逐位相同（或反向）** ∧ **通過點距 ≤ 1e-09 m**（A-0：無法逐位證明 ⇒ 判否）。

  ── [0m] R1 ── n=5　分母 C(n,2)=10　未破閘　同一條線 3 ／ 街廓內交叉 0 ／ 面積>0 0
     j    k           方向夾角° 逐位同             通過點距m 同一條線?      廓內交叉             交點 s         交集面積
     0    1     0.000000000 是           0.000e+00 **是**      否                 nan     0.000000
     0    2     1.248782163 否           8.103e+01 否          否             42.7397     0.000000
     0    3     1.248782163 否           7.360e+01 否          否             39.4139     0.000000
     0    4     0.557950624 否           7.121e+01 否          否             77.8701     0.000000
     2    3     0.000000000 是           0.000e+00 **是**      否                 nan     0.000000
     3    4     0.000000000 是           0.000e+00 **是**      否                 nan     0.000000

  ── [0m] R2 ── n=15　分母 C(n,2)=105　🔴 破閘　同一條線 13 ／ 街廓內交叉 2 ／ 面積>0 4
     j    k           方向夾角° 逐位同             通過點距m 同一條線?      廓內交叉             交點 s         交集面積
     0    1     0.000000000 是           0.000e+00 **是**      否                 nan     0.000000
     0    2     4.321972021 否           7.586e-01 否          是              4.8139    19.814184
     0    3     4.321972021 否           1.406e+00 否          是              5.4612    26.162405
     0    4     4.321972021 否           7.936e+00 否          否             11.9913     0.000000
     0    5     4.321972021 否           7.942e+00 否          否             11.9974     0.000000
     0    6     4.321972021 否           9.873e+00 否          否             13.9289     0.000000
     0    7     4.321972021 否           1.500e+01 否          否             19.0536     0.000000
     0    8     4.321972021 否           9.597e+01 否          否            100.0274     0.000000
     0    9     4.321972021 否           9.463e+01 否          否             98.6881     0.000000
     0    10    4.321972021 否           8.483e+01 否          否             88.8840     0.000000
     0    11    4.321972021 否           8.334e+01 否          否             87.4008     0.000000
     0    12    4.321972021 否           8.001e+01 否          否             84.0675     0.000000
     0    13    4.321972021 否           7.669e+01 否          否             80.7502     0.000000
     0    14    4.321972021 否           7.507e+01 否          否             79.1307     0.000000
     1    2     0.000000000 是           3.202e-10 **是**      否                 nan     0.000000
     2    3     0.000000000 是           0.000e+00 **是**      否                 nan     0.000000
     3    4     0.000000000 是           0.000e+00 **是**      否                 nan     0.000000
     4    5     0.000000000 是           0.000e+00 **是**      否                 nan     0.000000
     5    6     0.000000000 是           3.202e-10 **是**      否                 nan     0.000000
     6    7     0.000000000 是           0.000e+00 **是**      否                 nan     0.000000
     8    9     0.000000000 是           0.000e+00 **是**      否                 nan     0.000000
     9    10    0.000000000 是           4.226e-11 **是**      否                 nan     0.000000
     10   11    0.000000000 是           0.000e+00 **是**      否                 nan     0.000000
     11   12    0.000000000 是           4.226e-11 **是**      否                 nan     0.000000
     12   13    0.000000000 是           0.000e+00 **是**      否                 nan     0.000000
     13   14    0.000000000 是           0.000e+00 **是**      否                 nan     0.000000

  ── [0m] R4 ── n=2　分母 C(n,2)=1　未破閘　同一條線 0 ／ 街廓內交叉 0 ／ 面積>0 0
     j    k           方向夾角° 逐位同             通過點距m 同一條線?      廓內交叉             交點 s         交集面積
     0    1     5.581670133 否           5.236e+01 否          否             71.7566     0.000000

  ── [0m] R6 ── n=11　分母 C(n,2)=55　未破閘　同一條線 9 ／ 街廓內交叉 0 ／ 面積>0 0
     j    k           方向夾角° 逐位同             通過點距m 同一條線?      廓內交叉             交點 s         交集面積
     0    1     0.000000000 是           0.000e+00 **是**      否                 nan     0.000000
     0    2     0.000000000 是           3.064e+00 否          否                 nan     0.000000
     0    3     0.000000000 是           4.560e+00 否          否                 nan     0.000000
     0    4     0.000000000 是           1.926e+01 否          否                 nan     0.000000
     0    5     0.000000000 是           2.253e+01 否          否                 nan     0.000000
     0    6     0.000002700 否           8.542e+01 否          否              0.1552     0.000000
     0    7     0.000002700 否           7.822e+01 否          否              0.1552     0.000000
     0    8     0.000000000 是           7.822e+01 否          否                 nan     0.000000
     0    9     0.000000000 是           7.553e+01 否          否                 nan     0.000000
     0    10    0.000000000 是           6.865e+01 否          否                 nan     0.000000
     1    2     0.000000000 是           3.912e-11 **是**      否                 nan     0.000000
     2    3     0.000000000 是           0.000e+00 **是**      否                 nan     0.000000
     3    4     0.000000000 是           0.000e+00 **是**      否                 nan     0.000000
     4    5     0.000000000 是           3.448e-10 **是**      否                 nan     0.000000
     6    7     0.000000000 是           0.000e+00 **是**      否                 nan     0.000000
     7    8     0.000000000 是           0.000e+00 **是**      否                 nan     0.000000
     8    9     0.000000000 是           0.000e+00 **是**      否                 nan     0.000000
     9    10    0.000000000 是           0.000e+00 **是**      否                 nan     0.000000

  ── [0m] R5 ── n=12　分母 C(n,2)=66　🔴 破閘　同一條線 10 ／ 街廓內交叉 2 ／ 面積>0 5
     j    k           方向夾角° 逐位同             通過點距m 同一條線?      廓內交叉             交點 s         交集面積
     0    1     0.000000000 是           0.000e+00 **是**      否                 nan     0.000000
     0    2     4.321967864 否           3.864e-01 否          是              5.2363    36.133656
     0    3     4.321967864 否           1.560e+00 否          是              6.4101    20.195606
     0    4     4.321967864 否           7.111e+00 否          否             11.9614     0.000000
     0    5     4.321967864 否           1.370e+01 否          否             18.5559     0.000000
     0    6     4.321967864 否           1.405e+01 否          否             18.9034     0.000000
     0    7     4.321967864 否           8.794e+01 否          否             92.7995     0.000000
     0    8     4.321967864 否           8.482e+01 否          否             89.6801     0.000000
     0    9     4.321967864 否           7.588e+01 否          否             80.7426     0.000000
     0    10    4.321967864 否           6.479e+01 否          否             69.6516     0.000000
     0    11    4.321967864 否           6.472e+01 否          否             69.5841     0.000000
     1    2     0.000000000 是           3.202e-10 **是**      否                 nan     0.000000
     2    3     0.000000000 是           0.000e+00 **是**      否                 nan     0.000000
     3    4     0.000000000 是           3.202e-10 **是**      否                 nan     0.000000
     4    5     0.000000000 是           0.000e+00 **是**      否                 nan     0.000000
     5    6     0.000000000 是           0.000e+00 **是**      否                 nan     0.000000
     7    8     0.000000000 是           0.000e+00 **是**      否                 nan     0.000000
     8    9     0.000000000 是           3.202e-10 **是**      否                 nan     0.000000
     9    10    0.000000000 是           3.625e-10 **是**      否                 nan     0.000000
     10   11    0.000000000 是           4.226e-11 **是**      否                 nan     0.000000

  ── [0m] R3 ── n=14　分母 C(n,2)=91　未破閘　同一條線 12 ／ 街廓內交叉 0 ／ 面積>0 2
     j    k           方向夾角° 逐位同             通過點距m 同一條線?      廓內交叉             交點 s         交集面積
     0    1     0.000000000 是           0.000e+00 **是**      否                 nan     0.000000
     0    2     0.000000000 是           5.693e+00 否          否                 nan     0.000000
     0    3     0.000000000 是           8.950e+00 否          否                 nan     0.000000
     0    4     0.000000000 是           1.060e+01 否          否                 nan     0.000000
     0    5     0.000000000 是           1.386e+01 否          否                 nan     0.000000
     0    6     0.000000000 是           1.565e+01 否          否                 nan     0.000000
     0    7     4.321957648 否           9.537e+01 否          否              1.0265     0.000000
     0    8     4.321957648 否           8.764e+01 否          否              1.0265     0.000000
     0    9     0.000000000 是           8.738e+01 否          否                 nan     0.000000
     0    10    0.000000000 是           8.680e+01 否          否                 nan     0.000000
     0    11    0.000000000 是           8.539e+01 否          否                 nan     0.000000
     0    12    0.000000000 是           8.397e+01 否          否                 nan     0.000000
     0    13    0.000000000 是           7.405e+01 否          否                 nan     0.000000
     1    2     0.000000000 是           3.202e-10 **是**      否                 nan     0.000000
     2    3     0.000000000 是           0.000e+00 **是**      否                 nan     0.000000
     3    4     0.000000000 是           0.000e+00 **是**      否                 nan     0.000000
     4    5     0.000000000 是           0.000e+00 **是**      否                 nan     0.000000
     5    6     0.000000000 是           0.000e+00 **是**      否                 nan     0.000000
     7    8     0.000000000 是           0.000e+00 **是**      否                 nan     0.000000
     8    9     0.000000000 是           3.202e-10 **是**      否                 nan     0.000000
     9    10    0.000000000 是           3.202e-10 **是**      否                 nan     0.000000
     10   11    0.000000000 是           0.000e+00 **是**      否                 nan     0.000000
     11   12    0.000000000 是           3.202e-10 **是**      否                 nan     0.000000
     12   13    0.000000000 是           0.000e+00 **是**      否                 nan     0.000000

  ── [3.5m] R1 ── n=5　分母 C(n,2)=10　未破閘　同一條線 3 ／ 街廓內交叉 0 ／ 面積>0 1
     j    k           方向夾角° 逐位同             通過點距m 同一條線?      廓內交叉             交點 s         交集面積
     0    1     1.248782163 否           6.997e+01 否          否             48.8770     0.000000
     0    2     1.248782163 否           6.254e+01 否          否             45.5512     0.000000
     0    3     0.557950624 否           6.015e+01 否          否             77.8697     0.000000
     0    4     0.557950624 否           5.364e+01 否          否             71.3401     0.000000
     1    2     0.000000000 是           0.000e+00 **是**      否                 nan     0.000000
     2    3     0.000000000 是           0.000e+00 **是**      否                 nan     0.000000
     3    4     0.000000000 是           0.000e+00 **是**      否                 nan     0.000000

  ── [3.5m] R2 ── n=15　分母 C(n,2)=105　未破閘　同一條線 13 ／ 街廓內交叉 0 ／ 面積>0 3
     j    k           方向夾角° 逐位同             通過點距m 同一條線?      廓內交叉             交點 s         交集面積
     0    1     0.000000000 是           3.202e-10 **是**      否                 nan     0.000000
     0    2     0.000000000 是           4.071e+00 否          否                 nan     0.000000
     0    3     0.000000000 是           4.729e+00 否          否                 nan     0.000000
     0    4     0.000000000 是           1.138e+01 否          否                 nan     0.000000
     0    5     0.000000000 是           1.139e+01 否          否                 nan     0.000000
     0    6     0.000000000 是           1.339e+01 否          否                 nan     0.000000
     0    7     0.000000000 是           1.867e+01 否          否                 nan     0.000000
     0    8     0.000000000 是           9.110e+01 否          否                 nan     0.000000
     0    9     0.000000000 是           8.977e+01 否          否                 nan     0.000000
     0    10    0.000000000 是           7.999e+01 否          否                 nan     0.000000
     0    11    0.000000000 是           7.851e+01 否          否                 nan     0.000000
     0    12    0.000000000 是           7.518e+01 否          否                 nan     0.000000
     0    13    0.000000000 是           7.187e+01 否          否                 nan     0.000000
     0    14    0.000000000 是           7.026e+01 否          否                 nan     0.000000
     1    2     0.000000000 是           0.000e+00 **是**      否                 nan     0.000000
     2    3     0.000000000 是           3.202e-10 **是**      否                 nan     0.000000
     3    4     0.000000000 是           3.202e-10 **是**      否                 nan     0.000000
     4    5     0.000000000 是           4.226e-11 **是**      否                 nan     0.000000
     5    6     0.000000000 是           0.000e+00 **是**      否                 nan     0.000000
     6    7     0.000000000 是           4.226e-11 **是**      否                 nan     0.000000
     8    9     0.000000000 是           0.000e+00 **是**      否                 nan     0.000000
     9    10    0.000000000 是           0.000e+00 **是**      否                 nan     0.000000
     10   11    0.000000000 是           0.000e+00 **是**      否                 nan     0.000000
     11   12    0.000000000 是           3.202e-10 **是**      否                 nan     0.000000
     12   13    0.000000000 是           0.000e+00 **是**      否                 nan     0.000000
     13   14    0.000000000 是           4.226e-11 **是**      否                 nan     0.000000

  ── [3.5m] R4 ── n=2　分母 C(n,2)=1　未破閘　同一條線 0 ／ 街廓內交叉 0 ／ 面積>0 0
     j    k           方向夾角° 逐位同             通過點距m 同一條線?      廓內交叉             交點 s         交集面積
     0    1     5.581670133 否           5.236e+01 否          否             71.7566     0.000000

  ── [3.5m] R6 ── n=11　分母 C(n,2)=55　未破閘　同一條線 9 ／ 街廓內交叉 0 ／ 面積>0 0
     j    k           方向夾角° 逐位同             通過點距m 同一條線?      廓內交叉             交點 s         交集面積
     0    1     0.000000000 是           0.000e+00 **是**      否                 nan     0.000000
     0    2     0.000000000 是           3.064e+00 否          否                 nan     0.000000
     0    3     0.000000000 是           4.560e+00 否          否                 nan     0.000000
     0    4     0.000000000 是           1.926e+01 否          否                 nan     0.000000
     0    5     0.000000000 是           2.253e+01 否          否                 nan     0.000000
     0    6     0.000002700 否           8.542e+01 否          否              0.1552     0.000000
     0    7     0.000002700 否           7.822e+01 否          否              0.1552     0.000000
     0    8     0.000000000 是           7.822e+01 否          否                 nan     0.000000
     0    9     0.000000000 是           7.553e+01 否          否                 nan     0.000000
     0    10    0.000000000 是           6.865e+01 否          否                 nan     0.000000
     1    2     0.000000000 是           3.912e-11 **是**      否                 nan     0.000000
     2    3     0.000000000 是           0.000e+00 **是**      否                 nan     0.000000
     3    4     0.000000000 是           0.000e+00 **是**      否                 nan     0.000000
     4    5     0.000000000 是           3.448e-10 **是**      否                 nan     0.000000
     6    7     0.000000000 是           0.000e+00 **是**      否                 nan     0.000000
     7    8     0.000000000 是           0.000e+00 **是**      否                 nan     0.000000
     8    9     0.000000000 是           0.000e+00 **是**      否                 nan     0.000000
     9    10    0.000000000 是           0.000e+00 **是**      否                 nan     0.000000

  ── [3.5m] R5 ── n=12　分母 C(n,2)=66　未破閘　同一條線 10 ／ 街廓內交叉 0 ／ 面積>0 2
     j    k           方向夾角° 逐位同             通過點距m 同一條線?      廓內交叉             交點 s         交集面積
     0    1     0.000000000 是           4.226e-11 **是**      否                 nan     0.000000
     0    2     0.000000000 是           4.836e+00 否          否                 nan     0.000000
     0    3     0.000000000 是           6.017e+00 否          否                 nan     0.000000
     0    4     0.000000000 是           1.162e+01 否          否                 nan     0.000000
     0    5     0.000000000 是           1.834e+01 否          否                 nan     0.000000
     0    6     0.000000000 是           1.869e+01 否          否                 nan     0.000000
     0    7     0.000000000 是           8.378e+01 否          否                 nan     0.000000
     0    8     0.000000000 是           8.067e+01 否          否                 nan     0.000000
     0    9     0.000000000 是           7.178e+01 否          否                 nan     0.000000
     0    10    0.000000000 是           6.073e+01 否          否                 nan     0.000000
     0    11    0.000000000 是           6.066e+01 否          否                 nan     0.000000
     1    2     0.000000000 是           2.780e-10 **是**      否                 nan     0.000000
     2    3     0.000000000 是           2.780e-10 **是**      否                 nan     0.000000
     3    4     0.000000000 是           0.000e+00 **是**      否                 nan     0.000000
     4    5     0.000000000 是           4.226e-11 **是**      否                 nan     0.000000
     5    6     0.000000000 是           0.000e+00 **是**      否                 nan     0.000000
     7    8     0.000000000 是           0.000e+00 **是**      否                 nan     0.000000
     8    9     0.000000000 是           0.000e+00 **是**      否                 nan     0.000000
     9    10    0.000000000 是           0.000e+00 **是**      否                 nan     0.000000
     10   11    0.000000000 是           0.000e+00 **是**      否                 nan     0.000000

  ── [3.5m] R3 ── n=14　分母 C(n,2)=91　未破閘　同一條線 12 ／ 街廓內交叉 0 ／ 面積>0 1
     j    k           方向夾角° 逐位同             通過點距m 同一條線?      廓內交叉             交點 s         交集面積
     0    1     0.000000000 是           0.000e+00 **是**      否                 nan     0.000000
     0    2     0.000000000 是           5.692e+00 否          否                 nan     0.000000
     0    3     0.000000000 是           8.950e+00 否          否                 nan     0.000000
     0    4     0.000000000 是           1.060e+01 否          否                 nan     0.000000
     0    5     0.000000000 是           1.386e+01 否          否                 nan     0.000000
     0    6     0.000000000 是           1.565e+01 否          否                 nan     0.000000
     0    7     0.000000000 是           8.670e+01 否          否                 nan     0.000000
     0    8     0.000000000 是           8.526e+01 否          否                 nan     0.000000
     0    9     0.000000000 是           8.468e+01 否          否                 nan     0.000000
     0    10    0.000000000 是           8.326e+01 否          否                 nan     0.000000
     0    11    0.000000000 是           7.871e+01 否          否                 nan     0.000000
     0    12    0.000000000 是           7.727e+01 否          否                 nan     0.000000
     0    13    0.000000000 是           6.711e+01 否          否                 nan     0.000000
     1    2     0.000000000 是           4.226e-11 **是**      否                 nan     0.000000
     2    3     0.000000000 是           4.226e-11 **是**      否                 nan     0.000000
     3    4     0.000000000 是           4.226e-11 **是**      否                 nan     0.000000
     4    5     0.000000000 是           0.000e+00 **是**      否                 nan     0.000000
     5    6     0.000000000 是           4.226e-11 **是**      否                 nan     0.000000
     7    8     0.000000000 是           0.000e+00 **是**      否                 nan     0.000000
     8    9     0.000000000 是           0.000e+00 **是**      否                 nan     0.000000
     9    10    0.000000000 是           4.226e-11 **是**      否                 nan     0.000000
     10   11    0.000000000 是           3.202e-10 **是**      否                 nan     0.000000
     11   12    0.000000000 是           0.000e+00 **是**      否                 nan     0.000000
     12   13    0.000000000 是           0.000e+00 **是**      否                 nan     0.000000

【A-2 三問】（⛔ 逐對作答）
--------------------------------------------------------------------------------------------------------------------------------------------------------------------------------------------------------
  **問 1**：`宗0×宗1` 之 `是否同一條線` ＝ ?（`P2`）
     [0m] R1   未破閘 ⇒ **同一條線**（逐位同=True·點距=0.000e+00 m·夾角=0.000000000°）｜交集面積 = 0.000000
     [0m] R2   🔴破閘 ⇒ **同一條線**（逐位同=True·點距=0.000e+00 m·夾角=0.000000000°）｜交集面積 = 0.000000
     [0m] R4   未破閘 ⇒ ****不同一****（逐位同=False·點距=5.236e+01 m·夾角=5.581670133°）｜交集面積 = 0.000000
     [0m] R6   未破閘 ⇒ **同一條線**（逐位同=True·點距=0.000e+00 m·夾角=0.000000000°）｜交集面積 = 0.000000
     [0m] R5   🔴破閘 ⇒ **同一條線**（逐位同=True·點距=0.000e+00 m·夾角=0.000000000°）｜交集面積 = 0.000000
     [0m] R3   未破閘 ⇒ **同一條線**（逐位同=True·點距=0.000e+00 m·夾角=0.000000000°）｜交集面積 = 0.000000
     [3.5m] R1   未破閘 ⇒ ****不同一****（逐位同=False·點距=6.997e+01 m·夾角=1.248782163°）｜交集面積 = 0.000000
     [3.5m] R2   未破閘 ⇒ **同一條線**（逐位同=True·點距=3.202e-10 m·夾角=0.000000000°）｜交集面積 = 0.000000
     [3.5m] R4   未破閘 ⇒ ****不同一****（逐位同=False·點距=5.236e+01 m·夾角=5.581670133°）｜交集面積 = 0.000000
     [3.5m] R6   未破閘 ⇒ **同一條線**（逐位同=True·點距=0.000e+00 m·夾角=0.000000000°）｜交集面積 = 0.000000
     [3.5m] R5   未破閘 ⇒ **同一條線**（逐位同=True·點距=4.226e-11 m·夾角=0.000000000°）｜交集面積 = 0.000000
     [3.5m] R3   未破閘 ⇒ **同一條線**（逐位同=True·點距=0.000e+00 m·夾角=0.000000000°）｜交集面積 = 0.000000

  **問 2**：`宗0×宗2`／`宗0×宗3` 之楔形面積 vs 實測交集面積（`P4`）
     🔒 **楔形之定義**：`宗j` 之遠側界與 `宗k` 之近側界二**無限直線**所夾之角域，與**街廓**及二宗之其餘界之交 ⇒ 此處以 `宗j ∩ 宗k` 之**實體**為準，
     另出艙**二線交點以後**（`s > s_X`）之部分佔該交集之比例——⛔ 不另造第二個楔形定義。
     情境     街廓    對              交集面積         交點 s     交集之 s 上界     交點以後佔比
     0m     R2    宗0×宗2     19.814184       4.8139       5.4612    100.00%
     0m     R2    宗0×宗3     26.162405       5.4612       7.4487    100.00%
     0m     R5    宗0×宗2     36.133656       5.2363       6.4101    100.00%
     0m     R5    宗0×宗3     20.195606       6.4101       8.1618    100.00%

  **問 3**：未破閘之塊，其 `宗0` 與後續各宗之界面同一性（🔒 **判別力**）
     情境     街廓    破閘?           n        同一條線數         宗0 之對數        宗0 同一條線        宗0 廓內交叉
     0m     R1    未破閘           5            3              4              1              0
     0m     R2    🔴 破閘         15           13             14              1              2
     0m     R4    未破閘           2            0              1              0              0
     0m     R6    未破閘          11            9             10              1              0
     0m     R5    🔴 破閘         12           10             11              1              2
     0m     R3    未破閘          14           12             13              1              0
     3.5m   R1    未破閘           5            3              4              0              0
     3.5m   R2    未破閘          15           13             14              1              0
     3.5m   R4    未破閘           2            0              1              0              0
     3.5m   R6    未破閘          11            9             10              1              0
     3.5m   R5    未破閘          12           10             11              1              0
     3.5m   R3    未破閘          14           12             13              1              0

【A-3】合成掃描：`∠(用, ALLOC)` ＝ 0°, 1°, 2°, 3°, 4°, 5°, 6°, 7°, 8°（⛔ 探針記憶體內·⛔ 不動倉內任何檔）
--------------------------------------------------------------------------------------------------------------------------------------------------------------------------------------------------------
  🔒 shim 之受詞 ＝ `_first_corner_alloc_dir` 之**回值**（⛔ 不改其碼、⛔ 不改呼叫端）；
     回 `rotate(alloc_normal_axis(ALLOC_blk), θ)` ⇒ `∠(用, ALLOC) ≡ θ`（構造上恆等）。
  θ      情境    街廓         n          Σ全對        Σ_不相鄰 破閘?             bound     廓內交叉     其中不鄰     不鄰對數 街角宗索引         
  0°     0m    R1         5     0.000000     0.000000 未破閘            0.6630        0        0        6 [0, 2]        
  0°     0m    R2        15     0.000000     0.000000 未破閘            3.1129        0        0       91 [0]           
  0°     0m    R4         2     0.000000     0.000000 未破閘            0.1655        0        0        0 [0, 1]        
  0°     0m    R6        11     0.000000     0.000000 未破閘            2.2755        0        0       45 [6]           
  0°     0m    R5        12     0.000000     0.000000 未破閘            2.5141        0        0       55 [0]           
  0°     0m    R3        14     0.000000     0.000000 未破閘            2.8821        0        0       78 [7]           
  0°     3.5m  R1         5     0.000000     0.000000 未破閘            0.6630        0        0        6 [0, 1]        
  0°     3.5m  R2        15     0.000000     0.000000 未破閘            3.1129        0        0       91 []            
  0°     3.5m  R4         2     0.000000     0.000000 未破閘            0.1655        0        0        0 [0, 1]        
  0°     3.5m  R6        11     0.000000     0.000000 未破閘            2.2755        0        0       45 [6]           
  0°     3.5m  R5        12     0.000000     0.000000 未破閘            2.5141        0        0       55 []            
  0°     3.5m  R3        14     0.000000     0.000000 未破閘            2.8821        0        0       78 []            
  1°     0m    R1         5     0.000000     0.000000 未破閘            0.6630        0        0        6 [0, 2]        
  1°     0m    R2        15     4.367471     4.367471 🔴 破閘           3.1129        1        1       91 [0]           
  1°     0m    R4         2     0.000000     0.000000 未破閘            0.1655        0        0        0 [0, 1]        
  1°     0m    R6        11     0.000000     0.000000 未破閘            2.2755        0        0       45 [6]           
  1°     0m    R5        12     8.709857     8.709857 🔴 破閘           2.5141        1        1       55 [0]           
  1°     0m    R3        14     0.000000     0.000000 未破閘            2.8821        0        0       78 [7]           
  1°     3.5m  R1         5     0.000000     0.000000 未破閘            0.6630        0        0        6 [0, 1]        
  1°     3.5m  R2        15     0.000000     0.000000 未破閘            3.1129        0        0       91 []            
  1°     3.5m  R4         2     0.000000     0.000000 未破閘            0.1655        0        0        0 [0, 1]        
  1°     3.5m  R6        11     0.000000     0.000000 未破閘            2.2755        0        0       45 [6]           
  1°     3.5m  R5        12     0.000000     0.000000 未破閘            2.5141        0        0       55 []            
  1°     3.5m  R3        14     0.000000     0.000000 未破閘            2.8821        0        0       78 []            
  2°     0m    R1         5     0.000000     0.000000 未破閘            0.6630        0        0        6 [0, 2]        
  2°     0m    R2        15    15.158790    15.158790 🔴 破閘           3.1129        2        2       91 [0]           
  2°     0m    R4         2     0.000000     0.000000 未破閘            0.1655        0        0        0 [0, 1]        
  2°     0m    R6        11     0.000000     0.000000 未破閘            2.2755        0        0       45 [6]           
  2°     0m    R5        12    22.127046    22.127046 🔴 破閘           2.5141        2        2       55 [0]           
  2°     0m    R3        14     0.000000     0.000000 未破閘            2.8821        0        0       78 [7]           
  2°     3.5m  R1         5     0.000000     0.000000 未破閘            0.6630        0        0        6 [0, 1]        
  2°     3.5m  R2        15     0.000000     0.000000 未破閘            3.1129        0        0       91 []            
  2°     3.5m  R4         2     0.000000     0.000000 未破閘            0.1655        0        0        0 [0, 1]        
  2°     3.5m  R6        11     0.000000     0.000000 未破閘            2.2755        0        0       45 [6]           
  2°     3.5m  R5        12     0.000000     0.000000 未破閘            2.5141        0        0       55 []            
  2°     3.5m  R3        14     0.000000     0.000000 未破閘            2.8821        0        0       78 []            
  3°     0m    R1         5     0.000000     0.000000 未破閘            0.6630        0        0        6 [0, 2]        
  3°     0m    R2        15    27.793411    27.793411 🔴 破閘           3.1129        2        2       91 [0]           
  3°     0m    R4         2     0.000000     0.000000 未破閘            0.1655        0        0        0 [0, 1]        
  3°     0m    R6        11     0.000000     0.000000 未破閘            2.2755        0        0       45 [6]           
  3°     0m    R5        12    36.571227    36.571227 🔴 破閘           2.5141        2        2       55 [0]           
  3°     0m    R3        14     0.000000     0.000000 未破閘            2.8821        0        0       78 [7]           
  3°     3.5m  R1         5     0.000000     0.000000 未破閘            0.6630        0        0        6 [0, 1]        
  3°     3.5m  R2        15     0.000000     0.000000 未破閘            3.1129        0        0       91 []            
  3°     3.5m  R4         2     0.000000     0.000000 未破閘            0.1655        0        0        0 [0, 1]        
  3°     3.5m  R6        11     0.000000     0.000000 未破閘            2.2755        0        0       45 [6]           
  3°     3.5m  R5        12     0.000000     0.000000 未破閘            2.5141        0        0       55 []            
  3°     3.5m  R3        14     0.000000     0.000000 未破閘            2.8821        0        0       78 []            
  4°     0m    R1         5     0.000000     0.000000 未破閘            0.6630        0        0        6 [0, 2]        
  4°     0m    R2        15    41.446061    41.446061 🔴 破閘           3.1129        2        2       91 [0]           
  4°     0m    R4         2     0.000000     0.000000 未破閘            0.1655        0        0        0 [0, 1]        
  4°     0m    R6        11     0.000000     0.000000 未破閘            2.2755        0        0       45 [6]           
  4°     0m    R5        12    51.473036    51.473036 🔴 破閘           2.5141        2        2       55 [0]           
  4°     0m    R3        14     0.000000     0.000000 未破閘            2.8821        0        0       78 [7]           
  4°     3.5m  R1         5     0.000000     0.000000 未破閘            0.6630        0        0        6 [0, 1]        
  4°     3.5m  R2        15     0.000000     0.000000 未破閘            3.1129        0        0       91 []            
  4°     3.5m  R4         2     0.000000     0.000000 未破閘            0.1655        0        0        0 [0, 1]        
  4°     3.5m  R6        11     0.000000     0.000000 未破閘            2.2755        0        0       45 [6]           
  4°     3.5m  R5        12     0.000000     0.000000 未破閘            2.5141        0        0       55 []            
  4°     3.5m  R3        14     0.000000     0.000000 未破閘            2.8821        0        0       78 []            
  5°     0m    R1         5     0.000000     0.000000 未破閘            0.6630        0        0        6 [0, 2]        
  5°     0m    R2        15    55.664881    55.664881 🔴 破閘           3.1129        2        2       91 [0]           
  5°     0m    R4         2     0.000000     0.000000 未破閘            0.1655        0        0        0 [0, 1]        
  5°     0m    R6        11     0.000000     0.000000 未破閘            2.2755        0        0       45 [6]           
  5°     0m    R5        12    66.698835    66.698835 🔴 破閘           2.5141        2        2       55 [0]           
  5°     0m    R3        14     0.000000     0.000000 未破閘            2.8821        0        0       78 [7]           
  5°     3.5m  R1         5     0.000000     0.000000 未破閘            0.6630        0        0        6 [0, 1]        
  5°     3.5m  R2        15     0.000000     0.000000 未破閘            3.1129        0        0       91 []            
  5°     3.5m  R4         2     0.000000     0.000000 未破閘            0.1655        0        0        0 [0, 1]        
  5°     3.5m  R6        11     0.000000     0.000000 未破閘            2.2755        0        0       45 [6]           
  5°     3.5m  R5        12     0.000000     0.000000 未破閘            2.5141        0        0       55 []            
  5°     3.5m  R3        14     0.000000     0.000000 未破閘            2.8821        0        0       78 []            
  6°     0m    R1         5     0.000000     0.000000 未破閘            0.6630        0        0        6 [0, 2]        
  6°     0m    R2        15    70.284727    70.284727 🔴 破閘           3.1129        2        2       91 [0]           
  6°     0m    R4         2     0.000000     0.000000 未破閘            0.1655        0        0        0 [0, 1]        
  6°     0m    R6        11     0.000000     0.000000 未破閘            2.2755        0        0       45 [6]           
  6°     0m    R5        12    82.229989    82.229989 🔴 破閘           2.5141        2        2       55 [0]           
  6°     0m    R3        14     0.000000     0.000000 未破閘            2.8821        0        0       78 [7]           
  6°     3.5m  R1         5     0.000000     0.000000 未破閘            0.6630        0        0        6 [0, 1]        
  6°     3.5m  R2        15     0.000000     0.000000 未破閘            3.1129        0        0       91 []            
  6°     3.5m  R4         2     0.000000     0.000000 未破閘            0.1655        0        0        0 [0, 1]        
  6°     3.5m  R6        11     0.000000     0.000000 未破閘            2.2755        0        0       45 [6]           
  6°     3.5m  R5        12     0.000000     0.000000 未破閘            2.5141        0        0       55 []            
  6°     3.5m  R3        14     0.000000     0.000000 未破閘            2.8821        0        0       78 []            
  7°     0m    R1         5     0.000000     0.000000 未破閘            0.6630        0        0        6 [0, 2]        
  7°     0m    R2        15    84.519107    84.519107 🔴 破閘           3.1129        2        2       91 [0]           
  7°     0m    R4         2     0.000000     0.000000 未破閘            0.1655        0        0        0 [0, 1]        
  7°     0m    R6        11     0.000000     0.000000 未破閘            2.2755        0        0       45 [6]           
  7°     0m    R5        12    97.925438    97.925438 🔴 破閘           2.5141        2        2       55 [0]           
  7°     0m    R3        14     0.000000     0.000000 未破閘            2.8821        0        0       78 [7]           
  7°     3.5m  R1         5     0.000000     0.000000 未破閘            0.6630        0        0        6 [0, 1]        
  7°     3.5m  R2        15     0.000000     0.000000 未破閘            3.1129        0        0       91 []            
  7°     3.5m  R4         2     0.000000     0.000000 未破閘            0.1655        0        0        0 [0, 1]        
  7°     3.5m  R6        11     0.000000     0.000000 未破閘            2.2755        0        0       45 [6]           
  7°     3.5m  R5        12     0.000000     0.000000 未破閘            2.5141        0        0       55 []            
  7°     3.5m  R3        14     0.000000     0.000000 未破閘            2.8821        0        0       78 []            
  8°     0m    R1         5     0.000000     0.000000 未破閘            0.6630        0        0        6 [0, 2]        
  8°     0m    R2        15    95.764811    95.764811 🔴 破閘           3.1129        2        2       91 [0]           
  8°     0m    R4         2     0.000000     0.000000 未破閘            0.1655        0        0        0 [0, 1]        
  8°     0m    R6        11     0.000000     0.000000 未破閘            2.2755        0        0       45 [6]           
  8°     0m    R5        12   112.119288   112.119288 🔴 破閘           2.5141        2        2       55 [0]           
  8°     0m    R3        14     0.000000     0.000000 未破閘            2.8821        0        0       78 [7]           
  8°     3.5m  R1         5     0.000000     0.000000 未破閘            0.6630        0        0        6 [0, 1]        
  8°     3.5m  R2        15     0.000000     0.000000 未破閘            3.1129        0        0       91 []            
  8°     3.5m  R4         2     0.000000     0.000000 未破閘            0.1655        0        0        0 [0, 1]        
  8°     3.5m  R6        11     0.000000     0.000000 未破閘            2.2755        0        0       45 [6]           
  8°     3.5m  R5        12     0.000000     0.000000 未破閘            2.5141        0        0       55 []            
  8°     3.5m  R3        14     0.000000     0.000000 未破閘            2.8821        0        0       78 []            

  🔒 **判別力 ①（`P3`·sanity）**：`θ=0°` ⇒ 逐塊 `Σ_不相鄰` 須為 `0`
     θ=0° 之 12 格：`Σ_不相鄰 > 1e-9` 者 **0 格** ⇒ ✅ 成立

  🔒 **判別力 ②**：逐塊之**破閘門檻角度**（首個判破之 θ；無 ⇒ 「未破」）
     🔒 併出艙**結構前提**：若該塊之 `不相鄰對數 == 0`，則 `Σ_不相鄰` **恆為 0**——⛔ 此係<u>構造必然</u>、⛔ 不得讀為「該塊不受角度影響」。
     情境     街廓    破閘門檻 θ              n      depth       不鄰對數    θ=8° 廓內交叉 街角宗索引         
     0m     R1    **未破（0..8°）**       5    33.1500          6            0 [0, 2]        
     0m     R2    1°                 15    44.4700         91            2 [0]           
     0m     R3    **未破（0..8°）**      14    44.3400         78            0 [7]           
     0m     R4    **未破（0..8°）**       2    33.1000          0            0 [0, 1]        
     0m     R5    1°                 12    45.7100         55            2 [0]           
     0m     R6    **未破（0..8°）**      11    45.5100         45            0 [6]           
     3.5m   R1    **未破（0..8°）**       5    33.1500          6            0 [0, 1]        
     3.5m   R2    **未破（0..8°）**      15    44.4700         91            0 []            
     3.5m   R3    **未破（0..8°）**      14    44.3400         78            0 []            
     3.5m   R4    **未破（0..8°）**       2    33.1000          0            0 [0, 1]        
     3.5m   R5    **未破（0..8°）**      12    45.7100         55            0 []            
     3.5m   R6    **未破（0..8°）**      11    45.5100         45            0 [6]           
