====================================================================================================================================
【K-9-6-b-2 乙式·階段 A】甲式夾具 × 乙式引擎 —— **只算不換**（K-6-A2 段四(c)-2(a′)）
預測：殘差 ＝ −k·δ_P（k ＝ 解析 ∂w/∂d·⛔ 非正典 K-9-7-c 表之觀測 k）
====================================================================================================================================

【A】**階段 A**（甲式帶 `[0, D]`）之殘差 vs 閉式預測 `−k·δ_P`｜末欄為**階段 B**（乙式帶 `[δ_P, δ_P+D]`）（依 |階段 A 殘差| 由大到小）
------------------------------------------------------------------------------------------------------------------------------------
情境    街廓/側           支(一層)        支(乙式)         k(解析)     δ_P(引擎)     δ_P(夾具)      A殘差(m)     預測−k·δ_P      施工單預告      B殘差(m)  判
------------------------------------------------------------------------------------------------------------------------------------
0m    R3/right           ①      L2·邊1/①   0.075689156    0.064305    0.064305  -4.867e-03   -4.867e-03   4.53e-03    9.48e-11  ✅
0m    R1/left            ①      L2·邊4/①   0.009794448    0.167774    0.167774  -1.643e-03   -1.643e-03   1.63e-03    1.30e-10  ✅
0m    R4/right           ②      L2·邊3/Q  -0.050086983   -0.014571   -0.014571  -7.298e-04   -7.298e-04   7.30e-04    1.48e-10  ✅
3.5m  R4/right           ②      L2·邊3/Q  -0.050086983   -0.014018   -0.014018  -7.021e-04   -7.021e-04   7.02e-04    3.58e-11  ✅
3.5m  R4/left            ③      L2·邊3/P  -0.047599118   -0.001106   -0.001106  -5.264e-05   -5.264e-05   5.26e-05    4.83e-11  ✅
0m    R4/left            ③      L2·邊3/P  -0.047599118   -0.000553   -0.000553  -2.630e-05   -2.630e-05   2.63e-05   -9.19e-11  ✅
0m    R1/right           ①      L2·邊5/①   0.012148700    0.000258    0.000258  -3.131e-06   -3.131e-06  ≤3.13e-06    1.34e-10  ✅
3.5m  R1/right           ①      L2·邊5/①   0.012148700    0.000247    0.000247  -3.001e-06   -3.001e-06  ≤3.13e-06   -8.37e-11  ✅
0m    R2/left            ③      L2·邊0/P  -0.075546742    0.000004    0.000004   2.686e-07    2.686e-07  ≤3.13e-06    7.88e-12  ✅
3.5m  R2/left            ③      L2·邊0/P  -0.075546742    0.000003    0.000003   2.582e-07    2.585e-07  ≤3.13e-06   -2.98e-10  ✅
3.5m  R1/left            ①      L2·邊5/①   0.009794448    0.000023    0.000023  -2.242e-07   -2.243e-07  ≤3.13e-06    1.18e-10  ✅
3.5m  R3/right           ①      L2·邊0/①   0.075689156    0.000001    0.000001  -7.873e-08   -7.890e-08  ≤3.13e-06    1.57e-10  ✅
0m    R5/left            ②      L2·邊3/Q  -0.075609953   -0.000000   -0.000000  -2.467e-08   -2.484e-08  ≤3.13e-06    1.78e-10  ✅
3.5m  R5/left            ②      L2·邊3/Q  -0.075609953   -0.000000   -0.000000  -2.349e-08   -2.383e-08  ≤3.13e-06    3.14e-10  ✅
3.5m  R6/right           ①      L2·邊0/①   0.000000048    0.000005    0.000005  -1.750e-10   -2.529e-13  ≤3.13e-06   -1.75e-10  ✅
0m    R6/right           ①      L2·邊0/①   0.000000048    0.000006    0.000006   7.215e-11   -2.641e-13  ≤3.13e-06    7.24e-11  ✅
------------------------------------------------------------------------------------------------------------------------------------
  ⇒ 與閉式預測（或 δ_P 二份實作）不符之格：**0**（逐格相符 ✅）
  ⇒ **階段 B** 之最大 |殘差| ＝ 3.141e-10 m（✅ ~1e-10 量級）

【B】⭐ 鑑別力（施工單 §三 階段 A）：分支 ① 之二格於甲式下殘差為 0，乙式下應為最大與次大
------------------------------------------------------------------------------------------------------------------------------------
  第 1 名：0m R3/right（支(一層) ①）｜|殘差| 4.867e-03 m
  第 2 名：0m R1/left（支(一層) ①）｜|殘差| 1.643e-03 m
  第 3 名：0m R4/right（支(一層) ②）｜|殘差| 7.298e-04 m
  第 4 名：3.5m R4/right（支(一層) ②）｜|殘差| 7.021e-04 m
  ⇒ 前二名 ＝ [('0m', 'R1/left'), ('0m', 'R3/right')]；施工單預告 ＝ [('0m', 'R1/left'), ('0m', 'R3/right')]  ✅ 相符

【C】`fixture_corner_range_k8.main()` 之自身判定（patch 注入乙式 `t*`）
    ⚠️ **本節之判定隨夾具之世代而異**：
      · 夾具為**甲式**（§二-2 施工前）⇒ 這是**階段 A** ⇒ 預期 **rc=1 / FAIL**
        （as-run 存證：`verify/out/probe_K9_7d_stageA_asrun.log`）
      · 夾具為**乙式**（§二-2 施工後）⇒ 這是**階段 B** ⇒ 預期 **rc=0 / PASS**
------------------------------------------------------------------------------------------------------------------------------------
  R1 left      0.0    3.50      3.500000   +1.30e-10  ✅
  R1 right     0.0    3.50      3.500000   +1.34e-10  ✅
  R2 left      0.0    3.50      3.500000   +7.88e-12  ✅
  R3 right     0.0    3.50      3.500000   +9.48e-11  ✅
  R4 left      0.0    3.50      3.500000   -9.19e-11  ✅
  R4 right     0.0    3.50      3.500000   +1.48e-10  ✅
  R5 left      0.0    3.50      3.500000   +1.78e-10  ✅
  R6 right     0.0    3.50      3.500000   +7.24e-11  ✅
  R1 left      3.5    7.00      7.000000   +1.18e-10  ✅
  R1 right     3.5    7.00      7.000000   -8.37e-11  ✅
  R2 left      3.5    7.00      7.000000   -2.98e-10  ✅
  R3 right     3.5    7.00      7.000000   +1.57e-10  ✅
  R4 left      3.5    7.00      7.000000   +4.83e-11  ✅
  R4 right     3.5    7.00      7.000000   +3.58e-11  ✅
  R5 left      3.5    7.00      7.000000   +3.14e-10  ✅
  R6 right     3.5    7.00      7.000000   -1.75e-10  ✅
  R1 left       114.7072    230.8098  ✅
  R1 right      116.8414    232.7931  ✅
  R2 left       227.1050    384.1511  ✅
  R3 right      226.6930    383.6669  ✅
  R4 left       135.1873    251.1151  ✅
  R4 right      137.0042    252.8551  ✅
  R5 left       217.9702    371.1713  ✅
  R6 right      145.8835    298.1445  ✅
  RESULT: PASS
  ⇒ patch 命中 21 次｜**夾具 rc ＝ 0**（PASS）
  ⚠️ 階段 A **預期夾具為 FAIL**——夾具仍是甲式、引擎已是乙式；階段 B 改夾具後方應轉綠。

【D】註記
  · **只算不換**：第二層維持零生產呼叫點；patch 僅存在於本行程。
  · 夾具側之量測**逐字呼叫夾具自身之** `_alloc_edge_of`／`_range_min_depth`／`_band_min_width`，
    ⛔ 本檔未重寫第四份量測——否則對拍就變成「本檔 vs 引擎」而非「夾具 vs 引擎」。
  · ⛔ 判準為**同號 ＋ 同量級**，不得要求逐位元相等（`δ_P` 隨 `t` 變動、`t*` 亦重解）。
