========================================================================================================
# `W-G.9-6` `Q3` 盤點：22 名目逐項三欄（機械部分）
  母體 ＝ verify\run_verification.py
  🔴 **射程上界**：行覆蓋只能證「**未執行**」，⛔ **不能**證「執行了就有在守」（恆真性未量）
  🔴 **射程**：`run_all` 之 subprocess 夾具段**不在**覆蓋射程內
========================================================================================================
  覆蓋：可執行敘述行 807｜其中**未執行** 384（47.6%）
  `results.append` 站點 ＝ 107｜✅ 曾執行 27｜🔴 **從未執行 80**（該閘連登記結果都沒發生）
  期望 FAIL 名單 ＝ 22 名目｜`run_all` 末端夾具 ＝ 10 支（subprocess·射程外但確有執行）

────────────────────────────────────────────────────────────────────────────────────────────────────────
【逐項】22 名目（⛔ 含 ②③ 為空者亦正面列出）
────────────────────────────────────────────────────────────────────────────────────────────────────────

▸ **參數0m**
   ① 站點 `run_verification.py:513`　名目字面 ＝ '參數{…}'　（本輪✅ 有執行）
   ② **無** ——該站點不在任何 `try` 內 ⇒ 無「因例外而中止」之後續判定式
   ③ **自身仍活**：本站點本輪有執行、且產出 FAIL 明細 ⇒ 其命題仍被判定（只是紅）

▸ **參數3.5m**
   ① 站點 `run_verification.py:513`　名目字面 ＝ '參數{…}'　（本輪✅ 有執行）
   ② **無** ——該站點不在任何 `try` 內 ⇒ 無「因例外而中止」之後續判定式
   ③ **自身仍活**：本站點本輪有執行、且產出 FAIL 明細 ⇒ 其命題仍被判定（只是紅）

▸ **v3·診斷0m（全欄逐格·無豁免）**
   ① 站點 `run_verification.py:599`　名目字面 ＝ 'v3·診斷{…}（全欄逐格·無豁免）'　（本輪✅ 有執行）
   ② **無** ——該站點不在任何 `try` 內 ⇒ 無「因例外而中止」之後續判定式
   ③ **自身仍活**：本站點本輪有執行、且產出 FAIL 明細 ⇒ 其命題仍被判定（只是紅）

▸ **率接線無串聯0m（vs v1 原錨，豁免 G估 後逐格全等）**
   ① 站點 `run_verification.py:608`　名目字面 ＝ '率接線無串聯{…}（vs v1 原錨，豁免 G估 後逐格全等）'　（本輪✅ 有執行）
   ② **無** ——該站點不在任何 `try` 內 ⇒ 無「因例外而中止」之後續判定式
   ③ **自身仍活**：本站點本輪有執行、且產出 FAIL 明細 ⇒ 其命題仍被判定（只是紅）

▸ **率接線 G估 欄變動0m 1 格（期 0·Y 波後 baseline 同源）**
   ① 站點 `run_verification.py:629`　名目字面 ＝ '率接線 G估 欄變動{…} {…} 格（期 {…}·Y 波後 baseline 同源）'　（本輪✅ 有執行）
   ② **無** ——該站點不在任何 `try` 內 ⇒ 無「因例外而中止」之後續判定式
   ③ **自身仍活**：本站點本輪有執行、且產出 FAIL 明細 ⇒ 其命題仍被判定（只是紅）

▸ **指配0m**
   ① 站點 `run_verification.py:640`　名目字面 ＝ '指配{…}'　（本輪✅ 有執行）
   ② **無** ——該站點不在任何 `try` 內 ⇒ 無「因例外而中止」之後續判定式
   ③ **自身仍活**：本站點本輪有執行、且產出 FAIL 明細 ⇒ 其命題仍被判定（只是紅）

▸ **v3·StepG0m（結構閘/看守觸發）**
   ① 站點 `run_verification.py:685`　名目字面 ＝ 'v3·StepG{…}（結構閘/看守觸發）'　（本輪✅ 有執行）
   ② `try`(:655) body 27 行 → **未執行 24 行**（659–683）；其中**從未執行之 `results.append` 站點 ＝ 5 處**
        🔴 :666    結構不變量永久閘{…}（守恆/⊥/位次=投影序/J(k*)≥J(naive)/理論=實跑/telescoping）
        🔴 :671    v3·G值{…}
        🔴 :675    v3·滑池槽{…}
        🔴 :679    v3·J表{…}
        🔴 :682    k* 六塊經驗錨{…} {…}
   ③ 候選接手者（曾執行之站點 ∩ 命題關鍵詞 ['G值', 'J表', '守恆', '投影序', '滑池槽', '結構不變量', '錨']） ＝ ['v3 中繼錨 工程費/重劃費/費用總額 == {…}/{…}/{…}', 'v3 財務錨 B == {…}（獨立輸入現算 → {…}）', 'v3 財務錨 C == {…}（加總形分母 {…}）', '率接線無串聯{…}（vs v1 原錨，豁免 G估 後逐格全等）']

▸ **v3·診斷3.5m（全欄逐格·無豁免）**
   ① 站點 `run_verification.py:599`　名目字面 ＝ 'v3·診斷{…}（全欄逐格·無豁免）'　（本輪✅ 有執行）
   ② **無** ——該站點不在任何 `try` 內 ⇒ 無「因例外而中止」之後續判定式
   ③ **自身仍活**：本站點本輪有執行、且產出 FAIL 明細 ⇒ 其命題仍被判定（只是紅）

▸ **率接線無串聯3.5m（vs v1 原錨，豁免 G估 後逐格全等）**
   ① 站點 `run_verification.py:608`　名目字面 ＝ '率接線無串聯{…}（vs v1 原錨，豁免 G估 後逐格全等）'　（本輪✅ 有執行）
   ② **無** ——該站點不在任何 `try` 內 ⇒ 無「因例外而中止」之後續判定式
   ③ **自身仍活**：本站點本輪有執行、且產出 FAIL 明細 ⇒ 其命題仍被判定（只是紅）

▸ **指配3.5m**
   ① 站點 `run_verification.py:640`　名目字面 ＝ '指配{…}'　（本輪✅ 有執行）
   ② **無** ——該站點不在任何 `try` 內 ⇒ 無「因例外而中止」之後續判定式
   ③ **自身仍活**：本站點本輪有執行、且產出 FAIL 明細 ⇒ 其命題仍被判定（只是紅）

▸ **抵費地3.5m**
   ① 站點 `run_verification.py:645`　名目字面 ＝ '抵費地{…}'　（本輪✅ 有執行）
   ② **無** ——該站點不在任何 `try` 內 ⇒ 無「因例外而中止」之後續判定式
   ③ **自身仍活**：本站點本輪有執行、且產出 FAIL 明細 ⇒ 其命題仍被判定（只是紅）

▸ **v3·StepG3.5m（結構閘/看守觸發）**
   ① 站點 `run_verification.py:685`　名目字面 ＝ 'v3·StepG{…}（結構閘/看守觸發）'　（本輪✅ 有執行）
   ② `try`(:655) body 27 行 → **未執行 24 行**（659–683）；其中**從未執行之 `results.append` 站點 ＝ 5 處**
        🔴 :666    結構不變量永久閘{…}（守恆/⊥/位次=投影序/J(k*)≥J(naive)/理論=實跑/telescoping）
        🔴 :671    v3·G值{…}
        🔴 :675    v3·滑池槽{…}
        🔴 :679    v3·J表{…}
        🔴 :682    k* 六塊經驗錨{…} {…}
   ③ 候選接手者（曾執行之站點 ∩ 命題關鍵詞 ['G值', 'J表', '守恆', '投影序', '滑池槽', '結構不變量', '錨']） ＝ ['v3 中繼錨 工程費/重劃費/費用總額 == {…}/{…}/{…}', 'v3 財務錨 B == {…}（獨立輸入現算 → {…}）', 'v3 財務錨 C == {…}（加總形分母 {…}）', '率接線無串聯{…}（vs v1 原錨，豁免 G估 後逐格全等）']

▸ **v3 財務接線閘**
   ① 站點 `run_verification.py:786`　名目字面 ＝ 'v3 財務接線閘'　（本輪✅ 有執行）
   ② `try`(:692) body 76 行 → **未執行 50 行**（711–783）；其中**從未執行之 `results.append` 站點 ＝ 6 處**
        🔴 :745    v3 reverse-test① 單位工程費 3500→3550 ⟹ C 隨動 ({…}→{…})
        🔴 :753    v3 reverse-test② 前均價 ×1.1 ⟹ B 隨動且 C 不動 (B {…}→{…}；C {…})
        🔴 :764    v3 重劃總負擔率錨 == {…}（現算 {…}）
        🔴 :768    v3 率分項錨 公設負擔比 {…}% ＋ 費用負擔比 {…}%
        🔴 :773    v3 率用 DXF 公設實值 {…}（非截圖 rounded 12146.56）
        🔴 :781    v3 reverse-test③ 單位工程費 3500→3550 ⟹ 重劃總負擔率隨動 ({…}→{…})
   ③ 候選接手者（曾執行之站點 ∩ 命題關鍵詞 ['錨']） ＝ ['v3 中繼錨 工程費/重劃費/費用總額 == {…}/{…}/{…}', 'v3 財務錨 B == {…}（獨立輸入現算 → {…}）', 'v3 財務錨 C == {…}（加總形分母 {…}）', '率接線無串聯{…}（vs v1 原錨，豁免 G估 後逐格全等）']

▸ **W-D.3 碎片**
   ① 站點 `run_verification.py:805`　名目字面 ＝ 'W-D.3 碎片'　（本輪✅ 有執行）
   ② `try`(:793) body 8 行 → **未執行 6 行**（798–803）；其中**從未執行之 `results.append` 站點 ＝ 2 處**
        🔴 :800    W-D.3 碎片幾何/三分類（v3）
        🔴 :803    W-D.3 碎片逐邊CAD（v3）
   ③ 候選接手者（曾執行之站點 ∩ 命題關鍵詞 ['碎片']） ＝ **（空）**
        ⚠️ 候選為空 ⇒ 報告須以**三項射程之否定性宣稱**補證，⛔ 不得逕記為「無人接手」

▸ **W-D.4**
   ① 站點 `run_verification.py:921`　名目字面 ＝ 'W-D.4'　（本輪✅ 有執行）
   ② `try`(:810) body 76 行 → **未執行 74 行**（813–918）；其中**從未執行之 `results.append` 站點 ＝ 14 處**
        🔴 :821    W-D.4 四梯清單{…}（v3 半實算）
        🔴 :825    W-D.4 碎片遞補{…}
        🔴 :829    W-D.4 跨占分配線{…}
        🔴 :845    W-D.4 MinA_區==114.07(正典rounded)·½顯示==57.04(Decimal非round)
        🔴 :851    W-D.4 {…}旗標全消費(群組語意·v3 隨價變)
        🔴 :856    F.0-pre 雙軌錨 軌別{…}·梯次{…}
        🔴 :860    F.0-pre 公設軌 8 群（撤出梯3、待 F.3/F.4）
        🔴 :867    F.0-pre 公設軌補償欄全空（G(a′) 未算前禁取值·停機條款）
        🔴 :873    F.3 母數錨 公設地 {…} 筆／{…} 群持有（廢「30 筆/4,428㎡」）
        🔴 :883    F.0 釋池對象＝梯3 二群 {…}（Σ={…}㎡）
        🔴 :898    W-D.4 MinA_區 reverse-test(改深度→隨動·非寫死)
        🔴 :905    W-D.4 遞補錨 R6 85.66→628-4(1)（跳過 628(2);628-1(2);628-23(1)）
        🔴 :908    W-D.4 持分和逐宗檢核(WARNING-A)
        🔴 :917    W-D.4 第4梯 fixture(查封自成一群·移除後 byte-identical)
   ③ 候選接手者（曾執行之站點 ∩ 命題關鍵詞 ['MinA', '旗標', '碎片', '遞補', '錨']） ＝ ['W-D.3 碎片', 'v3 中繼錨 工程費/重劃費/費用總額 == {…}/{…}/{…}', 'v3 財務錨 B == {…}（獨立輸入現算 → {…}）', 'v3 財務錨 C == {…}（加總形分母 {…}）', '率接線無串聯{…}（vs v1 原錨，豁免 G估 後逐格全等）']

▸ **W-F F.0**
   ① 站點 `run_verification.py:1010`　名目字面 ＝ 'W-F F.0'　（本輪✅ 有執行）
   ② `try`(:933) body 65 行 → **未執行 58 行**（941–1007）；其中**從未執行之 `results.append` 站點 ＝ 13 處**
        🔴 :957    F.0·G值{…}（trunk B 終態）
        🔴 :960    F.0·滑池槽{…}
        🔴 :963    F.0·J表{…}
        🔴 :966    F.0·合併決策{…}
        🔴 :969    F.0·旗標消長{…}
        🔴 :972    F.0·池差閉合{…}
        🔴 :975    F.0 結構永久閘{…}（trunk B 守恆全綠）
        🔴 :977    F.0 位次序不變{…}（投影序∖移除宗）
        🔴 :979    F.0 標的宗毗鄰不變{…}
        🔴 :988    F.0 六格 G(Σa) 錨 0m {…}
        🔴 :996    F.0 旗標 31→17（新生 {…}）
        🔴 :1000   F.0 k* f0 錨 trunk B {…}
        🔴 :1005   F.0 不達標二格 G009→F.2·G014→F.4（先併再標旗轉出）
   ③ 候選接手者（曾執行之站點 ∩ 命題關鍵詞 ['G值', 'J表', '位次序', '合併決策', '守恆', '投影序', '旗標', '毗鄰', '池差', '滑池槽', '結構永久閘', '錨']） ＝ ['v3 中繼錨 工程費/重劃費/費用總額 == {…}/{…}/{…}', 'v3 財務錨 B == {…}（獨立輸入現算 → {…}）', 'v3 財務錨 C == {…}（加總形分母 {…}）', '率接線無串聯{…}（vs v1 原錨，豁免 G估 後逐格全等）']

▸ **W-F F.1**
   ① 站點 `run_verification.py:1061`　名目字面 ＝ 'W-F F.1'　（本輪✅ 有執行）
   ② `try`(:1015) body 33 行 → **未執行 31 行**（1018–1058）；其中**從未執行之 `results.append` 站點 ＝ 5 處**
        🔴 :1028   F.1·遞補整形{…}
        🔴 :1031   F.1·碎片處置{…}
        🔴 :1034   F.1·池驗證{…}
        🔴 :1044   F.1 錨{…}（標的 {…}·寬 {…}≥3.5·池片 {…}→{…}·池差 {…}≈0）
        🔴 :1056   F.1 標記制{…}（{…} 片待 F.4 終態遞補整形，期 {…}）
   ③ 候選接手者（曾執行之站點 ∩ 命題關鍵詞 ['整形', '池差', '碎片', '遞補', '錨']） ＝ ['W-D.3 碎片', 'v3 中繼錨 工程費/重劃費/費用總額 == {…}/{…}/{…}', 'v3 財務錨 B == {…}（獨立輸入現算 → {…}）', 'v3 財務錨 C == {…}（加總形分母 {…}）', '率接線無串聯{…}（vs v1 原錨，豁免 G估 後逐格全等）']

▸ **W-F F.2**
   ① 站點 `run_verification.py:1127`　名目字面 ＝ 'W-F F.2'　（本輪✅ 有執行）
   ② `try`(:1066) body 49 行 → **未執行 47 行**（1069–1123）；其中**從未執行之 `results.append` 站點 ＝ 11 處**
        🔴 :1075   F.2 靜態閘（wf_f2 不呼叫 calc_a_prime／三廢函式）
        🔴 :1088   F.2·跨街廓調配{…}
        🔴 :1091   F.2·G值{…}（trunk C 終態）
        🔴 :1094   F.2·池流向{…}
        🔴 :1096   F.2 結構永久閘{…}（trunk C 守恆全綠）
        🔴 :1100   F.2 跨街廓守恆{…}（源池增/目標池減/全區 |Σ(G−幾何)| {…} ≤ {…}＝Σ街廓 宗數×(0.005×深度＋tol＋0.005)）
        🔴 :1105   F.2 位次序不變{…}（投影序∖移除宗）
        🔴 :1107   F.2 F.1 正交{…}（{…} B→C 全等）
        🔴 :1109   F.2 同區段恆等{…}（同zone轉出 a′==a）
        🔴 :1114   F.2 雙模式並列錨 G021 模式一{…}／模式二{…}
        🔴 :1120   F.2 跨區段 fixture（a→b 模式一 a′={…}≠a=100·模式二R2={…}/R1混={…}）
   ③ 候選接手者（曾執行之站點 ∩ 命題關鍵詞 ['G值', '位次序', '守恆', '投影序', '池流向', '結構永久閘', '調配', '跨區段', '跨街廓', '錨']） ＝ ['v3 中繼錨 工程費/重劃費/費用總額 == {…}/{…}/{…}', 'v3 財務錨 B == {…}（獨立輸入現算 → {…}）', 'v3 財務錨 C == {…}（加總形分母 {…}）', '率接線無串聯{…}（vs v1 原錨，豁免 G估 後逐格全等）']

▸ **W-F F.3**
   ① 站點 `run_verification.py:1191`　名目字面 ＝ 'W-F F.3'　（本輪✅ 有執行）
   ② `try`(:1132) body 48 行 → **未執行 46 行**（1135–1187）；其中**從未執行之 `results.append` 站點 ＝ 12 處**
        🔴 :1140   F.3 靜態閘（wf_f3 不呼叫 calc_a_prime／三廢）
        🔴 :1150   F.3·公設調配{…}
        🔴 :1153   F.3·轉7-4{…}
        🔴 :1156   F.3·G值{…}（trunk D 終態）
        🔴 :1159   F.3·池流向{…}
        🔴 :1163   F.3 零遺漏{…}（59＝併入{…}＋轉7-4{…}）
        🔴 :1167   F.3 結構永久閘{…}（trunk D 守恆綠·|Σ(G−幾何)| {…} ≤ {…}）
        🔴 :1171   F.3 位次序不變{…}
        🔴 :1174   F.3 五則①切半5筆·{…}灌入項{…}
        🔴 :1179   F.3 舊帳重測 628-18(2) a={…}==477.91（新機制·分攤登記96.82）
        🔴 :1182   F.3 轉7-4 9群（含 G025 邊界：建地 F.0梯3釋池）
        🔴 :1186   F.3 跨區段 fixture（a→b a′={…}≠a·ratio≠1）
   ③ 候選接手者（曾執行之站點 ∩ 命題關鍵詞 ['G值', '位次序', '守恆', '池流向', '結構永久閘', '調配', '跨區段']） ＝ **（空）**
        ⚠️ 候選為空 ⇒ 報告須以**三項射程之否定性宣稱**補證，⛔ 不得逕記為「無人接手」

▸ **W-F F.4**
   ① 站點 `run_verification.py:1292`　名目字面 ＝ 'W-F F.4'　（本輪✅ 有執行）
   ② `try`(:1199) body 70 行 → **未執行 68 行**（1202–1289）；其中**從未執行之 `results.append` 站點 ＝ 10 處**
        🔴 :1207   F.4 靜態閘（wf_f4 不呼叫 calc_a_prime／三廢）
        🔴 :1223   F.4·{…}{…}
        🔴 :1228   F.4 結構永久閘{…}（trunk E 守恆綠·|Σ(G−幾何)| {…} ≤ {…}）
        🔴 :1233   F.4 終態旗標=0·位次序·B-1{…}
        🔴 :1238   F.4 池終態三則{…}（各塊 0 或 ≥MinA）
        🔴 :1243   F.4 E2 窮舉最優性{…}（opt {…} ≤ 次優 {…}·可行 {…}/{…}·tie {…}）
        🔴 :1250   F.4 ½<½錨={…}·公設後價等式 {…}==快照
        🔴 :1261   F.4 E0 級1殘餘{…}對錨0m（628-49(1)→628-48(1) 等）
        🔴 :1285   F.4 Q3＋裁示1(a)（配額=合法基地·達標·帳表一致·禁超額）
        🔴 :1289   F.4 模式二 p_avg 母體＝原始 build_parcels（R1/R4 可算）
   ③ 候選接手者（曾執行之站點 ∩ 命題關鍵詞 ['MinA', '位次序', '守恆', '旗標', '結構永久閘', '錨']） ＝ ['v3 中繼錨 工程費/重劃費/費用總額 == {…}/{…}/{…}', 'v3 財務錨 B == {…}（獨立輸入現算 → {…}）', 'v3 財務錨 C == {…}（加總形分母 {…}）', '率接線無串聯{…}（vs v1 原錨，豁免 G估 後逐格全等）']

▸ **W-G G.1 接線層 ctx-builder 同源**
   ① 站點 `run_verification.py:1383`　名目字面 ＝ 'W-G G.1 接線層 ctx-builder 同源'　（本輪✅ 有執行）
   ② `try`(:1299) body 70 行 → **未執行 69 行**（1301–1380）；其中**從未執行之 `results.append` 站點 ＝ 1 處**
        🔴 :1379   W-G G.1 接線層 ctx-builder 同源（cb_by/cad+centerlines/gA/winners/β財務/blocks欄名/指紋/率鋪底）
   ③ 候選接手者（曾執行之站點 ∩ 命題關鍵詞 ['接線']） ＝ ['v3 財務接線閘', '率接線 G估 欄變動{…} {…} 格（期 {…}·Y 波後 baseline 同源）', '率接線無串聯{…}（vs v1 原錨，豁免 G估 後逐格全等）']

▸ **W-G G.2 世代幾何曝出契約**
   ① 站點 `run_verification.py:1437`　名目字面 ＝ 'W-G G.2 世代幾何曝出契約'　（本輪✅ 有執行）
   ② `try`(:1392) body 38 行 → **未執行 32 行**（1403–1434）；其中**從未執行之 `results.append` 站點 ＝ 1 處**
        🔴 :1433   W-G G.2 世代幾何曝出契約＋只寫不讀（v3/f0/f1/f2/f3/E 逐宗座標·靜態越界=0）
   ③ 候選接手者（曾執行之站點 ∩ 命題關鍵詞 ['曝出']） ＝ **（空）**
        ⚠️ 候選為空 ⇒ 報告須以**三項射程之否定性宣稱**補證，⛔ 不得逕記為「無人接手」

────────────────────────────────────────────────────────────────────────────────────────────────────────
【小結】22 名目中，其 `try` body 有未執行行者 ＝ 12 項；
        落於其中、**從未執行之 `results.append` 站點** ＝ 80 處
        全檔從未執行之站點 ＝ 80 處（含不屬上列 22 項 `try` 者）
  🔴 **射程重述**：以上只證「**未執行**」。⛔ 已執行之 27 處是否**恆真**，本批未量。
