
================================================================================================================
【W-G.9-99 補正②】`W_prev` 真鏈之還原 ＋ 忠實重播（⛔ 零生產碼·🔒 實跑管線·⛔ 不讀 log）
================================================================================================================
  基座（log 檔名所綁）＝ **3103ab5**
  HEAD ＝ 3103ab5c5c7945b11fc50fccb80001b8f6482441；`app.py` blob ＝ a9e5671d64d254907a0396f898f046d9d85e8283
  🔒 **資料源 ＝ 本次執行之捕獲**；本檔⛔ 未解析任何既有 log（`§四-4` 之硬約束）。

================================================================================================================
【§一】管線驅動（`-91` 體例）＋ 四處**層疊**（⛔ 未改任一既有探針）
================================================================================================================
  還原後同一物：`spy_solve`＝True／`run_corner_pk`＝True／`run_step_g`＝True
  捕獲 ＝ **124** 次；街廓標籤皆非空 ＝ True
  名稱解析鍵 `(街廓, a_m2)`：相異 ＝ **57**；**歧義鍵 ＝ 2**（逐項具名）
     🩸 歧義 `R3` a_m2=114.0000 ⇒ 628-28(1)／628-29(1)
     🩸 歧義 `R3` a_m2=246.0000 ⇒ 628-47(1)／628-48(1)
  捕獲 ＝ 124；已解析 ＝ **116**；未解析 ＝ **8**（皆因上開歧義鍵）
  ✅ 未解析者**全數落在 `R3`** ⇒ ⛔ 不在本批受詞（`R1`／`R2`／`R5`）內。

================================================================================================================
【§二】`side` kwarg 之值分佈——⛔ 是否可作鏈鍵？
================================================================================================================
  `side` 值分佈 ＝ {'左側': 8, '無': 108, '右側': 8}
  ⇒ 非街角宗恆為 `無` ⇒ **`side` 僅標街角宗、⛔ 不得用以分鏈**
  ⛔ **會使本判為否之輸入**：若 `side` 之相異值數 ≥ 鏈數且逐鏈一一對應，則可作鏈鍵。

  🔒 **模態詞之反例搜尋**：斷言「非街角宗**恆**為 `無`」⇒ 反例 ＝ `is_corner=False` 而 `side≠無`。
     交叉表 `(is_corner, side)` ＝ {(True, '左側'): 8, (False, '無'): 108, (True, '右側'): 8}
     ⇒ **反例（`is_corner=False` ∧ `side≠無`）＝ 0**；併查（`is_corner=True` ∧ `side＝無`）＝ 0
     ⇒ 該模態斷言於本母體（124 次捕獲）**成立**（反例 0）

================================================================================================================
【§三】真鏈之構造性還原（`W_prev == 0` ⇒ 起新鏈；否則 `W_prev[k] == W_far[k-1]`）
================================================================================================================
  鏈 母體 ＝ **73** 組（其中**多元素鏈 ＝ 14** 組·singleton ＝ 59 組）；**接不上者 ＝ 6**（逐項具名）
     🔴 seq=53 lbl=`R6` name=`628-53(1)` W_prev=7.200000 前一 W_far=7.3
     🔴 seq=54 lbl=`R6` name=`628-53(1)` W_prev=7.200000 前一 W_far=7.5
     🔴 seq=55 lbl=`R6` name=`628-38(1)` W_prev=7.200000 前一 W_far=7.7
     🔴 seq=67 lbl=`R6` name=`628-53(1)` W_prev=7.200000 前一 W_far=7.3
     🔴 seq=68 lbl=`R6` name=`628-53(1)` W_prev=7.200000 前一 W_far=7.5
     🔴 seq=69 lbl=`R6` name=`628-38(1)` W_prev=7.200000 前一 W_far=7.7

  🔴 **發現：還原規則⛔ 非普遍成立**——接不上者**全數落在 `R6`**。
     現象：同一宗以**同一 `W_prev`** 被反覆呼叫而 `W_far` 遞增（如 `628-53(1)`：`7.20→7.20`／`7.20→7.30`／`7.20→7.50`／`7.20→7.70`）。
     🩸 **成因未查明·⛔ 不臆造**；本批**只認定其為還原規則之射程限制**。
     ⛔ **會使本判為否之輸入**：該六次之 `W_prev` 等於其前一次之 `W_far`。
  ✅ 接不上者⛔ 不在本批受詞（`R1`／`R2`／`R5`）內 ⇒ 續辦，惟上開限制須逐字出艙。

  逐組（⛔ 全列）：
     #1  `R1`  n=3   628-37(1)[0.00→6.46] → 628-35(2)[6.46→24.49] → 628-36(1)[24.49→42.70]
     #2  `R1`  n=2   628(5)[0.00→7.02] → 628-34(3)[7.02→9.61]
     #3  `R1`  n=2   628-37(1)[0.00→6.46] → 628-35(2)[6.46→24.49]
     #4  `R1`  n=3   628(5)[0.00→7.02] → 628-34(3)[7.02→9.61] → 628-36(1)[9.61→27.55]
     #5  `R2`  n=8   628-41(1)[0.00→4.06] → 628-42(1)[4.06→3.11] → 628-27(1)[3.11→3.75] → 628-40(1)[3.75→10.27] → 628-43(1)[10.27→10.27] → 628-30(2)[10.27→12.20] → 628-39(1)[12.20→17.31] → 628-31(2)[17.31→26.03]
     #6  `R2`  n=1   628-35(1)[0.00→0.00]
     #7  `R2`  n=1   628-34(1)[0.00→0.00]
     #8  `R2`  n=1   628-49(1)[0.00→0.00]
     #9  `R2`  n=1   628-50(1)[0.00→0.00]
     #10 `R2`  n=1   628-51(1)[0.00→0.00]
     #11 `R2`  n=1   628-52(1)[0.00→0.00]
     #12 `R2`  n=1   628-32(2)[0.00→0.00]
     #13 `R2`  n=8   628-41(1)[0.00→4.06] → 628-42(1)[4.06→3.11] → 628-27(1)[3.11→3.75] → 628-40(1)[3.75→10.27] → 628-43(1)[10.27→10.27] → 628-30(2)[10.27→12.20] → 628-39(1)[12.20→17.31] → 628-31(2)[17.31→26.03]
     #14 `R2`  n=1   628-35(1)[0.00→0.00]
     #15 `R2`  n=1   628-34(1)[0.00→0.00]
     #16 `R2`  n=1   628-49(1)[0.00→0.00]
     #17 `R2`  n=1   628-50(1)[0.00→0.00]
     #18 `R2`  n=1   628-51(1)[0.00→0.00]
     #19 `R2`  n=1   628-52(1)[0.00→0.00]
     #20 `R2`  n=1   628-32(2)[0.00→0.00]
     #21 `R4`  n=1   628(1)[0.00→45.94]
     #22 `R4`  n=1   628-1(1)[0.00→14.20]
     #23 `R4`  n=1   628(1)[0.00→45.94]
     #24 `R4`  n=1   628-1(1)[0.00→14.20]
     #25 `R6`  n=1   628(2)[0.00→0.00]
     #26 `R6`  n=1   628-1(2)[0.00→0.00]
     #27 `R6`  n=1   628-23(1)[0.00→0.00]
     #28 `R6`  n=1   628-4(1)[0.00→0.00]
     #29 `R6`  n=1   628-22(1)[0.00→0.00]
     #30 `R6`  n=1   628-21(1)[0.00→0.00]
     #31 `R6`  n=3   628-18(1)[0.00→7.20] → 628-53(1)[7.20→7.20] → 628-53(1)[7.20→7.30]
     #32 `R6`  n=1   628-53(1)[7.20→7.50]
     #33 `R6`  n=1   628-53(1)[7.20→7.70]
     #34 `R6`  n=3   628-38(1)[7.20→9.89] → 628-7(1)[9.89→16.77] → 628-20(1)[16.77→24.42]
     #35 `R6`  n=1   628(2)[0.00→0.00]
     #36 `R6`  n=1   628-1(2)[0.00→0.00]
     #37 `R6`  n=1   628-23(1)[0.00→0.00]
     #38 `R6`  n=1   628-4(1)[0.00→0.00]
     #39 `R6`  n=1   628-22(1)[0.00→0.00]
     #40 `R6`  n=1   628-21(1)[0.00→0.00]
     #41 `R6`  n=3   628-18(1)[0.00→7.20] → 628-53(1)[7.20→7.20] → 628-53(1)[7.20→7.30]
     #42 `R6`  n=1   628-53(1)[7.20→7.50]
     #43 `R6`  n=1   628-53(1)[7.20→7.70]
     #44 `R6`  n=3   628-38(1)[7.20→9.89] → 628-7(1)[9.89→16.77] → 628-20(1)[16.77→24.42]
     #45 `R5`  n=6   628-18(2)[0.00→4.85] → 628-53(2)[4.85→3.57] → 628-45(1)[3.57→4.74] → 628-7(2)[4.74→10.27] → 628-20(2)[10.27→16.84] → 628-30(1)[16.84→17.18]
     #46 `R5`  n=1   628(3)[0.00→0.00]
     #47 `R5`  n=1   628-23(2)[0.00→0.00]
     #48 `R5`  n=1   628-22(2)[0.00→0.00]
     #49 `R5`  n=1   628-32(1)[0.00→0.00]
     #50 `R5`  n=1   628-31(1)[0.00→0.00]
     #51 `R5`  n=1   628-21(2)[0.00→0.00]
     #52 `R5`  n=7   628-18(2)[0.00→4.85] → 628-53(2)[4.85→3.57] → 628-45(1)[3.57→4.74] → 628-7(2)[4.74→10.27] → 628-20(2)[10.27→16.84] → 628-30(1)[16.84→17.18] → 628-21(2)[17.18→27.69]
     #53 `R5`  n=1   628(3)[0.00→0.00]
     #54 `R5`  n=1   628-23(2)[0.00→0.00]
     #55 `R5`  n=1   628-22(2)[0.00→0.00]
     #56 `R5`  n=1   628-32(1)[0.00→0.00]
     #57 `R5`  n=1   628-31(1)[0.00→0.00]
     #58 `R3`  n=1   628(4)[0.00→0.00]
     #59 `R3`  n=1   628-34(2)[0.00→0.00]
     #60 `R3`  n=1   None[0.00→0.00]
     #61 `R3`  n=1   628-46(1)[0.00→0.00]
     #62 `R3`  n=1   None[0.00→0.00]
     #63 `R3`  n=1   628-49(2)[0.00→0.00]
     #64 `R3`  n=1   628-32(3)[0.00→0.00]
     #65 `R3`  n=7   628-45(2)[0.00→4.36] → 628-42(2)[4.36→6.30] → 628-27(2)[6.30→6.88] → None[6.88→8.29] → None[8.29→9.71] → 628-30(3)[9.71→19.62] → 628-31(3)[19.62→28.13]
     #66 `R3`  n=1   628(4)[0.00→0.00]
     #67 `R3`  n=1   628-34(2)[0.00→0.00]
     #68 `R3`  n=1   None[0.00→0.00]
     #69 `R3`  n=1   628-46(1)[0.00→0.00]
     #70 `R3`  n=1   None[0.00→0.00]
     #71 `R3`  n=1   628-49(2)[0.00→0.00]
     #72 `R3`  n=1   628-32(3)[0.00→0.00]
     #73 `R3`  n=7   628-45(2)[0.00→4.36] → 628-42(2)[4.36→6.30] → 628-27(2)[6.30→6.88] → None[6.88→8.29] → None[8.29→9.71] → 628-30(3)[9.71→19.62] → 628-31(3)[19.62→28.13]
  POPULATION=73 PRINTED=73 SUPPRESSED=0  # 鏈（全列）

================================================================================================================
【§四】**singleton 宗**（`W_prev ≡ 0` 且 `W_far ≡ 0` ⇒ ⛔ 不在任何鏈上）
================================================================================================================
  街廓   在鏈宗      singleton singleton 名單（⛔ 全列）
  R1   5        0        （無）
  R2   8        7        628-32(2)、628-34(1)、628-35(1)、628-49(1)、628-50(1)、628-51(1)、628-52(1)
  🩸 `R3` 有 **1** 個未解析名稱（`R3` 歧義鍵）⇒ 已自上表濾除並具名
  R3   5        5        628(4)、628-32(3)、628-34(2)、628-46(1)、628-49(2)
  R4   0        0        （無）
  R5   7        6        628(3)、628-21(2)、628-22(2)、628-23(2)、628-31(1)、628-32(1)
  R6   5        6        628(2)、628-1(2)、628-21(1)、628-22(1)、628-23(1)、628-4(1)

================================================================================================================
【§五】`R1`：同一宗被呼叫多次 ⇒ **換鏈**（`G` 隨之異）
================================================================================================================
  🔒 判準：同 `(街廓, 宗)` 之捕獲次數 > 1。**⛔ 會使本判為否之輸入**：每宗恰 1 次。
  被呼叫 > 1 次之 `(街廓, 宗)` ＝ **56**；其中**跨次 `G` 相異者 ＝ 4**（＝真正之換鏈）
  🔒 排序鍵對 `None` 名稱以 `""` 代之（`R3` 歧義鍵）·⛔ 不因排序而丟列。

  **跨次 `G` 相異者（⛔ 全列）**：
     `R1`｜`628-36(1)`：2 次 ⇒ seq=2 W_prev=24.49→W_far=42.70 G=605.5600、seq=9 W_prev=9.61→W_far=27.55 G=596.2600
        🔒 **定案值 ＝ 末次呼叫** ⇒ `G ＝ 596.2600`
     `R3`｜`None`：8 次 ⇒ seq=98 W_prev=0.00→W_far=0.00 G=143.3900、seq=100 W_prev=0.00→W_far=0.00 G=143.4000、seq=106 W_prev=6.88→W_far=8.29 G=63.5300、seq=107 W_prev=8.29→W_far=9.71 G=63.7300、seq=112 W_prev=0.00→W_far=0.00 G=143.3900、seq=114 W_prev=0.00→W_far=0.00 G=143.4000、seq=120 W_prev=6.88→W_far=8.29 G=63.5300、seq=121 W_prev=8.29→W_far=9.71 G=63.7300
        🔒 **定案值 ＝ 末次呼叫** ⇒ `G ＝ 63.7300`
     `R5`｜`628-21(2)`：2 次 ⇒ seq=83 W_prev=0.00→W_far=0.00 G=471.3300、seq=90 W_prev=17.18→W_far=27.69 G=469.7700
        🔒 **定案值 ＝ 末次呼叫** ⇒ `G ＝ 469.7700`
     `R6`｜`628-53(1)`：8 次 ⇒ seq=51 W_prev=7.20→W_far=7.20 G=0.2600、seq=52 W_prev=7.20→W_far=7.30 G=0.0600、seq=53 W_prev=7.20→W_far=7.50 G=0.0000、seq=54 W_prev=7.20→W_far=7.70 G=0.0000、seq=65 W_prev=7.20→W_far=7.20 G=0.2600、seq=66 W_prev=7.20→W_far=7.30 G=0.0600、seq=67 W_prev=7.20→W_far=7.50 G=0.0000、seq=68 W_prev=7.20→W_far=7.70 G=0.0000
        🔒 **定案值 ＝ 末次呼叫** ⇒ `G ＝ 0.0000`
  POPULATION=4 PRINTED=4 SUPPRESSED=0  # 跨次 G 相異者（全列）
  ⚠️ 其餘 **52** 組雖被多次呼叫而 `G` 逐次相同 ⇒ ⛔ 非換鏈、不列。

================================================================================================================
【§六】被踢除宗之重推（`ordered_v2` ＋ 藍影門檻·⛔ 未自 log 讀取）
================================================================================================================
  `R2` 被踢除宗（重推）＝ `628-42(1)`(3.8200)、`628-27(1)`(29.0800)｜`Σ被踢除G` ＝ **32.9000 ㎡**
  `R5` 被踢除宗（重推）＝ `628-53(2)`(0.9900)、`628-45(1)`(51.2200)｜`Σ被踢除G` ＝ **52.2100 ㎡**

================================================================================================================
【§七】🔒 **忠實重播**：沿**真鏈**剔除被踢除宗後重串 `W_prev`
================================================================================================================
  🔒 **末趟過濾**：多元素鏈 14 組 ⇒ 末趟 **5** 組（⛔ 其餘為前趟·不得累加）
     R1   n=3  前趟     628-37(1) → 628-35(2) → 628-36(1)
     R1   n=2  前趟     628(5) → 628-34(3)
     R1   n=2  **末趟** 628-37(1) → 628-35(2)
     R1   n=3  **末趟** 628(5) → 628-34(3) → 628-36(1)
     R2   n=8  前趟     628-41(1) → 628-42(1) → 628-27(1) → 628-40(1) → 628-43(1) → 628-30(2) → 628-39(1) → 628-31(2)
     R2   n=8  **末趟** 628-41(1) → 628-42(1) → 628-27(1) → 628-40(1) → 628-43(1) → 628-30(2) → 628-39(1) → 628-31(2)
     R6   n=3  前趟     628-18(1) → 628-53(1) → 628-53(1)
     R6   n=3  前趟     628-38(1) → 628-7(1) → 628-20(1)
     R6   n=3  前趟     628-18(1) → 628-53(1) → 628-53(1)
     R6   n=3  **末趟** 628-38(1) → 628-7(1) → 628-20(1)
     R5   n=6  前趟     628-18(2) → 628-53(2) → 628-45(1) → 628-7(2) → 628-20(2) → 628-30(1)
     R5   n=7  **末趟** 628-18(2) → 628-53(2) → 628-45(1) → 628-7(2) → 628-20(2) → 628-30(1) → 628-21(2)
     R3   n=7  前趟     628-45(2) → 628-42(2) → 628-27(2) → ? → ? → 628-30(3) → 628-31(3)
     R3   n=7  前趟     628-45(2) → 628-42(2) → 628-27(2) → ? → ? → 628-30(3) → 628-31(3)

  街廓   宗                W_prev舊      W_prev新      G_舊          G_新          Δ
  R2   628-41(1)        0.0000       0.0000       175.9500     175.9500     +0.000000
  R2   628-40(1)        3.7500       4.0600       293.2200     293.9700     +0.750000
  R2   628-43(1)        10.2700      10.2800      0.2600       0.2700       +0.010000
  R2   628-30(2)        10.2700      10.2700      86.6600      86.6600      +0.000000
  R2   628-39(1)        12.2000      12.2000      229.7200     229.7200     +0.000000
  R2   628-31(2)        17.3100      17.3100      390.9800     390.9800     +0.000000
     ⇒ `R2`：`Σ被踢除G` ＝ 32.9000｜`ΣΔ` ＝ +0.7600｜**池增量 ＝ 32.1400 ㎡**
  R5   628-18(2)        0.0000       0.0000       205.4900     205.4900     +0.000000
  R5   628-7(2)         4.7400       4.8500       243.1500     243.4000     +0.250000
  R5   628-20(2)        10.2700      10.2800      290.7400     290.7600     +0.020000
  R5   628-30(1)        16.8400      16.8400      15.3800      15.3800      +0.000000
  R5   628-21(2)        17.1800      17.1800      469.7700     469.7700     +0.000000
     ⇒ `R5`：`Σ被踢除G` ＝ 52.2100｜`ΣΔ` ＝ +0.2700｜**池增量 ＝ 51.9400 ㎡**

  🔒 **合計：`Σ被踢除G` ＝ 85.1100｜`ΣΔ` ＝ +1.0300｜池增量 ＝ `84.0800 ㎡`**

================================================================================================================
【§八】🔒 `R1` 之忠實重播（**實跑**·⛔ 非以「應為 0」推論）⇒ 否證 `56.4000`
================================================================================================================
  `R1` 628-37(1)        W_prev 舊=0.0000     新=0.0000      G_舊=208.1600    G_新=208.1600    Δ=+0.000000
  `R1` 628-35(2)        W_prev 舊=6.4600     新=6.4600      G_舊=599.9100    G_新=599.9100    Δ=+0.000000
  `R1` 628(5)           W_prev 舊=0.0000     新=0.0000      G_舊=227.7300    G_新=227.7300    Δ=+0.000000
  `R1` 628-34(3)        W_prev 舊=7.0200     新=7.0200      G_舊=86.0000     G_新=86.0000     Δ=+0.000000
  `R1` 628-36(1)        W_prev 舊=9.6100     新=9.6100      G_舊=596.2600    G_新=596.2600    Δ=+0.000000

  🔒 **`R1` 忠實重播之 `ΣΔ` ＝ +0.000000**（`-99` 之單鏈重播得 `+27.6800`）
  ⇒ `56.4000 ㎡` 之 `27.6800` **係鏈壓縮之偽項** ⇒ **否證**；甲／乙二射程之對立不成立。

================================================================================================================
【§九】收工：生產檔 hash 前後對拍・`SELF` 自扣・停機逐字
================================================================================================================
  10 支生產檔 `git hash-object` 出艙前後**逐位相同** ＝ **10／10** ⇒ ✅ 零生產碼變更
     app.py                             a9e5671d64d254907a0396f898f046d9d85e8283 ✅
     verify/stepg_pipeline.py           8205e85c5589535b174d7ebecc4f7644225bd164 ✅
     verify/selection_pipeline.py       e7bde44a040b22100ba5a1943150dd3fb32c1158 ✅
     verify/run_verification.py         ae2cb0b549e0ac1eda2f645807fdc6aa11b556ee ✅
     verify/wd4_tier_list.py            cfd8de92c70eb7068a6f0650e33a5f7c71e1523d ✅
     verify/wf_f0.py                    0a96f8fd3968fa90d04e3394fd73e7f5b0994a55 ✅
     verify/wf_f1.py                    a24edfcb7c2f383e529f68782efcbf49439d9e6e ✅
     verify/wf_f2.py                    0a019f9d58e21d4978ae22dc8c5941d4de1bcdc3 ✅
     verify/wf_f3.py                    2ea9b70de537b6f8115a6f5167327cbea715c49e ✅
     verify/wf_f4.py                    1d0c36debb27a2e5ef3f94b6b2cee7403d9ebc76 ✅

  🔒 **`SELF` 自扣**：本批產物 ＝ `verify/probes/probe_WG999c_true_chain.py`、`verify/out/probe_WG999c_true_chain_3103ab5.log`、`docs/reports/W-G.9-99_乙之遞補鏈shim.md（【更正之更正】段）`、`docs/驗證裁定登記表.md（`VR-055`）`、`docs/reports/W-G.9波_claude.ai側自誤登記.md（自誤 `111`）`
     ⇒ ⛔ 不在本檔任一母體內（母體皆為捕獲／鏈／宗·⛔ 非檔案母體）。
  🔒 **⛔ 未讀任何既有 log**：本檔之數皆由本次執行之 `_solve_G_one` 捕獲現算。

  ✅ 本檔未觸任一停機條件。
