==================================================================================================================================================================================================================
【W-G.9-87 §二 A 組】`K-9-9 二` 之精確實作／三項更正之消融／斜跨距之來源／`D-0` 二項補辦
==================================================================================================================================================================================================================
  產生於 commit：dd0a461
  環境：shapely 2.1.2 | GEOS (3, 13, 1) | numpy 2.4.4
  🔒 A-0 **事前選定：偏向<u>保留違反</u>**（甲/乙/丙 三條見 docstring）
  🔴 **門檻 ＝ 正典之 `_PAR_TOL = 1.0e-06`**（`K-6:1010`·原樣自 `w86` 取·⛔ 不另立）
  🔒 情境母體 ＝ **僅 0m**（⛔ 不擴·具名）

【0】量測器自檢（⛔ 先自檢後量測·每項皆附**已知真／已知偽**對照）
------------------------------------------------------------------------------------------------------------------------------------------------------------------------------------------------------------------
  ① **三旗全關 == `w40.eval_lot`**（⛔ 非重造判定式）：逐格四項全同 ＝ **6 ／ 6** ⇒ PASS
     🔒 已知【甲】(P_prev=10,B_prev=4) ⇒ 甲／已知【乙】(10,16) ⇒ 乙／已知【合格】(本宗 30) ⇒ 合格／**已知【不合格】(本宗 12)** ⇒ 不合格
  ② **推進向定序之判別力**（右側鏡像·`adv=−1`）：
     (a) 已推進過頭 (P_cur s=88 < B_prev s=96)：舊 **不合格** ／ 新 **合格**（期望 不合格／合格）
     (b) **未推進足夠** (P_cur s=98 > B_prev s=96)：舊 **不合格** ／ 新 **不合格**（期望 不合格／**不合格**）
     ⇒ 🔒 **新形之「不合格」計數⛔ 非恆 0**（(b) 即會使它為否之輸入）⇒ PASS
  ③ **實算垂足**：沿 **FRONTLINE 法向**之垂足 ⇒ `|Δs|` ＝ **1.776e-15**（`ulp(10)=1.776e-15`·**殘差/ulp ＝ 1.00**）
     🔒 **已知偽之對照**（沿偏 0.30 之非法向）⇒ `|Δs|` ＝ **1.200e+01**（須 ≫ 0）⇒ PASS
  ④ **`_PAR_TOL` 原樣自 `w86` 取**（⛔ 不重造）：`ast` ＝ 1.0e-06 ／ `regex` ＝ 1.0e-06 ／ 本檔用 1.0e-06 ⇒ PASS
  ⑤ **第十三法之判別力（常設 8）**：合成模組（迴圈**標頭** 2 筆 ＋ **誘餌 3 筆**於迴圈體與模組級）
     ⇒ **第十三法 ＝ 2**（期望 2·名單 ['fixture_a.py', 'fixture_b.py']）／全檔文本法（① 族）＝ **5**（期望 5）⇒ PASS
     🔒 ⇒ **二法之受詞確實不同**（⛔ 非同族）——本法之受詞 ＝ `co_lines()` 之 `offset→lineno` 映射
  ⑥ **常設 9**：`PAR_TOL = 1.0e-06` 施於 `|sin|` ∈ [0,1]（`ulp(1.0) = 2.220e-16`）⇒ 門檻/ulp ＝ 4.504e+09；`TOL_ORD = 1.0e-06` 施於 `s` 之差（量級 ~1e2·`ulp(1e2) = 1.421e-14`）⇒ 門檻/ulp ＝ 7.037e+07
  ⇒ 量測器自檢：PASS

【驅動】`0m` × R1–R6——攔截 **6 格**；`side_lines_by_side` 之街廓數 ＝ **6**

【A-1-0】**推進向 `adv` 之二源對拍**（`K-6:2115`／`:2158`·⛔ 禁硬編）
------------------------------------------------------------------------------------------------------------------------------------------------------------------------------------------------------------------
  🔒 **源甲**（＝ `-85` 之法·原樣）：同格二組中，**平均 `s` 較小者** ＝ 左組 ⇒ `adv=+1`；另一組 `adv=−1`
  🔒 **源乙**（本批新取·⛔ 獨立資料）：`cad['side_lines_by_side'][街廓]` 之 `left`／`right`（其側別由 `app.py` 依 **FRONT p1→p2** 導出）⇒ 組之平均 `s` 距何側之 SIDE_LINE 較近
  街廓    側        宗數        組平均 s       SIDE左 s     SIDE右 s     源甲 adv    源乙 adv    一致?     
  R1    左        2         10.6680     1.1795      88.8548     +1        +1        ✅       
  R1    右        3         78.7177     1.1795      88.8548     −1        −1        ✅       
  R2    左        8         9.4736      0.1082      —           +1        +1        ✅       
  R2    右        7         84.6612     0.1082      —           −1        −1        ✅       
  R3    左        7         8.5839      —           93.0241     +1        +1        ✅       
  R3    右        7         82.9774     —           93.0241     −1        −1        ✅       
  R4    左        1         24.7807     1.5419      98.8178     +1        +1        ✅       
  R4    右        1         91.6222     1.5419      98.8178     −1        −1        ✅       
  R5    左        7         10.0075     -0.3694     —           +1        +1        ✅       
  R5    右        5         75.9719     -0.3694     —           −1        −1        ✅       
  R6    左        6         12.5563     —           87.5980     +1        +1        ✅       
  R6    右        5         76.9258     —           87.5980     −1        −1        ✅       
  POPULATION=12 PRINTED=12 SUPPRESSED=0  # A-1-0 逐 (街廓, 側)（全列）
  🔒 **二源皆可取者 ＝ 12 ／ 12**；其中**一致 ＝ 12**；⛔ 源乙取不到者 ＝ 0（該格缺 SIDE_LINE·具名）
  🔒 **常設 14 ③（判別力為零者）**：源乙取不到之格，對「二源是否一致」之判別力 ＝ **0** ⇒ 0 筆

  🔒 **`eval_exact(000·丙)` 與 `w40.eval_lot` 之逐位對拍**：逐宗四項全同 ＝ **47 ／ 47** ⇒ ✅ **⛔ 非重造判定式**

【C／A-1】🛑 **`K-9-9 二` 之精確實作與重判**（母體 ＝ **47 宗**·⛔ 不縮）
------------------------------------------------------------------------------------------------------------------------------------------------------------------------------------------------------------------
  🔒 **三項更正**（逐字錨）：甲 定序依推進方向（`:2115–2116`／`:2158`）／乙 實算垂足（`:2119–2120`）／丙 逐端點對應比較（`:2121–2122`／`:2126–2132`）
  🔒🔒 **本表之一切 `s` 皆為 `s_adv`（推進向框·右組 ＝ 原 `s` 之負）**——⛔ 不得與 `-86` 之原框 `s` 直接相減（`-85` §I-2 之框錯教訓）
  街廓    側     i    前    情形        s(P_prev)    s(B_prev)        B⊥ 之 s        P⊥ 之 s       起算front        起算base     Δ_front′      Δ_base′ 出艙碼     
  R1    左     1    0    乙            6.4796       8.8385  6.479598e+00  8.838507e+00  8.838507e+00  8.838507e+00 1.557194e+01 1.825503e+01 ✅ 合格    
  R1    右     3    2    甲          -87.3130     -90.3965 -8.731303e+01 -9.039648e+01 -8.731303e+01 -8.731303e+01 7.048469e+00 3.964751e+00 ✅ 合格    
  R1    右     4    3    甲          -80.2646     -83.3483 -8.026456e+01 -8.334828e+01 -8.026456e+01 -8.026456e+01 2.394442e+00 -2.868835e-01 🔴 不合格   
  R2    左     1    0    乙            0.0000       0.2163  1.204131e-06  2.163245e-01  2.163245e-01  2.163245e-01 4.597615e+00 1.418602e+00 ✅ 合格    
  R2    左     2    1    甲            4.8139       1.6349  4.813939e+00  1.634927e+00  4.813939e+00  4.813939e+00 6.472412e-01 -2.531326e+00 🔴 不合格   
  R2    左     3    2    甲            5.4612       2.2826  5.461181e+00  2.282614e+00  5.461181e+00  5.461181e+00 6.530143e+00 3.356072e+00 ✅ 合格    
  R2    左     4    3    甲           11.9913       8.8173  1.199132e+01  8.817253e+00  1.199132e+01  1.199132e+01 6.044958e-03 -3.168022e+00 🔴 不合格   
  R2    左     5    4    甲           11.9974       8.8233  1.199737e+01  8.823302e+00  1.199737e+01  1.199737e+01 1.931567e+00 -1.241170e+00 🔴 不合格   
  R2    左     6    5    甲           13.9289      10.7562  1.392894e+01  1.075620e+01  1.392894e+01  1.392894e+01 5.124643e+00 1.955434e+00 ✅ 合格    
  R2    左     7    6    甲           19.0536      15.8844  1.905358e+01  1.588437e+01  1.905358e+01  1.905358e+01 8.735118e+00 5.571924e+00 ✅ 合格    
  R2    右     9    8    乙         -100.0274     -96.9139 -1.000274e+02 -9.691395e+01 -9.691395e+01 -9.691395e+01 -1.774195e+00 1.340186e+00 🔴 不合格   
  R2    右     10   9    乙          -98.6881     -95.5738 -9.868814e+01 -9.557376e+01 -9.557376e+01 -9.557376e+01 6.689791e+00 9.810922e+00 ✅ 合格    
  R2    右     11   10   乙          -88.8840     -85.7628 -8.888397e+01 -8.576284e+01 -8.576284e+01 -8.576284e+01 -1.637938e+00 1.484215e+00 🔴 不合格   
  R2    右     12   11   乙          -87.4008     -84.2786 -8.740078e+01 -8.427862e+01 -8.427862e+01 -8.427862e+01 2.111066e-01 3.335554e+00 ✅ 合格    
  R2    右     13   12   乙          -84.0675     -80.9431 -8.406752e+01 -8.094307e+01 -8.094307e+01 -8.094307e+01 1.928910e-01 3.319622e+00 ✅ 合格    
  R2    右     14   13   乙          -80.7502     -77.6234 -8.075018e+01 -7.762345e+01 -7.762345e+01 -7.762345e+01 -1.507243e+00 1.620604e+00 🔴 不合格   
  R3    左     1    0    甲            1.0265      -3.0266  1.026535e+00 -3.026620e+00  1.026535e+00  1.026535e+00 5.716925e+00 1.657389e+00 ✅ 合格    
  R3    左     2    1    甲            6.7435       2.6839  6.743461e+00  2.683924e+00  6.743461e+00  6.743461e+00 3.271498e+00 -7.916896e-01 🔴 不合格   
  R3    左     3    2    甲           10.0150       5.9518  1.001496e+01  5.951771e+00  1.001496e+01  1.001496e+01 1.659252e+00 -2.405788e+00 🔴 不合格   
  R3    左     4    3    甲           11.6742       7.6092  1.167421e+01  7.609171e+00  1.167421e+01  1.167421e+01 3.267440e+00 -8.012468e-01 🔴 不合格   
  R3    左     5    4    甲           14.9417      10.8730  1.494165e+01  1.087296e+01  1.494165e+01  1.494165e+01 1.800076e+00 -2.270620e+00 🔴 不合格   
  R3    左     6    5    甲           16.7417      12.6710  1.674173e+01  1.267103e+01  1.674173e+01  1.674173e+01 9.580583e+00 5.499194e+00 ✅ 合格    
  R3    右     8    7    乙          -93.4051     -92.6432 -9.340511e+01 -9.264315e+01 -9.264315e+01 -9.264315e+01 3.600951e+00 4.362015e+00 ✅ 合格    
  R3    右     9    8    乙          -89.0422     -88.2811 -8.904220e+01 -8.828114e+01 -8.828114e+01 -8.828114e+01 -4.959667e-01 3.655132e+00 🔴 不合格   
  R3    右     10   9    乙          -88.7771     -84.6260 -8.877710e+01 -8.462601e+01 -8.462601e+01 -8.462601e+01 -3.571922e+00 5.785299e-01 🔴 不合格   
  R3    右     11   10   乙          -88.1979     -84.0475 -8.819793e+01 -8.404748e+01 -8.404748e+01 -8.404748e+01 -2.731871e+00 1.416998e+00 🔴 不合格   
  R3    右     12   11   乙          -86.7793     -82.6305 -8.677935e+01 -8.263048e+01 -8.263048e+01 -8.263048e+01 -2.725449e+00 1.421831e+00 🔴 不合格   
  R3    右     13   12   乙          -85.3559     -81.2086 -8.535593e+01 -8.120865e+01 -8.120865e+01 -8.120865e+01 5.809959e+00 9.946125e+00 ✅ 合格    
  R5    左     1    0    甲            4.8498       4.1072  4.849830e+00  4.107193e+00  4.849830e+00  4.849830e+00 3.864978e-01 -3.655290e+00 🔴 不合格   
  R5    左     2    1    甲            5.2363       1.1945  5.236328e+00  1.194540e+00  5.236328e+00  5.236328e+00 1.173771e+00 -2.873150e+00 🔴 不合格   
  R5    左     3    2    甲            6.4101       2.3632  6.410099e+00  2.363178e+00  6.410099e+00  6.410099e+00 5.551263e+00 1.480066e+00 ✅ 合格    
  R5    左     4    3    甲           11.9614       7.8902  1.196136e+01  7.890165e+00  1.196136e+01  1.196136e+01 6.594561e+00 2.494525e+00 ✅ 合格    
  R5    左     5    4    甲           18.5559      14.4559  1.855592e+01  1.445589e+01  1.855592e+01  1.855592e+01 3.475072e-01 -3.754048e+00 🔴 不合格   
  R5    左     6    5    甲           18.9034      14.8019  1.890343e+01  1.480187e+01  1.890343e+01  1.890343e+01 1.055401e+01 6.406302e+00 ✅ 合格    
  R5    右     8    7    乙          -92.7995     -88.3748 -9.279955e+01 -8.837483e+01 -8.837483e+01 -8.837483e+01 -1.305258e+00 3.105811e+00 🔴 不合格   
  R5    右     9    8    乙          -89.6801     -85.2690 -8.968009e+01 -8.526902e+01 -8.526902e+01 -8.526902e+01 4.526393e+00 8.898377e+00 ✅ 合格    
  R5    右     10   9    乙          -80.7426     -76.3706 -8.074263e+01 -7.637065e+01 -7.637065e+01 -7.637065e+01 6.719095e+00 1.104258e+01 ✅ 合格    
  R5    右     11   10   乙          -69.6516     -65.3281 -6.965155e+01 -6.532807e+01 -6.532807e+01 -6.532807e+01 -4.256017e+00 6.716945e-02 🔴 不合格   
  R6    左     1    0    乙            0.1552       3.9861  1.552400e-01  3.986118e+00  3.986118e+00  3.986118e+00 -7.571907e-01 3.061323e+00 🔴 不合格   
  R6    左     2    1    乙            3.2289       7.0474  3.228927e+00  7.047441e+00  7.047441e+00  7.047441e+00 -2.317563e+00 1.494912e+00 🔴 不合格   
  R6    左     3    2    乙            4.7299       8.5424  4.729877e+00  8.542353e+00  8.542353e+00  8.542353e+00 1.093675e+01 1.468989e+01 ✅ 合格    
  R6    左     4    3    乙           19.4791      23.2322  1.947910e+01  2.323225e+01  2.323225e+01  2.323225e+01 -4.777013e-01 3.262268e+00 🔴 不合格   
  R6    左     5    4    乙           22.7545      26.4945  2.275455e+01  2.649452e+01  2.649452e+01  2.649452e+01 8.084667e-01 4.530139e+00 ✅ 合格    
  R6    右     7    6    甲          -85.8549     -89.3411 -8.585495e+01 -8.934109e+01 -8.585495e+01 -8.585495e+01 7.221163e+00 3.705973e+00 ✅ 合格    
  R6    右     8    7    甲          -78.6338     -82.1490 -7.863378e+01 -8.214897e+01 -7.863378e+01 -7.863378e+01 5.874344e-03 -3.509337e+00 🔴 不合格   
  R6    右     9    8    甲          -78.6279     -82.1431 -7.862791e+01 -8.214312e+01 -7.862791e+01 -7.862791e+01 2.696015e+00 -8.300407e-01 🔴 不合格   
  R6    右     10   9    甲          -75.9319     -79.4580 -7.593189e+01 -7.945795e+01 -7.593189e+01 -7.593189e+01 6.899286e+00 3.345477e+00 ✅ 合格    
  POPULATION=47 PRINTED=47 SUPPRESSED=0  # A-1 正典逐字重判（全列）

  🔒 **垂足之<u>坐標</u>（施工單 A-1 明令『含垂足坐標』·⛔ 非只給 `s`）**
  街廓    側     i    前                     B⊥ (x, y)                  P⊥ (x, y)
  R1    左     1    0    (310431.9359, 2651982.9277) (310457.6424, 2652004.0088)
  R1    右     3    2    (310487.5230, 2651924.2411) (310513.7036, 2651944.7732)
  R1    右     4    3    (310482.6760, 2651929.3584) (310508.8588, 2651949.8923)
  R2    左     1    0    (310394.6567, 2651881.8036) (310361.6614, 2651912.3395)
  R2    左     2    1    (310397.8749, 2651885.3841) (310362.6200, 2651913.3853)
  R2    左     3    2    (310398.3076, 2651885.8655) (310363.0576, 2651913.8628)
  R2    左     4    3    (310402.6731, 2651890.7223) (310367.4730, 2651918.6800)
  R2    左     5    4    (310402.6771, 2651890.7268) (310367.4770, 2651918.6845)
  R2    左     6    5    (310403.9684, 2651892.1635) (310368.7831, 2651920.1094)
  R2    左     7    6    (310407.3943, 2651895.9750) (310372.2481, 2651923.8898)
  R2    右     9    8    (310461.5266, 2651956.2002) (310426.9986, 2651983.6240)
  R2    右     10   9    (310460.6312, 2651955.2041) (310426.0931, 2651982.6361)
  R2    右     11   10   (310454.0770, 2651947.9121) (310419.4640, 2651975.4036)
  R2    右     12   11   (310453.0855, 2651946.8090) (310418.4611, 2651974.3094)
  R2    右     13   12   (310450.8571, 2651944.3299) (310416.2073, 2651971.8505)
  R2    右     14   13   (310448.6394, 2651941.8625) (310413.9643, 2651969.4033)
  R3    左     1    0    (310456.0500, 2651950.1072) (310491.6394, 2651924.2777)
  R3    左     2    1    (310452.2280, 2651945.8551) (310487.8735, 2651919.9849)
  R3    左     3    2    (310450.0409, 2651943.4218) (310485.7184, 2651917.5283)
  R3    左     4    3    (310448.9317, 2651942.1877) (310484.6254, 2651916.2824)
  R3    左     5    4    (310446.7473, 2651939.7574) (310482.4731, 2651913.8289)
  R3    左     6    5    (310445.5439, 2651938.4186) (310481.2873, 2651912.4772)
  R3    右     8    7    (310394.2919, 2651881.3978) (310428.5482, 2651852.3596)
  R3    右     9    8    (310397.2087, 2651884.6429) (310431.4248, 2651855.6386)
  R3    右     10   9    (310397.3859, 2651884.8400) (310433.8353, 2651858.3863)
  R3    右     11   10   (310397.7731, 2651885.2708) (310434.2168, 2651858.8212)
  R3    右     12   11   (310398.7214, 2651886.3259) (310435.1513, 2651859.8864)
  R3    右     13   12   (310399.6730, 2651887.3846) (310436.0889, 2651860.9553)
  R5    左     1    0    (310470.0861, 2651821.1772) (310436.6786, 2651849.4965)
  R5    左     2    1    (310470.3547, 2651821.4557) (310434.7578, 2651847.3069)
  R5    左     3    2    (310471.1706, 2651822.3014) (310435.5285, 2651848.1854)
  R5    左     4    3    (310475.0293, 2651826.3009) (310439.1734, 2651852.3403)
  R5    左     5    4    (310479.6132, 2651831.0521) (310443.5033, 2651857.2759)
  R5    左     6    5    (310479.8547, 2651831.3025) (310443.7314, 2651857.5360)
  R5    右     8    7    (310531.2198, 2651884.5428) (310492.2504, 2651912.8432)
  R5    右     9    8    (310529.0515, 2651882.2953) (310490.2023, 2651910.5085)
  R5    右     10   9    (310522.8391, 2651875.8561) (310484.3341, 2651903.8193)
  R5    右     11   10   (310515.1297, 2651867.8652) (310477.0518, 2651895.5182)
  R6    左     1    0    (310528.2026, 2651881.4154) (310558.0424, 2651843.9932)
  R6    左     2    1    (310526.0658, 2651879.2006) (310555.8093, 2651841.8991)
  R6    左     3    2    (310525.0223, 2651878.1191) (310554.7188, 2651840.8766)
  R6    左     4    3    (310514.7688, 2651867.4912) (310544.0032, 2651830.8283)
  R6    左     5    4    (310512.4918, 2651865.1310) (310541.6235, 2651828.5968)
  R6    右     7    6    (310468.6250, 2651819.6628) (310495.7796, 2651785.6082)
  R6    右     8    7    (310473.6451, 2651824.8662) (310501.0259, 2651790.5278)
  R6    右     9    8    (310473.6492, 2651824.8704) (310501.0302, 2651790.5318)
  R6    右     10   9    (310475.5234, 2651826.8131) (310502.9889, 2651792.3685)
  POPULATION=47 PRINTED=47 SUPPRESSED=0  # A-1 垂足坐標（全列）
     🔒 **垂足求不出者 ＝ 0**（⛔ 靜默退路之反面：計數為 0 亦須印出）

  🔒 **垂足實算 vs 舊形之壓縮**（`|s(B⊥) − s(P_prev)|`／`|s(P⊥) − s(B_prev)|`·**應為零**）：
     極大 `|Δs(B⊥)|` ＝ **1.707e-10**（`ulp(1e2) = 1.421e-14`·**殘差/ulp ＝ 12015.44**）；極大 `|Δs(P⊥)|` ＝ **1.839e-10**（**殘差/ulp ＝ 12943.00**）
     ⇒ 🔒 **法向投影保 `s`** ⇒ **更正乙⛔ 不改任何 `s`**（⇒ 其單獨施用之效果見 §D 組②）

  🔴 **必答：`K-9-9 二`（受詞經 `K-9-14` 限縮）之違反宗數 ＝ 3**（受詞內 ＝ 5 宗／受詞外 ＝ 42 宗）
     🔴 R1   右    i=4  （前 3·情形 甲）違反端 ＝ **`B` 端**；`Δ_front′` ＝ 2.394442e+00／`Δ_base′` ＝ -2.868835e-01；面積 596.2550 ㎡
     🔴 R3   右    i=9  （前 8·情形 乙）違反端 ＝ **`P` 端**；`Δ_front′` ＝ -4.959667e-01／`Δ_base′` ＝ 3.655132e+00；面積 25.9425 ㎡
     🔴 R5   左    i=1  （前 0·情形 甲）違反端 ＝ **`B` 端**；`Δ_front′` ＝ 3.864978e-01／`Δ_base′` ＝ -3.655290e+00；面積 0.9867 ㎡
  POPULATION=5 PRINTED=3 SUPPRESSED=2  # A-1 受詞內之違反宗（全列）
     ⚠️ `PRINTED ≠ POPULATION` ⇒ 🔒 **本表之結論一律以 `POPULATION` 為分母**（⛔ 表身列數不得作為母體·節 105）
     面積合計（帶號）＝ **623.1843 ㎡**／（絕對值）＝ **623.1843 ㎡**
  🔒 **受詞外之違反宗數 ＝ 22**（⛔ 非本則之受詞·`K-9-14` 已排除·具名）
  🔒 **A-0 (乙) 之保留違反解讀**：改以**嚴格 `>= 0`** 判 ⇒ 受詞內違反 ＝ **3**／全體 ＝ **25**（現行容差 `-1e-6` 下為 3／25）⇒ 翻面 **0** 筆

  🔒 **負對照（常設 8·⛔ 不可省）**：以**舊形**（`w40.eval_lot` 原樣）重跑同一母體
     ⇒ 受詞內之違反 ＝ **3 宗**：R1右4／R3右9／R5左1
     面積合計 ＝ **623.1843 ㎡** ⇒ ✅ **仍得 3 宗 ⇒ 改動確實改變結果·同源可比**

【D／A-2】🔴 **三項更正之消融**（`2³ = 8` 組·⛔ 全出艙）
------------------------------------------------------------------------------------------------------------------------------------------------------------------------------------------------------------------
  組      甲定序     乙垂足     丙對應端點          違反(全體)     違反(受詞內)      違反(左側)      違反(右側) 與 ⓪ 之差                      
  ⓪      ✗       ✗       ✗                  35           3          13          22 ＝ ⓪                         
  ①      ✓       ✗       ✗                  25           3          13          12 -10                         
  ②      ✗       ✓       ✗                  35           3          13          22 ＝ ⓪                         
  ③      ✗       ✗       ✓                  35           3          13          22 ＝ ⓪                         
  ④      ✓       ✓       ✗                  25           3          13          12 -10                         
  ⑤      ✓       ✗       ✓                  25           3          13          12 -10                         
  ⑥      ✗       ✓       ✓                  35           3          13          22 ＝ ⓪                         
  ⑦      ✓       ✓       ✓                  25           3          13          12 -10                         
  POPULATION=8 PRINTED=8 SUPPRESSED=0  # A-2 消融（8 組全列·施工單只令 5 組）

  🔴 **必答：右側 `22／22` 之簽名由哪一項更正消除？**
     組 ⓪（000）：右側違反 ＝ **22 ／ 22**（⓪ 為 22）⇒ ⛔ 未消除
     組 ①（100）：右側違反 ＝ **12 ／ 22**（⓪ 為 22）⇒ **已消除**
     組 ②（010）：右側違反 ＝ **22 ／ 22**（⓪ 為 22）⇒ ⛔ 未消除
     組 ③（001）：右側違反 ＝ **22 ／ 22**（⓪ 為 22）⇒ ⛔ 未消除
  🔒 **判別力（施工單 §二 A-2）**：①②③ 三組中，**違反宗數 ≠ ⓪** 者 ＝ ①
  🔒 **名單差集**（⓪ ∖ ⑦ ／ ⑦ ∖ ⓪）：
     ⓪ ∖ ⑦ ＝ 10 宗：['R1右3', 'R2右10', 'R2右12', 'R2右13', 'R3右13', 'R3右8', 'R5右10', 'R5右9', 'R6右10', 'R6右7']
     ⑦ ∖ ⓪ ＝ 0 宗：[]

【E／A-3】🔴 **斜跨距之來源：`BASELINE ∦ FRONTLINE` 之量**
------------------------------------------------------------------------------------------------------------------------------------------------------------------------------------------------------------------
  街廓    |sin(BASE,FRONT)|        夾角(°) > PAR_TOL?        斜跨距 min         斜跨距 中位        斜跨距 max 宗數    
  R1      4.085374e-04     0.023407 ✅ 是         2.358909e+00   2.683093e+00   3.083718e+00 5     
  R2      9.725713e-03     0.557251 ✅ 是         2.163233e-01   3.127846e+00   3.179012e+00 15    
  R3      1.205724e-02     0.690846 ✅ 是         7.610639e-01   4.069692e+00   4.151098e+00 14    
  R4      4.239095e-04     0.024288 ✅ 是         1.518739e-01   1.617765e+00   3.083656e+00 2     
  R5      4.734515e-02     2.713692 ✅ 是         7.426365e-01   4.124632e+00   4.424713e+00 12    
  R6      5.003454e-02     2.867966 ✅ 是         3.486142e+00   3.721672e+00   3.830878e+00 11    
  POPULATION=6 PRINTED=6 SUPPRESSED=0  # A-3 逐街廓（全列）
  🔒 **判別力（常設 8）**：`∠(BASELINE, FRONTLINE) ≤ PAR_TOL`（真平行）之街廓 ＝ **0 格**
     ⛔ **六格皆不平行 ⇒ 該判別力<u>無母體</u>·具名**（⛔ 不得以「無反例」充作已證）
     🔒 併出艙**最接近翻面者**（節 103）：`|sin|` 之極小 ＝ **4.085374e-04**（R1·門檻 1.0e-06·餘裕 4.075e-04）
  🔒 **與 `-86` 之對照**：`-86` §C-4 表身之 `本宗斜跨距` 域 ＝ [1.518739e-01, 4.424713e+00]（本批全體）

  🔴 **CC 自補（⛔ 施工單未令）：斜跨距之<u>閉式</u>**——上開判別力無母體，改以恆等式直接判其來源：
     🔒 **精確式**：`B_cur − P_cur ＝ t·û` ⇒ `Δs ＝ t⟨û,d̂⟩`、`h ＝ t⟨û,n̂⟩`（`h` ＝ **`B_cur` 相對 FRONTLINE 之法向距**）⇒ `斜跨距 ≡ |h(B_cur)| × |⟨û,d̂⟩| / |⟨û,n̂⟩|`
     🔒 **該式⛔ 不含 `∠(BASELINE, FRONTLINE)`** ⇒ 殘差 ≈ 0 即證斜跨距源自**遠側界自身相對 FRONTLINE 之傾斜**，⛔ 非 BASELINE 之不平行
     🩸 **首版之誤（記入 §I）**：我原取 `D_local`（自 **`P_cur`** 量之垂距）⇒ 殘差極大 `1.943e-02`；🔒 **該殘差正是 `BASELINE ∦ FRONTLINE` 之貢獻**（`P_cur` 與 `B_cur` 二點之法向距不等）⇒ 本表一併出艙之
  街廓    i           斜跨距(實測)            精確式          精確式殘差            |h|   **BASE不平行項**     殘差/ulp(座標)
  R1    0      2.358909e+00   2.358909e+00      2.590e-10      33.160315      6.855e-05         0.56
  R1    1      2.683093e+00   2.683093e+00      1.617e-10      33.152857      8.871e-05         0.35
  R1    2      3.083450e+00   3.083450e+00      3.765e-11      33.126996      1.173e-04         0.08
  R1    3      3.083718e+00   3.083718e+00      1.529e-10      33.129875      1.173e-04         0.33
  R1    4      2.681325e+00   2.681325e+00      2.926e-11      33.131018      8.865e-05         0.06
  R2    0      2.163233e-01   2.163233e-01      1.603e-10      44.954318      1.012e-05         0.34
  R2    1      3.179012e+00   3.179012e+00      1.422e-10      44.940520      2.187e-03         0.31
  R2    2      3.178567e+00   3.178567e+00      9.082e-11      44.934221      2.187e-03         0.20
  POPULATION=59 PRINTED=8 SUPPRESSED=51  # A-3 斜跨距閉式（前 8 列·全體統計見下）
     ⚠️ `PRINTED ≠ POPULATION` ⇒ 🔒 **本表之結論一律以 `POPULATION` 為分母**（⛔ 表身列數不得作為母體·節 105）
     🔒 **常設 9（分層）**：殘差之分母 ＝ `ulp(座標量級 ~3.1e+05) ≈ 5.821e-11`（⛔ 非 `ulp(斜跨距 ~1e0)`——本量係由絕對座標上之二次直線求交所得）
     🔒 **精確式之逐宗殘差極大 ＝ 3.121e-10**（R3 i=8·**殘差/ulp(座標) ＝ 0.67**）⇒ ✅ **閉式成立**
     🔴 **二來源之佔比**：`BASELINE ∦ FRONTLINE` 項之極大 ＝ **1.943e-02**（R5 i=7），而該宗之斜跨距 ＝ **4.424713e+00** ⇒ 佔 **0.4392%**
     ⇒ 🔒 **斜跨距之 99.56% 以上來自遠側界之傾斜**，`BASELINE` 之不平行**至多佔 0.4392%**
     🔒 **判別力（常設 8·會使它為否之輸入）**：以**錯誤之閉式**（`|h| × |⟨û,n̂⟩| / |⟨û,d̂⟩|`·分子分母對調）重算 ⇒ 見下列殘差極大
     🔒 **錯式之殘差極大 ＝ 9.342e+03**（須 ≫ 正式之 3.121e-10）⇒ ✅ 該閘非恆綠
     🔴 **⇒ 斜跨距之來源 ＝ 遠側界相對 FRONTLINE 之傾斜**（`|⟨û,d̂⟩| / |⟨û,n̂⟩|` ＝ `cot∠(û, FRONTLINE)`）；`BASELINE ∦ FRONTLINE` **只使 `D_local` 隨位置變**（⇒ `-86` §I-1 之「斜跨距隨位置變」）

【F／A-4-1】🔴 **左側三組跳號**（`-85` `P6` 之補辦·**中與不中者皆列**）
------------------------------------------------------------------------------------------------------------------------------------------------------------------------------------------------------------------
  街廓    側     i    前               推進量          前宗斜跨距      推進量−前宗斜跨距 舊形出艙碼      ⑦ 出艙碼     
  R2    左     1    0      1.634926e+00   2.163233e-01   1.418602e+00 合格         合格        
  R2    左     2    1      6.476868e-01   3.179012e+00  -2.531326e+00 不合格        不合格       
  R2    左     3    2      6.534639e+00   3.178567e+00   3.356072e+00 合格         合格        
  R2    左     4    3      6.049120e-03   3.174071e+00  -3.168022e+00 不合格        不合格       
  R2    左     5    4      1.932897e+00   3.174067e+00  -1.241170e+00 不合格        不合格       
  R2    左     6    5      5.128171e+00   3.172737e+00   1.955434e+00 合格         合格        
  R2    左     7    6      8.741132e+00   3.169209e+00   5.571924e+00 合格         合格        
  R5    左     1    0     -2.912654e+00   7.426365e-01  -3.655290e+00 不合格        不合格       
  R5    左     2    1      1.168638e+00   4.041788e+00  -2.873150e+00 不合格        不合格       
  R5    左     3    2      5.526987e+00   4.046921e+00   1.480066e+00 合格         合格        
  R5    左     4    3      6.565722e+00   4.071197e+00   2.494525e+00 合格         合格        
  R5    左     5    4      3.459875e-01   4.100036e+00  -3.754048e+00 不合格        不合格       
  R5    左     6    5      1.050786e+01   4.101556e+00   6.406302e+00 合格         合格        
  R6    左     1    0      3.073687e+00   3.830878e+00  -7.571907e-01 不合格        不合格       
  R6    左     2    1      1.500950e+00   3.818514e+00  -2.317563e+00 不合格        不合格       
  R6    左     3    2      1.474922e+01   3.812476e+00   1.093675e+01 合格         合格        
  R6    左     4    3      3.275444e+00   3.753145e+00  -4.777013e-01 不合格        不合格       
  R6    左     5    4      4.548436e+00   3.739969e+00   8.084667e-01 合格         合格        
  POPULATION=18 PRINTED=18 SUPPRESSED=0  # A-4-1 左側三組（全列·中與不中皆列）
  🔒 **`P5` 之判**：中者（舊形不合格·9 宗）須 `推進量 < 前宗斜跨距`（＝ `gap < 0`）⇒ 例外 **0**；不中者（9 宗）須 `gap >= 0` ⇒ 例外 **0**
  🔒 **節 103**：中者之 `gap` **極大** ＝ -4.777013e-01／不中者之 `gap` **極小** ＝ 8.084667e-01
  🔒 **常設 14 ①（單一門檻）**：本節之分離宣稱以**單一門檻 `gap = 0`** 表述 ⇒ ⛔ 無未定義帶
  🔒 **常設 14 ③**：`gap` 於二群值域重疊處之筆數（判別力為零者）＝ **0**

【F／A-4-2】🔴 **`R1 左 j=0` 之雙重異常**（`VR-044` 六-4·`-86` §F-2 具名為未答者）
------------------------------------------------------------------------------------------------------------------------------------------------------------------------------------------------------------------
  🔒 **本批新量之受詞 ＝ `殘差之<u>分子</u>`**（`-86` 只量了 `ulp` 之比·⛔ 未量分子）
  街廓    側     j          `S_req`        殘差(分子)         殘差/ulp  |sin(uj,uk)|         |s*|      d_signed  |sin(uk,d̂)| **破量對/可算對** 
  R1    左     0           6.4796     2.590e-07   291578555.00     2.179e-02    3711.4620       80.8862     9.957e-01 0 ／ 3       
  R1    右     2          80.2646     9.828e-11        6916.00     1.206e-02     197.9464        2.3866     9.967e-01 0 ／ 1       
  R2    左     0           7.4487     2.726e-11       30689.00     7.536e-02      10.0407        0.7567     9.975e-01 2 ／ 13      
  R3    左     5          16.7417     1.552e-08     4369192.00     7.536e-02    1062.2216       80.0500     9.999e-01 0 ／ 2       
  R3    右     7          89.0422     1.568e-10       11035.00     7.536e-02       3.5027        0.2640     9.957e-01 0 ／ 5       
  R5    左     0           8.1618     1.586e-10       89260.00     7.536e-02       5.1067        0.3848     9.957e-01 2 ／ 10      
  R6    左     4          22.7545     2.013e-10       56653.00     4.742e-08 1326454210.9212       62.8963     9.968e-01 0 ／ 2       
  R6    右     6          78.6338     7.694e-11        5414.00     4.742e-08  123486.5110        0.0059     9.968e-01 0 ／ 3       
  POPULATION=8 PRINTED=8 SUPPRESSED=0  # A-4-2 有 `S_req` 之格（全列）
  🔴 **必答①：何以「現況本即 0 對」**——`R1 左 j=0` 之逐對 `s*` 與弦區間：
     弦區間 λ ＝ [0.000021, 33.244114]
     (0,2) d=2  `s*` ＝     -3711.4620  `|sin(uj,uk)|` ＝ 2.179e-02  ⇒ `s* ∈ λ` ＝ False
     (0,3) d=3  `s*` ＝     -3371.0484  `|sin(uj,uk)|` ＝ 2.179e-02  ⇒ `s* ∈ λ` ＝ False
     (0,4) d=4  `s*` ＝     -7307.2952  `|sin(uj,uk)|` ＝ 9.738e-03  ⇒ `s* ∈ λ` ＝ False
     ⇒ 🔒 **可算對 ＝ 3·全部之 `s*` 皆<u>遠在 λ 外</u>** ⇒ 現況即 0 對
  🔴 **必答②：`殘差/ulp` 之量級**——🔒 **分子已量**：
     極大者 ＝ R1左 j=0：殘差 **2.590e-07**（`ulp` 8.882e-16·比 291578555.00）
     其餘 7 格之殘差 ∈ [**2.726e-11**, **1.552e-08**]（`ulp` ∈ [8.882e-16, 1.421e-14]）
     🔒 **分子之比 ＝ 16.68**；🔒 **`ulp` 之比 ＝ 0.0625** ⇒ **量級差之主因 ＝ 分子**
     🔒🔒 **判別力（⛔ 不可省）**：`ulp` **與極大者相同**之格 ＝ 1（R2左 j=0）——其殘差/ulp ＝ 30689.00 ⇒ 🔴 **同 `ulp` 而比值差 9501 倍 ⇒ `ulp` ⛔ 不解釋該量級差**
  🔒 **`P6` 之判（二異常是否同源）**——🔒 **交叉表**（⛔ 不以「序」暗示因果）：
     格              異常①(破量對＝0?)      異常②(殘差 > 1e-9?)    `|sin(uj,uk)|`  
     R1左 j=0        ✅ 是              🔴 是                2.179e-02       
     R3左 j=5        ✅ 是              🔴 是                7.536e-02       
     R6左 j=4        ✅ 是              ⛔ 否                4.742e-08       
     R5左 j=0        ⛔ 否              ⛔ 否                7.536e-02       
     R3右 j=7        ✅ 是              ⛔ 否                7.536e-02       
     R1右 j=2        ✅ 是              ⛔ 否                1.206e-02       
     R6右 j=6        ✅ 是              ⛔ 否                4.742e-08       
     R2左 j=0        ⛔ 否              ⛔ 否                7.536e-02       
     🔒 **①成立 ＝ 6 格／②成立 ＝ 2 格／二者皆成立 ＝ 2 格**
     🔴🔴 **反例（⇒ ⛔ 不同源）**：R6右 j=6 **①成立（破量對 0／3）而②不成立**（殘差 7.694e-11 ＝ 全體**極小**·`|sin(uj,uk)|` 4.742e-08 ＝ 全體**極小**）
     ⇒ 🔒 **`P6` 🔴 不成立**——①之候選前提（`|sin| 特小` ⇒ `|s*|` 巨大 ⇒ 交點遠在 λ 外）於該格**成立到極致**，而②**反而最小** ⇒ ⛔ 二異常無共同前提
     🔒 **常設 14 ③（判別力為零者）**：①②**同時為否**之格 ＝ 2

  🔒 **與 `-85` log 之逐格對拍**（【倉】`verify/out/probe_WG985_grouphead_67cd1a4.log`·⛔ 本檔獨立重算·⛔ 非抄寫）
     舊 log 解析所得格數 ＝ **5**（🔒 期望 5）
     R1   左    j=0  舊 殘差 2.590e-07／比 291578555.00　新 殘差 2.590e-07／比 291578555.00　⇒ ✅ 相符
     R2   左    j=0  舊 殘差 2.726e-11／比 30689.00　新 殘差 2.726e-11／比 30689.00　⇒ ✅ 相符
     R3   右    j=7  舊 殘差 1.568e-10／比 11035.00　新 殘差 1.568e-10／比 11035.00　⇒ ✅ 相符
     R5   左    j=0  舊 殘差 1.586e-10／比 89260.00　新 殘差 1.586e-10／比 89260.00　⇒ ✅ 相符
     R6   右    j=6  舊 殘差 7.694e-11／比 5414.00　新 殘差 7.694e-11／比 5414.00　⇒ ✅ 相符
     🔒 **相符 ＝ 5 ／ 5**（⇒ ✅ **獨立復現成立**）

【G／P7】`run_all` 清單筆數之**第十三法**（🔒 位元組碼**行號映射** × 原始碼文本·⛔ 與十二法不同族）
------------------------------------------------------------------------------------------------------------------------------------------------------------------------------------------------------------------
  母體 ＝ `run_all.py` 之位元組碼；受詞 ＝ **`co_lines()` 之 `offset→lineno` 映射**所定位之`FOR_ITER` **迴圈標頭**之來源行區間 (105, 179)
  🔒 **⛔ 未 `exec`**（僅 `compile`）⇒ ⛔ 未執行 `run_all`（閘 7）
     fixture_cad_binding_order.py
     fixture_baseline_candidates.py
     fixture_n14_min_width.py
     fixture_n14_feed_chain.py
     fixture_block_depth_n19p.py
     fixture_corner_range_k8.py
     fixture_end_reserve.py
     fixture_end_fallback.py
     fixture_end_winner.py
     fixture_wf_ns_wiring.py
     fixture_e2e_termination.py
     fixture_g3_static_guards.py
     fixture_midlayer_6items.py
     fixture_yi_construction.py
     tools/wg973_gb_integrity.py
  POPULATION=15 PRINTED=15 SUPPRESSED=0  # 第十三法之逐項（全列）
  ⇒ **第十三法所得 ＝ 15**（施工單 `P7` 期望 **15**）⇒ ✅ 相符
