========================================================================================================================================================================================================
【D-2b-23【甲】commit A】甲前量測：A-1 封閉式複現 ＋ A-2 街角資格否決原因 — ⛔ 零生產碼
========================================================================================================================================================================================================
  環境：shapely 2.1.2 | GEOS (3, 13, 1)

【A-1】封閉式 `½·D²·tan(θ)` 之複現（⛔ 正面列舉全部有街角之 (情境,街廓,側)）
--------------------------------------------------------------------------------------------------------------------------------------------------------------------------------------------------------
  D 有兩個所指，二者皆列（⛔ 不擇一）：D_prod ＝ 生產實傳 `_depth`／D_ratio ＝ 街廓面積 ÷ s 域跨距

  情境    街廓   側         θ(deg)   D_prod  D_ratio       實測楔形   模型(D_prod)      比值   模型(D_ratio)      比值  型
--------------------------------------------------------------------------------------------------------------------------------------------------------------------------------------------------------
  0m    R1   左       0.557951  33.1500  32.8662     5.3896       5.3509   0.993        5.2596   0.976  缺口
  0m    R1   右       0.690832  33.1500  32.8662     6.6671       6.6253   0.994        6.5124   0.977  缺口
  0m    R2   左       4.321972  44.4700  43.7913    76.2616      74.7289   0.980       72.4652   0.950  重疊
  0m    R4   左       2.713695  33.1000  32.5536    26.0938      25.9651   0.995       25.1149   0.962  缺口
  0m    R4   右       2.867975  33.1000  32.5536    32.3854      27.4436   0.847       26.5450   0.820  缺口
  0m    R6   右       0.000003  45.5100  44.4470     0.0000       0.0000     nan        0.0000     nan  缺口
  0m    R5   左       4.321968  45.7100  44.8521    72.1964      78.9544   1.094       76.0187   1.053  重疊
  0m    R3   右       4.321958  44.3400  43.4572    76.0261      74.2923   0.977       71.3636   0.939  缺口
  3.5m  R1   左       0.557951  33.1500  32.8662     5.3881       5.3509   0.993        5.2596   0.976  缺口
  3.5m  R1   右       0.690832  33.1500  32.8662     6.6671       6.6253   0.994        6.5124   0.977  缺口
  3.5m  R4   左       2.713695  33.1000  32.5536    26.0938      25.9651   0.995       25.1149   0.962  缺口
  3.5m  R4   右       2.867975  33.1000  32.5536    32.3854      27.4436   0.847       26.5450   0.820  缺口
  3.5m  R6   右       0.000003  45.5100  44.4470     0.0000       0.0000     nan        0.0000     nan  缺口

  母體 ＝ 13 列（⛔ 非空）
  以 **D_prod** 計：落於施工單 §3-3 所稱 `0.92–1.02` 帶內 ＝ **8** 列／帶外 ＝ **3** 列
     🔴 帶外：0m R4 右　比值 0.847　實測 32.3854　模型 27.4436　差 +4.9418
     🔴 帶外：0m R5 左　比值 1.094　實測 72.1964　模型 78.9544　差 -6.7579
     🔴 帶外：3.5m R4 右　比值 0.847　實測 32.3854　模型 27.4436　差 +4.9418
  以 **D_ratio** 計：帶內 ＝ **8** 列／帶外 ＝ **3** 列
     🔴 帶外：0m R4 右　比值 0.820　實測 32.3854　模型 26.5450　差 +5.8404
     🔴 帶外：0m R5 左　比值 1.053　實測 72.1964　模型 76.0187　差 -3.8222
     🔴 帶外：3.5m R4 右　比值 0.820　實測 32.3854　模型 26.5450　差 +5.8404

【A-2】街角資格之否決原因（甲前基準·⛔ 原樣落地·未重算未篩選）
--------------------------------------------------------------------------------------------------------------------------------------------------------------------------------------------------------

  ── [3.5m] R2　`is_corner` ＝ 0（`_solve_G_one` 呼叫 30 次）──
     診斷 rows 母體 ＝ 4 列（⛔ 非空）
     街廓=R2　端=左　候選地號=628-42(1)　原地號=628-42　真交集(㎡)=8.3　整筆幾何(㎡)=8.3　範圍面積(㎡)=308.16　G估(㎡)=5.42　真G(㎡)=4.28　門檻(㎡)=308.16　範圍=門檻?=✅　項三比(≤1)=0.0269　達標=未達標　截角邊(range)=5.0　臨截角=0.0　側街邊(range)=41.411　臨側街=8.521　正街角分(0.4)=—　側街分(0.2)=—　跨占分(0.4)=—　總分=—　原位次(投影序)=1　選中=
     街廓=R2　端=左　候選地號=628-41(1)　原地號=628-41　真交集(㎡)=260.73　整筆幾何(㎡)=319.23　範圍面積(㎡)=308.16　G估(㎡)=189.76　真G(㎡)=175.95　門檻(㎡)=308.16　範圍=門檻?=✅　項三比(≤1)=0.8461　達標=未達標　截角邊(range)=5.0　臨截角=5.0　側街邊(range)=41.411　臨側街=32.89　正街角分(0.4)=—　側街分(0.2)=—　跨占分(0.4)=—　總分=—　原位次(投影序)=2　選中=
     街廓=R2　端=左　候選地號=628-40(1)　原地號=628-40　真交集(㎡)=14.35　整筆幾何(㎡)=513.34　範圍面積(㎡)=308.16　G估(㎡)=304.85　真G(㎡)=286.39　門檻(㎡)=308.16　範圍=門檻?=✅　項三比(≤1)=0.0466　達標=未達標　截角邊(range)=5.0　臨截角=0.0　側街邊(range)=41.411　臨側街=0.0　正街角分(0.4)=—　側街分(0.2)=—　跨占分(0.4)=—　總分=—　原位次(投影序)=4　選中=
     街廓=R2　端=左　候選地號=628-27(1)　原地號=628-27　真交集(㎡)=24.79　整筆幾何(㎡)=51.37　範圍面積(㎡)=308.16　G估(㎡)=30.96　真G(㎡)=26.34　門檻(㎡)=308.16　範圍=門檻?=✅　項三比(≤1)=0.0804　達標=未達標　截角邊(range)=5.0　臨截角=0.0　側街邊(range)=41.411　臨側街=0.0　正街角分(0.4)=—　側街分(0.2)=—　跨占分(0.4)=—　總分=—　原位次(投影序)=3　選中=

  ── [3.5m] R5　`is_corner` ＝ 0（`_solve_G_one` 呼叫 24 次）──
     診斷 rows 母體 ＝ 4 列（⛔ 非空）
     街廓=R5　端=左　候選地號=628-7(2)　原地號=628-7　真交集(㎡)=4.04　整筆幾何(㎡)=438.11　範圍面積(㎡)=299.69　G估(㎡)=260.24　真G(㎡)=236.28　門檻(㎡)=299.69　範圍=門檻?=✅　項三比(≤1)=0.0135　達標=未達標　截角邊(range)=5.0　臨截角=0.0　側街邊(range)=39.982　臨側街=0.0　正街角分(0.4)=—　側街分(0.2)=—　跨占分(0.4)=—　總分=—　原位次(投影序)=4　選中=
     街廓=R5　端=左　候選地號=628-18(2)　原地號=628-18　真交集(㎡)=271.13　整筆幾何(㎡)=383.62　範圍面積(㎡)=299.69　G估(㎡)=227.94　真G(㎡)=205.49　門檻(㎡)=299.69　範圍=門檻?=✅　項三比(≤1)=0.9047　達標=未達標　截角邊(range)=5.0　臨截角=0.0　側街邊(range)=39.982　臨側街=33.921　正街角分(0.4)=—　側街分(0.2)=—　跨占分(0.4)=—　總分=—　原位次(投影序)=2　選中=
     街廓=R5　端=左　候選地號=628-53(2)　原地號=628-53　真交集(㎡)=2.79　整筆幾何(㎡)=2.79　範圍面積(㎡)=299.69　G估(㎡)=2.15　真G(㎡)=1.39　門檻(㎡)=299.69　範圍=門檻?=✅　項三比(≤1)=0.0093　達標=未達標　截角邊(range)=5.0　臨截角=0.0　側街邊(range)=39.982　臨側街=5.731　正街角分(0.4)=—　側街分(0.2)=—　跨占分(0.4)=—　總分=—　原位次(投影序)=1　選中=
     街廓=R5　端=左　候選地號=628-45(1)　原地號=628-45　真交集(㎡)=21.72　整筆幾何(㎡)=92.66　範圍面積(㎡)=299.69　G估(㎡)=55.44　真G(㎡)=46.87　門檻(㎡)=299.69　範圍=門檻?=✅　項三比(≤1)=0.0725　達標=未達標　截角邊(range)=5.0　臨截角=5.0　側街邊(range)=39.982　臨側街=0.33　正街角分(0.4)=—　側街分(0.2)=—　跨占分(0.4)=—　總分=—　原位次(投影序)=3　選中=

  ── [3.5m] R3　`is_corner` ＝ 0（`_solve_G_one` 呼叫 28 次）──
     診斷 rows 母體 ＝ 5 列（⛔ 非空）
     街廓=R3　端=右　候選地號=628-42(2)　原地號=628-42　真交集(㎡)=147.79　整筆幾何(㎡)=152.74　範圍面積(㎡)=307.75　G估(㎡)=91.06　真G(㎡)=80.07　門檻(㎡)=307.75　範圍=門檻?=✅　項三比(≤1)=0.4802　達標=未達標　截角邊(range)=4.939　臨截角=0.0　側街邊(range)=41.42　臨側街=28.263　正街角分(0.4)=—　側街分(0.2)=—　跨占分(0.4)=—　總分=—　原位次(投影序)=14　選中=
     街廓=R3　端=右　候選地號=628-45(2)　原地號=628-45　真交集(㎡)=112.34　整筆幾何(㎡)=362.2　範圍面積(㎡)=307.75　G估(㎡)=215.24　真G(㎡)=195.17　門檻(㎡)=307.75　範圍=門檻?=✅　項三比(≤1)=0.365　達標=未達標　截角邊(range)=4.939　臨截角=4.939　側街邊(range)=41.42　臨側街=13.157　正街角分(0.4)=—　側街分(0.2)=—　跨占分(0.4)=—　總分=—　原位次(投影序)=11　選中=
     街廓=R3　端=右　候選地號=628-27(2)　原地號=628-27　真交集(㎡)=21.7　整筆幾何(㎡)=46.72　範圍面積(㎡)=307.75　G估(㎡)=28.2　真G(㎡)=23.34　門檻(㎡)=307.75　範圍=門檻?=✅　項三比(≤1)=0.0705　達標=未達標　截角邊(range)=4.939　臨截角=0.0　側街邊(range)=41.42　臨側街=0.0　正街角分(0.4)=—　側街分(0.2)=—　跨占分(0.4)=—　總分=—　原位次(投影序)=13　選中=
     街廓=R3　端=右　候選地號=628-28(1)　原地號=628-28　真交集(㎡)=24.38　整筆幾何(㎡)=114.3　範圍面積(㎡)=307.75　G估(㎡)=68.27　真G(㎡)=58.47　門檻(㎡)=307.75　範圍=門檻?=✅　項三比(≤1)=0.0792　達標=未達標　截角邊(range)=4.939　臨截角=0.0　側街邊(range)=41.42　臨側街=0.0　正街角分(0.4)=—　側街分(0.2)=—　跨占分(0.4)=—　總分=—　原位次(投影序)=12　選中=
     街廓=R3　端=右　候選地號=628-29(1)　原地號=628-29　真交集(㎡)=1.54　整筆幾何(㎡)=114.65　範圍面積(㎡)=307.75　G估(㎡)=68.47　真G(㎡)=58.47　門檻(㎡)=307.75　範圍=門檻?=✅　項三比(≤1)=0.005　達標=未達標　截角邊(range)=4.939　臨截角=0.0　側街邊(range)=41.42　臨側街=0.0　正街角分(0.4)=—　側街分(0.2)=—　跨占分(0.4)=—　總分=—　原位次(投影序)=10　選中=
