========================================================================================================
【`W-G.9-17` 乙丙丁】`§三`／`§四` 失效之連帶影響盤點（⛔ 只盤·不改）
========================================================================================================
  🔒 **母體釘於 commit da3f751**（⛔ 非工作樹現況·驗收 #9）
     `app.py` 22049 行｜`verify/stepg_pipeline.py` 1444 行｜正典 1844 行｜`GB` 登記表 296 行
  🔒 **母體可命中之對照**（驗收 #12）：`app.py` 之 `def ` ＝ 274 行（>0 ⇒ 下列各式非因母體壞掉而 0）

  ══ 乙① `§三 最小寬度帶` 除服務 `§四` 外有無其他用途 ══
     🔒 **字樣語意窮舉**（考古 64·⛔ 非只查一種寫法）；計數之母體 ＝ 各該檔全行
       `最小寬度帶`：app.py 3 行｜stepg 0 行｜正典 3 行
       `寬度帶`：app.py 3 行｜stepg 0 行｜正典 3 行
       `min_width_band`：app.py 0 行｜stepg 0 行｜正典 0 行
       `_n14_band`：app.py 18 行｜stepg 0 行｜正典 2 行
       `深度帶`：app.py 2 行｜stepg 0 行｜正典 2 行
     🔍 `app.py` 中含「寬度帶」之逐行（判準：是否為<u>運算</u>）：
       10153 [註解] #      裁定失效**（KL 裁 2026-07-31）：(Ⅰ) 改為「最小寬度帶 ＋ ALLOC_LINE 解析定位」新構造，
       10963 [？] ── §三 最小寬度帶（虛擬）────────────────────────────────────────────────────
       18734 [docstring／字串] "構造：K-8 §三〜§五（最小寬度帶 ＋ ALLOC_LINE 解析定位 "
     🔴 **結論**：`§三` 之帶**實作於 `_build_corner_range_v3` 內**（其參數 `block_depth` ＝ `round(D_avg,2)`，docstring 逐字複製 `§三`／`§四`）
       ⇒ 其用途**即服務 `§四` 之滑動求解**；⛔ 查無其他運算用途。
     ⚠️ **與 `_n14_band` 不同**：`§三` 為**街廓層**（`D_avg` 平移）；`_n14_band_geom` 為 **K-9-6-b 宗地層**（逐宗後緣角點·KL 圖示裁定 2026-08-05）。

  ══ 乙⑤ `_build_corner_range_v3` 之**呼叫端**（⛔ 判準＝實際呼叫·非提及）══
     `app.py` 之呼叫行 ＝ **2**（母體＝`app.py` 全 22049 行；判準＝含 `_build_corner_range_v3(` 且非註解、非 `def`）
       11419 | _rng_wb = _build_corner_range_v3(
       18169 | _rng_cr = _build_corner_range_v3(
     `verify/stepg_pipeline.py` 之呼叫行 ＝ 0

  ══ 乙⑥ `k97_solve_alloc_t` 是否隨 `§四` 失效 ══
     `app.py` 命中 **7** 行（母體＝`app.py` 全 22049 行）｜其中**定義** 1／**呼叫** 0／**註解** 4／其餘 2
     `verify/stepg_pipeline.py` 命中 0 行
     🔴 **結論**：生產路徑**呼叫行 ＝ 0** ⇒ 它**早已是定義而零呼叫之孤兒**
       （碼註自載：「舊式…於本函式整段移除·不留 fallback」／「`k97_solve_alloc_t` 本身不刪、不停用、不標作廢」）
       ⇒ `§四` 失效**不改變其狀態** ⇒ `B7′` **可由構造判定**。

  ══ 丙 真正地界之可取得性 ＋ `GB-58` 前置（**語意窮舉**·考古 64）══
       `GB-58`：`GB` 登記表 2 行｜app.py 0 行
       `保留區`：`GB` 登記表 0 行｜app.py 1 行
       `表示法`：`GB` 登記表 1 行｜app.py 0 行
       `∥SIDELINE`：`GB` 登記表 3 行｜app.py 7 行
       `s 區間`：`GB` 登記表 0 行｜app.py 12 行
       `S1_par`：`GB` 登記表 1 行｜app.py 11 行
     🔒 判別力自檢：`GB-46` 於登記表 ＝ 3 行（>0 ⇒ 上式非恆 0）
     🔴 **`GB-58` 逐字所載**：街角最小規定範圍由 `_build_corner_range_v3` 依 `K-9-5-4` 以 **∥SIDELINE 平移 `S1_par`** 建成**多邊形**；
       但**無 WINNER** 時該多邊形被**丟棄、只取其面積**（`_left_min = round(float(_rng_cr.area), 2)`），交由 `_corner_buffer_S` 以 **∥ALLOC** 另建一帶。
     🔍 該降維行之現查：`_rng_cr.area` 之非註解行 ＝ **2**
       18176 | _left_min = round(float(_rng_cr.area), 2)
       18178 | _right_min = round(float(_rng_cr.area), 2)
     🔴 **結論**：**真正之遠側界<u>已經被建出來</u>**——它就在 `_build_corner_range_v3` 之輸出多邊形裡，只是被上行**降維成面積**。
       ⇒ `B5′` **成立**（可得）；且 `SIDELINE ＋ S1` 之路**亦可行**（`S1_par` 即該平移量）⇒ `G-3` **未觸發**。

  ══ 丁 五族消費者觸及表（⛔ 只標·不改）══
     🔒 母體 ＝ `GB-47` 所列 `_corner_buffer_S` 之五族消費者
       ① 落位 s 累積      app.py 1 行｜stepg 1 行｜⛔ **本批未改**
       ② W 鏈種子        app.py 1 行｜stepg 0 行｜⛔ **本批未改**
       ③ 選槽 b 參數      app.py 1 行｜stepg 0 行｜⛔ **本批未改**
       ④ W₀ 基準        app.py 0 行｜stepg 1 行｜⛔ **本批未改**
       ⑤ 診斷顯示         app.py 11 行｜stepg 5 行｜⛔ **本批未改**
     ⚠️ 五族之**觸及**已標；⛔ 本批未改任何一族、未提修法。

========================================================================================================
