========================================================================================================================================================================================================
【D-2b-17 §f-1c】相鄰宗對之矛盾裁決（判準＝公共內部之**實寬**·⛔ 與面積無關）
========================================================================================================================================================================================================
  環境：shapely 2.1.2 | GEOS (3, 13, 1)
  判準：對乙判「同屬 A∧B」之格點，取 min(到 A 邊界, 到 B 邊界) 之**最大值** `max_d`。
        `max_d ≥ 1e-3 m` ⇒ 公共內部有實寬 ⇒ **重疊為真**（甲之 ≈0 係假陰性）；
        `max_d ≈ 格距`  ⇒ 全係貼邊格 ⇒ **乙之偏壓**（甲為真）。

  情境   街廓   對                      甲           乙     乙-正格數   max_d(m)       中位 d     格距(m)  裁決
--------------------------------------------------------------------------------------------------------------------------------------------------------------------------------------------------------
  0m   R2   宗0×宗3            46.0539     46.0513    295702   1.266076   0.371806  0.012366  重疊為真（有實寬公共內部）
  0m   R2   宗0×宗2            25.2873     25.2899    166736   0.321725   0.151514  0.012084  重疊為真（有實寬公共內部）
  0m   R2   宗0×宗1             4.9205      4.9480     32771   0.055508   0.027473  0.011947  重疊為真（有實寬公共內部）
  0m   R2   宗10×宗11           0.0000      0.6443      2592   0.000000   0.000000  0.011703  乙 之貼邊偏壓
  0m   R2   宗4×宗5             0.0000      0.4689      1807   0.000000   0.000000  0.011899  乙 之貼邊偏壓
  0m   R2   宗2×宗3             0.0000      0.3500      1349   0.000000   0.000000  0.011916  乙 之貼邊偏壓
  0m   R3   宗9×宗10            0.0000      0.5114      1978   0.000000   0.000000  0.011892  乙 之貼邊偏壓
  0m   R5   宗0×宗2            41.5297     41.5332    285848   0.584372   0.258374  0.011893  重疊為真（有實寬公共內部）
  0m   R5   宗0×宗3            29.0522     29.0504    200986   1.004697   0.295313  0.011892  重疊為真（有實寬公共內部）
  0m   R5   宗0×宗1             1.6145      1.6796     11545   0.018539   0.009264  0.011590  重疊為真（有實寬公共內部）
  0m   R5   宗10×宗11           0.0000      0.7116      2542   0.000000   0.000000  0.012392  乙 之貼邊偏壓
  0m   R5   宗2×宗3             0.0000      0.6368      2590   0.000000   0.000000  0.011596  乙 之貼邊偏壓
  0m   R5   宗4×宗5             0.0000      0.5380      2126   0.000000   0.000000  0.011748  乙 之貼邊偏壓
  0m   R6   宗1×宗2             0.0000      0.0849       295   0.000000   0.000000  0.012284  乙 之貼邊偏壓
  3.5m R3   宗2×宗3             0.0000      0.5133      2121   0.000000   0.000000  0.011647  乙 之貼邊偏壓
  3.5m R3   宗10×宗11           0.0000      0.4640      1817   0.000000   0.000000  0.011871  乙 之貼邊偏壓
  3.5m R3   宗1×宗2             0.0000      0.3384      1357   0.000000   0.000000  0.011636  乙 之貼邊偏壓
  3.5m R3   宗7×宗8             0.0000      0.3055      1249   0.000000   0.000000  0.011892  乙 之貼邊偏壓
  3.5m R3   宗9×宗10            0.0000      0.0444       170   0.000000   0.000000  0.011886  乙 之貼邊偏壓
  3.5m R6   宗1×宗2             0.0000      0.0849       295   0.000000   0.000000  0.012284  乙 之貼邊偏壓
