==========================================================================================================================
【K-9-7 切換之 PK 影響評估】只算不換（K-6-A2 段三(b′)）
三條路徑同時比較：(a) 候選資格 1.0㎡ / (b) 優先權指數三分項 / (c) G 值門檻
手法：段三(c) 後生產已走新式 ⇒ **舊**輪以 _t_override 注入 t_star_legacy（生產碼一字未改）
==========================================================================================================================
patch 命中次數（**舊**輪注入 t_star_legacy 之呼叫）＝ 32｜新輪＝生產原樣、零 patch

【A】逐格對照（舊範圍 vs 新範圍·唯一變因＝範圍多邊形）
--------------------------------------------------------------------------------------------------------------------------
  0m R1/left  [對照組] 門檻 114.76→114.76｜候選 3→3｜合格 3→3｜winner ['628-37(1)']→['628-37(1)']｜forced False→False｜✅ 全同
        指數前二（舊）[('628-37(1)', 0.5747), ('628-36(1)', 0.2423)]　（新）[('628-37(1)', 0.5747), ('628-36(1)', 0.2423)]
  0m R1/right [對照組] 門檻 116.84→116.84｜候選 1→1｜合格 1→1｜winner ['628(5)']→['628(5)']｜forced False→False｜✅ 全同
        指數前二（舊）[('628(5)', 0.9919)]　（新）[('628(5)', 0.9919)]
  0m R2/left  [位移組] 門檻 225.69→227.11｜候選 4→4｜合格 1→1｜winner ['628-40(1)']→['628-40(1)']｜forced False→False｜🔴 指數變動 {'628-40(1)': (0.0153, 0.0157)}
        指數前二（舊）[('628-40(1)', 0.0153), ('628-42(1)', '—')]　（新）[('628-40(1)', 0.0157), ('628-42(1)', '—')]
  0m R3/right [對照組] 門檻 226.91→226.91｜候選 4→4｜合格 0→0｜winner —→—｜forced True→True｜✅ 全同
        指數前二（舊）[('628-45(2)', '—'), ('628-42(2)', '—')]　（新）[('628-45(2)', '—'), ('628-42(2)', '—')]
  0m R4/left  [位移組] 門檻 135.15→135.19｜候選 1→1｜合格 1→1｜winner ['628(1)']→['628(1)']｜forced False→False｜✅ 全同
        指數前二（舊）[('628(1)', 0.9917)]　（新）[('628(1)', 0.9917)]
  0m R4/right [位移組] 門檻 137.03→137.0｜候選 1→1｜合格 1→1｜winner ['628-1(1)']→['628-1(1)']｜forced False→False｜✅ 全同
        指數前二（舊）[('628-1(1)', 0.9926)]　（新）[('628-1(1)', 0.9926)]
  0m R5/left  [位移組] 門檻 225.24→217.97｜候選 4→4｜合格 1→1｜winner ['628-7(2)']→['628-7(2)']｜forced False→False｜🔴 指數變動 {'628-7(2)': (0.0028, 0.002)}
        指數前二（舊）[('628-7(2)', 0.0028), ('628-53(2)', '—')]　（新）[('628-7(2)', 0.002), ('628-53(2)', '—')]
  0m R6/right [對照組] 門檻 145.88→145.88｜候選 2→2｜合格 1→1｜winner ['628-18(1)']→['628-18(1)']｜forced False→False｜✅ 全同
        指數前二（舊）[('628-18(1)', 0.0457), ('628-38(1)', '—')]　（新）[('628-18(1)', 0.0457), ('628-38(1)', '—')]
  3.5m R1/left  [對照組] 門檻 230.81→230.81｜候選 3→3｜合格 2→2｜winner ['628-36(1)']→['628-36(1)']｜forced False→False｜✅ 全同
        指數前二（舊）[('628-36(1)', 0.2376), ('628-35(2)', 0.182)]　（新）[('628-36(1)', 0.2376), ('628-35(2)', 0.182)]
  3.5m R1/right [對照組] 門檻 232.79→232.79｜候選 1→1｜合格 1→1｜winner ['628(5)']→['628(5)']｜forced False→False｜✅ 全同
        指數前二（舊）[('628(5)', 0.9916)]　（新）[('628(5)', 0.9916)]
  3.5m R2/left  [位移組] 門檻 382.85→384.15｜候選 4→4｜合格 0→0｜winner —→—｜forced True→True｜✅ 全同
        指數前二（舊）[('628-42(1)', '—'), ('628-41(1)', '—')]　（新）[('628-42(1)', '—'), ('628-41(1)', '—')]
  3.5m R3/right [對照組] 門檻 383.67→383.67｜候選 5→5｜合格 0→0｜winner —→—｜forced True→True｜✅ 全同
        指數前二（舊）[('628-45(2)', '—'), ('628-42(2)', '—')]　（新）[('628-45(2)', '—'), ('628-42(2)', '—')]
  3.5m R4/left  [位移組] 門檻 251.08→251.12｜候選 1→1｜合格 1→1｜winner ['628(1)']→['628(1)']｜forced False→False｜✅ 全同
        指數前二（舊）[('628(1)', 0.9914)]　（新）[('628(1)', 0.9914)]
  3.5m R4/right [位移組] 門檻 252.88→252.86｜候選 1→1｜合格 1→1｜winner ['628-1(1)']→['628-1(1)']｜forced False→False｜✅ 全同
        指數前二（舊）[('628-1(1)', 0.9923)]　（新）[('628-1(1)', 0.9923)]
  3.5m R5/left  [位移組] 門檻 378.47→371.17｜候選 4→4｜合格 0→0｜winner —→—｜forced True→True｜✅ 全同
        指數前二（舊）[('628-7(2)', '—'), ('628-53(2)', '—')]　（新）[('628-7(2)', '—'), ('628-53(2)', '—')]
  3.5m R6/right [對照組] 門檻 298.14→298.14｜候選 2→2｜合格 1→1｜winner ['628-18(1)']→['628-18(1)']｜forced False→False｜✅ 全同
        指數前二（舊）[('628-18(1)', 0.1304), ('628-38(1)', '—')]　（新）[('628-18(1)', 0.1304), ('628-38(1)', '—')]
--------------------------------------------------------------------------------------------------------------------------

【A2】三條路徑確實被走到之佐證（若只換 (c)，下列 (a)(b) 欄必逐格不變）
--------------------------------------------------------------------------------------------------------------------------
  情境    街廓/端        候選地號                     (a)真交集(㎡)          (b)範圍面積(㎡)        (b)項三比       (b)總分
--------------------------------------------------------------------------------------------------------------------------
  0m   R2/左      628-27(1)                 9.02→9.16       225.69→227.11     0.04→0.0403             —→—
  0m   R2/左      628-40(1)                 8.66→8.93       225.69→227.11   0.0384→0.0393   0.0153→0.0157
  0m   R2/左      628-41(1)             199.71→200.72       225.69→227.11   0.8849→0.8838             —→—
  0m   R2/左      628-42(1)                   8.3→8.3       225.69→227.11   0.0368→0.0365             —→—
  0m   R4/右      628-1(1)               136.93→136.9        137.03→137.0   0.9993→0.9993   0.9926→0.9926
  0m   R4/左      628(1)                135.05→135.08       135.15→135.19   0.9993→0.9992   0.9917→0.9917
  0m   R5/左      628-18(2)              199.89→193.8       225.24→217.97   0.8875→0.8891             —→—
  0m   R5/左      628-45(1)               20.97→20.31       225.24→217.97   0.0931→0.0932             —→—
  0m   R5/左      628-53(2)                 2.79→2.79       225.24→217.97   0.0124→0.0128             —→—
  0m   R5/左      628-7(2)                  1.58→1.07       225.24→217.97    0.007→0.0049    0.0028→0.002
  3.5m   R2/左      628-27(1)               25.57→25.72       382.85→384.15    0.0668→0.067             —→—
  3.5m   R2/左      628-40(1)               63.42→64.08       382.85→384.15   0.1657→0.1668             —→—
  3.5m   R2/左      628-41(1)             285.56→286.05       382.85→384.15   0.7459→0.7446             —→—
  3.5m   R2/左      628-42(1)                   8.3→8.3       382.85→384.15   0.0217→0.0216             —→—
  3.5m   R4/右      628-1(1)               252.53→252.5       252.88→252.86   0.9986→0.9986   0.9923→0.9923
  3.5m   R4/左      628(1)                250.71→250.75       251.08→251.12   0.9985→0.9985   0.9914→0.9914
  3.5m   R5/左      628-18(2)               306.1→302.0       378.47→371.17   0.8088→0.8136             —→—
  3.5m   R5/左      628-45(1)               34.04→33.43       378.47→371.17   0.0899→0.0901             —→—
  3.5m   R5/左      628-53(2)                 2.79→2.79       378.47→371.17   0.0074→0.0075             —→—
  3.5m   R5/左      628-7(2)                35.54→32.95       378.47→371.17   0.0939→0.0888             —→—
--------------------------------------------------------------------------------------------------------------------------
  ⇒ (a) 真交集 有變之列 16；(b) 範圍面積／項三比／總分 有變之列 20
     **二者皆 > 0 ⇒ (a)(b) 路徑確實隨新範圍變動、非僅換 (c) 門檻。**

【B】結論
  🔴 **有變動：2 格**（逐格詳列如下·須停機上呈）
     0m R2/left：指數變動 {'628-40(1)': (0.0153, 0.0157)}
     0m R5/left：指數變動 {'628-7(2)': (0.0028, 0.002)}

【C】受控比較佐證：v12 實際傳入引數（舊輪 vs 新輪·除門檻外應逐項相同）
--------------------------------------------------------------------------------------------------------------------------
  ── 0m｜v12 呼叫次數 舊 6 / 新 6 ──
     #0: 門檻 p1 135.15→135.19／p2 137.03→137.0｜其餘引數 ✅ 逐項相同（require_g=True·候選 2·gmap 2）
     #1: 門檻 p1 inf→inf／p2 145.88→145.88｜其餘引數 ✅ 逐項相同（require_g=True·候選 11·gmap 11）
     #2: 門檻 p1 225.24→217.97／p2 inf→inf｜其餘引數 ✅ 逐項相同（require_g=True·候選 12·gmap 12）
     #3: 門檻 p1 225.69→227.11／p2 inf→inf｜其餘引數 ✅ 逐項相同（require_g=True·候選 15·gmap 15）
     #4: 門檻 p1 inf→inf／p2 226.91→226.91｜其餘引數 ✅ 逐項相同（require_g=True·候選 14·gmap 14）
     #5: 門檻 p1 114.76→114.76／p2 116.84→116.84｜其餘引數 ✅ 逐項相同（require_g=True·候選 5·gmap 5）
  ── 3.5m｜v12 呼叫次數 舊 6 / 新 6 ──
     #0: 門檻 p1 251.08→251.12／p2 252.88→252.86｜其餘引數 ✅ 逐項相同（require_g=True·候選 2·gmap 2）
     #1: 門檻 p1 inf→inf／p2 298.14→298.14｜其餘引數 ✅ 逐項相同（require_g=True·候選 11·gmap 11）
     #2: 門檻 p1 378.47→371.17／p2 inf→inf｜其餘引數 ✅ 逐項相同（require_g=True·候選 12·gmap 12）
     #3: 門檻 p1 382.85→384.15／p2 inf→inf｜其餘引數 ✅ 逐項相同（require_g=True·候選 15·gmap 15）
     #4: 門檻 p1 inf→inf／p2 383.67→383.67｜其餘引數 ✅ 逐項相同（require_g=True·候選 14·gmap 14）
     #5: 門檻 p1 230.81→230.81／p2 232.79→232.79｜其餘引數 ✅ 逐項相同（require_g=True·候選 5·gmap 5）
--------------------------------------------------------------------------------------------------------------------------

【D】註記
  · 本檔**只算不換**：k97_solve_alloc_t 維持零生產呼叫點；patch 僅存在於本行程。
  · 三條路徑皆隨範圍多邊形變動——patch 的是 v12 內部所呼叫之 _build_corner_range_v3，
    故 (a) 候選資格、(b) 指數三分項分母、(c) G 值門檻 同時改用新範圍。
