================================================================================================
【W-G.9-148 M-2／M-3】ghost 之屬性表與位次後果
================================================================================================
  HEAD = c9bce134476a23f56aa666e262e86b47cebe92e1
  app.py blob = b4cc30835feaad03dfc37f394a669bbb45988b8b
  情境 = 0m ／ WV_K6_STEP0 = on

  ✅ build_build_parcels 完成：temp=114 宗／build=49 宗
  🔒 量測器自檢①　`build` 中 `_is_ghost_sliver` 之筆數 = **2**（須 > 0）

================================================================================================
§M-2　ghost 列之屬性表（逐列）
================================================================================================
  暫編地號             原地號        所有權人         幾何面積       面積_m2      _ghost_area 配地階段
  _GHOST_(R4)      _GHOST     <無該鍵>        0          0.0        8.09       <無該鍵>
  _GHOST_(R1)      _GHOST     <無該鍵>        0          0.0        5.28       <無該鍵>

  🔒 ghost 列之全部鍵（首列）：['_ghost_area_m2', '_ghost_reason', '_is_ghost_sliver', 'centroid_x', 'centroid_y', 'cut_type', 'polygon_coords', '分攤登記面積_m2', '原地號', '幾何面積_m2', '所屬街廓', '暫編地號', '登記面積_m2', '街廓分類', '重劃前地價區段', '面積_m2', '面積_坪']
  🔒 `重劃前地價區段` = ''／`_ghost_reason` = '邊界帶'

  🔒 量測器自檢②　ghost 二識別法之集合：`_is_ghost_sliver` = ['_GHOST_(R1)', '_GHOST_(R4)'] ／ 名稱前綴 = ['_GHOST_(R1)', '_GHOST_(R4)'] ⇒ **相同**
      ⚠️ `K-9-19 一` 明訂判準 ⛔ 不綁名稱、⛔ 不綁 `_is_ghost_sliver`（於 `g_row` 層恆假）⇒ 本探針所用二法皆 ⛔ 非正典判準；惟於本層（`build_parcels`）二者同集合。
  🔒 ghost 筆數：`temp_parcels` = **8** ／ `build_parcels` = **2**
      （`K-9-19 四` 載「全部 ghost **8** 筆」⇒ 差額在非可建築街廓）
        _GHOST_(R4)      所屬街廓=R4     _ghost_area_m2=8.09
        _GHOST_(R1)      所屬街廓=R1     _ghost_area_m2=5.28
        _GHOST_(G1)      所屬街廓=G1     _ghost_area_m2=10.78
        _GHOST_(G1)      所屬街廓=G1     _ghost_area_m2=1.34
        _GHOST_(RD3)     所屬街廓=RD3    _ghost_area_m2=1.33
        _GHOST_(RD3)     所屬街廓=RD3    _ghost_area_m2=0.45
        _GHOST_(RD2)     所屬街廓=RD2    _ghost_area_m2=1.07
        _GHOST_(RD1)     所屬街廓=RD1    _ghost_area_m2=0.75
  🔒 對 `K-9-19 四` 之交叉驗證：面積集合 = [10.78, 8.09, 5.28, 1.34, 1.33, 1.07, 0.75, 0.45]
      正典 `K-9-19 四` 逐字 = [10.78, 8.09, 5.28, 1.34, 1.33, 1.07, 0.75, 0.45]

================================================================================================
§M-3　位次後果（甲＝定量律 `n − r`／乙＝直接對拍·⛔ 二法須一致）
================================================================================================

  ── 街廓 R1 ── n = 6
     ghost `_GHOST_(R1)`：r = **2**／n = **6** ⇒ 甲法 `n − r` = **4**
     乙法 直接對拍：真實宗地 5 筆，**位次改變 4 筆**
        `628-37(1)`  含ghost位次 3 → 去ghost位次 2
        `628-36(1)`  含ghost位次 4 → 去ghost位次 3
        `628-34(3)`  含ghost位次 5 → 去ghost位次 4
        `628(5)`  含ghost位次 6 → 去ghost位次 5
     🔒 二法一致？ 甲 = 4／乙 = 4 ⇒ **一致**

  ── 街廓 R2 ── n = 14
     ghost：**無** ⇒ `r` = 無、`n − r` = 0

  ── 街廓 R3 ── n = 10
     ghost：**無** ⇒ `r` = 無、`n − r` = 0

  ── 街廓 R4 ── n = 3
     ghost `_GHOST_(R4)`：r = **2**／n = **3** ⇒ 甲法 `n − r` = **1**
     乙法 直接對拍：真實宗地 2 筆，**位次改變 1 筆**
        `628-1(1)`  含ghost位次 3 → 去ghost位次 2
     🔒 二法一致？ 甲 = 1／乙 = 1 ⇒ **一致**

  ── 街廓 R5 ── n = 8
     ghost：**無** ⇒ `r` = 無、`n − r` = 0

  ── 街廓 R6 ── n = 8
     ghost：**無** ⇒ `r` = 無、`n − r` = 0

================================================================================================
§M-3 判讀
================================================================================================
  二法一致之街廓 = 2／不一致 = 0
  🔴 **全區受影響之真實宗數合計 = 5**
  ⇒ 至少一街廓 `n − r > 0` ⇒ **有土地後果** ⇒ 須續辦 `M-3b`

================================================================================================
§M-3b　二態之投影序逐位並列（僅 ghost 街廓）
================================================================================================

  ── 街廓 R1 ──
     含 ghost （n=6）：['628-35(2)', '_GHOST_(R1)', '628-37(1)', '628-36(1)', '628-34(3)', '628(5)']
     去 ghost （n=5）：['628-35(2)', '628-37(1)', '628-36(1)', '628-34(3)', '628(5)']
     第 1 位：含='628-35(2)'／去='628-35(2)' ⇒ **相同**
     第 2 位（「下一位」）：含='_GHOST_(R1)'／去='628-37(1)' ⇒ **相異**

  ── 街廓 R4 ──
     含 ghost （n=3）：['628(1)', '_GHOST_(R4)', '628-1(1)']
     去 ghost （n=2）：['628(1)', '628-1(1)']
     第 1 位：含='628(1)'／去='628(1)' ⇒ **相同**
     第 2 位（「下一位」）：含='_GHOST_(R4)'／去='628-1(1)' ⇒ **相異**
