====================================================================================================
【W-G.9-168 M-A】`app:k6step0/_ordered` 之補量（⛔ 只讀）
====================================================================================================
  HEAD = a98a99f5bad8c415e19042c9dd68f30d681c2d8f
  app.py blob = f285b91c9e5f97f13dd74508e1a403833bc75cb3
  WV_K6_STEP0 = <未設·倉內預設 on>

  🔒 `A-4` 自證：`ns is _projection_order.__globals__` = **True**
  🔒 現況態：PO 呼叫 10 次（含二對照）／濾掉 0 列（現況態應為 0）
  🔒 `VR-074` 態：PO 呼叫 10 次（含二對照）／濾掉 1 列

  🔒 **層疊生效之正／負對照**（⛔ 不以「射程內濾掉 0 列」逕判失效）
     🔑 本探針射程 ＝ `build_build_parcels`；其 PO 呼叫皆來自 `k6_step0_merge` 之 `_mem`
        ⇒ 依構造⛔ 無 ghost ⇒ 射程內「濾掉 `0` 列」係**受詞不在射程內**、⛔ 非層疊失效。
     `VR-074` 態｜R1 之 ghost3 數                      = **1**
     現況態    ｜R1 之 ghost3 數                      = **1**
     `VR-074` 態｜正對照（餵含 ghost 之 R1 全體）之濾掉數          = **1**
     現況態    ｜正對照（餵含 ghost 之 R1 全體）之濾掉數          = **0**
     `VR-074` 態｜負對照（餵已去 ghost 者）之濾掉數               = **0**
     現況態    ｜負對照（餵已去 ghost 者）之濾掉數               = **0**
     `VR-074` 態｜正對照 入/出列數                          = **[6, 5]**
     現況態    ｜正對照 入/出列數                          = **[6, 6]**
     `VR-074` 態｜負對照 入/出列數                          = **[5, 5]**
     現況態    ｜負對照 入/出列數                          = **[5, 5]**
     ⇒ 🔒 **層疊生效之自證 = True**（正對照非零且＝受詞數・負對照零・現況態零 ⇒ 三造齊備）

====================================================================================================
§`A-6`　對照組（證量測器非紅·常規五／外部錨 ＝ `167R §三 M-1` 表）
====================================================================================================
  `TEMP_LAYER` 全體 `ghost3` 命中 = **8**（外部錨期望 **8**）⇒ True
  `BUILD_LAYER` 全體 `ghost3` 命中 = **2**（外部錨期望 **2**）⇒ True
  （總列數：`temp` = 114 ／ `build` = 49）

====================================================================================================
§`A-2`／`A-3`　`app:k6step0/_ordered` 之逐次記錄（現況態）
====================================================================================================
  該 tag 之**執行次數** = **8**
  ── 第 1 次｜blk = R2
       len(_mem) = 2 ／ **ghost3 命中 = 0** []
       _mem 之暫編地號 = ['628-40(1)', '628-43(1)']
       base ＝ TEMP_LAYER(R2)：len = 15 ／ 其 ghost3 命中 = 0
       `_ordered[0]` = '628-40(1)' ⇒ **`_name` = '628-40(1)+'**
  ── 第 2 次｜blk = R3
       len(_mem) = 2 ／ **ghost3 命中 = 0** []
       _mem 之暫編地號 = ['628-30(3)', '628-45(2)']
       base ＝ TEMP_LAYER(R3)：len = 14 ／ 其 ghost3 命中 = 0
       `_ordered[0]` = '628-30(3)' ⇒ **`_name` = '628-30(3)+'**
  ── 第 3 次｜blk = R3
       len(_mem) = 3 ／ **ghost3 命中 = 0** []
       _mem 之暫編地號 = ['628-47(1)', '628-48(1)', '628-49(2)']
       base ＝ TEMP_LAYER(R3)：len = 14 ／ 其 ghost3 命中 = 0
       `_ordered[0]` = '628-47(1)' ⇒ **`_name` = '628-47(1)+'**
  ── 第 4 次｜blk = R3
       len(_mem) = 2 ／ **ghost3 命中 = 0** []
       _mem 之暫編地號 = ['628-28(1)', '628-29(1)']
       base ＝ TEMP_LAYER(R3)：len = 14 ／ 其 ghost3 命中 = 0
       `_ordered[0]` = '628-29(1)' ⇒ **`_name` = '628-29(1)+'**
  ── 第 5 次｜blk = R5
       len(_mem) = 3 ／ **ghost3 命中 = 0** []
       _mem 之暫編地號 = ['628-21(2)', '628-22(2)', '628-23(2)']
       base ＝ TEMP_LAYER(R5)：len = 12 ／ 其 ghost3 命中 = 0
       `_ordered[0]` = '628-21(2)' ⇒ **`_name` = '628-21(2)+'**
  ── 第 6 次｜blk = R5
       len(_mem) = 3 ／ **ghost3 命中 = 0** []
       _mem 之暫編地號 = ['628-20(2)', '628-30(1)', '628-45(1)']
       base ＝ TEMP_LAYER(R5)：len = 12 ／ 其 ghost3 命中 = 0
       `_ordered[0]` = '628-45(1)' ⇒ **`_name` = '628-45(1)+'**
  ── 第 7 次｜blk = R6
       len(_mem) = 2 ／ **ghost3 命中 = 0** []
       _mem 之暫編地號 = ['628(2)', '628-1(2)']
       base ＝ TEMP_LAYER(R6)：len = 11 ／ 其 ghost3 命中 = 0
       `_ordered[0]` = '628(2)' ⇒ **`_name` = '628(2)+'**
  ── 第 8 次｜blk = R6
       len(_mem) = 3 ／ **ghost3 命中 = 0** []
       _mem 之暫編地號 = ['628-21(1)', '628-22(1)', '628-23(1)']
       base ＝ TEMP_LAYER(R6)：len = 11 ／ 其 ghost3 命中 = 0
       `_ordered[0]` = '628-23(1)' ⇒ **`_name` = '628-23(1)+'**

====================================================================================================
§`A-4`　二態對拍（現況 vs `VR-074` 模擬態）
====================================================================================================
  執行次數：現況 = 8 ／ `VR-074` = 8 ⇒ 相同
  第 1 次｜blk = R2    ｜現況 = '628-40(1)+'    ／`VR-074` = '628-40(1)+'     ⇒ **相同**
  第 2 次｜blk = R3    ｜現況 = '628-30(3)+'    ／`VR-074` = '628-30(3)+'     ⇒ **相同**
  第 3 次｜blk = R3    ｜現況 = '628-47(1)+'    ／`VR-074` = '628-47(1)+'     ⇒ **相同**
  第 4 次｜blk = R3    ｜現況 = '628-29(1)+'    ／`VR-074` = '628-29(1)+'     ⇒ **相同**
  第 5 次｜blk = R5    ｜現況 = '628-21(2)+'    ／`VR-074` = '628-21(2)+'     ⇒ **相同**
  第 6 次｜blk = R5    ｜現況 = '628-45(1)+'    ／`VR-074` = '628-45(1)+'     ⇒ **相同**
  第 7 次｜blk = R6    ｜現況 = '628(2)+'       ／`VR-074` = '628(2)+'        ⇒ **相同**
  第 8 次｜blk = R6    ｜現況 = '628-23(1)+'    ／`VR-074` = '628-23(1)+'     ⇒ **相同**

====================================================================================================
§`A-5`　判準（二項須同時成立）
====================================================================================================
  ① `A-2` 之 `ghost3` 命中數逐次皆 `0` ⇒ **True**
  ② `A-3` 之 `_name` 二態逐次相同 ⇒ **True**
  ⇒ 二項齊備 = **True**（層疊自證 = True）
  ⇒ 🔒 (A) 與 (B) 於該點**等價** ⇒ `167R` 之 `16` 格預測集合**可轉用於 `169`**
