====================================================================================================================================
【W-G.9-187 N-3／M-L-5】[T3-GATE] 驅動 ＋ 藍影八格對拍 ＋ 選邊判別力（🛑 觀測模式·⛔ 零配地變更）
====================================================================================================================================
  環境：shapely 2.1.2 | GEOS (3, 13, 1) | 情境 SB = 0.0 m（⛔ 非 X-T 之 3.5m）
  🔒 本檔之藍影／二閘／[T3-GATE] **一律呼叫 app.py 之生產函式**（⛔ 非自寫複本）

  自 ns 取得生產符號：_blue_shadow_tri／_k923_gate1／_k923_gate2／_t3_gate_line／_t3_gate_emit／get_min_lot_size ✅
  逐街廓 run_step_g 之 ②-宗 圍堵閘：{'R1': '過', 'R2': '破', 'R4': '過', 'R6': '過', 'R5': '破', 'R3': '過'}

── 一、`M-L-5 ①` 藍影八格 vs【倉】`K-9-23-a`（容差 ±0.0005 ㎡·跨態 ⇒ 不符只具名） ──
  街廓   側                     本批量        【倉】b4cc3083           |Δ|      判
  R1   left          5.384991695        5.384991697     1.851e-09      ✅
  R1   right         6.667129054        6.667129053     1.274e-09      ✅
  R2   left         76.205568189       76.205568190     1.089e-09      ✅
  R4   left         26.093820427       26.093820432     5.121e-09      ✅
  R4   right        27.442490498       27.442490499     8.101e-10      ✅
  R6   right         0.000045365        0.000045364     8.895e-10      ✅
  R5   left         72.455256332       72.455256336     4.401e-09      ✅
  R3   right        75.626739110       75.626739110     1.282e-10      ✅
  格數 = 8（【倉】表為 8 格）

── 二、`M-L-5 ②` 選邊之二造（🛑 `X-3`：所取之半 ∩ ≤ 1e-6；另一半須躍至 O(10)） ──
  街廓   側         定義取  σ·Δs取         所取半 ∩街角地         另一半 ∩街角地           σ·Δs
  R1   left        B      B      0.000000000      5.385012945   -0.323728357
  R1   right       B      B      0.000000000      6.667095599   -0.401173739
  R2   left        A      A      0.000000000     76.261603762    3.384874863
  R4   left        A      A      0.000000000     26.094150571    1.574464975
  R4   right       A      A      0.000000000     27.442125134    1.656311564
  R6   right       B      B      0.000000000      0.000045364   -0.000002074
  R5   left        A      A      0.000000000     72.196437661    3.297815262
  R3   right       B      B      0.000000000     75.695748864   -3.370750602
  🔒 定義選邊 vs `σ·Δs` 規則之一致格數 = 8/8
  🛑 `X-3` 之判：另一半 ∩ **仍 ≤ 1e-6** 之格 = 無 ⇒ ✅ 判別力成立

── 三、`[T3-GATE]`（逐街廓逐宗一列·🛑 觀測模式·⛔ 未改變任何配地結果） ──
[T3-GATE] 街廓 R1｜側 left｜位次 0｜暫編地號 628-37(1)｜G 208.1600｜藍影 5.384991695｜閘一 不適用（G>藍影 —／臨正街 —>0 —／臨屁股 —>0 —｜街角地（第 0 宗）⛔ 不走閘一）｜閘二 不適用（W×D 3.5×14.0·命中角 None｜街角地⛔ 不走閘二（K-9-12-e／K-9-13 四段））｜綜合 不適用｜🛑 觀測模式·⛔ 未改變任何配地結果
[T3-GATE] 街廓 R1｜側 left｜位次 1｜暫編地號 628-35(2)｜G 599.9100｜藍影 5.384991695｜閘一 True（G>藍影 True／臨正街 17.932855>0 True／臨屁股 18.257042>0 True）｜閘二 True（W×D 3.5×14.0·命中角 0.0｜容納（命中角度 0.000000°））｜綜合 配地（就本批已檢之二閘而言）｜🛑 觀測模式·⛔ 未改變任何配地結果
[T3-GATE] 街廓 R1｜側 right｜位次 0｜暫編地號 628(5)｜G 227.7300｜藍影 6.667129054｜閘一 不適用（G>藍影 —／臨正街 —>0 —／臨屁股 —>0 —｜街角地（第 0 宗）⛔ 不走閘一）｜閘二 不適用（W×D 3.5×14.0·命中角 None｜街角地⛔ 不走閘二（K-9-12-e／K-9-13 四段））｜綜合 不適用｜🛑 觀測模式·⛔ 未改變任何配地結果
[T3-GATE] 街廓 R1｜側 right｜位次 1｜暫編地號 628-34(3)｜G 86.0000｜藍影 6.667129054｜閘一 True（G>藍影 True／臨正街 2.396449>0 True／臨屁股 2.798839>0 True）｜閘二 False（W×D 3.5×14.0·命中角 None｜掃 364 個角度皆不可容納）｜綜合 不配地｜🛑 觀測模式·⛔ 未改變任何配地結果
[T3-GATE] 街廓 R1｜側 right｜位次 2｜暫編地號 628-36(1)｜G 596.2600｜藍影 6.667129054｜閘一 不適用（G>藍影 —／臨正街 —>0 —／臨屁股 —>0 —｜第 2 宗以後⛔ 不走閘一（K-9-17 四：不交叉恆真））｜閘二 True（W×D 3.5×14.0·命中角 0.0｜容納（命中角度 0.000000°））｜綜合 配地（就本批已檢之二閘而言）｜🛑 觀測模式·⛔ 未改變任何配地結果
[T3-GATE] 街廓 R2｜側 left｜位次 0｜暫編地號 628-41(1)｜G 175.9500｜藍影 76.205568189｜閘一 不適用（G>藍影 —／臨正街 —>0 —／臨屁股 —>0 —｜街角地（第 0 宗）⛔ 不走閘一）｜閘二 不適用（W×D 3.5×14.0·命中角 None｜街角地⛔ 不走閘二（K-9-12-e／K-9-13 四段））｜綜合 不適用｜🛑 觀測模式·⛔ 未改變任何配地結果
[T3-GATE] 街廓 R2｜側 left｜位次 1｜暫編地號 628-42(1)｜G 3.8200｜藍影 76.205568189｜閘一 False（G>藍影 False／臨正街 0.760563>0 True／臨屁股 0.000000>0 False）｜閘二 False（W×D 3.5×14.0·命中角 None｜面積 < W×D（必要條件不成立））｜綜合 不配地｜🛑 觀測模式·⛔ 未改變任何配地結果
[T3-GATE] 街廓 R2｜側 left｜位次 2｜暫編地號 628-27(1)｜G 29.0800｜藍影 76.205568189｜閘一 不適用（G>藍影 —／臨正街 —>0 —／臨屁股 —>0 —｜第 2 宗以後⛔ 不走閘一（K-9-17 四：不交叉恆真））｜閘二 False（W×D 3.5×14.0·命中角 None｜面積 < W×D（必要條件不成立））｜綜合 不配地｜🛑 觀測模式·⛔ 未改變任何配地結果
[T3-GATE] 街廓 R2｜側 left｜位次 3｜暫編地號 628-40(1)+｜G 293.4800｜藍影 76.205568189｜閘一 不適用（G>藍影 —／臨正街 —>0 —／臨屁股 —>0 —｜第 2 宗以後⛔ 不走閘一（K-9-17 四：不交叉恆真））｜閘二 True（W×D 3.5×14.0·命中角 31.0｜容納（命中角度 31.000000°））｜綜合 配地（就本批已檢之二閘而言）｜🛑 觀測模式·⛔ 未改變任何配地結果
[T3-GATE] 街廓 R2｜側 left｜位次 4｜暫編地號 628-30(2)｜G 86.6600｜藍影 76.205568189｜閘一 不適用（G>藍影 —／臨正街 —>0 —／臨屁股 —>0 —｜第 2 宗以後⛔ 不走閘一（K-9-17 四：不交叉恆真））｜閘二 False（W×D 3.5×14.0·命中角 None｜掃 363 個角度皆不可容納）｜綜合 不配地｜🛑 觀測模式·⛔ 未改變任何配地結果
[T3-GATE] 街廓 R2｜側 left｜位次 5｜暫編地號 628-39(1)｜G 229.7200｜藍影 76.205568189｜閘一 不適用（G>藍影 —／臨正街 —>0 —／臨屁股 —>0 —｜第 2 宗以後⛔ 不走閘一（K-9-17 四：不交叉恆真））｜閘二 True（W×D 3.5×14.0·命中角 37.0｜容納（命中角度 37.000000°））｜綜合 配地（就本批已檢之二閘而言）｜🛑 觀測模式·⛔ 未改變任何配地結果
[T3-GATE] 街廓 R2｜側 left｜位次 6｜暫編地號 628-31(2)｜G 390.9800｜藍影 76.205568189｜閘一 不適用（G>藍影 —／臨正街 —>0 —／臨屁股 —>0 —｜第 2 宗以後⛔ 不走閘一（K-9-17 四：不交叉恆真））｜閘二 True（W×D 3.5×14.0·命中角 20.5｜容納（命中角度 20.500000°））｜綜合 配地（就本批已檢之二閘而言）｜🛑 觀測模式·⛔ 未改變任何配地結果
[T3-GATE] 街廓 R2｜側 left｜位次 7｜暫編地號 628-35(1)｜G 58.9500｜藍影 76.205568189｜閘一 不適用（G>藍影 —／臨正街 —>0 —／臨屁股 —>0 —｜第 2 宗以後⛔ 不走閘一（K-9-17 四：不交叉恆真））｜閘二 False（W×D 3.5×14.0·命中角 None｜掃 365 個角度皆不可容納）｜綜合 不配地｜🛑 觀測模式·⛔ 未改變任何配地結果
[T3-GATE] 街廓 R2｜側 left｜位次 8｜暫編地號 628-34(1)｜G 432.1100｜藍影 76.205568189｜閘一 不適用（G>藍影 —／臨正街 —>0 —／臨屁股 —>0 —｜第 2 宗以後⛔ 不走閘一（K-9-17 四：不交叉恆真））｜閘二 True（W×D 3.5×14.0·命中角 15.0｜容納（命中角度 15.000000°））｜綜合 配地（就本批已檢之二閘而言）｜🛑 觀測模式·⛔ 未改變任何配地結果
[T3-GATE] 街廓 R2｜側 left｜位次 9｜暫編地號 628-49(1)｜G 65.4500｜藍影 76.205568189｜閘一 不適用（G>藍影 —／臨正街 —>0 —／臨屁股 —>0 —｜第 2 宗以後⛔ 不走閘一（K-9-17 四：不交叉恆真））｜閘二 False（W×D 3.5×14.0·命中角 None｜掃 363 個角度皆不可容納）｜綜合 不配地｜🛑 觀測模式·⛔ 未改變任何配地結果
[T3-GATE] 街廓 R2｜側 left｜位次 10｜暫編地號 628-50(1)｜G 147.1800｜藍影 76.205568189｜閘一 不適用（G>藍影 —／臨正街 —>0 —／臨屁股 —>0 —｜第 2 宗以後⛔ 不走閘一（K-9-17 四：不交叉恆真））｜閘二 False（W×D 3.5×14.0·命中角 None｜掃 363 個角度皆不可容納）｜綜合 不配地｜🛑 觀測模式·⛔ 未改變任何配地結果
[T3-GATE] 街廓 R2｜側 left｜位次 11｜暫編地號 628-51(1)｜G 146.5900｜藍影 76.205568189｜閘一 不適用（G>藍影 —／臨正街 —>0 —／臨屁股 —>0 —｜第 2 宗以後⛔ 不走閘一（K-9-17 四：不交叉恆真））｜閘二 False（W×D 3.5×14.0·命中角 None｜掃 363 個角度皆不可容納）｜綜合 不配地｜🛑 觀測模式·⛔ 未改變任何配地結果
[T3-GATE] 街廓 R2｜側 left｜位次 12｜暫編地號 628-52(1)｜G 71.6000｜藍影 76.205568189｜閘一 不適用（G>藍影 —／臨正街 —>0 —／臨屁股 —>0 —｜第 2 宗以後⛔ 不走閘一（K-9-17 四：不交叉恆真））｜閘二 False（W×D 3.5×14.0·命中角 None｜掃 363 個角度皆不可容納）｜綜合 不配地｜🛑 觀測模式·⛔ 未改變任何配地結果
[T3-GATE] 街廓 R2｜側 left｜位次 13｜暫編地號 628-32(2)｜G 437.0200｜藍影 76.205568189｜閘一 不適用（G>藍影 —／臨正街 —>0 —／臨屁股 —>0 —｜第 2 宗以後⛔ 不走閘一（K-9-17 四：不交叉恆真））｜閘二 True（W×D 3.5×14.0·命中角 14.5｜容納（命中角度 14.500000°））｜綜合 配地（就本批已檢之二閘而言）｜🛑 觀測模式·⛔ 未改變任何配地結果
[T3-GATE] 街廓 R4｜側 left｜位次 0｜暫編地號 628(1)｜G 1521.0500｜藍影 26.093820427｜閘一 不適用（G>藍影 —／臨正街 —>0 —／臨屁股 —>0 —｜街角地（第 0 宗）⛔ 不走閘一）｜閘二 不適用（W×D 3.5×14.0·命中角 None｜街角地⛔ 不走閘二（K-9-12-e／K-9-13 四段））｜綜合 不適用｜🛑 觀測模式·⛔ 未改變任何配地結果
[T3-GATE] 街廓 R4｜側 right｜位次 0｜暫編地號 628-1(1)｜G 458.4700｜藍影 27.442490498｜閘一 不適用（G>藍影 —／臨正街 —>0 —／臨屁股 —>0 —｜街角地（第 0 宗）⛔ 不走閘一）｜閘二 不適用（W×D 3.5×14.0·命中角 None｜街角地⛔ 不走閘二（K-9-12-e／K-9-13 四段））｜綜合 不適用｜🛑 觀測模式·⛔ 未改變任何配地結果
[T3-GATE] 街廓 R6｜側 right｜位次 0｜暫編地號 628-18(1)｜G 307.7800｜藍影 0.000045365｜閘一 不適用（G>藍影 —／臨正街 —>0 —／臨屁股 —>0 —｜街角地（第 0 宗）⛔ 不走閘一）｜閘二 不適用（W×D 3.5×14.0·命中角 None｜街角地⛔ 不走閘二（K-9-12-e／K-9-13 四段））｜綜合 不適用｜🛑 觀測模式·⛔ 未改變任何配地結果
[T3-GATE] 街廓 R6｜側 right｜位次 1｜暫編地號 628-53(1)｜G 0.2600｜藍影 0.000045365｜閘一 True（G>藍影 True／臨正街 0.007870>0 True／臨屁股 0.007858>0 True）｜閘二 False（W×D 3.5×14.0·命中角 None｜面積 < W×D（必要條件不成立））｜綜合 不配地｜🛑 觀測模式·⛔ 未改變任何配地結果
[T3-GATE] 街廓 R6｜側 right｜位次 2｜暫編地號 628-38(1)｜G 117.7300｜藍影 0.000045365｜閘一 不適用（G>藍影 —／臨正街 —>0 —／臨屁股 —>0 —｜第 2 宗以後⛔ 不走閘一（K-9-17 四：不交叉恆真））｜閘二 False（W×D 3.5×14.0·命中角 None｜掃 364 個角度皆不可容納）｜綜合 不配地｜🛑 觀測模式·⛔ 未改變任何配地結果
[T3-GATE] 街廓 R6｜側 right｜位次 3｜暫編地號 628-7(1)｜G 302.9300｜藍影 0.000045365｜閘一 不適用（G>藍影 —／臨正街 —>0 —／臨屁股 —>0 —｜第 2 宗以後⛔ 不走閘一（K-9-17 四：不交叉恆真））｜閘二 True（W×D 3.5×14.0·命中角 33.5｜容納（命中角度 33.500000°））｜綜合 配地（就本批已檢之二閘而言）｜🛑 觀測模式·⛔ 未改變任何配地結果
[T3-GATE] 街廓 R6｜側 right｜位次 4｜暫編地號 628-20(1)｜G 339.9100｜藍影 0.000045365｜閘一 不適用（G>藍影 —／臨正街 —>0 —／臨屁股 —>0 —｜第 2 宗以後⛔ 不走閘一（K-9-17 四：不交叉恆真））｜閘二 True（W×D 3.5×14.0·命中角 30.0｜容納（命中角度 30.000000°））｜綜合 配地（就本批已檢之二閘而言）｜🛑 觀測模式·⛔ 未改變任何配地結果
[T3-GATE] 街廓 R5｜側 left｜位次 0｜暫編地號 628-18(2)｜G 205.4900｜藍影 72.455256332｜閘一 不適用（G>藍影 —／臨正街 —>0 —／臨屁股 —>0 —｜街角地（第 0 宗）⛔ 不走閘一）｜閘二 不適用（W×D 3.5×14.0·命中角 None｜街角地⛔ 不走閘二（K-9-12-e／K-9-13 四段））｜綜合 不適用｜🛑 觀測模式·⛔ 未改變任何配地結果
[T3-GATE] 街廓 R5｜側 left｜位次 1｜暫編地號 628-53(2)｜G 0.9900｜藍影 72.455256332｜閘一 False（G>藍影 False／臨正街 0.388503>0 True／臨屁股 0.000000>0 False）｜閘二 False（W×D 3.5×14.0·命中角 None｜面積 < W×D（必要條件不成立））｜綜合 不配地｜🛑 觀測模式·⛔ 未改變任何配地結果
[T3-GATE] 街廓 R5｜側 left｜位次 2｜暫編地號 628-7(2)｜G 242.4600｜藍影 72.455256332｜閘一 不適用（G>藍影 —／臨正街 —>0 —／臨屁股 —>0 —｜第 2 宗以後⛔ 不走閘一（K-9-17 四：不交叉恆真））｜閘二 True（W×D 3.5×14.0·命中角 35.0｜容納（命中角度 35.000000°））｜綜合 配地（就本批已檢之二閘而言）｜🛑 觀測模式·⛔ 未改變任何配地結果
[T3-GATE] 街廓 R5｜側 left｜位次 3｜暫編地號 628-45(1)+｜G 358.0300｜藍影 72.455256332｜閘一 不適用（G>藍影 —／臨正街 —>0 —／臨屁股 —>0 —｜第 2 宗以後⛔ 不走閘一（K-9-17 四：不交叉恆真））｜閘二 True（W×D 3.5×14.0·命中角 23.5｜容納（命中角度 23.500000°））｜綜合 配地（就本批已檢之二閘而言）｜🛑 觀測模式·⛔ 未改變任何配地結果
[T3-GATE] 街廓 R5｜側 left｜位次 4｜暫編地號 628-31(1)｜G 10.4600｜藍影 72.455256332｜閘一 不適用（G>藍影 —／臨正街 —>0 —／臨屁股 —>0 —｜第 2 宗以後⛔ 不走閘一（K-9-17 四：不交叉恆真））｜閘二 False（W×D 3.5×14.0·命中角 None｜面積 < W×D（必要條件不成立））｜綜合 不配地｜🛑 觀測模式·⛔ 未改變任何配地結果
[T3-GATE] 街廓 R5｜側 left｜位次 5｜暫編地號 628-32(1)｜G 3.0800｜藍影 72.455256332｜閘一 不適用（G>藍影 —／臨正街 —>0 —／臨屁股 —>0 —｜第 2 宗以後⛔ 不走閘一（K-9-17 四：不交叉恆真））｜閘二 False（W×D 3.5×14.0·命中角 None｜面積 < W×D（必要條件不成立））｜綜合 不配地｜🛑 觀測模式·⛔ 未改變任何配地結果
[T3-GATE] 街廓 R5｜側 left｜位次 6｜暫編地號 628(3)｜G 148.7200｜藍影 72.455256332｜閘一 不適用（G>藍影 —／臨正街 —>0 —／臨屁股 —>0 —｜第 2 宗以後⛔ 不走閘一（K-9-17 四：不交叉恆真））｜閘二 False（W×D 3.5×14.0·命中角 None｜掃 364 個角度皆不可容納）｜綜合 不配地｜🛑 觀測模式·⛔ 未改變任何配地結果
[T3-GATE] 街廓 R5｜側 left｜位次 7｜暫編地號 628-21(2)+｜G 1415.2500｜藍影 72.455256332｜閘一 不適用（G>藍影 —／臨正街 —>0 —／臨屁股 —>0 —｜第 2 宗以後⛔ 不走閘一（K-9-17 四：不交叉恆真））｜閘二 True（W×D 3.5×14.0·命中角 0.0｜容納（命中角度 0.000000°））｜綜合 配地（就本批已檢之二閘而言）｜🛑 觀測模式·⛔ 未改變任何配地結果
[T3-GATE] 街廓 R3｜側 right｜位次 0｜暫編地號 628-30(3)+｜G 627.5700｜藍影 75.626739110｜閘一 不適用（G>藍影 —／臨正街 —>0 —／臨屁股 —>0 —｜街角地（第 0 宗）⛔ 不走閘一）｜閘二 不適用（W×D 3.5×14.0·命中角 None｜街角地⛔ 不走閘二（K-9-12-e／K-9-13 四段））｜綜合 不適用｜🛑 觀測模式·⛔ 未改變任何配地結果
[T3-GATE] 街廓 R3｜側 right｜位次 1｜暫編地號 628-42(2)｜G 89.9600｜藍影 75.626739110｜閘一 True（G>藍影 True／臨正街 0.323090>0 True／臨屁股 3.704416>0 True）｜閘二 False（W×D 3.5×14.0·命中角 None｜掃 364 個角度皆不可容納）｜綜合 不配地｜🛑 觀測模式·⛔ 未改變任何配地結果
[T3-GATE] 街廓 R3｜側 right｜位次 2｜暫編地號 628-27(2)｜G 26.5400｜藍影 75.626739110｜閘一 不適用（G>藍影 —／臨正街 —>0 —／臨屁股 —>0 —｜第 2 宗以後⛔ 不走閘一（K-9-17 四：不交叉恆真））｜閘二 False（W×D 3.5×14.0·命中角 None｜面積 < W×D（必要條件不成立））｜綜合 不配地｜🛑 觀測模式·⛔ 未改變任何配地結果
[T3-GATE] 街廓 R3｜側 right｜位次 3｜暫編地號 628-29(1)+｜G 131.6100｜藍影 75.626739110｜閘一 不適用（G>藍影 —／臨正街 —>0 —／臨屁股 —>0 —｜第 2 宗以後⛔ 不走閘一（K-9-17 四：不交叉恆真））｜閘二 False（W×D 3.5×14.0·命中角 None｜掃 363 個角度皆不可容納）｜綜合 不配地｜🛑 觀測模式·⛔ 未改變任何配地結果
[T3-GATE] 街廓 R3｜側 right｜位次 4｜暫編地號 628-31(3)｜G 380.8100｜藍影 75.626739110｜閘一 不適用（G>藍影 —／臨正街 —>0 —／臨屁股 —>0 —｜第 2 宗以後⛔ 不走閘一（K-9-17 四：不交叉恆真））｜閘二 True（W×D 3.5×14.0·命中角 21.5｜容納（命中角度 21.500000°））｜綜合 配地（就本批已檢之二閘而言）｜🛑 觀測模式·⛔ 未改變任何配地結果

  [T3-GATE] 總列數 = 39
  綜合判「不配地」之列數 = 18
    ▸ [T3-GATE] 街廓 R1｜側 right｜位次 1｜暫編地號 628-34(3)｜G 86.0000｜藍影 6.667129054｜閘一 True（G>藍影 True／臨正街 2.396449>0 True／臨屁股 2.798839>0 True）｜閘二 False（W×D 3.5×14.0·
    ▸ [T3-GATE] 街廓 R2｜側 left｜位次 1｜暫編地號 628-42(1)｜G 3.8200｜藍影 76.205568189｜閘一 False（G>藍影 False／臨正街 0.760563>0 True／臨屁股 0.000000>0 False）｜閘二 False（W×D 3.5×14.
    ▸ [T3-GATE] 街廓 R2｜側 left｜位次 2｜暫編地號 628-27(1)｜G 29.0800｜藍影 76.205568189｜閘一 不適用（G>藍影 —／臨正街 —>0 —／臨屁股 —>0 —｜第 2 宗以後⛔ 不走閘一（K-9-17 四：不交叉恆真））｜閘二 False（W×D 3.5
    ▸ [T3-GATE] 街廓 R2｜側 left｜位次 4｜暫編地號 628-30(2)｜G 86.6600｜藍影 76.205568189｜閘一 不適用（G>藍影 —／臨正街 —>0 —／臨屁股 —>0 —｜第 2 宗以後⛔ 不走閘一（K-9-17 四：不交叉恆真））｜閘二 False（W×D 3.5
    ▸ [T3-GATE] 街廓 R2｜側 left｜位次 7｜暫編地號 628-35(1)｜G 58.9500｜藍影 76.205568189｜閘一 不適用（G>藍影 —／臨正街 —>0 —／臨屁股 —>0 —｜第 2 宗以後⛔ 不走閘一（K-9-17 四：不交叉恆真））｜閘二 False（W×D 3.5
    ▸ [T3-GATE] 街廓 R2｜側 left｜位次 9｜暫編地號 628-49(1)｜G 65.4500｜藍影 76.205568189｜閘一 不適用（G>藍影 —／臨正街 —>0 —／臨屁股 —>0 —｜第 2 宗以後⛔ 不走閘一（K-9-17 四：不交叉恆真））｜閘二 False（W×D 3.5
    ▸ [T3-GATE] 街廓 R2｜側 left｜位次 10｜暫編地號 628-50(1)｜G 147.1800｜藍影 76.205568189｜閘一 不適用（G>藍影 —／臨正街 —>0 —／臨屁股 —>0 —｜第 2 宗以後⛔ 不走閘一（K-9-17 四：不交叉恆真））｜閘二 False（W×D 3
    ▸ [T3-GATE] 街廓 R2｜側 left｜位次 11｜暫編地號 628-51(1)｜G 146.5900｜藍影 76.205568189｜閘一 不適用（G>藍影 —／臨正街 —>0 —／臨屁股 —>0 —｜第 2 宗以後⛔ 不走閘一（K-9-17 四：不交叉恆真））｜閘二 False（W×D 3
    ▸ [T3-GATE] 街廓 R2｜側 left｜位次 12｜暫編地號 628-52(1)｜G 71.6000｜藍影 76.205568189｜閘一 不適用（G>藍影 —／臨正街 —>0 —／臨屁股 —>0 —｜第 2 宗以後⛔ 不走閘一（K-9-17 四：不交叉恆真））｜閘二 False（W×D 3.
    ▸ [T3-GATE] 街廓 R6｜側 right｜位次 1｜暫編地號 628-53(1)｜G 0.2600｜藍影 0.000045365｜閘一 True（G>藍影 True／臨正街 0.007870>0 True／臨屁股 0.007858>0 True）｜閘二 False（W×D 3.5×14.0·命
    ▸ [T3-GATE] 街廓 R6｜側 right｜位次 2｜暫編地號 628-38(1)｜G 117.7300｜藍影 0.000045365｜閘一 不適用（G>藍影 —／臨正街 —>0 —／臨屁股 —>0 —｜第 2 宗以後⛔ 不走閘一（K-9-17 四：不交叉恆真））｜閘二 False（W×D 3.
    ▸ [T3-GATE] 街廓 R5｜側 left｜位次 1｜暫編地號 628-53(2)｜G 0.9900｜藍影 72.455256332｜閘一 False（G>藍影 False／臨正街 0.388503>0 True／臨屁股 0.000000>0 False）｜閘二 False（W×D 3.5×14.
    ▸ [T3-GATE] 街廓 R5｜側 left｜位次 4｜暫編地號 628-31(1)｜G 10.4600｜藍影 72.455256332｜閘一 不適用（G>藍影 —／臨正街 —>0 —／臨屁股 —>0 —｜第 2 宗以後⛔ 不走閘一（K-9-17 四：不交叉恆真））｜閘二 False（W×D 3.5
    ▸ [T3-GATE] 街廓 R5｜側 left｜位次 5｜暫編地號 628-32(1)｜G 3.0800｜藍影 72.455256332｜閘一 不適用（G>藍影 —／臨正街 —>0 —／臨屁股 —>0 —｜第 2 宗以後⛔ 不走閘一（K-9-17 四：不交叉恆真））｜閘二 False（W×D 3.5×
    ▸ [T3-GATE] 街廓 R5｜側 left｜位次 6｜暫編地號 628(3)｜G 148.7200｜藍影 72.455256332｜閘一 不適用（G>藍影 —／臨正街 —>0 —／臨屁股 —>0 —｜第 2 宗以後⛔ 不走閘一（K-9-17 四：不交叉恆真））｜閘二 False（W×D 3.5×1
    ▸ [T3-GATE] 街廓 R3｜側 right｜位次 1｜暫編地號 628-42(2)｜G 89.9600｜藍影 75.626739110｜閘一 True（G>藍影 True／臨正街 0.323090>0 True／臨屁股 3.704416>0 True）｜閘二 False（W×D 3.5×14.0
    ▸ [T3-GATE] 街廓 R3｜側 right｜位次 2｜暫編地號 628-27(2)｜G 26.5400｜藍影 75.626739110｜閘一 不適用（G>藍影 —／臨正街 —>0 —／臨屁股 —>0 —｜第 2 宗以後⛔ 不走閘一（K-9-17 四：不交叉恆真））｜閘二 False（W×D 3.
    ▸ [T3-GATE] 街廓 R3｜側 right｜位次 3｜暫編地號 628-29(1)+｜G 131.6100｜藍影 75.626739110｜閘一 不適用（G>藍影 —／臨正街 —>0 —／臨屁股 —>0 —｜第 2 宗以後⛔ 不走閘一（K-9-17 四：不交叉恆真））｜閘二 False（W×D 

====================================================================================================================================
🛑 `X-3`：✅ 未觸發
⚠️ `M-L-5 ①` 跨態不符格：無
====================================================================================================================================

====================================================================================================================================
🔧 **驅動器尾記**（`verify/probes/probe_WG9190R_t3gate2.py`·⛔ 非 `probe_WG9187_t3gate.py` 之輸出·⛔ 未改其既有任何一列）
====================================================================================================================================
  🔒 本趟之情境 ＝ **SB = 0.0 m**（由 `WV_T3_SB` 覆寫模組級 `SB`；原檔之值 ＝ `0.0`）。
  🔒 本趟與原檔同情境（`0.0 m`）⇒ 表頭字串與 `REF_BLUE` 之錨**皆合**。
  🔒 `rc` ＝ 0（逕採原檔之回傳·⛔ 未吞、⛔ 未改判）。
====================================================================================================================================
