========================================================================================================================================================================================================
【W-G.9-182 M-G-1〜M-G-3】R1（併 R4）逐帶重建與覆蓋自檢替代式之驗證 — ⛔ 零生產碼
========================================================================================================================================================================================================
  環境：shapely 2.1.2 | GEOS (3, 13, 1)

========================================================================================================================================================================================================
■ 街廓 R1　s 域 [-0.3248130410, 87.7155031680]　全寬 88.0403162090　宗數 5
========================================================================================================================================================================================================

【M-G-1】`kept_iv` 逐帶（區間未捨入／面積／來源／span:實佔比）
  #   來源                    s 起              s 訖           span            實佔長          面積(㎡)  span/實佔 geom_type          頂點
  1   補區間         17.5649305596    52.8520236003  35.2870930406  35.2870930406    1169.708187   1.0000 Polygon             6
  2   配餘          -0.3248130410    17.5649305597  17.8897436007  17.8897436007       5.383510   1.0000 Polygon             5
  3   配餘          -0.3248130410    -0.0358350584   0.2889779826   0.2889779826       0.004600   1.0000 Polygon             5
  ── Σ span = 53.4658146240 ／ Σ 實佔長 = 53.4658146240 ／ Σ 面積 = 1175.096297
  ── 步驟 4 之互斥補區間數 = 1 ／ 5b 配餘數 = 2 ／ 退化帶 = 0

【M-G-1】`biz_iv` 逐宗（暫編地號／s 起訖／G(㎡)／a 面積(㎡)／幾何面積(㎡)）
  #   暫編地號                          s 起              s 訖          s 寬           G(㎡)        a 面積(㎡)        幾何面積(㎡)
  1   628-36(1)           -0.3248130410    17.5649305596    17.889744       575.7300       947.9700     575.731096
  2   628(5)              80.2643597413    87.7155031680     7.451143       227.7300       382.9100     227.739166
  3   628-34(3)           77.8696961757    80.6668452174     2.797149        86.0000       152.3400      86.002992
  4   628-37(1)           71.3401152322    77.8696961759     6.529581       216.3400       350.7600     216.338809
  5   628-35(2)           52.8520236003    71.3401152322    18.488092       612.6400      1039.0000     612.644726

【M-G-2 問乙·閘 F】是否存在 `a 面積(㎡)` 或幾何面積 ≤ 0.01 之宗？
  a 面積 ≤ 0.01 之宗 = 0 []
  幾何面積 ≤ 0.01 之宗 = 0 []
  ⇒ 閘 F：🔴 **無**（⛔ 不支持 (甲)）

【M-G-3】覆蓋自檢替代式（🛑 **受檢假說**·⛔ 非停機款·不成立⛔ 不停機）
  式(i) 步驟4補區間 ＋ merged宗帶 ＋ 退化帶 ＝ s 域全寬
      35.2870930406 + 52.7532231683 + 0.0000000000e+00 = 88.0403162090   vs 88.0403162090   殘差 0.0000000000e+00  ✅ 成立
  式(ii) measure(∪kept_iv ∪ ∪biz_iv) ＝ s 域全寬
      88.0403162090   vs 88.0403162090   殘差 0.0000000000e+00  ✅ 成立
  式(iii) Σ(逐帶實佔長) ＋ Σ(逐宗實佔長) ＝ s 域全寬
      53.4658146240 + 53.1557086446 = 106.6215232686   vs 88.0403162090   殘差 -1.8581207060e+01  🔴 ⛔ 不成立
  【附】舊 `X-3` 之形：Σ(kept_iv span) = 53.4658146240  vs s 域全寬 88.0403162090  ⇒ ✅ ≤

========================================================================================================================================================================================================
■ 街廓 R4　s 域 [0.1759031656, 98.7163300148]　全寬 98.5404268492　宗數 2
========================================================================================================================================================================================================

【M-G-1】`kept_iv` 逐帶（區間未捨入／面積／來源／span:實佔比）
  #   來源                    s 起              s 訖           span            實佔長          面積(㎡)  span/實佔 geom_type          頂點
  1   補區間         47.7107436832    83.0367521749  35.3260084917  35.3260084919    1169.558458   1.0000 Polygon             6
  2   補區間         98.5477178810    98.7163300148   0.1686121338   0.1686121338       0.298774   1.0000 Polygon             4
  3   配餘           3.7114251139    47.7107436832  43.9993185693  43.9993185693      26.093842   1.0000 Polygon             5
  4   配餘          83.0367521749    84.6947658447   1.6580136698   1.6580136698      27.442513   1.0000 Polygon             4
  5   配餘          49.5298731122    98.5477178812  49.0178447689  49.0178447689       4.963211   1.0000 Polygon             7
  ── Σ span = 130.1697976335 ／ Σ 實佔長 = 130.1697976338 ／ Σ 面積 = 1228.356798
  ── 步驟 4 之互斥補區間數 = 2 ／ 5b 配餘數 = 3 ／ 退化帶 = 0

【M-G-1】`biz_iv` 逐宗（暫編地號／s 起訖／G(㎡)／a 面積(㎡)／幾何面積(㎡)）
  #   暫編地號                          s 起              s 訖          s 寬           G(㎡)        a 面積(㎡)        幾何面積(㎡)
  1   628(1)               0.1759031656    47.7107436832    47.534841      1521.0500      2428.4400    1521.048115
  2   628-1(1)            83.0367521749    98.5477178810    15.510966       458.4700       757.9200     458.461585

【M-G-2 問乙·閘 F】是否存在 `a 面積(㎡)` 或幾何面積 ≤ 0.01 之宗？
  a 面積 ≤ 0.01 之宗 = 0 []
  幾何面積 ≤ 0.01 之宗 = 0 []
  ⇒ 閘 F：🔴 **無**（⛔ 不支持 (甲)）

【M-G-3】覆蓋自檢替代式（🛑 **受檢假說**·⛔ 非停機款·不成立⛔ 不停機）
  式(i) 步驟4補區間 ＋ merged宗帶 ＋ 退化帶 ＝ s 域全寬
      35.4946206255 + 63.0458062237 + 0.0000000000e+00 = 98.5404268492   vs 98.5404268492   殘差 0.0000000000e+00  ✅ 成立
  式(ii) measure(∪kept_iv ∪ ∪biz_iv) ＝ s 域全寬
      98.5404268492   vs 98.5404268492   殘差 0.0000000000e+00  ✅ 成立
  式(iii) Σ(逐帶實佔長) ＋ Σ(逐宗實佔長) ＝ s 域全寬
      130.1697976338 + 63.0458062237 = 193.2156038575   vs 98.5404268492   殘差 -9.4675177008e+01  🔴 ⛔ 不成立
  【附】舊 `X-3` 之形：Σ(kept_iv span) = 130.1697976335  vs s 域全寬 98.5404268492  ⇒ 🔴 **>**（超出 31.6294）

========================================================================================================================================================================================================
【M-G-2 問乙·加驗】自 `build_p` 直查 `R1`／`R4` 之全部宗（含<u>被 VR-074 排除者</u>）
========================================================================================================================================================================================================
  🔒 由：現基座已落地 `VR-074`（ghost ⛔ 不入投影序母體）⇒ 消失之第 6 宗於 `biz_iv` 已不可見；
     惟其於 `build_p` **仍存在** ⇒ 得直接查其面積，**⛔ 不需跨態重跑**。

  ■ R1：`build_p` 之宗數 = 6
    #   暫編地號             原地號          重劃前區段                 幾何面積_m2         分攤登記面積        登記面積_m2
    1   628-37(1)        628-37       None                   353.85         350.76          457.0
    2   628-36(1)        628-36       None                   952.01         947.97         1047.0
    3   628-35(2)        628-35       None                  1045.05         1039.0         1255.0
    4   628(5)           628          None                   384.36         382.91         3473.0
    5   628-34(3)        628-34       None                   153.01         152.34         1435.0
    6   _GHOST_(R1)      _GHOST       None                        0            0.0            0.0
    ⇒ `原地號 == '_GHOST'` 之宗 = 1
       _GHOST_(R1)  幾何面積_m2 = 0  ⇒ ✅ ≤ 0.01 ⇒ **支持 (甲)**

  ■ R4：`build_p` 之宗數 = 3
    #   暫編地號             原地號          重劃前區段                 幾何面積_m2         分攤登記面積        登記面積_m2
    1   628(1)           628          None                  2437.61        2428.44         3473.0
    2   628-1(1)         628-1        None                   762.17         757.92         1177.0
    3   _GHOST_(R4)      _GHOST       None                        0            0.0            0.0
    ⇒ `原地號 == '_GHOST'` 之宗 = 1
       _GHOST_(R4)  幾何面積_m2 = 0  ⇒ ✅ ≤ 0.01 ⇒ **支持 (甲)**

🛑 本檔只重建與檢驗·⛔ 未修·⛔ 未動生產碼一字·⛔ 未立任何新閘。
========================================================================================================================================================================================================
