==========================================================================================================================
【`W-G.9-22`】三值 × 全格 之對目標偏差（⛔ 零生產碼·只讀）
🔴 **本表為<u>下界</u>**（只含族②③ 起算；⛔ 未含族① 落位之面積效果）
==========================================================================================================================
  🔒 **三條路徑⛔ 不得合併為「現行」**（考古 77）：
     A ＝ `buf·_cos_dn`｜B 選槽 ＝ `buf·cos_dn + W_0`｜B 推進 ＝ **硬 `0.0`**
  🔒 **目標**：非 `forced` ⇒ `0`（`K-9-5-12`（五）-1·權威序**第 1 級**）；
     `forced` ⇒ `MP` → 抵費地遠側界之**垂距**（`K-9-5-12`（四））
     ⛔ **不得以 `S1_par` 代之**（路平行·同名不同量·禁互代）。

  ══ 既有產物之讀取（驗收 #5／#12·⛔ 不重跑產生它的工具）══
  🔒 **期望值閘**（驗收 #7）：期望 **16** 格／實得 **16** 格（母體＝該 log 之 `Q2` 表·判準＝行首符 `情境 街廓 側別` 且含 ≥4 個小數）
     ✅ 過 ⇒ 可用

==========================================================================================================================
【情境 0m】　🔴 **本表為<u>下界</u>**（只含族②③ 起算；⛔ 未含族① 落位之面積效果）
==========================================================================================================================
  ── `H2` `forced` 之**生產實值現查**（判準＝`<side>_forced_offset` ∧ 街角最小面積 非 None ∧ ≠ inf）──
     現查所得 ＝ **0** 格：[]
     🔒 **外部錨閘**（驗收 #10·錨來自 `W-G.9-19` `D1`·⛔ 非本批自產）：錨 ＝ [] ⇒ ✅ 相同
     🔒 判別力自檢：以**必不同**之集合（錨 ∪ {('R9','left')}）比 ⇒ ✅ 判為不同 ⇒ 該閘非恆過

  ── 逐格表（鍵＝**街廓側字面**·單位 **公尺**·⛔ 不與百分點同欄）　🔴 **本表為<u>下界</u>**（只含族②③ 起算；⛔ 未含族① 落位之面積效果） ──
     鍵             forced           目標          A        B選槽      B推進       A−目標      B選−目標      B推−目標
     R1/left                  0.000000   0.000000   0.161877 0.000000   0.000000   0.161877   0.000000
     R1/right                 0.000000   0.000000   0.200569 0.000000   0.000000   0.200569   0.000000
     R2/left                  0.000000   0.000000  -1.693924 0.000000   0.000000  -1.693924   0.000000
     R3/right                 0.000000   0.000000   1.691802 0.000000   0.000000   1.691802   0.000000
     R4/left                  0.000000   0.000000  -0.787529 0.000000   0.000000  -0.787529   0.000000
     R4/right                 0.000000   0.000000   0.651126 0.000000   0.000000   0.651126   0.000000
     R5/left                  0.000000   0.000000  -1.640251 0.000000   0.000000  -1.640251   0.000000
     R6/right                 0.000000   0.000000   0.000001 0.000000   0.000000   0.000001   0.000000
     🔒 出艙 **8** 格（母體＝該情境之 8 街廓側·判準＝目標取得成功）

==========================================================================================================================
【情境 3.5m】　🔴 **本表為<u>下界</u>**（只含族②③ 起算；⛔ 未含族① 落位之面積效果）
==========================================================================================================================
  ── `H2` `forced` 之**生產實值現查**（判準＝`<side>_forced_offset` ∧ 街角最小面積 非 None ∧ ≠ inf）──
     現查所得 ＝ **3** 格：[('R2', 'left'), ('R3', 'right'), ('R5', 'left')]
     🔒 **外部錨閘**（驗收 #10·錨來自 `W-G.9-19` `D1`·⛔ 非本批自產）：錨 ＝ [('R2', 'left'), ('R3', 'right'), ('R5', 'left')] ⇒ ✅ 相同
     🔒 判別力自檢：以**必不同**之集合（錨 ∪ {('R9','left')}）比 ⇒ ✅ 判為不同 ⇒ 該閘非恆過

  ── 逐格表（鍵＝**街廓側字面**·單位 **公尺**·⛔ 不與百分點同欄）　🔴 **本表為<u>下界</u>**（只含族②③ 起算；⛔ 未含族① 落位之面積效果） ──
     鍵             forced           目標          A        B選槽      B推進       A−目標      B選−目標      B推−目標
     R1/left                  0.000000   0.000000   0.161877 0.000000   0.000000   0.161877   0.000000
     R1/right                 0.000000   0.000000   0.200570 0.000000   0.000000   0.200570   0.000000
     R2/left       ✅          6.999919   8.674182   6.980258 0.000000   1.674263  -0.019661  -6.999919
     R3/right      ✅          6.998992   8.665535  10.357336 0.000000   1.666543   3.358344  -6.998992
     R4/left                  0.000000   0.000000  -0.787529 0.000000   0.000000  -0.787529   0.000000
     R4/right                 0.000000   0.000000   0.651126 0.000000   0.000000   0.651126   0.000000
     R5/left       ✅          6.998992   8.621477   6.981225 0.000000   1.622485  -0.017767  -6.998992
     R6/right                 0.000000   0.000000   0.000001 0.000000   0.000000   0.000001   0.000000
     🔒 出艙 **8** 格（母體＝該情境之 8 街廓側·判準＝目標取得成功）

==========================================================================================================================
【百分點欄】⛔ **與公尺分欄**·⛔ 不比大小（考古 67）　🔴 **本表為<u>下界</u>**（只含族②③ 起算；⛔ 未含族① 落位之面積效果）
==========================================================================================================================
  🔒 判別力自檢：`R(18.0)` ＝ 100.0000／`R(0.0)` ＝ 0.0000／`R(-1.0)` ＝ 0.0000 ⇒ 該函式**非常數**且**負值被夾為 0**

  鍵             情境     forced        A−目標(pp)      B選−目標(pp)      B推−目標(pp)  出艙碼
  R1/left       0m                     0.0000         2.8167         0.0000  
  R1/right      0m                     0.0000         3.4899         0.0000  
  R2/left       0m                     0.0000         0.0000         0.0000  🟡 地板歧義：Bs
  R3/right      0m                     0.0000        22.2426         0.0000  
  R4/left       0m                     0.0000         0.0000         0.0000  🟡 地板歧義：Bs
  R4/right      0m                     0.0000        11.3296         0.0000  
  R5/left       0m                     0.0000         0.0000         0.0000  🟡 地板歧義：Bs
  R6/right      0m                     0.0000         0.0000         0.0000  
  R1/left       3.5m                   0.0000         2.8167         0.0000  
  R1/right      3.5m                   0.0000         3.4899         0.0000  
  R2/left       3.5m   ✅               8.9062        -0.1121       -55.6995  
  R3/right      3.5m   ✅               8.8665        17.0495       -55.6943  
  R4/left       3.5m                   0.0000         0.0000         0.0000  🟡 地板歧義：Bs
  R4/right      3.5m                   0.0000        11.3296         0.0000  
  R5/left       3.5m   ✅               8.6374        -0.1013       -55.6943  
  R6/right      3.5m                   0.0000         0.0000         0.0000  

  🔒 A     帶號合計 ＝ **26.4102** pp｜絕對值合計 ＝ **26.4102** pp
  🔒 B選槽   帶號合計 ＝ **74.3511** pp｜絕對值合計 ＝ **74.7778** pp
  🔒 B推進   帶號合計 ＝ **-167.0880** pp｜絕對值合計 ＝ **167.0880** pp
  🔴 **地板歧義之格 ＝ 4**（判準：差 < 1e-9 **且** 該值或目標 < 0）
     ⇒ 🟡 之 `0.0000` ⛔ **不得讀作「無偏差」**——`R(負)` 被夾為 0，
       偏差仍在，只是**在起算項這一欄看不見**（會經終點項顯現）。
  🔒 **`H4` 判別力自檢**：`R(+0.1619) − R(0)` ＝ 2.8171（⇒ 出艙碼**空**）vs `R(-1.0) − R(0)` ＝ 0.0000（⇒ 出艙碼 🟡）⇒ **兩義確實分得開**

==========================================================================================================================
【乙組】族① 之現況（⛔ 只述·不估）
==========================================================================================================================
  碼面逐字：`left_cum_S = float(_left_buffer_S)` ⇒ 族① 取 **`buf` 本身**（**沿 `s` 之量**）。
  目標為**真正之地界**（∥SIDELINE）⇒ 該界線在 `s` 下**非單一值** ⇒ **仍需表示法**。
  🔴 **`H5` 成立：族① 仍不可估。**
  🔒 判別力自檢（⛔ 期望值為否定 ⇒ 尤須自檢·考古 76）：
     **若**遠側界 ∥ `d̂`，它在 `s` 下即為單一值 ⇒ **可估** ⇒ 該判法**會給出不同結論**
     ⇒ ⛔ 非恆真句。⚠️ 本案之遠側界 ∥SIDELINE 而與 `d̂` **斜交** ⇒ 判為不可估。

  🔴 **⇒ 上列各表之數為<u>下界</u>**（只含族②③ 起算）
     ⛔ **非完整影響**、⛔ 不得與面積並列、⛔ 不得讀成區間。

==========================================================================================================================
