========================================================================================================================================================================================================
【W-G.9-177 M-B-1／M-B-3／M-B-4】R2 之 0.1171 歸屬 — ⛔ 零生產碼變更
========================================================================================================================================================================================================
  環境：shapely 2.1.2 | GEOS (3, 13, 1)

【X-1 停機款】二共同錨對拍（⛔ 不符即先判量測器紅並停機）
--------------------------------------------------------------------------------------------------------------------------------------------------------------------------------------------------------
  池帶1 s 寬   期望     8.4283   實得 8.4283376720   ✅
  s 域全寬     期望    99.7597   實得 99.7596655893   ✅
  ⇒ 2/2 ✅ 量測器非紅，續辦

【M-B-1】深度剖面法（甲／乙二候選薄片）
--------------------------------------------------------------------------------------------------------------------------------------------------------------------------------------------------------
  shim 池帶2 s∈[36.1767680400, 69.2578380822]  寬 33.0810700422
  app  池帶2 寬（4dp 顯示值）＝ 32.9640
  ⇒ 寬差 ＝ 0.1170700422　（🔒 app 側係 4dp 顯示 ⇒ 應記為 0.11707 ± 0.00005·⛔ 不得寫作恰為 0.1171）

  甲薄片  s∈[36.176768, 36.293838]  面積 5.225386 ㎡   平均深度 44.634698 m
  乙薄片  s∈[69.140768, 69.257838]  面積 5.187826 ㎡   平均深度 44.313865 m

  🛑 判別力（先報後判）：|A甲 − A乙| = 0.037560
  【倉】池帶2 面積差 ＝ 1471.2568 − 1466.0294 = 5.2274（二者皆 4dp ⇒ 差之不確定 ± 0.0001）
  殘差：甲 -0.002014 ／ 乙 -0.039574
  ⇒ ✅ 具判別力（≥ 0.01）⇒ 與 5.2274 相符者 ＝ 甲

  對照：shim 池帶2 實際面積 1471.256820（【倉】shim 側 4dp ＝ 1471.2568·Δ=0.000020）
        app  池帶2 面積（4dp 顯示）＝ 1466.0294
        面積差（shim − app）＝ 5.227420

【M-B-3】退化帶指紋（輔證·⛔ 不得單獨作結）
--------------------------------------------------------------------------------------------------------------------------------------------------------------------------------------------------------
  shim：raw 帶 4 ＝ 池帶 2 ＋ 退化 2　⇒ merged 3 段
    退化1 s∈[13.4374261805, 13.4374261806] 寬 1.694609e-10  前接 628-27(1) ／ 後接 628-40(1)+
    退化2 s∈[100.0274078110, 100.0274078111] 寬 4.234835e-11  前接 628-35(1) ／ 後接 —
  app （【倉】[T2-DIAG]）：池帶 2 ＋ 退化 3 ＝ raw 5 ⇒ merged 4 段
  ⇒ app 較 shim **多切一刀**（merged 4 段 vs 3 段）
  app 退化帶寬：1.27e-10, 1.83e-11, 4.23e-11
  shim 退化帶寬：1.69e-10, 4.23e-11
  🔒 可對之一格：app 4.23e-11 ↔ shim 4.23e-11（皆 s 域上端點）

【附】merged 段與其端點所屬之宗
--------------------------------------------------------------------------------------------------------------------------------------------------------------------------------------------------------
  段1 s∈[8.696080, 13.437426] 寬 4.7413462867   下界宗 628-42(1) ／ 上界宗 628-27(1)
  段2 s∈[13.437426, 36.176768] 寬 22.7393418594   下界宗 628-40(1)+ ／ 上界宗 628-31(2)
  段3 s∈[69.257838, 100.027408] 寬 30.7695697288   下界宗 628-32(2) ／ 上界宗 628-35(1)

【M-B-4】收斂驗證：於探針內把 shim 之 `_select_pool_slot['b']` 換成 **app 之舊式**
--------------------------------------------------------------------------------------------------------------------------------------------------------------------------------------------------------
  差異點（M-B-2 所得·同屬 app.py:9117 自陳之『族②③』）：
    族② `_W_prev_*` 初值：app `(buffer_S*_cos_dn) if has_corner else 0.0` vs stepg `0.0`
    族③ `_select_pool_slot['b']`：app `buffer_S*_cos_dn`（⛔ 無 forced 條件） vs stepg `_mp_base_W0(...) if _fo_* else 0.0`
  🛑 **族② ⛔ 不可由外部覆寫**（其為 `_advance_block_with_split` 之函式內局部初值）⇒ 本閘**只測族③**，族② 之影響**⛔ 未測**（具名·⛔ 不得讀為已排除）。

  _select_pool_slot 之實收（spy·⛔ 非由命名推定）
    街廓 R2    _left_buffer_S=8.696079893776137  _right_buffer_S=0.0  _cos_dn=0.9975074028627647
             b(stepg)=(6.98048044737404, 0.0)   ->   b(app 舊式)=(8.674404069927741, 0.0)
             k*(stepg)=7   ->   k*(app 舊式)=7   ⇒ k* **相同**

  【閘 C】覆寫後之池帶2 s 寬
    merged 3 段／池帶 2／退化 2
      池帶1 s∈[0.267742, 8.696080] 寬 8.4283376720
      池帶2 s∈[36.176768, 69.257838] 寬 33.0810700422
    池帶2 寬 33.0810700422   vs  app 期望 32.9640   |Δ| = 0.1170700422   🔴 閘 C ⛔ 不過 ⇒ 照實回報·該差異點降為「候選」

【M-B-4b】族② 收斂驗證（🔒 **CC 自加**·⛔ 非單所令·仍在 `N-3` 受詞內）
--------------------------------------------------------------------------------------------------------------------------------------------------------------------------------------------------------
  作法：spy `ns["_solve_G_one"]`（module 級·`probe_D2b24C_pool.py` 先例），
        凡 `side_mid is not None` ∧ `W_prev == 0.0` 者（＝該趟左組之首宗），把 `W_prev`
        由 stepg 之 `0.0` 改為 **app 舊式** `_left_buffer_S * _cos_dn`。
        🛑 判準已由**實收 spy** 定（⛔ 非由命名推定）：`side` 之相異實收值 ＝ ['無']
        （⛔ 非 'left'/'right'）；`W_prev==0.0` 者 16/28（右組無街角故恆 0）⇒ 單以
        `W_prev==0.0` 為框會誤咬 14 筆。加 `side_mid is not None` 後**期望命中恰 2**
        （＝ `_advance_block_with_split` 之 2 趟各一）；命中 ≠ 2 即判量測器紅。
  ⛔ **未動 `app.py` 一字**（⇒ ⛔ 不觸 `X-2`）。
  注入值 `_left_buffer_S * _cos_dn` ＝ 8.674404069927741
  注入命中次數 ＝ 2（期望 2）　✅
  merged 4 段／池帶 2／退化 3
    池帶1 s∈[0.267742, 8.696080] 寬 8.4283376720
    池帶2 s∈[36.294140, 69.258096] 寬 32.9639559294
    merged段1 s∈[8.696080, 22.241019] 寬 13.5449388375
    merged段2 s∈[22.241019, 36.294140] 寬 14.0531213820
    merged段3 s∈[69.258096, 88.884457] 寬 19.6263609727
    merged段4 s∈[88.884457, 100.027408] 寬 11.1429507955
  【閘 C′】
    池帶2 寬 32.9639559294  vs app 期望 32.9640  |Δ| = 0.0000440706  ✅ 閘 C′ 過 ⇒ 族② 歸因成立
    退化帶數 3（app 期望 3·shim 原 2）⇒ 🔑 與 app 相同

🛑 本檔只歸因·⛔ 未修·⛔ 未動生產碼一字。
========================================================================================================================================================================================================
