====================================================================================================
【W-G.9-168 M-C】四份對拍靶之逐格違規**全集**（⛔ 不截斷）
====================================================================================================
  HEAD = fcad7fdd4986ad4b2e80fb3033ed72f824ec91ea
  app.py blob = 68f7bfab610ec78688b9d7322ae4bc2aac74493e
  🔒 比較式來源 ＝ `run_verification.diff_rows`（**import 複用**·⛔ 未自寫）
  🔒 `WV_BAKE` 未設 ＝ True（設之則 `diff_rows` 早退回綠·必須為 True）

  🔒 預測集合 ＝ `WG9167_predicted_diff.json`：scenarios {'0m': 4, '3.5m': 4}

====================================================================================================
§`C-1`／`C-2`　期初之違規全集（逐閘）＋ 外部錨
====================================================================================================
  v3·診斷0m        全集 = **72** ／ 外部錨（基座 log「本閘違規總計」）= **68** ⇒ ***** 不符 *****
  無串聯0m          全集 = **72** ／ 外部錨（基座 log「本閘違規總計」）= **68** ⇒ ***** 不符 *****
  v3·診斷3.5m      全集 = **64** ／ 外部錨（基座 log「本閘違規總計」）= **60** ⇒ ***** 不符 *****
  無串聯3.5m        全集 = **64** ／ 外部錨（基座 log「本閘違規總計」）= **60** ⇒ ***** 不符 *****

====================================================================================================
§`C-3`　全集之前 `12` 列（供與基座 log 顯示列逐位對拍）
====================================================================================================
  ── v3·診斷0m ──
        [v3·診斷0m] 缺列 ('R5', '左', '628-45(1)')
        [v3·診斷0m] 缺列 ('R3', '右', '628-45(2)')
        [v3·診斷0m] 缺列 ('R3', '右', '628-28(1)')
        [v3·診斷0m] 多列 ('R5', '左', '628-45(1)+')
        [v3·診斷0m] 多列 ('R3', '右', '628-30(3)+')
        [v3·診斷0m] ('R4', '左', '628(1)') 欄「真交集(㎡)」: baseline='109.15' got='116.08'
        [v3·診斷0m] ('R4', '左', '628(1)') 欄「範圍面積(㎡)」: baseline='109.2' got='116.08'
        [v3·診斷0m] ('R4', '左', '628(1)') 欄「門檻(㎡)」: baseline='109.2' got='116.08'
        [v3·診斷0m] ('R4', '右', '628-1(1)') 欄「真交集(㎡)」: baseline='109.65' got='111.02'
        [v3·診斷0m] ('R4', '右', '628-1(1)') 欄「範圍面積(㎡)」: baseline='109.7' got='111.02'
        [v3·診斷0m] ('R4', '右', '628-1(1)') 欄「門檻(㎡)」: baseline='109.7' got='111.02'
        [v3·診斷0m] ('R4', '右', '628-1(1)') 欄「原位次(投影序)」: baseline='3' got='2'
  ── 無串聯0m ──
        [無串聯0m] 缺列 ('R5', '左', '628-45(1)')
        [無串聯0m] 缺列 ('R3', '右', '628-45(2)')
        [無串聯0m] 缺列 ('R3', '右', '628-28(1)')
        [無串聯0m] 多列 ('R5', '左', '628-45(1)+')
        [無串聯0m] 多列 ('R3', '右', '628-30(3)+')
        [無串聯0m] ('R4', '左', '628(1)') 欄「真交集(㎡)」: baseline='109.15' got='116.08'
        [無串聯0m] ('R4', '左', '628(1)') 欄「範圍面積(㎡)」: baseline='109.2' got='116.08'
        [無串聯0m] ('R4', '左', '628(1)') 欄「門檻(㎡)」: baseline='109.2' got='116.08'
        [無串聯0m] ('R4', '右', '628-1(1)') 欄「真交集(㎡)」: baseline='109.65' got='111.02'
        [無串聯0m] ('R4', '右', '628-1(1)') 欄「範圍面積(㎡)」: baseline='109.7' got='111.02'
        [無串聯0m] ('R4', '右', '628-1(1)') 欄「門檻(㎡)」: baseline='109.7' got='111.02'
        [無串聯0m] ('R4', '右', '628-1(1)') 欄「原位次(投影序)」: baseline='3' got='2'
  ── v3·診斷3.5m ──
        [v3·診斷3.5m] 缺列 ('R5', '左', '628-45(1)')
        [v3·診斷3.5m] 缺列 ('R2', '左', '628-40(1)')
        [v3·診斷3.5m] 缺列 ('R3', '右', '628-45(2)')
        [v3·診斷3.5m] 缺列 ('R3', '右', '628-28(1)')
        [v3·診斷3.5m] 缺列 ('R3', '右', '628-29(1)')
        [v3·診斷3.5m] 多列 ('R5', '左', '628-45(1)+')
        [v3·診斷3.5m] 多列 ('R2', '左', '628-40(1)+')
        [v3·診斷3.5m] 多列 ('R3', '右', '628-30(3)+')
        [v3·診斷3.5m] 多列 ('R3', '右', '628-29(1)+')
        [v3·診斷3.5m] ('R4', '左', '628(1)') 欄「真交集(㎡)」: baseline='224.94' got='225.76'
        [v3·診斷3.5m] ('R4', '左', '628(1)') 欄「範圍面積(㎡)」: baseline='225.25' got='226.01'
        [v3·診斷3.5m] ('R4', '左', '628(1)') 欄「門檻(㎡)」: baseline='225.25' got='226.01'
  ── 無串聯3.5m ──
        [無串聯3.5m] 缺列 ('R5', '左', '628-45(1)')
        [無串聯3.5m] 缺列 ('R2', '左', '628-40(1)')
        [無串聯3.5m] 缺列 ('R3', '右', '628-45(2)')
        [無串聯3.5m] 缺列 ('R3', '右', '628-28(1)')
        [無串聯3.5m] 缺列 ('R3', '右', '628-29(1)')
        [無串聯3.5m] 多列 ('R5', '左', '628-45(1)+')
        [無串聯3.5m] 多列 ('R2', '左', '628-40(1)+')
        [無串聯3.5m] 多列 ('R3', '右', '628-30(3)+')
        [無串聯3.5m] 多列 ('R3', '右', '628-29(1)+')
        [無串聯3.5m] ('R4', '左', '628(1)') 欄「真交集(㎡)」: baseline='224.94' got='225.76'
        [無串聯3.5m] ('R4', '左', '628(1)') 欄「範圍面積(㎡)」: baseline='225.25' got='226.01'
        [無串聯3.5m] ('R4', '左', '628(1)') 欄「門檻(㎡)」: baseline='225.25' got='226.01'

====================================================================================================
§`C-5`　判別力自檢（於**複本**上人造改一格 baseline 值）
====================================================================================================
  受測閘 = v3·診斷0m；人造改 `真交集(㎡)` 之首列（'109.15' → '999.99'）
  總數：72 → **73**（Δ = +1·須 `+1`）⇒ **True**
  該格是否出現於集合內：**True** ["[v3·診斷0m] ('R4', '左', '628(1)') 欄「真交集(㎡)」: baseline='999.99' got='116.08'"]
  🔒 **本探針⛔ 不會抹平什麼**：其比較式 ＝ `diff_rows` 本體，⛔ 無任何 `skip`／容差／取樣；
     人造反例（上開一格）即令總數 `+1` 且逐字出現 ⇒ 證其**⛔ 非恆綠**。
  （複本已刪除；`W-D.1.2 診斷_退縮0m.csv` 之原檔⛔ 未動）

====================================================================================================
§`C-4`　`169` 之期末預算（⛔ 不改任何碼·以預測集合模擬 got 側）
====================================================================================================
  ── v3·診斷0m ──
     套用之預測格數 = **4**（期望 `4`）⇒ True
     新總數 = **72**（期初 72·Δ = +0）
     前 `12` 列是否變動 = **False**
     截斷通知列：期初「另 60 列未顯示·本閘違規總計 72 列」 ⇒ 期末「另 60 列未顯示·本閘違規總計 72 列」
  ── 無串聯0m ──
     套用之預測格數 = **4**（期望 `4`）⇒ True
     新總數 = **72**（期初 72·Δ = +0）
     前 `12` 列是否變動 = **False**
     截斷通知列：期初「另 60 列未顯示·本閘違規總計 72 列」 ⇒ 期末「另 60 列未顯示·本閘違規總計 72 列」
  ── v3·診斷3.5m ──
     套用之預測格數 = **4**（期望 `4`）⇒ True
     新總數 = **64**（期初 64·Δ = +0）
     前 `12` 列是否變動 = **False**
     截斷通知列：期初「另 52 列未顯示·本閘違規總計 64 列」 ⇒ 期末「另 52 列未顯示·本閘違規總計 64 列」
  ── 無串聯3.5m ──
     套用之預測格數 = **4**（期望 `4`）⇒ True
     新總數 = **64**（期初 64·Δ = +0）
     前 `12` 列是否變動 = **False**
     截斷通知列：期初「另 52 列未顯示·本閘違規總計 64 列」 ⇒ 期末「另 52 列未顯示·本閘違規總計 64 列」

  🔴 **log 應變更列合計** = 顯示列 **0** ＋ 截斷通知列 **4** = **4**
     （發單側預測 ＝ `6` 列：`0m` 二閘各 `1` 顯示列 ＋ 四條截斷通知列）
