
============================================================================================================
【W-G.9-99】「乙」之遞補鏈 shim（⛔ 零生產碼·⛔ 非落地）
============================================================================================================
  基座（log 檔名所綁）＝ **23a63d3**
  🔒 KL 逐字（`docs/reports/W-G.4_泛用阻塞項登記表.md:2371-2372`）：
     「先落乙，把最基本的幾何分配位置及方式確定，才做後續甲矩形容納」
     「落地前，先以 shim 量出各自的土地後果」

============================================================================================================
【§一】開工閘 `A0-*`（⛔ 其後受詞在此之前一律未開辦）
============================================================================================================
  A0-1   ✅  期望＝23a63d3a494532784d392cf7138d76daed8bfdd8
         現查＝23a63d3a494532784d392cf7138d76daed8bfdd8   （git rev-parse HEAD）
  A0-2   ✅  期望＝23a63d3a494532784d392cf7138d76daed8bfdd8
         現查＝23a63d3a494532784d392cf7138d76daed8bfdd8   （git rev-parse origin/wip/s1-endpart）
  A0-3   ✅  期望＝a9e5671d64d254907a0396f898f046d9d85e8283
         現查＝a9e5671d64d254907a0396f898f046d9d85e8283   （git rev-parse HEAD:app.py）
  A0-4   ✅  期望＝a9e5671d64d254907a0396f898f046d9d85e8283
         現查＝a9e5671d64d254907a0396f898f046d9d85e8283   （git hash-object app.py（⇒ 工作區未髒））

  🔒 **量測框**：`A0-5`／`A0-6` 取 **blob（LF）** 口徑（本機 `core.autocrlf=true`）。
  A0-5   ✅  期望＝2757 列／182538 B／e8ddd4c194eca5be6bb13f35fbcc27512542e764391c73f15a0c26f0e2c2bd62
         現查＝2757 列／182538 B／e8ddd4c194eca5be6bb13f35fbcc27512542e764391c73f15a0c26f0e2c2bd62   （blob 之 wc-l／wc-c／sha256）
  A0-6   ✅  期望＝3037 列／207289 B／b533700407165efef2976c32653ca221dd9baad5d63d5e80f3b084a49221104e
         現查＝3037 列／207289 B／b533700407165efef2976c32653ca221dd9baad5d63d5e80f3b084a49221104e   （blob 之 wc-l／wc-c／sha256）
  A0-7   ✅  期望＝max=109 命中=66
         現查＝max=109 命中=66   （^## 自誤 [0-9]+）
  A0-8   ✅  期望＝max=17 命中=30
         現查＝max=17 命中=30   （K-9 窄樣式）

============================================================================================================
【§二】管線驅動（`-91` 體例）＋ 全捕 spy ＋ `wins` 攔截（皆**層疊**·⛔ 未改既有探針）
============================================================================================================
  `_solve_G_one` 定義命中 ＝ **1**；`kwonly` ＝ **19** 鍵（預測 19 ⇒ ✅）
     A／B／C／F／S_max／W_prev／a_m2／allocation_dir／avg_depth／baseline_pt／blk_poly／d_hat／is_corner／l_front／l_side／near_dir／side／side_mid／tab6_burden
  🔒 `app.py:7670-7699`（winner `pop`／`insert`）之 `pre_position` 命中 ＝ **0**（⇒ 重排⛔ 不改 `pre_position`·施工單錨）
  還原後同一物：`w81.spy_solve` ＝ True；`w92.run_corner_pk` ＝ True
  `w81.CAP` ＝ **6** 街廓記錄；全捕 ＝ **124** 次；`kw` 鍵數（相異）＝ [19]
  `run_corner_pk` 之 `wins` 攔截 ＝ ✅ 取得

============================================================================================================
【§三】開工閘 `A0-9`〜`A0-11`（harness 層）
============================================================================================================
  A0-9   ✅  期望＝cb_by=11 build_parcels=61 ghost=2 非ghost=59
         現查＝cb_by=11 build_parcels=61 ghost=2 非ghost=59   （harness）
  A0-10  ✅  期望＝R1:5／R2:15／R3:14／R4:2／R5:12／R6:11
         現查＝R1:5／R2:15／R3:14／R4:2／R5:12／R6:11   （非-ghost 逐街廓）
  A0-11  ✅  期望＝_GHOST_(R1)(5.28)／_GHOST_(R4)(8.09)
         現查＝_GHOST_(R1)(5.28)／_GHOST_(R4)(8.09)   （ghost 具名＋面積（**排序後**·受詞為集合））

  🩸 併記覆驗：未扣 ghost 之原始 `build_parcels` 逐街廓 ＝ R1:6／R2:15／R3:14／R4:3／R5:12／R6:11
     ⇒ 二 ghost 恰各落 `R1`／`R4`；⛔ 不得把 `61` 直接按街廓拆帳。

  🔒 **`kw` 覆蓋率先驗**（`id(res)` 對應）：宗 ＝ **59**／可重播 ＝ **59**

============================================================================================================
【§四】`§五 段一`：各街廓**各側**之街角重排後序列 `ordered_v2`（⛔ 非重排前）
============================================================================================================
  🔒 重建法 ＝ 施工單 `§五-2` 所令：`_projection_order` ⇒ `app.py:7670-7699` 之 winner
     `pop`／`insert`（＝ `_spatial_order_parcels_v2`）；`pk_winners` 取自**實跑之 `run_corner_pk`**。

  `R1`  n=5｜`pk_winners` ＝ {'p1_end': '628-37(1)', 'p2_end': '628(5)', 'method': 'V13_spatial_binding'}
     `ordered_v2`（括號 ＝ **重排前投影序號** `pre_position`）：
       628-37(1)⁽2⁾★ → 628-35(2)⁽1⁾ → 628-36(1)⁽3⁾ → 628-34(3)⁽4⁾ → 628(5)⁽5⁾★

  `R2`  n=15｜`pk_winners` ＝ {'p1_end': '628-41(1)', 'p2_end': None, 'method': 'V13_spatial_binding'}
     `ordered_v2`（括號 ＝ **重排前投影序號** `pre_position`）：
       628-41(1)⁽2⁾★ → 628-42(1)⁽1⁾ → 628-27(1)⁽3⁾ → 628-40(1)⁽4⁾ → 628-43(1)⁽5⁾ → 628-30(2)⁽6⁾ → 628-39(1)⁽7⁾ → 628-31(2)⁽8⁾ → 628-32(2)⁽9⁾ → 628-52(1)⁽10⁾ → 628-51(1)⁽11⁾ → 628-50(1)⁽12⁾ → 628-49(1)⁽13⁾ → 628-34(1)⁽14⁾ → 628-35(1)⁽15⁾

  `R3`  n=14｜`pk_winners` ＝ {'p1_end': None, 'p2_end': '628-45(2)', 'method': 'V13_spatial_binding'}
     `ordered_v2`（括號 ＝ **重排前投影序號** `pre_position`）：
       628(4)⁽1⁾ → 628-34(2)⁽2⁾ → 628-47(1)⁽3⁾ → 628-46(1)⁽4⁾ → 628-48(1)⁽5⁾ → 628-49(2)⁽6⁾ → 628-32(3)⁽7⁾ → 628-31(3)⁽8⁾ → 628-30(3)⁽9⁾ → 628-29(1)⁽10⁾ → 628-28(1)⁽12⁾ → 628-27(2)⁽13⁾ → 628-42(2)⁽14⁾ → 628-45(2)⁽11⁾★

  `R4`  n=2｜`pk_winners` ＝ {'p1_end': '628(1)', 'p2_end': '628-1(1)', 'method': 'V13_spatial_binding'}
     `ordered_v2`（括號 ＝ **重排前投影序號** `pre_position`）：
       628(1)⁽1⁾★ → 628-1(1)⁽2⁾★

  `R5`  n=12｜`pk_winners` ＝ {'p1_end': '628-18(2)', 'p2_end': None, 'method': 'V13_spatial_binding'}
     `ordered_v2`（括號 ＝ **重排前投影序號** `pre_position`）：
       628-18(2)⁽2⁾★ → 628-53(2)⁽1⁾ → 628-45(1)⁽3⁾ → 628-7(2)⁽4⁾ → 628-20(2)⁽5⁾ → 628-30(1)⁽6⁾ → 628-21(2)⁽7⁾ → 628-31(1)⁽8⁾ → 628-32(1)⁽9⁾ → 628-22(2)⁽10⁾ → 628-23(2)⁽11⁾ → 628(3)⁽12⁾

  `R6`  n=11｜`pk_winners` ＝ {'p1_end': None, 'p2_end': '628-18(1)', 'method': 'V13_spatial_binding'}
     `ordered_v2`（括號 ＝ **重排前投影序號** `pre_position`）：
       628(2)⁽1⁾ → 628-1(2)⁽2⁾ → 628-23(1)⁽3⁾ → 628-4(1)⁽4⁾ → 628-22(1)⁽5⁾ → 628-21(1)⁽6⁾ → 628-20(1)⁽7⁾ → 628-7(1)⁽8⁾ → 628-38(1)⁽10⁾ → 628-53(1)⁽11⁾ → 628-18(1)⁽9⁾★

  POPULATION=6 PRINTED=6 SUPPRESSED=0  # 街廓（納入 ＝ 有 FRONT_LINE 且有階段1宗）
  有 winner 之側 ＝ **8**：R1|右(p1)、R1|左(p2)、R2|右(p1)、R3|左(p2)、R4|右(p1)、R4|左(p2)、R5|右(p1)、R6|左(p2)

============================================================================================================
【§五】`§五-2`：第一輪遞補宗之**獨立重建**（停機② 之判準）
============================================================================================================
  街廓   重建之 `ordered_v2` 前四位                                     違反宗            遞補宗            判
  R2   628-41(1) → 628-42(1) → 628-27(1) → 628-40(1)            628-42(1)      628-27(1)      ✅
  R5   628-18(2) → 628-53(2) → 628-45(1) → 628-7(2)             628-53(2)      628-45(1)      ✅
  🔒 判準：**逐格相同**方得續辦（⛔ 不以「無異常」為證）。

============================================================================================================
【§六】`段四`（藍影門檻⇒連鎖遞補·每輪出艙）＋`段五`（遞補宗與其後各宗 `G` 重算）
============================================================================================================
  🔒 藍影式⛔ 未重造（`_halfplane`＠`probe_WG992_blue.py:244`；合成序依 `:333-348`）。
  🔒 `G` 重算 ＝ `§三-3` 之 `W_prev` 逐宗重串（自該側**首宗**起）。
  ⚠️ **本 shim 之射程（⛔ 具名·非靜默）**：重播時僅 `W_prev` 隨序列改變；`baseline_pt`／
     `S_max`／`avg_depth` 等**位置相依** kwarg 取該宗**捕獲之原值**（held fixed）。
     ⇒ `G_新` 係**遞補鏈之一階近似**，⛔ 不得充作落地後之最終 `G`。

  ── 街廓 `R1`／側 `右(p1)`（n=5·第 0 宗 ＝ `628-37(1)`）──
     第 1 輪：候選第 1 宗 ＝ `628-35(2)`｜`G₁` ＝ 599.9100｜藍影 ＝ 3.404655e-14｜`G₁−藍影` ＝ +5.999100e+02｜判 ＝ ✅ 達標 ⇒ 收斂
        `B1` ＝ (310433.558, 2651981.215)｜`S_req` ＝ 6.154811｜藍影幾何 ＝ Polygon
        ⛔ **會使本判為否之輸入**：`G₁ ≥ 3.404655e-14` ⇒ 判「達標」。
        `段五` 逐宗 `G_舊 → G_新`（`W_prev` 重串後·⛔ 全列）：
           628-37(1)        W_prev=0.0000     G_舊=208.1600   → G_新=208.1600   Δ=+0.000000
           628-35(2)        W_prev=6.4600     G_舊=599.9100   → G_新=599.9100   Δ=+0.000000
           628-36(1)        W_prev=24.4900    G_舊=596.2600   → G_新=605.5600   Δ=+9.300000
           628-34(3)        W_prev=27.8300    G_舊=86.0000    → G_新=90.0600    Δ=+4.060000
           628(5)           W_prev=9.7400     G_舊=227.7300   → G_新=227.7300   Δ=+0.000000
        `Δ ≠ 0` 之宗數 ＝ **2**／5｜`段二` 被踢除宗（入調配池）＝ （無）｜**入池合計 ＝ 0.0000 ㎡**

  ── 街廓 `R1`／側 `左(p2)`（n=5·第 0 宗 ＝ `628(5)`）──
     第 1 輪：候選第 1 宗 ＝ `628-34(3)`｜`G₁` ＝ 86.0000｜藍影 ＝ 0.000000e+00｜`G₁−藍影` ＝ +8.600000e+01｜判 ＝ ✅ 達標 ⇒ 收斂
        `B1` ＝ (310484.797, 2651927.120)｜`S_req` ＝ 80.667048｜藍影幾何 ＝ Polygon
        ⛔ **會使本判為否之輸入**：`G₁ ≥ 0.000000e+00` ⇒ 判「達標」。
        `段五` 逐宗 `G_舊 → G_新`（`W_prev` 重串後·⛔ 全列）：
           628(5)           W_prev=0.0000     G_舊=227.7300   → G_新=227.7300   Δ=+0.000000
           628-34(3)        W_prev=7.0200     G_舊=86.0000    → G_新=86.0000    Δ=+0.000000
           628-36(1)        W_prev=9.6100     G_舊=596.2600   → G_新=596.2600   Δ=+0.000000
           628-35(2)        W_prev=27.5500    G_舊=599.9100   → G_新=614.2300   Δ=+14.320000
           628-37(1)        W_prev=24.9200    G_舊=208.1600   → G_新=208.1600   Δ=+0.000000
        `Δ ≠ 0` 之宗數 ＝ **1**／5｜`段二` 被踢除宗（入調配池）＝ （無）｜**入池合計 ＝ 0.0000 ㎡**

  ── 街廓 `R2`／側 `右(p1)`（n=15·第 0 宗 ＝ `628-41(1)`）──
     第 1 輪：候選第 1 宗 ＝ `628-42(1)`｜`G₁` ＝ 3.8200｜藍影 ＝ 7.620556e+01｜`G₁−藍影` ＝ -7.238556e+01｜判 ＝ 🔴 **未達 ⇒ 遞補**
        `B1` ＝ (310397.512, 2651884.981)｜`S_req` ＝ 7.448704｜藍影幾何 ＝ Polygon
        ⛔ **會使本判為否之輸入**：`G₁ ≥ 7.620556e+01` ⇒ 判「達標」。
     第 2 輪：候選第 1 宗 ＝ `628-27(1)`｜`G₁` ＝ 30.7300｜藍影 ＝ 1.759463e+02｜`G₁−藍影` ＝ -1.452163e+02｜判 ＝ 🔴 **未達 ⇒ 遞補**
        `B1` ＝ (310397.512, 2651884.981)｜`S_req` ＝ 7.448704｜藍影幾何 ＝ Polygon
        ⛔ **會使本判為否之輸入**：`G₁ ≥ 1.759463e+02` ⇒ 判「達標」。
     第 3 輪：候選第 1 宗 ＝ `628-40(1)`｜`G₁` ＝ 293.9700｜藍影 ＝ 7.620556e+01｜`G₁−藍影` ＝ +2.177644e+02｜判 ＝ ✅ 達標 ⇒ 收斂
        `B1` ＝ (310397.512, 2651884.981)｜`S_req` ＝ 7.448704｜藍影幾何 ＝ Polygon
        ⛔ **會使本判為否之輸入**：`G₁ ≥ 7.620556e+01` ⇒ 判「達標」。
        `段五` 逐宗 `G_舊 → G_新`（`W_prev` 重串後·⛔ 全列）：
           628-41(1)        W_prev=0.0000     G_舊=175.9500   → G_新=175.9500   Δ=+0.000000
           628-40(1)        W_prev=4.0600     G_舊=293.2200   → G_新=293.9700   Δ=+0.750000
           628-43(1)        W_prev=10.2800    G_舊=0.2600     → G_新=0.2700     Δ=+0.010000
           628-30(2)        W_prev=10.2700    G_舊=86.6600    → G_新=86.6600    Δ=+0.000000
           628-39(1)        W_prev=12.2000    G_舊=229.7200   → G_新=229.7200   Δ=+0.000000
           628-31(2)        W_prev=17.3100    G_舊=390.9800   → G_新=390.9800   Δ=+0.000000
           628-32(2)        W_prev=26.0300    G_舊=437.0200   → G_新=437.0200   Δ=+0.000000
           628-52(1)        W_prev=0.0000     G_舊=71.6000    → G_新=71.6000    Δ=+0.000000
           628-51(1)        W_prev=0.0000     G_舊=146.5900   → G_新=146.5900   Δ=+0.000000
           628-50(1)        W_prev=0.0000     G_舊=147.1800   → G_新=147.1800   Δ=+0.000000
           628-49(1)        W_prev=0.0000     G_舊=65.4500    → G_新=65.4500    Δ=+0.000000
           628-34(1)        W_prev=0.0000     G_舊=432.1100   → G_新=432.1100   Δ=+0.000000
           628-35(1)        W_prev=0.0000     G_舊=58.9500    → G_新=58.9500    Δ=+0.000000
        `Δ ≠ 0` 之宗數 ＝ **2**／13｜`段二` 被踢除宗（入調配池）＝ `628-42(1)`(3.8200㎡)、`628-27(1)`(29.0800㎡)｜**入池合計 ＝ 32.9000 ㎡**

  ── 街廓 `R3`／側 `左(p2)`（n=14·第 0 宗 ＝ `628-45(2)`）──
     第 1 輪：候選第 1 宗 ＝ `628-42(2)`｜`G₁` ＝ 87.9100｜藍影 ＝ 0.000000e+00｜`G₁−藍影` ＝ +8.791000e+01｜判 ＝ ✅ 達標 ⇒ 收斂
        `B1` ＝ (310397.717, 2651885.209)｜`S_req` ＝ 92.436321｜藍影幾何 ＝ Polygon
        ⛔ **會使本判為否之輸入**：`G₁ ≥ 0.000000e+00` ⇒ 判「達標」。
        `段五` 逐宗 `G_舊 → G_新`（`W_prev` 重串後·⛔ 全列）：
           628-45(2)        W_prev=0.0000     G_舊=189.5400   → G_新=189.5400   Δ=+0.000000
           628-42(2)        W_prev=4.3600     G_舊=87.9100    → G_新=87.9100    Δ=+0.000000
           628-27(2)        W_prev=6.3000     G_舊=25.9400    → G_新=25.9400    Δ=+0.000000
           628-28(1)        W_prev=6.8800     G_舊=63.5300    → G_新=63.5300    Δ=+0.000000
           628-29(1)        W_prev=8.2900     G_舊=63.7300    → G_新=63.7300    Δ=+0.000000
           628-30(3)        W_prev=9.7100     G_舊=445.0400   → G_新=445.0400   Δ=+0.000000
           628-31(3)        W_prev=19.6200    G_舊=380.8100   → G_新=380.8100   Δ=+0.000000
           628-32(3)        W_prev=28.1300    G_舊=421.4100   → G_新=421.4100   Δ=+0.000000
           628-49(2)        W_prev=0.0000     G_舊=79.0500    → G_新=79.0500    Δ=+0.000000
           628-48(1)        W_prev=0.0000     G_舊=143.4000   → G_新=143.4000   Δ=+0.000000
           628-46(1)        W_prev=0.0000     G_舊=72.7700    → G_新=72.7700    Δ=+0.000000
           628-47(1)        W_prev=0.0000     G_舊=143.3900   → G_新=143.3900   Δ=+0.000000
           628-34(2)        W_prev=0.0000     G_舊=250.2500   → G_新=250.2500   Δ=+0.000000
           628(4)           W_prev=0.0000     G_舊=44.9000    → G_新=44.9000    Δ=+0.000000
        `Δ ≠ 0` 之宗數 ＝ **0**／14｜`段二` 被踢除宗（入調配池）＝ （無）｜**入池合計 ＝ 0.0000 ㎡**

  ── 街廓 `R4`／側 `右(p1)`（n=2·第 0 宗 ＝ `628(1)`）──
     第 1 輪：候選第 1 宗 ＝ `628-1(1)`｜`G₁` ＝ 458.4800｜藍影 ＝ 5.355184e+01｜`G₁−藍影` ＝ +4.049282e+02｜判 ＝ ✅ 達標 ⇒ 收斂
        `B1` ＝ (310526.893, 2651882.676)｜`S_req` ＝ 49.369264｜藍影幾何 ＝ Polygon
        ⛔ **會使本判為否之輸入**：`G₁ ≥ 5.355184e+01` ⇒ 判「達標」。
        `段五` 逐宗 `G_舊 → G_新`（`W_prev` 重串後·⛔ 全列）：
           628(1)           W_prev=0.0000     G_舊=1521.0500  → G_新=1521.0500  Δ=+0.000000
           628-1(1)         W_prev=45.9400    G_舊=458.4800   → G_新=458.4800   Δ=+0.000000
        `Δ ≠ 0` 之宗數 ＝ **0**／2｜`段二` 被踢除宗（入調配池）＝ （無）｜**入池合計 ＝ 0.0000 ㎡**

  ── 街廓 `R4`／側 `左(p2)`（n=2·第 0 宗 ＝ `628-1(1)`）──
     第 1 輪：候選第 1 宗 ＝ `628(1)`｜`G₁` ＝ 1521.0500｜藍影 ＝ 5.352148e+01｜`G₁−藍影` ＝ +1.467529e+03｜判 ＝ ✅ 達標 ⇒ 收斂
        `B1` ＝ (310551.186, 2651857.029)｜`S_req` ＝ 81.462275｜藍影幾何 ＝ Polygon
        ⛔ **會使本判為否之輸入**：`G₁ ≥ 5.352148e+01` ⇒ 判「達標」。
        `段五` 逐宗 `G_舊 → G_新`（`W_prev` 重串後·⛔ 全列）：
           628-1(1)         W_prev=0.0000     G_舊=458.4800   → G_新=458.4800   Δ=+0.000000
           628(1)           W_prev=14.2000    G_舊=1521.0500  → G_新=1521.0500  Δ=+0.000000
        `Δ ≠ 0` 之宗數 ＝ **0**／2｜`段二` 被踢除宗（入調配池）＝ （無）｜**入池合計 ＝ 0.0000 ㎡**

  ── 街廓 `R5`／側 `右(p1)`（n=12·第 0 宗 ＝ `628-18(2)`）──
     第 1 輪：候選第 1 宗 ＝ `628-53(2)`｜`G₁` ＝ 0.9900｜藍影 ＝ 7.245526e+01｜`G₁−藍影` ＝ -7.146526e+01｜判 ＝ 🔴 **未達 ⇒ 遞補**
        `B1` ＝ (310469.570, 2651820.642)｜`S_req` ＝ 8.161775｜藍影幾何 ＝ Polygon
        ⛔ **會使本判為否之輸入**：`G₁ ≥ 7.245526e+01` ⇒ 判「達標」。
     第 2 輪：候選第 1 宗 ＝ `628-45(1)`｜`G₁` ＝ 54.0300｜藍影 ＝ 2.054990e+02｜`G₁−藍影` ＝ -1.514690e+02｜判 ＝ 🔴 **未達 ⇒ 遞補**
        `B1` ＝ (310469.570, 2651820.642)｜`S_req` ＝ 8.161775｜藍影幾何 ＝ Polygon
        ⛔ **會使本判為否之輸入**：`G₁ ≥ 2.054990e+02` ⇒ 判「達標」。
     第 3 輪：候選第 1 宗 ＝ `628-7(2)`｜`G₁` ＝ 243.4000｜藍影 ＝ 7.245526e+01｜`G₁−藍影` ＝ +1.709447e+02｜判 ＝ ✅ 達標 ⇒ 收斂
        `B1` ＝ (310469.570, 2651820.642)｜`S_req` ＝ 8.161775｜藍影幾何 ＝ Polygon
        ⛔ **會使本判為否之輸入**：`G₁ ≥ 7.245526e+01` ⇒ 判「達標」。
        `段五` 逐宗 `G_舊 → G_新`（`W_prev` 重串後·⛔ 全列）：
           628-18(2)        W_prev=0.0000     G_舊=205.4900   → G_新=205.4900   Δ=+0.000000
           628-7(2)         W_prev=4.8500     G_舊=243.1500   → G_新=243.4000   Δ=+0.250000
           628-20(2)        W_prev=10.2800    G_舊=290.7400   → G_新=290.7600   Δ=+0.020000
           628-30(1)        W_prev=16.8400    G_舊=15.3800    → G_新=15.3800    Δ=+0.000000
           628-21(2)        W_prev=17.1800    G_舊=469.7700   → G_新=469.7700   Δ=+0.000000
           628-31(1)        W_prev=27.6900    G_舊=10.7200    → G_新=10.7200    Δ=+0.000000
           628-32(1)        W_prev=0.0000     G_舊=3.1500     → G_新=3.1500     Δ=+0.000000
           628-22(2)        W_prev=0.0000     G_舊=520.3600   → G_新=520.3600   Δ=+0.000000
           628-23(2)        W_prev=0.0000     G_舊=423.5500   → G_新=423.5500   Δ=+0.000000
           628(3)           W_prev=0.0000     G_舊=148.7200   → G_新=148.7200   Δ=+0.000000
        `Δ ≠ 0` 之宗數 ＝ **2**／10｜`段二` 被踢除宗（入調配池）＝ `628-53(2)`(0.9900㎡)、`628-45(1)`(51.2200㎡)｜**入池合計 ＝ 52.2100 ㎡**

  ── 街廓 `R6`／側 `左(p2)`（n=11·第 0 宗 ＝ `628-18(1)`）──
     第 1 輪：候選第 1 宗 ＝ `628-53(1)`｜`G₁` ＝ 0.2600｜藍影 ＝ 3.027096e-13｜`G₁−藍影` ＝ +2.600000e-01｜判 ＝ ✅ 達標 ⇒ 收斂
        `B1` ＝ (310471.201, 2651822.333)｜`S_req` ＝ 78.633786｜藍影幾何 ＝ Polygon
        ⛔ **會使本判為否之輸入**：`G₁ ≥ 3.027096e-13` ⇒ 判「達標」。
        `段五` 逐宗 `G_舊 → G_新`（`W_prev` 重串後·⛔ 全列）：
           628-18(1)        W_prev=0.0000     G_舊=307.7800   → G_新=307.7800   Δ=+0.000000
           628-53(1)        W_prev=7.2000     G_舊=0.2600     → G_新=0.2600     Δ=+0.000000
           628-38(1)        W_prev=7.2000     G_舊=117.7300   → G_新=117.7300   Δ=+0.000000
           628-7(1)         W_prev=9.8900     G_舊=302.9300   → G_新=302.9300   Δ=+0.000000
           628-20(1)        W_prev=16.7700    G_舊=339.9100   → G_新=339.9100   Δ=+0.000000
           628-21(1)        W_prev=24.4200    G_舊=210.4800   → G_新=210.4800   Δ=+0.000000
           628-22(1)        W_prev=0.0000     G_舊=152.2100   → G_新=152.2100   Δ=+0.000000
           628-4(1)         W_prev=0.0000     G_舊=692.0500   → G_新=692.0500   Δ=+0.000000
           628-23(1)        W_prev=0.0000     G_舊=71.0300    → G_新=71.0300    Δ=+0.000000
           628-1(2)         W_prev=0.0000     G_舊=145.8200   → G_新=145.8200   Δ=+0.000000
           628(2)           W_prev=0.0000     G_舊=7.3700     → G_新=7.3700     Δ=+0.000000
        `Δ ≠ 0` 之宗數 ＝ **0**／11｜`段二` 被踢除宗（入調配池）＝ （無）｜**入池合計 ＝ 0.0000 ㎡**

  POPULATION=8 PRINTED=8 SUPPRESSED=0  # 有 winner 之側（全列）
  收斂 ＝ **8**／未收斂 ＝ **0**｜`Δ≠0` 至少一宗之側 ＝ **4**／8

============================================================================================================
【§六-b】正向對照：重播機制之**擾動量自證**（⛔ 擾動 ＝ 0 者列 `略過`·⛔ 不計為證據亦不計為反證）
============================================================================================================
  🩸 **本檔首版之對照已退化、具名保留**：首版把 `+1.0` 加於**首宗**，而首宗恰為
     `is_corner=True` 之街角 winner ⇒ 其 `G` 不隨 `W_prev` 動、`W_far` 由幾何定
     ⇒ 擾動當場被吸收 ⇒ **全 8 側擾動量 ＝ 0**。此即 `§附 A-6` 已預警之分層
     （`is_corner=True ∧ W_prev 基值 ＝ 0` ⇒ `G` 不動）⇒ **對照組退化、⛔ 非被測物失能**。
  🔒 **改正後之構造**：於該側**首個 `W_prev` 基值 ≠ 0 之非街角宗**（索引 `k`）注入 `+1.0`，
     重播全側 ⇒ 數其**下游** `G` 有動之宗。⛔ 若該側無此種宗 ⇒ 列 `略過` 並具名。

  街廓   側        n     k     注入點宗               擾動量      max|ΔG|        判
  R1   右(p1)    5     1     628-35(2)          1        1.680000       ✅ 擾動量 > 0
  R1   左(p2)    5     1     628-34(3)          2        1.560000       ✅ 擾動量 > 0
  R2   右(p1)    15    1     628-42(1)          0        0.000000       🩸 **擾動量 ＝ 0 ⇒ 略過（退化）**
  R3   左(p2)    14    1     628-42(2)          2        2.290000       ✅ 擾動量 > 0
  R4   右(p1)    2     —     —                  —        —              🩸 **無可注入點 ⇒ 略過（退化）**
  R4   左(p2)    2     —     —                  —        —              🩸 **無可注入點 ⇒ 略過（退化）**
  R5   右(p1)    12    1     628-53(2)          0        0.000000       🩸 **擾動量 ＝ 0 ⇒ 略過（退化）**
  R6   左(p2)    11    1     628-53(1)          0        0.000000       🩸 **擾動量 ＝ 0 ⇒ 略過（退化）**

  母體 ＝ **8** 側／擾動量 > 0 ＝ **3**／退化（略過·逐項具名）＝ **5**
     略過：`R2|右(p1)（注入於 k=1 仍無動）`
     略過：`R4|右(p1)（無「`W_prev` 基值 ≠ 0 且非街角」之宗）`
     略過：`R4|左(p2)（無「`W_prev` 基值 ≠ 0 且非街角」之宗）`
     略過：`R5|右(p1)（注入於 k=1 仍無動）`
     略過：`R6|左(p2)（注入於 k=1 仍無動）`
  ⇒ 重播機制**確實會動**（⛔ 非恆真）⇒ `段五` 之 `G_舊 → G_新` 具判別力。

============================================================================================================
【§七】`段二`：境界線**不交叉**（判準原樣 ＝ `probe_WG992_blue.nocross_rows`＠`:194`）
============================================================================================================
  母體 ＝ **47** 列；判「交叉」＝ **2** 列
     🔴 R2|左|1|0               理由=在內               面積=3.8082 ㎡
     🔴 R5|左|1|0               理由=在內               面積=0.9867 ㎡
  🔒 `§五-1` 之現行有效結論 ＝ **2 宗／4.7950 ㎡**（`R2 左 第1宗` `3.8082`／`R5 左 第1宗` `0.9867`）
     ⇒ 本批母體之受詞為**相鄰對**（`prev`→`i`），與該結論之**宗**層⛔ 非同一受詞 ⇒ ⛔ 不代換。

============================================================================================================
【§八】`段七`：終態守恆（停機⑦）
============================================================================================================
     `R1`：捕獲宗 ＝ 5／具 `G` 者 ＝ 5｜街廓面積 ＝ 2893.5531 ㎡
     `R2`：捕獲宗 ＝ 15／具 `G` 者 ＝ 15｜街廓面積 ＝ 4368.6033 ㎡
     `R3`：捕獲宗 ＝ 14／具 `G` 者 ＝ 14｜街廓面積 ＝ 4206.7996 ㎡
     `R4`：捕獲宗 ＝ 2／具 `G` 者 ＝ 2｜街廓面積 ＝ 3207.8665 ㎡
     `R5`：捕獲宗 ＝ 12／具 `G` 者 ＝ 12｜街廓面積 ＝ 4150.2149 ㎡
     `R6`：捕獲宗 ＝ 11／具 `G` 者 ＝ 11｜街廓面積 ＝ 3976.3037 ㎡
  🛑 **停機 ⑦**：`R2`／`R5` 之 `run_step_g` 於 `②-宗` 圍堵閘 `raise`（`GB-67`·⛔ 尚未修）、`R4` 於結構閘「理論＝實跑」`raise` ⇒ **終態（抵費地／池）不可由管線取得** ⇒ 逐字具名 **【須執行該碼·本批不跑】**
  🔒 ⛔ 未以「捕到 `G` 就算有終態」代替；亦⛔ 未自造獨立幾何路徑——
     理由：`池 ≝ 街廓面積 − Σ配地` 係**定義式**，據之算殘差**恆為 `0`** ⇒ 恆真空檢
     （考古節 `123`）⇒ ⛔ 不得充作守恆之獨立驗證。

============================================================================================================
【§九】收工：生產檔 hash 前後對拍・`SELF` 自扣・停機逐字
============================================================================================================
  10 支生產檔 `git hash-object` 出艙前後**逐位相同** ＝ **10／10** ⇒ ✅ 零生產碼變更
     app.py                             a9e5671d64d254907a0396f898f046d9d85e8283 ✅
     verify/stepg_pipeline.py           8205e85c5589535b174d7ebecc4f7644225bd164 ✅
     verify/selection_pipeline.py       e7bde44a040b22100ba5a1943150dd3fb32c1158 ✅
     verify/run_verification.py         ae2cb0b549e0ac1eda2f645807fdc6aa11b556ee ✅
     verify/wd4_tier_list.py            cfd8de92c70eb7068a6f0650e33a5f7c71e1523d ✅
     verify/wf_f0.py                    0a96f8fd3968fa90d04e3394fd73e7f5b0994a55 ✅
     verify/wf_f1.py                    a24edfcb7c2f383e529f68782efcbf49439d9e6e ✅
     verify/wf_f2.py                    0a019f9d58e21d4978ae22dc8c5941d4de1bcdc3 ✅
     verify/wf_f3.py                    2ea9b70de537b6f8115a6f5167327cbea715c49e ✅
     verify/wf_f4.py                    1d0c36debb27a2e5ef3f94b6b2cee7403d9ebc76 ✅

  🔒 **`SELF` 自扣**：本批產物 ＝ `verify/probes/probe_WG999_yi_chain.py`、`verify/out/probe_WG999_yi_chain_23a63d3.log`、`docs/reports/W-G.9-99_乙之遞補鏈shim.md`
     ⇒ ⛔ 不在本檔任一母體內（母體皆為街廓／宗地／側／`kw` 鍵·⛔ 非檔案母體）。

  🛑 **本批之停機（逐字具名·`rc` 恆 `0`）**：
     停機 ⑦：`R2`／`R5` 之 `run_step_g` 於 `②-宗` 圍堵閘 `raise`（`GB-67`·⛔ 尚未修）、`R4` 於結構閘「理論＝實跑」`raise` ⇒ **終態（抵費地／池）不可由管線取得** ⇒ 逐字具名 **【須執行該碼·本批不跑】**
