========================================================================================================================================================================================================
【D-2b-24 commit A】逐側宗數實測（類 C 分類）— ⛔ 零生產碼變更
========================================================================================================================================================================================================
  量法：spy `_solve_G_one` 記 (街廓, side, t=baseline_pt·d̂)；
        最後一趟 ＝ 由尾端往前之極大遞增後綴（⛔ 非呼叫次數÷趟數之推定）

  母體 ＝ 23 個 (情境,街廓,側) 有呼叫紀錄／`_solve_G_one` 總呼叫 248 次（⛔ 非空）

  情境    街廓   側       有SIDE       總呼叫       最後一趟宗數      趟數(推得)   最後一趟之 t 序列（前 4）
--------------------------------------------------------------------------------------------------------------------------------------------------------------------------------------------------------
  0m    R1   左側      ✅             2            1           2   -1712756.800
  0m    R1   右側      ✅             2            1           2   1712669.084
  0m    R2   左側      ✅             2            1           2   2164669.864
  0m    R2   右側      —             0            0           —   （該側無宗）
  0m    R4   左側      ✅             2            1           2   -1712692.940
  0m    R4   右側      ✅             2            1           2   1712594.223
  0m    R6   左側      —             0            0           —   （該側無宗）
  0m    R6   右側      ✅             2            1           2   2040386.594
  0m    R5   左側      ✅             2            1           2   2198200.803
  0m    R5   右側      —             0            0           —   （該側無宗）
  0m    R3   左側      —             0            0           —   （該側無宗）
  0m    R3   右側      ✅             2            1           2   2198197.517
  3.5m  R1   左側      ✅             2            1           2   -1712756.800
  3.5m  R1   右側      ✅             2            1           2   1712669.084
  3.5m  R2   左側      ✅             0            0           —   （該側無宗）
  3.5m  R2   右側      —             0            0           —   （該側無宗）
  3.5m  R4   左側      ✅             2            1           2   -1712692.940
  3.5m  R4   右側      ✅             2            1           2   1712594.223
  3.5m  R6   左側      —             0            0           —   （該側無宗）
  3.5m  R6   右側      ✅             2            1           2   2040386.594
  3.5m  R5   左側      ✅             0            0           —   （該側無宗）
  3.5m  R5   右側      —             0            0           —   （該側無宗）
  3.5m  R3   左側      —             0            0           —   （該側無宗）
  3.5m  R3   右側      ✅             0            0           —   （該側無宗）

  🔑 判讀：『最後一趟宗數』＝ 該 (情境,街廓,側) 於**正式趟**實配之宗數。
     ⛔ 『總呼叫』含基準趟與（右側之）數值微修後援，**不得**直接當宗數。
