==============================================================================================================
【W-G.9-187 S-5／X-T】六街廓 [T2-DIAG] 整列逐位 — ⛔ 零生產碼
==============================================================================================================
  環境：shapely 2.1.2 | GEOS (3, 13, 1) | python 3.13.11
  框 ＝ 含 `[T2-DIAG]` 之整列原文（⛔ 未解析欄位）

  受測物 app.py sha256 = 2be36e4c88b6e1296ffd6136a746d115e39b7ff4ae139e59bbf0894d4dd7e425

── 一、逐街廓 run_step_g 之終止情形（⛔ 非停機款·照實載） ──
  R1  ｜ [T2-DIAG] 1 列 ｜ ⛔ 無例外
  R2  ｜ [T2-DIAG] 1 列 ｜ 例外 RuntimeError: 🔴 結構閘 telescoping 破：街廓 R2 left 側 ΣRw_實跑=100.02 ≠ R(W_final=34.39)−R(W₀=6.98)=44.41（Δ=55.606 >0.1）｜逐界面：[Δ_i·R2·left] 628-42(1)→628-41(1): W_far=6.9800／W_near=6.9800／W_start=6.9800／Δ=+0.0000／Δ_self=+0.0000　628-41(1)→628-27(1): W_far=11.0500／W_near=11.0500／W_start=11.0500／Δ=+0.0000／Δ_self=+0.0000　628-27(1)→628-40(1)+: W_far=11.7100／W_near=11.7100／W_start=11.7100／Δ=+0.0000／Δ_self=+0.0000　628-40(1)+→62
  R3  ｜ [T2-DIAG] 1 列 ｜ ⛔ 無例外
  R4  ｜ [T2-DIAG] 1 列 ｜ 例外 RuntimeError: 🔴 結構閘 理論＝實跑 破：街廓 R4 right 側 理論@k*=87.83 ≠ 實跑(階段1)=85.41（Δ=2.425 >0.1）｜參考 ΣΔ_i=+0.000（**⛔ 未用於本式**·實測反證見碼註）｜逐界面：[Δ_i·R4·right] （無界面）
  R5  ｜ [T2-DIAG] 0 列 ｜ 例外 RuntimeError: 街廓 R5 抵費地計算失敗：🔴 ②-宗 圍堵閘破[R5]：宗-宗重疊 = 56.8186 > 上界 1.5999（(宗數8−1)×0.005×深度45.71）——**超出捨入量子可解釋範圍＝另有病**，停
  R6  ｜ [T2-DIAG] 1 列 ｜ ⛔ 無例外

── 二、[T2-DIAG] 整列逐位（X-T 之比較端·⛔ 未解析欄位） ──
  <R1#0> [T2-DIAG] 街廓 R1｜宗數 5｜池帶 3 片｜池帶 s 寬 [35.2871  17.8897  0.2890]｜池帶面積 [1169.7082  5.3835  0.0046]｜Σ池 1175.0963｜覆蓋殘差 0.0000｜Σ 殘差 -0.0000｜宗-宗疊 0.0000（上界 0.6630）｜內部縫 0 帶／0.0000㎡｜退化帶 0 個｜s 域 [-0.3248,87.7155]
  <R2#0> [T2-DIAG] 街廓 R2｜宗數 14｜池帶 2 片｜池帶 s 寬 [8.4283  33.0811]｜池帶面積 [308.1700  1471.2568]｜Σ池 1779.4268｜覆蓋殘差 0.0000｜Σ 殘差 -0.0000｜宗-宗疊 0.0000（上界 2.8906）｜內部縫 0 帶／0.0000㎡｜退化帶 2 個（s 寬 1.69e-10, 4.23e-11）｜s 域 [0.2677,100.0274]
  <R3#0> [T2-DIAG] 街廓 R3｜宗數 10｜池帶 1 片｜池帶 s 寬 [40.5337]｜池帶面積 [1795.1328]｜Σ池 1795.1328｜覆蓋殘差 0.0001｜Σ 殘差 -0.0001｜宗-宗疊 0.0000（上界 1.9953）｜內部縫 0 帶／0.0000㎡｜退化帶 2 個（s 寬 5.57e-06, 1.70e-10）｜s 域 [-0.0000,96.8032]
  <R4#0> [T2-DIAG] 街廓 R4｜宗數 2｜池帶 5 片｜池帶 s 寬 [35.3260  0.1686  43.9993  1.6580  49.0178]｜池帶面積 [1169.5585  0.2988  26.0938  27.4425  4.9632]｜Σ池 1228.3568｜覆蓋殘差 0.0000｜Σ 殘差 +0.0000｜宗-宗疊 0.0000（上界 0.1656）｜內部縫 0 帶／0.0000㎡｜退化帶 0 個｜s 域 [0.1759,98.7163]
  🔴 R5：**⛔ 無 [T2-DIAG]** ⇒ 逐字具名，⛔ 不以推定代之
  <R6#0> [T2-DIAG] 街廓 R6｜宗數 8｜池帶 2 片｜池帶 s 寬 [3.6068  34.0520]｜池帶面積 [85.7064  1543.0063]｜Σ池 1628.7127｜覆蓋殘差 0.0000｜Σ 殘差 -0.0000｜宗-宗疊 0.0000（上界 1.5929）｜內部縫 0 帶／0.0000㎡｜退化帶 0 個｜s 域 [-3.6068,85.8549]

── 三、X-T 之比較指紋 ──
  [T2-DIAG] 總列數 = 5
  逐街廓列數 = {'R1': 1, 'R2': 1, 'R3': 1, 'R4': 1, 'R5': 0, 'R6': 1}
  payload bytes = 1576
  payload sha256 = cef0e4690cad1b148ff3b13ba550da6b76f07ba76d868f0ba15d3b4a4d73e0e6

  🔒 X-T 之判準 ＝ 上開『總列數 ＋ 逐街廓列數 ＋ payload sha256 ＋ 逐列原文』
     四者<u>皆須</u>與期初量相同；⛔ 僅 sha256 相同不足（須併看列數，防兩造皆空之假綠）。
==============================================================================================================
