======================================================================================================================
【K-6-A2 段三(c)-2 §二】R5 未動之歸因量測 — 只量不判
問：R5左 範圍面積 −7.30㎡（最大）為何未推動 G007@R5 之 G(Σa)？
錨檢已於行程內中性化（wf_f0.GSA_EXPECT→空表）；verify/wf_f0.py 一字未改
======================================================================================================================
舊輪 patch 命中 ＝ 32（新輪＝生產原樣·零 patch）

【1·3.5m】六 gid 之 G(Σa)（**粒度 0.01**·來源即 round(...,2)）
----------------------------------------------------------------------------------------------------------------------
  gid           舊 G(Σa)       新 G(Σa)         Δ         錨  判讀（粒度 0.01·錨檢嚴格 >0.01）
----------------------------------------------------------------------------------------------------------------------
  G006           365.84        365.84     +0.00    365.84  —（2dp 下未變·預期）
  G007           370.02        370.01     -0.01    370.02  ⚠️ **Δ=-0.01 恰落容差邊界**（`>0.01` 為 False ⇒ 不破錨）
  G009           153.19        153.19     +0.00    153.19  —（2dp 下未變·預期）
  G010           301.12        301.17     +0.05    301.12  🔴 逾錨檢容差（嚴格 >0.01）⇒ **破錨**
  G014           129.74        129.74     +0.00    129.74  —（2dp 下未變·預期）
  G017           433.68        433.68     +0.00    433.68  —（2dp 下未變·預期）
----------------------------------------------------------------------------------------------------------------------
  ⇒ **新輪未進 `gsa` 之 gid**：（無）
  ⇒ **舊輪未進 `gsa` 之 gid**：（無）

【1·0m】六 gid 之 G(Σa)（**粒度 0.01**·來源即 round(...,2)）
----------------------------------------------------------------------------------------------------------------------
  gid           舊 G(Σa)       新 G(Σa)         Δ         錨  判讀（粒度 0.01·錨檢嚴格 >0.01）
----------------------------------------------------------------------------------------------------------------------
  G006           365.84        365.84     +0.00    365.84  —（2dp 下未變·預期）
  G007           359.43        359.43     +0.00    359.43  —（2dp 下未變·預期）
  G009           153.19        153.19     +0.00    153.19  —（2dp 下未變·預期）
  G010           283.87        283.87     +0.00    283.87  —（2dp 下未變·預期）
  G014           128.63        128.63     +0.00    128.63  —（2dp 下未變·預期）
  G017           433.68        433.68     +0.00    433.68  —（2dp 下未變·預期）
----------------------------------------------------------------------------------------------------------------------
  ⇒ **新輪未進 `gsa` 之 gid**：（無）
  ⇒ **舊輪未進 `gsa` 之 gid**：（無）

【2】三 forced 側之街角規定面積與 forced 狀態（新舊）
----------------------------------------------------------------------------------------------------------------------
  3.5m R2/left  範圍面積 382.85→384.15（Δ +1.30）｜forced True→True
  3.5m R5/left  範圍面積 378.47→371.17（Δ -7.30）｜forced True→True
  3.5m R3/right 範圍面積 383.67→383.67（Δ +0.00）｜forced True→True
  0m R2/left  範圍面積 225.69→227.11（Δ +1.42）｜forced False→False
  0m R5/left  範圍面積 225.24→217.97（Δ -7.27）｜forced False→False
  0m R3/right 範圍面積 226.91→226.91（Δ +0.00）｜forced True→True
----------------------------------------------------------------------------------------------------------------------

【3】G007 標的宗 628-20(2) 於 R5 之 s 序位（相對抵費地宗）
----------------------------------------------------------------------------------------------------------------------
  ── 3.5m｜R5 依累積S 排序 ──
     R5-抵費地-1         累積S=   0.0000  推進側別=抵費地  ← 抵費地
     R5-抵費地-2         累積S=   0.0000  推進側別=抵費地  ← 抵費地
     628(3)           累積S=   3.1200  推進側別=right
     628-53(2)        累積S=  10.3300  推進側別=left
     628-23(2)        累積S=  12.0600  推進側別=right
     628-18(2)        累積S=  15.1900  推進側別=left
     628-45(1)        累積S=  16.3800  推進側別=left
     628-7(2)         累積S=  22.0500  推進側別=left
     628-22(2)        累積S=  23.1500  推進側別=right
     628-32(1)        累積S=  23.2200  推進側別=right
     628-31(1)        累積S=  23.4400  推進側別=right
     628-20(2)        累積S=  28.7800  推進側別=left  ← G007 標的宗
     628-30(1)        累積S=  29.1400  推進側別=left
     628-21(2)        累積S=  39.6000  推進側別=left
  ── 0m｜R5 依累積S 排序 ──
     R5-抵費地           累積S=   0.0000  推進側別=抵費地  ← 抵費地
     628(3)           累積S=   3.1200  推進側別=right
     628-7(2)         累積S=   7.1500  推進側別=left
     628-53(2)        累積S=   7.1800  推進側別=left
     628-18(2)        累積S=  12.0300  推進側別=left
     628-23(2)        累積S=  12.0600  推進側別=right
     628-45(1)        累積S=  13.2100  推進側別=left
     628-20(2)        累積S=  19.8200  推進側別=left  ← G007 標的宗
     628-30(1)        累積S=  20.1800  推進側別=left
     628-22(2)        累積S=  23.1500  推進側別=right
     628-32(1)        累積S=  23.2200  推進側別=right
     628-31(1)        累積S=  23.4500  推進側別=right
     628-21(2)        累積S=  30.7300  推進側別=left
----------------------------------------------------------------------------------------------------------------------

【4】註記
  · 本檔只量不判；判讀欄僅標示落在哪一區間，**不代裁**。
  · 錨檢中性化僅存在於本行程，verify/wf_f0.py 一字未改。
