======================================================================================================================================================
【W-G.9-61】`GB-82` `(b-1)〜(b-5)`：`d_floor` **自量** ＋ 受詞限縮 ＋ 判別力反例
======================================================================================================================================================
  產生於 commit：084f760
  🔒 **⛔ 零生產碼變更**；本檔只**呼叫** `fits_at`，⛔ 未新增第二份判定原語。
  🔒 `d_floor` **自量**（⛔ 未抄施工單之 `3e−09`）——單之值為 `【單】`、本檔之值為 `【倉】`。

======================================================================================================================================================
【B-1】**`d_floor` 自量**：逐格逐 `r` 掃 `d ∈ [1e−12, 39]`（22 點·對數等距）
======================================================================================================================================================
  🔒 判準：取**最小之 `d`**，使其**以上**之真值集為單調（⛔ 出現 `0` 後不得再現 `1`）。
  🔒 `d` 之 22 點格（逐位）：
     1.000e-12／4.438e-12／1.970e-11／8.741e-11／3.879e-10／1.722e-09／7.641e-09／3.391e-08／1.505e-07／6.679e-07／2.964e-06
     1.316e-05／5.839e-05／2.591e-04／1.150e-03／5.104e-03／2.265e-02／1.005e-01／4.462e-01／1.980e+00／8.788e+00／3.900e+01

  街廓   側                r   真值集（22 位·由薄到厚）                    首個單調位         該位之 d
------------------------------------------------------------------------------------------------------------------------------------------------------
  R5   left         0e+00   0001111111111111100000                3       8.741e-11
  R5   left        -1e-06   1111111111111111111111                0       1.000e-12
  R5   left        -1e-05   1111111111111111111111                0       1.000e-12
  R5   left        -1e-03   1111111111111111111111                0       1.000e-12
  R6   right        0e+00   0000000000000000000000                0       1.000e-12
  R6   right       -1e-06   1111111111111111111111                0       1.000e-12
  R6   right       -1e-05   1111111111111111111111                0       1.000e-12
  R6   right       -1e-03   1111111111111111111111                0       1.000e-12
  R3   right        0e+00   1111111111111111111111                0       1.000e-12
  R3   right       -1e-06   1111111111111111111111                0       1.000e-12
  R3   right       -1e-05   1111111111111111111111                0       1.000e-12
  R3   right       -1e-03   1111111111111111111111                0       1.000e-12
------------------------------------------------------------------------------------------------------------------------------------------------------
  ⇒ 12 組中 **11 組**於 `d = 1e-12` 即已單調（＝其 `d_floor` 已抵格之下界·⛔ 非量到真界限）
  ⇒ 🔒 **`d_floor`【倉】 ＝ 8.741393e-11 m**（全案 max）
     ⚠️ 施工單所載【單】 ＝ `3e−09` m ⇒ 🔴 **不符**（🔒 相符**⛔ 不構成相互驗證**·出艙一律以【倉】為準）

======================================================================================================================================================
【B-2】**限縮後之單調性閘**：受詞 ＝ `d ≥ 10 × d_floor` ＝ `8.741e-10` m
======================================================================================================================================================
  🔒 `D_GRID` 15 點中，滿足受詞者 **15 點**：1e-09／1e-07／1e-05／0.0001／0.001／0.01／0.1／1／5／14／25／35／39／41／43
  🔒 被排除者 **0 點**：（無）

  街廓   側                r   限縮後真值集                  單調?
------------------------------------------------------------------------------------------------------------------------------------------------------
  R5   left         0e+00   011111000000000            🔴
  R5   left        -1e-06   111111111111100            ✅
  R5   left        -1e-05   111111111111100            ✅
  R5   left        -1e-03   111111111111100            ✅
  R6   right        0e+00   000000000000000            ✅
  R6   right       -1e-06   111111111111100            ✅
  R6   right       -1e-05   111111111111100            ✅
  R6   right       -1e-03   111111111111100            ✅
  R3   right        0e+00   111111111111110            ✅
  R3   right       -1e-06   111111111111110            ✅
  R3   right       -1e-05   111111111111110            ✅
  R3   right       -1e-03   111111111111110            ✅
------------------------------------------------------------------------------------------------------------------------------------------------------
  ⇒ **限縮後之閘：11／12 綠**

======================================================================================================================================================
【B-4】**去硬編後**之二分式 `D_max`（早退測試點 ＝ `10 × d_floor`） vs `W-G.9-60`【倉】掃描式
======================================================================================================================================================
  🔒 早退測試點 ＝ `10 × d_floor` ＝ `8.741e-10` m（⛔ 非硬編·`d_floor` 未給即 loud raise）
  🔒 對拍靶出處：`verify/out/probe_WG960_fitcore_post2_65fef5b.log`【A-4】

  街廓   側                r         二分(去硬編)        -60 掃描式【倉】             Δ   4dp 相符?
------------------------------------------------------------------------------------------------------------------------------------------------------
  R5   left         0e+00          0.0000            0.0264     -0.026400        🔴
  R5   left        -1e-06         39.9825           39.9825     -0.000045        ✅
  R5   left        -1e-05         39.9825           39.9825     -0.000014        ✅
  R5   left        -1e-03         39.9860           39.9860     -0.000032        ✅
  R6   right        0e+00          0.0000            0.0000      0.000000        ✅
  R6   right       -1e-06         39.8736           39.8736      0.000009        ✅
  R6   right       -1e-05         39.8736           39.8736      0.000041        ✅
  R6   right       -1e-03         39.8771           39.8771      0.000034        ✅
  R3   right        0e+00         41.4830           41.4830      0.000028        ✅
  R3   right       -1e-06         41.4830           41.4830      0.000031        ✅
  R3   right       -1e-05         41.4831           41.4831     -0.000039        ✅
  R3   right       -1e-03         41.4864           41.4864     -0.000023        ✅
------------------------------------------------------------------------------------------------------------------------------------------------------
  ⇒ **11／12** 於 4dp 逐位相符

======================================================================================================================================================
【B-2′】**淨空比**（`(b-2)` 明令須<u>並列印出</u>）
======================================================================================================================================================
  · `d_floor`【倉】　　　　　＝ 8.741393e-11 m
  · **最小出艙 `D_max`**（>0）＝ 39.873609 m
  · **比值** ＝ 4.561e+11　（門檻 `1e+03`）
  ⇒ **✅ 通過**（11.7 個數量級之淨空）

======================================================================================================================================================
【B-3】🔴 **判別力反例**：暫時還原 `fits_at` 之平移修 ⇒ 限縮後之閘**須轉紅**
======================================================================================================================================================
  🔒 靶格（施工單指定）：`(R6/right, r = −1e−06, d = 1e−5)`
  🔒 該 `d = 1e−5` **在受詞內**（`1e−5 ≥ 10×d_floor = 8.741e-10`）⇒ ✅ 反例確實受限縮後之閘管轄

  街廓   側                r   限縮後真值集（還原修後）            單調?
------------------------------------------------------------------------------------------------------------------------------------------------------
  R5   left         0e+00   111111000000000            ✅
  R5   left        -1e-06   111111111111100            ✅
  R5   left        -1e-05   111111111111100            ✅
  R5   left        -1e-03   111111111111100            ✅
  R6   right        0e+00   000000000000000            ✅
  R6   right       -1e-06   000111111111100            🔴
  R6   right       -1e-05   111111111111100            ✅
  R6   right       -1e-03   111111111111100            ✅
  R3   right        0e+00   111111111111110            ✅
  R3   right       -1e-06   111111111111110            ✅
  R3   right       -1e-05   111111111111110            ✅
  R3   right       -1e-03   111111111111110            ✅
------------------------------------------------------------------------------------------------------------------------------------------------------
  ⇒ 還原修後：**1／12 轉紅**
  ⇒ 靶格 `(R6/right, r=−1e−06)` **✅ 確實轉紅**　（`d=1e−5` ⇒ fits＝False、`d=1e−4` ⇒ fits＝True　⇒ **`0…1` 反轉**）
  🔒 復原後 `LOCAL_ORIGIN` ＝ True（⇒ 【B-2】之 11／12 綠即復原後之結果）
  🔒 **⇒ 限縮後之閘仍抓得到原缺陷 ⇒ 本限縮⛔ 非放寬。**

======================================================================================================================================================
【B-5】**凡出艙之 `D_max` 須附該深度之見證**（⛔ 見證不可得者只能出艙為「儀器上界」）
======================================================================================================================================================
  🔒 `r ≠ 0` 之見證取於**膨脹後**之多邊形（＝判定之真受詞）；逐角 `covers` 獨立驗證（⛔ 非以侵蝕之非空當證明）。

  街廓   側                r       D_max   逐角 covers                  四角全在   出艙資格                      
------------------------------------------------------------------------------------------------------------------------------------------------------
  R5   left         0e+00      0.0000   （D_max = 0·無矩形）               —   ⚪ 不適用                     
  R5   left        -1e-06     39.9825   [TTTT]                        是   ✅ 量測值（有見證）                
  R5   left        -1e-05     39.9825   [TTTT]                        是   ✅ 量測值（有見證）                
  R5   left        -1e-03     39.9860   [TTTT]                        是   ✅ 量測值（有見證）                
  R6   right        0e+00      0.0000   （D_max = 0·無矩形）               —   ⚪ 不適用                     
  R6   right       -1e-06     39.8736   [TTTT]                        是   ✅ 量測值（有見證）                
  R6   right       -1e-05     39.8736   [TTTT]                        是   ✅ 量測值（有見證）                
  R6   right       -1e-03     39.8771   [TTTT]                        是   ✅ 量測值（有見證）                
  R3   right        0e+00     41.4830   [TTTT]                        是   ✅ 量測值（有見證）                
  R3   right       -1e-06     41.4830   [TTTT]                        是   ✅ 量測值（有見證）                
  R3   right       -1e-05     41.4831   [TTTT]                        是   ✅ 量測值（有見證）                
  R3   right       -1e-03     41.4864   [TTTT]                        是   ✅ 量測值（有見證）                
------------------------------------------------------------------------------------------------------------------------------------------------------
  ⇒ **10／10** 之正值 `D_max` 具四角見證

------------------------------------------------------------------------------------------------------------------------------------------------------
【B-5b】`GB-82` 併記之**四列表複現**：`R5/left @ r = 0` 之見證可得性隨 `D` 跳動
------------------------------------------------------------------------------------------------------------------------------------------------------
           D   fits_at   最佳逐角             四角全在         侵蝕集面積
      0.0010         真   [TTTT]              是     0.000e+00
      0.0100         真   [TTFT]              否     0.000e+00
      0.0260         真   [TTFT]              否     0.000e+00
      0.0264         真   [TTFT]              否     0.000e+00

======================================================================================================================================================
【B-6】**8 格於 `r=0` 之分類對帳**（去硬編後）⇒ 土地後果
======================================================================================================================================================
  街廓   側             D_max(去硬編)     D_法定      本批分類    -60 分類    一致?
------------------------------------------------------------------------------------------------------------------------------------------------------
  R1   left             29.7381     14.0         進         進     ✅
  R1   right            24.9330     14.0         進         進     ✅
  R2   left             41.4375     14.0         進         進     ✅
  R3   right            41.4830     14.0         進         進     ✅
  R4   left             29.7521     14.0         進         進     ✅
  R4   right            29.5994     14.0         進         進     ✅
  R5   left              0.0000     14.0        不進        不進     ✅
  R6   right             0.0000     14.0        不進        不進     ✅
------------------------------------------------------------------------------------------------------------------------------------------------------
  ⇒ **分類逐格一致 ＝ 8／8** ⇒ **土地後果 ＝ 零**

======================================================================================================================================================
【B-7】`GB-82` `(b-1)〜(b-5)` **逐項判定**
======================================================================================================================================================
  (b-1)　✅　`d_floor` 自量 ＝ 8.741e-11 m（⛔ 未硬編、⛔ 未抄單）
  (b-2)　🔴　受詞限縮 `d ≥ 8.741e-10` ⇒ 11／12 綠；淨空比 4.56e+11 ≥ 1e+03
  (b-3)　🔴　判別力反例：還原修後 1／12 轉紅、靶格命中；復原後回綠
  (b-4)　✅　早退測試點由量得之 `d_floor` 導出（`d_max_at_r`／`d_max_at` 皆已去硬編·未給即 loud raise）
  (b-5)　✅　出艙 `D_max` 之見證：10／10 具四角見證
------------------------------------------------------------------------------------------------------------------------------------------------------
  ⇒ **`GB-82` ：🔴 尚有未滿足項 ⇒ ⛔ 不結案**

======================================================================================================================================================
