=============================================================================================================================================================================================================
【W-G.9-84 §二 A 組】`D-0` 之 2 宗 ＋ 充要約束 `S_req` ＋ 其與 `K-9-9 二` 下限之差
=============================================================================================================================================================================================================
  產生於 commit：ff14388
  環境：shapely 2.1.2 | GEOS (3, 13, 1) | numpy 2.4.4
  🔒 A-0 **事前選定：偏向使差<u>偏大</u>**（甲/乙/丙 三條見 docstring）
  🔒 A-2-4 之 shim **僅平移一條界線**（⛔ 不改面積目標·⛔ 不解 `S`）⇒ ⛔ 非 §七-6 所禁者
  🔒 情境母體：A-2／A-3 ＝ **(0.0, 3.5)**（12 格）；A-1 ＝ **僅 0m**（沿 `-40`／`-83`·具名）

【0】量測器自檢（⛔ 先自檢後量測·每項皆附**已知真／已知偽**對照）
-------------------------------------------------------------------------------------------------------------------------------------------------------------------------------------------------------------
  ① **`w40.eval_lot` 同源證**（原樣 import·`W-G.9-40` §0 之 17° 傾斜測資）：
     甲 ⇒ 甲 ／ 乙 ⇒ 乙 ／ 合格 ⇒ 合格 ／ **已知不合格 ⇒ 不合格**（Δfront -4.000·常設 8 之「否」輸入）⇒ PASS
  ② **`w82.chord_interval` 同源證**：λ=[-1.66666666667, 10]／手算 [-1.66666666667, 10]　殘差/ulp = 0.00／0.00 ⇒ PASS
     🔒 常設 8：`s*=0` ⇒ True（期望 True）／`s*=1e6` ⇒ False（期望 False）⇒ PASS
  ③ **`w83` 常數之原樣 import**：`D_MIN=2`／`TOL_PAR=1.0e-09`／`SB=0.0`／`OLD_LOG='probe_WG940_startperp_834bce0.log'`
     ⇒ PASS（🔒 其判定式與本檔同為 `w40.eval_lot` ⇒ 同源可比）
  ④ **shim 之機制自檢**：沿 `d̂` 平移 δ=7.25 ⇒ FRONTLINE-`s` 位移 7.250000000000（殘差 8.882e-16·**殘差/ulp = 1.00**）⇒ PASS
     🔒 常設 8：δ=0 ⇒ 位移 0.000e+00（期望**恰 0**）⇒ PASS
  ⑤ **常設 9**：`TOL_PAR=1.0e-09`／`TOL_SAME=1.0e-12`（皆施於 `|sin|` ∈ [0,1]·`ulp(1.0)=2.220e-16`）；`TOL_MONO=1.0e-09`（施於 `s*` 之差·其量級於【D】表出艙）
  ⇒ 量測器自檢：PASS

【驅動】(0.0, 3.5) × R1–R6——攔截 **12 格**；生產碼 raise 之 (情境,街廓) ＝ 7 組

【C／A-1】🛑 `D-0` 之 2 宗——**以二源各跑一次 `K-9-9 二` 判定**（🔴 本單第一項）
-------------------------------------------------------------------------------------------------------------------------------------------------------------------------------------------------------------
  🔒 **二源之逐字定義**：
     **源甲 `w40`** ＝ `far_side_dir_and_pt(biz[i], d̂)`——自**宗地多邊形之邊**取「與 `d̂` 夾角最大之二邊」中 `s` 中點較大者。
     **源乙 `w81`** ＝ `faces_of(SOLVE[id(res)])[1]`——`_solve_G_one` 所回之`_alloc_dir_used`（⇒ `rot90` 後之**引擎實際切線方向**）＋ `baseline_pt + S·d̂`。

  **二源各自之違反宗數**：源甲 `w40` ＝ **35**（倉內錨【倉】`-83` §D-1／`-40` log ＝ **35**）／源乙 `w81` ＝ **36**
  **逐宗差集**：甲∖乙 ＝ [] ／ 乙∖甲 ＝ [('R2', '左', 1)]
  **面積合計**：源甲 5758.9879 ㎡ ／ 源乙 5762.7961 ㎡
  POPULATION=36 PRINTED=36 SUPPRESSED=0  # A-1 二源違反宗之聯集

  🔴 **`D-0` 之 2 宗逐宗**（⛔ 逐項具名）
  街廓    側     i    源甲 遠側界方向               源乙 遠側界方向                     |sin| 源甲 判       源乙 判       翻轉?     
  R3    右     8    (-0.74043, 0.67213) (-0.68767, 0.72602)   7.536e-02 不合格        不合格        否       
      源甲 通過點 (310414.3202, 2651870.1377)／源乙 通過點 (310431.0978, 2651855.2658)；夾角 4.3220°
      源甲：情形 甲　Δfront -4.3629　Δbase -5.1240　⇒ 不合格
      源乙：情形 甲　Δfront -0.2651　Δbase -4.4162　⇒ 不合格
      🔴 **溯源**——該宗多邊形之逐邊（角度 ＝ 與 `d̂` 之夾角·`s中` ＝ 邊中點之 `s`）：
      邊         ∠d̂(°)           s中         邊長    |sin(邊,源乙)| 備註        
      3        89.0276      88.6617    44.8461      7.536e-02 （`w40` 之候選二邊）
      1        84.7057      86.7016    44.9875      2.000e-13 （`w40` 之候選二邊）🔒 **∥源乙**
      0         0.6908      86.4536     3.6554      9.968e-01           
      2         0.0000      88.9097     0.2651      9.957e-01           
  POPULATION=4 PRINTED=4 SUPPRESSED=0  # A-1 溯源·R3 右 i=8 之逐邊（全列）
  R1    右     3    (-0.65947,-0.75173) (-0.66848,-0.74373)   1.206e-02 不合格        不合格        否       
      源甲 通過點 (310495.7677, 2651939.6257)／源乙 通過點 (310505.0932, 2651953.8711)；夾角 0.6908°
      源甲：情形 乙　Δfront -10.1319　Δbase -7.0482　⇒ 不合格
      源乙：情形 乙　Δfront -5.4782　Δbase -2.7968　⇒ 不合格
      🔴 **溯源**——該宗多邊形之逐邊（角度 ＝ 與 `d̂` 之夾角·`s中` ＝ 邊中點之 `s`）：
      邊         ∠d̂(°)           s中         邊長    |sin(邊,源乙)| 備註        
      2        85.3731      79.2108    33.2391      6.085e-12 （`w40` 之候選二邊）🔒 **∥源乙**
      0        84.6822      81.8064    33.2728      1.206e-02 （`w40` 之候選二邊）
      1         0.0234      81.9499     2.7968      9.968e-01           
      3         0.0002      79.0674     2.3944      9.967e-01           
  POPULATION=4 PRINTED=4 SUPPRESSED=0  # A-1 溯源·R1 右 i=3 之逐邊（全列）
  🔒 **`P5` 之判**：`D-0` 之 2 宗中**翻轉者 ＝ 0 ／ 2** ⇒ 🔴 **二宗皆不翻轉 ⇒「35」不受影響·具名**

  🔒 **A-1 之判別力（常設 8·⛔ 不可省）**：對**已知二源相同**（`|sin| ≤ 1e-12`）之宗同法跑一次
     母體（`|sin| ≤ 1e-12` 之宗）＝ **8**；二源判定**完全相同 ＝ 8**
     ⇒ ✅ **「翻轉」之偵測⛔ 非恆真**（該類宗一個都沒翻）

【D／A-2】使**全部** `(j,k)`（`d ≥ 2`）不重疊之**充要約束 `S_req`**
-------------------------------------------------------------------------------------------------------------------------------------------------------------------------------------------------------------
  🔒 **導出（⛔ 純算術·由 `W-G.9-82` 之閉式）**：
     `宗j × 宗k 重疊 ⟺ s*(j,k) ∈ [λ_a, λ_b]`（`λ` ＝ **線 j** 之弦區間·per (格, j) 常數）
     `宗k` 之近側界 ＝ `宗(k−1)` 之遠側界（`-83` 已實測界面距離 0.000000 m·4/4）
     ⇒ 首條須清出弦者 ＝ **`宗(j+1)` 之遠側界**（其即 `宗(j+2)` 之近側界·`d=2`）
     ⇒ **`S_req` ＝ 過「弦之出口端」且 ∥ALLOC 之直線與 FRONTLINE 之交點沿 `d̂` 之 `s`**
     🔒 **換算式逐字**：`X_end = p_j + λ_end · û_j`；`S_req = s_of( line(X_end, û_k) ∩ FRONTLINE , o, d̂ )`

  情境     街廓    j    是街角?             λ_a          λ_b ←邊a    ←邊b    s*(j,k) 之 k 與值           單調?         
  0m     R1    0    **是**         0.0000      33.2441 5      0      2:-3711.46,3:-3371.05,4:-7307.30 🔴 **非單調**   
  0m     R1    1    否             0.0001      33.2613 5      0      3:-4612.57               —(僅 1 個 k)  
  0m     R1    2    **是**         0.0002      33.2731 5      1      4:-197.95                —(僅 1 個 k)  
  0m     R2    0    **是**         0.0000      44.9154 0      2      2:10.04,3:18.61,4:105.04,5:105.12… 🔴 **非單調**   
  0m     R3    0    否             0.0000      43.9260 0      3      7:-1270.72,8:-1167.75    ✅ 單調        
  0m     R3    1    否             0.0000      43.9952 0      3      7:-1194.87,8:-1091.90    ✅ 單調        
  0m     R3    2    否             0.0000      44.0347 0      3      7:-1151.47,8:-1048.50    ✅ 單調        
  0m     R3    3    否             0.0000      44.0548 0      3      7:-1129.46,8:-1026.49    ✅ 單調        
  0m     R3    4    否             0.0000      44.0943 0      3      7:-1086.10,8:-983.13     ✅ 單調        
  0m     R3    5    否             0.0000      44.1161 0      3      7:-1062.22,8:-959.25     ✅ 單調        
  0m     R3    6    否             0.0000      44.2320 0      3      8:-832.14                —(僅 1 個 k)  
  0m     R3    7    **是**         0.0000      44.8461 0      3      9:-3.50,10:-11.16,11:-29.90,12:-48.71… ✅ 單調        
  0m     R5    0    **是**        -0.0000      43.7602 3      0      2:5.11,3:20.62,4:93.96,5:181.10… 🔴 **非單調**   
  0m     R6    0    否           -47.6714      -0.0000 3      0      6:1801521616.30,7:1649723143.33 ✅ 單調        
  0m     R6    1    否           -47.5176      -0.0000 3      0      6:1736908633.25,7:1585110160.29 ✅ 單調        
  0m     R6    2    否           -47.4424      -0.0000 3      0      6:1705356666.75,7:1553558193.79 ✅ 單調        
  0m     R6    3    否           -46.7041      -0.0000 3      0      6:1395308385.39,7:1243509912.42 ✅ 單調        
  0m     R6    4    否           -46.5402      -0.0000 3      0      6:1326454210.92,7:1174655737.96 ✅ 單調        
  0m     R6    5    否           -46.3125      -0.0000 3      0      7:1079041579.51          —(僅 1 個 k)  
  0m     R6    6    **是**         0.0000      43.7430 0      3      8:-123486.51,9:-56797307.76,10:-201829462.26 ✅ 單調        
  3.5m   R1    0    **是**         0.0001      33.2396 5      0      2:-2864.58,3:-6172.59,4:-5504.25 🔴 **非單調**   
  3.5m   R1    1    **是**         0.0002      33.2731 5      1      3:-197.96,4:-737.76      ✅ 單調        
  3.5m   R6    0    否           -47.6714      -0.0000 3      0      6:1801521616.30,7:1649723143.33 ✅ 單調        
  3.5m   R6    1    否           -47.5176      -0.0000 3      0      6:1736908633.25,7:1585110160.29 ✅ 單調        
  3.5m   R6    2    否           -47.4424      -0.0000 3      0      6:1705356666.75,7:1553558193.79 ✅ 單調        
  3.5m   R6    3    否           -46.7041      -0.0000 3      0      6:1395308385.39,7:1243509912.42 ✅ 單調        
  3.5m   R6    4    否           -46.5402      -0.0000 3      0      6:1326454210.92,7:1174655737.96 ✅ 單調        
  3.5m   R6    5    否           -46.3125      -0.0000 3      0      7:1079041579.51          —(僅 1 個 k)  
  3.5m   R6    6    **是**         0.0000      43.7430 0      3      8:-123486.51,9:-56797307.76,10:-201829462.26 ✅ 單調        
  POPULATION=29 PRINTED=29 SUPPRESSED=0  # A-2 逐 (格, j)（全列）
  🔒 **`P3` 之判**：單調 **20** ／ **非單調 4** ／ 僅 1 個 k **5** ⇒ 🔴 **有非單調者 ⇒ 充要約束須改為全稱式·具名**
     🔒 **常設 9**：`|Δs*|` 之量級 ∈ [0.0800, 151798472.9633]；門檻 `TOL_MONO=1.0e-09`；**節 103 最接近翻面者 ＝ 0.080013**

  🔴 **`S_req` 之計算 ＋ shim 驗證**（🔒 正對照 `S_req` ／ 負對照 `K-9-9 二` 下限）
  🔒 **`S_req` ＝ 全稱式**（越過**全部** `k` 之禁區間·A-0(甲) 之保守值）；`S_end` ＝ 端點式（單 `k` 讀法·僅單調時充分）
  🔒 **shim 之四個位置**：`現況`(δ=0)／`門檻+ε`／`門檻−ε`／`K-9-9 下限`；`EPS_SHIM = 1.0e-06 m`（🔒 常設 9：`s` 之量級 ~1e2·`math.ulp(1e2)=1.421e-14` ⇒ 門檻 » ulp）
  情境     街廓    j    推進號      s(宗j+1far)   **S_req**       S_end     K-9-9下限 現況     **+ε** −ε     →下限   
  0m     R1    0    +1          87.7155     16.3250      6.4796      8.8385 0      **0**  1      0     
  0m     R1    1    +1          80.2646     24.4104     24.4104           — 0      **0**  1      —     
  0m     R1    2    −1          77.8701     80.2646     80.2646     90.3965 0      **0**  1      0     
  0m     R2    0    +1           4.8139      7.4487      7.4487      0.2163 2      **0**  1      2     
  0m     R3    5    +1          96.8032     24.5027     16.7417     16.7417 0      **0**  1      0     
  0m     R3    6    +1          89.0422     26.3223     26.3223           — 0      **0**  1      —     
  0m     R3    7    −1          88.7771     89.0422     89.0422     93.4051 0      **0**  1      2     
  0m     R5    0    +1           5.2363      8.1618      8.1618      4.8498 2      **0**  1      2     
  0m     R6    4    +1          85.8549     29.9757     22.7545     26.4945 0      **0**  1      0     
  0m     R6    5    +1          78.6338     27.3030     27.3030           — 0      **0**  1      —     
  0m     R6    6    −1          78.6279     78.6338     78.6338     89.3411 0      **0**  1      0     
  3.5m   R1    0    −1          80.2643     16.8374     16.8374           — 0      **0**  1      —     
  3.5m   R1    1    −1          77.8697     80.2643     80.2643     90.3965 0      **0**  1      0     
  3.5m   R6    4    +1          85.8549     29.9757     22.7545     26.4945 0      **0**  1      0     
  3.5m   R6    5    +1          78.6338     27.3030     27.3030           — 0      **0**  1      —     
  3.5m   R6    6    −1          78.6279     78.6338     78.6338     89.3411 0      **0**  1      0     
  🔒 **推進號之二源**（節 107）：`sign_star`（`s*` 逐差）vs `sign_grp`（宗序逐差）——**不合者 2**；`sign_star` 無從定（僅 1 個 `k`）者 **5**：[((0.0, 'R1'), 1), ((0.0, 'R1'), 2), ((0.0, 'R3'), 6), ((0.0, 'R6'), 5), ((3.5, 'R6'), 5)]
     🔴 **二源不合者逐項具名**：[((0.0, 'R6'), 4, -1.0, 1.0, 1.0), ((3.5, 'R6'), 4, -1.0, 1.0, 1.0)]
  POPULATION=16 PRINTED=16 SUPPRESSED=0  # A-2 shim 驗證（全列）
  🔴 **現況即有重疊之 (格,j) ＝ 2**：[('0m', 'R2', 0), ('0m', 'R5', 0)]
  🔒 **門檻之銳利度（全母體 16 格·⛔ 非只看破閘格）**：`門檻+ε` 之重疊 ＝ 0 者 **16／16**；`門檻−ε` 之重疊 > 0 者 **16／16**
  🔒 **`P2` 之判（受詞 ＝ 破閘之 (格,j)·位置取 `S_req + ε`）**：重疊**全部 ＝ 0** ⇒ ✅ **`P2` 成立**
     🔒 **負對照**：shim→`K-9-9 二` 下限之重疊**仍 > 0** ⇒ ✅ **二者不同 ⇒ `S_req` 有判別力**
     [0m] R2   j=0：現況 2 對 ／ `S_req+ε` 0 對 ／ `S_req−ε` 1 對 ／ →下限 2 對
     [0m] R5   j=0：現況 2 對 ／ `S_req+ε` 0 對 ／ `S_req−ε` 1 對 ／ →下限 2 對
  🔒 **全稱式 vs 端點式**：二者相等（≤1e−6）者 **12 ／ 16**；不等者即 `P3` 之非單調格之後果（⇒ 端點式**不足**·具名）

【E／A-3】`S_req` 與 `K-9-9 二` 下限之**差**（🔒 含**號之聲明**·節 107）
-------------------------------------------------------------------------------------------------------------------------------------------------------------------------------------------------------------
  🔒 **號之聲明（⛔ 二式並列·⛔ 只寫一式者視同半式）**：
     號 ＝ `sign` ＝ **推進方向於 FRONTLINE-`s` 之增減**，由 `s*(j,k)` 對 `k` 之增減定（⛔ 非由街廓名／側別硬編）。
     **式一（`sign = +1`）**：需 `s(宗j+1 far) ≥ S_req = max(sA, sB)`；「下限較鬆」⟺ **`S_req > 下限`** ⇒ 差 ＝ `S_req − 下限` **> 0**
     **式二（`sign = −1`）**：需 `s(宗j+1 far) ≤ S_req = min(sA, sB)`；「下限較鬆」⟺ **`S_req < 下限`** ⇒ 差 ＝ `S_req − 下限` **< 0**
     ⇒ 🔒 **統一之判準 ＝ `sign · (S_req − 下限) > 0`**（⇒ 正典下限較鬆）

  情境     街廓    j    推進號      是街角?       **S_req**     K-9-9 下限    差(S_req−下限)         sign×差 下限較鬆?       
  0m     R1    0    +1(增)    **是**        16.3250       8.8385         7.4865         7.4865 ✅ 較鬆        
  0m     R1    2    −1(減)    **是**        80.2646      90.3965       -10.1319        10.1319 ✅ 較鬆        
  0m     R2    0    +1(增)    **是**         7.4487       0.2163         7.2324         7.2324 ✅ 較鬆        
  0m     R3    5    +1(增)    否            24.5027      16.7417         7.7610         7.7610 ✅ 較鬆        
  0m     R3    7    −1(減)    **是**        89.0422      93.4051        -4.3629         4.3629 ✅ 較鬆        
  0m     R5    0    +1(增)    **是**         8.1618       4.8498         3.3119         3.3119 ✅ 較鬆        
  0m     R6    4    +1(增)    否            29.9757      26.4945         3.4812         3.4812 ✅ 較鬆        
  0m     R6    6    −1(減)    **是**        78.6338      89.3411       -10.7073        10.7073 ✅ 較鬆        
  3.5m   R1    1    −1(減)    **是**        80.2643      90.3965       -10.1321        10.1321 ✅ 較鬆        
  3.5m   R6    4    +1(增)    否            29.9757      26.4945         3.4812         3.4812 ✅ 較鬆        
  3.5m   R6    6    −1(減)    **是**        78.6338      89.3411       -10.7073        10.7073 ✅ 較鬆        
  POPULATION=11 PRINTED=11 SUPPRESSED=0  # A-3 逐 (格,j)（全列）
  🔒 **`P4` 之判（受詞 ＝ 破閘之 (格,j)）**：
     [0m] R2   j=0：`S_req` 7.4487 ／ 下限 0.2163 ／ **sign×差 ＝ +7.2324** ⇒ ✅ 下限較鬆
     [0m] R5   j=0：`S_req` 8.1618 ／ 下限 4.8498 ／ **sign×差 ＝ +3.3119** ⇒ ✅ 下限較鬆
     ⇒ ✅ **`P4` 成立**（破閘格皆 `sign×差 > 0`）
  🔒 **全母體**：`sign×差 > 0` 者 ＝ **11 ／ 11**
     🔒 **節 103**：最接近翻面者 ＝ **+3.311945**（次近 +3.481196）；`|sign×差|` 之量級 ∈ [3.3119, 10.7073]

【F／A-4】常設第 12 條 ③ 之落實——出題資格現查（`docs/rulings/` **全庫**）
-------------------------------------------------------------------------------------------------------------------------------------------------------------------------------------------------------------
  母體 ＝ `docs/rulings/**.md` ＝ **1 檔**：['K-6_街角地分配程序與可分配判準.md']
  字樣                 命中行數 落點行號（全列）                                      
  弦出口                   0 []                                            
  更強之下限                 0 []                                            
  非相鄰                   0 []                                            
  不相鄰                   0 []                                            
  跨宗                    0 []                                            
  間隔                    1 [135]                                         
  出口                    0 []                                            
  弦                     4 [154, 398, 1107, 1307]                        
  遠側境界線                16 [279, 907, 1980, 2047, 2117, 2118, 2124, 2126, 2153, 2266, 2608, 2609]
  起算垂線                  7 [2112, 2121, 2127, 2129, 2148, 2236, 2378]    
  POPULATION=10 PRINTED=10 SUPPRESSED=0  # A-4 逐字樣（全列）
  🔒 **`P6` 之判**：核心受詞（弦出口／更強之下限／非相鄰／不相鄰／跨宗／出口）之命中合計 ＝ **0** ⇒ ✅ **＝ 0（`P6` 成立）⇒ 下一批<u>得</u>就該受詞出裁定題**
     🔒 **判別力對照（常設 12 ①②）**：`K-9-5-4`／`K-9-2` 之命中須 > 0 ⇒ 見 §A（本檔⛔ 不重跑）
  ⚠️ **節 92：命中唯一 ≠ 該款仍有效** ⇒ 非零者逐處判其**是否仍有效**：
     弦    :154    **實作**：前緣線與 BASELINE 皆直線 ⇒ 垂距沿弦**線性**
     弦    :398    前緣線與 BASELINE 皆直線 ⇒ 垂距沿弦**線性** ⇒ 最小值必落於前緣線兩端之一。
     弦    :1107   則「垂距沿弦線性 ⇒ min 必落於兩端之一」
     弦    :1307   其量測點**未必落在宗內**（實測 34/118 宗落在宗外 ⇒ 弦長 0 而停機——**凍存**實料
     間隔   :135    （夾角 0.00000°、端點離線 0.00000m、端對端間隔 8.03m）。

【G／P7】`run_all` 清單筆數之**第十法**（🔒 文件側對帳法·⛔ 與九法不同族）
-------------------------------------------------------------------------------------------------------------------------------------------------------------------------------------------------------------
  母體 ＝ `docs/reports/**.md` 中**同時含** `run_all` 與（`夾具` 或 `清單`）之行；取其 10〜30 之數
  命中行數 ＝ **44**
     W-G.4_泛用阻塞項登記表.md                              | ↳ 🔧 **三支端到端複本已納入自動流程（`W-G.9-8`）**<br>⛔ 非新阻塞項 | `wg_g1_smoke.py`／`wg_g2_smoke.p  → [12, 22, 12]
     W-G.4_泛用阻塞項登記表.md                              | ↳ 🔧 **`G3` 三項之守備拆解與立閘（`W-G.9-10`）**<br>⛔ 非新阻塞項 | `W-D.3 碎片`／`W-F F.3`／`W-G G.2  → [10, 15, 12, 20, 12, 10, 15, 15]
     W-G.4_泛用阻塞項登記表.md                              | ↳ 🔧 **中間層 6 項補跑與立閘＋`_w4` 歸類（`W-G.9-13`）**<br>⛔ 非新阻塞項 | **中間層其餘 5 項全部補跑**（`W-G.  → [13, 12, 12, 13, 11, 13]
     W-G.4_泛用阻塞項登記表.md                              | ↳ 🛑 **`GB-62` 方向③之守備判定：<u>無人守</u>（`W-G.9-22` 丁組）**<br>⛔ 非新阻塞項·⛔ **未設計任何機制** |   → [22, 13, 19, 13, 14]
     W-G.4_泛用阻塞項登記表.md                              | ↳ 🔧 **expand 進度<u>更正</u>＋接線修復（`W-G.9-4b`）**<br>⛔ 非新阻塞項 | 🔴 **上一列（`W-G.9-4`）之「本  → [25, 26, 20]
     W-G.4_泛用阻塞項登記表.md                              | **GB-45** 🆕 | **「以列舉代窮舉」之族——受影響清單以「我找到的幾處」出艙，而讀者（含後手 CC）當它是「全部幾處」**。首例 ＝ `GB-4  → [30]
     W-G.4_泛用阻塞項登記表.md                              | **`GB-86`** 🆕 | 🔴 **對帳所用之 traceback 於<u>來源 log 產生時</u>即被<u>尾切片</u>，`File "…"`   → [13]
     W-G.4_裁定M_PF收官與F10.md                          | `M_0725_F2F10_final.log` | 全部異動後之終驗（含 run_all 夾具整合） |  → [10]
     W-G.5_K6-A2-段五_偵察.md                           夾具族 12／11 PASS／1 FAIL）。**本批未重跑 `run_all`**，理由即此。  → [12, 11]
     W-G.5_K8-段三_commitA_深度兩路同源.md                  | 註解更正 | `fixture_block_depth_n19p` T10 敘述／`run_all` 脫鉤清單註／`stepg_pipeline` docs  → [19, 10]
     W-G.9-13_中間層6項補跑與立閘.md                         - 末端夾具支數 **12 → 13**（`grep -oE '\("fixture_[a-z0-9_]+\.py"' verify/run_all.py |   → [12, 13]
     W-G.9-15_第1級正典出處盤點與裁定入倉.md                     （上式空輸出為證）。而 `run_all` 之末端夾具清單**未改**（`13` 支不變）。  → [13]
     W-G.9-4b_接線修復報告.md                             | **F4** | `run_all` 判定層與 `WG94_runall.log` 相同、唯一容許差 ＝ 新夾具之列 | ✅ **成立** | 判定行 `d  → [23, 22, 12, 22]
     W-G.9-68_CC交接文.md                              `run_all` 之紅已**逐項歸因**（`W-G.9-67` §E-2）、**重烤前置清單已備**（`W-G.9-68` §E·**11 項**）。  → [11]
     W-G.9-69_重烤與乙式耦合斷言.md                          判別力**二式並試皆會咬**；`run_all` 末端夾具 **13 → 14** 支（⛔ 未取代任何既有閘）。  → [13, 14]
     W-G.9-69_重烤與乙式耦合斷言.md                          | `run_all [1/3]` **末端夾具**數（AST 現查·⛔ 非目測） | **13** | **14** ✅ +1 |  → [13, 14]
     W-G.9-6_期望FAIL名單守備盤點.md                        | **🔴 上界 2** | **`run_all` 之 subprocess 段不在覆蓋射程內**（10 支末端夾具等）。射程僅及**同進程執行之 `run_  → [10]
     W-G.9-6_期望FAIL名單守備盤點.md                        ＋ **10 支末端夾具**（subprocess）＋ `verify/run_all.py` 之 golden 段。  → [10]
     W-G.9-70_比對覆蓋率和解與q檔案級.md                       | — | 7 | `run_all` | ⚠️ **本批<u>有跑</u>**（⛔ 偏離施工單之「不跑」·理由見 §I 自誤 3）：`rc=1`（准紅碼）；末  → [13, 12, 22]
     W-G.9-73_登記表完整性稽核器.md                          ⇒ **真懸空 ＝ 0**、`rc=0`；`run_all` 夾具清單 **14 → 15**（⛔ 未取代任何既有閘）。  → [14, 15]
     W-G.9-73_登記表完整性稽核器.md                          | `run_all` 之夾具清單筆數 | **筆**／`run_all.py` 之該 `for` 元組 | **14**（接入前） |  → [14]
     W-G.9-73_登記表完整性稽核器.md                          | `run_all` 夾具清單筆數（AST 現查·單位 ＝ 筆） | **14** | **15** ✅ +1 |  → [14, 15]
     W-G.9-73_登記表完整性稽核器.md                          | `P5` | `run_all` 夾具筆數 **+1**；`run_all` 之 PASS／FAIL 名目集合對 `W-G.9-72` 之 `diff` *  → [14, 15]
     W-G.9-74_容差vs欄位粒度全倉對照.md                       | `run_all` 之夾具筆數 | 筆／`run_all.py` 之該 `for` 元組（AST） | **15**（本批**不變**） |  → [15]
     W-G.9-74_容差vs欄位粒度全倉對照.md                       | `P6` | `app.py` blob 仍 `a9e5671…`；`docs/rulings/` **0**；`verify/baselines/` **  → [15, 15]
     W-G.9-74_容差vs欄位粒度全倉對照.md                       | — | 7 | 🔒 **`run_all` ⛔ 不跑** | ✅ **前提已現查證實·⛔ 逸出條款未觸發**：本批之二個 `verify/**.py` 於   → [15]
     W-G.9-75_CC交接文.md                              ——乙式耦合斷言、登記表完整性稽核器**皆已入 `run_all`**（夾具 **14 → 15**）；  → [14, 15]
     W-G.9-75_CC交接文.md                              | `run_all` 夾具清單筆數 | **15**（AST 現查） |  → [15]
     W-G.9-75_遷移項乙之逐族判與盲域佔用.md                      | `P6` | blob 仍 `a9e5671…`；`docs/rulings/` **0**；`verify/baselines/` **0 檔**；`ve  → [15, 15]
     W-G.9-75_遷移項乙之逐族判與盲域佔用.md                      | — | 7 | 🔒 **`run_all` ⛔ 不跑** | ✅ 前提成立：本批所改二檔**皆不在 `run_all` 呼叫圖內**（`W-G.9-74`   → [15]
     W-G.9-76_GB67破量之逐對拆解.md                        | 🔴 `P6` | `run_all` 夾具筆數 **15 不變** | 15 | 🔴 **實得 14**（三個獨立量測器一致）；`verify/run_al  → [15, 15, 14, 11]
     W-G.9-76_GB67破量之逐對拆解.md                        | 1 | `P6` 之「`run_all` 夾具筆數 **15**」與倉態不符（實得 **14**·三量測器一致） | §H 末列 |  → [15, 14]
     W-G.9-77_宗0之cut_coords構造定位.md                  3. 🔴 **`P6` 之「`run_all` 清單 15」經現查**成立**，我上一批（`W-G.9-76`）之「實得 14」偏差係<u>誤</u>**——  → [15, 14]
     W-G.9-77_宗0之cut_coords構造定位.md                  | `P6` | 🔒 `run_all` 清單筆數 ＝ **15**（結構鍵·⛔ 不以 `fixture_` 前綴為鍵） | 15 | **15**（兩支獨立量  → [15, 15, 15]
     W-G.9-77_宗0之cut_coords構造定位.md                  🔒 **`run_all` 清單筆數 ＝ 15 之兩支量測器（⛔ 不共享前綴假設）**：  → [15]
     W-G.9-77_宗0之cut_coords構造定位.md                  | 6 | 🔒 量清單以**結構**為鍵／多量測器須出艙各自假設並指出跨假設者／定判準前先搜其是否曾被否定 | ✅ §F 之 `run_all` 15 用 AS  → [15]
     W-G.9-77_宗0之cut_coords構造定位.md                  **錯**：`W-G.9-76` §H 報「`run_all` 夾具筆數實得 **14**、`P6` 之 15 與倉態不符」，並列三支「獨立」量測器。  → [14, 15]
     W-G.9-78_界面同一性與角度掃描.md                         | `P6` | 🔒 `run_all` 清單筆數 ＝ **15**（結構為鍵） | 15 | **15**（甲＝字面形狀 16 扣 `:80` 假陽性；乙＝A  → [15, 15, 15, 16, 15]
     W-G.9-78_界面同一性與角度掃描.md                         | 6 | 🔒 搜尋規格⛔ 未窮舉·應自行增補並具名／量清單以結構為鍵／餘數>0 須逐項具名／錯誤方向事前選定 | ✅ 第五組已具名為 CC 增補；`run_a  → [15]
     W-G.9-79_交點落點與雙向掃描.md                          | `P6` | 🔒 `run_all` 清單 ＝ **15**·**須以與前二法不同族之第三法覆量** | 15 | **15**（三法一致·見下） | ✅   → [15, 15, 15]
     W-G.9-80_tX精確式與閉式.md                           | `P7` | 🔒 `run_all` 清單 ＝ **15**（**第五法**覆量） | 15 | **15**（見下） | ✅ |  → [15, 15, 15]
     W-G.9-81b_CC交接文.md                             🔒 **`run_all` 清單筆數之七法**（節 100「同族量測器＝一支」之實踐·⛔ 皆得 **15**）：  → [15]
     W-G.9-82_弦區間閉式.md                              | `run_all` 清單筆數（**第八法**） | 15 | **裸值 16 − 具名假陽性 1 ＝ 15** | ✅ |  → [15, 16, 15]
     W-G.9-83_K99落地備料.md                            | `run_all` 清單筆數（**第九法**） | 15 | **裸值 14 → 受詞更正後 15** | ✅ |  → [15, 14, 15]
  POPULATION=44 PRINTED=44 SUPPRESSED=0  # 第十法之命中行（全列）
  值之分布 ＝ {10: 6, 11: 4, 12: 10, 13: 11, 14: 13, 15: 41, 16: 2, 19: 2, 20: 2, 22: 5, 23: 1, 25: 1, 26: 1, 30: 1}
  **最近一次宣告**（依檔名排序之末筆）＝ W-G.9-83_K99落地備料.md ⇒ 值 [15, 14, 15]
  ⇒ **第十法所得（最常見宣告值）＝ 15**（施工單 `P7` 期望 **15**）⇒ ✅ 相符
  ⚠️ 🔒 **本法之失效模式（⛔ 須併出艙）**：本法量的是**紀錄**、⛔ 非碼——紀錄若集體寫錯，本法會**一致地錯** ⇒ 🔒 **只能作為第 10 支、⛔ 不得單獨採信。**
  🔒 **本法獨有之可見物**：紀錄中另有 **14** 之宣告 13 次 ⇒ 其為 `W-G.9-73` 之「13 → 14 → 15」歷程（八九法皆看不見**紀錄側**之歷程）
