==========================================================================================================================================================================
【W-G.9-37】相鄰性之校正 ＋ 破量交集形狀之實測
==========================================================================================================================================================================
  產生於 commit：acddd6c
  環境：shapely 2.1.2 | GEOS (3, 13, 1)
  🔴 索引語意（A-1 實得）：biz[i] 之序 ＝ left_results + right_results（分組串接），⛔ 非沿正街之空間位置

【0】量測器自檢（⛔ 先自檢後量測·對照組須紅）
--------------------------------------------------------------------------------------------------------------------------------------------------------------------------
  ① 已知真：10×4 矩形沿 x 之投影 = [0.000000, 10.000000]  期望 [0, 10] ⇒ ✅
  ② 已知偽（平移 +7·區間須跟著變）：[7.000000, 17.000000]  期望 [7, 17] ⇒ ✅
  ③ 三算法對已知 40.0：shapely 40.000000／shoelace 40.000000／格點 40.000000（格 1.11e-04） ⇒ ✅
  ④ 外接框沿/垂直：10.000000 × 4.000000  期望 10 × 4 ⇒ ✅
  ⇒ 量測器自檢：PASS

【A-2】R2 `0m` 逐宗位置（⛔ 相對投影座標·同街廓內可比）
--------------------------------------------------------------------------------------------------------------------------------------------------------------------------
  街廓沿正街投影區間 = [2164669.8813, 2164769.8916]  全長 100.0104
  i          s_min       s_max         寬          面積    頂點  Multi          G值      面積−G
  0   2164669.88132164674.1357    4.2545    175.9463     6      否         未對上         —
  1   2164673.91962164674.6782    0.7586      3.8082     3      否         未對上         —
  2   2164671.49922164675.3254    3.8263     29.0853     4      否         未對上         —
  3   2164672.14682164681.8556    9.7087    293.2193     4      否         未對上         —
  4   2164678.68152164681.8616    3.1801      0.2712     4      否         未對上         —
  5   2164678.68752164683.7932    5.1056     86.6524     4      否         未對上         —
  6   2164680.62042164688.9178    8.2974    229.7217     4      否         未對上         —
  7   2164685.74862164697.6529   11.9043    390.9788     4      否         未對上         —
  8   2164765.43802164769.8916    4.4536     58.9548     5      否         未對上         —
  9   2164755.62712164768.5524   12.9253    432.1146     4      否         未對上         —
  10  2164754.14292164758.7482    4.6053     65.4526     4      否         未對上         —
  11  2164750.80732164757.2650    6.4577    147.1732     4      否         未對上         —
  12  2164747.48772164753.9317    6.4441    146.5776     4      否         未對上         —
  13  2164745.86712164750.6144    4.7473     71.5965     4      否         未對上         —
  14  2164735.98772164748.9949   13.0073    437.0138     4      否         未對上         —

【A-2-a】分組串接之分界索引（⛔ 由量得之位置推·非直讀）
--------------------------------------------------------------------------------------------------------------------------------------------------------------------------
  `s_min` 相對前一索引**下降**之處（＝序跳躍點）：[2, 9, 10, 11, 12, 13, 14]
  ⇒ 若恰 1 個跳躍點 k ⇒ 左組 ＝ i∈[0,k)、右組 ＝ i∈[k,n)；實得跳躍點數 ＝ 7

【A-2 對照】全部宗之投影區間聯集 vs 街廓全長（已知為真之對照）
--------------------------------------------------------------------------------------------------------------------------------------------------------------------------
  聯集長 61.6756 ／ 街廓全長 100.0104 ＝ 61.67%

【A-3】空間相鄰判定（⛔ 用量得之位置·⛔ 不用編號減法）
--------------------------------------------------------------------------------------------------------------------------------------------------------------------------
  定義：兩宗**空間相鄰** ⇔ 其沿正街之投影區間相接或重疊，且中間無第三宗之區間隔開。
  對               編號差       區間相接?                           中間隔了哪幾宗       空間相鄰?
  宗0×宗1            1           是                               （無）           是
  宗0×宗2            2           是                               （無）           是
  宗0×宗3            3           是                               （無）           是
  宗1×宗2            1           是                               （無）           是
  宗1×宗3            2           是                               （無）           是
  宗2×宗3            1           是                               （無）           是

【B-1】破量之交集多邊形本身（⛔ 不只印面積·三算法互證）
--------------------------------------------------------------------------------------------------------------------------------------------------------------------------
  對                shapely    shoelace          格點      最大互差    頂點  Multi      框寬(沿街)        框高     面積/框                    交集投影區間
  宗0×宗3         26.162405   26.162476   26.161874  0.000601     3      否      1.9889   26.3266   0.4997[2164672.1468, 2164674.1357]
  宗0×宗2         19.814184   19.814087   19.817618  0.003531     4      否      2.5100   34.9000   0.2262[2164671.4992, 2164674.0091]
  宗5×宗6          0.000000    0.000000    0.165428  0.165428     4      否      3.1727   44.8518   0.0000[2164680.6204, 2164683.7932]
  宗1×宗2          0.000000    0.000061    0.023290  0.023290     4      否      0.7103   10.0406   0.0000[2164673.9679, 2164674.6782]

【B-3】「多邊形面積 − G」逐宗並列（⛔ 只量不判成因）
--------------------------------------------------------------------------------------------------------------------------------------------------------------------------
  🔴 `run_step_g` 於本案 R2 **必 raise**（正是本批受詞之閘）：RuntimeError: 街廓 R2 抵費地計算失敗：🔴 ②-宗 圍堵閘破[R2]：宗-宗重疊 = 45.9766 > 上界 3.1129（(宗數15−1)×0.005×深度44.47）——**超出捨入量子可解釋範圍＝另有病**，停
  ⇒ `g_rows` 取不到 ⇒ **本節出艙碼 ＝ 未查**（**必然·⛔ 非本探針之缺陷**）。
  ⚠️ spy 於呼叫 `_orig` **之前**已存好 `CAP` ⇒ A-2／A-3／B-1 之幾何量測**不受影響**。
  ⛔ 無可對上之列 ⇒ 本節出艙碼 ＝ **未查**（G 值對應失敗）
