========================================================================================================================================================================================================
【D-2b-6 §一】逐街廓分跑保值性實證（靶街廓 ＝ R1）— ⛔ 逐欄 `==`·禁容差
========================================================================================================================================================================================================
  🔒 全精度比（`S_raw`／`W_far_raw`／`Rw_raw`／`W_rw_start_raw`）·⛔ 不得先 round
  🔒 spy 僅於 `run_step_g` 期間掛上（隔離 PK 之呼叫·否則母體混入、失鑑別力）

【0m】A 全跑 vs B 單跑（R1）
--------------------------------------------------------------------------------------------------------------------------------------------------------------------------------------------------------
  `_solve_G_one` 呼叫數：A ＝ **10**　B ＝ **10**　✅ 相同
  ① 逐呼叫逐欄比對：母體 **10** 次 × 29 欄　不符 **0**　✅ **逐欄 ==**
  ② `run_step_g` stdout 逐字：A 0 字／B 0 字　✅ **逐字 ==**
  ③ 終止例外逐字：✅ **==**
      A: RuntimeError: 街廓 R1 抵費地計算失敗：🔴 ①' 覆蓋閘破[R1]：|union(宗+池) − 街廓| = 12.0568 > 0.01（union 2881.4963 vs 街廓 2893.5531）

【3.5m】A 全跑 vs B 單跑（R1）
--------------------------------------------------------------------------------------------------------------------------------------------------------------------------------------------------------
  `_solve_G_one` 呼叫數：A ＝ **10**　B ＝ **10**　✅ 相同
  ① 逐呼叫逐欄比對：母體 **10** 次 × 29 欄　不符 **0**　✅ **逐欄 ==**
  ② `run_step_g` stdout 逐字：A 0 字／B 0 字　✅ **逐字 ==**
  ③ 終止例外逐字：✅ **==**
      A: RuntimeError: 街廓 R1 抵費地計算失敗：🔴 ①' 覆蓋閘破[R1]：|union(宗+池) − 街廓| = 12.0553 > 0.01（union 2881.4978 vs 街廓 2893.5531）

【II】🔑 非首街廓之兩兩獨立性（**本節才有鑑別力**·【I】之 R1 為首塊·平凡）
--------------------------------------------------------------------------------------------------------------------------------------------------------------------------------------------------------
  `build_parcels` 之街廓序（＝迴圈序）：['R1', 'R2', 'R4', 'R6', 'R5', 'R3']
  0m｜solo R2 ＝ 30 次（例外：RuntimeError: 街廓 R2 抵費地計算失敗：🔴 ②-宗 圍堵閘破[R2]：宗-宗重疊 = 76.2616 >）
  0m｜solo R4 ＝ 4 次（例外：RuntimeError: 街廓 R4 抵費地計算失敗：🔴 ①' 覆蓋閘破[R4]：|union(宗+池) − 街廓| ）
  0m｜同跑 R2+R4 ＝ 30 次（例外：RuntimeError: 街廓 R2 抵費地計算失敗：🔴 ②-宗 圍堵閘破[R2]：宗-宗重疊 = 76.2616 >）
  **prefix 比對**（solo R2 vs 同跑之前 30 次）：不符 **0**　✅ **逐欄 ==** ⇒ R2 不受 R4 在列影響
  ⚠️ **鑑別力界限**：同跑於 R2 即中止（30 次 < solo 之和 34）⇒ **到不了 R4**
     ⇒ 本測**只證「前塊不受後塊影響」**；「**後塊不受前塊影響**」於現狀（每塊皆中止）**無法直接測**。
     ⇒ 分跑之保值性目前建立於：①【I】R1 全跑 vs 單跑逐欄 == ；②本節 prefix == ；③`cb`／`snapshot`（唯一跨塊輸入）**兩模式皆全集不變**。

【III】全街廓 solo 掃描（0m／3.5m）— **首次取得 R2–R6**
--------------------------------------------------------------------------------------------------------------------------------------------------------------------------------------------------------
  [0m] R1   `_solve_G_one`  10 次｜🔴 RuntimeError: 街廓 R1 抵費地計算失敗：🔴 ①' 覆蓋閘破[R1]：|union(宗+池) − 街廓| = 12.0568 > 0.01（union 2881.4963 vs 街廓 2893.5531）
  [0m] R2   `_solve_G_one`  30 次｜🔴 RuntimeError: 街廓 R2 抵費地計算失敗：🔴 ②-宗 圍堵閘破[R2]：宗-宗重疊 = 76.2616 > 上界 3.1129（(宗數15−1)×0.005×深度44.47）——**超出捨入量子可解釋範圍＝另有病**，停
  [0m] R4   `_solve_G_one`   4 次｜🔴 RuntimeError: 街廓 R4 抵費地計算失敗：🔴 ①' 覆蓋閘破[R4]：|union(宗+池) − 街廓| = 58.4792 > 0.01（union 3149.3873 vs 街廓 3207.8665）
  [0m] R6   `_solve_G_one`  28 次｜🔴 RuntimeError: 🔴 K-9-5-5 範圍守衛破：街廓 R6 right 側 方向判準所得授權界面 [] ≠ 街角第 1 宗 ['628-18(1)']——`K-9-5-5` 限街角第 1 宗，⛔ 不得推廣至其他宗／界面（停機上呈）
  [0m] R5   `_solve_G_one`  24 次｜🔴 RuntimeError: 街廓 R5 抵費地計算失敗：🔴 ②-宗 圍堵閘破[R5]：宗-宗重疊 = 72.1964 > 上界 2.5141（(宗數12−1)×0.005×深度45.71）——**超出捨入量子可解釋範圍＝另有病**，停
  [0m] R3   `_solve_G_one`  28 次｜🔴 RuntimeError: 街廓 R3 抵費地計算失敗：🔴 ①' 覆蓋閘破[R3]：|union(宗+池) − 街廓| = 76.0262 > 0.01（union 4130.7734 vs 街廓 4206.7996）
  [3.5m] R1   `_solve_G_one`  10 次｜🔴 RuntimeError: 街廓 R1 抵費地計算失敗：🔴 ①' 覆蓋閘破[R1]：|union(宗+池) − 街廓| = 12.0553 > 0.01（union 2881.4978 vs 街廓 2893.5531）
  [3.5m] R2   `_solve_G_one`  30 次｜🔴 RuntimeError: 🔴 結構閘 telescoping 破：街廓 R2 left 側 ΣRw_實跑=100.02 ≠ R(W_final=34.39)−R(W₀=6.98)=44.41（Δ=55.606 >0.1）｜逐界面：[Δ_i·R2·left] 628-42(1)→628-41(1
  [3.5m] R4   `_solve_G_one`   4 次｜🔴 RuntimeError: 街廓 R4 抵費地計算失敗：🔴 ①' 覆蓋閘破[R4]：|union(宗+池) − 街廓| = 58.4792 > 0.01（union 3149.3873 vs 街廓 3207.8665）
  [3.5m] R6   `_solve_G_one`  28 次｜🔴 RuntimeError: 🔴 K-9-5-5 範圍守衛破：街廓 R6 right 側 方向判準所得授權界面 [] ≠ 街角第 1 宗 ['628-18(1)']——`K-9-5-5` 限街角第 1 宗，⛔ 不得推廣至其他宗／界面（停機上呈）
  [3.5m] R5   `_solve_G_one`  24 次｜🔴 RuntimeError: 🔴 結構閘 telescoping 破：街廓 R5 left 側 ΣRw_實跑=99.99 ≠ R(W_final=36.10)−R(W₀=6.98)=44.41（Δ=55.576 >0.1）｜逐界面：[Δ_i·R5·left] 628-53(2)→628-18(2)
  [3.5m] R3   `_solve_G_one`  28 次｜🔴 RuntimeError: 🔴 結構閘 telescoping 破：街廓 R3 right 側 ΣRw_實跑=100.06 ≠ R(W_final=35.08)−R(W₀=6.97)=44.47（Δ=55.589 >0.1）｜逐界面：[Δ_i·R3·right] 628-42(2)→628-27

【判定】
--------------------------------------------------------------------------------------------------------------------------------------------------------------------------------------------------------
  ⚠️ **【I】② 之鑑別力聲明**：A／B 之 `run_step_g` stdout **皆為 0 字**（覆蓋閘於 `_pool_strips_for_block` 內先 raise、早於 `[T2-DIAG]` 之列印）
     ⇒ 該項之「逐字 ==」係**空真**、**無鑑別力**，⛔ 不得列為佐證。有鑑別力者為 ①（29 欄 × 10 次）與 ③。
  ✅ **分跑保值性成立**——A 全跑與 B 單跑於靶街廓之**入參／全精度輸出／stdout／例外** 皆逐欄逐字相同。
  ⇒ 施工單 §〇-3 之結構論證**經實證確認**；D-2b-2「分跑不保值」之判斷**確為錯誤**。

========================================================================================================================================================================================================
