======================================================================================================================================================
【W-G.9-58】乙式三格之 `D_max`（P5）＋ 旋轉路徑穩健性（P6）
======================================================================================================================================================
  產生於 commit：affbf35
  🔒 **⛔ 零生產碼變更**——乙式幾何以注入 `min_width` 取得；容納測試一律用 `fits_at`。

======================================================================================================================================================
【S】自我驗證閘：乙ii 垂寬 ＝ `max(_seg_P0Ps·sinθ, T)`（自輸出頂點量得）＋ 判別力反例
======================================================================================================================================================
  街廓   側             乙ii垂寬(量)          期望           Δ       錯值×1.05 之垂寬    分家?  判
  R1   left       3.658951915    3.658952   -1.33e-10          3.841900      ✅  ✅
  R1   right      3.500000000    3.500000    2.02e-10          3.675000      ✅  ✅
  R2   left       3.544177647    3.544178    1.76e-10          3.721387      ✅  ✅
  R3   right      3.565407553    3.565408    5.21e-11          3.743678      ✅  ✅
  R4   left       3.695466686    3.695467    2.77e-11          3.880240      ✅  ✅
  R4   right      3.543846043    3.543846   -9.56e-11          3.721038      ✅  ✅
  R5   left       3.500000000    3.500000    2.82e-10          3.675000      ✅  ✅
  R6   right      3.500000000    3.500000    8.09e-11          3.675000      ✅  ✅
------------------------------------------------------------------------------------------------------------------------------------------------------
  ⇒ 閉合檢 ✅ 全過；判別力 ✅ 全過

======================================================================================================================================================
【P5】固定寬 `W`、於**帶姿態 `θ*`** 之最大可容納深度 `D_max`
======================================================================================================================================================
  🔒 `θ*` ＝ **側界方向 ＋ 90°**（mod π）——即使 `W` 邊橫跨帶寬之姿態；
     ⛔ **由本檔自 CAD 幾何現算**、⛔ 未取用施工單所給之 θ* 值。
  🔒 `D_max` 之二分回**下界** ⇒ 「`D_max` 遠小於 `D`」之宣稱**偏保守**。

  街廓   側         _seg_P0Ps      sinθ     乙ii垂寬    θ*(rad)     D_max(m)   D − D_max D_max ≥ D?
  R1   left       3.668198  0.997479  3.658952   2.399686    25.986091  -11.986091          ✅
  R1   right      3.382567  0.995696  3.500000   2.421482    24.932952  -10.932952          ✅
  R2   left       3.544219  0.999988  3.544178   0.833714    34.260514  -20.260514          ✅
  R3   right      3.565921  0.999856  3.565408   0.833714    36.596060  -22.596060          ✅
  R4   left       3.711446  0.995695  3.695467   2.421482    26.007323  -12.007323          ✅
  R4   right      3.543883  0.999989  3.543846   2.324063    26.214424  -12.214424          ✅
  R5   left       3.463292  0.999856  3.500000   0.833714     0.044673   13.955327        🔴 否
  R6   right      3.401504  0.996766  3.500000   0.833714     0.000000   14.000000        🔴 否
------------------------------------------------------------------------------------------------------------------------------------------------------
  🔒 **判別力**：本表若三格同號則無鑑別力；下方逐項具名其分佈。
     `D_max ≥ 20` 者 ＝ 6 格：R1/left／R1/right／R2/left／R3/right／R4/left／R4/right
     `D_max < 1` 者 ＝ 2 格：R5/left／R6/right

======================================================================================================================================================
【P6】三條**數學上等價**之旋轉路徑下，判定是否一致
======================================================================================================================================================
  🔒 甲 ＝ `rotate(use_radians=True)`／乙 ＝ `rotate(degrees(θ), use_radians=False)`（度↔弧度來回一次）／丙 ＝ 先平移至形心再旋轉
  🔒 判定 ＝ 於 `θ*` 之 `W×D` 容納（⛔ 非全角掃描·本節之受詞係<u>路徑相依性</u>）

  街廓   側           乙ii垂寬        座標量級     甲     乙     丙    一致?    D_max(m)
  R1   left     3.658952     2652008     進     進     進      ✅   25.986091
  R1   right    3.500000     2651950     進     進     進      ✅   24.932952
  R2   left     3.544178     2651915     進     進     進      ✅   34.260514
  R3   right    3.565408     2651885     進     進     進      ✅   36.596060
  R4   left     3.695467     2651938     進     進     進      ✅   26.007323
  R4   right    3.543846     2651872     進     進     進      ✅   26.214424
  R5   left     3.500000     2651849    不進    不進    不進      ✅    0.044673
  R6   right    3.500000     2651820    不進    不進    不進      ✅    0.000000
------------------------------------------------------------------------------------------------------------------------------------------------------
  ⇒ **三路徑一致 ＝ 8／8**
  🔒 **判別力之限定（⛔ 必讀）**：本節所證者為「**於本案本機之此三條路徑**下不分歧」，
     ⛔ **不證**其對其他算術路徑／其他座標量級亦穩健——
     本案座標量級 ~2.6e6、`double` 相對精度 ~2.2e-16 ⇒ 絕對誤差 ~6e-10 m，
     與「垂寬恰 ＝ `W`」之餘裕同量級 ⇒ **⛔ 不可外推**。
======================================================================================================================================================
