================================================================================================================
【E 系列實測快照】E-1′ min t／E-2′ max t／E-8a 凸性Δ／E-7 街角待判（兩情境·逐宗）
================================================================================================================

【0m】59 宗（街角 8／非街角 51）→ verify\out\E系列實測快照_退縮0m.csv
----------------------------------------------------------------------------------------------------------------
  街廓             暫編地號  角        min_t     max_t       凸性Δ        寬度      臨街邊長       E-6差  判定
  R1        628-37(1)  是    1.272e-05   33.1628  0.000000         —    2.8261          —  街角·K-4 面積門檻蘊含（N-14 不適用）
  R1        628-35(2)  否    2.136e-05   33.1602  0.000000   18.1027   18.1027  4.478e-06  臨街(法定粒度內)
  R1           628(5)  是    2.475e-04   33.1300  0.000000         —    3.4643          —  街角·K-4 面積門檻蘊含（N-14 不適用）
  R1        628-34(3)  否    2.395e-04   33.1310 -0.000000    2.5959    2.5959  6.422e-07  臨街(法定粒度內)
  R1        628-36(1)  否    1.845e-04   33.1384  0.000000   17.9953   17.9953  4.452e-06  臨街(法定粒度內)
  R2        628-41(1)  是    3.601e-06   44.9543  0.000000         —    2.1462          —  街角·K-4 面積門檻蘊含（N-14 不適用）
  R2        628-42(1)  否    3.597e-06   44.9320 -0.000000    0.1054    0.1054  3.746e-10  臨街(法定粒度內)
  R2        628-27(1)  否    3.572e-06   44.9310 -0.000000    0.6488    0.6488  1.876e-09  臨街(法定粒度內)
  R2        628-40(1)  否    3.322e-06   44.9246  0.000000    6.5461    6.5461  1.769e-08  臨街(法定粒度內)
  R2        628-43(1)  否    3.322e-06   44.8609  0.000000    0.0060    0.0060  7.155e-12  臨街(法定粒度內)
  R2        628-30(2)  否    3.248e-06   44.8609  0.000000    1.9369    1.9369  5.303e-09  臨街(法定粒度內)
  R2        628-39(1)  否    3.051e-06   44.8420  0.000000    5.1450    5.1450  1.389e-08  臨街(法定粒度內)
  R2        628-31(2)  否    2.718e-06   44.7920  0.000000    8.7529    8.7529  2.363e-08  臨街(法定粒度內)
  R2        628-35(1)  否    0.000e+00   44.0269  0.000000    1.3389    1.3389  3.616e-09  臨街(法定粒度內)
  R2        628-34(1)  否    5.112e-08   44.1223  0.000000    9.8039    9.8039  2.654e-08  臨街(法定粒度內)
  R2        628-49(1)  否    4.254e-07   44.1367  0.000000    1.4831    1.4831  3.989e-09  臨街(法定粒度內)
  R2        628-50(1)  否    4.819e-07   44.1692  0.000000    3.3335    3.3335  9.082e-09  臨街(法定粒度內)
  R2        628-51(1)  否    6.092e-07   44.2014 -0.000000    3.3174    3.3174  9.015e-09  臨街(法定粒度內)
  R2        628-52(1)  否    7.359e-07   44.2172  0.000000    1.6193    1.6193  4.375e-09  臨街(法定粒度內)
  R2        628-32(2)  否    7.977e-07   44.3133  0.000000    9.8729    9.8729  2.670e-08  臨街(法定粒度內)
  R4           628(1)  是   -7.169e-03   33.1243  0.000000         —   43.2113          —  街角·K-4 面積門檻蘊含（N-14 不適用）
  R4         628-1(1)  是   -1.483e-02   33.0893  0.000000         —    0.0000          —  街角·K-4 面積門檻蘊含（N-14 不適用）
  R6           628(2)  否    0.000e+00   47.5250  0.000000    0.1552    0.1552  8.384e-10  臨街(法定粒度內)
  R6         628-1(2)  否    1.040e-08   47.5173  0.000000    3.0737    3.0737  1.670e-08  臨街(法定粒度內)
  R6        628-23(1)  否    2.170e-07   47.3639  0.000000    1.5010    1.5010  8.133e-09  臨街(法定粒度內)
  R6         628-4(1)  否    3.179e-07   47.2890  0.000000   14.7492   14.7492  7.992e-08  臨街(法定粒度內)
  R6        628-22(1)  否    1.309e-06   46.5531  0.000000    3.2754    3.2754  1.778e-08  臨街(法定粒度內)
  R6        628-21(1)  否    1.529e-06   46.3896  0.000000    4.5484    4.5484  2.471e-08  臨街(法定粒度內)
  R6        628-18(1)  是    5.284e-06   43.6015  0.000000         —    3.8197          —  街角·K-4 面積門檻蘊含（N-14 不適用）
  R6        628-53(1)  否    5.284e-06   43.6018  0.000000    0.0059    0.0059  2.109e-11  臨街(法定粒度內)
  R6        628-38(1)  否    5.103e-06   43.7363  0.000000    2.6964    2.6964  1.466e-08  臨街(法定粒度內)
  R6         628-7(1)  否    4.639e-06   44.0806  0.000000    6.8992    6.8992  3.737e-08  臨街(法定粒度內)
  R6        628-20(1)  否    4.123e-06   44.4637  0.000000    7.6778    7.6778  4.160e-08  臨街(法定粒度內)
  R5        628-18(2)  是   -3.409e-07   43.6728  0.000000         —    2.9788          —  街角·K-4 面積門檻蘊含（N-14 不適用）
  R5        628-53(2)  否   -3.295e-07   43.6744  0.000000    0.0352    0.0352  5.008e-12  臨街(法定粒度內)
  R5        628-45(1)  否   -3.294e-07   43.7299  0.000000    1.1749    1.1749  3.685e-10  臨街(法定粒度內)
  R5         628-7(2)  否   -3.250e-07   43.9923  0.000000    5.5608    5.5608  1.983e-09  臨街(法定粒度內)
  R5        628-20(2)  否   -3.038e-07   44.3041  0.000000    6.6075    6.6075  2.350e-09  臨街(法定粒度內)
  R5        628-30(1)  否   -2.784e-07   44.3209  0.000000    0.3552    0.3552  3.199e-11  臨街(法定粒度內)
  R5        628-21(2)  否   -2.771e-07   44.8191  0.000000   10.5587   10.5587  3.732e-09  臨街(法定粒度內)
  R5           628(3)  否   -1.198e-08   47.7480  0.000000    3.1195    3.1195  9.310e-07  臨街(法定粒度內)
  R5        628-23(2)  否   -4.593e-08   47.6008  0.000000    8.9377    8.9377  3.122e-09  臨街(法定粒度內)
  R5        628-22(2)  否   -8.844e-08   47.1791  0.000000   11.0910   11.0910  3.939e-09  臨街(法定粒度內)
  R5        628-32(1)  否   -8.873e-08   46.6557  0.000000    0.0677    0.0677  3.904e-11  臨街(法定粒度內)
  R5        628-31(1)  否   -8.946e-08   46.6525  0.000000    0.2297    0.2297  8.481e-11  臨街(法定粒度內)
  R3           628(4)  否    0.000e+00   43.7386  0.000000    1.0265    1.0265  1.140e-09  臨街(法定粒度內)
  R3        628-34(2)  否    1.231e-08   43.8075  0.000000    5.7169    5.7169  6.310e-09  臨街(法定粒度內)
  R3        628-47(1)  否    8.150e-08   43.8469  0.000000    3.2715    3.2715  3.559e-09  臨街(法定粒度內)
  R3        628-46(1)  否    1.207e-07   43.8669  0.000000    1.6593    1.6593  1.875e-09  臨街(法定粒度內)
  R3        628-48(1)  否    1.409e-07   43.9062  0.000000    3.2674    3.2674  3.485e-09  臨街(法定粒度內)
  R3        628-49(2)  否    1.802e-07   43.9279  0.000000    1.8001    1.8001  2.015e-09  臨街(法定粒度內)
  R3        628-32(3)  否    2.019e-07   44.0433  0.000000    9.5806    9.5806  1.068e-08  臨街(法定粒度內)
  R3        628-45(2)  是    7.655e-01   44.8922  0.000000         —    0.0000          —  街角·K-4 面積門檻蘊含（N-14 不適用）
  R3        628-42(2)  否    1.071e-06   44.8185 -0.000000    1.0624    1.0624  1.179e-09  臨街(法定粒度內)
  R3        628-27(2)  否    1.064e-06   44.7955  0.000000    0.5792    0.5792  6.338e-10  臨街(法定粒度內)
  R3        628-28(1)  否    1.047e-06   44.7886  0.000000    1.4186    1.4186  1.587e-09  臨街(法定粒度內)
  R3        628-29(1)  否    1.029e-06   44.7715  0.000000    1.4234    1.4234  1.592e-09  臨街(法定粒度內)
  R3        628-30(3)  否    9.094e-07   44.7543  0.000000    9.9572    9.9572  1.113e-08  臨街(法定粒度內)
  R3        628-31(3)  否    8.064e-07   44.6344  0.000000    8.5417    8.5417  9.457e-09  臨街(法定粒度內)

【3.5m】59 宗（街角 5／非街角 54）→ verify\out\E系列實測快照_退縮3.5m.csv
----------------------------------------------------------------------------------------------------------------
  街廓             暫編地號  角        min_t     max_t       凸性Δ        寬度      臨街邊長       E-6差  判定
  R1        628-36(1)  是    1.272e-05   33.1628  0.000000         —   13.9164          —  街角·K-4 面積門檻蘊含（N-14 不適用）
  R1           628(5)  是    2.475e-04   33.1300  0.000000         —    3.4644          —  街角·K-4 面積門檻蘊含（N-14 不適用）
  R1        628-34(3)  否    2.395e-04   33.1310 -0.000000    2.5959    2.5959  6.422e-07  臨街(法定粒度內)
  R1        628-37(1)  否    2.196e-04   33.1337  0.000000    6.5298    6.5298  1.615e-06  臨街(法定粒度內)
  R1        628-35(2)  否    1.631e-04   33.1412 -0.000000   18.4880   18.4880  4.574e-06  臨街(法定粒度內)
  R2        628-42(1)  否    3.482e-06   44.9027  0.000000    0.1063    0.1063  2.808e-10  臨街(法定粒度內)
  R2        628-41(1)  否    3.326e-06   44.9017 -0.000000    4.0824    4.0824  1.101e-08  臨街(法定粒度內)
  R2        628-27(1)  否    3.301e-06   44.8620  0.000000    0.6602    0.6602  1.852e-09  臨街(法定粒度內)
  R2        628-40(1)  否    3.046e-06   44.8555  0.000000    6.6760    6.6760  1.802e-08  臨街(法定粒度內)
  R2        628-43(1)  否    3.046e-06   44.7906 -0.000000    0.0061    0.0061  5.175e-12  臨街(法定粒度內)
  R2        628-30(2)  否    2.969e-06   44.7905  0.000000    2.0091    2.0091  5.464e-09  臨街(法定粒度內)
  R2        628-39(1)  否    2.767e-06   44.7710  0.000000    5.2863    5.2863  1.435e-08  臨街(法定粒度內)
  R2        628-31(2)  否    2.433e-06   44.7195 -0.000000    8.7667    8.7667  2.367e-08  臨街(法定粒度內)
  R2        628-35(1)  否    0.000e+00   44.0269  0.000000    1.3392    1.3392  3.619e-09  臨街(法定粒度內)
  R2        628-34(1)  否    5.116e-08   44.1223  0.000000    9.8042    9.8042  2.655e-08  臨街(法定粒度內)
  R2        628-49(1)  否    4.254e-07   44.1367  0.000000    1.4831    1.4831  3.989e-09  臨街(法定粒度內)
  R2        628-50(1)  否    4.818e-07   44.1692 -0.000000    3.3333    3.3333  9.010e-09  臨街(法定粒度內)
  R2        628-51(1)  否    6.092e-07   44.2014  0.000000    3.3175    3.3175  9.004e-09  臨街(法定粒度內)
  R2        628-52(1)  否    7.359e-07   44.2172  0.000000    1.6194    1.6194  4.364e-09  臨街(法定粒度內)
  R2        628-32(2)  否    7.977e-07   44.3133  0.000000    9.8727    9.8727  2.666e-08  臨街(法定粒度內)
  R4           628(1)  是   -7.169e-03   33.1243  0.000000         —   43.2113          —  街角·K-4 面積門檻蘊含（N-14 不適用）
  R4         628-1(1)  是   -1.483e-02   33.0893  0.000000         —    0.0000          —  街角·K-4 面積門檻蘊含（N-14 不適用）
  R6           628(2)  否    0.000e+00   47.5250  0.000000    0.1552    0.1552  8.384e-10  臨街(法定粒度內)
  R6         628-1(2)  否    1.040e-08   47.5173  0.000000    3.0737    3.0737  1.670e-08  臨街(法定粒度內)
  R6        628-23(1)  否    2.170e-07   47.3639  0.000000    1.5010    1.5010  8.133e-09  臨街(法定粒度內)
  R6         628-4(1)  否    3.179e-07   47.2890  0.000000   14.7492   14.7492  7.992e-08  臨街(法定粒度內)
  R6        628-22(1)  否    1.309e-06   46.5531  0.000000    3.2754    3.2754  1.778e-08  臨街(法定粒度內)
  R6        628-21(1)  否    1.529e-06   46.3896  0.000000    4.5484    4.5484  2.471e-08  臨街(法定粒度內)
  R6        628-18(1)  是    5.284e-06   43.6015  0.000000         —    3.8197          —  街角·K-4 面積門檻蘊含（N-14 不適用）
  R6        628-53(1)  否    5.284e-06   43.6018  0.000000    0.0059    0.0059  2.109e-11  臨街(法定粒度內)
  R6        628-38(1)  否    5.103e-06   43.7363  0.000000    2.6964    2.6964  1.466e-08  臨街(法定粒度內)
  R6         628-7(1)  否    4.639e-06   44.0806  0.000000    6.8992    6.8992  3.737e-08  臨街(法定粒度內)
  R6        628-20(1)  否    4.123e-06   44.4637  0.000000    7.6778    7.6778  4.160e-08  臨街(法定粒度內)
  R5        628-53(2)  否   -3.211e-07   43.7790  0.000000    0.0353    0.0353  3.186e-11  臨街(法定粒度內)
  R5        628-18(2)  否   -3.208e-07   44.0082  0.000000    4.8568    4.8568  1.637e-09  臨街(法定粒度內)
  R5        628-45(1)  否   -3.025e-07   44.0642  0.000000    1.1863    1.1863  4.403e-10  臨街(法定粒度內)
  R5         628-7(2)  否   -2.977e-07   44.3296  0.000000    5.6246    5.6246  1.991e-09  臨街(法定粒度內)
  R5        628-20(2)  否   -2.764e-07   44.6480  0.000000    6.7474    6.7474  2.385e-09  臨街(法定粒度內)
  R5        628-30(1)  否   -2.505e-07   44.6647  0.000000    0.3526    0.3526  7.321e-12  臨街(法定粒度內)
  R5        628-21(2)  否   -2.495e-07   45.1593  0.000000   10.4813   10.4813  3.723e-09  臨街(法定粒度內)
  R5           628(3)  否   -1.204e-08   47.7480  0.000000    3.1193    3.1193  9.309e-07  臨街(法定粒度內)
  R5        628-23(2)  否   -4.603e-08   47.6008  0.000000    8.9374    8.9374  3.116e-09  臨街(法定粒度內)
  R5        628-22(2)  否   -8.831e-08   47.1791  0.000000   11.0912   11.0912  3.878e-09  臨街(法定粒度內)
  R5        628-32(1)  否   -8.860e-08   46.6557  0.000000    0.0675    0.0675  3.908e-11  臨街(法定粒度內)
  R5        628-31(1)  否   -8.944e-08   46.6525  0.000000    0.2298    0.2298  6.076e-11  臨街(法定粒度內)
  R3           628(4)  否    0.000e+00   43.7386  0.000000    1.0265    1.0265  1.032e-09  臨街(法定粒度內)
  R3        628-34(2)  否    1.224e-08   43.8075  0.000000    5.7168    5.7168  6.390e-09  臨街(法定粒度內)
  R3        628-47(1)  否    8.146e-08   43.8469  0.000000    3.2716    3.2716  3.467e-09  臨街(法定粒度內)
  R3        628-46(1)  否    1.208e-07   43.8669  0.000000    1.6593    1.6593  1.750e-09  臨街(法定粒度內)
  R3        628-48(1)  否    1.407e-07   43.9062  0.000000    3.2672    3.2672  3.664e-09  臨街(法定粒度內)
  R3        628-49(2)  否    1.802e-07   43.9279  0.000000    1.8000    1.8000  2.013e-09  臨街(法定粒度內)
  R3        628-32(3)  否    2.019e-07   44.0433  0.000000    9.5806    9.5806  1.070e-08  臨街(法定粒度內)
  R3        628-42(2)  否    1.040e-06   44.7874  0.000000    1.9108    1.9108  2.139e-09  臨街(法定粒度內)
  R3        628-27(2)  否    1.033e-06   44.7644  0.000000    0.5835    0.5835  6.022e-10  臨街(法定粒度內)
  R3        628-28(1)  否    1.015e-06   44.7573  0.000000    1.4279    1.4279  1.591e-09  臨街(法定粒度內)
  R3        628-45(2)  否    9.603e-07   44.7401  0.000000    4.5743    4.5743  5.067e-09  臨街(法定粒度內)
  R3        628-29(1)  否    9.426e-07   44.6850  0.000000    1.4500    1.4500  1.638e-09  臨街(法定粒度內)
  R3        628-30(3)  否    8.193e-07   44.6676  0.000000   10.2164   10.2164  1.143e-08  臨街(法定粒度內)
  R3        628-31(3)  否    7.161e-07   44.5445  0.000000    8.5583    8.5583  9.581e-09  臨街(法定粒度內)

【T】獨立真值斷言（出處各自列明·快照綠而此處紅仍算紅）
----------------------------------------------------------------------------------------------------------------
  T1[0m] R3·628-45(2)（街角=是）min t = 0.765500（錨 0.7655±5e-4·截角所致）  ✅
  T1′[3.5m] 同宗轉**非街角**（街角=否）·min t = 9.603e-07 ≤ 0.01  ✅
  T2[0m] 非街角宗 max|min t| = 2.395e-04 ≤ 0.01（51 宗）  ✅
  T2[3.5m] 非街角宗 max|min t| = 2.395e-04 ≤ 0.01（54 宗）  ✅
  T3[0m] R4·628-1(1) min t = -0.014830（錨 −1.4826e-2±5e-4·**負側超容差** ⇒ 雙向守衛之鑑別對象）  ✅
  T3[3.5m] R4·628-1(1) min t = -0.014830（錨 −1.4826e-2±5e-4·**負側超容差** ⇒ 雙向守衛之鑑別對象）  ✅
  T4[0m] 街角地 ⟺ 第1筆街角：8 vs 8 宗（期 8 ＝ SIDE_LINE 8 側）  ✅
  T4[3.5m] 街角地 ⟺ 第1筆街角：5 vs 5 宗（期 5 ＝ SIDE_LINE 8 側 − 強制抵費地 3 側）  ✅
  T6[0m] E-6 跨層自檢 max|寬度−臨街邊長| = 4.478e-06（R1·628-35(2)）≤ DXF 量化步長 q=1e-05（51 宗）  ✅
  T6[3.5m] E-6 跨層自檢 max|寬度−臨街邊長| = 4.574e-06（R1·628-35(2)）≤ DXF 量化步長 q=1e-05（54 宗）  ✅
  T7①[0m] 街角 winner 8 筆全數以 K-4 面積門檻判定（K-4 態 8 筆）且 G ≥ 門檻  ✅
  T7②[0m] 無已作廢之 `待判（截角）` 態產出（合併後 59 列）  ✅
  T7③[0m] **鑑別力**：壓 628-37(1) 之 G 至 113.94（門檻下）⇒ ① 有抓到  ✅
  T7①[3.5m] 街角 winner 5 筆全數以 K-4 面積門檻判定（K-4 態 5 筆）且 G ≥ 門檻  ✅
  T7②[3.5m] 無已作廢之 `待判（截角）` 態產出（合併後 59 列）  ✅
  T7③[3.5m] **鑑別力**：壓 628-36(1) 之 G 至 224.42（門檻下）⇒ ① 有抓到  ✅
  T5[0m] max 凸性Δ = 0.000000㎡ ≤ 0.01㎡（可達形狀集合全凸）  ✅
  T5[3.5m] max 凸性Δ = 0.000000㎡ ≤ 0.01㎡（可達形狀集合全凸）  ✅

----------------------------------------------------------------------------------------------------------------
RESULT: FAIL（163 違例）
  [3.5m] R2·628-27(1) 欄「min_t」：快照 '3.300e-06' → 實跑 '3.301e-06'
  [3.5m] R2·628-27(1) 欄「max_t」：快照 '44.8618' → 實跑 '44.8620'
  [3.5m] R2·628-27(1) 欄「寬度(m)」：快照 '0.6600' → 實跑 '0.6602'
  [3.5m] R2·628-27(1) 欄「臨街邊長(m)」：快照 '0.6600' → 實跑 '0.6602'
  [3.5m] R2·628-27(1) 欄「E-6差(m)」：快照 '1.780e-09' → 實跑 '1.852e-09'
  [3.5m] R2·628-30(2) 欄「min_t」：快照 '2.968e-06' → 實跑 '2.969e-06'
  [3.5m] R2·628-30(2) 欄「max_t」：快照 '44.7903' → 實跑 '44.7905'
  [3.5m] R2·628-30(2) 欄「凸性Δ(㎡)」：快照 '-0.000000' → 實跑 '0.000000'
  [3.5m] R2·628-30(2) 欄「寬度(m)」：快照 '2.0092' → 實跑 '2.0091'
  [3.5m] R2·628-30(2) 欄「臨街邊長(m)」：快照 '2.0092' → 實跑 '2.0091'
  [3.5m] R2·628-30(2) 欄「E-6差(m)」：快照 '5.478e-09' → 實跑 '5.464e-09'
  [3.5m] R2·628-31(2) 欄「min_t」：快照 '2.432e-06' → 實跑 '2.433e-06'
  [3.5m] R2·628-31(2) 欄「max_t」：快照 '44.7193' → 實跑 '44.7195'
  [3.5m] R2·628-31(2) 欄「凸性Δ(㎡)」：快照 '0.000000' → 實跑 '-0.000000'
  [3.5m] R2·628-31(2) 欄「寬度(m)」：快照 '8.7664' → 實跑 '8.7667'
  [3.5m] R2·628-31(2) 欄「臨街邊長(m)」：快照 '8.7664' → 實跑 '8.7667'
  [3.5m] R2·628-32(2) 欄「寬度(m)」：快照 '9.8730' → 實跑 '9.8727'
  [3.5m] R2·628-32(2) 欄「臨街邊長(m)」：快照 '9.8730' → 實跑 '9.8727'
  [3.5m] R2·628-32(2) 欄「E-6差(m)」：快照 '2.664e-08' → 實跑 '2.666e-08'
  [3.5m] R2·628-34(1) 欄「min_t」：快照 '5.121e-08' → 實跑 '5.116e-08'
  [3.5m] R2·628-34(1) 欄「寬度(m)」：快照 '9.8038' → 實跑 '9.8042'
  [3.5m] R2·628-34(1) 欄「臨街邊長(m)」：快照 '9.8038' → 實跑 '9.8042'
  [3.5m] R2·628-34(1) 欄「E-6差(m)」：快照 '2.647e-08' → 實跑 '2.655e-08'
  [3.5m] R2·628-35(1) 欄「寬度(m)」：快照 '1.3393' → 實跑 '1.3392'
  [3.5m] R2·628-35(1) 欄「臨街邊長(m)」：快照 '1.3393' → 實跑 '1.3392'
  [3.5m] R2·628-35(1) 欄「E-6差(m)」：快照 '3.622e-09' → 實跑 '3.619e-09'
  [3.5m] R2·628-39(1) 欄「max_t」：快照 '44.7708' → 實跑 '44.7710'
  [3.5m] R2·628-39(1) 欄「凸性Δ(㎡)」：快照 '-0.000000' → 實跑 '0.000000'
  [3.5m] R2·628-39(1) 欄「寬度(m)」：快照 '5.2864' → 實跑 '5.2863'
  [3.5m] R2·628-39(1) 欄「臨街邊長(m)」：快照 '5.2864' → 實跑 '5.2863'
================================================================================================================
