================================================================================================
【W-G.9-149 N-2／R-7】五份 _proj_order 之等價性 ＋ 遞補鏈母體之重導
================================================================================================
  HEAD = f71c1474722758006ce7a14bcb3e188cbabba41b
  app.py blob = b4cc30835feaad03dfc37f394a669bbb45988b8b
  情境 = 0m ／ WV_K6_STEP0 = on

  ✅ 管線至 run_corner_pk 完成：build=49 宗
  街廓母體 = ['R1', 'R2', 'R3', 'R4', 'R5', 'R6']

================================================================================================
§N-2　五份實作於同一輸入之輸出對拍
================================================================================================
  R1     n=5   五份 ⇒ **逐位相同**
  R2     n=14  五份 ⇒ **逐位相同**
  R3     n=10  五份 ⇒ **逐位相同**
  R4     n=2   五份 ⇒ **逐位相同**
  R5     n=8   五份 ⇒ **逐位相同**
  R6     n=8   五份 ⇒ **逐位相同**

  🔒 **6/6 街廓 五份逐位相同**

  ── 判別力對照（注入必然改序之擾動·戒 12）──
  🔒 注入反轉後**轉紅之街廓 ＝ 6/6**（須 ≥ 1 ⇒ 本對拍有判別力）

================================================================================================
§R-7　遞補鏈母體之重導（正典 K-6:3294 載 `R1右 → 628-36(1)`）
================================================================================================
  pk_winners[R1] 之鍵 = ['method', 'p1_end', 'p2_end']

  ── 含 ghost（n=6）──
     side=中段   pre_position=1   628-37(1)
     side=中段   pre_position=2   628-36(1)
     side=中段   pre_position=3   628-35(2)
     side=中段   pre_position=4   628(5)
     side=中段   pre_position=5   628-34(3)
     side=中段   pre_position=6   _GHOST_(R1)
     右側序列 = []
     左側序列 = []

  ── 去 ghost（n=5）──
     side=中段   pre_position=1   628-37(1)
     side=中段   pre_position=2   628-36(1)
     side=中段   pre_position=3   628-35(2)
     side=中段   pre_position=4   628(5)
     side=中段   pre_position=5   628-34(3)
     右側序列 = []
     左側序列 = []
