==========================================================================================================================================
【K-9-7-d 第二層分支】第一層 vs 第二層 t* 對照 —— 🔴 **段四(c) 已切換：第二層即現行生產**
第一層＝帶 `[0, D]`、`D` 自 FRONT 之臨街段（Q0→P_front(t)）量；
第二層（🆕 **乙式**·K-9-6-b-2·KL 裁 2026-08-05）＝帶 **`[δ_P, δ_P+D_new]`**、`D_new` 自 PQ 之臨街段（P_block(t)→PQ∩SIDE）量（GB-19／GB-36）
DXF：data\V6.dxf（**生產圖**）
==========================================================================================================================================

【A】`t*` 位移（第一層 → 第二層）＋ 帶深 `D(t*)` — **(b) 攤表之主表**
------------------------------------------------------------------------------------------------------------------------------------------
情境    街廓/側           支(一層)        支(二層)       t*(一層)       t*(二層)   Δt*(cm)      D(一層)      D(二層)       ΔD(m)  斷言
------------------------------------------------------------------------------------------------------------------------------------------
0m    R1/left            ①      L2·邊4/①    -3.488594    -3.486956    0.1638  33.162493  32.994714   -1.68e-01  ✅
0m    R1/right           ①      L2·邊5/①     3.488594     3.488591   -0.0003  33.128253  33.127995   -2.58e-04  ✅
0m    R2/left            ③      L2·邊0/P     6.873911     6.873911    0.0000  44.887275  44.887271   -3.55e-06  ✅
0m    R3/right           ①      L2·邊1/①     3.485068     3.480222   -0.4846  44.855929  44.791620   -6.43e-02  ✅
0m    R4/left            ③      L2·邊3/P     5.071400     5.071400    0.0000  33.123438  33.123990    5.53e-04  ✅
0m    R4/right           ②      L2·邊3/Q    -5.151732    -5.151732    0.0000  33.083668  33.098239    1.46e-02  ✅
0m    R5/left            ②      L2·邊3/Q     6.760851     6.760851   -0.0000  43.510383  43.510383    3.28e-07  ✅
0m    R6/right           ①      L2·邊0/①    -3.488681    -3.488681    0.0000  43.361474  43.361468   -5.55e-06  ✅
3.5m  R1/left            ①      L2·邊5/①    -6.977188    -6.977187    0.0000  33.161064  33.161041   -2.29e-05  ✅
3.5m  R1/right           ①      L2·邊5/①     6.977188     6.977185   -0.0003  33.128253  33.128006   -2.47e-04  ✅
3.5m  R2/left            ③      L2·邊0/P    10.362623    10.362623    0.0000  44.853260  44.853257   -3.42e-06  ✅
3.5m  R3/right           ①      L2·邊0/①     6.970137     6.970137   -0.0000  44.813728  44.813727   -1.04e-06  ✅
3.5m  R4/left            ③      L2·邊3/P     8.567713     8.567713    0.0000  33.121954  33.123060    1.11e-03  ✅
3.5m  R4/right           ②      L2·邊3/Q    -8.648115    -8.648115    0.0000  33.083668  33.097685    1.40e-02  ✅
3.5m  R5/left            ②      L2·邊3/Q    10.245919    10.245919   -0.0000  43.510383  43.510383    3.15e-07  ✅
3.5m  R6/right           ①      L2·邊0/①    -6.977361    -6.977361    0.0000  43.361474  43.361469   -5.31e-06  ✅
------------------------------------------------------------------------------------------------------------------------------------------
  ⇒ `t*` 有位移之格：**14** / 16（第二層 raise 0 格）
     0m R1/left：Δt* +0.163790 cm／Δ面積 -0.054218 ㎡
     0m R1/right：Δt* -0.000312 cm／Δ面積 -0.000104 ㎡
     0m R2/left：Δt* +0.000000 cm／Δ面積 +0.000000 ㎡
     0m R3/right：Δt* -0.484640 cm／Δ面積 -0.217791 ㎡
     0m R4/left：Δt* +0.000000 cm／Δ面積 +0.000000 ㎡
     0m R4/right：Δt* +0.000000 cm／Δ面積 -0.000000 ㎡
     0m R5/left：Δt* -0.000000 cm／Δ面積 +0.000000 ㎡
     3.5m R1/left：Δt* +0.000022 cm／Δ面積 -0.000007 ㎡
     3.5m R1/right：Δt* -0.000299 cm／Δ面積 -0.000099 ㎡
     3.5m R2/left：Δt* +0.000000 cm／Δ面積 +0.000000 ㎡
     3.5m R3/right：Δt* -0.000008 cm／Δ面積 -0.000004 ㎡
     3.5m R4/left：Δt* +0.000000 cm／Δ面積 +0.000000 ㎡
     3.5m R4/right：Δt* +0.000000 cm／Δ面積 -0.000000 ㎡
     3.5m R5/left：Δt* -0.000000 cm／Δ面積 +0.000000 ㎡

【B】街角規定範圍**面積**（同一構造路徑·只換 `t*`）
------------------------------------------------------------------------------------------------------------------------------------------
情境    街廓/側                面積(一層)㎡         面積(二層)㎡        Δ面積(㎡)         Δ相對
------------------------------------------------------------------------------------------------------------------------------------------
0m    R1/left          114.761386      114.707167     -0.054218   -4.72e-04
0m    R1/right         116.841475      116.841371     -0.000104   -8.88e-07
0m    R2/left          227.105049      227.105049      0.000000    3.75e-11
0m    R3/right         226.910765      226.692974     -0.217791   -9.60e-04
0m    R4/left          135.187328      135.187328      0.000000    1.57e-10
0m    R4/right         137.004165      137.004165     -0.000000   -3.70e-10
0m    R5/left          217.970170      217.970170      0.000000    0.00e+00
0m    R6/right         145.883470      145.883470      0.000000    0.00e+00
3.5m  R1/left          230.809759      230.809752     -0.000007   -3.22e-08
3.5m  R1/right         232.793152      232.793052     -0.000099   -4.27e-07
3.5m  R2/left          384.151141      384.151141      0.000000    4.96e-12
3.5m  R3/right         383.666933      383.666930     -0.000004   -9.20e-09
3.5m  R4/left          251.115105      251.115105      0.000000    1.43e-10
3.5m  R4/right         252.855082      252.855082     -0.000000   -1.76e-10
3.5m  R5/left          371.171277      371.171277      0.000000    0.00e+00
3.5m  R6/right         298.144508      298.144508      0.000000    0.00e+00
------------------------------------------------------------------------------------------------------------------------------------------

【C】`P_block(t*)` 之落點 — **量得**（判準 `|inset| <= _EPS_TOUCH_FRONT = 0.01`·⛔ 禁手寫進報告）｜🆕 乙式之 `δ_P` 與帶之二端
------------------------------------------------------------------------------------------------------------------------------------------
情境    街廓/側              內縮(m)      δ_P(m)       帶上緣d       帶下緣d   落FRONT段     落截角內  邊#  dep(P_block)  dep(PQ∩SIDE)
------------------------------------------------------------------------------------------------------------------------------------------
0m    R1/left        0.167774    0.167774   0.167774  33.162489         否        是   4     32.994714     32.996144
      0m R1/left P_block ＝ (310453.8592, 2652007.7621)｜Q_pq ＝ (310451.4533, 2652010.3042)
0m    R1/right       0.000258    0.000258   0.000258  33.128253         是        否   5     33.129425     33.127995
      0m R1/right P_block ＝ (310509.1781, 2651949.5546)｜Q_pq ＝ (310511.5839, 2651947.0125)
0m    R2/left        0.000004    0.000004   0.000004  44.887275         是        否   0     44.887271     44.954292
      0m R2/left P_block ＝ (310366.1715, 2651917.2601)｜Q_pq ＝ (310361.5153, 2651912.1800)
0m    R3/right       0.064300    0.064305   0.064305  44.855925         否        是   1     44.791620     44.833821
      0m R3/right P_block ＝ (310430.3063, 2651854.4611)｜Q_pq ＝ (310427.9981, 2651851.8300)
0m    R4/left        0.000553   -0.000553  -0.000553  33.123438         是        否   3     33.123990     33.126142
      0m R4/left P_block ＝ (310520.5972, 2651937.4909)｜Q_pq ＝ (310517.1076, 2651941.1781)
0m    R4/right       0.014571   -0.014571  -0.014571  33.083668         否        否   3     33.100425     33.098239
      0m R4/right P_block ＝ (310581.5489, 2651873.1062)｜Q_pq ＝ (310585.0942, 2651869.3601)
0m    R5/left        0.000000   -0.000000  -0.000000  43.510383         是        否   3     43.831848     43.510383
      0m R5/left P_block ＝ (310438.4477, 2651851.5131)｜Q_pq ＝ (310433.9701, 2651846.4090)
0m    R6/right       0.000006    0.000006   0.000006  43.361474         是        否   0     43.536589     43.361468
      0m R6/right P_block ＝ (310500.8757, 2651790.3869)｜Q_pq ＝ (310498.3226, 2651787.9928)
3.5m  R1/left        0.000023    0.000023   0.000023  33.161064         是        否   5     33.161041     33.163900
      3.5m R1/left P_block ＝ (310456.3786, 2652005.3440)｜Q_pq ＝ (310451.5670, 2652010.4281)
3.5m  R1/right       0.000247    0.000247   0.000247  33.128253         是        否   5     33.130865     33.128006
      3.5m R1/right P_block ＝ (310506.7722, 2651952.0966)｜Q_pq ＝ (310511.5839, 2651947.0125)
3.5m  R2/left        0.000003    0.000003   0.000003  44.853260         是        否   0     44.853257     44.954292
      3.5m R2/left P_block ＝ (310368.5346, 2651919.8384)｜Q_pq ＝ (310361.5153, 2651912.1800)
3.5m  R3/right       0.000001    0.000001   0.000001  44.813728         是        否   0     44.813727     44.898128
      3.5m R3/right P_block ＝ (310432.6620, 2651857.0489)｜Q_pq ＝ (310428.0457, 2651851.7868)
3.5m  R4/left        0.001106   -0.001106  -0.001106  33.121954         是        否   3     33.123060     33.126696
      3.5m R4/left P_block ＝ (310523.0033, 2651934.9492)｜Q_pq ＝ (310517.1080, 2651941.1785)
3.5m  R4/right       0.014018   -0.014018  -0.014018  33.083668         否        否   3     33.101356     33.097685
      3.5m R4/right P_block ＝ (310579.1427, 2651875.6479)｜Q_pq ＝ (310585.0938, 2651869.3597)
3.5m  R5/left        0.000000   -0.000000  -0.000000  43.510383         是        否   3     43.997556     43.510383
      3.5m R5/left P_block ＝ (310440.7559, 2651854.1442)｜Q_pq ＝ (310433.9701, 2651846.4090)
3.5m  R6/right       0.000005    0.000005   0.000005  43.361474         是        否   0     43.711711     43.361469
      3.5m R6/right P_block ＝ (310503.4288, 2651792.7810)｜Q_pq ＝ (310498.3226, 2651787.9928)
------------------------------------------------------------------------------------------------------------------------------------------
  ⇒ 落 FRONT 重疊段 **12** 格／落截角（非 FRONT 段且在截角三角形內）**2** 格／二者皆非 **2** 格

【D】分支**切換點**明列（頂點界 `t_C = (C − F1)·ân − c0` ＋ 深度端界 `dep_P = dep_Q`）
------------------------------------------------------------------------------------------------------------------------------------------
  0m R1/left：共 11 個；t*=-3.486956；|t−t*|≤5m 者 ＝ -3.656243, 0.035718, 0.035720, 0.078411, 0.323754, 0.323754
      全部切換點：-87.429624, -87.125362, -87.069804, -83.656922, -43.657704, -3.656243, 0.035718, 0.035720, 0.078411, 0.323754, 0.323754
  0m R1/right：共 11 個；t*=3.488591；|t−t*|≤5m 者 ＝ -0.401138, -0.401113, -0.096876, -0.096613, -0.041318, 3.371564
      全部切換點：-0.401138, -0.401113, -0.096876, -0.096613, -0.041318, 3.371564, 43.370782, 83.372243, 87.064206, 87.106897, 87.352240
  0m R2/left：共 5 個；t*=6.873911；|t−t*|≤5m 者 ＝ 3.387847, 3.535385
      全部切換點：0.267075, 3.387847, 3.535385, 99.778076, 99.778080
  0m R3/right：共 5 個；t*=3.480222；|t−t*|≤5m 者 ＝ -0.262154, 3.550708
      全部切換點：-3.383603, -0.262154, 3.550708, 93.006625, 93.006631
  0m R4/left：共 8 個；t*=5.071400；|t−t*|≤5m 者 ＝ 0.175732, 1.575055, 1.575058, 3.707626
      全部切換點：0.175732, 1.575055, 1.575058, 3.707626, 49.479056, 95.252041, 97.136243, 98.615038
  0m R4/right：共 9 個；t*=-5.151732；|t−t*|≤5m 者 ＝ -3.539547, -1.655353, -1.655345, -0.176551, -0.176550
      全部切換點：-98.615856, -97.216531, -95.083962, -49.312532, -3.539547, -1.655353, -1.655345, -0.176551, -0.176550
  0m R5/left：共 5 個；t*=6.760851；|t−t*|≤5m 者 ＝ 3.280503, 3.448517
      全部切換點：0.267384, 3.280503, 3.448517, 92.403642, 92.403645
  0m R6/right：共 6 個；t*=-3.488681；|t−t*|≤5m 者 ＝ -3.390503, -0.000000, 0.000002, 0.000002
      全部切換點：-89.172411, -85.577284, -3.390503, -0.000000, 0.000002, 0.000002
  3.5m R1/left：共 11 個；t*=-6.977187；|t−t*|≤5m 者 ＝ -3.656243
      全部切換點：-87.429624, -87.125362, -87.069804, -83.656922, -43.657704, -3.656243, 0.035718, 0.035720, 0.078411, 0.323754, 0.323754
  3.5m R1/right：共 11 個；t*=6.977185；|t−t*|≤5m 者 ＝ 3.371564
      全部切換點：-0.401138, -0.401113, -0.096876, -0.096613, -0.041318, 3.371564, 43.370782, 83.372243, 87.064206, 87.106897, 87.352240
  3.5m R2/left：共 5 個；t*=10.362623；|t−t*|≤5m 者 ＝ （無）
      全部切換點：0.267075, 3.387847, 3.535385, 99.778076, 99.778080
  3.5m R3/right：共 5 個；t*=6.970137；|t−t*|≤5m 者 ＝ 3.550708
      全部切換點：-3.383603, -0.262154, 3.550708, 93.006625, 93.006631
  3.5m R4/left：共 8 個；t*=8.567713；|t−t*|≤5m 者 ＝ 3.707626
      全部切換點：0.175732, 1.575055, 1.575058, 3.707626, 49.479056, 95.252041, 97.136243, 98.615038
  3.5m R4/right：共 9 個；t*=-8.648115；|t−t*|≤5m 者 ＝ （無）
      全部切換點：-98.615856, -97.216531, -95.083962, -49.312532, -3.539547, -1.655353, -1.655345, -0.176551, -0.176550
  3.5m R5/left：共 5 個；t*=10.245919；|t−t*|≤5m 者 ＝ （無）
      全部切換點：0.267384, 3.280503, 3.448517, 92.403642, 92.403645
  3.5m R6/right：共 6 個；t*=-6.977361；|t−t*|≤5m 者 ＝ -3.390503
      全部切換點：-89.172411, -85.577284, -3.390503, -0.000000, 0.000002, 0.000002

【E】第二層 raise／構造異常之格：0
  （無）

【F】GB-26 可證偽檢驗：解析 `m` vs **正典 K-9-7-c 表**（獨立真相源）
     本輪 DXF ＝ data\V6.dxf
------------------------------------------------------------------------------------------------------------------------------------------
街廓/側                 m(解析)         m(正典表)              Δ         相對差    支(一層)  註
------------------------------------------------------------------------------------------------------------------------------------------
R1/left       -0.000409873          （表未載）              —           —        ①
R1/right      -0.000409873   -0.000000000      -4.10e-04        nan%        ①
R2/left        0.009750016    0.009750000       1.56e-08       0.00%        ③
R3/right       0.012108902          （表未載）              —           —        ①
R4/left        0.000424348    0.000266000       1.58e-04      59.53%        ③  ← GB-26 之格
R4/right       0.000424348    0.000000000       4.24e-04        nan%        ②
R5/left       -0.047548001   -0.000000000      -4.75e-02        nan%        ②
R6/right       0.050196884    0.000000000       5.02e-02        nan%        ①
------------------------------------------------------------------------------------------------------------------------------------------
  ⚠️ **只列 Δ、不設閘、不結案**——GB-26 依 KL 明令維持開啟；
     ⛔ 不得與 `R2/left` 一併結案（`R2/left` 之一致**不能外推**）。

【G】逐邊分支之**全量列舉**（每邊之 t 區間／仿射係數／退化支／駁回理由）
------------------------------------------------------------------------------------------------------------------------------------------
  ── 0m R1/left｜c=-1.00326957 k=0.00979444778 m=-0.000409873103 w0=-0 T=3.5000｜採 L2·邊4/①｜t*=-3.486955911
      邊  0  t∈[-87.429624, -43.657704]  dep_P=-0.000003-0.000000·t  dep_Q=+0.000130-0.000410·t  t_eq=—
      邊  1  t∈[-43.657704, +0.323754]  dep_P=-0.000003-0.000000·t  dep_Q=+0.000130-0.000410·t  t_eq=+0.323754
      邊  2  t∈[+0.078411, +0.323754]  dep_P=+33.205899-102.565091·t  dep_Q=+33.205899-102.565091·t  t_eq=—
      邊  3  t∈[+0.035720, +0.078411]  dep_P=+33.137621-101.694315·t  dep_Q=+33.137621-101.694318·t  t_eq=—
      邊  4  t∈[-3.656243, +0.035720]  dep_P=+29.540490-0.990613·t  dep_Q=+29.540505-0.991019·t  t_eq=+0.035718
      邊  5  t∈[-83.656922, -3.656243]  dep_P=+33.163922+0.000413·t  dep_Q=+33.163922+0.000003·t  t_eq=—
      邊  6  t∈[-87.069804, -83.656922]  dep_P=+116.808534+1.000266·t  dep_Q=+116.808199+0.999852·t  t_eq=—
      邊  7  t∈[-87.125362, -87.069804]  dep_P=+7219.856635+82.579042·t  dep_Q=+7219.827879+82.578302·t  t_eq=—
      邊  8  t∈[-87.429624, -87.125362]  dep_P=+7220.427266+82.585592·t  dep_Q=+7220.398508+82.584851·t  t_eq=—
      跳過之邊：[]
      有效根：[('邊4/①', -3.486955911)]
      駁回 邊0/①  t=-3.164853  ⇒ 不落該邊之 t 區間
      駁回 邊1/①  t=-3.164853  ⇒ 該邊之交點非臨街側者（P_block 落別邊）
      駁回 邊2/①  t=+2756.585316  ⇒ 不落該邊之 t 區間
      駁回 邊3/①  t=-482.147051  ⇒ 不落該邊之 t 區間
      駁回 邊5/①  t=-3.488594  ⇒ 不落該邊之 t 區間
      駁回 邊6/①  t=-4.263534  ⇒ 不落該邊之 t 區間
      駁回 邊7/①  t=-40.775456  ⇒ 不落該邊之 t 區間
      駁回 邊8/①  t=-40.777097  ⇒ 不落該邊之 t 區間
      note：K-9-7-d 第二層（乙式）：支 L2·邊4/①｜P_block 內縮 0.167774m｜落 非 FRONT 段｜截角內 True｜δ_P +0.167774｜帶 [+0.167774, +33.162489]｜D(t*) 33.162493→32.994714｜t* -3.48859381→-3.48695591
  ── 0m R1/right｜c=1.00326957 k=0.0121487005 m=-0.000409873103 w0=-0 T=3.5000｜採 L2·邊5/①｜t*=3.488590692
      邊  0  t∈[-0.401138, +43.370782]  dep_P=+0.000002-0.000000·t  dep_Q=-0.000162-0.000410·t  t_eq=-0.401138
      邊  1  t∈[+43.370782, +87.352240]  dep_P=+0.000003-0.000000·t  dep_Q=-0.000162-0.000410·t  t_eq=—
      邊  2  t∈[+87.106897, +87.352240]  dep_P=+8959.290531-102.565091·t  dep_Q=+8959.334832-102.566010·t  t_eq=—
      邊  3  t∈[+87.064206, +87.106897]  dep_P=+8883.439863-101.694315·t  dep_Q=+8883.483787-101.695229·t  t_eq=—
      邊  4  t∈[+83.372243, +87.064206]  dep_P=+115.752048-0.990613·t  dep_Q=+115.752458-0.991028·t  t_eq=—
      邊  5  t∈[+3.371564, +83.372243]  dep_P=+33.127984+0.000413·t  dep_Q=+33.127984+0.000003·t  t_eq=—
      邊  6  t∈[-0.041318, +3.371564]  dep_P=+29.756916+1.000266·t  dep_Q=+29.756899+0.999861·t  t_eq=—
      邊  7  t∈[-0.096876, -0.041318]  dep_P=+33.127620+82.579042·t  dep_Q=+33.127620+82.579042·t  t_eq=-0.096613
      邊  8  t∈[-0.401138, -0.096876]  dep_P=+33.128255+82.585592·t  dep_Q=+33.128255+82.585592·t  t_eq=-0.401113
      跳過之邊：[]
      有效根：[('邊5/①', 3.488590692)]
      駁回 邊0/①  t=+3.087438  ⇒ 該邊之交點非臨街側者（P_block 落別邊）
      駁回 邊1/①  t=+3.087438  ⇒ 不落該邊之 t 區間
      駁回 邊2/①  t=+49.766323  ⇒ 不落該邊之 t 區間
      駁回 邊3/①  t=+49.589878  ⇒ 不落該邊之 t 區間
      駁回 邊4/①  t=+4.435831  ⇒ 不落該邊之 t 區間
      駁回 邊6/①  t=+3.490025  ⇒ 不落該邊之 t 區間
      駁回 邊7/①  t=+44026.724373  ⇒ 不落該邊之 t 區間
      駁回 邊8/①  t=-50907375.182398  ⇒ 不落該邊之 t 區間
      note：K-9-7-d 第二層（乙式）：支 L2·邊5/①｜P_block 內縮 0.000258m｜落 FRONT 重疊段｜截角內 False｜δ_P +0.000258｜帶 [+0.000258, +33.128253]｜D(t*) 33.128253→33.127995｜t* 3.48859381→3.48859069
  ── 0m R2/left｜c=1.00249883 k=-0.0755467418 m=0.00975001556 w0=0 T=3.5000｜採 L2·邊0/P｜t*=6.873910671
      邊  0  t∈[+3.535385, +99.778076]  dep_P=+44.954292-0.009750·t  dep_Q=+44.954292+0.000000·t  t_eq=—
      邊  1  t∈[+99.778076, +99.778080]  dep_P=+1322242024.986891-13251828.737260·t  dep_Q=+1323214297.707655-13261573.079729·t  t_eq=—
      邊  2  t∈[+3.387847, +99.778080]  dep_P=-0.000000+0.000000·t  dep_Q=-0.033056+0.009757·t  t_eq=+3.387847
      邊  3  t∈[+0.267075, +3.387847]  dep_P=+44.954304-13.269283·t  dep_Q=+44.954304-13.269283·t  t_eq=—
      邊  4  t∈[+0.267075, +3.535385]  dep_P=+41.123635+1.073769·t  dep_Q=+41.120819+1.084316·t  t_eq=—
      跳過之邊：[]
      有效根：[('邊0/P', 6.873910671)]
      駁回 邊0/Q  t=+6.878961  ⇒ dep(PQ∩SIDE) ≤ dep(P_block) 不成立
      駁回 邊1/P  t=+99.897107  ⇒ 不落該邊之 t 區間
      駁回 邊1/Q  t=+101.764676  ⇒ 不落該邊之 t 區間
      駁回 邊2/P  t=+6.876558  ⇒ 該邊之交點非臨街側者（P_block 落別邊）
      駁回 邊2/Q  t=+6.879123  ⇒ dep(PQ∩SIDE) ≤ dep(P_block) 不成立
      駁回 邊3/P  t=+6.879290  ⇒ 不落該邊之 t 區間
      駁回 邊3/Q  t=+6.879290  ⇒ 不落該邊之 t 區間
      駁回 邊4/P  t=+6.873697  ⇒ 不落該邊之 t 區間
      駁回 邊4/Q  t=+6.878948  ⇒ 不落該邊之 t 區間
      note：K-9-7-d 第二層（乙式）：支 L2·邊0/P｜P_block 內縮 0.000004m｜落 FRONT 重疊段｜截角內 False｜δ_P +0.000004｜帶 [+0.000004, +44.887275]｜D(t*) 44.887275→44.887271｜t* 6.87391067→6.87391067
  ── 0m R3/right｜c=1.00428447 k=0.0756891559 m=0.0121089016 w0=-0 T=3.5000｜採 L2·邊1/①｜t*=3.480221928
      邊  0  t∈[+3.550708, +93.006625]  dep_P=+44.898128-0.012109·t  dep_Q=+44.898128+0.000000·t  t_eq=—
      邊  1  t∈[-0.262154, +3.550708]  dep_P=+41.655720+0.901063·t  dep_Q=+41.658676+0.912340·t  t_eq=—
      邊  2  t∈[-3.383603, -0.262154]  dep_P=+44.898112+13.269320·t  dep_Q=+44.898112+13.269320·t  t_eq=—
      邊  3  t∈[-3.383603, +93.006631]  dep_P=+0.000000+0.000000·t  dep_Q=+0.040934+0.012098·t  t_eq=-3.383603
      邊  4  t∈[+93.006625, +93.006631]  dep_P=+733616704.321498-7887789.262283·t  dep_Q=+732947853.937572-7880597.822879·t  t_eq=—
      跳過之邊：[]
      有效根：[('邊1/①', 3.480221928)]
      駁回 邊0/①  t=+3.485068  ⇒ 不落該邊之 t 區間
      駁回 邊2/①  t=+9176345.833949  ⇒ 不落該邊之 t 區間
      駁回 邊3/①  t=+0.104645  ⇒ 該邊之交點非臨街側者（P_block 落別邊）
      駁回 邊4/①  t=+93.006475  ⇒ 不落該邊之 t 區間
      note：K-9-7-d 第二層（乙式）：支 L2·邊1/①｜P_block 內縮 0.064300m｜落 非 FRONT 段｜截角內 True｜δ_P +0.064305｜帶 [+0.064305, +44.855925]｜D(t*) 44.855929→44.791620｜t* 3.48506832→3.48022193
  ── 0m R4/left｜c=1.00103443 k=-0.0475991183 m=0.000424347997 w0=0 T=3.5000｜採 L2·邊3/P｜t*=5.071400448
      邊  0  t∈[+1.575058, +49.479056]  dep_P=+0.000000-0.000000·t  dep_Q=-0.000668+0.000424·t  t_eq=+1.575058
      邊  1  t∈[+0.175732, +1.575058]  dep_P=+33.125640-21.031383·t  dep_Q=+33.125640-21.031383·t  t_eq=+1.575055
      邊  2  t∈[+0.175732, +3.707626]  dep_P=+29.245920+1.046069·t  dep_Q=+29.245842+1.046515·t  t_eq=—
      邊  3  t∈[+3.707626, +95.252041]  dep_P=+33.125340-0.000266·t  dep_Q=+33.125340+0.000158·t  t_eq=—
      邊  4  t∈[+95.252041, +98.615038]  dep_P=+133.502743-1.054074·t  dep_Q=+133.504768-1.053671·t  t_eq=—
      邊  5  t∈[+97.136243, +98.615038]  dep_P=-1941.361421+19.985964·t  dep_Q=-1941.401261+19.986791·t  t_eq=—
      邊  6  t∈[+49.479056, +97.136243]  dep_P=-0.000012+0.000000·t  dep_Q=-0.000680+0.000424·t  t_eq=—
      跳過之邊：[]
      有效根：[('邊3/P', 5.071400448)]
      駁回 邊0/P  t=+5.071370  ⇒ 該邊之交點非臨街側者（P_block 落別邊）
      駁回 邊0/Q  t=+5.071441  ⇒ dep(PQ∩SIDE) ≤ dep(P_block) 不成立
      駁回 邊1/P  t=+5.071304  ⇒ 不落該邊之 t 區間
      駁回 邊1/Q  t=+5.071304  ⇒ 不落該邊之 t 區間
      駁回 邊2/P  t=+5.071402  ⇒ 不落該邊之 t 區間
      駁回 邊2/Q  t=+5.071505  ⇒ 不落該邊之 t 區間
      駁回 邊3/Q  t=+5.071503  ⇒ dep(PQ∩SIDE) ≤ dep(P_block) 不成立
      駁回 邊4/P  t=+5.071487  ⇒ 不落該邊之 t 區間
      駁回 邊4/Q  t=+5.071680  ⇒ 不落該邊之 t 區間
      駁回 邊5/P  t=+5.069699  ⇒ 不落該邊之 t 區間
      駁回 邊5/Q  t=+5.068004  ⇒ 不落該邊之 t 區間
      駁回 邊6/P  t=+5.071370  ⇒ 不落該邊之 t 區間
      駁回 邊6/Q  t=+5.071441  ⇒ 不落該邊之 t 區間
      note：K-9-7-d 第二層（乙式）：支 L2·邊3/P｜P_block 內縮 0.000553m｜落 FRONT 重疊段｜截角內 False｜δ_P -0.000553｜帶 [-0.000553, +33.123438]｜D(t*) 33.123438→33.123990｜t* 5.07140045→5.07140045
  ── 0m R4/right｜c=-1.00103443 k=-0.0500869828 m=0.000424347997 w0=-0 T=3.5000｜採 L2·邊3/Q｜t*=-5.151732016
      邊  0  t∈[-97.216531, -49.312532]  dep_P=-0.000019-0.000000·t  dep_Q=+0.000684+0.000424·t  t_eq=—
      邊  1  t∈[-98.615856, -97.216531]  dep_P=-2044.598059-21.031383·t  dep_Q=-2044.553946-21.030512·t  t_eq=—
      邊  2  t∈[-98.615856, -95.083962]  dep_P=+132.588743+1.046069·t  dep_Q=+132.586630+1.046471·t  t_eq=—
      邊  3  t∈[-95.083962, -3.539547]  dep_P=+33.099055-0.000266·t  dep_Q=+33.099054+0.000158·t  t_eq=—
      邊  4  t∈[-3.539547, -0.176550]  dep_P=+29.369050-1.054074·t  dep_Q=+29.369129-1.053628·t  t_eq=-0.176551
      邊  5  t∈[-1.655345, -0.176550]  dep_P=+33.083665+19.985964·t  dep_Q=+33.083665+19.985964·t  t_eq=—
      邊  6  t∈[-49.312532, -1.655345]  dep_P=-0.000007+0.000000·t  dep_Q=+0.000696+0.000424·t  t_eq=-1.655353
      跳過之邊：[]
      有效根：[('邊3/Q', -5.151732016)]
      駁回 邊0/P  t=-5.151810  ⇒ 不落該邊之 t 區間
      駁回 邊0/Q  t=-5.151736  ⇒ 不落該邊之 t 區間
      駁回 邊1/P  t=-5.149959  ⇒ 不落該邊之 t 區間
      駁回 邊1/Q  t=-5.151941  ⇒ 不落該邊之 t 區間
      駁回 邊2/P  t=-5.151931  ⇒ 不落該邊之 t 區間
      駁回 邊2/Q  t=-5.151722  ⇒ 不落該邊之 t 區間
      駁回 邊3/P  t=-5.151841  ⇒ dep(P_block) ≤ dep(PQ∩SIDE) 不成立
      駁回 邊4/P  t=-5.151843  ⇒ 不落該邊之 t 區間
      駁回 邊4/Q  t=-5.151732  ⇒ 不落該邊之 t 區間
      駁回 邊5/P  t=-5.151743  ⇒ 不落該邊之 t 區間
      駁回 邊5/Q  t=-5.151743  ⇒ 不落該邊之 t 區間
      駁回 邊6/P  t=-5.151810  ⇒ dep(P_block) ≤ dep(PQ∩SIDE) 不成立
      駁回 邊6/Q  t=-5.151736  ⇒ 該邊之交點非臨街側者（P_block 落別邊）
      note：K-9-7-d 第二層（乙式）：支 L2·邊3/Q｜P_block 內縮 0.014571m｜落 非 FRONT 段｜截角內 False｜δ_P -0.014571｜帶 [-0.014571, +33.083668]｜D(t*) 33.083668→33.098239｜t* -5.15173202→-5.15173202
  ── 0m R5/left｜c=1.00428449 k=-0.0756099531 m=-0.0475480012 w0=0 T=3.5000｜採 L2·邊3/Q｜t*=6.760851203
      邊  0  t∈[+3.280503, +92.403642]  dep_P=-0.000000+0.000000·t  dep_Q=+0.155424-0.047378·t  t_eq=+3.280503
      邊  1  t∈[+0.267384, +3.280503]  dep_P=+43.510389-13.263328·t  dep_Q=+43.510389-13.263328·t  t_eq=—
      邊  2  t∈[+0.267384, +3.448517]  dep_P=+39.652121+1.166366·t  dep_Q=+39.665903+1.114821·t  t_eq=—
      邊  3  t∈[+3.448517, +92.403645]  dep_P=+43.510383+0.047548·t  dep_Q=+43.510383-0.000000·t  t_eq=—
      邊  4  t∈[+92.403642, +92.403645]  dep_P=-1398439242.095317+15134027.357846·t  dep_Q=-1393443853.119248+15079966.791570·t  t_eq=—
      跳過之邊：[]
      有效根：[('邊3/Q', 6.760851203)]
      駁回 邊0/P  t=+6.778065  ⇒ dep(P_block) ≤ dep(PQ∩SIDE) 不成立
      駁回 邊0/Q  t=+6.765589  ⇒ 該邊之交點非臨街側者（P_block 落別邊）
      駁回 邊1/P  t=+6.770593  ⇒ 不落該邊之 t 區間
      駁回 邊1/Q  t=+6.770593  ⇒ 不落該邊之 t 區間
      駁回 邊2/P  t=+6.785743  ⇒ 不落該邊之 t 區間
      駁回 邊2/Q  t=+6.760451  ⇒ 不落該邊之 t 區間
      駁回 邊3/P  t=+6.785140  ⇒ dep(P_block) ≤ dep(PQ∩SIDE) 不成立
      駁回 邊4/P  t=+92.438708  ⇒ 不落該邊之 t 區間
      駁回 邊4/Q  t=+92.351326  ⇒ 不落該邊之 t 區間
      note：K-9-7-d 第二層（乙式）：支 L2·邊3/Q｜P_block 內縮 0.000000m｜落 FRONT 重疊段｜截角內 False｜δ_P -0.000000｜帶 [-0.000000, +43.510383]｜D(t*) 43.510383→43.510383｜t* 6.7608512→6.7608512
  ── 0m R6/right｜c=-1.00324459 k=4.76653071e-08 m=0.0501968842 w0=-2.84217094e-14 T=3.5000｜採 L2·邊0/①｜t*=-3.488680660
      邊  0  t∈[-85.577284, -3.390503]  dep_P=+43.361468-0.050197·t  dep_Q=+43.361468-0.000000·t  t_eq=—
      邊  1  t∈[-3.390503, -0.000000]  dep_P=+39.961547-1.052975·t  dep_Q=+39.961547-1.002778·t  t_eq=—
      邊  2  t∈[-0.000000, +0.000002]  dep_P=+38.323117-18630441.980600·t  dep_Q=+38.323117-18630441.974767·t  t_eq=+0.000002
      邊  3  t∈[-89.172411, +0.000002]  dep_P=+0.000000-0.000000·t  dep_Q=-0.000000+0.050197·t  t_eq=+0.000002
      邊  4  t∈[-89.172411, -85.577284]  dep_P=+1182.073831+13.256049·t  dep_Q=+1182.073834+13.306246·t  t_eq=—
      跳過之邊：[]
      有效根：[('邊0/①', -3.48868066)]
      駁回 邊1/①  t=-3.488681  ⇒ 不落該邊之 t 區間
      駁回 邊2/①  t=-30.024538  ⇒ 不落該邊之 t 區間
      駁回 邊3/①  t=-3.488679  ⇒ 該邊之交點非臨街側者（P_block 落別邊）
      駁回 邊4/①  t=-3.488732  ⇒ 不落該邊之 t 區間
      note：K-9-7-d 第二層（乙式）：支 L2·邊0/①｜P_block 內縮 0.000006m｜落 FRONT 重疊段｜截角內 False｜δ_P +0.000006｜帶 [+0.000006, +43.361474]｜D(t*) 43.361474→43.361468｜t* -3.48868066→-3.48868066
  ── 3.5m R1/left｜c=-1.00326957 k=0.00979444778 m=-0.000409873103 w0=-0 T=7.0000｜採 L2·邊5/①｜t*=-6.977187402
      邊  0  t∈[-87.429624, -43.657704]  dep_P=-0.000003-0.000000·t  dep_Q=+0.000130-0.000410·t  t_eq=—
      邊  1  t∈[-43.657704, +0.323754]  dep_P=-0.000003-0.000000·t  dep_Q=+0.000130-0.000410·t  t_eq=+0.323754
      邊  2  t∈[+0.078411, +0.323754]  dep_P=+33.205899-102.565091·t  dep_Q=+33.205899-102.565091·t  t_eq=—
      邊  3  t∈[+0.035720, +0.078411]  dep_P=+33.137621-101.694315·t  dep_Q=+33.137621-101.694318·t  t_eq=—
      邊  4  t∈[-3.656243, +0.035720]  dep_P=+29.540490-0.990613·t  dep_Q=+29.540505-0.991019·t  t_eq=+0.035718
      邊  5  t∈[-83.656922, -3.656243]  dep_P=+33.163922+0.000413·t  dep_Q=+33.163922+0.000003·t  t_eq=—
      邊  6  t∈[-87.069804, -83.656922]  dep_P=+116.808534+1.000266·t  dep_Q=+116.808199+0.999852·t  t_eq=—
      邊  7  t∈[-87.125362, -87.069804]  dep_P=+7219.856635+82.579042·t  dep_Q=+7219.827879+82.578302·t  t_eq=—
      邊  8  t∈[-87.429624, -87.125362]  dep_P=+7220.427266+82.585592·t  dep_Q=+7220.398508+82.584851·t  t_eq=—
      跳過之邊：[]
      有效根：[('邊5/①', -6.977187402)]
      駁回 邊0/①  t=-6.653461  ⇒ 不落該邊之 t 區間
      駁回 邊1/①  t=-6.653461  ⇒ 該邊之交點非臨街側者（P_block 落別邊）
      駁回 邊2/①  t=+5512.846878  ⇒ 不落該邊之 t 區間
      駁回 邊3/①  t=-964.329591  ⇒ 不落該邊之 t 區間
      駁回 邊4/①  t=-7.009630  ⇒ 不落該邊之 t 區間
      駁回 邊6/①  t=-7.718406  ⇒ 不落該邊之 t 區間
      駁回 邊7/①  t=-42.706964  ⇒ 不落該邊之 t 區間
      駁回 邊8/①  t=-42.708537  ⇒ 不落該邊之 t 區間
      note：K-9-7-d 第二層（乙式）：支 L2·邊5/①｜P_block 內縮 0.000023m｜落 FRONT 重疊段｜截角內 False｜δ_P +0.000023｜帶 [+0.000023, +33.161064]｜D(t*) 33.161064→33.161041｜t* -6.97718763→-6.9771874
  ── 3.5m R1/right｜c=1.00326957 k=0.0121487005 m=-0.000409873103 w0=-0 T=7.0000｜採 L2·邊5/①｜t*=6.977184635
      邊  0  t∈[-0.401138, +43.370782]  dep_P=+0.000002-0.000000·t  dep_Q=-0.000162-0.000410·t  t_eq=-0.401138
      邊  1  t∈[+43.370782, +87.352240]  dep_P=+0.000003-0.000000·t  dep_Q=-0.000162-0.000410·t  t_eq=—
      邊  2  t∈[+87.106897, +87.352240]  dep_P=+8959.290531-102.565091·t  dep_Q=+8959.334832-102.566010·t  t_eq=—
      邊  3  t∈[+87.064206, +87.106897]  dep_P=+8883.439863-101.694315·t  dep_Q=+8883.483787-101.695229·t  t_eq=—
      邊  4  t∈[+83.372243, +87.064206]  dep_P=+115.752048-0.990613·t  dep_Q=+115.752458-0.991028·t  t_eq=—
      邊  5  t∈[+3.371564, +83.372243]  dep_P=+33.127984+0.000413·t  dep_Q=+33.127984+0.000003·t  t_eq=—
      邊  6  t∈[-0.041318, +3.371564]  dep_P=+29.756916+1.000266·t  dep_Q=+29.756899+0.999861·t  t_eq=—
      邊  7  t∈[-0.096876, -0.041318]  dep_P=+33.127620+82.579042·t  dep_Q=+33.127620+82.579042·t  t_eq=-0.096613
      邊  8  t∈[-0.401138, -0.096876]  dep_P=+33.128255+82.585592·t  dep_Q=+33.128255+82.585592·t  t_eq=-0.401113
      跳過之邊：[]
      有效根：[('邊5/①', 6.977184635)]
      駁回 邊0/①  t=+6.576015  ⇒ 該邊之交點非臨街側者（P_block 落別邊）
      駁回 邊1/①  t=+6.576015  ⇒ 不落該邊之 t 區間
      駁回 邊2/①  t=+51.322386  ⇒ 不落該邊之 t 區間
      駁回 邊3/①  t=+51.153294  ⇒ 不落該邊之 t 區間
      駁回 邊4/①  t=+7.883058  ⇒ 不落該邊之 t 區間
      駁回 邊6/①  t=+7.021373  ⇒ 不落該邊之 t 區間
      駁回 邊7/①  t=+88053.545360  ⇒ 不落該邊之 t 區間
      駁回 邊8/①  t=-101814749.963657  ⇒ 不落該邊之 t 區間
      note：K-9-7-d 第二層（乙式）：支 L2·邊5/①｜P_block 內縮 0.000247m｜落 FRONT 重疊段｜截角內 False｜δ_P +0.000247｜帶 [+0.000247, +33.128253]｜D(t*) 33.128253→33.128006｜t* 6.97718763→6.97718463
  ── 3.5m R2/left｜c=1.00249883 k=-0.0755467418 m=0.00975001556 w0=0 T=7.0000｜採 L2·邊0/P｜t*=10.362623264
      邊  0  t∈[+3.535385, +99.778076]  dep_P=+44.954292-0.009750·t  dep_Q=+44.954292+0.000000·t  t_eq=—
      邊  1  t∈[+99.778076, +99.778080]  dep_P=+1322242024.986891-13251828.737260·t  dep_Q=+1323214297.707655-13261573.079729·t  t_eq=—
      邊  2  t∈[+3.387847, +99.778080]  dep_P=-0.000000+0.000000·t  dep_Q=-0.033056+0.009757·t  t_eq=+3.387847
      邊  3  t∈[+0.267075, +3.387847]  dep_P=+44.954304-13.269283·t  dep_Q=+44.954304-13.269283·t  t_eq=—
      邊  4  t∈[+0.267075, +3.535385]  dep_P=+41.123635+1.073769·t  dep_Q=+41.120819+1.084316·t  t_eq=—
      跳過之邊：[]
      有效根：[('邊0/P', 10.362623264)]
      駁回 邊0/Q  t=+10.370237  ⇒ dep(PQ∩SIDE) ≤ dep(P_block) 不成立
      駁回 邊1/P  t=+99.892637  ⇒ 不落該邊之 t 區間
      駁回 邊1/Q  t=+101.690017  ⇒ 不落該邊之 t 區間
      駁回 邊2/P  t=+10.365268  ⇒ 該邊之交點非臨街側者（P_block 落別邊）
      駁回 邊2/Q  t=+10.370399  ⇒ dep(PQ∩SIDE) ≤ dep(P_block) 不成立
      駁回 邊3/P  t=+10.370733  ⇒ 不落該邊之 t 區間
      駁回 邊3/Q  t=+10.370733  ⇒ 不落該邊之 t 區間
      駁回 邊4/P  t=+10.362187  ⇒ 不落該邊之 t 區間
      駁回 邊4/Q  t=+10.370210  ⇒ 不落該邊之 t 區間
      note：K-9-7-d 第二層（乙式）：支 L2·邊0/P｜P_block 內縮 0.000003m｜落 FRONT 重疊段｜截角內 False｜δ_P +0.000003｜帶 [+0.000003, +44.853260]｜D(t*) 44.853260→44.853257｜t* 10.3626233→10.3626233
  ── 3.5m R3/right｜c=1.00428447 k=0.0756891559 m=0.0121089016 w0=-0 T=7.0000｜採 L2·邊0/①｜t*=6.970136568
      邊  0  t∈[+3.550708, +93.006625]  dep_P=+44.898128-0.012109·t  dep_Q=+44.898128+0.000000·t  t_eq=—
      邊  1  t∈[-0.262154, +3.550708]  dep_P=+41.655720+0.901063·t  dep_Q=+41.658676+0.912340·t  t_eq=—
      邊  2  t∈[-3.383603, -0.262154]  dep_P=+44.898112+13.269320·t  dep_Q=+44.898112+13.269320·t  t_eq=—
      邊  3  t∈[-3.383603, +93.006631]  dep_P=+0.000000+0.000000·t  dep_Q=+0.040934+0.012098·t  t_eq=-3.383603
      邊  4  t∈[+93.006625, +93.006631]  dep_P=+733616704.321498-7887789.262283·t  dep_Q=+732947853.937572-7880597.822879·t  t_eq=—
      跳過之邊：[]
      有效根：[('邊0/①', 6.970136568)]
      駁回 邊1/①  t=+7.222599  ⇒ 不落該邊之 t 區間
      駁回 邊2/①  t=+18352695.051500  ⇒ 不落該邊之 t 區間
      駁回 邊3/①  t=+3.592894  ⇒ 該邊之交點非臨街側者（P_block 落別邊）
      駁回 邊4/①  t=+93.006480  ⇒ 不落該邊之 t 區間
      note：K-9-7-d 第二層（乙式）：支 L2·邊0/①｜P_block 內縮 0.000001m｜落 FRONT 重疊段｜截角內 False｜δ_P +0.000001｜帶 [+0.000001, +44.813728]｜D(t*) 44.813728→44.813727｜t* 6.97013665→6.97013657
  ── 3.5m R4/left｜c=1.00103443 k=-0.0475991183 m=0.000424347997 w0=0 T=7.0000｜採 L2·邊3/P｜t*=8.567713149
      邊  0  t∈[+1.575058, +49.479056]  dep_P=+0.000000-0.000000·t  dep_Q=-0.000668+0.000424·t  t_eq=+1.575058
      邊  1  t∈[+0.175732, +1.575058]  dep_P=+33.125640-21.031383·t  dep_Q=+33.125640-21.031383·t  t_eq=+1.575055
      邊  2  t∈[+0.175732, +3.707626]  dep_P=+29.245920+1.046069·t  dep_Q=+29.245842+1.046515·t  t_eq=—
      邊  3  t∈[+3.707626, +95.252041]  dep_P=+33.125340-0.000266·t  dep_Q=+33.125340+0.000158·t  t_eq=—
      邊  4  t∈[+95.252041, +98.615038]  dep_P=+133.502743-1.054074·t  dep_Q=+133.504768-1.053671·t  t_eq=—
      邊  5  t∈[+97.136243, +98.615038]  dep_P=-1941.361421+19.985964·t  dep_Q=-1941.401261+19.986791·t  t_eq=—
      邊  6  t∈[+49.479056, +97.136243]  dep_P=-0.000012+0.000000·t  dep_Q=-0.000680+0.000424·t  t_eq=—
      跳過之邊：[]
      有效根：[('邊3/P', 8.567713149)]
      駁回 邊0/P  t=+8.567683  ⇒ 該邊之交點非臨街側者（P_block 落別邊）
      駁回 邊0/Q  t=+8.567824  ⇒ dep(PQ∩SIDE) ≤ dep(P_block) 不成立
      駁回 邊1/P  t=+8.567549  ⇒ 不落該邊之 t 區間
      駁回 邊1/Q  t=+8.567549  ⇒ 不落該邊之 t 區間
      駁回 邊2/P  t=+8.567718  ⇒ 不落該邊之 t 區間
      駁回 邊2/Q  t=+8.567896  ⇒ 不落該邊之 t 區間
      駁回 邊3/Q  t=+8.567886  ⇒ dep(PQ∩SIDE) ≤ dep(P_block) 不成立
      駁回 邊4/P  t=+8.567796  ⇒ 不落該邊之 t 區間
      駁回 邊4/Q  t=+8.568057  ⇒ 不落該邊之 t 區間
      駁回 邊5/P  t=+8.566075  ⇒ 不落該邊之 t 區間
      駁回 邊5/Q  t=+8.564518  ⇒ 不落該邊之 t 區間
      駁回 邊6/P  t=+8.567683  ⇒ 不落該邊之 t 區間
      駁回 邊6/Q  t=+8.567824  ⇒ 不落該邊之 t 區間
      note：K-9-7-d 第二層（乙式）：支 L2·邊3/P｜P_block 內縮 0.001106m｜落 FRONT 重疊段｜截角內 False｜δ_P -0.001106｜帶 [-0.001106, +33.121954]｜D(t*) 33.121954→33.123060｜t* 8.56771315→8.56771315
  ── 3.5m R4/right｜c=-1.00103443 k=-0.0500869828 m=0.000424347997 w0=-0 T=7.0000｜採 L2·邊3/Q｜t*=-8.648115265
      邊  0  t∈[-97.216531, -49.312532]  dep_P=-0.000019-0.000000·t  dep_Q=+0.000684+0.000424·t  t_eq=—
      邊  1  t∈[-98.615856, -97.216531]  dep_P=-2044.598059-21.031383·t  dep_Q=-2044.553946-21.030512·t  t_eq=—
      邊  2  t∈[-98.615856, -95.083962]  dep_P=+132.588743+1.046069·t  dep_Q=+132.586630+1.046471·t  t_eq=—
      邊  3  t∈[-95.083962, -3.539547]  dep_P=+33.099055-0.000266·t  dep_Q=+33.099054+0.000158·t  t_eq=—
      邊  4  t∈[-3.539547, -0.176550]  dep_P=+29.369050-1.054074·t  dep_Q=+29.369129-1.053628·t  t_eq=-0.176551
      邊  5  t∈[-1.655345, -0.176550]  dep_P=+33.083665+19.985964·t  dep_Q=+33.083665+19.985964·t  t_eq=—
      邊  6  t∈[-49.312532, -1.655345]  dep_P=-0.000007+0.000000·t  dep_Q=+0.000696+0.000424·t  t_eq=-1.655353
      跳過之邊：[]
      有效根：[('邊3/Q', -8.648115265)]
      駁回 邊0/P  t=-8.648267  ⇒ 不落該邊之 t 區間
      駁回 邊0/Q  t=-8.648119  ⇒ 不落該邊之 t 區間
      駁回 邊1/P  t=-8.646486  ⇒ 不落該邊之 t 區間
      駁回 邊1/Q  t=-8.648317  ⇒ 不落該邊之 t 區間
      駁回 邊2/P  t=-8.648385  ⇒ 不落該邊之 t 區間
      駁回 邊2/Q  t=-8.648106  ⇒ 不落該邊之 t 區間
      駁回 邊3/P  t=-8.648299  ⇒ dep(P_block) ≤ dep(PQ∩SIDE) 不成立
      駁回 邊4/P  t=-8.648304  ⇒ 不落該邊之 t 區間
      駁回 邊4/Q  t=-8.648115  ⇒ 不落該邊之 t 區間
      駁回 邊5/P  t=-8.648134  ⇒ 不落該邊之 t 區間
      駁回 邊5/Q  t=-8.648134  ⇒ 不落該邊之 t 區間
      駁回 邊6/P  t=-8.648267  ⇒ dep(P_block) ≤ dep(PQ∩SIDE) 不成立
      駁回 邊6/Q  t=-8.648119  ⇒ 該邊之交點非臨街側者（P_block 落別邊）
      note：K-9-7-d 第二層（乙式）：支 L2·邊3/Q｜P_block 內縮 0.014018m｜落 非 FRONT 段｜截角內 False｜δ_P -0.014018｜帶 [-0.014018, +33.083668]｜D(t*) 33.083668→33.097685｜t* -8.64811527→-8.64811527
  ── 3.5m R5/left｜c=1.00428449 k=-0.0756099531 m=-0.0475480012 w0=0 T=7.0000｜採 L2·邊3/Q｜t*=10.245919467
      邊  0  t∈[+3.280503, +92.403642]  dep_P=-0.000000+0.000000·t  dep_Q=+0.155424-0.047378·t  t_eq=+3.280503
      邊  1  t∈[+0.267384, +3.280503]  dep_P=+43.510389-13.263328·t  dep_Q=+43.510389-13.263328·t  t_eq=—
      邊  2  t∈[+0.267384, +3.448517]  dep_P=+39.652121+1.166366·t  dep_Q=+39.665903+1.114821·t  t_eq=—
      邊  3  t∈[+3.448517, +92.403645]  dep_P=+43.510383+0.047548·t  dep_Q=+43.510383-0.000000·t  t_eq=—
      邊  4  t∈[+92.403642, +92.403645]  dep_P=-1398439242.095317+15134027.357846·t  dep_Q=-1393443853.119248+15079966.791570·t  t_eq=—
      跳過之邊：[]
      有效根：[('邊3/Q', 10.245919467)]
      駁回 邊0/P  t=+10.275627  ⇒ dep(P_block) ≤ dep(PQ∩SIDE) 不成立
      駁回 邊0/Q  t=+10.250676  ⇒ 該邊之交點非臨街側者（P_block 落別邊）
      駁回 邊1/P  t=+10.260683  ⇒ 不落該邊之 t 區間
      駁回 邊1/Q  t=+10.260683  ⇒ 不落該邊之 t 區間
      駁回 邊2/P  t=+10.283964  ⇒ 不落該邊之 t 區間
      駁回 邊2/Q  t=+10.245097  ⇒ 不落該邊之 t 區間
      駁回 邊3/P  t=+10.282729  ⇒ dep(P_block) ≤ dep(PQ∩SIDE) 不成立
      駁回 邊4/P  t=+92.437275  ⇒ 不落該邊之 t 區間
      駁回 邊4/Q  t=+92.353455  ⇒ 不落該邊之 t 區間
      note：K-9-7-d 第二層（乙式）：支 L2·邊3/Q｜P_block 內縮 0.000000m｜落 FRONT 重疊段｜截角內 False｜δ_P -0.000000｜帶 [-0.000000, +43.510383]｜D(t*) 43.510383→43.510383｜t* 10.2459195→10.2459195
  ── 3.5m R6/right｜c=-1.00324459 k=4.76653071e-08 m=0.0501968842 w0=-2.84217094e-14 T=7.0000｜採 L2·邊0/①｜t*=-6.977361321
      邊  0  t∈[-85.577284, -3.390503]  dep_P=+43.361468-0.050197·t  dep_Q=+43.361468-0.000000·t  t_eq=—
      邊  1  t∈[-3.390503, -0.000000]  dep_P=+39.961547-1.052975·t  dep_Q=+39.961547-1.002778·t  t_eq=—
      邊  2  t∈[-0.000000, +0.000002]  dep_P=+38.323117-18630441.980600·t  dep_Q=+38.323117-18630441.974767·t  t_eq=+0.000002
      邊  3  t∈[-89.172411, +0.000002]  dep_P=+0.000000-0.000000·t  dep_Q=-0.000000+0.050197·t  t_eq=+0.000002
      邊  4  t∈[-89.172411, -85.577284]  dep_P=+1182.073831+13.256049·t  dep_Q=+1182.073834+13.306246·t  t_eq=—
      跳過之邊：[]
      有效根：[('邊0/①', -6.977361321)]
      駁回 邊1/①  t=-6.977361  ⇒ 不落該邊之 t 區間
      駁回 邊2/①  t=-60.049078  ⇒ 不落該邊之 t 區間
      駁回 邊3/①  t=-6.977359  ⇒ 該邊之交點非臨街側者（P_block 落別邊）
      駁回 邊4/①  t=-6.977411  ⇒ 不落該邊之 t 區間
      note：K-9-7-d 第二層（乙式）：支 L2·邊0/①｜P_block 內縮 0.000005m｜落 FRONT 重疊段｜截角內 False｜δ_P +0.000005｜帶 [+0.000005, +43.361474]｜D(t*) 43.361474→43.361469｜t* -6.97736132→-6.97736132

【H】註記
  · 🔴 **段四(c) 已切換**：生產 `_build_corner_range_v3` **已傳** `block_vertices`
    （`grep -n -A4 "_k97 = k97_solve_alloc_t" app.py` 之四行內含之） ⇒ 本表「二層」欄即**生產實算**。
  · ⛔ **禁二分／取樣／迭代**：切換點為一次減法、每支一次除法（推導 §二〜§四）；
    退化（邊平行 ALLOC／斜率為零／無支落區間／多根）一律 **loud raise**。
  · ⛔ **K-9-8 紅線**：求 `P_block` 全程只逐邊求「線段 ∩ 無限直線」，
    **從不與街廓多邊形取「面」交集**；虛擬量測之面積**未進入任何面積帳**。
  · 面積兩欄之**唯一變因是 `t*`**（同一支 `_build_corner_range_v3`、只多傳 `_t_override`）。
  · ⛔ **不得以 `R4/right` 當回歸靶**——其內縮僅比 `_EPS_TOUCH_FRONT` 高約 3mm，且該 3mm 來自 GB-15 之 R4 圖面誤差；換 `V6_1` 後該實例消失。
  · 摘要 → verify\out\probe_K9_7d_layer2.log；全量 → verify\out\probe_K9_7d_layer2.full.log（**同一次跑**）
