
====================================================================================================
【W-G.9-98 §一】結構閘「位次＝投影序」三路徑實測（⛔ 非推論）
====================================================================================================
  基座（log 檔名所綁）＝ **7bb32b8**
  產生時 HEAD ＝ 7bb32b8（7bb32b8e4631f189efba5719ce9bdd769fdabb19）
  `app.py` blob ＝ a9e5671d64d254907a0396f898f046d9d85e8283
  🔒 `merge-base --is-ancestor 7bb32b8 HEAD` ⇒ 祖先關係（⛔ 不以 HEAD 逐位相等為判準·考古節 122/123）
  🛑 **呼叫護欄已裝**：`run_step_g`／`run_corner_pk`／`run_verification.main` 皆覆蓋為 raise 版
  環境：shapely 2.1.2 | GEOS (3, 13, 1) | numpy 2.4.4

====================================================================================================
【§0】同一性與判別力先驗（⛔ 未證明探針接到生產函式前，其後一切數字無效）
====================================================================================================
  `_projection_order`：`co_firstlineno` ＝ **7518**／AST 定義行 ＝ **7518** ⇒ ✅ 同一物
  `_spatial_order_parcels_v2`：`co_firstlineno` ＝ **7614**／AST 定義行 ＝ **7614** ⇒ ✅ 同一物
  判別力先驗（人造 3 宗·只對調 `B`／`C` 之幾何）：序①＝['A', 'B', 'C']／序②＝['A', 'C', 'B'] ⇒ ✅ 序改變 ⇒ 探針接到函式
  閘複刻之判別力先驗：正序 `_pos_bad` ＝ **0** 筆（須 0）／逆序 `_pos_bad` ＝ **2** 筆（須 >0）⇒ ✅ 閘複刻可轉紅

====================================================================================================
【§1】母體（`data/V6.dxf` 全街廓·⛔ 不得只取 R2／R5）
====================================================================================================
  `cb_by`（DXF 街廓）母體 ＝ **11**：['G1', 'R1', 'R2', 'R3', 'R4', 'R5', 'R6', 'RD1', 'RD2', 'RD3', 'RD4']
  `build_parcels` ＝ **61** 宗；`_is_ghost_sliver` 扣除 ＝ **2** ⇒ 餘 **59** 宗
  🔒 `f3_corner_winners` 於 `ss` ＝ **不在**（由 `stepg_pipeline.py:282` 於 `run_step_g` 內鋪底·本批禁跑）

  母體 ＝ **11**／納入 ＝ **6**／略過 ＝ **5**
     略過 `G1`：無可建築宗地（`build_parcels` 之 `所屬街廓` 命中 0）
     略過 `RD1`：無可建築宗地（`build_parcels` 之 `所屬街廓` 命中 0）
     略過 `RD2`：無可建築宗地（`build_parcels` 之 `所屬街廓` 命中 0）
     略過 `RD3`：無可建築宗地（`build_parcels` 之 `所屬街廓` 命中 0）
     略過 `RD4`：無可建築宗地（`build_parcels` 之 `所屬街廓` 命中 0）
  納入之街廓與階段1宗數：R1(5)、R2(15)、R3(14)、R4(2)、R5(12)、R6(11)

  對照 `D` 之 `G` 來源 ＝ `verify/baselines/v3/G 值計算結果_退縮0m.csv`（唯讀·⛔ 未跑求解器）
  該 CSV 列數 ＝ **67**；具 `G(㎡)` 值者 ＝ **67**

====================================================================================================
【§2】`pk_winners` 對本閘之影響 ＝ 0（實測·合成 winner）
====================================================================================================
  構造：對每街廓以 ① 空 `pk_winners` ② 合成 `pk_winners`（`p1_end`＝投影序第 2 宗、`p2_end`＝倒數第 2 宗）各建一次 `ordered_v2`。
  判準：① `ordered` 之順序**須改變**（證合成值有效）② `_pos_bad` **須相同**。

  街廓   n    順序改變?   `_pos_bad`(空pk)   `_pos_bad`(合成pk)   判
  R1    5    是           0                  0                    ✅
  R2    15   是           0                  0                    ✅
  R3    14   是           0                  0                    ✅
  R4    2    否（n<4·未合成）  0                  0                    ✅
  R5    12   是           0                  0                    ✅
  R6    11   是           0                  0                    ✅

  ⇒ `pk_winners` 對 `_pos_bad` 之影響 ＝ **0**（✅ 全街廓成立）
  🔒 與結構論證一致：`app.py:7657-7659` 之 `pre_position` 賦值**先於** winner 處理；winner 僅 `pop`／`insert` 重排清單、⛔ 不改任一 `pre_position` 值。

====================================================================================================
【§3】三路徑（A/B/C）＋ 二對照（D/E）逐街廓逐側實測
====================================================================================================
  出艙格式：街廓｜側｜移除標的暫編｜路徑｜`_pos_bad` 筆數｜判

  街廓    側      移除標的             路徑     _pos_bad 判     
  ------------------------------------------------------------
  R1    —      —                E      0        綠
  R1    —      (依G重編位次)         D      4        紅
  R1    右(p1)  628-37(1)        A      0        綠
  R1    右(p1)  628-37(1)        B      0        綠
  R1    右(p1)  628-37(1)        C      3        紅
  R1    左(p2)  628-34(3)        A      0        綠
  R1    左(p2)  628-34(3)        B      0        綠
  R1    左(p2)  628-34(3)        C      1        紅
  R2    —      —                E      0        綠
  R2    —      (依G重編位次)         D      13       紅
  R2    右(p1)  628-41(1)        A      0        綠
  R2    右(p1)  628-41(1)        B      0        綠
  R2    右(p1)  628-41(1)        C      13       紅
  R2    左(p2)  628-34(1)        A      0        綠
  R2    左(p2)  628-34(1)        B      0        綠
  R2    左(p2)  628-34(1)        C      1        紅
  R3    —      —                E      0        綠
  R3    —      (依G重編位次)         D      13       紅
  R3    右(p1)  628-34(2)        A      0        綠
  R3    右(p1)  628-34(2)        B      0        綠
  R3    右(p1)  628-34(2)        C      12       紅
  R3    左(p2)  628-27(2)        A      0        綠
  R3    左(p2)  628-27(2)        B      0        綠
  R3    左(p2)  628-27(2)        C      1        紅
  R4    —      —                E      0        綠
  R4    —      (依G重編位次)         D      0        綠
  R4    右(p1)  628-1(1)         A      0        綠
  R4    右(p1)  628-1(1)         B      0        綠
  R4    右(p1)  628-1(1)         C      0        綠
  R4    左(p2)  628(1)           A      0        綠
  R4    左(p2)  628(1)           B      0        綠
  R4    左(p2)  628(1)           C      1        紅
  R5    —      —                E      0        綠
  R5    —      (依G重編位次)         D      12       紅
  R5    右(p1)  628-18(2)        A      0        綠
  R5    右(p1)  628-18(2)        B      0        綠
  R5    右(p1)  628-18(2)        C      10       紅
  R5    左(p2)  628-23(2)        A      0        綠
  R5    左(p2)  628-23(2)        B      0        綠
  R5    左(p2)  628-23(2)        C      1        紅
  R6    —      —                E      0        綠
  R6    —      (依G重編位次)         D      10       紅
  R6    右(p1)  628-1(2)         A      0        綠
  R6    右(p1)  628-1(2)         B      0        綠
  R6    右(p1)  628-1(2)         C      9        紅
  R6    左(p2)  628-38(1)        A      0        綠
  R6    左(p2)  628-38(1)        B      0        綠
  R6    左(p2)  628-38(1)        C      1        紅

====================================================================================================
【§4】路徑別合計與停機判定
====================================================================================================
  路徑   綠     紅     合計   預測
  A      12     0      12     綠  ✅
  B      12     0      12     綠  ✅
  C      1      11     12     紅  🔴
  D      1      5      6      紅  🔴
  E      6      0      6      綠  ✅

  ⚠️ 對照 `D` 之擾動量為零（`G` 序恰等於投影序）之街廓：['R4(n=2)']
     ⇒ 該街廓之 `D` **無判別力**、⛔ 不得計為證據（對照組擾動須大於被測量之解析度）。

  路徑 `C` 首個紅例：街廓 `R1`／側 右(p1)／標的 `628-37(1)`
     `_pos_bad` 全列（3 筆·⛔ 未切片）＝ [('628-36(1)', 2, 3), ('628-34(3)', 3, 4), ('628(5)', 4, 5)]
  路徑 `D` 首個紅例：街廓 `R1`／側 —／標的 `(依G重編位次)`
     `_pos_bad` 全列（4 筆·⛔ 未切片）＝ [('628-37(1)', 4, 2), ('628-36(1)', 2, 3), ('628-34(3)', 5, 4), ('628(5)', 3, 5)]

====================================================================================================
【§5】路徑 `C` 之定量律 ⇒ 「母體不同步」係**必要非充分**
====================================================================================================
  假說：自 `_proj_rank` 之母體移除投影排名 `r` 之宗（母體 `n` 宗）
        ⇒ 排名後移者恰 **`n − r`** 筆 ⇒ `len(_pos_bad)` ＝ `n − r`。
  🔒 由**機器**逐例驗證（⛔ 非手算·考古：2dp 顯示值不可手算差）。

  街廓    側      移除標的             n    r    n−r      實得       判
  R1    右(p1)  628-37(1)        5    2    3        3        ✅
  R1    左(p2)  628-34(3)        5    4    1        1        ✅
  R2    右(p1)  628-41(1)        15   2    13       13       ✅
  R2    左(p2)  628-34(1)        15   14   1        1        ✅
  R3    右(p1)  628-34(2)        14   2    12       12       ✅
  R3    左(p2)  628-27(2)        14   13   1        1        ✅
  R4    右(p1)  628-1(1)         2    2    0        0        ✅
  R4    左(p2)  628(1)           2    1    1        1        ✅
  R5    右(p1)  628-18(2)        12   2    10       10       ✅
  R5    左(p2)  628-23(2)        12   11   1        1        ✅
  R6    右(p1)  628-1(2)         11   2    9        9        ✅
  R6    左(p2)  628-38(1)        11   10   1        1        ✅

  ⇒ 定量律 **成立**（12／12 例相符）
  ⇒ `r ＝ n`（移除**投影序末位**）之例 ＝ **1**：['R4 右(p1) 628-1(1)']
     此類例中母體**確實不同步**（`ordered_v2` 少 1 宗）而 `_pos_bad` ＝ **0** ⇒ 閘 **綠**。

  🔴 **結論（⛔ 逐字要緊）**：
     「二呼叫點之母體不同步」係該閘轉紅之 **必要條件**，⛔ **非充分條件**。
     精確之充要條件 ＝ **至少一存活宗，其投影排名在二母體下相異**。
     ⇒ 凡欲入倉之正典逐字，⛔ **不得**寫成「轉紅之**充要條件** ＝ 母體不同步」。

  🛑 **停機**：路徑 ['C', 'D'] 之實測與預測不符
     路徑 `C` 之綠例：街廓 `R4`／側 右(p1)／標的 `628-1(1)`
     路徑 `D` 之綠例：街廓 `R4`／側 —／標的 `(依G重編位次)`

  🔒 呼叫護欄計數（須全 0）＝ {}（無任一被呼叫）
