================================================================================================================================================================================
【W-G.9-49】自由姿態之矩形容納（`K-9-12` ＋ KL 2026-08-17 自陳更正）
================================================================================================================================================================================
  產生於 commit：b1ce0b8
  🔴 姿態**無約束**：可旋轉、可平移、⛔ 不須貼齊 FRONTLINE

【B-5】`W`／`D` 之來源（⛔ 逐街廓·⛔ 無字面量）
--------------------------------------------------------------------------------------------------------------------------------------------------------------------------------
  R1：分區 `住宅區`　路寬 12.00　⇒ W ＝ 3.5　D ＝ 14.0　table_key ＝ `住宅區`
  R3：分區 `住宅區`　路寬 8.00　⇒ W ＝ 3.5　D ＝ 14.0　table_key ＝ `住宅區`
  R6：分區 `住宅區`　路寬 8.00　⇒ W ＝ 3.5　D ＝ 14.0　table_key ＝ `住宅區`
  ⇒ **Lipschitz 常數 `R = √(W²+D²)/2` ＝ 7.215435 m/rad**

【B-3a】掃描步長與證書門檻之**自行驗證**（⛔ 未逕採單之建議值）
--------------------------------------------------------------------------------------------------------------------------------------------------------------------------------
  🔒 **實際採用者 ＝ 由粗到細之階梯**（⛔ 非單一步長）：
      Δθ ＝ 2.0e-02 rad ⇒ 門檻 `R·Δθ/2` ＝ 7.215435e-02 m（72.1543 mm）·掃描點數 158
      Δθ ＝ 5.0e-03 rad ⇒ 門檻 `R·Δθ/2` ＝ 1.803859e-02 m（18.0386 mm）·掃描點數 629
      Δθ ＝ 1.0e-03 rad ⇒ 門檻 `R·Δθ/2` ＝ 3.607717e-03 m（3.6077 mm）·掃描點數 3142
      Δθ ＝ 2.0e-04 rad ⇒ 門檻 `R·Δθ/2` ＝ 7.215435e-04 m（0.7215 mm）·掃描點數 15708
      Δθ ＝ 1.0e-04 rad ⇒ 門檻 `R·Δθ/2` ＝ 3.607717e-04 m（0.3608 mm）·掃描點數 31416
  ⇒ 逐宗取**第一個使證書成立之 Δθ**，並於【B-6】之「門檻」欄印該宗實際所用者。
  🔒 階梯之終點 ＝ 1.0e-04（＝ 單之建議值）⇒ **⛔ 未較單寬鬆**。
  🔒 **⛔ 不可減為 `[0, π/2)`**：`W ≠ D`（3.5 ≠ 14.0）⇒ 轉 π/2 後盒之長短邊互換、非同一問題。
  🔒 **`m(θ)` 之二分容差** `TOL_M` ＝ 1e-04 m ≪ 門檻 ⇒ 不影響證書。

【B-4】判別力自檢（⛔ 兩方向各一 ＋ 邊界·附實際輸出）
--------------------------------------------------------------------------------------------------------------------------------------------------------------------------------
  項                   軸對齊     自由姿態        見證θ     max m上界    期軸    期自由  判　說明
  ①斜置之 W×D             不進        進     0.3000           —    不進      進  ✅　宗地 ＝ W×D 盒繞原點轉 0.3 rad ⇒ 軸對齊不進、θ=0.3 進
  ②凸三角·恆不進             不進       不進          —   -0.980826    不進     不進  ✅　面積 > W×D 而任何姿態皆塞不下 ⇒ 須證書成立
  ③恰為 W×D               進        進     0.0000           —     進      進  ✅　閉區域 ⇒ 進（θ=0 即見證）
  ④略小於 W×D             不進       不進          —    0.000025    不進     不進  ✅　寬少 1e-6 ⇒ 任何姿態皆不進（⇒ ③ 之「進」非恆真）
  🔒 **雙向已坐實**：① 軸對齊**不進**而自由姿態**進**（⇒ 本裁確有效力）；
     ② 面積足而**任何姿態皆不進**（⇒ 自由姿態**非恆真**）。
  🔒 ③④ 為邊界對：③ 恰等大 ⇒ 進（閉區域）；④ 少 `1e-6` ⇒ 不進 ⇒ ③ 非恆真。
  ⚠️ ⛔ **未以凹形自檢**——本案宗地皆凸（`-47` 已逐宗現查）⇒ 以凹形自檢不具本案之輸入形狀（考古 85 修法 1）。
  ⇒ 自檢：PASS

================================================================================================================================================================================
【B-6】逐宗：自由姿態容納 ＋ 見證／證書 ＋ 對 `-47` 軸對齊之翻轉
================================================================================================================================================================================
  街廓   暫編地號                面積㎡   |I_F|    軸對齊     自由       見證θ      四角皆在內    max m上界         ε         門檻    證書    翻轉
  R1   628-37(1)        208.16  2.8114      進      進    0.0000      ✅ 4/4          —         —  7.215e-02     —     否
  R1   628-35(2)        599.91 17.9309      進      進    0.0000      ✅ 4/4          —         —  7.215e-02     —     否
  R1   628(5)           227.73  3.6659      進      進    0.0000      ✅ 4/4          —         —  7.215e-02     —     否
  R1   628-34(3)         86.00  2.3944     不進不進(證書成立)         —          —  -0.439358  0.439358  7.215e-02     ✅     否
  R1   628-36(1)        596.26 17.9950      進      進    0.0000      ✅ 4/4          —         —  7.215e-02     —     否
  R6   628(2)             7.38   — **面積 < W×D ⇒ 算術上必不容納**（⛔ 未量形狀）
  R6   628-1(2)         145.82  3.0737     不進不進(證書成立)         —          —  -0.226119  0.226119  7.215e-02     ✅     否
  R6   628-23(1)         71.03  1.5010     不進不進(證書成立)         —          —  -1.009966  1.009966  7.215e-02     ✅     否
  R6   628-4(1)         692.05 14.7492      進      進    0.0000      ✅ 4/4          —         —  7.215e-02     —     否
  R6   628-22(1)        152.21  3.2754     不進不進(證書成立)         —          —  -0.125567  0.125567  7.215e-02     ✅     否
  R6   628-21(1)        210.48  4.5484     不進      進    3.0000      ✅ 4/4          —         —  7.215e-02     —   🔴 是
  R6   628-18(1)        307.79  3.8197      進      進    0.0000      ✅ 4/4          —         —  7.215e-02     —     否
  R6   628-53(1)          0.26   — **面積 < W×D ⇒ 算術上必不容納**（⛔ 未量形狀）
  R6   628-38(1)        117.73  2.6960     不進不進(證書成立)         —          —  -0.414322  0.414322  7.215e-02     ✅     否
  R6   628-7(1)         302.94  6.8993      進      進    0.0000      ✅ 4/4          —         —  7.215e-02     —     否
  R6   628-20(1)        339.91  7.6779      進      進    0.0000      ✅ 4/4          —         —  7.215e-02     —     否
  R3   628(4)            44.89   — **面積 < W×D ⇒ 算術上必不容納**（⛔ 未量形狀）
  R3   628-34(2)        250.25  5.7169      進      進    0.0000      ✅ 4/4          —         —  7.215e-02     —     否
  R3   628-47(1)        143.38  3.2715     不進不進(證書成立)         —          —  -0.174349  0.174349  7.215e-02     ✅     否
  R3   628-46(1)         72.77  1.6593     不進不進(證書成立)         —          —  -0.976979  0.976979  7.215e-02     ✅     否
  R3   628-48(1)        143.40  3.2674     不進不進(證書成立)         —          —  -0.176369  0.176369  7.215e-02     ✅     否
  R3   628-49(2)         79.05  1.8001     不進不進(證書成立)         —          —  -0.906856  0.906856  7.215e-02     ✅     否
  R3   628-32(3)        421.41  9.5806      進      進    0.0000      ✅ 4/4          —         —  7.215e-02     —     否
  R3   628-45(2)        189.54  0.7970      進      進    0.0000      ✅ 4/4          —         —  7.215e-02     —     否
  R3   628-42(2)         87.90  0.2651     不進不進(證書成立)         —          —  -0.435357  0.435357  7.215e-02     ✅     否
  R3   628-27(2)         25.94   — **面積 < W×D ⇒ 算術上必不容納**（⛔ 未量形狀）
  R3   628-28(1)         63.52  1.4186     不進不進(證書成立)         —          —  -1.096831  1.096831  7.215e-02     ✅     否
  R3   628-29(1)         63.72  1.4234     不進不進(證書成立)         —          —  -1.094409  1.094409  7.215e-02     ✅     否
  R3   628-30(3)        445.03  9.9572      進      進    0.0000      ✅ 4/4          —         —  7.215e-02     —     否
  R3   628-31(3)        380.81  8.5417      進      進    0.0000      ✅ 4/4          —         —  7.215e-02     —     否
--------------------------------------------------------------------------------------------------------------------------------------------------------------------------------
  面積 < W×D 先分流 ＝ **4** 宗；形狀測試母體 ＝ **26** 宗
  軸對齊可容納 ＝ **13** 宗；**自由姿態可容納 ＝ 14** 宗
  🔴 **翻轉（軸對齊不進 → 自由姿態進）＝ 1 宗**
      R6/628-21(1)　面積 210.48　見證 θ ＝ 3.000000 rad（171.8873°）
  判「不進」者 ＝ **12** 宗；其中**證書成立** ＝ **12** 宗
      ✅ 全部成立 ⇒ 「不進」係**已證明**、⛔ 非「沒找到」
  見證矩形之**逐角獨立驗證**：14／14 宗四角全在宗內　✅

【B-3b】見證矩形之四角座標（**原 (s,t) 框**·⛔ 逐角獨立驗證·前 6 宗示例＋全部翻轉宗）
--------------------------------------------------------------------------------------------------------------------------------------------------------------------------------
  R6/628-21(1)　θ ＝ 3.000000000 rad
      角1 ＝ (29.617349062, 29.856398389)　在宗內 ＝ True
      角2 ＝ (26.152375324, 30.350318418)　在宗內 ＝ True
      角3 ＝ (24.176695211, 16.490423465)　在宗內 ＝ True
      角4 ＝ (27.641668949, 15.996503437)　在宗內 ＝ True
  R1/628-37(1)　θ ＝ 0.000000000 rad
      角1 ＝ (2.764071103, 10.913051464)　在宗內 ＝ True
      角2 ＝ (6.264071103, 10.913051464)　在宗內 ＝ True
      角3 ＝ (6.264071103, 24.913051464)　在宗內 ＝ True
      角4 ＝ (2.764071103, 24.913051464)　在宗內 ＝ True
  R1/628-35(2)　θ ＝ 0.000000000 rad
      角1 ＝ (14.921129716, 9.576698950)　在宗內 ＝ True
      角2 ＝ (18.421129716, 9.576698950)　在宗內 ＝ True
      角3 ＝ (18.421129716, 23.576698950)　在宗內 ＝ True
      角4 ＝ (14.921129716, 23.576698950)　在宗內 ＝ True
  R1/628(5)　θ ＝ 0.000000000 rad
      角1 ＝ (83.952878062, 13.563898576)　在宗內 ＝ True
      角2 ＝ (87.452878062, 13.563898576)　在宗內 ＝ True
      角3 ＝ (87.452878062, 27.563898576)　在宗內 ＝ True
      角4 ＝ (83.952878062, 27.563898576)　在宗內 ＝ True
  R1/628-36(1)　θ ＝ 0.000000000 rad
      角1 ＝ (68.463311162, 9.565859232)　在宗內 ＝ True
      角2 ＝ (71.963311162, 9.565859232)　在宗內 ＝ True
      角3 ＝ (71.963311162, 23.565859232)　在宗內 ＝ True
      角4 ＝ (68.463311162, 23.565859232)　在宗內 ＝ True
  R6/628-4(1)　θ ＝ 0.000000000 rad
      角1 ＝ (12.233332394, 16.304696711)　在宗內 ＝ True
      角2 ＝ (15.733332394, 16.304696711)　在宗內 ＝ True
      角3 ＝ (15.733332394, 30.304696711)　在宗內 ＝ True
      角4 ＝ (12.233332394, 30.304696711)　在宗內 ＝ True
  R6/628-18(1)　θ ＝ 0.000000000 rad
      角1 ＝ (82.376378265, 16.344010056)　在宗內 ＝ True
      角2 ＝ (85.876378265, 16.344010056)　在宗內 ＝ True
      角3 ＝ (85.876378265, 30.344010056)　在宗內 ＝ True
      角4 ＝ (82.376378265, 30.344010056)　在宗內 ＝ True

【C-1】自由姿態判「進」 ∧ `|I_F| < W` 之宗（＝「不臨足夠路寬而仍判可建築」）
--------------------------------------------------------------------------------------------------------------------------------------------------------------------------------
  查得 ＝ **2** 宗
      🔴 R1/628-37(1)　面積 208.16　|I_F| ＝ 2.8114 < W ＝ 3.50
      🔴 R3/628-45(2)　面積 189.54　|I_F| ＝ 0.7970 < W ＝ 3.50

【D-3】兩側界**平行**之宗：閉式 vs 侵蝕掃描（⛔ 未假定全部平行·逐宗現查）
--------------------------------------------------------------------------------------------------------------------------------------------------------------------------------
  街廓   暫編地號                兩側界平行?        垂距        帶長     閉式     掃描    一致?
  R1   628-37(1)             ✅ 平行  6.463265   33.2441      進      進      ✅
  R1   628-35(2)              不平行         —         —      —      進      —
  R1   628(5)                ✅ 平行  7.018132   33.2728      進      進      ✅
  R1   628-34(3)              不平行         —         —      —     不進      —
  R1   628-36(1)             ✅ 平行 17.936358   33.2465      進      進      ✅
  R6   628-1(2)              ✅ 平行  3.063747   47.6714     不進     不進      ✅
  R6   628-23(1)             ✅ 平行  1.496096   47.5176     不進     不進      ✅
  R6   628-4(1)              ✅ 平行 14.701524   47.4424      進      進      ✅
  R6   628-22(1)             ✅ 平行  3.264851   46.7041     不進     不進      ✅
  R6   628-21(1)             ✅ 平行  4.533726   46.5402      進      進      ✅
  R6   628-18(1)             ✅ 平行  7.197809   43.7430      進      進      ✅
  R6   628-38(1)             ✅ 平行  2.687296   43.8782     不進     不進      ✅
  R6   628-7(1)              ✅ 平行  6.876973   44.2236      進      進      ✅
  R6   628-20(1)             ✅ 平行  7.653023   44.6079      進      進      ✅
  R3   628-34(2)             ✅ 平行  5.692536   43.9952      進      進      ✅
  R3   628-47(1)             ✅ 平行  3.257542   44.0347     不進     不進      ✅
  R3   628-46(1)             ✅ 平行  1.652174   44.0548     不進     不進      ✅
  R3   628-48(1)             ✅ 平行  3.253501   44.0943     不進     不進      ✅
  R3   628-49(2)             ✅ 平行  1.792397   44.1161     不進     不進      ✅
  R3   628-32(3)             ✅ 平行  9.539711   44.2320      進      進      ✅
  R3   628-45(2)             ✅ 平行  4.362279   44.8461      進      進      ✅
  R3   628-42(2)              不平行         —         —      —     不進      —
  R3   628-28(1)             ✅ 平行  1.412529   44.9805     不進     不進      ✅
  R3   628-29(1)             ✅ 平行  1.417347   44.9633     不進     不進      ✅
  R3   628-30(3)             ✅ 平行  9.914759   44.9461      進      進      ✅
  R3   628-31(3)             ✅ 平行  8.505273   44.8256      進      進      ✅
  ⇒ 兩側界平行之宗 ＝ **23**／26；閉式與掃描**一致 ＝ 23**
  ⛔ 街廓 R2：`run_step_g` raise ⇒ **未量**
  ⛔ 街廓 R4：`run_step_g` raise ⇒ **未量**
  ⛔ 街廓 R5：`run_step_g` raise ⇒ **未量**
================================================================================================================================================================================
