========================================================================================================================================================================================================
【D-2b-22【丙】】池側殘差之逐界面全額歸因 ＋ 情境相依性 — ⛔ 零生產碼變更
========================================================================================================================================================================================================
  環境：shapely 2.1.2 | GEOS (3, 13, 1)
  乙法格數 2000×2000（每街廓 bbox）

【§2-3】情境相依性：每 (情境, 街廓) 之受檢量（⛔ 正面列舉·⛔ 非只列命中者）
--------------------------------------------------------------------------------------------------------------------------------------------------------------------------------------------------------
  母體 ＝ 12 個 (情境,街廓)（⛔ 非空）

  🔒 **夾角之情境不變性 ＝ 可失敗斷言之結果，⛔ 非「讀兩次都一樣」**：
     `build_pipeline` 於情境迴圈**外**只跑一次（寫入點 `verify/run_verification.py:182`）
     ⇒ 直接讀兩次係套套邏輯。本檔改為：取基準後，於**每情境 `build_param_table` 之後**重讀比對。
     ⇒ **漂移筆數 ＝ 0**（受檢 8 個 (街廓,側) × 2 情境）　✅ 斷言通過 ⇒ 夾角不隨情境變

  情境    街廓     solve次 is_corner  側別                          夾角左        夾角右   宗數       街廓面積
--------------------------------------------------------------------------------------------------------------------------------------------------------------------------------------------------------
  0m    R1         10         4  左側/右側/左側/右側            0.557951   0.690832    5  2893.5531
  0m    R2         30         2  左側/左側                  4.321972    （無SIDE）   15  4368.6033
  0m    R4          4         4  左側/右側/左側/右側            2.713695   2.867975    2  3207.8665
  0m    R6         28         2  右側/右側                   （無SIDE）   0.000003   11  3976.3037
  0m    R5         24         2  左側/左側                  4.321968    （無SIDE）   12  4150.2149
  0m    R3         28         2  右側/右側                   （無SIDE）   4.321958   14  4206.7996
  3.5m  R1         10         4  左側/右側/左側/右側            0.557951   0.690832    5  2893.5531
  3.5m  R2         30         0  —                      4.321972    （無SIDE）   15  4368.6033
  3.5m  R4          4         4  左側/右側/左側/右側            2.713695   2.867975    2  3207.8665
  3.5m  R6         28         2  右側/右側                   （無SIDE）   0.000003   11  3976.3037
  3.5m  R5         24         0  —                      4.321968    （無SIDE）   12  4150.2149
  3.5m  R3         28         0  —                       （無SIDE）   4.321958   14  4206.7996

  ⛔ R6 為 `SIDE ∥ ALLOC` **退化案例**（夾角 0.000003°），其結果不得作為通過憑據。

【§2-1 缺口】＋【§2-2 重疊】逐格·s 軸初等分段之全額歸因（⛔ 無萬用桶）
--------------------------------------------------------------------------------------------------------------------------------------------------------------------------------------------------------

  ══ [0m] R1　宗數 5／池片 1／街廓 2893.5531㎡　s 域 [-0.3248,87.7155]　初等分段 9 段　格面積 1.722e-03㎡　母體格數 1680622（⛔ 非空）══
     §2-1 缺口總量：甲 +0.0046㎡　乙 +0.0052㎡　|甲−乙| 0.0006
       宗0·帶內                     s∈[  -0.3248,   6.1548]　甲      0.0046　乙      0.0052　Δ  -0.0006
       🔑 **殘差**（總量 − Σ具名分段）：甲 -0.000000㎡　乙 +0.000000㎡
     §2-2 重疊總量（Σ逐對）：甲 +0.0000㎡　乙 +0.0000㎡　|甲−乙| 0.0000

  ══ [0m] R2　宗數 15／池片 1／街廓 4368.6033㎡　s 域 [0.2677,100.0274]　初等分段 30 段　格面積 2.485e-03㎡　母體格數 1757744（⛔ 非空）══
     §2-1 缺口總量：甲 +0.0000㎡　乙 +0.0000㎡　|甲−乙| 0.0000
       🔑 **殘差**（總量 − Σ具名分段）：甲 -0.000000㎡　乙 +0.000000㎡
     §2-2 重疊總量（Σ逐對）：甲 +45.9766㎡　乙 +45.9734㎡　|甲−乙| 0.0032
       宗0×宗3                   　　　　　　　甲     26.1624　乙     26.1729　Δ  -0.0105
       宗0×宗2                   　　　　　　　甲     19.8142　乙     19.8005　Δ  +0.0137

  ══ [0m] R4　宗數 2／池片 2／街廓 3207.8665㎡　s 域 [0.1759,98.7170]　初等分段 4 段　格面積 2.009e-03㎡　母體格數 1596675（⛔ 非空）══
     §2-1 缺口總量：甲 +58.4792㎡　乙 +58.4443㎡　|甲−乙| 0.0350
       宗1·帶內                     s∈[  83.0373,  98.5492]　甲     32.3854　乙     32.3684　Δ  +0.0171
       宗0·帶內                     s∈[   0.1759,  47.7111]　甲     26.0938　乙     26.0759　Δ  +0.0179
       🔑 **殘差**（總量 − Σ具名分段）：甲 -0.000000㎡　乙 +0.000000㎡
     §2-2 重疊總量（Σ逐對）：甲 +0.0000㎡　乙 +0.0000㎡　|甲−乙| 0.0000

  ══ [0m] R6　宗數 11／池片 2／街廓 3976.3037㎡　s 域 [-3.6068,85.8549]　初等分段 21 段　格面積 2.159e-03㎡　母體格數 1841307（⛔ 非空）══
     §2-1 缺口總量：甲 +0.0000㎡　乙 +0.0000㎡　|甲−乙| 0.0000
       🔑 **殘差**（總量 − Σ具名分段）：甲 +0.000000㎡　乙 +0.000000㎡
     §2-2 重疊總量（Σ逐對）：甲 +0.0000㎡　乙 +0.0000㎡　|甲−乙| 0.0000

  ══ [0m] R5　宗數 12／池片 1／街廓 4150.2149㎡　s 域 [0.2685,92.7995]　初等分段 23 段　格面積 2.277e-03㎡　母體格數 1822673（⛔ 非空）══
     §2-1 缺口總量：甲 +0.0000㎡　乙 +0.0000㎡　|甲−乙| 0.0000
       🔑 **殘差**（總量 − Σ具名分段）：甲 -0.000000㎡　乙 +0.000000㎡
     §2-2 重疊總量（Σ逐對）：甲 +56.3293㎡　乙 +56.3258㎡　|甲−乙| 0.0034
       宗0×宗2                   　　　　　　　甲     36.1337　乙     36.1312　Δ  +0.0024
       宗0×宗3                   　　　　　　　甲     20.1956　乙     20.1946　Δ  +0.0010

  ══ [0m] R3　宗數 14／池片 1／街廓 4206.7996㎡　s 域 [-0.0000,96.8032]　初等分段 28 段　格面積 2.368e-03㎡　母體格數 1776746（⛔ 非空）══
     §2-1 缺口總量：甲 +0.0001㎡　乙 +0.0024㎡　|甲−乙| 0.0022
       池帶                        s∈[  -0.0000,   0.0000]　甲      0.0001　乙      0.0024　Δ  -0.0022
       🔑 **殘差**（總量 − Σ具名分段）：甲 -0.000000㎡　乙 +0.000000㎡
     §2-2 重疊總量（Σ逐對）：甲 +0.0000㎡　乙 +0.0000㎡　|甲−乙| 0.0000

  ══ [3.5m] R1　宗數 5／池片 1／街廓 2893.5531㎡　s 域 [-0.3248,87.7155]　初等分段 9 段　格面積 1.722e-03㎡　母體格數 1680622（⛔ 非空）══
     §2-1 缺口總量：甲 +5.3881㎡　乙 +5.3855㎡　|甲−乙| 0.0026
       宗0·帶內                     s∈[  -0.3248,  17.5649]　甲      5.3881　乙      5.3855　Δ  +0.0026
       🔑 **殘差**（總量 − Σ具名分段）：甲 +0.000000㎡　乙 +0.000000㎡
     §2-2 重疊總量（Σ逐對）：甲 +0.0000㎡　乙 +0.0000㎡　|甲−乙| 0.0000

  ══ [3.5m] R2　宗數 15／池片 2／街廓 4368.6033㎡　s 域 [0.2677,100.0274]　初等分段 31 段　格面積 2.485e-03㎡　母體格數 1757744（⛔ 非空）══
     §2-1 缺口總量：甲 +0.0000㎡　乙 +0.0000㎡　|甲−乙| 0.0000
       🔑 **殘差**（總量 − Σ具名分段）：甲 -0.000000㎡　乙 +0.000000㎡
     §2-2 重疊總量（Σ逐對）：甲 +0.0000㎡　乙 +0.0000㎡　|甲−乙| 0.0000

  ══ [3.5m] R4　宗數 2／池片 2／街廓 3207.8665㎡　s 域 [0.1759,98.7170]　初等分段 4 段　格面積 2.009e-03㎡　母體格數 1596675（⛔ 非空）══
     §2-1 缺口總量：甲 +58.4792㎡　乙 +58.4443㎡　|甲−乙| 0.0350
       宗1·帶內                     s∈[  83.0373,  98.5492]　甲     32.3854　乙     32.3684　Δ  +0.0171
       宗0·帶內                     s∈[   0.1759,  47.7111]　甲     26.0938　乙     26.0759　Δ  +0.0179
       🔑 **殘差**（總量 − Σ具名分段）：甲 -0.000000㎡　乙 +0.000000㎡
     §2-2 重疊總量（Σ逐對）：甲 +0.0000㎡　乙 +0.0000㎡　|甲−乙| 0.0000

  ══ [3.5m] R6　宗數 11／池片 2／街廓 3976.3037㎡　s 域 [-3.6068,85.8549]　初等分段 21 段　格面積 2.159e-03㎡　母體格數 1841307（⛔ 非空）══
     §2-1 缺口總量：甲 +0.0000㎡　乙 +0.0000㎡　|甲−乙| 0.0000
       🔑 **殘差**（總量 − Σ具名分段）：甲 +0.000000㎡　乙 +0.000000㎡
     §2-2 重疊總量（Σ逐對）：甲 +0.0000㎡　乙 +0.0000㎡　|甲−乙| 0.0000

  ══ [3.5m] R5　宗數 12／池片 2／街廓 4150.2149㎡　s 域 [0.2685,92.7995]　初等分段 24 段　格面積 2.277e-03㎡　母體格數 1822673（⛔ 非空）══
     §2-1 缺口總量：甲 +0.0000㎡　乙 +0.0000㎡　|甲−乙| 0.0000
       🔑 **殘差**（總量 − Σ具名分段）：甲 +0.000000㎡　乙 +0.000000㎡
     §2-2 重疊總量（Σ逐對）：甲 +0.0000㎡　乙 +0.0000㎡　|甲−乙| 0.0000

  ══ [3.5m] R3　宗數 14／池片 2／街廓 4206.7996㎡　s 域 [-0.0000,96.8032]　初等分段 29 段　格面積 2.368e-03㎡　母體格數 1776746（⛔ 非空）══
     §2-1 缺口總量：甲 +0.0001㎡　乙 +0.0024㎡　|甲−乙| 0.0022
       池帶                        s∈[  -0.0000,   0.0000]　甲      0.0001　乙      0.0024　Δ  -0.0022
       🔑 **殘差**（總量 − Σ具名分段）：甲 -0.000000㎡　乙 +0.000000㎡
     §2-2 重疊總量（Σ逐對）：甲 +0.0000㎡　乙 +0.0000㎡　|甲−乙| 0.0000
