========================================================================================================================================================================================================
【D-2b-23【甲】commit A′】`_solve_G_one` 五實參之**甲前**基準 — ⛔ 零生產碼變更
========================================================================================================================================================================================================
  受記實參：('S_max', 'A', 'B', 'C', 'tab6_burden')
  依據：KL 2026-08-09 ②「唯一殘餘條件·須量不得推定」

  母體 ＝ 14 個 (情境,街廓,路徑)（⛔ 非空）／`_solve_G_one` 總呼叫 380 次

  ── [0m] R1／實配　相異組合 8　呼叫 10 次　sha256 7a701f8f8cf9de86fefe72514d0d3f146cf6ca19691f5daf5eb1ad00730459da ──
     ×1   S_max=37.423175859　A=2.042876816　B=0.171042711　C=0.091318931　tab6_burden=0.40712387
     ×1   S_max=44.874396259　A=1.736445293　B=0.171042711　C=0.091318931　tab6_burden=0.40712387
     ×1   S_max=53.103618069　A=1.736445293　B=0.171042711　C=0.091318931　tab6_burden=0.40712387
     ×1   S_max=55.691198953　A=2.042876816　B=0.171042711　C=0.091318931　tab6_burden=0.40712387
     ×1   S_max=62.73977425　A=1.736445293　B=0.171042711　C=0.091318931　tab6_burden=0.40712387
     ×1   S_max=63.142224204　A=1.736445293　B=0.171042711　C=0.091318931　tab6_burden=0.40712387
     ×2   S_max=80.833433503　A=2.042876816　B=0.171042711　C=0.091318931　tab6_burden=0.40712387
     ×2   S_max=87.313031407　A=1.736445293　B=0.171042711　C=0.091318931　tab6_burden=0.40712387
  ── [0m] R2／實配　相異組合 15　呼叫 30 次　sha256 77009dedc2da788ba1dfa614b13f114ae989b2dab2fccd9457fc850dda4a6d05 ──
     ×2   S_max=100.027404484　A=1.838589134　B=0.171042711　C=0.091318931　tab6_burden=0.40712387
     ×2   S_max=52.030775935　A=1.838589134　B=0.171042711　C=0.091318931　tab6_burden=0.40712387
     ×2   S_max=53.650035113　A=1.838589134　B=0.171042711　C=0.091318931　tab6_burden=0.40712387
     ×2   S_max=56.967549983　A=1.838589134　B=0.171042711　C=0.091318931　tab6_burden=0.40712387
     ×2   S_max=60.30115413　A=1.838589134　B=0.171042711　C=0.091318931　tab6_burden=0.40712387
     ×2   S_max=61.784100763　A=1.838589134　B=0.171042711　C=0.091318931　tab6_burden=0.40712387
     ×2   S_max=71.587893205　A=1.838589134　B=0.171042711　C=0.091318931　tab6_burden=0.40712387
     ×2   S_max=72.927123446　A=1.838589134　B=0.171042711　C=0.091318931　tab6_burden=0.40712387
     ×2   S_max=81.644588504　A=1.838589134　B=0.171042711　C=0.091318931　tab6_burden=0.40712387
     ×2   S_max=86.760655281　A=1.838589134　B=0.171042711　C=0.091318931　tab6_burden=0.40712387
     ×2   S_max=88.689782555　A=1.838589134　B=0.171042711　C=0.091318931　tab6_burden=0.40712387
     ×2   S_max=88.695534448　A=1.838589134　B=0.171042711　C=0.091318931　tab6_burden=0.40712387
     ×2   S_max=95.215678509　A=1.838589134　B=0.171042711　C=0.091318931　tab6_burden=0.40712387
     ×2   S_max=95.860737488　A=1.838589134　B=0.171042711　C=0.091318931　tab6_burden=0.40712387
     ×2   S_max=95.972033181　A=1.838589134　B=0.171042711　C=0.091318931　tab6_burden=0.40712387
  ── [0m] R3／實配　相異組合 14　呼叫 28 次　sha256 48679e11d698eca742bfb7731205c103665d83b83e2e2aa3f18266efa7c1192b ──
     ×2   S_max=47.438780393　A=1.940732975　B=0.171042711　C=0.091318931　tab6_burden=0.40712387
     ×2   S_max=57.462972115　A=1.940732975　B=0.171042711　C=0.091318931　tab6_burden=0.40712387
     ×2   S_max=58.892233864　A=1.940732975　B=0.171042711　C=0.091318931　tab6_burden=0.40712387
     ×2   S_max=60.316485595　A=1.940732975　B=0.171042711　C=0.091318931　tab6_burden=0.40712387
     ×2   S_max=60.898185179　A=1.940732975　B=0.171042711　C=0.091318931　tab6_burden=0.40712387
     ×2   S_max=62.719890997　A=1.940732975　B=0.171042711　C=0.091318931　tab6_burden=0.40712387
     ×2   S_max=70.48089878　A=1.940732975　B=0.171042711　C=0.091318931　tab6_burden=0.40712387
     ×2   S_max=76.663381806　A=1.940732975　B=0.171042711　C=0.091318931　tab6_burden=0.40712387
     ×2   S_max=78.463458245　A=1.940732975　B=0.171042711　C=0.091318931　tab6_burden=0.40712387
     ×2   S_max=81.730898333　A=1.940732975　B=0.171042711　C=0.091318931　tab6_burden=0.40712387
     ×2   S_max=83.390150597　A=1.940732975　B=0.171042711　C=0.091318931　tab6_burden=0.40712387
     ×2   S_max=86.661649005　A=1.940732975　B=0.171042711　C=0.091318931　tab6_burden=0.40712387
     ×2   S_max=92.378574081　A=1.940732975　B=0.171042711　C=0.091318931　tab6_burden=0.40712387
     ×2   S_max=93.405109576　A=1.649623029　B=0.171042711　C=0.091318931　tab6_burden=0.40712387
  ── [0m] R4／實配　相異組合 2　呼叫 4 次　sha256 ea7c4731e700865f4fbf412d51fad0e5a880cfd4a33906914f8b9e9fbbc4d712 ──
     ×2   S_max=52.581657025　A=1.736445293　B=0.171042711　C=0.091318931　tab6_burden=0.40712387
     ×2   S_max=98.89378086　A=1.736445293　B=0.171042711　C=0.091318931　tab6_burden=0.40712387
  ── [0m] R5／實配　相異組合 18　呼叫 24 次　sha256 0c0bae9b9f94002974b0be89191a5f0700c00a3de1c0f072c8340f27c01ef174 ──
     ×1   S_max=40.485984379　A=1.940732975　B=0.171042711　C=0.091318931　tab6_burden=0.40712387
     ×1   S_max=40.553433174　A=1.940732975　B=0.171042711　C=0.091318931　tab6_burden=0.40712387
     ×1   S_max=50.806215328　A=1.940732975　B=0.171042711　C=0.091318931　tab6_burden=0.40712387
     ×1   S_max=51.035945613　A=1.940732975　B=0.171042711　C=0.091318931　tab6_burden=0.40712387
     ×1   S_max=51.103396232　A=1.940732975　B=0.171042711　C=0.091318931　tab6_burden=0.40712387
     ×1   S_max=51.644623583　A=1.940732975　B=0.171042711　C=0.091318931　tab6_burden=0.40712387
     ×1   S_max=60.582307265　A=1.940732975　B=0.171042711　C=0.091318931　tab6_burden=0.40712387
     ×1   S_max=62.19451012　A=1.940732975　B=0.171042711　C=0.091318931　tab6_burden=0.40712387
     ×1   S_max=63.701734631　A=1.649623029　B=0.171042711　C=0.091318931　tab6_burden=0.40712387
     ×1   S_max=71.13215911　A=1.940732975　B=0.171042711　C=0.091318931　tab6_burden=0.40712387
     ×1   S_max=74.25156081　A=1.649623029　B=0.171042711　C=0.091318931　tab6_burden=0.40712387
     ×1   S_max=74.25156081　A=1.940732975　B=0.171042711　C=0.091318931　tab6_burden=0.40712387
     ×2   S_max=74.598166365　A=1.940732975　B=0.171042711　C=0.091318931　tab6_burden=0.40712387
     ×2   S_max=81.190159112　A=1.940732975　B=0.171042711　C=0.091318931　tab6_burden=0.40712387
     ×2   S_max=86.738718574　A=1.940732975　B=0.171042711　C=0.091318931　tab6_burden=0.40712387
     ×2   S_max=87.912476771　A=1.940732975　B=0.171042711　C=0.091318931　tab6_burden=0.40712387
     ×2   S_max=87.949717443　A=1.940732975　B=0.171042711　C=0.091318931　tab6_burden=0.40712387
     ×2   S_max=92.799547299　A=1.940732975　B=0.171042711　C=0.091318931　tab6_burden=0.40712387
  ── [0m] R6／實配　相異組合 14　呼叫 28 次　sha256 4d5a5bf200ecd62e98adfa572643274ef92fd361cb5e0fd63a4fc84515eef861 ──
     ×2   S_max=41.729625864　A=1.838589134　B=0.171042711　C=0.091318931　tab6_burden=0.40712387
     ×2   S_max=48.628912135　A=1.838589134　B=0.171042711　C=0.091318931　tab6_burden=0.40712387
     ×2   S_max=50.830801843　A=1.838589134　B=0.171042711　C=0.091318931　tab6_burden=0.40712387
     ×2   S_max=51.030801843　A=1.838589134　B=0.171042711　C=0.091318931　tab6_burden=0.40712387
     ×2   S_max=51.230801843　A=1.838589134　B=0.171042711　C=0.091318931　tab6_burden=0.40712387
     ×2   S_max=51.324927499　A=1.838589134　B=0.171042711　C=0.091318931　tab6_burden=0.40712387
     ×2   S_max=51.330801843　A=1.838589134　B=0.171042711　C=0.091318931　tab6_burden=0.40712387
     ×2   S_max=58.551966888　A=1.838589134　B=0.171042711　C=0.091318931　tab6_burden=0.40712387
     ×2   S_max=63.100400689　A=1.838589134　B=0.171042711　C=0.091318931　tab6_burden=0.40712387
     ×2   S_max=66.375844428　A=1.838589134　B=0.171042711　C=0.091318931　tab6_burden=0.40712387
     ×2   S_max=81.125069291　A=1.838589134　B=0.171042711　C=0.091318931　tab6_burden=0.40712387
     ×2   S_max=82.626019552　A=1.838589134　B=0.171042711　C=0.091318931　tab6_burden=0.40712387
     ×2   S_max=85.699706694　A=1.562800764　B=0.171042711　C=0.091318931　tab6_burden=0.40712387
     ×2   S_max=85.854946733　A=1.562800764　B=0.171042711　C=0.091318931　tab6_burden=0.40712387
  ── [0m] (全案)／資格　相異組合 13　呼叫 66 次　sha256 10522ebb7c8044af937c68502395ee5c4b30c599c5704af757c270689e22674d ──
     ×15  S_max=100.027404484　A=1.838589134　B=0.171042711　C=0.091318931　tab6_burden=0.40712387
     ×2   S_max=85.854948797　A=1.562800764　B=0.171042711　C=0.091318931　tab6_burden=0.40712387
     ×9   S_max=85.854948797　A=1.838589134　B=0.171042711　C=0.091318931　tab6_burden=0.40712387
     ×3   S_max=87.313031407　A=1.736445293　B=0.171042711　C=0.091318931　tab6_burden=0.40712387
     ×2   S_max=87.313031407　A=2.042876816　B=0.171042711　C=0.091318931　tab6_burden=0.40712387
     ×3   S_max=87.715481361　A=1.736445293　B=0.171042711　C=0.091318931　tab6_burden=0.40712387
     ×2   S_max=87.715481361　A=2.042876816　B=0.171042711　C=0.091318931　tab6_burden=0.40712387
     ×1   S_max=92.799547299　A=1.649623029　B=0.171042711　C=0.091318931　tab6_burden=0.40712387
     ×11  S_max=92.799547299　A=1.940732975　B=0.171042711　C=0.091318931　tab6_burden=0.40712387
     ×1   S_max=96.803209695　A=1.649623029　B=0.171042711　C=0.091318931　tab6_burden=0.40712387
     ×13  S_max=96.803209695　A=1.940732975　B=0.171042711　C=0.091318931　tab6_burden=0.40712387
     ×2   S_max=98.717048399　A=1.736445293　B=0.171042711　C=0.091318931　tab6_burden=0.40712387
     ×2   S_max=98.89378086　A=1.736445293　B=0.171042711　C=0.091318931　tab6_burden=0.40712387
  ── [3.5m] R1／實配　相異組合 9　呼叫 10 次　sha256 85cc2eaaeb9c1dafb2ee4a75f8b6469c7c0eafe935f25be8b992120351f95a55 ──
     ×1   S_max=37.423753766　A=2.042876816　B=0.171042711　C=0.091318931　tab6_burden=0.40712387
     ×1   S_max=44.874678696　A=1.736445293　B=0.171042711　C=0.091318931　tab6_burden=0.40712387
     ×1   S_max=51.231907448　A=1.736445293　B=0.171042711　C=0.091318931　tab6_burden=0.40712387
     ×1   S_max=53.578959368　A=2.042876816　B=0.171042711　C=0.091318931　tab6_burden=0.40712387
     ×1   S_max=60.111972081　A=1.736445293　B=0.171042711　C=0.091318931　tab6_burden=0.40712387
     ×1   S_max=62.699413547　A=2.042876816　B=0.171042711　C=0.091318931　tab6_burden=0.40712387
     ×1   S_max=69.748105167　A=2.042876816　B=0.171042711　C=0.091318931　tab6_burden=0.40712387
     ×1   S_max=70.150555121　A=1.736445293　B=0.171042711　C=0.091318931　tab6_burden=0.40712387
     ×2   S_max=87.313031407　A=1.736445293　B=0.171042711　C=0.091318931　tab6_burden=0.40712387
  ── [3.5m] R2／實配　相異組合 15　呼叫 30 次　sha256 6203a7a21dc77997c7143c02064b123a696c6b59960b0c946671d8d94967dc11 ──
     ×2   S_max=42.953701571　A=1.838589134　B=0.171042711　C=0.091318931　tab6_burden=0.40712387
     ×2   S_max=44.573094548　A=1.838589134　B=0.171042711　C=0.091318931　tab6_burden=0.40712387
     ×2   S_max=47.890719461　A=1.838589134　B=0.171042711　C=0.091318931　tab6_burden=0.40712387
     ×2   S_max=51.224334361　A=1.838589134　B=0.171042711　C=0.091318931　tab6_burden=0.40712387
     ×2   S_max=52.707372616　A=1.838589134　B=0.171042711　C=0.091318931　tab6_burden=0.40712387
     ×2   S_max=62.511521002　A=1.838589134　B=0.171042711　C=0.091318931　tab6_burden=0.40712387
     ×2   S_max=63.85067432　A=1.838589134　B=0.171042711　C=0.091318931　tab6_burden=0.40712387
     ×2   S_max=72.616987118　A=1.838589134　B=0.171042711　C=0.091318931　tab6_burden=0.40712387
     ×2   S_max=77.903171893　A=1.838589134　B=0.171042711　C=0.091318931　tab6_burden=0.40712387
     ×2   S_max=79.91238253　A=1.838589134　B=0.171042711　C=0.091318931　tab6_burden=0.40712387
     ×2   S_max=79.918479826　A=1.838589134　B=0.171042711　C=0.091318931　tab6_burden=0.40712387
     ×2   S_max=86.590189446　A=1.838589134　B=0.171042711　C=0.091318931　tab6_burden=0.40712387
     ×2   S_max=87.250197463　A=1.838589134　B=0.171042711　C=0.091318931　tab6_burden=0.40712387
     ×2   S_max=91.331373093　A=1.838589134　B=0.171042711　C=0.091318931　tab6_burden=0.40712387
     ×2   S_max=91.331547294　A=1.838589134　B=0.171042711　C=0.091318931　tab6_burden=0.40712387
  ── [3.5m] R3／實配　相異組合 14　呼叫 28 次　sha256 8a5783c9e6ef90b38e27d142ebac137dd05e1cfeb8a17a87adc62374a8dd1d48 ──
     ×2   S_max=42.104770331　A=1.940732975　B=0.171042711　C=0.091318931　tab6_burden=0.40712387
     ×2   S_max=52.307512908　A=1.940732975　B=0.171042711　C=0.091318931　tab6_burden=0.40712387
     ×2   S_max=53.756500614　A=1.940732975　B=0.171042711　C=0.091318931　tab6_burden=0.40712387
     ×2   S_max=58.324203469　A=1.940732975　B=0.171042711　C=0.091318931　tab6_burden=0.40712387
     ×2   S_max=59.751059051　A=1.940732975　B=0.171042711　C=0.091318931　tab6_burden=0.40712387
     ×2   S_max=60.332882503　A=1.940732975　B=0.171042711　C=0.091318931　tab6_burden=0.40712387
     ×2   S_max=61.778458462　A=1.940732975　B=0.171042711　C=0.091318931　tab6_burden=0.40712387
     ×2   S_max=67.96096016　A=1.940732975　B=0.171042711　C=0.091318931　tab6_burden=0.40712387
     ×2   S_max=69.760975567　A=1.940732975　B=0.171042711　C=0.091318931　tab6_burden=0.40712387
     ×2   S_max=73.028165848　A=1.940732975　B=0.171042711　C=0.091318931　tab6_burden=0.40712387
     ×2   S_max=74.687482475　A=1.940732975　B=0.171042711　C=0.091318931　tab6_burden=0.40712387
     ×2   S_max=77.959072744　A=1.940732975　B=0.171042711　C=0.091318931　tab6_burden=0.40712387
     ×2   S_max=83.67591394　A=1.940732975　B=0.171042711　C=0.091318931　tab6_burden=0.40712387
     ×2   S_max=84.70244774　A=1.649623029　B=0.171042711　C=0.091318931　tab6_burden=0.40712387
  ── [3.5m] R4／實配　相異組合 2　呼叫 4 次　sha256 ea7c4731e700865f4fbf412d51fad0e5a880cfd4a33906914f8b9e9fbbc4d712 ──
     ×2   S_max=52.581657025　A=1.736445293　B=0.171042711　C=0.091318931　tab6_burden=0.40712387
     ×2   S_max=98.89378086　A=1.736445293　B=0.171042711　C=0.091318931　tab6_burden=0.40712387
  ── [3.5m] R5／實配　相異組合 18　呼叫 24 次　sha256 bc3995727a0c99f980d58862436f9c8ab8921bb7b875d88fcc0f0d53298113e9 ──
     ×1   S_max=31.677639574　A=1.940732975　B=0.171042711　C=0.091318931　tab6_burden=0.40712387
     ×1   S_max=31.744969755　A=1.940732975　B=0.171042711　C=0.091318931　tab6_burden=0.40712387
     ×1   S_max=41.92953517　A=1.940732975　B=0.171042711　C=0.091318931　tab6_burden=0.40712387
     ×1   S_max=42.159192637　A=1.940732975　B=0.171042711　C=0.091318931　tab6_burden=0.40712387
     ×1   S_max=42.226847346　A=1.940732975　B=0.171042711　C=0.091318931　tab6_burden=0.40712387
     ×1   S_max=42.836018693　A=1.940732975　B=0.171042711　C=0.091318931　tab6_burden=0.40712387
     ×1   S_max=51.77373454　A=1.940732975　B=0.171042711　C=0.091318931　tab6_burden=0.40712387
     ×1   S_max=53.317766001　A=1.940732975　B=0.171042711　C=0.091318931　tab6_burden=0.40712387
     ×1   S_max=54.892957141　A=1.649623029　B=0.171042711　C=0.091318931　tab6_burden=0.40712387
     ×1   S_max=62.255277942　A=1.940732975　B=0.171042711　C=0.091318931　tab6_burden=0.40712387
     ×1   S_max=65.374575705　A=1.649623029　B=0.171042711　C=0.091318931　tab6_burden=0.40712387
     ×1   S_max=65.374575705　A=1.940732975　B=0.171042711　C=0.091318931　tab6_burden=0.40712387
     ×2   S_max=65.727100667　A=1.940732975　B=0.171042711　C=0.091318931　tab6_burden=0.40712387
     ×2   S_max=72.474594205　A=1.940732975　B=0.171042711　C=0.091318931　tab6_burden=0.40712387
     ×2   S_max=78.098146996　A=1.940732975　B=0.171042711　C=0.091318931　tab6_burden=0.40712387
     ×2   S_max=79.284339236　A=1.940732975　B=0.171042711　C=0.091318931　tab6_burden=0.40712387
     ×2   S_max=84.140971627　A=1.940732975　B=0.171042711　C=0.091318931　tab6_burden=0.40712387
     ×2   S_max=84.141132114　A=1.940732975　B=0.171042711　C=0.091318931　tab6_burden=0.40712387
  ── [3.5m] R6／實配　相異組合 14　呼叫 28 次　sha256 4d5a5bf200ecd62e98adfa572643274ef92fd361cb5e0fd63a4fc84515eef861 ──
     ×2   S_max=41.729625864　A=1.838589134　B=0.171042711　C=0.091318931　tab6_burden=0.40712387
     ×2   S_max=48.628912135　A=1.838589134　B=0.171042711　C=0.091318931　tab6_burden=0.40712387
     ×2   S_max=50.830801843　A=1.838589134　B=0.171042711　C=0.091318931　tab6_burden=0.40712387
     ×2   S_max=51.030801843　A=1.838589134　B=0.171042711　C=0.091318931　tab6_burden=0.40712387
     ×2   S_max=51.230801843　A=1.838589134　B=0.171042711　C=0.091318931　tab6_burden=0.40712387
     ×2   S_max=51.324927499　A=1.838589134　B=0.171042711　C=0.091318931　tab6_burden=0.40712387
     ×2   S_max=51.330801843　A=1.838589134　B=0.171042711　C=0.091318931　tab6_burden=0.40712387
     ×2   S_max=58.551966888　A=1.838589134　B=0.171042711　C=0.091318931　tab6_burden=0.40712387
     ×2   S_max=63.100400689　A=1.838589134　B=0.171042711　C=0.091318931　tab6_burden=0.40712387
     ×2   S_max=66.375844428　A=1.838589134　B=0.171042711　C=0.091318931　tab6_burden=0.40712387
     ×2   S_max=81.125069291　A=1.838589134　B=0.171042711　C=0.091318931　tab6_burden=0.40712387
     ×2   S_max=82.626019552　A=1.838589134　B=0.171042711　C=0.091318931　tab6_burden=0.40712387
     ×2   S_max=85.699706694　A=1.562800764　B=0.171042711　C=0.091318931　tab6_burden=0.40712387
     ×2   S_max=85.854946733　A=1.562800764　B=0.171042711　C=0.091318931　tab6_burden=0.40712387
  ── [3.5m] (全案)／資格　相異組合 13　呼叫 66 次　sha256 10522ebb7c8044af937c68502395ee5c4b30c599c5704af757c270689e22674d ──
     ×15  S_max=100.027404484　A=1.838589134　B=0.171042711　C=0.091318931　tab6_burden=0.40712387
     ×2   S_max=85.854948797　A=1.562800764　B=0.171042711　C=0.091318931　tab6_burden=0.40712387
     ×9   S_max=85.854948797　A=1.838589134　B=0.171042711　C=0.091318931　tab6_burden=0.40712387
     ×3   S_max=87.313031407　A=1.736445293　B=0.171042711　C=0.091318931　tab6_burden=0.40712387
     ×2   S_max=87.313031407　A=2.042876816　B=0.171042711　C=0.091318931　tab6_burden=0.40712387
     ×3   S_max=87.715481361　A=1.736445293　B=0.171042711　C=0.091318931　tab6_burden=0.40712387
     ×2   S_max=87.715481361　A=2.042876816　B=0.171042711　C=0.091318931　tab6_burden=0.40712387
     ×1   S_max=92.799547299　A=1.649623029　B=0.171042711　C=0.091318931　tab6_burden=0.40712387
     ×11  S_max=92.799547299　A=1.940732975　B=0.171042711　C=0.091318931　tab6_burden=0.40712387
     ×1   S_max=96.803209695　A=1.649623029　B=0.171042711　C=0.091318931　tab6_burden=0.40712387
     ×13  S_max=96.803209695　A=1.940732975　B=0.171042711　C=0.091318931　tab6_burden=0.40712387
     ×2   S_max=98.717048399　A=1.736445293　B=0.171042711　C=0.091318931　tab6_burden=0.40712387
     ×2   S_max=98.89378086　A=1.736445293　B=0.171042711　C=0.091318931　tab6_burden=0.40712387
