======================================================================================================================
【K-9-2 街廓層剖面深度警示】碼面自算實測（K-6-A2 段一）
判準：前緣線上任一點沿 BASELINE 法向至 BASELINE 之垂距 ≤ 畸零地最小深度 ⇒ 警示（**等於也警示**）
算法源：app.n19p_depth_info_by_label ＋ app.k92_block_depth_check（禁 verify 側另寫）
======================================================================================================================

【A】逐街廓剖面深度 vs 畸零地附表門檻
----------------------------------------------------------------------------------------------------------------------
街廓    分區           正面路寬      d(p1左)      d(p2右)        剖面最小      附表門檻         餘裕   判定
----------------------------------------------------------------------------------------------------------------------
R1    住宅區         12.00      33.164      33.128      33.128     14.00    +19.128   ✅ 無警示
R2    住宅區          8.00      44.954      43.981      43.981     14.00    +29.981   ✅ 無警示
R3    住宅區          8.00      43.772      44.898      43.772     14.00    +29.772   ✅ 無警示
R4    住宅區         12.00      33.126      33.084      33.084     14.00    +19.084   ✅ 無警示
R5    住宅區          8.00      43.510      47.904      43.510     14.00    +29.510   ✅ 無警示
R6    住宅區          8.00      47.657      43.361      43.361     14.00    +29.361   ✅ 無警示
----------------------------------------------------------------------------------------------------------------------

【B】彙總
  街廓數（可建築）        ＝ 6
  警示數                  ＝ 0
  餘裕最緊者              ＝ R4　33.084m − 14.00m = +19.084m

【C】註記
  · 剖面最小 ＝ min(前緣線兩端垂距)；線性 ⇒ 兩端取 min 即全段 min（解析·禁取樣）。
  · 本表為**量測值 vs 門檻值**之對照；K-9-3：街廓層過 ⇒ 宗地層一律不量深度。
  · K-9 §二-1 之封閉性另需扣「該街廓最大截角股長」（見正典 ②-1），本表不含該扣減；
    該扣減屬 K-9-8 虛擬量測塊之範圍（GB-18／GB-19·尚未實作）。
