==========================================================================================================================
【W-G.9-190R 次一 commit·受詞 2】[T2-DIAG] 未截斷整列 ＋ 切換前後逐位對拍 — ⛔ 本檔零生產碼
==========================================================================================================================
  環境：python 3.13.11 ｜ 情境 SB = 3.5 m（與 W-G.9-190R 全部量測、【倉】177R 同情境）
  🔒 量法逐字同 `probe_WG9190R_fam3.py:157-171`，**僅移除其 `:200` 之 `[:110]` 截斷**

── 一、逐街廓 `[T2-DIAG]` **整列逐位**（⛔ 無截斷·框 ＝ 含該標記之整列） ──
  R1  ｜ 1 列｜[T2-DIAG] 街廓 R1｜宗數 5｜池帶 3 片｜池帶 s 寬 [35.2871  17.8897  0.2890]｜池帶面積 [1169.7082  5.3835  0.0046]｜Σ池 1175.0963｜覆蓋殘差 0.0000｜Σ 殘差 -0.0000｜宗-宗疊 0.0000（上界 0.6630）｜內部縫 0 帶／0.0000㎡｜退化帶 0 個｜s 域 [-0.3248,87.7155]
  R2  ｜ 1 列｜[T2-DIAG] 街廓 R2｜宗數 14｜池帶 2 片｜池帶 s 寬 [8.4283  33.0811]｜池帶面積 [308.1700  1471.2568]｜Σ池 1779.4268｜覆蓋殘差 0.0000｜Σ 殘差 -0.0000｜宗-宗疊 0.0000（上界 2.8906）｜內部縫 0 帶／0.0000㎡｜退化帶 2 個（s 寬 1.69e-10, 4.23e-11）｜s 域 [0.2677,100.0274]
  R3  ｜ 1 列｜[T2-DIAG] 街廓 R3｜宗數 10｜池帶 1 片｜池帶 s 寬 [40.5337]｜池帶面積 [1795.1328]｜Σ池 1795.1328｜覆蓋殘差 0.0001｜Σ 殘差 -0.0001｜宗-宗疊 0.0000（上界 1.9953）｜內部縫 0 帶／0.0000㎡｜退化帶 2 個（s 寬 5.57e-06, 1.70e-10）｜s 域 [-0.0000,96.8032]
  R4  ｜ 1 列｜[T2-DIAG] 街廓 R4｜宗數 2｜池帶 5 片｜池帶 s 寬 [35.3260  0.1686  43.9993  1.6580  49.0178]｜池帶面積 [1169.5585  0.2988  26.0938  27.4425  4.9632]｜Σ池 1228.3568｜覆蓋殘差 0.0000｜Σ 殘差 +0.0000｜宗-宗疊 0.0000（上界 0.1656）｜內部縫 0 帶／0.0000㎡｜退化帶 0 個｜s 域 [0.1759,98.7163]
  R5  ｜ 0 列｜🔴 ⛔ 無（**期望事實**：②-宗 圍堵閘破[R5]）
  R6  ｜ 1 列｜[T2-DIAG] 街廓 R6｜宗數 8｜池帶 2 片｜池帶 s 寬 [3.6068  34.0520]｜池帶面積 [85.7064  1543.0063]｜Σ池 1628.7127｜覆蓋殘差 0.0000｜Σ 殘差 -0.0000｜宗-宗疊 0.0000（上界 1.5929）｜內部縫 0 帶／0.0000㎡｜退化帶 0 個｜s 域 [-3.6068,85.8549]
  ── 總列數 = 5 ／ 逐街廓 = {'R1': 1, 'R2': 1, 'R3': 1, 'R4': 1, 'R5': 0, 'R6': 1}

── 二、與【倉】`S-5` 基準量（**切換前**·未截斷）之逐位對拍 ──
  🔒 母體：verify/out/probe_WG9190_baseline_25857aa.log
  切換前 街廓集 = ['R1', 'R2', 'R3', 'R4', 'R6'] ／ 切換後 街廓集 = ['R1', 'R2', 'R3', 'R4', 'R6']
  街廓   前(字元)      後(字元)      逐位相同
  R1   201        201        True
  R2   211        211        True
  R3   193        193        True
  R4   235        235        True
  R6   185        185        True
  🔒 五列全數逐位相同 = True
  🔒 判別力對照（`R2` 之 `33.0811`→`33.0812`·須 `False`）= False ✅

── 三、🛑 射程限（`§七`·⛔ 不得省） ──
  `[T2-DIAG]` 係 **shim 側**（harness 走 `verify/stepg_pipeline.py` 之複本）
  ⇒ 其對 `app.py` 之族②③ 切換**結構上不敏感**；本對拍所證者 ＝
     **⛔ 無任何街廓因本批而變動**，⛔ **非**「切換有後果」之證據。
  🔒 殘餘風險歸 `GB-123`（app 路徑 `main()` 從未被任何自動測試執行），本檔⛔ 不解除。
  🔒 `run_all` 主幹因 `GB-118` 於 `②-宗 圍堵閘破[R2]` 中止 ⇒ 其 `[T2-DIAG]` 僅涵蓋 `R1`／`R2`；
     本檔走**逐街廓 `run_step_g`** 之通道 ⇒ 涵蓋 `R1`／`R2`／`R3`／`R4`／`R6`，`R5` `0` 列。

==========================================================================================================================
🛑 總判：整列落檔 ✅ ／ 前後逐位對拍 ✅ ／ 判別力 ✅ ⇒ ✅ 全過
==========================================================================================================================
