======================================================================================================================
【W-G.9-201】歸側實算探針 — `K-9-24` 二之四分支（⛔ 唯讀·⛔ 零生產碼）
======================================================================================================================
  態      ＝ 8020d3d8（`git rev-parse --short=8 HEAD`）
  app.py  ＝ b9a50a2e58ad46ac3d4288bad978c17e87b8fb27（blob）
  python  ＝ 3.13.11 ／ 情境 退縮 SB ＝ 3.50 m（源 ＝ 環境變數 `WV_SB`·⛔ 硬編）
  🛑 本探針之數 **⛔ 得逕作為任何裁之依據**——係診斷，須經發單側獨立復驗、KL 認可。

── §一　三態之建立（`R-7`：二態於**同一次執行**內產生·⛔ 跨執行拼接） ──
  態 A（現行·對照組）：ns 自證 = True ／ app 側診斷噪音 0 字元（已隔離）
  態 B（K-9-24 無條件）：ns 自證 = True ／ app 側診斷噪音 0 字元（已隔離）

── §二　🔒 自我驗證閘 ①：層疊生效（反靜默退路之「咬到」計數器） ──
  態 A｜`blocks_locked_k921` = ['R1', 'R4']（2【街廓】·須**非空**）
  態 B｜`blocks_locked_k921` = []（0【街廓】·須**空**）
  態 B｜層疊被呼叫 6【次】／其中原判為「鎖」而被強制放行 = **2**【次】
  態 A｜groups_found=8／groups_merged=8／parcels_absorbed=12／parcels_in=126／parcels_out=114／blocks_buildable=6／anomalies=0
  態 B｜groups_found=9／groups_merged=9／parcels_absorbed=13／parcels_in=126／parcels_out=113／blocks_buildable=6／anomalies=0
  ⇒ 🔒 **閘 ① = True**（A 非空 ∧ B 空 ∧ 強制放行非零 ∧ B 之合併群數 > A）

  態 B 之合併宗（逐筆·9【群】）：
    ・街廓 R2｜命名 628-40(1)+｜成員 ['628-40(1)', '628-43(1)']｜gid G010｜Σ幾何面積 513.7900 ㎡｜聯集 Polygon
    ・街廓 R3｜命名 628-30(3)+｜成員 ['628-30(3)', '628-45(2)']｜gid G007｜Σ幾何面積 1145.2600 ㎡｜聯集 Polygon
    ・街廓 R3｜命名 628-47(1)+｜成員 ['628-47(1)', '628-48(1)', '628-49(2)']｜gid G006｜Σ幾何面積 628.9200 ㎡｜聯集 Polygon
    ・街廓 R3｜命名 628-29(1)+｜成員 ['628-28(1)', '628-29(1)']｜gid G014｜Σ幾何面積 228.9500 ㎡｜聯集 Polygon
    ・街廓 R4｜命名 628(1)+｜成員 ['628(1)', '628-1(1)']｜gid G009｜Σ幾何面積 3199.7800 ㎡｜聯集 Polygon
    ・街廓 R5｜命名 628-21(2)+｜成員 ['628-21(2)', '628-22(2)', '628-23(2)']｜gid G017｜Σ幾何面積 2428.3100 ㎡｜聯集 Polygon
    ・街廓 R5｜命名 628-45(1)+｜成員 ['628-20(2)', '628-30(1)', '628-45(1)']｜gid G007｜Σ幾何面積 636.1000 ㎡｜聯集 Polygon
    ・街廓 R6｜命名 628(2)+｜成員 ['628(2)', '628-1(2)']｜gid G009｜Σ幾何面積 240.2200 ㎡｜聯集 Polygon
    ・街廓 R6｜命名 628-23(1)+｜成員 ['628-21(1)', '628-22(1)', '628-23(1)']｜gid G017｜Σ幾何面積 725.4500 ㎡｜聯集 Polygon
  🔒 **`k6_step0_block_locked` 實際所擋之群**（＝ 僅態 B 有者）= ['628(1)+']
     僅態 A 有者 = []（須空）
     🔑 上鎖之**街廓** = ['R1', 'R4']（2 個），惟其中**有可合併之群**者僅 = ['R4']
     ⇒ 🛑 「**上鎖之街廓數**」與「**實際被擋之群數**」係**二量**，⛔ 互代——上鎖之街廓中可無任何可合併之群。二數已於上二列分別具名。

── §三　`R-3`／`R-8`　全域覆蓋與跨占判定（⛔ 得只報有 M 者） ──
  街廓總數 = **11**【街廓】／可建築街廓數 = **6**【街廓】（母體 ＝ `classified_blocks`·框 ＝ 街廓；可建築 ＝ `F3_CATEGORY_BURDEN[category] == '可建築土地'`）
  🔒 **跨占之定義**（碼面·⛔ 本探針自訂）＝ 該宗進入該端之 PK 組，其充要條件為
     `_corner_intersection_area > 1.0 ㎡`（`E-1.7` 絕對地板·`grep -n "_has_p1 = _inter_p1_area > 1.0" app.py`）

  街廓     有無左      左跨占數       右跨占數       同時跨占兩側之宗（＝ M）
  R4     有        1          1          ['628(1)+']
  R6     無        0          2          ⛔ 無 M
  R5     有        4          0          ⛔ 無 M
  R2     有        4          0          ⛔ 無 M
  R3     無        0          4          ⛔ 無 M
  R1     有        3          1          ⛔ 無 M

  ⇒ **M 之個數 = 1**【宗】（母體 ＝ 態 B 之可建築街廓 6 個·框 ＝ 宗）

── §四　`R-4`　逐 M 逐側之實算（分別以左／右街角第 1 宗位置試算） ──

  ▎街廓 R4 ｜ M = 628(1)+
    欄                【左】                    【右】                   
    真交集(㎡)           225.76                 225.19                
    整筆幾何(㎡)          3199.78                3199.78               
    範圍面積(㎡)          226.01                 225.42                
    門檻(㎡)            226.01                 225.42                
    真G(㎡)            2005.21                2005.36               
    正街角分(0.4)        0.392                  0.3929                
    側街分(0.2)         0.2                    0.2                   
    跨占分(0.4)         0.3996                 0.3996                
    總分               0.9916                 0.9925                
    原位次(投影序)         1                      1                     
    判定               左｜達標 = True ／ 該側 winner = True ⇒ **拿得下 = True**
    判定               右｜達標 = True ／ 該側 winner = True ⇒ **拿得下 = True**
    🛑 「拿得下」＝ 達標 ∧ 為該側全部達標候選中指數最大者（＝ winner）；⛔ 得以「第 1 名」單獨代之

── §五　🔒 自我驗證閘 ②：扣除 M 之獨立性（態 C(M) vs 態 B 逐格） ──
  ▎M = 628(1)+｜v12 被呼叫 6【次】／實際扣除 1【列候選】
    ⇒ 其餘候選之（總分／達標／真G）逐格相同 54【格】／相異 **0**【格】
  ⇒ 🔒 **閘 ② 全數通過**（碼面保證：三指數之分母皆取自 range 自身·⛔ 候選集之極值）

── §六　`R-5`　四分支之判讀 ＋ 另一側扣除 M 後之評選 ──

  ▎街廓 R4｜M = 628(1)+
    總分：左 = 0.991600 ／ 右 = 0.992500（差 +0.000900）
    拿得下：左 = True ／ 右 = True
    ⇒ **分支 2**：兩側皆拿得下 ⇒ 歸指數大者 ⇒ **歸屬 = 右**
    ── 扣除 M 後之【左】側（**operative**：另一側）：其餘跨占者 0【宗】／達標 0【宗】
        ⇒ **無 winner（含候選集合為空）⇒ 強制留設抵費地**，範圍嚴格等於該街角規定範圍：**範圍面積 = 226.01 ㎡**（門檻 = 226.01 ㎡）
        🔒 範圍面積之源 ＝ `f3_corner_range_areas['R4']['left']`（塊×側級·⛔ 依候選集）；與態 B 之 M 列 `範圍面積(㎡)` = 226.01 對拍 ⇒ **相符 = True**
    ── 扣除 M 後之【右】側（歸屬側·⛔ operative）：其餘跨占者 0【宗】／達標 0【宗】
        ⇒ **無 winner（含候選集合為空）⇒ 強制留設抵費地**，範圍嚴格等於該街角規定範圍：**範圍面積 = 225.42 ㎡**（門檻 = 225.42 ㎡）
        🔒 範圍面積之源 ＝ `f3_corner_range_areas['R4']['right']`（塊×側級·⛔ 依候選集）；與態 B 之 M 列 `範圍面積(㎡)` = 225.42 對拍 ⇒ **相符 = True**

── §七　`R-7`　對照組：態 A（未合併·現行）vs 態 B（無條件合併） ──
  診斷列總數：態 A = 20【列】／態 B = 20【列】（母體 ＝ `_corner_cand_diag`·框 ＝ 列）
  (街廓,端) 鍵集：僅 A 有 [] ／ 僅 B 有 []
  ▎R4／右：僅 A 有 ['628-1(1)'] ／ 僅 B 有 ['628(1)+']
  ▎R4／左：僅 A 有 ['628(1)'] ／ 僅 B 有 ['628(1)+']
  ⇒ **合併前 vs 合併後之相異總格數 = 4**（`V-4` 判準：須 **⛔ 為 0**）

── §八　態 A／態 B 之各側指配（`run_corner_pk` 之 `_corner_select_results`） ──
  ▎態 A
    R4   候選數=2    ｜【左】最小面積=226.01     達資格=1    指配=G009（628）[628(1)]                              指數=0.9916
                   ｜【右】最小面積=225.42     達資格=1    指配=G009（628-1）[628-1(1)]                          指數=0.9925
    R6   候選數=8    ｜【左】最小面積=無此側        達資格=—    指配=無此側                                            指數=—
                   ｜【右】最小面積=299.13     達資格=1    指配=G005（628-18）[628-18(1)]                        指數=0.1311
    R5   候選數=8    ｜【左】最小面積=299.73     達資格=1    指配=G007（628-45）[628-45(1)+]                       指數=0.4306
                   ｜【右】最小面積=無此側        達資格=—    指配=無此側                                            指數=—
    R2   候選數=14   ｜【左】最小面積=308.17     達資格=0    指配=⚠️ 強制抵費地                                       指數=—
                   ｜【右】最小面積=無此側        達資格=—    指配=無此側                                            指數=—
    R3   候選數=10   ｜【左】最小面積=無此側        達資格=—    指配=無此側                                            指數=—
                   ｜【右】最小面積=307.79     達資格=1    指配=G007（628-30）[628-30(3)+]                       指數=0.6095
    R1   候選數=5    ｜【左】最小面積=226.01     達資格=2    指配=G029（628-36）[628-36(1)]                        指數=0.2377
                   ｜【右】最小面積=227.13     達資格=1    指配=G009（628）[628(5)]                              指數=0.9915
  ▎態 B
    R4   候選數=1    ｜【左】最小面積=226.01     達資格=1    指配=G009（628）[628(1)+]                             指數=0.9916
                   ｜【右】最小面積=225.42     達資格=1    指配=G009（628）[628(1)+]                             指數=0.9925
    R6   候選數=8    ｜【左】最小面積=無此側        達資格=—    指配=無此側                                            指數=—
                   ｜【右】最小面積=299.13     達資格=1    指配=G005（628-18）[628-18(1)]                        指數=0.1311
    R5   候選數=8    ｜【左】最小面積=299.73     達資格=1    指配=G007（628-45）[628-45(1)+]                       指數=0.4306
                   ｜【右】最小面積=無此側        達資格=—    指配=無此側                                            指數=—
    R2   候選數=14   ｜【左】最小面積=308.17     達資格=0    指配=⚠️ 強制抵費地                                       指數=—
                   ｜【右】最小面積=無此側        達資格=—    指配=無此側                                            指數=—
    R3   候選數=10   ｜【左】最小面積=無此側        達資格=—    指配=無此側                                            指數=—
                   ｜【右】最小面積=307.79     達資格=1    指配=G007（628-30）[628-30(3)+]                       指數=0.6095
    R1   候選數=5    ｜【左】最小面積=226.01     達資格=2    指配=G029（628-36）[628-36(1)]                        指數=0.2377
                   ｜【右】最小面積=227.13     達資格=1    指配=G009（628）[628(5)]                              指數=0.9915

======================================================================================================================
🛑 總判：閘 ① 層疊生效 = True ／ 閘 ② 扣除之獨立性 = 全數通過 ／ M 個數 = 1 ／ 合併前後相異格數 = 4
🛑 **本探針之數⛔ 得逕作為任何裁之依據**——須經發單側獨立復驗、KL 認可，方得進入 `K-9-24` 之實例段或任何生產碼。
======================================================================================================================
