========================================================================================================================================================================================================
【D-2b-24 commit A】逐側宗數實測（類 C 分類）— ⛔ 零生產碼變更
========================================================================================================================================================================================================
  量法：spy `_solve_G_one` 記 (街廓, side, t=baseline_pt·d̂)；
        最後一趟 ＝ 由尾端往前之極大遞增後綴（⛔ 非呼叫次數÷趟數之推定）

  母體 ＝ 24 個 (情境,街廓,側) 有呼叫紀錄／`_solve_G_one` 總呼叫 248 次（⛔ 非空）

  情境    街廓   側       有SIDE       總呼叫       最後一趟宗數      趟數(推得)   最後一趟之 t 序列（前 4）
--------------------------------------------------------------------------------------------------------------------------------------------------------------------------------------------------------
  0m    R1   左側      ✅             5            2         2.5   -1712756.800  -1712750.320
  0m    R1   右側      ✅             5            3         1.7   1712669.084  1712676.535  1712678.930
  0m    R2   左側      ✅            16            8           2   2164669.864  2164673.920  2164674.678  2164675.325
  0m    R2   右側      —            14            7           2   -2164769.892  -2164768.552  -2164758.748  -2164757.265
  0m    R4   左側      ✅             2            1           2   -1712692.940
  0m    R4   右側      ✅             2            1           2   1712594.223
  0m    R6   左側      —            12            6           2   -2040472.449  -2040472.294  -2040469.220  -2040467.719
  0m    R6   右側      ✅            16            3         5.3   2040393.821  2040396.517  2040403.417
  0m    R5   左側      ✅            13            7         1.9   2198200.803  2198205.653  2198206.039  2198207.213
  0m    R5   右側      —            11            5         2.2   -2198293.602  -2198290.483  -2198281.545  -2198270.454
  0m    R3   左側      —            14            7           2   -2198294.321  -2198293.294  -2198287.577  -2198284.306
  0m    R3   右側      ✅            14            7           2   2198197.517  2198205.278  2198205.543  2198206.123
  3.5m  R1   左側      ✅             4            1           4   -1712756.800
  3.5m  R1   右側      ✅             6            4         1.5   1712669.084  1712676.535  1712678.930  1712685.460
  3.5m  R2   左側      ✅            16            8           2   2164678.560  2164678.560  2164682.641  2164683.301
  3.5m  R2   右側      —            14            7           2   -2164769.892  -2164768.552  -2164758.748  -2164757.265
  3.5m  R4   左側      ✅             2            1           2   -1712692.940
  3.5m  R4   右側      ✅             2            1           2   1712594.223
  3.5m  R6   左側      —            12            6           2   -2040472.449  -2040472.294  -2040469.220  -2040467.719
  3.5m  R6   右側      ✅            16            3         5.3   2040393.821  2040396.517  2040403.417
  3.5m  R5   左側      ✅            13            7         1.9   2198209.461  2198209.461  2198214.318  2198215.504
  3.5m  R5   右側      —            11            5         2.2   -2198293.602  -2198290.483  -2198281.545  -2198270.454
  3.5m  R3   左側      —            14            7           2   -2198294.321  -2198293.294  -2198287.577  -2198284.306
  3.5m  R3   右側      ✅            14            7           2   2198206.220  2198207.666  2198208.247  2198209.674


  🔒 **母體守恆自證**（⛔ 防「只印子集當母體」·CC 首版即栽於此）：
     已印出之呼叫 ＝ 248／總呼叫 248　未印出之鍵 ＝ （無·✅ 全數涵蓋）

  🔑 判讀：『最後一趟宗數』＝ 該 (情境,街廓,側) 於**正式趟**實配之宗數。
     ⛔ 『總呼叫』含基準趟與（右側之）數值微修後援，**不得**直接當宗數。
