
================================================================================================================
【W-G.9-101 補正③】路徑解析之框（⛔ 零生產碼·⛔ **零管線**·態 ＝ blob@e669ddb）
================================================================================================================
  基座（一切量之態）＝ **e669ddbf42949661685ed279fe9944f1e52ea12b**（⛔ 本檔不印任何隨 `HEAD` 而變之值）
  `app.py` blob@基座 ＝ a9e5671d64d254907a0396f898f046d9d85e8283
  🔒 預測值出處 ＝ 施工單 `W-G.9-101 補正③` `§二`（⛔ 非本檔現跑回填）。

================================================================================================================
【§一】二解析器之對照（`P-1`／`P-2`／`P-6`·同一輸出·只換解析器）
================================================================================================================
  ✅ `P-1` **逐列切分**（`splitlines()`·要件①）⇒ 路徑 **1352** 條（單 1352）
  ✅ `P-2` **空白 tokenize**（`.split()`·🩸 刻意之錯誤對照）⇒ **1419** token（單 1419）
  ✅ `P-6` **擾動量 ＝ 67**（單 67）⇒ 該對照⛔ 未退化（家法 `9`）

================================================================================================================
【§二】含空白之路徑（`P-3`）・旗標之無效性（`P-4`）・否證通道（`P-7`）
================================================================================================================
  ✅ `P-3` 含空白之路徑 ＝ **45** 條（單 45）；全在 `verify/baselines/` 下 ＝ **True**
     前三條逐字：
        'verify/baselines/PRE-S0b_S0c_幾何漏歸零_凍存/v3/G 值計算結果_退縮0m.csv'
        'verify/baselines/PRE-S0b_S0c_幾何漏歸零_凍存/v3/G 值計算結果_退縮3.5m.csv'
        'verify/baselines/PRE-S0b_S0c_幾何漏歸零_凍存/v3/W-D.1.2 診斷_退縮0m.csv'
     （⛔ 全列於下·`POPULATION=45`）
        verify/baselines/PRE-S0b_S0c_幾何漏歸零_凍存/v3/G 值計算結果_退縮0m.csv
        verify/baselines/PRE-S0b_S0c_幾何漏歸零_凍存/v3/G 值計算結果_退縮3.5m.csv
        verify/baselines/PRE-S0b_S0c_幾何漏歸零_凍存/v3/W-D.1.2 診斷_退縮0m.csv
        verify/baselines/PRE-S0b_S0c_幾何漏歸零_凍存/v3/W-D.1.2 診斷_退縮3.5m.csv
        verify/baselines/PRE-S0b_S0c_幾何漏歸零_凍存/v3/W-D.2 §3 滑池槽診斷_退縮0m.csv
        verify/baselines/PRE-S0b_S0c_幾何漏歸零_凍存/v3/W-D.2 §3 滑池槽診斷_退縮3.5m.csv
        verify/baselines/PRE-S0b_S0c_幾何漏歸零_凍存/v3/逐槽 J 表_退縮0m.csv
        verify/baselines/PRE-S0b_S0c_幾何漏歸零_凍存/v3/逐槽 J 表_退縮3.5m.csv
        verify/baselines/PRE-比率更新_凍存/v3/G 值計算結果_退縮0m.csv
        verify/baselines/PRE-比率更新_凍存/v3/G 值計算結果_退縮3.5m.csv
        verify/baselines/PRE-比率更新_凍存/v3/W-D.1.2 診斷_退縮0m.csv
        verify/baselines/PRE-比率更新_凍存/v3/W-D.1.2 診斷_退縮3.5m.csv
        verify/baselines/PRE-比率更新_凍存/v3/W-D.2 §3 滑池槽診斷_退縮0m.csv
        verify/baselines/PRE-比率更新_凍存/v3/W-D.2 §3 滑池槽診斷_退縮3.5m.csv
        verify/baselines/PRE-比率更新_凍存/v3/逐槽 J 表_退縮0m.csv
        verify/baselines/PRE-比率更新_凍存/v3/逐槽 J 表_退縮3.5m.csv
        verify/baselines/PRE勘誤_期日/v3/G 值計算結果_退縮0m.csv
        verify/baselines/PRE勘誤_期日/v3/G 值計算結果_退縮3.5m.csv
        verify/baselines/PRE勘誤_期日/v3/W-D.1.2 診斷_退縮0m.csv
        verify/baselines/PRE勘誤_期日/v3/W-D.1.2 診斷_退縮3.5m.csv
        verify/baselines/PRE勘誤_期日/v3/W-D.2 §3 滑池槽診斷_退縮0m.csv
        verify/baselines/PRE勘誤_期日/v3/W-D.2 §3 滑池槽診斷_退縮3.5m.csv
        verify/baselines/PRE勘誤_期日/v3/逐槽 J 表_退縮0m.csv
        verify/baselines/PRE勘誤_期日/v3/逐槽 J 表_退縮3.5m.csv
        verify/baselines/W-D.1.2 診斷_退縮0m.csv
        verify/baselines/W-D.1.2 診斷_退縮3.5m.csv
        verify/baselines/W-D.1.3-a 診斷_退縮0m.csv
        verify/baselines/W-D.1.3-a 診斷_退縮3.5m.csv
        verify/baselines/W-D.1.3-d 驗收_退縮3.5m.csv
        verify/baselines/v2/G 值計算結果_退縮0m.csv
        verify/baselines/v2/G 值計算結果_退縮3.5m.csv
        verify/baselines/v2/W-D.2 §3 滑池槽診斷_退縮0m.csv
        verify/baselines/v2/W-D.2 §3 滑池槽診斷_退縮3.5m.csv
        verify/baselines/v2/逐槽 J 表_退縮0m.csv
        verify/baselines/v2/逐槽 J 表_退縮3.5m.csv
        verify/baselines/v3/G 值計算結果_退縮0m.csv
        verify/baselines/v3/G 值計算結果_退縮3.5m.csv
        verify/baselines/v3/W-D.1.2 診斷_退縮0m.csv
        verify/baselines/v3/W-D.1.2 診斷_退縮3.5m.csv
        verify/baselines/v3/W-D.2 §3 滑池槽診斷_退縮0m.csv
        verify/baselines/v3/W-D.2 §3 滑池槽診斷_退縮3.5m.csv
        verify/baselines/v3/逐槽 J 表_退縮0m.csv
        verify/baselines/v3/逐槽 J 表_退縮3.5m.csv
        verify/baselines/第 1 宗街角地指配結果_退縮0m.csv
        verify/baselines/第 1 宗街角地指配結果_退縮3.5m.csv
  POPULATION=45 PRINTED=45 SUPPRESSED=0  # 含空白之路徑（全列）
  ✅ `P-4` 該 45 條於 `quotepath=false` 下**加引號者 ＝ 0**（單 0）
     ⇒ 🔴 **旗標⛔ 救不了空白**——`quotepath` 之作用域僅及非 ASCII 之 C-style 轉義。
  ✅ `P-7` 否證通道：布林「含空白之路徑集為空」＝ **False**（單 `False`）

================================================================================================================
【§三】🔒 `P-8`：`P-6` 之**三值** ＋ 退化判定之**正交來源**（`VR-061 一`／`VR-062 二`）
================================================================================================================
  🔒 **正交性自證**（⛔ 不假定）：二框之 `-z` 輸出逐位相同 ＝ **True**（須 `True`）✅
     ⇒ `-z` 之輸出⛔ 不受 `core.quotepath` 支配 ⇒ 得作**退化判定之正交來源**。
  🔒 **退化判定（取自 `-z`·⛔ 非取自被測之解析器輸出）**：`-z` 解出 **1352** 條路徑／其中含空白 **45** 條
  🔒 **`P-6` 之三值**：**True**（`True` ＝ 擾動已顯現／`False` ＝ 該顯現而未顯現 ⇒ 紅／`略過` ＝ 母體無從使擾動顯現）
     依據 ＝ 母體含空白之路徑 **45** 條 ⇒ 擾動應顯現
  🔒 **判別力自檢**（⛔ 不得寫成 `f(X) != f(X)`·`VR-062 四`）：以**同一解析器**跑**相異之二輸入** ——
     以**無空白之子樹**（`verify/wf_f0.py`／`wf_f1.py`）代入同一對照 ⇒ `splitlines()` 2 ／ `.split()` 2 ⇒ 擾動量 ＝ **0**（須 `0`）✅
     ⇒ 該對照之 `True` **確因母體含空白而來**（⛔ 非恆真）。

================================================================================================================
【§四】🔒 `P-5`：**自證**遵 `VR-060 二` 三要件（碼面直檢 ＋ 載體級直檢）
================================================================================================================
  **要件③（載體級·`VR-062 一`）**：`git` 呼叫 ＝ **5** 次；其 argv 含 `core.quotepath=false` ＝ **4** 次；含 `=true` ＝ **1** 次
     🔒 該 `1` 次 `=true` **全數**係 `-z` 正交性自證之**對照組**（⛔ 非路徑解析路徑）。
     ✅ ⇒ **無任何 `git` 呼叫未綁 `core.quotepath`** ＝ True
  **要件①**：`.split()`（**無參數**·🔒 以 `ast` 判**呼叫節點**·⛔ 非字面掃描）⇒ 出現 **1** 處（列 [114]）；其中在 `_wrong_tokenize`（`:111`–`:114`·刻意之錯誤對照）內 ＝ **1**；**在外 ＝ 0**
     ✅ ⇒ **⛔ 無 `.split()` 用於路徑解析**（實際解析一律 `splitlines()`）
     🔒 **判別力對照**（同一函式·人造二造）：含裸 `.split()` 之源 ⇒ 偵得 1 處（應 ≥1）；只含 `.split("\t", 1)` 之源 ⇒ 偵得 0 處（應 0）
     🩸 **CC 自捕**：本檢首版以 `".split()" in line` 之**字面**掃描，咬中 docstring／`print` 內之 `` `.split()` `` 共 `7` 處 ⇒ **假紅**；⇒ 改 `ast` 後在外 ＝ `0`。**紅的是量測器、⛔ 不是被檢物**。
  **要件②**：`--name-status` 之切分 ＝ `line.split("\t", 1)`（`\t` 且 `maxsplit=1`）⇒ 碼面命中 ＝ **True** ✅
     判別力對照（人造）：`'M\tpath with space'.split("\t", 1)` ⇒ ('M', 'path with space')（路徑完整）；`.split()` ⇒ ['M', 'path', 'with', 'space']（**被切碎**）

================================================================================================================
【§五】🔒 土地三數 ＝ **未重算之轉述**
================================================================================================================
  ΣΔ ＝ +1.0300／池增量 84.0800 ㎡／R1 ΣΔ ＝ +0.000000
  🔒 本檔**零管線** ⇒ 上三數⛔ **未重算**；池增量係**依守恆式導出·⛔ 非幾何實量**（`VR-054 三`）。

================================================================================================================
【§六】收工：停機逐字
================================================================================================================
  ✅ 本檔未觸任一停機條件。
