========================================================================================================================================================================================================
【D-2b-12 §b0-2】`_block_strip` 橋接測試（**難幾何**·seed=20260809）
========================================================================================================================================================================================================

【0】容差同源交叉檢查
--------------------------------------------------------------------------------------------------------------------------------------------------------------------------------------------------------
  `app.py` `_STRIP_PARALLEL_TOL` ＝ None　（**修前·常數尚未存在**）
  `verify/stepg_pipeline.py` `_PAR_TOL` ＝ 1e-06

  難幾何母體 ＝ **4** 個不規則多邊形（非整數座標·⛔ 非軸對齊矩形）
    #0 頂點 7　面積 12345.373099　首頂點 (-121.186049, 30.115729)
    #1 頂點 9　面積 24042.364749　首頂點 (-11.161700, -14.477302)
    #2 頂點 8　面積 11021.867492　首頂點 (-92.228232, 305.994835)
    #3 頂點 9　面積 14395.124502　首頂點 (331.093260, 43.123536)

【1】同向委派**逐位等價**（`n_hat_far` 同向 vs `None`）
--------------------------------------------------------------------------------------------------------------------------------------------------------------------------------------------------------
  母體 ＝ **48** 例（⛔ 非空）
  **不逐位相同者 ＝ 36 例**　**最大絕對差 ＝ 1.8189894035458565e-12**
    🔴 poly#0 同向 S=47.61　None=3475.7917595095846／雙線=3475.791759509584　|Δ|=4.547474e-13
    🔴 poly#0 反向(同一條線) S=47.61　None=3475.7917595095846／雙線=3475.791759509584　|Δ|=4.547474e-13
    🔴 poly#0 同向 S=0.37　None=20.72144683247379／雙線=20.721446832473806　|Δ|=1.421085e-14
    🔴 poly#0 反向(同一條線) S=0.37　None=20.72144683247379／雙線=20.721446832473806　|Δ|=1.421085e-14
    🔴 poly#0 同向 S=12.9　None=1130.6114140766185／雙線=1130.6114140766183　|Δ|=2.273737e-13
    🔴 poly#0 反向(同一條線) S=12.9　None=1130.6114140766185／雙線=1130.6114140766183　|Δ|=2.273737e-13
    🔴 poly#1 同向 S=233.7　None=14951.528309411573／雙線=14951.528309411575　|Δ|=1.818989e-12
    🔴 poly#1 反向(同一條線) S=233.7　None=14951.528309411573／雙線=14951.528309411575　|Δ|=1.818989e-12
    …（另 28 例）
  ⇒ 🔴 **36 例不同** ⇒ 尚未委派（此為<u>修前</u>之預期樣貌）

  🔒 **修前／修後對拍**（§b0-2 第 1 項要求兩組數字皆入 log）
    **本次即修前之記錄**（尚無 before 檔可引）
    **本次**：不同 **36** 例／最大絕對差 **1.8189894035458565e-12**

【2】委派門檻兩側（`|cross|` 略小／略大於 tol）
--------------------------------------------------------------------------------------------------------------------------------------------------------------------------------------------------------
  略小於 tol     |cross| ＝ 5.000000e-07　(tol=1e-06)　面積 ＝ 2177.667802738012　vs None 2177.6683891815064　⇒ **走雙線**（≠None）
  略大於 tol     |cross| ＝ 5.000000e-05　(tol=1e-06)　面積 ＝ 2177.6097427319764　vs None 2177.6683891815064　⇒ **走雙線**（≠None）
  ⇒ 期望：略小於 tol ⇒ 走單線；略大於 tol ⇒ 走雙線

【3】非同向鋪滿（**難幾何**·⛔ 未回矩形）
--------------------------------------------------------------------------------------------------------------------------------------------------------------------------------------------------------
  poly#0　三片 ＝ [3567.442625813, 5167.268230804, 3610.662242826]
          Σ ＝ 12345.373099444　整體 ＝ 12345.373099444　|Δ| ＝ 0.000e+00　✅
          片0∩片1 ＝ 0.0　✅ ==0.0
          片0∩片2 ＝ 0.0　✅ ==0.0
          片1∩片2 ＝ 0.0　✅ ==0.0
  poly#1　三片 ＝ [7980.433985020, 5206.469617757, 8375.147308818]
          Σ ＝ 21562.050911594　整體 ＝ 21550.442498803　|Δ| ＝ 1.161e+01　🔴
          片0∩片1 ＝ 3.411115500971706e-13　🔴
          片0∩片2 ＝ 11.608412791387508　🔴
          片1∩片2 ＝ 0.0　✅ ==0.0

【4】容差上界：`½·D²·tol` vs 覆蓋閘 `0.01`（六街廓**實測**直徑）
--------------------------------------------------------------------------------------------------------------------------------------------------------------------------------------------------------
  ⇒ 最劣上界 ＝ **0.000000e+00** ㎡　vs ①' 覆蓋閘 **0.01** ㎡　⇒ ✅ **可證落於閘內**
  🔒 依據：兩線夾角 θ ≤ tol 時其間楔形面積 ≤ ½·D²·θ ≤ ½·D²·tol（`D` 取 bbox 對角 ⇒ **保守**）；體例比照 `_S_EPS` docstring 之論證。

========================================================================================================================================================================================================
