… ownership（tab1 歸戶指紋複刻，讀 匿名版 xlsx）
    重劃區地籍 53 筆｜U_LAND 64453 筆｜失敗 0｜歸戶群組 33 組
    ✅ 靶 628-18 → G005（預期 G005）
    ✅ 靶 628-45 → G007（預期 G007）
    ✅ 靶 628 → G009（預期 G009）
    ✅ 靶 628-37 → G019（預期 G019）
    ✅ 靶 628-41 → G023（預期 G023）
    ✅ 靶 628-36 → G029（預期 G029）
… parcels：temp 126 筆｜可建築 build 61 筆｜面積交叉換位 2 對
… Step G headless（0m；v3 真值財務＋結構不變量永久閘）
… Step G headless（3.5m；v3 真值財務＋結構不變量永久閘）
… v3 財務接線閘（B/C 錨・中繼錨・C 兩形等價・A 逐宗全查・雙 reverse-test）
… W-D.3 碎片幾何/分類/逐邊 CAD 對拍
… W-D.4 四梯分級清單（Gxxx 群組·31 旗標消費·遞補錨·fixture·v3 半實算）
… W-F F.0（級0/0' 合併＋梯3 釋池；trunk B 終態）
… W-F F.1（R1 楔形等 G 吞納＋前移；R3/R6 標記待 F.4）
… W-F F.2（跨街廓搬 a′ 模式一；五群 G009/G001/G021/G026/G027）
… W-F F.3（公設地調配：RD 五則①切半5/③集中30＋PF6；轉7-4 24筆）
… W-F F.4（7-4 三級調配＋7-5 批次最佳化＋終態整形＋33 群總決算；trunk E）
… W-G G.1 接線層 ctx-builder 同源（app _build_wf_ctx vs native _ctx；0m）
… W-G G.2 世代幾何曝出契約＋只寫不讀（0m）
============================================================
  ✅ PASS  參數0m
  ✅ PASS  參數3.5m
  ✅ PASS  -a診斷0m
  ✅ PASS  -a診斷3.5m
  ✅ PASS  ownership Gxxx 靶組（三環定理鏈）
  ✅ PASS  W-D.3 ghost 零面積不變量（8 筆全零）
  ✅ PASS  F.0-pre 15.73㎡ 歸因（公設 15.73 ＋ 可建築 13.34 = 29.07 ＝ ghost 真面積 29.09）
  ✅ PASS  v3·診斷0m（全欄逐格·無豁免）
  ✅ PASS  率接線無串聯0m（vs v1 原錨，豁免 G估 後逐格全等）
  🔴 FAIL  率接線 G估 欄變動 0 格（期 18）
        實得 0 格
  ✅ PASS  指配0m
  ✅ PASS  抵費地0m(應空)
  ✅ PASS  結構不變量永久閘0m（守恆/⊥/位次=投影序/J(k*)≥J(naive)/理論=實跑/telescoping）
  ✅ PASS  v3·G值0m
  ✅ PASS  v3·滑池槽0m
  ✅ PASS  v3·J表0m
  ✅ PASS  k* 六塊經驗錨0m {'R1': 2, 'R2': 8, 'R3': 7, 'R4': 1, 'R5': 7, 'R6': 6}
  ✅ PASS  v3·診斷3.5m（全欄逐格·無豁免）
  ✅ PASS  率接線無串聯3.5m（vs v1 原錨，豁免 G估 後逐格全等）
  🔴 FAIL  率接線 G估 欄變動 0 格（期 21）
        實得 0 格
  ✅ PASS  指配3.5m
  ✅ PASS  抵費地3.5m
  ✅ PASS  結構不變量永久閘3.5m（守恆/⊥/位次=投影序/J(k*)≥J(naive)/理論=實跑/telescoping）
  ✅ PASS  v3·G值3.5m
  ✅ PASS  v3·滑池槽3.5m
  ✅ PASS  v3·J表3.5m
  ✅ PASS  k* 六塊經驗錨3.5m {'R1': 2, 'R2': 8, 'R3': 7, 'R4': 1, 'R5': 7, 'R6': 6}
  ✅ PASS  v3 財務錨 B == 0.171043（獨立輸入現算 → 0.171043）
  ✅ PASS  v3 財務錨 C == 0.091319（加總形分母 1,643,176,255.06）
  ✅ PASS  v3 中繼錨 工程費/重劃費/費用總額 == 122324608/22717427/150053099
  ✅ PASS  v3 C 兩形等價（加總形 vs app calc_C_value 均價形）|Δ|=2.92e-10 <1e-8
  ✅ PASS  v3 A 逐宗全查（118 列＝後街廓單價/重劃前區段單價）
  🔴 FAIL  v3 財務接線閘
        [財務閘] 停機③（守恆破）街廓 R2：殘差 -1.28㎡ ≥1㎡
        ^^^^^^^^^^^^^^^^^^^^^^^^^^^^^^^^^^^^^^^^^^^^^^^^^^^^^^^^^^^^^^^^^^
  File "C:\Users\admin\Desktop\land-readjustment-trial\verify\stepg_pipeline.py", line 845, in run_step_g
    raise RuntimeError(
        f"停機③（守恆破）街廓 {blk_label}：殘差 {_resid_wd2:+.2f}㎡ ≥1㎡")
RuntimeError: 停機③（守恆破）街廓 R2：殘差 -1.28㎡ ≥1㎡

  ✅ PASS  W-D.3 碎片幾何/三分類（v3）
  ✅ PASS  W-D.3 碎片逐邊CAD（v3）
  ✅ PASS  W-D.4 四梯清單0m（v3 半實算）
  ✅ PASS  W-D.4 碎片遞補0m
  ✅ PASS  W-D.4 跨占分配線0m
  ✅ PASS  W-D.4 四梯清單3.5m（v3 半實算）
  ✅ PASS  W-D.4 碎片遞補3.5m
  ✅ PASS  W-D.4 跨占分配線3.5m
  ✅ PASS  W-D.4 MinA_區==114.07(正典rounded)·½顯示==57.04(Decimal非round)
  ✅ PASS  W-D.4 31旗標全消費(群組語意·v3 隨價變)
  🔴 FAIL  F.0-pre 雙軌錨 軌別{'建地軌': 25, '公設軌': 8}·梯次{'—': 8, '0': 12, '1': 7, '2': 4, '3': 2}
        實得 軌別{'建地軌': 25, '公設軌': 8} 梯次{'0': 13, '1': 7, '—': 8, '2': 3, '3': 2}
  ✅ PASS  F.0-pre 公設軌 8 群（撤出梯3、待 F.3/F.4）
  ✅ PASS  F.0-pre 公設軌補償欄全空（G(a′) 未算前禁取值·停機條款）
  ✅ PASS  F.3 母數錨 公設地 59 筆／28 群持有（廢「30 筆/4,428㎡」）
  🔴 FAIL  F.0 釋池對象＝梯3 二群 [('G025', 1.79), ('G030', 55.18)]（Σ=56.97㎡）
        實得 [('G025', 1.79), ('G030', 55.18)]
  ✅ PASS  W-D.4 MinA_區 reverse-test(改深度→隨動·非寫死)
  ✅ PASS  W-D.4 遞補錨 R6 85.66→628-4(1)（跳過 628(2);628-1(2);628-23(1)）
  ✅ PASS  W-D.4 持分和逐宗檢核(WARNING-A)
  ✅ PASS  W-D.4 第4梯 fixture(查封自成一群·移除後 byte-identical)
  ✅ PASS  F.0·G值0m（trunk B 終態）
  ✅ PASS  F.0·滑池槽0m
  ✅ PASS  F.0·J表0m
  ✅ PASS  F.0·合併決策0m
  ✅ PASS  F.0·旗標消長0m
  ✅ PASS  F.0·池差閉合0m
  ✅ PASS  F.0 結構永久閘0m（trunk B 守恆全綠）
  ✅ PASS  F.0 位次序不變0m（投影序∖移除宗）
  ✅ PASS  F.0 標的宗毗鄰不變0m
  ✅ PASS  F.0·G值3.5m（trunk B 終態）
  ✅ PASS  F.0·滑池槽3.5m
  ✅ PASS  F.0·J表3.5m
  ✅ PASS  F.0·合併決策3.5m
  ✅ PASS  F.0·旗標消長3.5m
  ✅ PASS  F.0·池差閉合3.5m
  ✅ PASS  F.0 結構永久閘3.5m（trunk B 守恆全綠）
  ✅ PASS  F.0 位次序不變3.5m（投影序∖移除宗）
  ✅ PASS  F.0 標的宗毗鄰不變3.5m
  ✅ PASS  F.0 六格 G(Σa) 錨 0m {'G006': 365.84, 'G007': 362.08, 'G009': 153.19, 'G010': 294.81, 'G014': 127.06, 'G017': 433.68}
  ✅ PASS  F.0 旗標 31→17（新生 0）
  ✅ PASS  F.0 k* f0 錨 trunk B {'R1': 2, 'R2': 6, 'R4': 1, 'R5': 4, 'R3': 5, 'R6': 3}
  ✅ PASS  F.0 不達標二格 G009→F.2·G014→F.4（先併再標旗轉出）
  ✅ PASS  F.1·遞補整形0m
  ✅ PASS  F.1·碎片處置0m
  ✅ PASS  F.1·池驗證0m
  🔴 FAIL  F.1 錨0m（標的 628-37(1)·寬 6.3≥3.5·池片 2→1·池差 +0.11≈0）
        {'target': '628-37(1)', 'S_new': 6.32, 'w_new': 6.3, 'wedge_area': 5.3, 'pool_pieces_B': 2, 'pool_pieces_new': 1, 'pool_B': 1175.47, 'pool_new': 1175.58, 'pool_delta': 0.11}
  ✅ PASS  F.1 標記制0m（2 片待 F.4 終態遞補整形，期 2）
        {'情境': '0m', '碎片': 'R3-抵費地-2', '街廓': 'R3', '面積(㎡)': 78.19, '處置': '標記·待 F.4 終態遞補整形（角落失格業主未離場，KL 裁定 2026-07-11）', '標的宗': '—'}
        {'情境': '0m', '碎片': 'R6-抵費地-2', '街廓': 'R6', '面積(㎡)': 85.66, '處置': '標記·待 F.4 終態遞補整形（角落失格業主未離場，KL 裁定 2026-07-11）', '標的宗': '—'}
  ✅ PASS  F.1·遞補整形3.5m
  ✅ PASS  F.1·碎片處置3.5m
  ✅ PASS  F.1·池驗證3.5m
  ✅ PASS  F.1 錨3.5m（標的 628-36(1)·寬 17.35≥3.5·池片 2→1·池差 -0.09≈0）
  ✅ PASS  F.1 標記制3.5m（1 片待 F.4 終態遞補整形，期 1）
        {'情境': '3.5m', '碎片': 'R6-抵費地-2', '街廓': 'R6', '面積(㎡)': 85.66, '處置': '標記·待 F.4 終態遞補整形（角落失格業主未離場，KL 裁定 2026-07-11）', '標的宗': '—'}
  ✅ PASS  F.2 靜態閘（wf_f2 不呼叫 calc_a_prime／三廢函式）
  ✅ PASS  F.2·跨街廓調配0m
  ✅ PASS  F.2·G值0m（trunk C 終態）
  ✅ PASS  F.2·池流向0m
  ✅ PASS  F.2 結構永久閘0m（trunk C 守恆全綠）
  ✅ PASS  F.2 跨街廓守恆0m（源池增/目標池減/全區殘差 1.15<6㎡）
  ✅ PASS  F.2 位次序不變0m（投影序∖移除宗）
  ✅ PASS  F.2 F.1 正交0m（628-37(1) B→C 全等）
  ✅ PASS  F.2 同區段恆等0m（同zone轉出 a′==a）
  ✅ PASS  F.2·跨街廓調配3.5m
  ✅ PASS  F.2·G值3.5m（trunk C 終態）
  ✅ PASS  F.2·池流向3.5m
  ✅ PASS  F.2 結構永久閘3.5m（trunk C 守恆全綠）
  ✅ PASS  F.2 跨街廓守恆3.5m（源池增/目標池減/全區殘差 0.3<6㎡）
  ✅ PASS  F.2 位次序不變3.5m（投影序∖移除宗）
  ✅ PASS  F.2 F.1 正交3.5m（628-36(1) B→C 全等）
  ✅ PASS  F.2 同區段恆等3.5m（同zone轉出 a′==a）
  ✅ PASS  F.2 雙模式並列錨 G021 模式一98.54／模式二89.32
  ✅ PASS  F.2 跨區段 fixture（a→b 模式一 a′=117.6471≠a=100·模式二R2=117.6471/R1混=106.6348）
  ✅ PASS  F.3 靜態閘（wf_f3 不呼叫 calc_a_prime／三廢）
  ✅ PASS  F.3·公設調配0m
  ✅ PASS  F.3·轉7-40m
  ✅ PASS  F.3·G值0m（trunk D 終態）
  ✅ PASS  F.3·池流向0m
  ✅ PASS  F.3 零遺漏0m（59＝併入35＋轉7-424）
  ✅ PASS  F.3 結構永久閘0m（trunk D 守恆綠·殘差0.83）
  ✅ PASS  F.3 位次序不變0m
  ✅ PASS  F.3 五則①切半5筆·40灌入項0m
  ✅ PASS  F.3·公設調配3.5m
  ✅ PASS  F.3·轉7-43.5m
  ✅ PASS  F.3·G值3.5m（trunk D 終態）
  ✅ PASS  F.3·池流向3.5m
  ✅ PASS  F.3 零遺漏3.5m（59＝併入35＋轉7-424）
  ✅ PASS  F.3 結構永久閘3.5m（trunk D 守恆綠·殘差1.22）
  ✅ PASS  F.3 位次序不變3.5m
  ✅ PASS  F.3 五則①切半5筆·40灌入項3.5m
  ✅ PASS  F.3 舊帳重測 628-18(2) a=477.91==477.91（新機制·分攤登記96.82）
  ✅ PASS  F.3 轉7-4 9群（含 G025 邊界：建地 F.0梯3釋池）
  ✅ PASS  F.3 跨區段 fixture（a→b a′=117.6471≠a·ratio≠1）
  ✅ PASS  F.4 靜態閘（wf_f4 不呼叫 calc_a_prime／三廢）
  ✅ PASS  F.4·公設調配0m
  ✅ PASS  F.4·七五雙出口0m
  ✅ PASS  F.4·G值0m
  ✅ PASS  F.4·池流向0m
  ✅ PASS  F.4·整形0m
  ✅ PASS  F.4·總決算0m
  ✅ PASS  F.4 結構永久閘0m（trunk E 守恆綠·殘差1.47）
  ✅ PASS  F.4 終態旗標=0·位次序·B-10m
  ✅ PASS  F.4 池終態三則0m（各塊 0 或 ≥MinA）
  ✅ PASS  F.4 E2 窮舉最優性0m（opt 278495.9 ≤ 次優 304017.33·可行 1929/3888·tie 20）
  ✅ PASS  F.4·公設調配3.5m
  ✅ PASS  F.4·七五雙出口3.5m
  ✅ PASS  F.4·G值3.5m
  ✅ PASS  F.4·池流向3.5m
  ✅ PASS  F.4·整形3.5m
  ✅ PASS  F.4·總決算3.5m
  ✅ PASS  F.4 結構永久閘3.5m（trunk E 守恆綠·殘差1.02）
  ✅ PASS  F.4 終態旗標=0·位次序·B-13.5m
  ✅ PASS  F.4 池終態三則3.5m（各塊 0 或 ≥MinA）
  ✅ PASS  F.4 E2 窮舉最優性3.5m（opt 2220802.93 ≤ 次優 2247271.31·可行 240/3888·tie 2）
  ✅ PASS  F.4 ½<½錨=['G013', 'G024', 'G028']·公設後價等式 72058.60964==快照
  ✅ PASS  F.4 E0 級1殘餘三對錨（628-49(1)→628-48(1) 等）
  ✅ PASS  F.4 Q3＋裁示1(a)（配額=合法基地·達標·帳表一致·禁超額）
  ✅ PASS  F.4 模式二 p_avg 母體＝原始 build_parcels（R1/R4 可算）
  ✅ PASS  W-G G.1 接線層 ctx-builder 同源（cb_by/cad+centerlines/gA/winners/β財務/blocks欄名/指紋/率鋪底）
  ✅ PASS  W-G G.2 世代幾何曝出契約＋只寫不讀（v3/f0/f1/f2/f3/E 逐宗座標·靜態越界=0）
============================================================
嫌犯序：快照漏參 > dtype 1.5（法人統編 '.0'）> driver orchestration 漂移 > 引擎（勿動 app）
RESULT: FAIL
