… ownership（tab1 歸戶指紋複刻，讀 匿名版 xlsx）
    重劃區地籍 53 筆｜U_LAND 64453 筆｜失敗 0｜歸戶群組 33 組
    ✅ 靶 628-18 → G005（預期 G005）
    ✅ 靶 628-45 → G007（預期 G007）
    ✅ 靶 628 → G009（預期 G009）
    ✅ 靶 628-37 → G019（預期 G019）
    ✅ 靶 628-41 → G023（預期 G023）
    ✅ 靶 628-36 → G029（預期 G029）
… parcels：temp 126 筆｜可建築 build 61 筆｜面積交叉換位 2 對
… Step G headless（0m；v3 真值財務＋結構不變量永久閘）
[T2-DIAG] 街廓 R1｜宗數 5｜池帶 2 片｜池帶 s 寬 [0.3248  35.2755]｜池帶面積 [5.3255  1169.2216]｜Σ池 1174.5472｜覆蓋殘差 0.0000｜Σ 殘差 +0.0000｜宗-宗疊 0.0000（上界 0.6594）｜內部縫 0 帶／0.0000㎡｜退化帶 0 個｜s 域 [-0.3248,87.7155]
[T2-DIAG] 街廓 R2｜宗數 14｜池帶 2 片｜池帶 s 寬 [0.0100  40.4174]｜池帶面積 [0.4486  1798.9744]｜Σ池 1799.4230｜覆蓋殘差 0.0000｜Σ 殘差 -0.0000｜宗-宗疊 0.0000（上界 2.8535）｜內部縫 0 帶／0.0000㎡｜退化帶 4 個（s 寬 4.24e-11, 2.12e-10, 9.97e-11, 4.23e-11）｜s 域 [0.2677,100.0274]
[T2-DIAG] 街廓 R4｜宗數 2｜池帶 1 片｜池帶 s 寬 [37.1270]｜池帶面積 [1229.1766]｜Σ池 1229.1766｜覆蓋殘差 0.0000｜Σ 殘差 -0.0000｜宗-宗疊 0.0000（上界 0.1630）｜內部縫 0 帶／0.0000㎡｜退化帶 1 個（s 寬 1.85e-10）｜s 域 [0.1759,98.7170]
[T2-DIAG] 街廓 R6｜宗數 10｜池帶 3 片｜池帶 s 寬 [3.6068  34.0349  0.0100]｜池帶面積 [85.7064  1542.2340  0.4360]｜Σ池 1628.3764｜覆蓋殘差 0.0000｜Σ 殘差 -0.0000｜宗-宗疊 0.0000（上界 2.0066）｜內部縫 0 帶／0.0000㎡｜退化帶 2 個（s 寬 3.98e-10, 7.85e-11）｜s 域 [-3.6068,85.8549]
[T2-DIAG] 街廓 R5｜宗數 12｜池帶 1 片｜池帶 s 寬 [38.6095]｜池帶面積 [1765.6303]｜Σ池 1765.6303｜覆蓋殘差 0.0000｜Σ 殘差 +0.0000｜宗-宗疊 0.0000（上界 2.4772）｜內部縫 0 帶／0.0000㎡｜退化帶 0 個｜s 域 [0.2685,92.7995]
[T2-DIAG] 街廓 R3｜宗數 14｜池帶 1 片｜池帶 s 寬 [40.5332]｜池帶面積 [1795.1138]｜Σ池 1795.1138｜覆蓋殘差 0.0001｜Σ 殘差 -0.0001｜宗-宗疊 0.0000（上界 2.8366）｜內部縫 0 帶／0.0000㎡｜退化帶 4 個（s 寬 5.57e-06, 1.27e-10, 4.23e-10, 4.24e-11）｜s 域 [-0.0000,96.8032]
… Step G headless（3.5m；v3 真值財務＋結構不變量永久閘）
[T2-DIAG] 街廓 R1｜宗數 5｜池帶 2 片｜池帶 s 寬 [0.3248  35.2655]｜池帶面積 [5.3255  1168.9920]｜Σ池 1174.3176｜覆蓋殘差 0.0000｜Σ 殘差 +0.0000｜宗-宗疊 0.0000（上界 0.6594）｜內部縫 0 帶／0.0000㎡｜退化帶 0 個｜s 域 [-0.3248,87.7155]
[T2-DIAG] 街廓 R2｜宗數 14｜池帶 3 片｜池帶 s 寬 [6.7721  0.0100  34.7275]｜池帶面積 [233.7880  0.4481  1544.7576]｜Σ池 1778.9937｜覆蓋殘差 0.0000｜Σ 殘差 -0.0000｜宗-宗疊 0.0000（上界 2.8535）｜內部縫 0 帶／0.0000㎡｜退化帶 4 個（s 寬 4.39e-10, 1.69e-10, 9.97e-11, 4.23e-11）｜s 域 [0.2677,100.0274]
[T2-DIAG] 街廓 R4｜宗數 2｜池帶 1 片｜池帶 s 寬 [37.1270]｜池帶面積 [1229.1766]｜Σ池 1229.1766｜覆蓋殘差 0.0000｜Σ 殘差 -0.0000｜宗-宗疊 0.0000（上界 0.1630）｜內部縫 0 帶／0.0000㎡｜退化帶 1 個（s 寬 1.85e-10）｜s 域 [0.1759,98.7170]
[T2-DIAG] 街廓 R6｜宗數 10｜池帶 3 片｜池帶 s 寬 [3.6068  34.0349  0.0100]｜池帶面積 [85.7064  1542.2340  0.4360]｜Σ池 1628.3764｜覆蓋殘差 0.0000｜Σ 殘差 -0.0000｜宗-宗疊 0.0000（上界 2.0066）｜內部縫 0 帶／0.0000㎡｜退化帶 2 個（s 寬 3.98e-10, 7.85e-11）｜s 域 [-3.6068,85.8549]
[T2-DIAG] 街廓 R5｜宗數 12｜池帶 2 片｜池帶 s 寬 [6.4038  33.4373]｜池帶面積 [212.8359  1533.1801]｜Σ池 1746.0159｜覆蓋殘差 0.0000｜Σ 殘差 -0.0000｜宗-宗疊 0.0000（上界 2.4772）｜內部縫 0 帶／0.0000㎡｜退化帶 0 個｜s 域 [0.2685,92.7995]
[T2-DIAG] 街廓 R3｜宗數 14｜池帶 2 片｜池帶 s 寬 [34.7842  7.0791]｜池帶面積 [1539.2983  235.0171]｜Σ池 1774.3154｜覆蓋殘差 0.0001｜Σ 殘差 -0.0001｜宗-宗疊 0.0000（上界 2.8366）｜內部縫 0 帶／0.0000㎡｜退化帶 3 個（s 寬 5.57e-06, 1.27e-10, 4.07e-10）｜s 域 [-0.0000,96.8032]
… v3 財務接線閘（B/C 錨・中繼錨・C 兩形等價・A 逐宗全查・雙 reverse-test）
[T2-DIAG] 街廓 R1｜宗數 5｜池帶 2 片｜池帶 s 寬 [0.3248  35.3455]｜池帶面積 [5.3255  1171.5416]｜Σ池 1176.8671｜覆蓋殘差 0.0000｜Σ 殘差 -0.0000｜宗-宗疊 0.0000（上界 0.6594）｜內部縫 0 帶／0.0000㎡｜退化帶 1 個（s 寬 1.74e-10）｜s 域 [-0.3248,87.7155]
[T2-DIAG] 街廓 R2｜宗數 14｜池帶 2 片｜池帶 s 寬 [0.0100  40.4874]｜池帶面積 [0.4486  1802.0920]｜Σ池 1802.5406｜覆蓋殘差 0.0000｜Σ 殘差 -0.0000｜宗-宗疊 0.0000（上界 2.8535）｜內部縫 0 帶／0.0000㎡｜退化帶 2 個（s 寬 4.24e-11, 4.23e-11）｜s 域 [0.2677,100.0274]
[T2-DIAG] 街廓 R4｜宗數 2｜池帶 1 片｜池帶 s 寬 [37.1970]｜池帶面積 [1231.4943]｜Σ池 1231.4943｜覆蓋殘差 0.0000｜Σ 殘差 +0.0000｜宗-宗疊 0.0000（上界 0.1630）｜內部縫 0 帶／0.0000㎡｜退化帶 1 個（s 寬 1.85e-10）｜s 域 [0.1759,98.7170]
[T2-DIAG] 街廓 R6｜宗數 10｜池帶 3 片｜池帶 s 寬 [3.6068  34.1249  0.0100]｜池帶面積 [85.7064  1546.3207  0.4360]｜Σ池 1632.4631｜覆蓋殘差 0.0000｜Σ 殘差 -0.0000｜宗-宗疊 0.0000（上界 2.0066）｜內部縫 0 帶／0.0000㎡｜退化帶 2 個（s 寬 1.20e-10, 7.85e-11）｜s 域 [-3.6068,85.8549]
[T2-DIAG] 街廓 R5｜宗數 12｜池帶 1 片｜池帶 s 寬 [38.6695]｜池帶面積 [1768.3559]｜Σ池 1768.3559｜覆蓋殘差 0.0000｜Σ 殘差 +0.0000｜宗-宗疊 0.0000（上界 2.4772）｜內部縫 0 帶／0.0000㎡｜退化帶 0 個｜s 域 [0.2685,92.7995]
[T2-DIAG] 街廓 R3｜宗數 14｜池帶 1 片｜池帶 s 寬 [40.5832]｜池帶面積 [1797.3258]｜Σ池 1797.3258｜覆蓋殘差 0.0001｜Σ 殘差 -0.0001｜宗-宗疊 0.0000（上界 2.8366）｜內部縫 0 帶／0.0000㎡｜退化帶 4 個（s 寬 5.57e-06, 4.49e-10, 4.23e-10, 4.24e-11）｜s 域 [-0.0000,96.8032]
[T2-DIAG] 街廓 R1｜宗數 5｜池帶 2 片｜池帶 s 寬 [0.3248  37.8055]｜池帶面積 [5.3255  1253.0799]｜Σ池 1258.4054｜覆蓋殘差 0.0000｜Σ 殘差 +0.0000｜宗-宗疊 0.0000（上界 0.6594）｜內部縫 0 帶／0.0000㎡｜退化帶 0 個｜s 域 [-0.3248,87.7155]
[T2-DIAG] 街廓 R2｜宗數 14｜池帶 2 片｜池帶 s 寬 [0.0100  43.0974]｜池帶面積 [0.4487  1918.2399]｜Σ池 1918.6886｜覆蓋殘差 0.0000｜Σ 殘差 -0.0000｜宗-宗疊 0.0000（上界 2.8535）｜內部縫 0 帶／0.0000㎡｜退化帶 3 個（s 寬 1.69e-10, 4.24e-11, 4.23e-11）｜s 域 [0.2677,100.0274]
[T2-DIAG] 街廓 R4｜宗數 2｜池帶 1 片｜池帶 s 寬 [39.7070]｜池帶面積 [1314.6008]｜Σ池 1314.6008｜覆蓋殘差 0.0000｜Σ 殘差 +0.0000｜宗-宗疊 0.0000（上界 0.1630）｜內部縫 0 帶／0.0000㎡｜退化帶 1 個（s 寬 1.85e-10）｜s 域 [0.1759,98.7170]
[T2-DIAG] 街廓 R6｜宗數 10｜池帶 3 片｜池帶 s 寬 [3.6068  36.4449  0.0100]｜池帶面積 [85.7064  1651.5389  0.4359]｜Σ池 1737.6812｜覆蓋殘差 0.0000｜Σ 殘差 -0.0000｜宗-宗疊 0.0000（上界 2.0066）｜內部縫 0 帶／0.0000㎡｜退化帶 1 個（s 寬 7.85e-11）｜s 域 [-3.6068,85.8549]
[T2-DIAG] 街廓 R5｜宗數 12｜池帶 1 片｜池帶 s 寬 [41.2295]｜池帶面積 [1885.1326]｜Σ池 1885.1326｜覆蓋殘差 0.0000｜Σ 殘差 -0.0000｜宗-宗疊 0.0000（上界 2.4772）｜內部縫 0 帶／0.0000㎡｜退化帶 2 個（s 寬 4.37e-11, 1.38e-10）｜s 域 [0.2685,92.7995]
[T2-DIAG] 街廓 R3｜宗數 14｜池帶 1 片｜池帶 s 寬 [43.2732]｜池帶面積 [1916.5032]｜Σ池 1916.5032｜覆蓋殘差 0.0001｜Σ 殘差 -0.0001｜宗-宗疊 0.0000（上界 2.8366）｜內部縫 0 帶／0.0000㎡｜退化帶 6 個（s 寬 5.57e-06, 3.76e-10, 7.60e-11, 1.27e-10, 1.27e-10, 4.24e-11）｜s 域 [-0.0000,96.8032]
… W-D.3 碎片幾何/分類/逐邊 CAD 對拍
[T2-DIAG] 街廓 R1｜宗數 5｜池帶 2 片｜池帶 s 寬 [0.3248  35.2755]｜池帶面積 [5.3255  1169.2216]｜Σ池 1174.5472｜覆蓋殘差 0.0000｜Σ 殘差 +0.0000｜宗-宗疊 0.0000（上界 0.6594）｜內部縫 0 帶／0.0000㎡｜退化帶 0 個｜s 域 [-0.3248,87.7155]
[T2-DIAG] 街廓 R2｜宗數 14｜池帶 2 片｜池帶 s 寬 [0.0100  40.4174]｜池帶面積 [0.4486  1798.9744]｜Σ池 1799.4230｜覆蓋殘差 0.0000｜Σ 殘差 -0.0000｜宗-宗疊 0.0000（上界 2.8535）｜內部縫 0 帶／0.0000㎡｜退化帶 4 個（s 寬 4.24e-11, 2.12e-10, 9.97e-11, 4.23e-11）｜s 域 [0.2677,100.0274]
[T2-DIAG] 街廓 R4｜宗數 2｜池帶 1 片｜池帶 s 寬 [37.1270]｜池帶面積 [1229.1766]｜Σ池 1229.1766｜覆蓋殘差 0.0000｜Σ 殘差 -0.0000｜宗-宗疊 0.0000（上界 0.1630）｜內部縫 0 帶／0.0000㎡｜退化帶 1 個（s 寬 1.85e-10）｜s 域 [0.1759,98.7170]
[T2-DIAG] 街廓 R6｜宗數 10｜池帶 3 片｜池帶 s 寬 [3.6068  34.0349  0.0100]｜池帶面積 [85.7064  1542.2340  0.4360]｜Σ池 1628.3764｜覆蓋殘差 0.0000｜Σ 殘差 -0.0000｜宗-宗疊 0.0000（上界 2.0066）｜內部縫 0 帶／0.0000㎡｜退化帶 2 個（s 寬 3.98e-10, 7.85e-11）｜s 域 [-3.6068,85.8549]
[T2-DIAG] 街廓 R5｜宗數 12｜池帶 1 片｜池帶 s 寬 [38.6095]｜池帶面積 [1765.6303]｜Σ池 1765.6303｜覆蓋殘差 0.0000｜Σ 殘差 +0.0000｜宗-宗疊 0.0000（上界 2.4772）｜內部縫 0 帶／0.0000㎡｜退化帶 0 個｜s 域 [0.2685,92.7995]
[T2-DIAG] 街廓 R3｜宗數 14｜池帶 1 片｜池帶 s 寬 [40.5332]｜池帶面積 [1795.1138]｜Σ池 1795.1138｜覆蓋殘差 0.0001｜Σ 殘差 -0.0001｜宗-宗疊 0.0000（上界 2.8366）｜內部縫 0 帶／0.0000㎡｜退化帶 4 個（s 寬 5.57e-06, 1.27e-10, 4.23e-10, 4.24e-11）｜s 域 [-0.0000,96.8032]
[T2-DIAG] 街廓 R1｜宗數 5｜池帶 2 片｜池帶 s 寬 [0.3248  35.2655]｜池帶面積 [5.3255  1168.9920]｜Σ池 1174.3176｜覆蓋殘差 0.0000｜Σ 殘差 +0.0000｜宗-宗疊 0.0000（上界 0.6594）｜內部縫 0 帶／0.0000㎡｜退化帶 0 個｜s 域 [-0.3248,87.7155]
[T2-DIAG] 街廓 R2｜宗數 14｜池帶 3 片｜池帶 s 寬 [6.7721  0.0100  34.7275]｜池帶面積 [233.7880  0.4481  1544.7576]｜Σ池 1778.9937｜覆蓋殘差 0.0000｜Σ 殘差 -0.0000｜宗-宗疊 0.0000（上界 2.8535）｜內部縫 0 帶／0.0000㎡｜退化帶 4 個（s 寬 4.39e-10, 1.69e-10, 9.97e-11, 4.23e-11）｜s 域 [0.2677,100.0274]
[T2-DIAG] 街廓 R4｜宗數 2｜池帶 1 片｜池帶 s 寬 [37.1270]｜池帶面積 [1229.1766]｜Σ池 1229.1766｜覆蓋殘差 0.0000｜Σ 殘差 -0.0000｜宗-宗疊 0.0000（上界 0.1630）｜內部縫 0 帶／0.0000㎡｜退化帶 1 個（s 寬 1.85e-10）｜s 域 [0.1759,98.7170]
[T2-DIAG] 街廓 R6｜宗數 10｜池帶 3 片｜池帶 s 寬 [3.6068  34.0349  0.0100]｜池帶面積 [85.7064  1542.2340  0.4360]｜Σ池 1628.3764｜覆蓋殘差 0.0000｜Σ 殘差 -0.0000｜宗-宗疊 0.0000（上界 2.0066）｜內部縫 0 帶／0.0000㎡｜退化帶 2 個（s 寬 3.98e-10, 7.85e-11）｜s 域 [-3.6068,85.8549]
[T2-DIAG] 街廓 R5｜宗數 12｜池帶 2 片｜池帶 s 寬 [6.4038  33.4373]｜池帶面積 [212.8359  1533.1801]｜Σ池 1746.0159｜覆蓋殘差 0.0000｜Σ 殘差 -0.0000｜宗-宗疊 0.0000（上界 2.4772）｜內部縫 0 帶／0.0000㎡｜退化帶 0 個｜s 域 [0.2685,92.7995]
[T2-DIAG] 街廓 R3｜宗數 14｜池帶 2 片｜池帶 s 寬 [34.7842  7.0791]｜池帶面積 [1539.2983  235.0171]｜Σ池 1774.3154｜覆蓋殘差 0.0001｜Σ 殘差 -0.0001｜宗-宗疊 0.0000（上界 2.8366）｜內部縫 0 帶／0.0000㎡｜退化帶 3 個（s 寬 5.57e-06, 1.27e-10, 4.07e-10）｜s 域 [-0.0000,96.8032]
… W-D.4 四梯分級清單（Gxxx 群組·31 旗標消費·遞補錨·fixture·v3 半實算）
