============================================================================================================
【V6_1.dxf 驗收】舊/新 DXF **幾何集合**比對（⛔ 禁用 handle·重存後全部重編）
============================================================================================================
舊 = data\V6.dxf
    md5 = 62ad89ce081228c25a8e8ea935395b05   bytes = 88341
新 = data\V6_1.dxf
    md5 = 8d18f8577ae734ed84364fab37eae208   bytes = 88453

【1】各圖層×型別 實體數
------------------------------------------------------------------------------------------------------------
  圖層                    型別                 舊     新  判
  0                     INSERT            25    25  ✅
  0                     POLYLINE           3     3  ✅
  ALLOC_LINE            INSERT            10    10  ✅
  ALLOC_LINE            LINE               6     6  ✅
  BASELINE              LINE               4     4  ✅
  BLOCK                 POLYLINE          12    12  ✅
  BLOCK                 TEXT              11    11  ✅
  BLOCK_AREA            TEXT               8     8  ✅
  CADASTRAL_BOUND       LINE             251   251  ✅
  CADASTRAL_TEXT        TEXT              53    53  ✅
  CENTERLINE            LINE               4     4  ✅
  FRONT_LINE            LINE               6     6  ✅
  SIDE_LINE             LINE               8     8  ✅
  ⇒ ✅ 舊新一致

【2】【3】應**完全相同**之圖層（幾何 multiset 比對）
------------------------------------------------------------------------------------------------------------
  BLOCK               POLYLINE      n=  12  ✅ 完全相同
  BLOCK               TEXT          n=  11  🔴 有差異  舊獨有 5／新獨有 5
  BASELINE            LINE          n=   4  ✅ 完全相同
  ALLOC_LINE          INSERT        n=  10  ✅ 完全相同
  ALLOC_LINE          LINE          n=   6  ✅ 完全相同
  CENTERLINE          LINE          n=   4  ✅ 完全相同
  CADASTRAL_BOUND     LINE          n= 251  ✅ 完全相同
  ⇒ 🔴 有非預期變動

【4】FRONT_LINE／SIDE_LINE 端點變動（舊→新·逐條）
------------------------------------------------------------------------------------------------------------
  ── FRONT_LINE（共 6 條·變動 2 條）
     端點2  舊 (310511.584060, 2651947.012730)  →  新 (310511.583880, 2651947.012530)   位移 0.000269073 m
     線長 舊 87.313031 → 新 87.313053   Δ +0.000021532 m
     端點1  舊 (310517.107260, 2651941.177690)  →  新 (310517.107090, 2651941.177500)   位移 0.000254951 m
     端點2  舊 (310585.083580, 2651869.350120)  →  新 (310585.094800, 2651869.360640)   位移 0.015380468 m
     線長 舊 98.893781 → 新 98.893832   Δ +0.000051563 m
  ── SIDE_LINE（共 8 條·變動 3 條）
     端點1  舊 (310511.584060, 2651947.012730)  →  新 (310511.583880, 2651947.012530)   位移 0.000269073 m
     線長 舊 33.270187 → 新 33.269918   Δ -0.000269051 m
     端點1  舊 (310517.107260, 2651941.177690)  →  新 (310517.107090, 2651941.177500)   位移 0.000254951 m
     線長 舊 33.267516 → 新 33.267261   Δ -0.000254938 m
     端點1  舊 (310585.083580, 2651869.350120)  →  新 (310585.094800, 2651869.360640)   位移 0.015380468 m
     線長 舊 33.084084 → 新 33.099464   Δ +0.015380468 m
  ⇒ FRONT_LINE 變動 2 條／SIDE_LINE 變動 3 條

【5】街廓頂點對 FRONT_LINE 之偏差（貼線母體＝垂距 ≤ 0.05m 且投影落段內）
------------------------------------------------------------------------------------------------------------
  舊：貼線頂點 **48 個**／最大偏差 **0.014826222 m**  @ (310582.658400, 2651871.934270)
  新：貼線頂點 **48 個**／最大偏差 **0.000007517 m**  @ (310495.168390, 2651916.169410)

【5b】**各街廓多邊形本身** vs FRONT_LINE（逐街廓·前緣側 max t）
------------------------------------------------------------------------------------------------------------
  🔴 此為**真正之圖面落差**判準——與『街角規定範圍之前緣偏移』**不同量、勿互代**：
     後者係該**範圍多邊形自身**之前緣側極值；退縮 0m 時該範圍可能整個落在
     **截角區內**，其極值遂落在截角邊上（與圖面是否畫準無關）。
  舊：12 個街廓多邊形中 11 個貼 FRONT_LINE；其最大偏差 ＝ **0.014826222 m**
  新：12 個街廓多邊形中 11 個貼 FRONT_LINE；其最大偏差 ＝ **0.000007517 m**

【6】FRONT_LINE 端點 ↔ SIDE_LINE 端點（**只看 <0.5m 之相鄰組合**）
------------------------------------------------------------------------------------------------------------
  ⚠️ 刻意不採「無限直線交點 vs 端點」——該法會把相隔上百公尺之非相鄰線配成一組。
  舊：<0.5m 之組合 **12 組**／最大距 **0.000000000 m**  （街角理論交點未被拆開）
  新：<0.5m 之組合 **12 組**／最大距 **0.000000000 m**  （街角理論交點未被拆開）

============================================================================================================
RESULT: 只驗不改（本工具不進任何判定鏈·rc 恆 0）
============================================================================================================
