… ownership（tab1 歸戶指紋複刻，讀 匿名版 xlsx）
    重劃區地籍 53 筆｜U_LAND 64453 筆｜失敗 0｜歸戶群組 33 組
    ✅ 靶 628-18 → G005（預期 G005）
    ✅ 靶 628-45 → G007（預期 G007）
    ✅ 靶 628 → G009（預期 G009）
    ✅ 靶 628-37 → G019（預期 G019）
    ✅ 靶 628-41 → G023（預期 G023）
    ✅ 靶 628-36 → G029（預期 G029）
… parcels：temp 126 筆｜可建築 build 61 筆｜面積交叉換位 2 對
… Step G headless（0m；v3 真值財務＋結構不變量永久閘）
[T2-DIAG] 街廓 R1｜宗數 5｜池帶 2 片｜池帶 s 寬 [0.3248  35.2765]｜池帶面積 [5.3255  1169.2548]｜Σ池 1174.5803｜覆蓋殘差 0.0000｜Σ 殘差 -0.0000｜宗-宗疊 0.0000（上界 0.6594）｜內部縫 0 帶／0.0000㎡｜退化帶 0 個｜s 域 [-0.3248,87.7155]
[T2-DIAG] 街廓 R2｜宗數 14｜池帶 2 片｜池帶 s 寬 [0.0100  40.4174]｜池帶面積 [0.4486  1798.9742]｜Σ池 1799.4228｜覆蓋殘差 0.0001｜Σ 殘差 -0.0001｜宗-宗疊 0.0000（上界 2.8535）｜內部縫 0 帶／0.0000㎡｜退化帶 4 個（s 寬 4.24e-11, 2.12e-10, 5.06e-11, 3.33e-06）｜s 域 [0.2677,100.0274]
[T2-DIAG] 街廓 R4｜宗數 2｜池帶 1 片｜池帶 s 寬 [37.1276]｜池帶面積 [1229.1943]｜Σ池 1229.1943｜覆蓋殘差 0.0000｜Σ 殘差 -0.0000｜宗-宗疊 0.0000（上界 0.1630）｜內部縫 0 帶／0.0000㎡｜退化帶 0 個｜s 域 [0.1759,98.7170]
[T2-DIAG] 街廓 R6｜宗數 10｜池帶 3 片｜池帶 s 寬 [3.6068  34.1711  0.0100]｜池帶面積 [85.7064  1548.2868  0.4359]｜Σ池 1634.4292｜覆蓋殘差 0.0000｜Σ 殘差 -0.0000｜宗-宗疊 0.0000（上界 2.0066）｜內部縫 0 帶／0.0000㎡｜退化帶 0 個｜s 域 [-3.6068,85.8549]
[T2-DIAG] 街廓 R5｜宗數 12｜池帶 1 片｜池帶 s 寬 [38.6095]｜池帶面積 [1765.6303]｜Σ池 1765.6303｜覆蓋殘差 0.0000｜Σ 殘差 +0.0000｜宗-宗疊 0.0000（上界 2.4772）｜內部縫 0 帶／0.0000㎡｜退化帶 0 個｜s 域 [0.2685,92.7995]
[T2-DIAG] 街廓 R3｜宗數 14｜池帶 2 片｜池帶 s 寬 [38.4961  3.4571]｜池帶面積 [1704.4219  78.2363]｜Σ池 1782.6583｜覆蓋殘差 0.0001｜Σ 殘差 -0.0001｜宗-宗疊 0.0000（上界 2.8366）｜內部縫 0 帶／0.0000㎡｜退化帶 3 個（s 寬 5.57e-06, 1.27e-10, 1.27e-10）｜s 域 [-0.0000,96.8032]
… Step G headless（3.5m；v3 真值財務＋結構不變量永久閘）
[T2-DIAG] 街廓 R1｜宗數 5｜池帶 2 片｜池帶 s 寬 [0.3248  35.2665]｜池帶面積 [5.3255  1169.0252]｜Σ池 1174.3507｜覆蓋殘差 0.0000｜Σ 殘差 +0.0000｜宗-宗疊 0.0000（上界 0.6594）｜內部縫 0 帶／0.0000㎡｜退化帶 0 個｜s 域 [-0.3248,87.7155]
[T2-DIAG] 街廓 R2｜宗數 14｜池帶 3 片｜池帶 s 寬 [6.7721  0.0100  34.7275]｜池帶面積 [233.7880  0.4481  1544.7575]｜Σ池 1778.9935｜覆蓋殘差 0.0001｜Σ 殘差 -0.0001｜宗-宗疊 0.0000（上界 2.8535）｜內部縫 0 帶／0.0000㎡｜退化帶 4 個（s 寬 4.39e-10, 1.69e-10, 5.06e-11, 3.33e-06）｜s 域 [0.2677,100.0274]
[T2-DIAG] 街廓 R4｜宗數 2｜池帶 1 片｜池帶 s 寬 [37.1276]｜池帶面積 [1229.1943]｜Σ池 1229.1943｜覆蓋殘差 0.0000｜Σ 殘差 -0.0000｜宗-宗疊 0.0000（上界 0.1630）｜內部縫 0 帶／0.0000㎡｜退化帶 0 個｜s 域 [0.1759,98.7170]
[T2-DIAG] 街廓 R6｜宗數 10｜池帶 3 片｜池帶 s 寬 [3.6068  34.1711  0.0100]｜池帶面積 [85.7064  1548.2868  0.4359]｜Σ池 1634.4292｜覆蓋殘差 0.0000｜Σ 殘差 -0.0000｜宗-宗疊 0.0000（上界 2.0066）｜內部縫 0 帶／0.0000㎡｜退化帶 0 個｜s 域 [-3.6068,85.8549]
[T2-DIAG] 街廓 R5｜宗數 12｜池帶 2 片｜池帶 s 寬 [6.4038  33.4373]｜池帶面積 [212.8359  1533.1801]｜Σ池 1746.0159｜覆蓋殘差 0.0000｜Σ 殘差 -0.0000｜宗-宗疊 0.0000（上界 2.4772）｜內部縫 0 帶／0.0000㎡｜退化帶 0 個｜s 域 [0.2685,92.7995]
[T2-DIAG] 街廓 R3｜宗數 14｜池帶 2 片｜池帶 s 寬 [31.1170  10.5362]｜池帶面積 [1376.3298  389.8488]｜Σ池 1766.1786｜覆蓋殘差 0.0001｜Σ 殘差 -0.0001｜宗-宗疊 0.0000（上界 2.8366）｜內部縫 0 帶／0.0000㎡｜退化帶 2 個（s 寬 5.57e-06, 1.27e-10）｜s 域 [-0.0000,96.8032]
… v3 財務接線閘（B/C 錨・中繼錨・C 兩形等價・A 逐宗全查・雙 reverse-test）
[T2-DIAG] 街廓 R1｜宗數 5｜池帶 2 片｜池帶 s 寬 [0.3248  35.3465]｜池帶面積 [5.3255  1171.5747]｜Σ池 1176.9003｜覆蓋殘差 0.0000｜Σ 殘差 -0.0000｜宗-宗疊 0.0000（上界 0.6594）｜內部縫 0 帶／0.0000㎡｜退化帶 1 個（s 寬 1.30e-10）｜s 域 [-0.3248,87.7155]
[T2-DIAG] 街廓 R2｜宗數 14｜池帶 2 片｜池帶 s 寬 [0.0100  40.4874]｜池帶面積 [0.4486  1802.0919]｜Σ池 1802.5405｜覆蓋殘差 0.0001｜Σ 殘差 -0.0001｜宗-宗疊 0.0000（上界 2.8535）｜內部縫 0 帶／0.0000㎡｜退化帶 2 個（s 寬 4.24e-11, 3.33e-06）｜s 域 [0.2677,100.0274]
[T2-DIAG] 街廓 R4｜宗數 2｜池帶 1 片｜池帶 s 寬 [37.1976]｜池帶面積 [1231.5120]｜Σ池 1231.5120｜覆蓋殘差 0.0000｜Σ 殘差 -0.0000｜宗-宗疊 0.0000（上界 0.1630）｜內部縫 0 帶／0.0000㎡｜退化帶 0 個｜s 域 [0.1759,98.7170]
[T2-DIAG] 街廓 R6｜宗數 10｜池帶 3 片｜池帶 s 寬 [3.6068  34.2511  0.0100]｜池帶面積 [85.7064  1551.9287  0.4359]｜Σ池 1638.0711｜覆蓋殘差 0.0000｜Σ 殘差 +0.0000｜宗-宗疊 0.0000（上界 2.0066）｜內部縫 0 帶／0.0000㎡｜退化帶 0 個｜s 域 [-3.6068,85.8549]
[T2-DIAG] 街廓 R5｜宗數 12｜池帶 1 片｜池帶 s 寬 [38.6695]｜池帶面積 [1768.3559]｜Σ池 1768.3559｜覆蓋殘差 0.0000｜Σ 殘差 +0.0000｜宗-宗疊 0.0000（上界 2.4772）｜內部縫 0 帶／0.0000㎡｜退化帶 0 個｜s 域 [0.2685,92.7995]
[T2-DIAG] 街廓 R3｜宗數 14｜池帶 2 片｜池帶 s 寬 [38.5561  3.4571]｜池帶面積 [1707.0784  78.2363]｜Σ池 1785.3148｜覆蓋殘差 0.0001｜Σ 殘差 -0.0001｜宗-宗疊 0.0000（上界 2.8366）｜內部縫 0 帶／0.0000㎡｜退化帶 2 個（s 寬 5.57e-06, 4.49e-10）｜s 域 [-0.0000,96.8032]
[T2-DIAG] 街廓 R1｜宗數 5｜池帶 2 片｜池帶 s 寬 [0.3248  37.8065]｜池帶面積 [5.3255  1253.1130]｜Σ池 1258.4385｜覆蓋殘差 0.0000｜Σ 殘差 -0.0000｜宗-宗疊 0.0000（上界 0.6594）｜內部縫 0 帶／0.0000㎡｜退化帶 1 個（s 寬 1.30e-10）｜s 域 [-0.3248,87.7155]
[T2-DIAG] 街廓 R2｜宗數 14｜池帶 2 片｜池帶 s 寬 [0.0100  43.0974]｜池帶面積 [0.4487  1918.2398]｜Σ池 1918.6884｜覆蓋殘差 0.0001｜Σ 殘差 -0.0001｜宗-宗疊 0.0000（上界 2.8535）｜內部縫 0 帶／0.0000㎡｜退化帶 2 個（s 寬 1.27e-10, 3.33e-06）｜s 域 [0.2677,100.0274]
[T2-DIAG] 街廓 R4｜宗數 2｜池帶 1 片｜池帶 s 寬 [39.7076]｜池帶面積 [1314.6185]｜Σ池 1314.6185｜覆蓋殘差 0.0000｜Σ 殘差 +0.0000｜宗-宗疊 0.0000（上界 0.1630）｜內部縫 0 帶／0.0000㎡｜退化帶 0 個｜s 域 [0.1759,98.7170]
[T2-DIAG] 街廓 R6｜宗數 10｜池帶 3 片｜池帶 s 寬 [3.6068  36.5811  0.0100]｜池帶面積 [85.7064  1657.5840  0.4358]｜Σ池 1743.7261｜覆蓋殘差 0.0000｜Σ 殘差 -0.0000｜宗-宗疊 0.0000（上界 2.0066）｜內部縫 0 帶／0.0000㎡｜退化帶 1 個（s 寬 8.95e-11）｜s 域 [-3.6068,85.8549]
[T2-DIAG] 街廓 R5｜宗數 12｜池帶 1 片｜池帶 s 寬 [41.2295]｜池帶面積 [1885.1326]｜Σ池 1885.1326｜覆蓋殘差 0.0000｜Σ 殘差 -0.0000｜宗-宗疊 0.0000（上界 2.4772）｜內部縫 0 帶／0.0000㎡｜退化帶 2 個（s 寬 4.37e-11, 1.38e-10）｜s 域 [0.2685,92.7995]
[T2-DIAG] 街廓 R3｜宗數 14｜池帶 2 片｜池帶 s 寬 [41.2461  3.4571]｜池帶面積 [1826.2210  78.2363]｜Σ池 1904.4573｜覆蓋殘差 0.0001｜Σ 殘差 -0.0001｜宗-宗疊 0.0000（上界 2.8366）｜內部縫 0 帶／0.0000㎡｜退化帶 3 個（s 寬 5.57e-06, 3.76e-10, 7.60e-11）｜s 域 [-0.0000,96.8032]
… W-D.3 碎片幾何/分類/逐邊 CAD 對拍
[T2-DIAG] 街廓 R1｜宗數 5｜池帶 2 片｜池帶 s 寬 [0.3248  35.2765]｜池帶面積 [5.3255  1169.2548]｜Σ池 1174.5803｜覆蓋殘差 0.0000｜Σ 殘差 -0.0000｜宗-宗疊 0.0000（上界 0.6594）｜內部縫 0 帶／0.0000㎡｜退化帶 0 個｜s 域 [-0.3248,87.7155]
[T2-DIAG] 街廓 R2｜宗數 14｜池帶 2 片｜池帶 s 寬 [0.0100  40.4174]｜池帶面積 [0.4486  1798.9742]｜Σ池 1799.4228｜覆蓋殘差 0.0001｜Σ 殘差 -0.0001｜宗-宗疊 0.0000（上界 2.8535）｜內部縫 0 帶／0.0000㎡｜退化帶 4 個（s 寬 4.24e-11, 2.12e-10, 5.06e-11, 3.33e-06）｜s 域 [0.2677,100.0274]
[T2-DIAG] 街廓 R4｜宗數 2｜池帶 1 片｜池帶 s 寬 [37.1276]｜池帶面積 [1229.1943]｜Σ池 1229.1943｜覆蓋殘差 0.0000｜Σ 殘差 -0.0000｜宗-宗疊 0.0000（上界 0.1630）｜內部縫 0 帶／0.0000㎡｜退化帶 0 個｜s 域 [0.1759,98.7170]
[T2-DIAG] 街廓 R6｜宗數 10｜池帶 3 片｜池帶 s 寬 [3.6068  34.1711  0.0100]｜池帶面積 [85.7064  1548.2868  0.4359]｜Σ池 1634.4292｜覆蓋殘差 0.0000｜Σ 殘差 -0.0000｜宗-宗疊 0.0000（上界 2.0066）｜內部縫 0 帶／0.0000㎡｜退化帶 0 個｜s 域 [-3.6068,85.8549]
[T2-DIAG] 街廓 R5｜宗數 12｜池帶 1 片｜池帶 s 寬 [38.6095]｜池帶面積 [1765.6303]｜Σ池 1765.6303｜覆蓋殘差 0.0000｜Σ 殘差 +0.0000｜宗-宗疊 0.0000（上界 2.4772）｜內部縫 0 帶／0.0000㎡｜退化帶 0 個｜s 域 [0.2685,92.7995]
[T2-DIAG] 街廓 R3｜宗數 14｜池帶 2 片｜池帶 s 寬 [38.4961  3.4571]｜池帶面積 [1704.4219  78.2363]｜Σ池 1782.6583｜覆蓋殘差 0.0001｜Σ 殘差 -0.0001｜宗-宗疊 0.0000（上界 2.8366）｜內部縫 0 帶／0.0000㎡｜退化帶 3 個（s 寬 5.57e-06, 1.27e-10, 1.27e-10）｜s 域 [-0.0000,96.8032]
[T2-DIAG] 街廓 R1｜宗數 5｜池帶 2 片｜池帶 s 寬 [0.3248  35.2665]｜池帶面積 [5.3255  1169.0252]｜Σ池 1174.3507｜覆蓋殘差 0.0000｜Σ 殘差 +0.0000｜宗-宗疊 0.0000（上界 0.6594）｜內部縫 0 帶／0.0000㎡｜退化帶 0 個｜s 域 [-0.3248,87.7155]
[T2-DIAG] 街廓 R2｜宗數 14｜池帶 3 片｜池帶 s 寬 [6.7721  0.0100  34.7275]｜池帶面積 [233.7880  0.4481  1544.7575]｜Σ池 1778.9935｜覆蓋殘差 0.0001｜Σ 殘差 -0.0001｜宗-宗疊 0.0000（上界 2.8535）｜內部縫 0 帶／0.0000㎡｜退化帶 4 個（s 寬 4.39e-10, 1.69e-10, 5.06e-11, 3.33e-06）｜s 域 [0.2677,100.0274]
[T2-DIAG] 街廓 R4｜宗數 2｜池帶 1 片｜池帶 s 寬 [37.1276]｜池帶面積 [1229.1943]｜Σ池 1229.1943｜覆蓋殘差 0.0000｜Σ 殘差 -0.0000｜宗-宗疊 0.0000（上界 0.1630）｜內部縫 0 帶／0.0000㎡｜退化帶 0 個｜s 域 [0.1759,98.7170]
[T2-DIAG] 街廓 R6｜宗數 10｜池帶 3 片｜池帶 s 寬 [3.6068  34.1711  0.0100]｜池帶面積 [85.7064  1548.2868  0.4359]｜Σ池 1634.4292｜覆蓋殘差 0.0000｜Σ 殘差 -0.0000｜宗-宗疊 0.0000（上界 2.0066）｜內部縫 0 帶／0.0000㎡｜退化帶 0 個｜s 域 [-3.6068,85.8549]
[T2-DIAG] 街廓 R5｜宗數 12｜池帶 2 片｜池帶 s 寬 [6.4038  33.4373]｜池帶面積 [212.8359  1533.1801]｜Σ池 1746.0159｜覆蓋殘差 0.0000｜Σ 殘差 -0.0000｜宗-宗疊 0.0000（上界 2.4772）｜內部縫 0 帶／0.0000㎡｜退化帶 0 個｜s 域 [0.2685,92.7995]
[T2-DIAG] 街廓 R3｜宗數 14｜池帶 2 片｜池帶 s 寬 [31.1170  10.5362]｜池帶面積 [1376.3298  389.8488]｜Σ池 1766.1786｜覆蓋殘差 0.0001｜Σ 殘差 -0.0001｜宗-宗疊 0.0000（上界 2.8366）｜內部縫 0 帶／0.0000㎡｜退化帶 2 個（s 寬 5.57e-06, 1.27e-10）｜s 域 [-0.0000,96.8032]
… W-D.4 四梯分級清單（Gxxx 群組·31 旗標消費·遞補錨·fixture·v3 半實算）
[T2-DIAG] 街廓 R1｜宗數 5｜池帶 2 片｜池帶 s 寬 [0.3248  35.2765]｜池帶面積 [5.3255  1169.2548]｜Σ池 1174.5803｜覆蓋殘差 0.0000｜Σ 殘差 -0.0000｜宗-宗疊 0.0000（上界 0.6594）｜內部縫 0 帶／0.0000㎡｜退化帶 0 個｜s 域 [-0.3248,87.7155]
[T2-DIAG] 街廓 R2｜宗數 14｜池帶 2 片｜池帶 s 寬 [0.0100  40.4174]｜池帶面積 [0.4486  1798.9742]｜Σ池 1799.4228｜覆蓋殘差 0.0001｜Σ 殘差 -0.0001｜宗-宗疊 0.0000（上界 2.8535）｜內部縫 0 帶／0.0000㎡｜退化帶 4 個（s 寬 4.24e-11, 2.12e-10, 5.06e-11, 3.33e-06）｜s 域 [0.2677,100.0274]
[T2-DIAG] 街廓 R4｜宗數 2｜池帶 1 片｜池帶 s 寬 [37.1276]｜池帶面積 [1229.1943]｜Σ池 1229.1943｜覆蓋殘差 0.0000｜Σ 殘差 -0.0000｜宗-宗疊 0.0000（上界 0.1630）｜內部縫 0 帶／0.0000㎡｜退化帶 0 個｜s 域 [0.1759,98.7170]
[T2-DIAG] 街廓 R6｜宗數 10｜池帶 3 片｜池帶 s 寬 [3.6068  34.1711  0.0100]｜池帶面積 [85.7064  1548.2868  0.4359]｜Σ池 1634.4292｜覆蓋殘差 0.0000｜Σ 殘差 -0.0000｜宗-宗疊 0.0000（上界 2.0066）｜內部縫 0 帶／0.0000㎡｜退化帶 0 個｜s 域 [-3.6068,85.8549]
[T2-DIAG] 街廓 R5｜宗數 12｜池帶 1 片｜池帶 s 寬 [38.6095]｜池帶面積 [1765.6303]｜Σ池 1765.6303｜覆蓋殘差 0.0000｜Σ 殘差 +0.0000｜宗-宗疊 0.0000（上界 2.4772）｜內部縫 0 帶／0.0000㎡｜退化帶 0 個｜s 域 [0.2685,92.7995]
[T2-DIAG] 街廓 R3｜宗數 14｜池帶 2 片｜池帶 s 寬 [38.4961  3.4571]｜池帶面積 [1704.4219  78.2363]｜Σ池 1782.6583｜覆蓋殘差 0.0001｜Σ 殘差 -0.0001｜宗-宗疊 0.0000（上界 2.8366）｜內部縫 0 帶／0.0000㎡｜退化帶 3 個（s 寬 5.57e-06, 1.27e-10, 1.27e-10）｜s 域 [-0.0000,96.8032]
[T2-DIAG] 街廓 R1｜宗數 5｜池帶 2 片｜池帶 s 寬 [0.3248  35.2665]｜池帶面積 [5.3255  1169.0252]｜Σ池 1174.3507｜覆蓋殘差 0.0000｜Σ 殘差 +0.0000｜宗-宗疊 0.0000（上界 0.6594）｜內部縫 0 帶／0.0000㎡｜退化帶 0 個｜s 域 [-0.3248,87.7155]
[T2-DIAG] 街廓 R2｜宗數 14｜池帶 3 片｜池帶 s 寬 [6.7721  0.0100  34.7275]｜池帶面積 [233.7880  0.4481  1544.7575]｜Σ池 1778.9935｜覆蓋殘差 0.0001｜Σ 殘差 -0.0001｜宗-宗疊 0.0000（上界 2.8535）｜內部縫 0 帶／0.0000㎡｜退化帶 4 個（s 寬 4.39e-10, 1.69e-10, 5.06e-11, 3.33e-06）｜s 域 [0.2677,100.0274]
[T2-DIAG] 街廓 R4｜宗數 2｜池帶 1 片｜池帶 s 寬 [37.1276]｜池帶面積 [1229.1943]｜Σ池 1229.1943｜覆蓋殘差 0.0000｜Σ 殘差 -0.0000｜宗-宗疊 0.0000（上界 0.1630）｜內部縫 0 帶／0.0000㎡｜退化帶 0 個｜s 域 [0.1759,98.7170]
[T2-DIAG] 街廓 R6｜宗數 10｜池帶 3 片｜池帶 s 寬 [3.6068  34.1711  0.0100]｜池帶面積 [85.7064  1548.2868  0.4359]｜Σ池 1634.4292｜覆蓋殘差 0.0000｜Σ 殘差 -0.0000｜宗-宗疊 0.0000（上界 2.0066）｜內部縫 0 帶／0.0000㎡｜退化帶 0 個｜s 域 [-3.6068,85.8549]
[T2-DIAG] 街廓 R5｜宗數 12｜池帶 2 片｜池帶 s 寬 [6.4038  33.4373]｜池帶面積 [212.8359  1533.1801]｜Σ池 1746.0159｜覆蓋殘差 0.0000｜Σ 殘差 -0.0000｜宗-宗疊 0.0000（上界 2.4772）｜內部縫 0 帶／0.0000㎡｜退化帶 0 個｜s 域 [0.2685,92.7995]
[T2-DIAG] 街廓 R3｜宗數 14｜池帶 2 片｜池帶 s 寬 [31.1170  10.5362]｜池帶面積 [1376.3298  389.8488]｜Σ池 1766.1786｜覆蓋殘差 0.0001｜Σ 殘差 -0.0001｜宗-宗疊 0.0000（上界 2.8366）｜內部縫 0 帶／0.0000㎡｜退化帶 2 個（s 寬 5.57e-06, 1.27e-10）｜s 域 [-0.0000,96.8032]
[T2-DIAG] 街廓 R1｜宗數 5｜池帶 2 片｜池帶 s 寬 [0.3248  35.2765]｜池帶面積 [5.3255  1169.2548]｜Σ池 1174.5803｜覆蓋殘差 0.0000｜Σ 殘差 -0.0000｜宗-宗疊 0.0000（上界 0.6594）｜內部縫 0 帶／0.0000㎡｜退化帶 0 個｜s 域 [-0.3248,87.7155]
[T2-DIAG] 街廓 R2｜宗數 14｜池帶 2 片｜池帶 s 寬 [0.0100  40.4174]｜池帶面積 [0.4486  1798.9742]｜Σ池 1799.4228｜覆蓋殘差 0.0001｜Σ 殘差 -0.0001｜宗-宗疊 0.0000（上界 2.8535）｜內部縫 0 帶／0.0000㎡｜退化帶 4 個（s 寬 4.24e-11, 2.12e-10, 5.06e-11, 3.33e-06）｜s 域 [0.2677,100.0274]
[T2-DIAG] 街廓 R4｜宗數 2｜池帶 1 片｜池帶 s 寬 [37.1276]｜池帶面積 [1229.1943]｜Σ池 1229.1943｜覆蓋殘差 0.0000｜Σ 殘差 -0.0000｜宗-宗疊 0.0000（上界 0.1630）｜內部縫 0 帶／0.0000㎡｜退化帶 0 個｜s 域 [0.1759,98.7170]
[T2-DIAG] 街廓 R6｜宗數 10｜池帶 3 片｜池帶 s 寬 [3.6068  34.1711  0.0100]｜池帶面積 [85.7064  1548.2868  0.4359]｜Σ池 1634.4292｜覆蓋殘差 0.0000｜Σ 殘差 -0.0000｜宗-宗疊 0.0000（上界 2.0066）｜內部縫 0 帶／0.0000㎡｜退化帶 0 個｜s 域 [-3.6068,85.8549]
[T2-DIAG] 街廓 R5｜宗數 12｜池帶 1 片｜池帶 s 寬 [38.6095]｜池帶面積 [1765.6303]｜Σ池 1765.6303｜覆蓋殘差 0.0000｜Σ 殘差 +0.0000｜宗-宗疊 0.0000（上界 2.4772）｜內部縫 0 帶／0.0000㎡｜退化帶 0 個｜s 域 [0.2685,92.7995]
[T2-DIAG] 街廓 R3｜宗數 14｜池帶 2 片｜池帶 s 寬 [38.4961  3.4571]｜池帶面積 [1704.4219  78.2363]｜Σ池 1782.6583｜覆蓋殘差 0.0001｜Σ 殘差 -0.0001｜宗-宗疊 0.0000（上界 2.8366）｜內部縫 0 帶／0.0000㎡｜退化帶 3 個（s 寬 5.57e-06, 1.27e-10, 1.27e-10）｜s 域 [-0.0000,96.8032]
[T2-DIAG] 街廓 R1｜宗數 5｜池帶 2 片｜池帶 s 寬 [0.3248  35.2665]｜池帶面積 [5.3255  1169.0252]｜Σ池 1174.3507｜覆蓋殘差 0.0000｜Σ 殘差 +0.0000｜宗-宗疊 0.0000（上界 0.6594）｜內部縫 0 帶／0.0000㎡｜退化帶 0 個｜s 域 [-0.3248,87.7155]
[T2-DIAG] 街廓 R2｜宗數 14｜池帶 3 片｜池帶 s 寬 [6.7721  0.0100  34.7275]｜池帶面積 [233.7880  0.4481  1544.7575]｜Σ池 1778.9935｜覆蓋殘差 0.0001｜Σ 殘差 -0.0001｜宗-宗疊 0.0000（上界 2.8535）｜內部縫 0 帶／0.0000㎡｜退化帶 4 個（s 寬 4.39e-10, 1.69e-10, 5.06e-11, 3.33e-06）｜s 域 [0.2677,100.0274]
[T2-DIAG] 街廓 R4｜宗數 2｜池帶 1 片｜池帶 s 寬 [37.1276]｜池帶面積 [1229.1943]｜Σ池 1229.1943｜覆蓋殘差 0.0000｜Σ 殘差 -0.0000｜宗-宗疊 0.0000（上界 0.1630）｜內部縫 0 帶／0.0000㎡｜退化帶 0 個｜s 域 [0.1759,98.7170]
[T2-DIAG] 街廓 R6｜宗數 10｜池帶 3 片｜池帶 s 寬 [3.6068  34.1711  0.0100]｜池帶面積 [85.7064  1548.2868  0.4359]｜Σ池 1634.4292｜覆蓋殘差 0.0000｜Σ 殘差 -0.0000｜宗-宗疊 0.0000（上界 2.0066）｜內部縫 0 帶／0.0000㎡｜退化帶 0 個｜s 域 [-3.6068,85.8549]
[T2-DIAG] 街廓 R5｜宗數 12｜池帶 2 片｜池帶 s 寬 [6.4038  33.4373]｜池帶面積 [212.8359  1533.1801]｜Σ池 1746.0159｜覆蓋殘差 0.0000｜Σ 殘差 -0.0000｜宗-宗疊 0.0000（上界 2.4772）｜內部縫 0 帶／0.0000㎡｜退化帶 0 個｜s 域 [0.2685,92.7995]
[T2-DIAG] 街廓 R3｜宗數 14｜池帶 2 片｜池帶 s 寬 [31.1170  10.5362]｜池帶面積 [1376.3298  389.8488]｜Σ池 1766.1786｜覆蓋殘差 0.0001｜Σ 殘差 -0.0001｜宗-宗疊 0.0000（上界 2.8366）｜內部縫 0 帶／0.0000㎡｜退化帶 2 個（s 寬 5.57e-06, 1.27e-10）｜s 域 [-0.0000,96.8032]
[T2-DIAG] 街廓 R1｜宗數 5｜池帶 2 片｜池帶 s 寬 [0.3248  35.2765]｜池帶面積 [5.3255  1169.2548]｜Σ池 1174.5803｜覆蓋殘差 0.0000｜Σ 殘差 -0.0000｜宗-宗疊 0.0000（上界 0.6594）｜內部縫 0 帶／0.0000㎡｜退化帶 0 個｜s 域 [-0.3248,87.7155]
[T2-DIAG] 街廓 R2｜宗數 14｜池帶 2 片｜池帶 s 寬 [0.0100  40.4174]｜池帶面積 [0.4486  1798.9742]｜Σ池 1799.4228｜覆蓋殘差 0.0001｜Σ 殘差 -0.0001｜宗-宗疊 0.0000（上界 2.8535）｜內部縫 0 帶／0.0000㎡｜退化帶 4 個（s 寬 4.24e-11, 2.12e-10, 5.06e-11, 3.33e-06）｜s 域 [0.2677,100.0274]
[T2-DIAG] 街廓 R4｜宗數 2｜池帶 1 片｜池帶 s 寬 [37.1276]｜池帶面積 [1229.1943]｜Σ池 1229.1943｜覆蓋殘差 0.0000｜Σ 殘差 -0.0000｜宗-宗疊 0.0000（上界 0.1630）｜內部縫 0 帶／0.0000㎡｜退化帶 0 個｜s 域 [0.1759,98.7170]
[T2-DIAG] 街廓 R6｜宗數 10｜池帶 3 片｜池帶 s 寬 [3.6068  34.1711  0.0100]｜池帶面積 [85.7064  1548.2868  0.4359]｜Σ池 1634.4292｜覆蓋殘差 0.0000｜Σ 殘差 -0.0000｜宗-宗疊 0.0000（上界 2.0066）｜內部縫 0 帶／0.0000㎡｜退化帶 0 個｜s 域 [-3.6068,85.8549]
[T2-DIAG] 街廓 R5｜宗數 12｜池帶 1 片｜池帶 s 寬 [38.6095]｜池帶面積 [1765.6303]｜Σ池 1765.6303｜覆蓋殘差 0.0000｜Σ 殘差 +0.0000｜宗-宗疊 0.0000（上界 2.4772）｜內部縫 0 帶／0.0000㎡｜退化帶 0 個｜s 域 [0.2685,92.7995]
[T2-DIAG] 街廓 R3｜宗數 14｜池帶 2 片｜池帶 s 寬 [38.4961  3.4571]｜池帶面積 [1704.4219  78.2363]｜Σ池 1782.6583｜覆蓋殘差 0.0001｜Σ 殘差 -0.0001｜宗-宗疊 0.0000（上界 2.8366）｜內部縫 0 帶／0.0000㎡｜退化帶 3 個（s 寬 5.57e-06, 1.27e-10, 1.27e-10）｜s 域 [-0.0000,96.8032]
[T2-DIAG] 街廓 R1｜宗數 5｜池帶 2 片｜池帶 s 寬 [0.3248  35.2665]｜池帶面積 [5.3255  1169.0252]｜Σ池 1174.3507｜覆蓋殘差 0.0000｜Σ 殘差 +0.0000｜宗-宗疊 0.0000（上界 0.6594）｜內部縫 0 帶／0.0000㎡｜退化帶 0 個｜s 域 [-0.3248,87.7155]
[T2-DIAG] 街廓 R2｜宗數 14｜池帶 3 片｜池帶 s 寬 [6.7721  0.0100  34.7275]｜池帶面積 [233.7880  0.4481  1544.7575]｜Σ池 1778.9935｜覆蓋殘差 0.0001｜Σ 殘差 -0.0001｜宗-宗疊 0.0000（上界 2.8535）｜內部縫 0 帶／0.0000㎡｜退化帶 4 個（s 寬 4.39e-10, 1.69e-10, 5.06e-11, 3.33e-06）｜s 域 [0.2677,100.0274]
[T2-DIAG] 街廓 R4｜宗數 2｜池帶 1 片｜池帶 s 寬 [37.1276]｜池帶面積 [1229.1943]｜Σ池 1229.1943｜覆蓋殘差 0.0000｜Σ 殘差 -0.0000｜宗-宗疊 0.0000（上界 0.1630）｜內部縫 0 帶／0.0000㎡｜退化帶 0 個｜s 域 [0.1759,98.7170]
[T2-DIAG] 街廓 R6｜宗數 10｜池帶 3 片｜池帶 s 寬 [3.6068  34.1711  0.0100]｜池帶面積 [85.7064  1548.2868  0.4359]｜Σ池 1634.4292｜覆蓋殘差 0.0000｜Σ 殘差 -0.0000｜宗-宗疊 0.0000（上界 2.0066）｜內部縫 0 帶／0.0000㎡｜退化帶 0 個｜s 域 [-3.6068,85.8549]
[T2-DIAG] 街廓 R5｜宗數 12｜池帶 2 片｜池帶 s 寬 [6.4038  33.4373]｜池帶面積 [212.8359  1533.1801]｜Σ池 1746.0159｜覆蓋殘差 0.0000｜Σ 殘差 -0.0000｜宗-宗疊 0.0000（上界 2.4772）｜內部縫 0 帶／0.0000㎡｜退化帶 0 個｜s 域 [0.2685,92.7995]
[T2-DIAG] 街廓 R3｜宗數 14｜池帶 2 片｜池帶 s 寬 [31.1170  10.5362]｜池帶面積 [1376.3298  389.8488]｜Σ池 1766.1786｜覆蓋殘差 0.0001｜Σ 殘差 -0.0001｜宗-宗疊 0.0000（上界 2.8366）｜內部縫 0 帶／0.0000㎡｜退化帶 2 個（s 寬 5.57e-06, 1.27e-10）｜s 域 [-0.0000,96.8032]
[T2-DIAG] 街廓 R1｜宗數 5｜池帶 2 片｜池帶 s 寬 [0.3248  35.2765]｜池帶面積 [5.3255  1169.2548]｜Σ池 1174.5803｜覆蓋殘差 0.0000｜Σ 殘差 -0.0000｜宗-宗疊 0.0000（上界 0.6594）｜內部縫 0 帶／0.0000㎡｜退化帶 0 個｜s 域 [-0.3248,87.7155]
[T2-DIAG] 街廓 R2｜宗數 14｜池帶 2 片｜池帶 s 寬 [0.0100  40.4174]｜池帶面積 [0.4486  1798.9742]｜Σ池 1799.4228｜覆蓋殘差 0.0001｜Σ 殘差 -0.0001｜宗-宗疊 0.0000（上界 2.8535）｜內部縫 0 帶／0.0000㎡｜退化帶 4 個（s 寬 4.24e-11, 2.12e-10, 5.06e-11, 3.33e-06）｜s 域 [0.2677,100.0274]
[T2-DIAG] 街廓 R4｜宗數 2｜池帶 1 片｜池帶 s 寬 [37.1276]｜池帶面積 [1229.1943]｜Σ池 1229.1943｜覆蓋殘差 0.0000｜Σ 殘差 -0.0000｜宗-宗疊 0.0000（上界 0.1630）｜內部縫 0 帶／0.0000㎡｜退化帶 0 個｜s 域 [0.1759,98.7170]
[T2-DIAG] 街廓 R6｜宗數 10｜池帶 3 片｜池帶 s 寬 [3.6068  34.1711  0.0100]｜池帶面積 [85.7064  1548.2868  0.4359]｜Σ池 1634.4292｜覆蓋殘差 0.0000｜Σ 殘差 -0.0000｜宗-宗疊 0.0000（上界 2.0066）｜內部縫 0 帶／0.0000㎡｜退化帶 0 個｜s 域 [-3.6068,85.8549]
[T2-DIAG] 街廓 R5｜宗數 12｜池帶 1 片｜池帶 s 寬 [38.6095]｜池帶面積 [1765.6303]｜Σ池 1765.6303｜覆蓋殘差 0.0000｜Σ 殘差 +0.0000｜宗-宗疊 0.0000（上界 2.4772）｜內部縫 0 帶／0.0000㎡｜退化帶 0 個｜s 域 [0.2685,92.7995]
[T2-DIAG] 街廓 R3｜宗數 14｜池帶 2 片｜池帶 s 寬 [38.4961  3.4571]｜池帶面積 [1704.4219  78.2363]｜Σ池 1782.6583｜覆蓋殘差 0.0001｜Σ 殘差 -0.0001｜宗-宗疊 0.0000（上界 2.8366）｜內部縫 0 帶／0.0000㎡｜退化帶 3 個（s 寬 5.57e-06, 1.27e-10, 1.27e-10）｜s 域 [-0.0000,96.8032]
[T2-DIAG] 街廓 R1｜宗數 5｜池帶 2 片｜池帶 s 寬 [0.3248  35.2665]｜池帶面積 [5.3255  1169.0252]｜Σ池 1174.3507｜覆蓋殘差 0.0000｜Σ 殘差 +0.0000｜宗-宗疊 0.0000（上界 0.6594）｜內部縫 0 帶／0.0000㎡｜退化帶 0 個｜s 域 [-0.3248,87.7155]
[T2-DIAG] 街廓 R2｜宗數 14｜池帶 3 片｜池帶 s 寬 [6.7721  0.0100  34.7275]｜池帶面積 [233.7880  0.4481  1544.7575]｜Σ池 1778.9935｜覆蓋殘差 0.0001｜Σ 殘差 -0.0001｜宗-宗疊 0.0000（上界 2.8535）｜內部縫 0 帶／0.0000㎡｜退化帶 4 個（s 寬 4.39e-10, 1.69e-10, 5.06e-11, 3.33e-06）｜s 域 [0.2677,100.0274]
[T2-DIAG] 街廓 R4｜宗數 2｜池帶 1 片｜池帶 s 寬 [37.1276]｜池帶面積 [1229.1943]｜Σ池 1229.1943｜覆蓋殘差 0.0000｜Σ 殘差 -0.0000｜宗-宗疊 0.0000（上界 0.1630）｜內部縫 0 帶／0.0000㎡｜退化帶 0 個｜s 域 [0.1759,98.7170]
[T2-DIAG] 街廓 R6｜宗數 10｜池帶 3 片｜池帶 s 寬 [3.6068  34.1711  0.0100]｜池帶面積 [85.7064  1548.2868  0.4359]｜Σ池 1634.4292｜覆蓋殘差 0.0000｜Σ 殘差 -0.0000｜宗-宗疊 0.0000（上界 2.0066）｜內部縫 0 帶／0.0000㎡｜退化帶 0 個｜s 域 [-3.6068,85.8549]
[T2-DIAG] 街廓 R5｜宗數 12｜池帶 2 片｜池帶 s 寬 [6.4038  33.4373]｜池帶面積 [212.8359  1533.1801]｜Σ池 1746.0159｜覆蓋殘差 0.0000｜Σ 殘差 -0.0000｜宗-宗疊 0.0000（上界 2.4772）｜內部縫 0 帶／0.0000㎡｜退化帶 0 個｜s 域 [0.2685,92.7995]
[T2-DIAG] 街廓 R3｜宗數 14｜池帶 2 片｜池帶 s 寬 [31.1170  10.5362]｜池帶面積 [1376.3298  389.8488]｜Σ池 1766.1786｜覆蓋殘差 0.0001｜Σ 殘差 -0.0001｜宗-宗疊 0.0000（上界 2.8366）｜內部縫 0 帶／0.0000㎡｜退化帶 2 個（s 寬 5.57e-06, 1.27e-10）｜s 域 [-0.0000,96.8032]
… W-F F.0（級0/0' 合併＋梯3 釋池；trunk B 終態）
[T2-DIAG] 街廓 R1｜宗數 5｜池帶 2 片｜池帶 s 寬 [0.3248  35.2765]｜池帶面積 [5.3255  1169.2548]｜Σ池 1174.5803｜覆蓋殘差 0.0000｜Σ 殘差 -0.0000｜宗-宗疊 0.0000（上界 0.6594）｜內部縫 0 帶／0.0000㎡｜退化帶 0 個｜s 域 [-0.3248,87.7155]
[T2-DIAG] 街廓 R2｜宗數 13｜池帶 1 片｜池帶 s 寬 [41.1274]｜池帶面積 [1830.7184]｜Σ池 1830.7184｜覆蓋殘差 0.0001｜Σ 殘差 -0.0001｜宗-宗疊 0.0000（上界 2.6340）｜內部縫 0 帶／0.0000㎡｜退化帶 3 個（s 寬 4.24e-11, 5.06e-11, 3.33e-06）｜s 域 [0.2677,100.0274]
[T2-DIAG] 街廓 R4｜宗數 2｜池帶 1 片｜池帶 s 寬 [37.1276]｜池帶面積 [1229.1943]｜Σ池 1229.1943｜覆蓋殘差 0.0000｜Σ 殘差 -0.0000｜宗-宗疊 0.0000（上界 0.1630）｜內部縫 0 帶／0.0000㎡｜退化帶 0 個｜s 域 [0.1759,98.7170]
[T2-DIAG] 街廓 R5｜宗數 9｜池帶 1 片｜池帶 s 寬 [38.6595]｜池帶面積 [1767.8712]｜Σ池 1767.8712｜覆蓋殘差 0.0000｜Σ 殘差 +0.0000｜宗-宗疊 0.0000（上界 1.8016）｜內部縫 0 帶／0.0000㎡｜退化帶 0 個｜s 域 [0.2685,92.7995]
[T2-DIAG] 街廓 R3｜宗數 10｜池帶 2 片｜池帶 s 寬 [39.1161  3.4571]｜池帶面積 [1732.0186  78.2363]｜Σ池 1810.2549｜覆蓋殘差 0.0001｜Σ 殘差 -0.0001｜宗-宗疊 0.0000（上界 1.9638）｜內部縫 0 帶／0.0000㎡｜退化帶 1 個（s 寬 5.57e-06）｜s 域 [-0.0000,96.8032]
[T2-DIAG] 街廓 R6｜宗數 7｜池帶 2 片｜池帶 s 寬 [3.6068  34.1811]｜池帶面積 [85.7064  1548.7314]｜Σ池 1634.4378｜覆蓋殘差 0.0000｜Σ 殘差 -0.0000｜宗-宗疊 0.0000（上界 1.3377）｜內部縫 0 帶／0.0000㎡｜退化帶 0 個｜s 域 [-3.6068,85.8549]
… W-F F.1（R1 楔形等 G 吞納＋前移；R3/R6 標記待 F.4）
… W-F F.2（跨街廓搬 a′ 模式一；五群 G009/G001/G021/G026/G027）
… W-F F.3（公設地調配：RD 五則①切半5/③集中30＋PF6；轉7-4 24筆）
… W-F F.4（7-4 三級調配＋7-5 批次最佳化＋終態整形＋33 群總決算；trunk E）
… W-G G.1 接線層 ctx-builder 同源（app _build_wf_ctx vs native _ctx；0m）
… W-G G.2 世代幾何曝出契約＋只寫不讀（0m）
============================================================
  ✅ PASS  參數0m
  ✅ PASS  參數3.5m
  ✅ PASS  -a診斷0m
  ✅ PASS  -a診斷3.5m
  ✅ PASS  ownership Gxxx 靶組（三環定理鏈）
  ✅ PASS  W-D.3 ghost 零面積不變量（8 筆全零）
  ✅ PASS  F.0-pre 15.73㎡ 歸因（公設 15.73 ＋ 可建築 13.34 = 29.07 ＝ ghost 真面積 29.09）
  ✅ PASS  v3·診斷0m（全欄逐格·無豁免）
  ✅ PASS  率接線無串聯0m（vs v1 原錨，豁免 G估 後逐格全等）
  ✅ PASS  率接線 G估 欄變動 0 格（期 0·Y 波後 baseline 同源）
  ✅ PASS  指配0m
  ✅ PASS  抵費地0m(應空)
  ✅ PASS  結構不變量永久閘0m（守恆/⊥/位次=投影序/J(k*)≥J(naive)/理論=實跑/telescoping）
  🔴 FAIL  v3·G值0m
        [v3·G值0m] ('R1', '628-37(1)') 欄「W(m)」: baseline='6.46' got=6.63
        [v3·G值0m] ('R1', '628-37(1)') 欄「Rw(%)」: baseline='52.6' got=50.8
        [v3·G值0m] ('R1', '628-37(1)') 欄「S(m)」: baseline='6.48' got=6.49
        [v3·G值0m] ('R1', '628-37(1)') 欄「幾何面積(㎡)」: baseline='208.24' got=208.57
        [v3·G值0m] ('R1', '628-37(1)') 欄「G(㎡)」: baseline='208.17' got=208.72
        [v3·G值0m] ('R1', '628-37(1)') 欄「累積S(m)」: baseline='6.48' got=6.49
        [v3·G值0m] ('R1', '628-37(1)') 欄「迭代次數」: baseline='18' got=17
        [v3·G值0m] ('R1', '628-37(1)') 欄「負擔比率」: baseline='0.4065' got=0.4049
        [v3·G值0m] ('R1', '628-37(1)') 欄「宗地寬度(m)」: baseline='6.46' got=6.47
        [v3·G值0m] ('R1', '628-35(2)') 欄「W(m)」: baseline='24.49' got=24.67
        [v3·G值0m] ('R1', '628-35(2)') 欄「Rw(%)」: baseline='47.38' got=46.4
        [v3·G值0m] ('R1', '628-35(2)') 欄「S(m)」: baseline='18.09' got=18.1
  🔴 FAIL  v3·滑池槽0m
        [v3·滑池槽0m] ('R1',) 欄「J(naive)」: baseline='60.3553' got=55.3541
        [v3·滑池槽0m] ('R1',) 欄「J(k*)」: baseline='66.517' got=65.5805
        [v3·滑池槽0m] ('R1',) 欄「ΣRw_L理論@k*(%)」: baseline='100.0' got=97.18
        [v3·滑池槽0m] ('R1',) 欄「ΣRw_L實跑(%)」: baseline='99.98' got=97.2
        [v3·滑池槽0m] ('R1',) 欄「ΣRw_R實跑(%)」: baseline='100.01' got=99.99
        [v3·滑池槽0m] ('R1',) 欄「ΣG(㎡)」: baseline='1718.06' got=1718.93
        [v3·滑池槽0m] ('R1',) 欄「Σ配地幾何(㎡)」: baseline='1717.97' got=1718.97
        [v3·滑池槽0m] ('R1',) 欄「池總=幾何剩餘(㎡)」: baseline='1175.57' got=1174.58
        [v3·滑池槽0m] ('R1',) 欄「中央池(㎡)」: baseline='1175.57' got=1174.58
        [v3·滑池槽0m] ('R1',) 欄「守恆殘差(㎡)」: baseline='0.08' got=-0.04
        [v3·滑池槽0m] ('R1',) 欄「幾何片明細(㎡)」: baseline='[1170.25, 5.33]' got='[1169.25, 5.33]'
        [v3·滑池槽0m] ('R2',) 欄「ΣRw_L實跑(%)」: baseline='99.96' got=99.93
  🔴 FAIL  v3·J表0m
        [v3·J表0m] ('R1', '1') 欄「J」: baseline='50.7653' got=50.1546
        [v3·J表0m] ('R1', '1') 欄「dev(m)」: baseline='42.15' got=42.27
        [v3·J表0m] ('R1', '1') 欄「ΣRw_L(%)」: baseline='52.62' got=50.79
        [v3·J表0m] ('R1', '2') 欄「J」: baseline='66.517' got=65.5805
        [v3·J表0m] ('R1', '2') 欄「dev(m)」: baseline='6.09' got=6.19
        [v3·J表0m] ('R1', '2') 欄「ΣRw_L(%)」: baseline='100.0' got=97.18
        [v3·J表0m] ('R1', '3') 欄「J」: baseline='60.3553' got=55.3541
        [v3·J表0m] ('R1', '3') 欄「dev(m)」: baseline='30.33' got=30.23
        [v3·J表0m] ('R1', '3') 欄「ΣRw_L(%)」: baseline='100.0' got=97.18
        [v3·J表0m] ('R1', '3') 欄「ΣRw_R(%)」: baseline='81.48' got=69.26
        [v3·J表0m] ('R1', '4') 欄「J」: baseline='56.5346' got=50.8906
        [v3·J表0m] ('R1', '4') 欄「dev(m)」: baseline='35.53' got=35.41
  ✅ PASS  k* 六塊經驗錨0m {'R1': 2, 'R2': 8, 'R3': 7, 'R4': 1, 'R5': 7, 'R6': 6}
  ✅ PASS  v3·診斷3.5m（全欄逐格·無豁免）
  ✅ PASS  率接線無串聯3.5m（vs v1 原錨，豁免 G估 後逐格全等）
  ✅ PASS  率接線 G估 欄變動 0 格（期 0·Y 波後 baseline 同源）
  ✅ PASS  指配3.5m
  ✅ PASS  抵費地3.5m
  ✅ PASS  結構不變量永久閘3.5m（守恆/⊥/位次=投影序/J(k*)≥J(naive)/理論=實跑/telescoping）
  🔴 FAIL  v3·G值3.5m
        [v3·G值3.5m] ('R1', '628-36(1)') 欄「W(m)」: baseline='17.51' got=17.69
        [v3·G值3.5m] ('R1', '628-36(1)') 欄「Rw(%)」: baseline='98.72' got=96.38
        [v3·G值3.5m] ('R1', '628-36(1)') 欄「S(m)」: baseline='17.56' got=17.58
        [v3·G值3.5m] ('R1', '628-36(1)') 欄「幾何面積(㎡)」: baseline='575.63' got=576.29
        [v3·G值3.5m] ('R1', '628-36(1)') 欄「G(㎡)」: baseline='575.74' got=576.44
        [v3·G值3.5m] ('R1', '628-36(1)') 欄「累積S(m)」: baseline='17.56' got=17.58
        [v3·G值3.5m] ('R1', '628-36(1)') 欄「宗地寬度(m)」: baseline='17.5' got=17.52
        [v3·G值3.5m] ('R1', '628-35(2)') 欄「F(m)」: baseline='33.25' got=33.27
        [v3·G值3.5m] ('R1', '628-35(2)') 欄「W(m)」: baseline='35.97' got=34.55
        [v3·G值3.5m] ('R1', '628-35(2)') 欄「Rw(%)」: baseline='1.27' got=5.22
        [v3·G值3.5m] ('R1', '628-35(2)') 欄「S(m)」: baseline='18.52' got=18.49
        [v3·G值3.5m] ('R1', '628-35(2)') 欄「幾何面積(㎡)」: baseline='613.97' got=612.71
  🔴 FAIL  v3·滑池槽3.5m
        [v3·滑池槽3.5m] ('R1',) 欄「k*」: baseline='2' got=1
        [v3·滑池槽3.5m] ('R1',) 欄「J(naive)」: baseline='60.3553' got=55.3541
        [v3·滑池槽3.5m] ('R1',) 欄「J(k*)」: baseline='66.517' got=65.3055
        [v3·滑池槽3.5m] ('R1',) 欄「ΣRw_L理論@k*(%)」: baseline='100.0' got=96.36
        [v3·滑池槽3.5m] ('R1',) 欄「ΣRw_L實跑(%)」: baseline='99.99' got=96.38
        [v3·滑池槽3.5m] ('R1',) 欄「ΣRw_R實跑(%)」: baseline='100.01' got=99.99
        [v3·滑池槽3.5m] ('R1',) 欄「ΣG(㎡)」: baseline='1718.07' got=1719.17
        [v3·滑池槽3.5m] ('R1',) 欄「Σ配地幾何(㎡)」: baseline='1717.81' got=1719.2
        [v3·滑池槽3.5m] ('R1',) 欄「池總=幾何剩餘(㎡)」: baseline='1175.74' got=1174.35
        [v3·滑池槽3.5m] ('R1',) 欄「中央池(㎡)」: baseline='1175.74' got=1174.35
        [v3·滑池槽3.5m] ('R1',) 欄「守恆殘差(㎡)」: baseline='0.26' got=-0.03
        [v3·滑池槽3.5m] ('R1',) 欄「幾何片明細(㎡)」: baseline='[1170.41, 5.33]' got='[1169.03, 5.33]'
  🔴 FAIL  v3·J表3.5m
        [v3·J表3.5m] ('R1', '1') 欄「J」: baseline='66.0847' got=65.3055
        [v3·J表3.5m] ('R1', '1') 欄「dev(m)」: baseline='20.07' got=20.17
        [v3·J表3.5m] ('R1', '1') 欄「ΣRw_L(%)」: baseline='98.7' got=96.36
        [v3·J表3.5m] ('R1', '2') 欄「J」: baseline='66.517' got=64.0739
        [v3·J表3.5m] ('R1', '2') 欄「dev(m)」: baseline='16.85' got=16.75
        [v3·J表3.5m] ('R1', '2') 欄「ΣRw_L(%)」: baseline='100.0' got=97.18
        [v3·J表3.5m] ('R1', '2') 欄「ΣRw_R(%)」: baseline='100.0' got=95.47
        [v3·J表3.5m] ('R1', '3') 欄「J」: baseline='60.3553' got=55.3541
        [v3·J表3.5m] ('R1', '3') 欄「dev(m)」: baseline='30.33' got=30.23
        [v3·J表3.5m] ('R1', '3') 欄「ΣRw_L(%)」: baseline='100.0' got=97.18
        [v3·J表3.5m] ('R1', '3') 欄「ΣRw_R(%)」: baseline='81.48' got=69.26
        [v3·J表3.5m] ('R1', '4') 欄「J」: baseline='56.5346' got=50.8906
  🔴 FAIL  k* 六塊經驗錨3.5m {'R1': 2, 'R2': 8, 'R3': 7, 'R4': 1, 'R5': 7, 'R6': 6}
        實得 {'R1': 1, 'R2': 8, 'R4': 1, 'R6': 6, 'R5': 7, 'R3': 7}
  ✅ PASS  v3 財務錨 B == 0.171043（獨立輸入現算 → 0.171043）
  ✅ PASS  v3 財務錨 C == 0.091319（加總形分母 1,643,176,255.06）
  ✅ PASS  v3 中繼錨 工程費/重劃費/費用總額 == 122324608/22717427/150053099
  ✅ PASS  v3 C 兩形等價（加總形 vs app calc_C_value 均價形）|Δ|=2.92e-10 <1e-8
  ✅ PASS  v3 A 逐宗全查（118 列＝後街廓單價/重劃前區段單價）
  ✅ PASS  v3 reverse-test① 單位工程費 3500→3550 ⟹ C 隨動 (0.091319→0.092382)
  ✅ PASS  v3 reverse-test② 前均價 ×1.1 ⟹ B 隨動且 C 不動 (B 0.171043→0.188147；C 0.091319)
  ✅ PASS  v3 重劃總負擔率錨 == 0.40712387（現算 0.40712387）
  ✅ PASS  v3 率分項錨 公設負擔比 34.754211% ＋ 費用負擔比 5.958176%
  ✅ PASS  v3 率用 DXF 公設實值 12146.5579（非截圖 rounded 12146.56）
  ✅ PASS  v3 reverse-test③ 單位工程費 3500→3550 ⟹ 重劃總負擔率隨動 (0.40712387→0.40781775)
  🔴 FAIL  W-D.3 碎片幾何/三分類（v3）
        [碎片幾何] ('0m', 'R1-抵費地-1') 欄「面積」: baseline='1170.25' got=1169.25
        [碎片幾何] ('0m', 'R1-抵費地-1') 欄「宗地寬度⊥ALLOC」: baseline='35.19' got=35.16
        [碎片幾何] ('0m', 'R1-抵費地-1') 欄「臨正街長」: baseline='35.31' got=35.28
        [碎片幾何] ('0m', 'R2-抵費地-1') 欄「面積」: baseline='1799.87' got=1798.97
        [碎片幾何] ('0m', 'R2-抵費地-1') 欄「宗地寬度⊥ALLOC」: baseline='40.34' got=40.32
        [碎片幾何] ('0m', 'R2-抵費地-1') 欄「臨正街長」: baseline='40.44' got=40.42
        [碎片幾何] ('0m', 'R2-抵費地-2') 欄「長寬比」: baseline='4508.7' got=4508.6
        [碎片幾何] ('0m', 'R4-抵費地') 欄「面積」: baseline='1229.86' got=1229.19
        [碎片幾何] ('0m', 'R4-抵費地') 欄「宗地寬度⊥ALLOC」: baseline='37.11' got=37.09
        [碎片幾何] ('0m', 'R4-抵費地') 欄「臨正街長」: baseline='37.15' got=37.13
        [碎片幾何] ('0m', 'R6-抵費地-3') 欄「深度∥ALLOC」: baseline='43.73' got=43.74
        [碎片幾何] ('0m', 'R6-抵費地-3') 欄「長寬比」: baseline='4373.6' got=4401.6
  🔴 FAIL  W-D.3 碎片逐邊CAD（v3）
        [碎片逐邊] ('0m', 'R1-抵費地-1') 欄「面積」: baseline='1170.25' got=1169.25
        [碎片逐邊] ('0m', 'R1-抵費地-1') 欄「臨正街長」: baseline='35.31' got=35.28
        [碎片逐邊] ('0m', 'R1-抵費地-1') 欄「非路邊界長(屁股/分區/截角)」: baseline='35.31' got=35.28
        [碎片逐邊] ('0m', 'R2-抵費地-1') 欄「面積」: baseline='1799.87' got=1798.97
        [碎片逐邊] ('0m', 'R2-抵費地-1') 欄「臨正街長」: baseline='40.44' got=40.42
        [碎片逐邊] ('0m', 'R2-抵費地-1') 欄「非路邊界長(屁股/分區/截角)」: baseline='40.47' got=40.45
        [碎片逐邊] ('0m', 'R4-抵費地') 欄「面積」: baseline='1229.86' got=1229.19
        [碎片逐邊] ('0m', 'R4-抵費地') 欄「臨正街長」: baseline='37.15' got=37.13
        [碎片逐邊] ('0m', 'R4-抵費地') 欄「非路邊界長(屁股/分區/截角)」: baseline='37.15' got=37.13
        [碎片逐邊] ('0m', 'R6-抵費地-3') 欄「內部切長」: baseline='87.46' got=87.47
        [碎片逐邊] ('0m', 'R3-抵費地-1') 欄「面積」: baseline='1713.77' got=1704.42
        [碎片逐邊] ('0m', 'R3-抵費地-1') 欄「臨正街長」: baseline='38.71' got=38.5
  🔴 FAIL  W-D.4 四梯清單0m（v3 半實算）
        [W-D.4清單0m] ('0m', 'G001') 欄「ΣG_戶(㎡)」: baseline='768.94' got=768.37
        [W-D.4清單0m] ('0m', 'G002') 欄「ΣG_戶(㎡)」: baseline='232.93' got=230.6
        [W-D.4清單0m] ('0m', 'G005') 欄「ΣG_戶(㎡)」: baseline='494.84' got=504.75
        [W-D.4清單0m] ('0m', 'G007') 欄「ΣG_戶(㎡)」: baseline='1430.15' got=1433.65
        [W-D.4清單0m] ('0m', 'G009') 欄「ΣG_戶(㎡)」: baseline='2548.23' got=2553.34
        [W-D.4清單0m] ('0m', 'G010') 欄「ΣG_戶(㎡)」: baseline='295.26' got=294.14
        [W-D.4清單0m] ('0m', 'G011') 欄「ΣG_戶(㎡)」: baseline='89.82' got=90.17
        [W-D.4清單0m] ('0m', 'G011') 欄「增配a′(㎡)」: baseline='24.25' got=23.9
        [W-D.4清單0m] ('0m', 'G011') 欄「差額地價(元)§52-1」: baseline='1848965' got=1822279
        [W-D.4清單0m] ('0m', 'G011') 欄「放棄改領(元)§53-2」: baseline='6505993' got=6531345
        [W-D.4清單0m] ('0m', 'G014') 欄「ΣG_戶(㎡)」: baseline='127.26' got=127.82
        [W-D.4清單0m] ('0m', 'G019') 欄「ΣG_戶(㎡)」: baseline='208.17' got=208.72
  ✅ PASS  W-D.4 碎片遞補0m
  🔴 FAIL  W-D.4 跨占分配線0m
        [W-D.4跨占0m] ('0m', '628-35(1)') 欄「大側G(㎡)」: baseline='599.91' got=600.21
        [W-D.4跨占0m] ('0m', '628-34(3)') 欄「G(㎡)」: baseline='86.58' got=86.01
        [W-D.4跨占0m] ('0m', '628-42(1)') 欄「G(㎡)」: baseline='4.75' got=4.73
        [W-D.4跨占0m] ('0m', '628-42(1)') 欄「大側G(㎡)」: baseline='85.07' got=85.44
        [W-D.4跨占0m] ('0m', '628-42(2)') 欄「G(㎡)」: baseline='85.07' got=85.44
        [W-D.4跨占0m] ('0m', '628-42(2)') 欄「大側G(㎡)」: baseline='85.07' got=85.44
        [W-D.4跨占0m] ('0m', '628-27(1)') 欄「G(㎡)」: baseline='29.24' got=29.15
        [W-D.4跨占0m] ('0m', '628-27(1)') 欄「大側G(㎡)」: baseline='29.24' got=29.15
        [W-D.4跨占0m] ('0m', '628-27(2)') 欄「G(㎡)」: baseline='25.94' got=26.05
        [W-D.4跨占0m] ('0m', '628-27(2)') 欄「大側G(㎡)」: baseline='29.24' got=29.15
        [W-D.4跨占0m] ('0m', '628-30(2)') 欄「G(㎡)」: baseline='87.18' got=86.88
        [W-D.4跨占0m] ('0m', '628-30(2)') 欄「大側G(㎡)」: baseline='445.12' got=448.45
  🔴 FAIL  W-D.4 四梯清單3.5m（v3 半實算）
        [W-D.4清單3.5m] ('3.5m', 'G001') 欄「ΣG_戶(㎡)」: baseline='768.94' got=768.37
        [W-D.4清單3.5m] ('3.5m', 'G005') 欄「ΣG_戶(㎡)」: baseline='508.57' got=514.14
        [W-D.4清單3.5m] ('3.5m', 'G007') 欄「ΣG_戶(㎡)」: baseline='1459.57' got=1457.16
        [W-D.4清單3.5m] ('3.5m', 'G009') 欄「ΣG_戶(㎡)」: baseline='2548.23' got=2553.34
        [W-D.4清單3.5m] ('3.5m', 'G010') 欄「ΣG_戶(㎡)」: baseline='299.58' got=297.87
        [W-D.4清單3.5m] ('3.5m', 'G011') 欄「ΣG_戶(㎡)」: baseline='90.34' got=90.69
        [W-D.4清單3.5m] ('3.5m', 'G011') 欄「增配a′(㎡)」: baseline='23.73' got=23.38
        [W-D.4清單3.5m] ('3.5m', 'G011') 欄「差額地價(元)§52-1」: baseline='1809317' got=1782631
        [W-D.4清單3.5m] ('3.5m', 'G011') 欄「放棄改領(元)§53-2」: baseline='6543659' got=6569010
        [W-D.4清單3.5m] ('3.5m', 'G014') 欄「ΣG_戶(㎡)」: baseline='128.68' got=129.97
        [W-D.4清單3.5m] ('3.5m', 'G019') 欄「ΣG_戶(㎡)」: baseline='218.47' got=216.35
        [W-D.4清單3.5m] ('3.5m', 'G021') 欄「ΣG_戶(㎡)」: baseline='672.79' got=671.6
  ✅ PASS  W-D.4 碎片遞補3.5m
  🔴 FAIL  W-D.4 跨占分配線3.5m
        [W-D.4跨占3.5m] ('3.5m', '628-35(1)') 欄「大側G(㎡)」: baseline='613.84' got=612.65
        [W-D.4跨占3.5m] ('3.5m', '628-34(3)') 欄「G(㎡)」: baseline='86.58' got=86.01
        [W-D.4跨占3.5m] ('3.5m', '628-42(1)') 欄「G(㎡)」: baseline='4.77' got=4.74
        [W-D.4跨占3.5m] ('3.5m', '628-42(1)') 欄「大側G(㎡)」: baseline='85.57' got=85.95
        [W-D.4跨占3.5m] ('3.5m', '628-42(2)') 欄「G(㎡)」: baseline='85.57' got=85.95
        [W-D.4跨占3.5m] ('3.5m', '628-42(2)') 欄「大側G(㎡)」: baseline='85.57' got=85.95
        [W-D.4跨占3.5m] ('3.5m', '628-27(1)') 欄「G(㎡)」: baseline='29.61' got=29.5
        [W-D.4跨占3.5m] ('3.5m', '628-27(1)') 欄「大側G(㎡)」: baseline='29.61' got=29.5
        [W-D.4跨占3.5m] ('3.5m', '628-27(2)') 欄「G(㎡)」: baseline='26.13' got=26.21
        [W-D.4跨占3.5m] ('3.5m', '628-27(2)') 欄「大側G(㎡)」: baseline='29.61' got=29.5
        [W-D.4跨占3.5m] ('3.5m', '628-30(2)') 欄「G(㎡)」: baseline='89.98' got=88.69
        [W-D.4跨占3.5m] ('3.5m', '628-30(2)') 欄「大側G(㎡)」: baseline='455.79' got=456.87
  ✅ PASS  W-D.4 MinA_區==114.07(正典rounded)·½顯示==57.04(Decimal非round)
  ✅ PASS  W-D.4 31旗標全消費(群組語意·v3 隨價變)
  ✅ PASS  F.0-pre 雙軌錨 軌別{'建地軌': 25, '公設軌': 8}·梯次{'—': 8, '0': 13, '1': 7, '2': 3, '3': 2}
  ✅ PASS  F.0-pre 公設軌 8 群（撤出梯3、待 F.3/F.4）
  ✅ PASS  F.0-pre 公設軌補償欄全空（G(a′) 未算前禁取值·停機條款）
  ✅ PASS  F.3 母數錨 公設地 59 筆／28 群持有（廢「30 筆/4,428㎡」）
  🔴 FAIL  F.0 釋池對象＝梯3 二群 [('G025', 1.79), ('G030', 55.2)]（Σ=56.99㎡）
        實得 [('G025', 1.79), ('G030', 55.2)]
  ✅ PASS  W-D.4 MinA_區 reverse-test(改深度→隨動·非寫死)
  ✅ PASS  W-D.4 遞補錨 R6 85.66→628-4(1)（跳過 628(2);628-1(2);628-23(1)）
  ✅ PASS  W-D.4 持分和逐宗檢核(WARNING-A)
  ✅ PASS  W-D.4 第4梯 fixture(查封自成一群·移除後 byte-identical)
  🔴 FAIL  W-F F.0
        [F.0] 🔴 六格錨破：G007 G(Σa)=359.42 ≠ 錨 362.08（0m）
        Traceback (most recent call last):
  File "C:\Users\admin\Desktop\land-readjustment-trial\verify\run_verification.py", line 749, in main
    _f0 = wf_f0.compute(_ctx)
  File "C:\Users\admin\Desktop\land-readjustment-trial\verify\wf_f0.py", line 194, in compute
    raise RuntimeError(
        f"🔴 六格錨破：{d['gid']} G(Σa)={G:.2f} ≠ 錨 {exp}（{tag}）")
RuntimeError: 🔴 六格錨破：G007 G(Σa)=359.42 ≠ 錨 362.08（0m）

  🔴 FAIL  W-F F.1
        [F.1] F.0 未成功，F.1 跳過（W5 守衛）
        Traceback (most recent call last):
  File "C:\Users\admin\Desktop\land-readjustment-trial\verify\run_verification.py", line 812, in main
    raise RuntimeError("F.0 未成功，F.1 跳過（W5 守衛）")
RuntimeError: F.0 未成功，F.1 跳過（W5 守衛）

  🔴 FAIL  W-F F.2
        [F.2] F.0 未成功，F.2 跳過（存在性守衛）
        Traceback (most recent call last):
  File "C:\Users\admin\Desktop\land-readjustment-trial\verify\run_verification.py", line 858, in main
    raise RuntimeError("F.0 未成功，F.2 跳過（存在性守衛）")
RuntimeError: F.0 未成功，F.2 跳過（存在性守衛）

  🔴 FAIL  W-F F.3
        [F.3] F.2 未成功，F.3 跳過（存在性守衛）
        Traceback (most recent call last):
  File "C:\Users\admin\Desktop\land-readjustment-trial\verify\run_verification.py", line 924, in main
    raise RuntimeError("F.2 未成功，F.3 跳過（存在性守衛）")
RuntimeError: F.2 未成功，F.3 跳過（存在性守衛）

  🔴 FAIL  W-F F.4
        [F.4] F.3 未成功，F.4 跳過（存在性守衛）
        Traceback (most recent call last):
  File "C:\Users\admin\Desktop\land-readjustment-trial\verify\run_verification.py", line 991, in main
    raise RuntimeError("F.3 未成功，F.4 跳過（存在性守衛）")
RuntimeError: F.3 未成功，F.4 跳過（存在性守衛）

  ✅ PASS  W-G G.1 接線層 ctx-builder 同源（cb_by/cad+centerlines/gA/winners/β財務/blocks欄名/指紋/率鋪底）
  🔴 FAIL  W-G G.2 世代幾何曝出契約
        [G.2] 'NoneType' object is not subscriptable
        Traceback (most recent call last):
  File "C:\Users\admin\Desktop\land-readjustment-trial\verify\run_verification.py", line 1158, in main
    ("f0.sgB_rows", _f0["0m"]["sgB_rows"]),
                    ~~~^^^^^^
TypeError: 'NoneType' object is not subscriptable

============================================================
嫌犯序：快照漏參 > dtype 1.5（法人統編 '.0'）> driver orchestration 漂移 > 引擎（勿動 app）
RESULT: FAIL
