… ownership（tab1 歸戶指紋複刻，讀 匿名版 xlsx）
    重劃區地籍 53 筆｜U_LAND 64453 筆｜失敗 0｜歸戶群組 33 組
    ✅ 靶 628-18 → G005（預期 G005）
    ✅ 靶 628-45 → G007（預期 G007）
    ✅ 靶 628 → G009（預期 G009）
    ✅ 靶 628-37 → G019（預期 G019）
    ✅ 靶 628-41 → G023（預期 G023）
    ✅ 靶 628-36 → G029（預期 G029）
… parcels：temp 126 筆｜可建築 build 61 筆｜面積交叉換位 2 對
… Step G headless（0m；v3 真值財務＋結構不變量永久閘）
[T2-DIAG] 街廓 R1｜宗數 5｜池帶 2 片｜池帶 s 寬 [0.3248  35.2765]｜池帶面積 [5.3255  1169.2548]｜Σ池 1174.5803｜覆蓋殘差 0.0000｜Σ 殘差 -0.0000｜宗-宗疊 0.0000（上界 0.6594）｜內部縫 0 帶／0.0000㎡｜退化帶 0 個｜s 域 [-0.3248,87.7155]
🚧[W脫鉤打樣] 理論＝實跑 破：R1 left 理論@k*=100.00 ≠ 實跑=97.20（Δ=2.800）
[T2-DIAG] 街廓 R2｜宗數 14｜池帶 2 片｜池帶 s 寬 [0.0100  40.4174]｜池帶面積 [0.4486  1798.9742]｜Σ池 1799.4228｜覆蓋殘差 0.0001｜Σ 殘差 -0.0001｜宗-宗疊 0.0000（上界 2.8535）｜內部縫 0 帶／0.0000㎡｜退化帶 4 個（s 寬 4.24e-11, 2.12e-10, 5.06e-11, 3.33e-06）｜s 域 [0.2677,100.0274]
[T2-DIAG] 街廓 R4｜宗數 2｜池帶 1 片｜池帶 s 寬 [37.1276]｜池帶面積 [1229.1943]｜Σ池 1229.1943｜覆蓋殘差 0.0000｜Σ 殘差 -0.0000｜宗-宗疊 0.0000（上界 0.1630）｜內部縫 0 帶／0.0000㎡｜退化帶 0 個｜s 域 [0.1759,98.7170]
🚧[W脫鉤打樣] 理論＝實跑 破：R4 right 理論@k*=90.64 ≠ 實跑=87.81（Δ=2.825）
[T2-DIAG] 街廓 R6｜宗數 10｜池帶 3 片｜池帶 s 寬 [3.6068  34.1711  0.0100]｜池帶面積 [85.7064  1548.2868  0.4359]｜Σ池 1634.4292｜覆蓋殘差 0.0000｜Σ 殘差 -0.0000｜宗-宗疊 0.0000（上界 2.0066）｜內部縫 0 帶／0.0000㎡｜退化帶 0 個｜s 域 [-3.6068,85.8549]
[T2-DIAG] 街廓 R5｜宗數 12｜池帶 1 片｜池帶 s 寬 [38.6095]｜池帶面積 [1765.6303]｜Σ池 1765.6303｜覆蓋殘差 0.0000｜Σ 殘差 +0.0000｜宗-宗疊 0.0000（上界 2.4772）｜內部縫 0 帶／0.0000㎡｜退化帶 0 個｜s 域 [0.2685,92.7995]
[T2-DIAG] 街廓 R3｜宗數 14｜池帶 2 片｜池帶 s 寬 [38.4961  3.4571]｜池帶面積 [1704.4219  78.2363]｜Σ池 1782.6583｜覆蓋殘差 0.0001｜Σ 殘差 -0.0001｜宗-宗疊 0.0000（上界 2.8366）｜內部縫 0 帶／0.0000㎡｜退化帶 3 個（s 寬 5.57e-06, 1.27e-10, 1.27e-10）｜s 域 [-0.0000,96.8032]
🚧[W脫鉤打樣] 理論＝實跑 破：R3 right 理論@k*=100.00 ≠ 實跑=77.34（Δ=22.660）
… Step G headless（3.5m；v3 真值財務＋結構不變量永久閘）
[T2-DIAG] 街廓 R1｜宗數 5｜池帶 2 片｜池帶 s 寬 [0.3248  35.2365]｜池帶面積 [5.3255  1167.7623]｜Σ池 1173.0878｜覆蓋殘差 0.0000｜Σ 殘差 +0.0000｜宗-宗疊 0.0000（上界 0.6594）｜內部縫 0 帶／0.0000㎡｜退化帶 0 個｜s 域 [-0.3248,87.7155]
🚧[W脫鉤打樣] 理論＝實跑 破：R1 left 理論@k*=100.00 ≠ 實跑=97.20（Δ=2.800）
🚧[W脫鉤打樣] 理論＝實跑 破：R1 right 理論@k*=100.00 ≠ 實跑=94.77（Δ=5.230）
[T2-DIAG] 街廓 R2｜宗數 14｜池帶 3 片｜池帶 s 寬 [6.7721  0.0100  34.7275]｜池帶面積 [233.7880  0.4481  1544.7575]｜Σ池 1778.9935｜覆蓋殘差 0.0001｜Σ 殘差 -0.0001｜宗-宗疊 0.0000（上界 2.8535）｜內部縫 0 帶／0.0000㎡｜退化帶 4 個（s 寬 4.39e-10, 1.69e-10, 5.06e-11, 3.33e-06）｜s 域 [0.2677,100.0274]
🚧[W脫鉤打樣] 理論＝實跑 破：R2 left 理論@k*=44.18 ≠ 實跑=54.00（Δ=9.821）
[T2-DIAG] 街廓 R4｜宗數 2｜池帶 1 片｜池帶 s 寬 [37.1276]｜池帶面積 [1229.1943]｜Σ池 1229.1943｜覆蓋殘差 0.0000｜Σ 殘差 -0.0000｜宗-宗疊 0.0000（上界 0.1630）｜內部縫 0 帶／0.0000㎡｜退化帶 0 個｜s 域 [0.1759,98.7170]
🚧[W脫鉤打樣] 理論＝實跑 破：R4 right 理論@k*=90.64 ≠ 實跑=87.81（Δ=2.825）
[T2-DIAG] 街廓 R6｜宗數 10｜池帶 3 片｜池帶 s 寬 [3.6068  34.1711  0.0100]｜池帶面積 [85.7064  1548.2868  0.4359]｜Σ池 1634.4292｜覆蓋殘差 0.0000｜Σ 殘差 -0.0000｜宗-宗疊 0.0000（上界 2.0066）｜內部縫 0 帶／0.0000㎡｜退化帶 0 個｜s 域 [-3.6068,85.8549]
[T2-DIAG] 街廓 R5｜宗數 12｜池帶 2 片｜池帶 s 寬 [6.4038  33.4373]｜池帶面積 [212.8359  1533.1801]｜Σ池 1746.0159｜覆蓋殘差 0.0000｜Σ 殘差 -0.0000｜宗-宗疊 0.0000（上界 2.4772）｜內部縫 0 帶／0.0000㎡｜退化帶 0 個｜s 域 [0.2685,92.7995]
🚧[W脫鉤打樣] 理論＝實跑 破：R5 left 理論@k*=46.33 ≠ 實跑=55.97（Δ=9.640）
[T2-DIAG] 街廓 R3｜宗數 14｜池帶 2 片｜池帶 s 寬 [31.1170  10.5362]｜池帶面積 [1376.3298  389.8488]｜Σ池 1766.1786｜覆蓋殘差 0.0001｜Σ 殘差 -0.0001｜宗-宗疊 0.0000（上界 2.8366）｜內部縫 0 帶／0.0000㎡｜退化帶 2 個（s 寬 5.57e-06, 1.27e-10）｜s 域 [-0.0000,96.8032]
🚧[W脫鉤打樣] 理論＝實跑 破：R3 right 理論@k*=44.04 ≠ 實跑=34.75（Δ=9.286）
… v3 財務接線閘（B/C 錨・中繼錨・C 兩形等價・A 逐宗全查・雙 reverse-test）
[T2-DIAG] 街廓 R1｜宗數 5｜池帶 2 片｜池帶 s 寬 [0.3248  35.3465]｜池帶面積 [5.3255  1171.5747]｜Σ池 1176.9003｜覆蓋殘差 0.0000｜Σ 殘差 -0.0000｜宗-宗疊 0.0000（上界 0.6594）｜內部縫 0 帶／0.0000㎡｜退化帶 1 個（s 寬 1.30e-10）｜s 域 [-0.3248,87.7155]
🚧[W脫鉤打樣] 理論＝實跑 破：R1 left 理論@k*=100.00 ≠ 實跑=97.16（Δ=2.840）
[T2-DIAG] 街廓 R2｜宗數 14｜池帶 2 片｜池帶 s 寬 [0.0100  40.4874]｜池帶面積 [0.4486  1802.0919]｜Σ池 1802.5405｜覆蓋殘差 0.0001｜Σ 殘差 -0.0001｜宗-宗疊 0.0000（上界 2.8535）｜內部縫 0 帶／0.0000㎡｜退化帶 2 個（s 寬 4.24e-11, 3.33e-06）｜s 域 [0.2677,100.0274]
[T2-DIAG] 街廓 R4｜宗數 2｜池帶 1 片｜池帶 s 寬 [37.1976]｜池帶面積 [1231.5120]｜Σ池 1231.5120｜覆蓋殘差 0.0000｜Σ 殘差 -0.0000｜宗-宗疊 0.0000（上界 0.1630）｜內部縫 0 帶／0.0000㎡｜退化帶 0 個｜s 域 [0.1759,98.7170]
🚧[W脫鉤打樣] 理論＝實跑 破：R4 right 理論@k*=90.56 ≠ 實跑=87.75（Δ=2.815）
[T2-DIAG] 街廓 R6｜宗數 10｜池帶 3 片｜池帶 s 寬 [3.6068  34.2511  0.0100]｜池帶面積 [85.7064  1551.9287  0.4359]｜Σ池 1638.0711｜覆蓋殘差 0.0000｜Σ 殘差 +0.0000｜宗-宗疊 0.0000（上界 2.0066）｜內部縫 0 帶／0.0000㎡｜退化帶 0 個｜s 域 [-3.6068,85.8549]
[T2-DIAG] 街廓 R5｜宗數 12｜池帶 1 片｜池帶 s 寬 [38.6695]｜池帶面積 [1768.3559]｜Σ池 1768.3559｜覆蓋殘差 0.0000｜Σ 殘差 +0.0000｜宗-宗疊 0.0000（上界 2.4772）｜內部縫 0 帶／0.0000㎡｜退化帶 0 個｜s 域 [0.2685,92.7995]
[T2-DIAG] 街廓 R3｜宗數 14｜池帶 2 片｜池帶 s 寬 [38.5561  3.4571]｜池帶面積 [1707.0784  78.2363]｜Σ池 1785.3148｜覆蓋殘差 0.0001｜Σ 殘差 -0.0001｜宗-宗疊 0.0000（上界 2.8366）｜內部縫 0 帶／0.0000㎡｜退化帶 2 個（s 寬 5.57e-06, 4.49e-10）｜s 域 [-0.0000,96.8032]
🚧[W脫鉤打樣] 理論＝實跑 破：R3 right 理論@k*=100.00 ≠ 實跑=77.33（Δ=22.670）
[T2-DIAG] 街廓 R1｜宗數 5｜池帶 2 片｜池帶 s 寬 [0.3248  37.8065]｜池帶面積 [5.3255  1253.1130]｜Σ池 1258.4385｜覆蓋殘差 0.0000｜Σ 殘差 -0.0000｜宗-宗疊 0.0000（上界 0.6594）｜內部縫 0 帶／0.0000㎡｜退化帶 1 個（s 寬 1.30e-10）｜s 域 [-0.3248,87.7155]
🚧[W脫鉤打樣] 理論＝實跑 破：R1 left 理論@k*=100.00 ≠ 實跑=97.20（Δ=2.800）
[T2-DIAG] 街廓 R2｜宗數 14｜池帶 2 片｜池帶 s 寬 [0.0100  43.0974]｜池帶面積 [0.4487  1918.2398]｜Σ池 1918.6884｜覆蓋殘差 0.0001｜Σ 殘差 -0.0001｜宗-宗疊 0.0000（上界 2.8535）｜內部縫 0 帶／0.0000㎡｜退化帶 2 個（s 寬 1.27e-10, 3.33e-06）｜s 域 [0.2677,100.0274]
[T2-DIAG] 街廓 R4｜宗數 2｜池帶 1 片｜池帶 s 寬 [39.7076]｜池帶面積 [1314.6185]｜Σ池 1314.6185｜覆蓋殘差 0.0000｜Σ 殘差 +0.0000｜宗-宗疊 0.0000（上界 0.1630）｜內部縫 0 帶／0.0000㎡｜退化帶 0 個｜s 域 [0.1759,98.7170]
🚧[W脫鉤打樣] 理論＝實跑 破：R4 right 理論@k*=88.57 ≠ 實跑=85.55（Δ=3.020）
[T2-DIAG] 街廓 R6｜宗數 10｜池帶 3 片｜池帶 s 寬 [3.6068  36.5811  0.0100]｜池帶面積 [85.7064  1657.5840  0.4358]｜Σ池 1743.7261｜覆蓋殘差 0.0000｜Σ 殘差 -0.0000｜宗-宗疊 0.0000（上界 2.0066）｜內部縫 0 帶／0.0000㎡｜退化帶 1 個（s 寬 8.95e-11）｜s 域 [-3.6068,85.8549]
[T2-DIAG] 街廓 R5｜宗數 12｜池帶 1 片｜池帶 s 寬 [41.2295]｜池帶面積 [1885.1326]｜Σ池 1885.1326｜覆蓋殘差 0.0000｜Σ 殘差 -0.0000｜宗-宗疊 0.0000（上界 2.4772）｜內部縫 0 帶／0.0000㎡｜退化帶 2 個（s 寬 4.37e-11, 1.38e-10）｜s 域 [0.2685,92.7995]
[T2-DIAG] 街廓 R3｜宗數 14｜池帶 2 片｜池帶 s 寬 [41.2461  3.4571]｜池帶面積 [1826.2210  78.2363]｜Σ池 1904.4573｜覆蓋殘差 0.0001｜Σ 殘差 -0.0001｜宗-宗疊 0.0000（上界 2.8366）｜內部縫 0 帶／0.0000㎡｜退化帶 3 個（s 寬 5.57e-06, 3.76e-10, 7.60e-11）｜s 域 [-0.0000,96.8032]
🚧[W脫鉤打樣] 理論＝實跑 破：R3 right 理論@k*=100.00 ≠ 實跑=77.37（Δ=22.630）
… W-D.3 碎片幾何/分類/逐邊 CAD 對拍
[T2-DIAG] 街廓 R1｜宗數 5｜池帶 2 片｜池帶 s 寬 [0.3248  35.2765]｜池帶面積 [5.3255  1169.2548]｜Σ池 1174.5803｜覆蓋殘差 0.0000｜Σ 殘差 -0.0000｜宗-宗疊 0.0000（上界 0.6594）｜內部縫 0 帶／0.0000㎡｜退化帶 0 個｜s 域 [-0.3248,87.7155]
🚧[W脫鉤打樣] 理論＝實跑 破：R1 left 理論@k*=100.00 ≠ 實跑=97.20（Δ=2.800）
[T2-DIAG] 街廓 R2｜宗數 14｜池帶 2 片｜池帶 s 寬 [0.0100  40.4174]｜池帶面積 [0.4486  1798.9742]｜Σ池 1799.4228｜覆蓋殘差 0.0001｜Σ 殘差 -0.0001｜宗-宗疊 0.0000（上界 2.8535）｜內部縫 0 帶／0.0000㎡｜退化帶 4 個（s 寬 4.24e-11, 2.12e-10, 5.06e-11, 3.33e-06）｜s 域 [0.2677,100.0274]
[T2-DIAG] 街廓 R4｜宗數 2｜池帶 1 片｜池帶 s 寬 [37.1276]｜池帶面積 [1229.1943]｜Σ池 1229.1943｜覆蓋殘差 0.0000｜Σ 殘差 -0.0000｜宗-宗疊 0.0000（上界 0.1630）｜內部縫 0 帶／0.0000㎡｜退化帶 0 個｜s 域 [0.1759,98.7170]
🚧[W脫鉤打樣] 理論＝實跑 破：R4 right 理論@k*=90.64 ≠ 實跑=87.81（Δ=2.825）
[T2-DIAG] 街廓 R6｜宗數 10｜池帶 3 片｜池帶 s 寬 [3.6068  34.1711  0.0100]｜池帶面積 [85.7064  1548.2868  0.4359]｜Σ池 1634.4292｜覆蓋殘差 0.0000｜Σ 殘差 -0.0000｜宗-宗疊 0.0000（上界 2.0066）｜內部縫 0 帶／0.0000㎡｜退化帶 0 個｜s 域 [-3.6068,85.8549]
[T2-DIAG] 街廓 R5｜宗數 12｜池帶 1 片｜池帶 s 寬 [38.6095]｜池帶面積 [1765.6303]｜Σ池 1765.6303｜覆蓋殘差 0.0000｜Σ 殘差 +0.0000｜宗-宗疊 0.0000（上界 2.4772）｜內部縫 0 帶／0.0000㎡｜退化帶 0 個｜s 域 [0.2685,92.7995]
[T2-DIAG] 街廓 R3｜宗數 14｜池帶 2 片｜池帶 s 寬 [38.4961  3.4571]｜池帶面積 [1704.4219  78.2363]｜Σ池 1782.6583｜覆蓋殘差 0.0001｜Σ 殘差 -0.0001｜宗-宗疊 0.0000（上界 2.8366）｜內部縫 0 帶／0.0000㎡｜退化帶 3 個（s 寬 5.57e-06, 1.27e-10, 1.27e-10）｜s 域 [-0.0000,96.8032]
🚧[W脫鉤打樣] 理論＝實跑 破：R3 right 理論@k*=100.00 ≠ 實跑=77.34（Δ=22.660）
[T2-DIAG] 街廓 R1｜宗數 5｜池帶 2 片｜池帶 s 寬 [0.3248  35.2365]｜池帶面積 [5.3255  1167.7623]｜Σ池 1173.0878｜覆蓋殘差 0.0000｜Σ 殘差 +0.0000｜宗-宗疊 0.0000（上界 0.6594）｜內部縫 0 帶／0.0000㎡｜退化帶 0 個｜s 域 [-0.3248,87.7155]
🚧[W脫鉤打樣] 理論＝實跑 破：R1 left 理論@k*=100.00 ≠ 實跑=97.20（Δ=2.800）
🚧[W脫鉤打樣] 理論＝實跑 破：R1 right 理論@k*=100.00 ≠ 實跑=94.77（Δ=5.230）
[T2-DIAG] 街廓 R2｜宗數 14｜池帶 3 片｜池帶 s 寬 [6.7721  0.0100  34.7275]｜池帶面積 [233.7880  0.4481  1544.7575]｜Σ池 1778.9935｜覆蓋殘差 0.0001｜Σ 殘差 -0.0001｜宗-宗疊 0.0000（上界 2.8535）｜內部縫 0 帶／0.0000㎡｜退化帶 4 個（s 寬 4.39e-10, 1.69e-10, 5.06e-11, 3.33e-06）｜s 域 [0.2677,100.0274]
🚧[W脫鉤打樣] 理論＝實跑 破：R2 left 理論@k*=44.18 ≠ 實跑=54.00（Δ=9.821）
[T2-DIAG] 街廓 R4｜宗數 2｜池帶 1 片｜池帶 s 寬 [37.1276]｜池帶面積 [1229.1943]｜Σ池 1229.1943｜覆蓋殘差 0.0000｜Σ 殘差 -0.0000｜宗-宗疊 0.0000（上界 0.1630）｜內部縫 0 帶／0.0000㎡｜退化帶 0 個｜s 域 [0.1759,98.7170]
🚧[W脫鉤打樣] 理論＝實跑 破：R4 right 理論@k*=90.64 ≠ 實跑=87.81（Δ=2.825）
[T2-DIAG] 街廓 R6｜宗數 10｜池帶 3 片｜池帶 s 寬 [3.6068  34.1711  0.0100]｜池帶面積 [85.7064  1548.2868  0.4359]｜Σ池 1634.4292｜覆蓋殘差 0.0000｜Σ 殘差 -0.0000｜宗-宗疊 0.0000（上界 2.0066）｜內部縫 0 帶／0.0000㎡｜退化帶 0 個｜s 域 [-3.6068,85.8549]
[T2-DIAG] 街廓 R5｜宗數 12｜池帶 2 片｜池帶 s 寬 [6.4038  33.4373]｜池帶面積 [212.8359  1533.1801]｜Σ池 1746.0159｜覆蓋殘差 0.0000｜Σ 殘差 -0.0000｜宗-宗疊 0.0000（上界 2.4772）｜內部縫 0 帶／0.0000㎡｜退化帶 0 個｜s 域 [0.2685,92.7995]
🚧[W脫鉤打樣] 理論＝實跑 破：R5 left 理論@k*=46.33 ≠ 實跑=55.97（Δ=9.640）
[T2-DIAG] 街廓 R3｜宗數 14｜池帶 2 片｜池帶 s 寬 [31.1170  10.5362]｜池帶面積 [1376.3298  389.8488]｜Σ池 1766.1786｜覆蓋殘差 0.0001｜Σ 殘差 -0.0001｜宗-宗疊 0.0000（上界 2.8366）｜內部縫 0 帶／0.0000㎡｜退化帶 2 個（s 寬 5.57e-06, 1.27e-10）｜s 域 [-0.0000,96.8032]
🚧[W脫鉤打樣] 理論＝實跑 破：R3 right 理論@k*=44.04 ≠ 實跑=34.75（Δ=9.286）
… W-D.4 四梯分級清單（Gxxx 群組·31 旗標消費·遞補錨·fixture·v3 半實算）
[T2-DIAG] 街廓 R1｜宗數 5｜池帶 2 片｜池帶 s 寬 [0.3248  35.2765]｜池帶面積 [5.3255  1169.2548]｜Σ池 1174.5803｜覆蓋殘差 0.0000｜Σ 殘差 -0.0000｜宗-宗疊 0.0000（上界 0.6594）｜內部縫 0 帶／0.0000㎡｜退化帶 0 個｜s 域 [-0.3248,87.7155]
🚧[W脫鉤打樣] 理論＝實跑 破：R1 left 理論@k*=100.00 ≠ 實跑=97.20（Δ=2.800）
[T2-DIAG] 街廓 R2｜宗數 14｜池帶 2 片｜池帶 s 寬 [0.0100  40.4174]｜池帶面積 [0.4486  1798.9742]｜Σ池 1799.4228｜覆蓋殘差 0.0001｜Σ 殘差 -0.0001｜宗-宗疊 0.0000（上界 2.8535）｜內部縫 0 帶／0.0000㎡｜退化帶 4 個（s 寬 4.24e-11, 2.12e-10, 5.06e-11, 3.33e-06）｜s 域 [0.2677,100.0274]
[T2-DIAG] 街廓 R4｜宗數 2｜池帶 1 片｜池帶 s 寬 [37.1276]｜池帶面積 [1229.1943]｜Σ池 1229.1943｜覆蓋殘差 0.0000｜Σ 殘差 -0.0000｜宗-宗疊 0.0000（上界 0.1630）｜內部縫 0 帶／0.0000㎡｜退化帶 0 個｜s 域 [0.1759,98.7170]
🚧[W脫鉤打樣] 理論＝實跑 破：R4 right 理論@k*=90.64 ≠ 實跑=87.81（Δ=2.825）
[T2-DIAG] 街廓 R6｜宗數 10｜池帶 3 片｜池帶 s 寬 [3.6068  34.1711  0.0100]｜池帶面積 [85.7064  1548.2868  0.4359]｜Σ池 1634.4292｜覆蓋殘差 0.0000｜Σ 殘差 -0.0000｜宗-宗疊 0.0000（上界 2.0066）｜內部縫 0 帶／0.0000㎡｜退化帶 0 個｜s 域 [-3.6068,85.8549]
[T2-DIAG] 街廓 R5｜宗數 12｜池帶 1 片｜池帶 s 寬 [38.6095]｜池帶面積 [1765.6303]｜Σ池 1765.6303｜覆蓋殘差 0.0000｜Σ 殘差 +0.0000｜宗-宗疊 0.0000（上界 2.4772）｜內部縫 0 帶／0.0000㎡｜退化帶 0 個｜s 域 [0.2685,92.7995]
[T2-DIAG] 街廓 R3｜宗數 14｜池帶 2 片｜池帶 s 寬 [38.4961  3.4571]｜池帶面積 [1704.4219  78.2363]｜Σ池 1782.6583｜覆蓋殘差 0.0001｜Σ 殘差 -0.0001｜宗-宗疊 0.0000（上界 2.8366）｜內部縫 0 帶／0.0000㎡｜退化帶 3 個（s 寬 5.57e-06, 1.27e-10, 1.27e-10）｜s 域 [-0.0000,96.8032]
🚧[W脫鉤打樣] 理論＝實跑 破：R3 right 理論@k*=100.00 ≠ 實跑=77.34（Δ=22.660）
[T2-DIAG] 街廓 R1｜宗數 5｜池帶 2 片｜池帶 s 寬 [0.3248  35.2365]｜池帶面積 [5.3255  1167.7623]｜Σ池 1173.0878｜覆蓋殘差 0.0000｜Σ 殘差 +0.0000｜宗-宗疊 0.0000（上界 0.6594）｜內部縫 0 帶／0.0000㎡｜退化帶 0 個｜s 域 [-0.3248,87.7155]
🚧[W脫鉤打樣] 理論＝實跑 破：R1 left 理論@k*=100.00 ≠ 實跑=97.20（Δ=2.800）
🚧[W脫鉤打樣] 理論＝實跑 破：R1 right 理論@k*=100.00 ≠ 實跑=94.77（Δ=5.230）
[T2-DIAG] 街廓 R2｜宗數 14｜池帶 3 片｜池帶 s 寬 [6.7721  0.0100  34.7275]｜池帶面積 [233.7880  0.4481  1544.7575]｜Σ池 1778.9935｜覆蓋殘差 0.0001｜Σ 殘差 -0.0001｜宗-宗疊 0.0000（上界 2.8535）｜內部縫 0 帶／0.0000㎡｜退化帶 4 個（s 寬 4.39e-10, 1.69e-10, 5.06e-11, 3.33e-06）｜s 域 [0.2677,100.0274]
🚧[W脫鉤打樣] 理論＝實跑 破：R2 left 理論@k*=44.18 ≠ 實跑=54.00（Δ=9.821）
[T2-DIAG] 街廓 R4｜宗數 2｜池帶 1 片｜池帶 s 寬 [37.1276]｜池帶面積 [1229.1943]｜Σ池 1229.1943｜覆蓋殘差 0.0000｜Σ 殘差 -0.0000｜宗-宗疊 0.0000（上界 0.1630）｜內部縫 0 帶／0.0000㎡｜退化帶 0 個｜s 域 [0.1759,98.7170]
🚧[W脫鉤打樣] 理論＝實跑 破：R4 right 理論@k*=90.64 ≠ 實跑=87.81（Δ=2.825）
[T2-DIAG] 街廓 R6｜宗數 10｜池帶 3 片｜池帶 s 寬 [3.6068  34.1711  0.0100]｜池帶面積 [85.7064  1548.2868  0.4359]｜Σ池 1634.4292｜覆蓋殘差 0.0000｜Σ 殘差 -0.0000｜宗-宗疊 0.0000（上界 2.0066）｜內部縫 0 帶／0.0000㎡｜退化帶 0 個｜s 域 [-3.6068,85.8549]
[T2-DIAG] 街廓 R5｜宗數 12｜池帶 2 片｜池帶 s 寬 [6.4038  33.4373]｜池帶面積 [212.8359  1533.1801]｜Σ池 1746.0159｜覆蓋殘差 0.0000｜Σ 殘差 -0.0000｜宗-宗疊 0.0000（上界 2.4772）｜內部縫 0 帶／0.0000㎡｜退化帶 0 個｜s 域 [0.2685,92.7995]
🚧[W脫鉤打樣] 理論＝實跑 破：R5 left 理論@k*=46.33 ≠ 實跑=55.97（Δ=9.640）
[T2-DIAG] 街廓 R3｜宗數 14｜池帶 2 片｜池帶 s 寬 [31.1170  10.5362]｜池帶面積 [1376.3298  389.8488]｜Σ池 1766.1786｜覆蓋殘差 0.0001｜Σ 殘差 -0.0001｜宗-宗疊 0.0000（上界 2.8366）｜內部縫 0 帶／0.0000㎡｜退化帶 2 個（s 寬 5.57e-06, 1.27e-10）｜s 域 [-0.0000,96.8032]
🚧[W脫鉤打樣] 理論＝實跑 破：R3 right 理論@k*=44.04 ≠ 實跑=34.75（Δ=9.286）
[T2-DIAG] 街廓 R1｜宗數 5｜池帶 2 片｜池帶 s 寬 [0.3248  35.2765]｜池帶面積 [5.3255  1169.2548]｜Σ池 1174.5803｜覆蓋殘差 0.0000｜Σ 殘差 -0.0000｜宗-宗疊 0.0000（上界 0.6594）｜內部縫 0 帶／0.0000㎡｜退化帶 0 個｜s 域 [-0.3248,87.7155]
🚧[W脫鉤打樣] 理論＝實跑 破：R1 left 理論@k*=100.00 ≠ 實跑=97.20（Δ=2.800）
[T2-DIAG] 街廓 R2｜宗數 14｜池帶 2 片｜池帶 s 寬 [0.0100  40.4174]｜池帶面積 [0.4486  1798.9742]｜Σ池 1799.4228｜覆蓋殘差 0.0001｜Σ 殘差 -0.0001｜宗-宗疊 0.0000（上界 2.8535）｜內部縫 0 帶／0.0000㎡｜退化帶 4 個（s 寬 4.24e-11, 2.12e-10, 5.06e-11, 3.33e-06）｜s 域 [0.2677,100.0274]
[T2-DIAG] 街廓 R4｜宗數 2｜池帶 1 片｜池帶 s 寬 [37.1276]｜池帶面積 [1229.1943]｜Σ池 1229.1943｜覆蓋殘差 0.0000｜Σ 殘差 -0.0000｜宗-宗疊 0.0000（上界 0.1630）｜內部縫 0 帶／0.0000㎡｜退化帶 0 個｜s 域 [0.1759,98.7170]
🚧[W脫鉤打樣] 理論＝實跑 破：R4 right 理論@k*=90.64 ≠ 實跑=87.81（Δ=2.825）
[T2-DIAG] 街廓 R6｜宗數 10｜池帶 3 片｜池帶 s 寬 [3.6068  34.1711  0.0100]｜池帶面積 [85.7064  1548.2868  0.4359]｜Σ池 1634.4292｜覆蓋殘差 0.0000｜Σ 殘差 -0.0000｜宗-宗疊 0.0000（上界 2.0066）｜內部縫 0 帶／0.0000㎡｜退化帶 0 個｜s 域 [-3.6068,85.8549]
[T2-DIAG] 街廓 R5｜宗數 12｜池帶 1 片｜池帶 s 寬 [38.6095]｜池帶面積 [1765.6303]｜Σ池 1765.6303｜覆蓋殘差 0.0000｜Σ 殘差 +0.0000｜宗-宗疊 0.0000（上界 2.4772）｜內部縫 0 帶／0.0000㎡｜退化帶 0 個｜s 域 [0.2685,92.7995]
[T2-DIAG] 街廓 R3｜宗數 14｜池帶 2 片｜池帶 s 寬 [38.4961  3.4571]｜池帶面積 [1704.4219  78.2363]｜Σ池 1782.6583｜覆蓋殘差 0.0001｜Σ 殘差 -0.0001｜宗-宗疊 0.0000（上界 2.8366）｜內部縫 0 帶／0.0000㎡｜退化帶 3 個（s 寬 5.57e-06, 1.27e-10, 1.27e-10）｜s 域 [-0.0000,96.8032]
🚧[W脫鉤打樣] 理論＝實跑 破：R3 right 理論@k*=100.00 ≠ 實跑=77.34（Δ=22.660）
[T2-DIAG] 街廓 R1｜宗數 5｜池帶 2 片｜池帶 s 寬 [0.3248  35.2365]｜池帶面積 [5.3255  1167.7623]｜Σ池 1173.0878｜覆蓋殘差 0.0000｜Σ 殘差 +0.0000｜宗-宗疊 0.0000（上界 0.6594）｜內部縫 0 帶／0.0000㎡｜退化帶 0 個｜s 域 [-0.3248,87.7155]
🚧[W脫鉤打樣] 理論＝實跑 破：R1 left 理論@k*=100.00 ≠ 實跑=97.20（Δ=2.800）
🚧[W脫鉤打樣] 理論＝實跑 破：R1 right 理論@k*=100.00 ≠ 實跑=94.77（Δ=5.230）
[T2-DIAG] 街廓 R2｜宗數 14｜池帶 3 片｜池帶 s 寬 [6.7721  0.0100  34.7275]｜池帶面積 [233.7880  0.4481  1544.7575]｜Σ池 1778.9935｜覆蓋殘差 0.0001｜Σ 殘差 -0.0001｜宗-宗疊 0.0000（上界 2.8535）｜內部縫 0 帶／0.0000㎡｜退化帶 4 個（s 寬 4.39e-10, 1.69e-10, 5.06e-11, 3.33e-06）｜s 域 [0.2677,100.0274]
🚧[W脫鉤打樣] 理論＝實跑 破：R2 left 理論@k*=44.18 ≠ 實跑=54.00（Δ=9.821）
[T2-DIAG] 街廓 R4｜宗數 2｜池帶 1 片｜池帶 s 寬 [37.1276]｜池帶面積 [1229.1943]｜Σ池 1229.1943｜覆蓋殘差 0.0000｜Σ 殘差 -0.0000｜宗-宗疊 0.0000（上界 0.1630）｜內部縫 0 帶／0.0000㎡｜退化帶 0 個｜s 域 [0.1759,98.7170]
🚧[W脫鉤打樣] 理論＝實跑 破：R4 right 理論@k*=90.64 ≠ 實跑=87.81（Δ=2.825）
[T2-DIAG] 街廓 R6｜宗數 10｜池帶 3 片｜池帶 s 寬 [3.6068  34.1711  0.0100]｜池帶面積 [85.7064  1548.2868  0.4359]｜Σ池 1634.4292｜覆蓋殘差 0.0000｜Σ 殘差 -0.0000｜宗-宗疊 0.0000（上界 2.0066）｜內部縫 0 帶／0.0000㎡｜退化帶 0 個｜s 域 [-3.6068,85.8549]