… ownership（tab1 歸戶指紋複刻，讀 匿名版 xlsx）
    重劃區地籍 53 筆｜U_LAND 64453 筆｜失敗 0｜歸戶群組 33 組
    ✅ 靶 628-18 → G005（預期 G005）
    ✅ 靶 628-45 → G007（預期 G007）
    ✅ 靶 628 → G009（預期 G009）
    ✅ 靶 628-37 → G019（預期 G019）
    ✅ 靶 628-41 → G023（預期 G023）
    ✅ 靶 628-36 → G029（預期 G029）
… parcels：temp 126 筆｜可建築 build 61 筆｜面積交叉換位 2 對
… Step G headless（0m；v3 真值財務＋結構不變量永久閘）
[T2-DIAG] 街廓 R1｜宗數 5｜池帶 2 片｜池帶 s 寬 [0.3248  35.2765]｜池帶面積 [5.3255  1169.2548]｜Σ池 1174.5803｜覆蓋殘差 0.0000｜Σ 殘差 -0.0000｜宗-宗疊 0.0000（上界 0.6594）｜內部縫 0 帶／0.0000㎡｜退化帶 0 個｜s 域 [-0.3248,87.7155]
… Step G headless（3.5m；v3 真值財務＋結構不變量永久閘）
[T2-DIAG] 街廓 R1｜宗數 5｜池帶 2 片｜池帶 s 寬 [0.3248  35.2365]｜池帶面積 [5.3255  1167.7623]｜Σ池 1173.0878｜覆蓋殘差 0.0000｜Σ 殘差 +0.0000｜宗-宗疊 0.0000（上界 0.6594）｜內部縫 0 帶／0.0000㎡｜退化帶 0 個｜s 域 [-0.3248,87.7155]
… v3 財務接線閘（B/C 錨・中繼錨・C 兩形等價・A 逐宗全查・雙 reverse-test）
… W-D.3 碎片幾何/分類/逐邊 CAD 對拍
[T2-DIAG] 街廓 R1｜宗數 5｜池帶 2 片｜池帶 s 寬 [0.3248  35.2765]｜池帶面積 [5.3255  1169.2548]｜Σ池 1174.5803｜覆蓋殘差 0.0000｜Σ 殘差 -0.0000｜宗-宗疊 0.0000（上界 0.6594）｜內部縫 0 帶／0.0000㎡｜退化帶 0 個｜s 域 [-0.3248,87.7155]
… W-D.4 四梯分級清單（Gxxx 群組·31 旗標消費·遞補錨·fixture·v3 半實算）
[T2-DIAG] 街廓 R1｜宗數 5｜池帶 2 片｜池帶 s 寬 [0.3248  35.2765]｜池帶面積 [5.3255  1169.2548]｜Σ池 1174.5803｜覆蓋殘差 0.0000｜Σ 殘差 -0.0000｜宗-宗疊 0.0000（上界 0.6594）｜內部縫 0 帶／0.0000㎡｜退化帶 0 個｜s 域 [-0.3248,87.7155]
… W-F F.0（級0/0' 合併＋梯3 釋池；trunk B 終態）
… W-F F.1（R1 楔形等 G 吞納＋前移；R3/R6 標記待 F.4）
… W-F F.2（跨街廓搬 a′ 模式一；五群 G009/G001/G021/G026/G027）
… W-F F.3（公設地調配：RD 五則①切半5/③集中30＋PF6；轉7-4 24筆）
… W-F F.4（7-4 三級調配＋7-5 批次最佳化＋終態整形＋33 群總決算；trunk E）
… W-G G.1 接線層 ctx-builder 同源（app _build_wf_ctx vs native _ctx；0m）
… W-G G.2 世代幾何曝出契約＋只寫不讀（0m）
============================================================
  ✅ PASS  參數0m
  ✅ PASS  參數3.5m
  ✅ PASS  -a診斷0m
  ✅ PASS  -a診斷3.5m
  ✅ PASS  ownership Gxxx 靶組（三環定理鏈）
  ✅ PASS  W-D.3 ghost 零面積不變量（8 筆全零）
  ✅ PASS  F.0-pre 15.73㎡ 歸因（公設 15.73 ＋ 可建築 13.34 = 29.07 ＝ ghost 真面積 29.09）
  ✅ PASS  v3·診斷0m（全欄逐格·無豁免）
  ✅ PASS  率接線無串聯0m（vs v1 原錨，豁免 G估 後逐格全等）
  ✅ PASS  率接線 G估 欄變動 0 格（期 0·Y 波後 baseline 同源）
  ✅ PASS  指配0m
  ✅ PASS  抵費地0m(應空)
  🔴 FAIL  v3·StepG0m（結構閘/看守觸發）
        [StepG0m] 🔴 結構閘 理論＝實跑 破：街廓 R1 left 側 理論@k*=100.00 ≠ 實跑=97.20（Δ=2.800 >0.1）
  ✅ PASS  v3·診斷3.5m（全欄逐格·無豁免）
  ✅ PASS  率接線無串聯3.5m（vs v1 原錨，豁免 G估 後逐格全等）
  ✅ PASS  率接線 G估 欄變動 0 格（期 0·Y 波後 baseline 同源）
  ✅ PASS  指配3.5m
  ✅ PASS  抵費地3.5m
  🔴 FAIL  v3·StepG3.5m（結構閘/看守觸發）
        [StepG3.5m] 🔴 結構閘 理論＝實跑 破：街廓 R1 left 側 理論@k*=100.00 ≠ 實跑=97.20（Δ=2.800 >0.1）
  ✅ PASS  v3 財務錨 B == 0.171043（獨立輸入現算 → 0.171043）
  ✅ PASS  v3 財務錨 C == 0.091319（加總形分母 1,643,176,255.06）
  ✅ PASS  v3 中繼錨 工程費/重劃費/費用總額 == 122324608/22717427/150053099
  ✅ PASS  v3 C 兩形等價（加總形 vs app calc_C_value 均價形）|Δ|=2.92e-10 <1e-8
  ✅ PASS  v3 A 逐宗全查（0 列＝後街廓單價/重劃前區段單價）
  🔴 FAIL  v3 財務接線閘
        [財務閘] '0m'
        Traceback (most recent call last):
  File "C:\Users\admin\Desktop\land-readjustment-trial\verify\run_verification.py", line 553, in main
    _ctx = stepg_ctx["0m"]
           ~~~~~~~~~^^^^^^
KeyError: '0m'

  🔴 FAIL  W-D.3 碎片
        [碎片] compute 失敗：🔴 結構閘 理論＝實跑 破：街廓 R1 left 側 理論@k*=100.00 ≠ 實跑=97.20（Δ=2.800 >0.1）
  🔴 FAIL  W-D.4
        [W-D.4] compute 失敗：🔴 結構閘 理論＝實跑 破：街廓 R1 left 側 理論@k*=100.00 ≠ 實跑=97.20（Δ=2.800 >0.1）
        -readjustment-trial\verify\stepg_pipeline.py", line 827, in run_step_g
    raise RuntimeError(
        f"🔴 結構閘 理論＝實跑 破：街廓 {blk_label} {_sd_tag2} 側 "
        f"理論@k*={_th:.2f} ≠ 實跑={_re:.2f}（Δ={abs(_th - _re):.3f} >0.1）")
RuntimeError: 🔴 結構閘 理論＝實跑 破：街廓 R1 left 側 理論@k*=100.00 ≠ 實跑=97.20（Δ=2.800 >0.1）

  🔴 FAIL  W-F F.0
        [F.0] stepg_ctx[0m] 缺（trunk A 未成功？）
        Traceback (most recent call last):
  File "C:\Users\admin\Desktop\land-readjustment-trial\verify\run_verification.py", line 741, in main
    raise RuntimeError(f"stepg_ctx[{tag}] 缺（trunk A 未成功？）")
RuntimeError: stepg_ctx[0m] 缺（trunk A 未成功？）

  🔴 FAIL  W-F F.1
        [F.1] F.0 未成功，F.1 跳過（W5 守衛）
        Traceback (most recent call last):
  File "C:\Users\admin\Desktop\land-readjustment-trial\verify\run_verification.py", line 812, in main
    raise RuntimeError("F.0 未成功，F.1 跳過（W5 守衛）")
RuntimeError: F.0 未成功，F.1 跳過（W5 守衛）

  🔴 FAIL  W-F F.2
        [F.2] F.0 未成功，F.2 跳過（存在性守衛）
        Traceback (most recent call last):
  File "C:\Users\admin\Desktop\land-readjustment-trial\verify\run_verification.py", line 858, in main
    raise RuntimeError("F.0 未成功，F.2 跳過（存在性守衛）")
RuntimeError: F.0 未成功，F.2 跳過（存在性守衛）

  🔴 FAIL  W-F F.3
        [F.3] F.2 未成功，F.3 跳過（存在性守衛）
        Traceback (most recent call last):
  File "C:\Users\admin\Desktop\land-readjustment-trial\verify\run_verification.py", line 924, in main
    raise RuntimeError("F.2 未成功，F.3 跳過（存在性守衛）")
RuntimeError: F.2 未成功，F.3 跳過（存在性守衛）

  🔴 FAIL  W-F F.4
        [F.4] F.3 未成功，F.4 跳過（存在性守衛）
        Traceback (most recent call last):
  File "C:\Users\admin\Desktop\land-readjustment-trial\verify\run_verification.py", line 991, in main
    raise RuntimeError("F.3 未成功，F.4 跳過（存在性守衛）")
RuntimeError: F.3 未成功，F.4 跳過（存在性守衛）

  🔴 FAIL  W-G G.1 接線層 ctx-builder 同源
        [G.1] '0m'
        Traceback (most recent call last):
  File "C:\Users\admin\Desktop\land-readjustment-trial\verify\run_verification.py", line 1084, in main
    _nat = _ctx["0m"]
           ~~~~^^^^^^
KeyError: '0m'

  🔴 FAIL  W-G G.2 世代幾何曝出契約
        [G.2] '0m'
        Traceback (most recent call last):
  File "C:\Users\admin\Desktop\land-readjustment-trial\verify\run_verification.py", line 1157, in main
    for _nm2, _rows2 in (("v3.gA", _ctx["0m"]["gA"]),
                                   ~~~~^^^^^^
KeyError: '0m'

============================================================
嫌犯序：快照漏參 > dtype 1.5（法人統編 '.0'）> driver orchestration 漂移 > 引擎（勿動 app）
RESULT: FAIL
