【母體】verify/run_verification.py：1462 行｜`results.append` 站點 107 處
【覆蓋】verify/out/WG96_coverage.txt：已執行行 519
【名單】verify/out/K6A2_期望FAIL名單_WG97_名目加原因.txt：22 名目

【參數0m】無 `try` ⇒ 自身即活判定（本輪有執行）
【參數3.5m】無 `try` ⇒ 自身即活判定（本輪有執行）
【v3·診斷0m（全欄逐格·無豁免）】無 `try` ⇒ 自身即活判定（本輪有執行）
【率接線無串聯0m（vs v1 原錨，豁免 G估 後逐格全等）】無 `try` ⇒ 自身即活判定（本輪有執行）
【率接線 G估 欄變動0m 1 格（期 0·Y 波後 baseline 同源）】無 `try` ⇒ 自身即活判定（本輪有執行）
【指配0m】無 `try` ⇒ 自身即活判定（本輪有執行）
【v3·StepG0m（結構閘/看守觸發）】try 656–683｜名目出自 `except` ⇒ True｜主判定 5｜未執行 5｜**可回收 0**｜需人判 0
   🔴 真需管線     結構不變量永久閘{…}（守恆/⊥/位次=投影序/J(k*)≥J(naive)/理論=實跑/telescoping）
        管線標記 ＝ ['run_step_g']
   🔴 真需管線     v3·G值{…}
        管線標記 ＝ ['run_step_g']
   🔴 真需管線     v3·滑池槽{…}
        管線標記 ＝ ['run_step_g']
   🔴 真需管線     v3·J表{…}
        管線標記 ＝ ['run_step_g']
   🔴 真需管線     k* 六塊經驗錨{…} {…}
        管線標記 ＝ ['run_step_g']

【v3·診斷3.5m（全欄逐格·無豁免）】無 `try` ⇒ 自身即活判定（本輪有執行）
【率接線無串聯3.5m（vs v1 原錨，豁免 G估 後逐格全等）】無 `try` ⇒ 自身即活判定（本輪有執行）
【指配3.5m】無 `try` ⇒ 自身即活判定（本輪有執行）
【抵費地3.5m】無 `try` ⇒ 自身即活判定（本輪有執行）
【v3·StepG3.5m（結構閘/看守觸發）】try 656–683｜名目出自 `except` ⇒ True｜主判定 5｜未執行 5｜**可回收 0**｜需人判 0
   🔴 真需管線     結構不變量永久閘{…}（守恆/⊥/位次=投影序/J(k*)≥J(naive)/理論=實跑/telescoping）
        管線標記 ＝ ['run_step_g']
   🔴 真需管線     v3·G值{…}
        管線標記 ＝ ['run_step_g']
   🔴 真需管線     v3·滑池槽{…}
        管線標記 ＝ ['run_step_g']
   🔴 真需管線     v3·J表{…}
        管線標記 ＝ ['run_step_g']
   🔴 真需管線     k* 六塊經驗錨{…} {…}
        管線標記 ＝ ['run_step_g']

【v3 財務接線閘】try 693–783｜名目出自 `except` ⇒ True｜主判定 11｜未執行 6｜**可回收 0**｜需人判 6
   ✅ 只被順序擋住   v3 財務錨 B == {…}（獨立輸入現算 → {…}）
   ✅ 只被順序擋住   v3 財務錨 C == {…}（加總形分母 {…}）
   ✅ 只被順序擋住   v3 中繼錨 工程費/重劃費/費用總額 == {…}/{…}/{…}
   ✅ 只被順序擋住   v3 C 兩形等價（加總形 vs app calc_C_value 均價形）|Δ|={…} <1e-8
   ✅ 真需管線     v3 A 逐宗全查（{…} 列＝後街廓單價/重劃前區段單價）
   🟡 需人判      v3 reverse-test① 單位工程費 3500→3550 ⟹ C 隨動 ({…}→{…})
        呼叫 ＝ ['__setitem__', '_rerun_fin', 'dict', 'float', 'round']
        未解析名 ＝ ['_rerun_fin', 'dict', 'f', 'float', 'round', 'snapshot']
   🟡 需人判      v3 reverse-test② 前均價 ×1.1 ⟹ B 隨動且 C 不動 (B {…}→{…}；C {…})
        呼叫 ＝ ['__setitem__', '_rerun_fin', 'dict', 'float', 'round']
        未解析名 ＝ ['_rerun_fin', 'dict', 'f', 'float', 'round', 'snapshot']
   🟡 需人判      v3 重劃總負擔率錨 == {…}（現算 {…}）
        呼叫 ＝ ['float', 'round']
        未解析名 ＝ ['fake_st', 'float', 'round', 'snapshot']
   🟡 需人判      v3 率分項錨 公設負擔比 {…}% ＋ 費用負擔比 {…}%
        呼叫 ＝ ['round']
        未解析名 ＝ ['fake_st', 'round']
   🟡 需人判      v3 率用 DXF 公設實值 {…}（非截圖 rounded 12146.56）
        呼叫 ＝ ['abs']
        未解析名 ＝ ['abs', 'fake_st']
   🟡 需人判      v3 reverse-test③ 單位工程費 3500→3550 ⟹ 重劃總負擔率隨動 ({…}→{…})
        呼叫 ＝ ['compute_total_burden_rate', 'deepcopy', 'float', 'list', 'round', 'values']
        未解析名 ＝ ['_cp3', 'cb_by', 'compute_total_burden_rate', 'fake_st', 'float', 'list', 'ns', 'round', 'snapshot']

【W-D.3 碎片】try 794–803｜名目出自 `except` ⇒ True｜主判定 2｜未執行 2｜**可回收 0**｜需人判 2
   🟡 需人判      W-D.3 碎片幾何/三分類（v3）
        呼叫 ＝ ['_frag_compute', 'diff_rows', 'join']
        未解析名 ＝ ['V3RUN', '_frag_compute', 'diff_rows', 'os']
   🟡 需人判      W-D.3 碎片逐邊CAD（v3）
        呼叫 ＝ ['_frag_compute', 'diff_rows', 'join']
        未解析名 ＝ ['V3RUN', '_frag_compute', 'diff_rows', 'os']

【W-D.4】try 811–918｜名目出自 `except` ⇒ True｜主判定 14｜未執行 14｜**可回收 0**｜需人判 1
   🔴 真需管線     W-D.4 四梯清單{…}（v3 半實算）
        管線標記 ＝ ['compute']
   🔴 真需管線     W-D.4 碎片遞補{…}
        管線標記 ＝ ['compute']
   🔴 真需管線     W-D.4 跨占分配線{…}
        管線標記 ＝ ['compute']
   🔴 真需管線     W-D.4 MinA_區==114.07(正典rounded)·½顯示==57.04(Decimal非round)
        管線標記 ＝ ['compute']
   🔴 真需管線     W-D.4 {…}旗標全消費(群組語意·v3 隨價變)
        管線標記 ＝ ['compute']
   🔴 真需管線     F.0-pre 雙軌錨 軌別{…}·梯次{…}
        管線標記 ＝ ['compute']
   🔴 真需管線     F.0-pre 公設軌 8 群（撤出梯3、待 F.3/F.4）
        管線標記 ＝ ['compute']
   🔴 真需管線     F.0-pre 公設軌補償欄全空（G(a′) 未算前禁取值·停機條款）
        管線標記 ＝ ['compute']
   🔴 真需管線     F.3 母數錨 公設地 {…} 筆／{…} 群持有（廢「30 筆/4,428㎡」）
        管線標記 ＝ ['compute']
   🔴 真需管線     F.0 釋池對象＝梯3 二群 {…}（Σ={…}㎡）
        管線標記 ＝ ['compute']
   🟡 需人判      W-D.4 MinA_區 reverse-test(改深度→隨動·非寫死)
        呼叫 ＝ ['_mina_by_block', 'deepcopy', 'get', 'values']
        未解析名 ＝ ['_cp', '_w4', 'cb_by', 'ns', 'snapshot']
   🔴 真需管線     W-D.4 遞補錨 R6 85.66→628-4(1)（跳過 628(2);628-1(2);628-23(1)）
        管線標記 ＝ ['compute']
   🔴 真需管線     W-D.4 持分和逐宗檢核(WARNING-A)
        管線標記 ＝ ['compute']
   🔴 真需管線     W-D.4 第4梯 fixture(查封自成一群·移除後 byte-identical)
        管線標記 ＝ ['compute']

【W-F F.0】try 934–1007｜名目出自 `except` ⇒ True｜主判定 13｜未執行 13｜**可回收 0**｜需人判 0
   🔴 真需管線     F.0·G值{…}（trunk B 終態）
        管線標記 ＝ ['compute', 'stepg_ctx']
   🔴 真需管線     F.0·滑池槽{…}
        管線標記 ＝ ['compute', 'stepg_ctx']
   🔴 真需管線     F.0·J表{…}
        管線標記 ＝ ['compute', 'stepg_ctx']
   🔴 真需管線     F.0·合併決策{…}
        管線標記 ＝ ['compute', 'stepg_ctx']
   🔴 真需管線     F.0·旗標消長{…}
        管線標記 ＝ ['compute', 'stepg_ctx']
   🔴 真需管線     F.0·池差閉合{…}
        管線標記 ＝ ['compute', 'stepg_ctx']
   🔴 真需管線     F.0 結構永久閘{…}（trunk B 守恆全綠）
        管線標記 ＝ ['compute', 'stepg_ctx']
   🔴 真需管線     F.0 位次序不變{…}（投影序∖移除宗）
        管線標記 ＝ ['compute', 'stepg_ctx']
   🔴 真需管線     F.0 標的宗毗鄰不變{…}
        管線標記 ＝ ['compute', 'stepg_ctx']
   🔴 真需管線     F.0 六格 G(Σa) 錨 0m {…}
        管線標記 ＝ ['compute', 'stepg_ctx']
   🔴 真需管線     F.0 旗標 31→17（新生 {…}）
        管線標記 ＝ ['compute', 'stepg_ctx']
   🔴 真需管線     F.0 k* f0 錨 trunk B {…}
        管線標記 ＝ ['compute', 'stepg_ctx']
   🔴 真需管線     F.0 不達標二格 G009→F.2·G014→F.4（先併再標旗轉出）
        管線標記 ＝ ['compute', 'stepg_ctx']

【W-F F.1】try 1016–1058｜名目出自 `except` ⇒ True｜主判定 5｜未執行 5｜**可回收 0**｜需人判 0
   🔴 真需管線     F.1·遞補整形{…}
        管線標記 ＝ ['_ctx', '_f0', 'compute']
   🔴 真需管線     F.1·碎片處置{…}
        管線標記 ＝ ['_ctx', '_f0', 'compute']
   🔴 真需管線     F.1·池驗證{…}
        管線標記 ＝ ['_ctx', '_f0', 'compute']
   🔴 真需管線     F.1 錨{…}（標的 {…}·寬 {…}≥3.5·池片 {…}→{…}·池差 {…}≈0）
        管線標記 ＝ ['_ctx', '_f0', 'compute']
   🔴 真需管線     F.1 標記制{…}（{…} 片待 F.4 終態遞補整形，期 {…}）
        管線標記 ＝ ['_ctx', '_f0', 'compute']

【W-F F.2】try 1067–1123｜名目出自 `except` ⇒ True｜主判定 11｜未執行 11｜**可回收 1**｜需人判 1
   🟢 只被順序擋住   F.2 靜態閘（wf_f2 不呼叫 calc_a_prime／三廢函式）
        呼叫 ＝ ['join', 'open', 'read']
        未解析名 ＝ ['HERE', 'open', 'os']
   🔴 真需管線     F.2·跨街廓調配{…}
        管線標記 ＝ ['_ctx', '_f0', 'compute']
   🔴 真需管線     F.2·G值{…}（trunk C 終態）
        管線標記 ＝ ['_ctx', '_f0', 'compute']
   🔴 真需管線     F.2·池流向{…}
        管線標記 ＝ ['_ctx', '_f0', 'compute']
   🔴 真需管線     F.2 結構永久閘{…}（trunk C 守恆全綠）
        管線標記 ＝ ['_ctx', '_f0', 'compute']
   🔴 真需管線     F.2 跨街廓守恆{…}（源池增/目標池減/全區 |Σ(G−幾何)| {…} ≤ {…}＝Σ街廓 宗數×(0.005×深度＋tol＋0.005)）
        管線標記 ＝ ['_ctx', '_f0', 'compute']
   🔴 真需管線     F.2 位次序不變{…}（投影序∖移除宗）
        管線標記 ＝ ['_ctx', '_f0', 'compute']
   🔴 真需管線     F.2 F.1 正交{…}（{…} B→C 全等）
        管線標記 ＝ ['_ctx', '_f0', 'compute']
   🔴 真需管線     F.2 同區段恆等{…}（同zone轉出 a′==a）
        管線標記 ＝ ['_ctx', '_f0', 'compute']
   🔴 真需管線     F.2 雙模式並列錨 G021 模式一{…}／模式二{…}
        管線標記 ＝ ['_ctx', '_f0', 'compute']
   🟡 需人判      F.2 跨區段 fixture（a→b 模式一 a′={…}≠a=100·模式二R2={…}/R1混={…}）
        呼叫 ＝ ['abs', 'fixture_cross_zone', 'str']
        未解析名 ＝ ['abs', 'build_parcels', 'snapshot', 'str', 'wf_f2']

【W-F F.3】try 1133–1187｜名目出自 `except` ⇒ True｜主判定 12｜未執行 12｜**可回收 1**｜需人判 1
   🟢 只被順序擋住   F.3 靜態閘（wf_f3 不呼叫 calc_a_prime／三廢）
        呼叫 ＝ ['join', 'open', 'read']
        未解析名 ＝ ['HERE', 'open', 'os']
   🔴 真需管線     F.3·公設調配{…}
        管線標記 ＝ ['_ctx', '_f2', 'compute']
   🔴 真需管線     F.3·轉7-4{…}
        管線標記 ＝ ['_ctx', '_f2', 'compute']
   🔴 真需管線     F.3·G值{…}（trunk D 終態）
        管線標記 ＝ ['_ctx', '_f2', 'compute']
   🔴 真需管線     F.3·池流向{…}
        管線標記 ＝ ['_ctx', '_f2', 'compute']
   🔴 真需管線     F.3 零遺漏{…}（59＝併入{…}＋轉7-4{…}）
        管線標記 ＝ ['_ctx', '_f2', 'compute']
   🔴 真需管線     F.3 結構永久閘{…}（trunk D 守恆綠·|Σ(G−幾何)| {…} ≤ {…}）
        管線標記 ＝ ['_ctx', '_f2', 'compute']
   🔴 真需管線     F.3 位次序不變{…}
        管線標記 ＝ ['_ctx', '_f2', 'compute']
   🔴 真需管線     F.3 五則①切半5筆·{…}灌入項{…}
        管線標記 ＝ ['_ctx', '_f2', 'compute']
   🔴 真需管線     F.3 舊帳重測 628-18(2) a={…}==477.91（新機制·分攤登記96.82）
        管線標記 ＝ ['_ctx', '_f2', 'compute']
   🔴 真需管線     F.3 轉7-4 9群（含 G025 邊界：建地 F.0梯3釋池）
        管線標記 ＝ ['_ctx', '_f2', 'compute']
   🟡 需人判      F.3 跨區段 fixture（a→b a′={…}≠a·ratio≠1）
        呼叫 ＝ ['abs', 'fixture_cross_zone_f3']
        未解析名 ＝ ['abs', 'snapshot', 'wf_f3']

【W-F F.4】try 1200–1289｜名目出自 `except` ⇒ True｜主判定 10｜未執行 10｜**可回收 1**｜需人判 1
   🟢 只被順序擋住   F.4 靜態閘（wf_f4 不呼叫 calc_a_prime／三廢）
        呼叫 ＝ ['join', 'open', 'read']
        未解析名 ＝ ['HERE', 'open', 'os']
   🔴 真需管線     F.4·{…}{…}
        管線標記 ＝ ['_ctx', '_f0', '_f2', '_f3', 'compute']
   🔴 真需管線     F.4 結構永久閘{…}（trunk E 守恆綠·|Σ(G−幾何)| {…} ≤ {…}）
        管線標記 ＝ ['_ctx', '_f0', '_f2', '_f3', 'compute']
   🔴 真需管線     F.4 終態旗標=0·位次序·B-1{…}
        管線標記 ＝ ['_ctx', '_f0', '_f2', '_f3', 'compute']
   🔴 真需管線     F.4 池終態三則{…}（各塊 0 或 ≥MinA）
        管線標記 ＝ ['_ctx', '_f0', '_f2', '_f3', 'compute']
   🔴 真需管線     F.4 E2 窮舉最優性{…}（opt {…} ≤ 次優 {…}·可行 {…}/{…}·tie {…}）
        管線標記 ＝ ['_ctx', '_f0', '_f2', '_f3', 'compute']
   🔴 真需管線     F.4 ½<½錨={…}·公設後價等式 {…}==快照
        管線標記 ＝ ['_ctx', '_f0', '_f2', '_f3', 'compute']
   🔴 真需管線     F.4 E0 級1殘餘{…}對錨0m（628-49(1)→628-48(1) 等）
        管線標記 ＝ ['_ctx', '_f0', '_f2', '_f3', 'compute']
   🔴 真需管線     F.4 Q3＋裁示1(a)（配額=合法基地·達標·帳表一致·禁超額）
        管線標記 ＝ ['_ctx', '_f0', '_f2', '_f3', 'compute']
   🟡 需人判      F.4 模式二 p_avg 母體＝原始 build_parcels（R1/R4 可算）
        呼叫 ＝ ['all', 'fixture_mode2_hand']
        未解析名 ＝ ['all', 'build_parcels', 'snapshot', 'wf_f4']

【W-G G.1 接線層 ctx-builder 同源】try 1300–1380｜名目出自 `except` ⇒ True｜主判定 1｜未執行 1｜**可回收 0**｜需人判 0
   🔴 真需管線     W-G G.1 接線層 ctx-builder 同源（cb_by/cad+centerlines/gA/winners/β財務/blocks欄名/指紋/率鋪底）
        管線標記 ＝ ['_ctx']

【W-G G.2 世代幾何曝出契約】try 1395–1434｜名目出自 `except` ⇒ True｜主判定 1｜未執行 1｜**可回收 0**｜需人判 0
   🔴 真需管線     W-G G.2 世代幾何曝出契約＋只寫不讀（v3/f0/f1/f2/f3/E 逐宗座標·靜態越界=0）
        管線標記 ＝ ['_ctx', '_f0', '_f2', '_f3', '_f4']

================================================================================================
⇒ 22 名目合計：主判定 **85**｜未執行 **80**｜**只被順序擋住 3**｜**需CAD管線（不需 run_step_g）0**｜需人判 12｜真需管線 65
🔒 判別力自檢：集合內**已執行**之主判定 5 個（例：v3 財務錨 B == {…}（獨立輸入現算 → {…}））⇒ 上式**非恆判未執行**
🔒 校準（vs `W-G.9-10` 之三項已證可回收者·判準見碼註）：
     ✅ F.3 靜態閘（wf_f3 不呼叫 calc_a_prime／三廢）             ⇒ ['只被順序擋住']
     ✅ F.3 跨區段 fixture（a→b a′={…}≠a·ratio≠1）          ⇒ ['需人判']　（落需人判 ⇒ 交人裁）
     🔴 W-G G.2 世代幾何曝出契約＋只寫不讀（v3/f0/f1/f2/f3/E 逐宗座標·   ⇒ ['真需管線']　（落需人判 ⇒ 交人裁）
🔴 **校準失敗（偽陰性）**：['W-G G.2 世代幾何曝出契約＋只寫不讀（v3/f0/f1/f2/f3/E 逐宗座標·靜態越界=0）'] ⇒ ⛔ 本分類器之判定不得採信
