【母體】verify/baselines/v3：16 檔｜verify/run_verification.py：1462 行
【② 之取得】AST 掃 `diff_rows(..., os.path.join(V3RUN, <檔>), ...)` ⇒ 解析出 9 檔之消費者
【④ 之射程】
  ·【目錄射程】生產側一層直接參與者（⛔ **未做 import 遞移閉包**·具名聲明）：
       app.py
       verify/stepg_pipeline.py
       verify/selection_pipeline.py
       verify/run_verification.py
       verify/wd3_fragment_geom.py
       verify/wd4_tier_list.py
       verify/app_harvest.py
       verify/case_params_UC9898.json
       data/V6.dxf
       data/地籍資料來源_匿名版.xlsx
  ·【字樣射程】`git log <烘焙commit>..HEAD -- <上列路徑>`（⛔ 非內容比對·僅 commit 觸及）
  ·【連接方式】逐檔獨立查詢（⛔ 無距離窗）

① 檔名                                    ③ 烘焙                  ④ 觸及    ⑤ 過期為活假說
--------------------------------------------------------------------------------------------
G 值計算結果_退縮0m.csv                        2466faf 2026-07-25    72      🔴 是
G 值計算結果_退縮3.5m.csv                      2466faf 2026-07-25    72      🔴 是
W-D.1.2 診斷_退縮0m.csv                     6830642 2026-07-10    117     🔴 是
W-D.1.2 診斷_退縮3.5m.csv                   6830642 2026-07-10    117     🔴 是
W-D.2 §3 滑池槽診斷_退縮0m.csv                 2466faf 2026-07-25    72      🔴 是
W-D.2 §3 滑池槽診斷_退縮3.5m.csv               2466faf 2026-07-25    72      🔴 是
W-D.4_四梯分級清單_退縮0m.csv                   2466faf 2026-07-25    72      🔴 是
W-D.4_四梯分級清單_退縮3.5m.csv                 2466faf 2026-07-25    72      🔴 是
W-D.4_碎片遞補對照_退縮0m.csv                   2466faf 2026-07-25    72      🔴 是
W-D.4_碎片遞補對照_退縮3.5m.csv                 2466faf 2026-07-25    72      🔴 是
W-D.4_跨占分配線_退縮0m.csv                    2466faf 2026-07-25    72      🔴 是
W-D.4_跨占分配線_退縮3.5m.csv                  2466faf 2026-07-25    72      🔴 是
wd3_fragment_edges.csv                  2466faf 2026-07-25    72      🔴 是
wd3_fragment_geom.csv                   2466faf 2026-07-25    72      🔴 是
逐槽 J 表_退縮0m.csv                         2466faf 2026-07-25    72      🔴 是
逐槽 J 表_退縮3.5m.csv                       2466faf 2026-07-25    72      🔴 是
--------------------------------------------------------------------------------------------
⇒ 16 檔中，**「過期」為活假說者 = 16**

【② 逐檔之消費者（主判定 label）·樣式比對】
  G 值計算結果_退縮0m.csv
     ⇒ ['v3·G值{…}']
  G 值計算結果_退縮3.5m.csv
     ⇒ ['v3·G值{…}']
  W-D.1.2 診斷_退縮0m.csv
     ⇒ ['v3·診斷{…}']
  W-D.1.2 診斷_退縮3.5m.csv
     ⇒ ['v3·診斷{…}']
  W-D.2 §3 滑池槽診斷_退縮0m.csv
     ⇒ ['v3·滑池槽{…}']
  W-D.2 §3 滑池槽診斷_退縮3.5m.csv
     ⇒ ['v3·滑池槽{…}']
  W-D.4_四梯分級清單_退縮0m.csv
     ⇒ ['W-D.4清單{…}']
  W-D.4_四梯分級清單_退縮3.5m.csv
     ⇒ ['W-D.4清單{…}']
  W-D.4_碎片遞補對照_退縮0m.csv
     ⇒ ['W-D.4遞補{…}']
  W-D.4_碎片遞補對照_退縮3.5m.csv
     ⇒ ['W-D.4遞補{…}']
  W-D.4_跨占分配線_退縮0m.csv
     ⇒ ['W-D.4跨占{…}']
  W-D.4_跨占分配線_退縮3.5m.csv
     ⇒ ['W-D.4跨占{…}']
  wd3_fragment_edges.csv
     ⇒ ['碎片逐邊']
  wd3_fragment_geom.csv
     ⇒ ['碎片幾何']
  逐槽 J 表_退縮0m.csv
     ⇒ ['v3·J表{…}']
  逐槽 J 表_退縮3.5m.csv
     ⇒ ['v3·J表{…}']
  ⇒ **查無消費者之檔 = 0**（空）

🔒 判別力自檢（考古 69 修法 ④）：以**必然觸及**之路徑重算 ⇒ 1 個 commit ⇒ 上式非恆為 0
