======================================================================================================================
【`W-G.9-270` 補令二 序 `3`（KL 序改二）】**`p5` 中央池之連通性量測**
======================================================================================================================
🛑 **本器⛔ 作任何處置主張、⛔ 判其為缺陷**——量得之事實候發單側與 KL。
🔒 真相源 ＝ `app.py` `_pool_strips_for_block`（間諜法自 `ns` 取·⛔ 器內重導）
🛑 **⛔ 自 `got_G值_*.csv` 之 `推進側別` 欄推定**（`自誤 369`：與正典落檔同名而異物）

──────────────────────────────────────────────────────────────────────────────────────────────────────────────────────
【判別力二造】（單之明令·二造同色 ⇒ 量測器紅 ⇒ ⛔ 出艙任何判）
──────────────────────────────────────────────────────────────────────────────────────────────────────────────────────
   造甲［人造**二相接**之片］⇒ 類 `線/點`·相接長 **1.000000000 m**·重疊面積 0.000000000（型 `LineString`·最近距 0.000000000）⇒ 連通分量 **1** ⇒ ✅ 判連通
   造乙［人造**二分離**之片］⇒ 類 `空`·相接長 **0.000000000 m**·重疊面積 0.000000000（型 `Polygon`·最近距 1.000000000）⇒ 連通分量 **2** ⇒ ✅ 判不連通
   造丙［人造**二重疊**之片·重疊 `0.5 ㎡`］⇒ 類 `重疊(2D)`·相接長 **0.000000000 m**·重疊面積 **0.500000000 ㎡**（型 `Polygon`）⇒ ✅ 判**重疊**、⛔ 判相接（其 `Polygon.length` ＝ 周長 `3.000000`·⛔ 相接長）
   ⇒ **器非紅**（一造連通、一造不連通、一造重疊 ⇒ 三類皆可分辨）✅

──────────────────────────────────────────────────────────────────────────────────────────────────────────────────────
【情境 `退縮 0m`】
──────────────────────────────────────────────────────────────────────────────────────────────────────────────────────
🔒 間諜所錄 `_pool_strips_for_block` 之街廓 ＝ **6**：R1／R2／R3／R4／R5／R6
🔒 強制抵費地（**正典落檔**）：✅ 自 `got_抵費地_退縮0m.csv` 取得 **1** 列（欄 ＝ 街廓／抵費地面積＝range(㎡)／指配）
      R4 ⇒ 116.08（強制抵費地）
🔒 `got_滑池槽診斷_退縮0m.csv` ✅ 在

   ── `R1` ──（`_pool_strips_for_block` 呼叫 **1** 次·取**最末一次**之回傳）
      **池片全集** ＝ **2** 片；面積（依回傳序·＝面積遞減）＝ [1175.493745, 0.004600]
      落檔對拍：`片數` ＝ 2 ⇒ ✅ ｜ `幾何片明細(㎡)` ＝ [1175.49, 0.0]
      落檔之 `池總` ＝ 1175.5 ｜ `角落抵費地L/R` ＝ 0.0／0.0 ｜ **`中央池`** ＝ 1175.5
      🔑 **中央池之片 ＝ 2** 片；其面積 ＝ [1175.493745, 0.004600]；Σ ＝ **1175.498344 ㎡**
      **二數並報**：本器 Σ ＝ `1175.498344` ／ 落檔 `中央池` ＝ `1175.50` ⇒ |Δ| ＝ `0.001656` ✅（≤ 2dp 捨入量子 0.005×片數）
      **兩兩關係**（判準：交集為**線/點**且 `length > 0` ⇒ 相接；交集**有面積** ⇒ **重疊**·⛔ 相接）
         對          類          相接長(m)             重疊面積(㎡)          交集型            最近距(m)           判
         #1↔#2      空          0.000000000        0.000000000      Polygon        24.366612432     ⛔ 相接
      🔑 **連通分量 ＝ 2** ⇒ 🔴 **⛔ 連通為單一區域**（分量之成員：{#1}／{#2}）

   ── `R2` ──（`_pool_strips_for_block` 呼叫 **1** 次·取**最末一次**之回傳）
      **池片全集** ＝ **2** 片；面積（依回傳序·＝面積遞減）＝ [1682.744453, 152.355130]
      落檔對拍：`片數` ＝ 2 ⇒ ✅ ｜ `幾何片明細(㎡)` ＝ [1682.74, 152.36]
      落檔之 `池總` ＝ 1835.1 ｜ `角落抵費地L/R` ＝ 0.0／0.0 ｜ **`中央池`** ＝ 1835.1
      🔑 **中央池之片 ＝ 2** 片；其面積 ＝ [1682.744453, 152.355130]；Σ ＝ **1835.099583 ㎡**
      **二數並報**：本器 Σ ＝ `1835.099583` ／ 落檔 `中央池` ＝ `1835.10` ⇒ |Δ| ＝ `0.000417` ✅（≤ 2dp 捨入量子 0.005×片數）
      **兩兩關係**（判準：交集為**線/點**且 `length > 0` ⇒ 相接；交集**有面積** ⇒ **重疊**·⛔ 相接）
         對          類          相接長(m)             重疊面積(㎡)          交集型            最近距(m)           判
         #1↔#2      空          0.000000000        0.000000000      Polygon        20.616187549     ⛔ 相接
      🔑 **連通分量 ＝ 2** ⇒ 🔴 **⛔ 連通為單一區域**（分量之成員：{#1}／{#2}）

   ── `R3` ──（`_pool_strips_for_block` 呼叫 **1** 次·取**最末一次**之回傳）
      **池片全集** ＝ **1** 片；面積（依回傳序·＝面積遞減）＝ [1795.132785]
      落檔對拍：`片數` ＝ 1 ⇒ ✅ ｜ `幾何片明細(㎡)` ＝ [1795.13]
      落檔之 `池總` ＝ 1795.13 ｜ `角落抵費地L/R` ＝ 0.0／0.0 ｜ **`中央池`** ＝ 1795.13
      🔑 **中央池之片 ＝ 1** 片；其面積 ＝ [1795.132785]；Σ ＝ **1795.132785 ㎡**
      **二數並報**：本器 Σ ＝ `1795.132785` ／ 落檔 `中央池` ＝ `1795.13` ⇒ |Δ| ＝ `0.002785` ✅（≤ 2dp 捨入量子 0.005×片數）
      **兩兩相接**：⛔ 可比之對（片數 ≤ 1）；**連通分量 ＝ 1** ⇒ 🟢 單一區域

   ── `R4` ──（`_pool_strips_for_block` 呼叫 **1** 次·取**最末一次**之回傳）
      **池片全集** ＝ **4** 片；面積（依回傳序·＝面積遞減）＝ [1022.046201, 116.079994, 26.111604, 26.085762]
      落檔對拍：`片數` ＝ 4 ⇒ ✅ ｜ `幾何片明細(㎡)` ＝ [1022.05, 116.08, 26.11, 26.09]
      落檔之 `池總` ＝ 1190.32 ｜ `角落抵費地L/R` ＝ 116.08／0.0 ｜ **`中央池`** ＝ 1074.24
      扣除強制抵費地：片 `#2`（116.079994 ㎡）⟷ 落檔 `116.08` ⇒ ✅ 唯一相符
      🔑 **中央池之片 ＝ 3** 片；其面積 ＝ [1022.046201, 26.111604, 26.085762]；Σ ＝ **1074.243566 ㎡**
      **二數並報**：本器 Σ ＝ `1074.243566` ／ 落檔 `中央池` ＝ `1074.24` ⇒ |Δ| ＝ `0.003566` ✅（≤ 2dp 捨入量子 0.005×片數）
      **兩兩關係**（判準：交集為**線/點**且 `length > 0` ⇒ 相接；交集**有面積** ⇒ **重疊**·⛔ 相接）
         對          類          相接長(m)             重疊面積(㎡)          交集型            最近距(m)           判
         #1↔#3      空          0.000000000        0.000000000      Polygon        17.452704215     ⛔ 相接
         #1↔#4      線/點        91.725669968       0.000000000      MultiLineString 0.000000000      🟢 相接
         #3↔#4      線/點        0.000000000        0.000000000      Point          0.000000000      ⛔ 相接
      🔑 **連通分量 ＝ 2** ⇒ 🔴 **⛔ 連通為單一區域**（分量之成員：{#1,#4}／{#3}）

   ── `R5` ──（`_pool_strips_for_block` 呼叫 **1** 次·取**最末一次**之回傳）
      **池片全集** ＝ **2** 片；面積（依回傳序·＝面積遞減）＝ [1621.801031, 145.170260]
      落檔對拍：`片數` ＝ 2 ⇒ ✅ ｜ `幾何片明細(㎡)` ＝ [1621.8, 145.17]
      落檔之 `池總` ＝ 1766.97 ｜ `角落抵費地L/R` ＝ 0.0／0.0 ｜ **`中央池`** ＝ 1766.97
      🔑 **中央池之片 ＝ 2** 片；其面積 ＝ [1621.801031, 145.170260]；Σ ＝ **1766.971292 ㎡**
      **二數並報**：本器 Σ ＝ `1766.971292` ／ 落檔 `中央池` ＝ `1766.97` ⇒ |Δ| ＝ `0.001292` ✅（≤ 2dp 捨入量子 0.005×片數）
      **兩兩關係**（判準：交集為**線/點**且 `length > 0` ⇒ 相接；交集**有面積** ⇒ **重疊**·⛔ 相接）
         對          類          相接長(m)             重疊面積(㎡)          交集型            最近距(m)           判
         #1↔#2      空          0.000000000        0.000000000      Polygon        12.195871192     ⛔ 相接
      🔑 **連通分量 ＝ 2** ⇒ 🔴 **⛔ 連通為單一區域**（分量之成員：{#1}／{#2}）

   ── `R6` ──（`_pool_strips_for_block` 呼叫 **1** 次·取**最末一次**之回傳）
      **池片全集** ＝ **2** 片；面積（依回傳序·＝面積遞減）＝ [1543.006306, 85.706388]
      落檔對拍：`片數` ＝ 2 ⇒ ✅ ｜ `幾何片明細(㎡)` ＝ [1543.01, 85.71]
      落檔之 `池總` ＝ 1628.71 ｜ `角落抵費地L/R` ＝ 0.0／0.0 ｜ **`中央池`** ＝ 1628.71
      🔑 **中央池之片 ＝ 2** 片；其面積 ＝ [1543.006306, 85.706388]；Σ ＝ **1628.712694 ㎡**
      **二數並報**：本器 Σ ＝ `1628.712694` ／ 落檔 `中央池` ＝ `1628.71` ⇒ |Δ| ＝ `0.002694` ✅（≤ 2dp 捨入量子 0.005×片數）
      **兩兩關係**（判準：交集為**線/點**且 `length > 0` ⇒ 相接；交集**有面積** ⇒ **重疊**·⛔ 相接）
         對          類          相接長(m)             重疊面積(㎡)          交集型            最近距(m)           判
         #1↔#2      空          0.000000000        0.000000000      Polygon        27.214234277     ⛔ 相接
      🔑 **連通分量 ＝ 2** ⇒ 🔴 **⛔ 連通為單一區域**（分量之成員：{#1}／{#2}）

──────────────────────────────────────────────────────────────────────────────────────────────────────────────────────
【情境 `退縮 3.5m`】
──────────────────────────────────────────────────────────────────────────────────────────────────────────────────────
🔒 間諜所錄 `_pool_strips_for_block` 之街廓 ＝ **6**：R1／R2／R3／R4／R5／R6
🔒 強制抵費地（**正典落檔**）：✅ 自 `got_抵費地_退縮3.5m.csv` 取得 **2** 列（欄 ＝ 街廓／抵費地面積＝range(㎡)／指配）
      R2 ⇒ 308.17（強制抵費地）
      R4 ⇒ 226.01（強制抵費地）
🔒 `got_滑池槽診斷_退縮3.5m.csv` ✅ 在

   ── `R1` ──（`_pool_strips_for_block` 呼叫 **1** 次·取**最末一次**之回傳）
      **池片全集** ＝ **3** 片；面積（依回傳序·＝面積遞減）＝ [1169.708187, 5.383510, 0.004575]
      落檔對拍：`片數` ＝ 3 ⇒ ✅ ｜ `幾何片明細(㎡)` ＝ [1169.71, 5.38, 0.0]
      落檔之 `池總` ＝ 1175.1 ｜ `角落抵費地L/R` ＝ 0.0／0.0 ｜ **`中央池`** ＝ 1175.1
      🔑 **中央池之片 ＝ 3** 片；其面積 ＝ [1169.708187, 5.383510, 0.004575]；Σ ＝ **1175.096273 ㎡**
      **二數並報**：本器 Σ ＝ `1175.096273` ／ 落檔 `中央池` ＝ `1175.10` ⇒ |Δ| ＝ `0.003727` ✅（≤ 2dp 捨入量子 0.005×片數）
      **兩兩關係**（判準：交集為**線/點**且 `length > 0` ⇒ 相接；交集**有面積** ⇒ **重疊**·⛔ 相接）
         對          類          相接長(m)             重疊面積(㎡)          交集型            最近距(m)           判
         #1↔#2      重疊(2D)     0.000000000        0.000000001      Polygon        0.000000000      🔴 **重疊**
         #1↔#3      空          0.000000000        0.000000000      Polygon        17.543403613     ⛔ 相接
         #2↔#3      空          0.000000000        0.000000000      Polygon        17.520651882     ⛔ 相接
      🔴 **重疊之對（⛔ 相接·須單獨呈）**：#1↔#2 ＝ 0.000000001 ㎡
      🔑 **連通分量 ＝ 3** ⇒ 🔴 **⛔ 連通為單一區域**（分量之成員：{#1}／{#2}／{#3}）

   ── `R2` ──（`_pool_strips_for_block` 呼叫 **1** 次·取**最末一次**之回傳）
      **池片全集** ＝ **2** 片；面積（依回傳序·＝面積遞減）＝ [1466.258357, 308.170000]
      落檔對拍：`片數` ＝ 2 ⇒ ✅ ｜ `幾何片明細(㎡)` ＝ [1466.26, 308.17]
      落檔之 `池總` ＝ 1774.43 ｜ `角落抵費地L/R` ＝ 308.17／0.0 ｜ **`中央池`** ＝ 1466.26
      扣除強制抵費地：片 `#2`（308.170000 ㎡）⟷ 落檔 `308.17` ⇒ ✅ 唯一相符
      🔑 **中央池之片 ＝ 1** 片；其面積 ＝ [1466.258357]；Σ ＝ **1466.258357 ㎡**
      **二數並報**：本器 Σ ＝ `1466.258357` ／ 落檔 `中央池` ＝ `1466.26` ⇒ |Δ| ＝ `0.001643` ✅（≤ 2dp 捨入量子 0.005×片數）
      **兩兩相接**：⛔ 可比之對（片數 ≤ 1）；**連通分量 ＝ 1** ⇒ 🟢 單一區域

   ── `R3` ──（`_pool_strips_for_block` 呼叫 **1** 次·取**最末一次**之回傳）
      **池片全集** ＝ **1** 片；面積（依回傳序·＝面積遞減）＝ [1795.132785]
      落檔對拍：`片數` ＝ 1 ⇒ ✅ ｜ `幾何片明細(㎡)` ＝ [1795.13]
      落檔之 `池總` ＝ 1795.13 ｜ `角落抵費地L/R` ＝ 0.0／0.0 ｜ **`中央池`** ＝ 1795.13
      🔑 **中央池之片 ＝ 1** 片；其面積 ＝ [1795.132785]；Σ ＝ **1795.132785 ㎡**
      **二數並報**：本器 Σ ＝ `1795.132785` ／ 落檔 `中央池` ＝ `1795.13` ⇒ |Δ| ＝ `0.002785` ✅（≤ 2dp 捨入量子 0.005×片數）
      **兩兩相接**：⛔ 可比之對（片數 ≤ 1）；**連通分量 ＝ 1** ⇒ 🟢 單一區域

   ── `R4` ──（`_pool_strips_for_block` 呼叫 **1** 次·取**最末一次**之回傳）
      **池片全集** ＝ **4** 片；面積（依回傳序·＝面積遞減）＝ [906.324680, 226.009994, 26.110214, 26.084297]
      落檔對拍：`片數` ＝ 4 ⇒ ✅ ｜ `幾何片明細(㎡)` ＝ [906.32, 226.01, 26.11, 26.08]
      落檔之 `池總` ＝ 1184.53 ｜ `角落抵費地L/R` ＝ 226.01／0.0 ｜ **`中央池`** ＝ 958.52
      扣除強制抵費地：片 `#2`（226.009994 ㎡）⟷ 落檔 `226.01` ⇒ ✅ 唯一相符
      🔑 **中央池之片 ＝ 3** 片；其面積 ＝ [906.324680, 26.110214, 26.084297]；Σ ＝ **958.519192 ㎡**
      **二數並報**：本器 Σ ＝ `958.519192` ／ 落檔 `中央池` ＝ `958.52` ⇒ |Δ| ＝ `0.000808` ✅（≤ 2dp 捨入量子 0.005×片數）
      **兩兩關係**（判準：交集為**線/點**且 `length > 0` ⇒ 相接；交集**有面積** ⇒ **重疊**·⛔ 相接）
         對          類          相接長(m)             重疊面積(㎡)          交集型            最近距(m)           判
         #1↔#3      空          0.000000000        0.000000000      Polygon        61.038087312     ⛔ 相接
         #1↔#4      線/點        33.140220822       0.000000000      LineString     0.000000000      🟢 相接
         #3↔#4      空          0.000000000        0.000000000      Polygon        60.839386893     ⛔ 相接
      🔑 **連通分量 ＝ 2** ⇒ 🔴 **⛔ 連通為單一區域**（分量之成員：{#1,#4}／{#3}）

   ── `R5` ──（`_pool_strips_for_block` 呼叫 **1** 次·取**最末一次**之回傳）
      **池片全集** ＝ **2** 片；面積（依回傳序·＝面積遞減）＝ [1620.789249, 146.180629]
      落檔對拍：`片數` ＝ 2 ⇒ ✅ ｜ `幾何片明細(㎡)` ＝ [1620.79, 146.18]
      落檔之 `池總` ＝ 1766.97 ｜ `角落抵費地L/R` ＝ 0.0／0.0 ｜ **`中央池`** ＝ 1766.97
      🔑 **中央池之片 ＝ 2** 片；其面積 ＝ [1620.789249, 146.180629]；Σ ＝ **1766.969878 ㎡**
      **二數並報**：本器 Σ ＝ `1766.969878` ／ 落檔 `中央池` ＝ `1766.97` ⇒ |Δ| ＝ `0.000122` ✅（≤ 2dp 捨入量子 0.005×片數）
      **兩兩關係**（判準：交集為**線/點**且 `length > 0` ⇒ 相接；交集**有面積** ⇒ **重疊**·⛔ 相接）
         對          類          相接長(m)             重疊面積(㎡)          交集型            最近距(m)           判
         #1↔#2      空          0.000000000        0.000000000      Polygon        8.996271138      ⛔ 相接
      🔑 **連通分量 ＝ 2** ⇒ 🔴 **⛔ 連通為單一區域**（分量之成員：{#1}／{#2}）

   ── `R6` ──（`_pool_strips_for_block` 呼叫 **1** 次·取**最末一次**之回傳）
      **池片全集** ＝ **2** 片；面積（依回傳序·＝面積遞減）＝ [1543.006306, 85.706388]
      落檔對拍：`片數` ＝ 2 ⇒ ✅ ｜ `幾何片明細(㎡)` ＝ [1543.01, 85.71]
      落檔之 `池總` ＝ 1628.71 ｜ `角落抵費地L/R` ＝ 0.0／0.0 ｜ **`中央池`** ＝ 1628.71
      🔑 **中央池之片 ＝ 2** 片；其面積 ＝ [1543.006306, 85.706388]；Σ ＝ **1628.712694 ㎡**
      **二數並報**：本器 Σ ＝ `1628.712694` ／ 落檔 `中央池` ＝ `1628.71` ⇒ |Δ| ＝ `0.002694` ✅（≤ 2dp 捨入量子 0.005×片數）
      **兩兩關係**（判準：交集為**線/點**且 `length > 0` ⇒ 相接；交集**有面積** ⇒ **重疊**·⛔ 相接）
         對          類          相接長(m)             重疊面積(㎡)          交集型            最近距(m)           判
         #1↔#2      空          0.000000000        0.000000000      Polygon        27.214234277     ⛔ 相接
      🔑 **連通分量 ＝ 2** ⇒ 🔴 **⛔ 連通為單一區域**（分量之成員：{#1}／{#2}）

======================================================================================================================
🛑 **本器⛔ 作任何處置主張、⛔ 判其為缺陷**。
⚠️ **正典之併記（照實）**：`_pool_strips_for_block` 之 docstring 逐字載 `N0-19`
   （KL 裁 `2026-07-16` 晚）「原子＝s-帶；**池片＝相鄰池 s-帶之極大聯集**…
   **連通分量＝舊 boolean 實作之 artifact，不再作為片之定義**」
   ⇒ **「片」之定義係 s-區間，⛔ 幾何連通**；本器只量幾何連通之**事實**。
