====================================================================================================
【補令十八 `§一-2`】更名之三款出艙
====================================================================================================
款 (a) 內容逐位未變（**更名之步**·⛔ 含檔首加註）
   舊 docs/orders/W-G.9-269_補令十七_c4專窗開工令.md
   新 docs/orders/W-G.9-269_c4專窗開工令_對話側.md
   blob sha1   舊 758581e772df87947bd6081b177e868eba11b4af ／ 新 同 ✅
   file sha256 舊 5db90297da6198dc8ce4c593d5bb5d1a51fa472d5836a2a95ae5c7df0ace7400 ／ 新 同 ✅

款 (c) 檔首加註後之**完整性驗**（`追加四` 補款·**二合取項**）
   (i) 嚴格後綴：`new.endswith(old)` ⋀ `len(new) > len(old)` ⇒ ✅
       前置 274 B（掛前 4680 B → 掛後 4954 B）
       所扣之列數 ＝ 2（含續之空列）
   🔑 判別力（⛔ 恆綠）：以**掛後全檔**施同一檢 ⇒ ✅ 不成立（len 不增）
   (ii) `SELF_SHA256` 之後綴復算 ⇒ 後綴內命中 **0**
        🛑 **不可驗（loud）**——`追加四` 補款 款五：後綴內無 `SELF_SHA256` 者本款⛔ 適用，
        **須具名為「不可驗」，⛔ 靜默以 `(i)` 單項為綠**。（該開工令係對話側交付之文，本無自證鏈）
        🔑 對照組（證該計數非瞎）：同檔『本窗』命中 ＝ 4（須 >0）✅

款 (b) 更名後 `docs/orders/` 內以「補令十七」為名者須**恰 1 檔**
   倉內（HEAD·更名尚未入倉）                `W-G.9-269` 之補令十七 ＝ **2** 檔｜對照組 補令十六 ＝ 1 檔 ✅ 器非紅
        docs/orders/W-G.9-269_補令十七_c3併線核可與c4續辦.md
        docs/orders/W-G.9-269_補令十七_c4專窗開工令.md
   工作樹（更名後·**operative**）         `W-G.9-269` 之補令十七 ＝ **1** 檔｜對照組 補令十六 ＝ 1 檔 ✅ 器非紅
        docs/orders/W-G.9-269_補令十七_c3併線核可與c4續辦.md
====================================================================================================
