====================================================================================================================
【`W-G.9-268′` `c2`】`V-1′` 三組對照（**記憶體側**·補令八 `§二` 序 `1`）
====================================================================================================================
🔒 判準之來源 ＝ 倉內既有 `probe_WG9266_V1prime_3groups`（**只換資料源**·五款一字不動）
🔒 `1e-6` ⛔ 放寬：`V1.TOL_K1` ＝ 1e-06／`V1.TOL_K3` ＝ 1e-06（自該模組現讀）

🔒 管線已建：街廓 `11`／宗 `48`；`FRONT_LINE` ＝ 生產解析器 `cad['front_lines']`（`6` 街廓）

🔒 [3.5m／off] `g_rows` **47** 列（母體基數）／中止 R5／⛔ `cut_coords` 之列 0
🔒 [3.5m／on ] `g_rows` **60** 列（母體基數）／中止 無／⛔ `cut_coords` 之列 0

====================================================================================================================
〔診斷·⛔ 判準〕`off → on` 逐側之 `cut_coords` 逐位相異宗數（`3.5m`）
====================================================================================================================
   R1·left        共同宗  1｜`cut_coords` 相異 ** 0** 宗 ✅ 未動
   R1·right       共同宗  4｜`cut_coords` 相異 ** 2** 宗 🔴 已動
   R2·left        共同宗  7｜`cut_coords` 相異 ** 6** 宗 🔴 已動
   R2·right       共同宗  7｜`cut_coords` 相異 ** 6** 宗 🔴 已動
   R3·left        共同宗  0｜`cut_coords` 相異 ** 0** 宗 ✅ 未動
   R3·right       共同宗  0｜`cut_coords` 相異 ** 0** 宗 ✅ 未動
   R4·left        共同宗  1｜`cut_coords` 相異 ** 0** 宗 ✅ 未動
   R5·left        共同宗  6｜`cut_coords` 相異 ** 5** 宗 🔴 已動
   R5·right       共同宗  2｜`cut_coords` 相異 ** 2** 宗 🔴 已動
   R6·left        共同宗  3｜`cut_coords` 相異 ** 1** 宗 🔴 已動
   R6·right       共同宗  5｜`cut_coords` 相異 ** 3** 宗 🔴 已動

====================================================================================================================
【陽性】受詞逐字 ＝ `3.5m`·`R2`·`left`（⛔ 以容器名代之）
====================================================================================================================
   鏈序 態A ＝ ['628-42(1)', '628-41(1)', '628-27(1)', '628-40(1)+', '628-30(2)', '628-39(1)', '628-31(2)']
   鏈序 態B ＝ ['628-42(1)', '628-41(1)', '628-27(1)', '628-40(1)+', '628-30(2)', '628-39(1)', '628-31(2)']
   鏈頭（第 `0` 宗）＝ 628-42(1)（`驗_宗序` ＝ 其後）
   🔑 **判定集基數 `n`（非鏈頭宗數）＝ 6**
   🔑 **二態 `cut_coords` 逐位相同 ＝ 1/7 宗**（全側·含鏈頭）⇒ 該側 🔴 **已動**
        全側 `|ΔG|` 最大 ＝ 0.0000 ㎡
   ── 自我驗證閘 ──
     閘 γ（共用邊恰 2 頂點）6/6  ✅
     閘 α（`b_i − b_{i−1}` vs 落檔 `S(m)`·±0.01）5/5｜最大 |Δ| ＝ 0.003677  ✅
     閘 β（`area` vs 落檔 `G(㎡)`·±0.02）7/7  ✅
     閘 γ（共用邊恰 2 頂點）6/6  ✅
     閘 α（`b_i − b_{i−1}` vs 落檔 `S(m)`·±0.01）5/5｜最大 |Δ| ＝ 0.003677  ✅
     閘 β（`area` vs 落檔 `G(㎡)`·±0.02）7/7  ✅
   ── `V-1′` 五款（判準一字不動·`1e-6`）──
   `(1a)` 落檔 `宗地寬度(m)` 欄逐宗不變 ⇒ ✅
        628-41(1)      A 4.07      ｜B 4.07        ✅
        628-27(1)      A 0.66      ｜B 0.66        ✅
        628-40(1)+     A 6.66      ｜B 6.66        ✅
        628-30(2)      A 2.0       ｜B 2.0         ✅
        628-39(1)      A 5.28      ｜B 5.28        ✅
        628-31(2)      A 8.75      ｜B 8.75        ✅
        628-41(1)      A  4.082341020｜B  4.082341020｜Δ +0.000000001  ✅
        628-27(1)      A  0.660192277｜B  0.660192277｜Δ -0.000000000  ✅
        628-40(1)+     A  6.681889114｜B  6.681889114｜Δ +0.000000000  ✅
        628-30(2)      A  2.009140864｜B  2.009140864｜Δ -0.000000001  ✅
        628-39(1)      A  5.286322637｜B  5.286322637｜Δ +0.000000001  ✅
        628-31(2)      末宗（無上界）⇒ **不可得**·具名
   `(1b)` `s` 區間長度逐宗不變 ⇒ ✅｜Δ ∈ [-0.000000001, +0.000000001]
   `(2)` 鏈序不變 ⇒ ✅
        628-41(1)      δ ＝ +0.000000000
        628-27(1)      δ ＝ +0.000000001
        628-40(1)+     δ ＝ +0.000000000
        628-30(2)      δ ＝ +0.000000001
        628-39(1)      δ ＝ +0.000000000
        628-31(2)      δ ＝ +0.000000001
   `(3)` `δ` 逐宗同一常數 ⇒ ✅｜極差 ＝ 0.000000001（判準 ≤ 1e-06）
   `(4)` 態A ΣG  2594.1900 ＋ Σ池  1774.4300 ＝   4368.6200｜街廓面積  4368.6000｜殘差 -0.0200  ✅
   `(4)` 態B ΣG  2594.1900 ＋ Σ池  1774.4300 ＝   4368.6200｜街廓面積  4368.6000｜殘差 -0.0200  ✅
   `(5)` （`ΔG ≠ 0` 之非鏈頭宗 ＝ **0** 宗）
   ⇒ `(5)` 出艙 0 宗｜判定集基數 `n` ＝ 6

====================================================================================================================
【真陰性】受詞逐字 ＝ `3.5m`·`R1`·`right`（⛔ 以容器名代之）
====================================================================================================================
   鏈序 態A ＝ ['628(5)', '628-34(3)', '628-37(1)', '628-35(2)']
   鏈序 態B ＝ ['628(5)', '628-34(3)', '628-37(1)', '628-35(2)']
   鏈頭（第 `0` 宗）＝ 628(5)（`驗_宗序` ＝ 街角第1宗）
   🔑 **判定集基數 `n`（非鏈頭宗數）＝ 3**
   🔑 **二態 `cut_coords` 逐位相同 ＝ 2/4 宗**（全側·含鏈頭）⇒ 該側 🔴 **已動**
        全側 `|ΔG|` 最大 ＝ 0.0000 ㎡
   ── 自我驗證閘 ──
     閘 γ（共用邊恰 2 頂點）3/3  ✅
     閘 α（`b_i − b_{i−1}` vs 落檔 `S(m)`·±0.01）2/2｜最大 |Δ| ＝ 0.004664  ✅
     閘 β（`area` vs 落檔 `G(㎡)`·±0.02）4/4  ✅
     閘 γ（共用邊恰 2 頂點）3/3  ✅
     閘 α（`b_i − b_{i−1}` vs 落檔 `S(m)`·±0.01）2/2｜最大 |Δ| ＝ 0.004664  ✅
     閘 β（`area` vs 落檔 `G(㎡)`·±0.02）4/4  ✅
   ── `V-1′` 五款（判準一字不動·`1e-6`）──
   `(1a)` 落檔 `宗地寬度(m)` 欄逐宗不變 ⇒ ✅
        628-34(3)      A 2.38      ｜B 2.38        ✅
        628-37(1)      A 6.51      ｜B 6.51        ✅
        628-35(2)      A 18.43     ｜B 18.43       ✅
        628-34(3)      A  2.394663562｜B  2.394663562｜Δ +0.000000000  ✅
        628-37(1)      A  6.529580944｜B  6.529580944｜Δ +0.000000000  ✅
        628-35(2)      末宗（無上界）⇒ **不可得**·具名
   `(1b)` `s` 區間長度逐宗不變 ⇒ ✅｜Δ ∈ [+0.000000000, +0.000000000]
   `(2)` 鏈序不變 ⇒ ✅
        628-34(3)      δ ＝ +0.000000000
        628-37(1)      δ ＝ +0.000000000
        628-35(2)      δ ＝ +0.000000000
   `(3)` `δ` 逐宗同一常數 ⇒ ✅｜極差 ＝ 0.000000000（判準 ≤ 1e-06）
   `(4)` 態A ΣG  1718.4400 ＋ Σ池  1175.0900 ＝   2893.5300｜街廓面積  2893.5500｜殘差 +0.0200  ✅
   `(4)` 態B ΣG  1718.4400 ＋ Σ池  1175.0900 ＝   2893.5300｜街廓面積  2893.5500｜殘差 +0.0200  ✅
   `(5)` （`ΔG ≠ 0` 之非鏈頭宗 ＝ **0** 宗）
   ⇒ `(5)` 出艙 0 宗｜判定集基數 `n` ＝ 3

====================================================================================================================
【第三類（`G` 於 2dp 不變而 `cut_coords` 逐位相異之組）】受詞逐字 ＝ `3.5m`·`R2`·`right`（⛔ 以容器名代之）
====================================================================================================================
   鏈序 態A ＝ ['628-35(1)', '628-34(1)', '628-49(1)', '628-50(1)', '628-51(1)', '628-52(1)', '628-32(2)']
   鏈序 態B ＝ ['628-35(1)', '628-34(1)', '628-49(1)', '628-50(1)', '628-51(1)', '628-52(1)', '628-32(2)']
   鏈頭（第 `0` 宗）＝ 628-35(1)（`驗_宗序` ＝ 其後）
   🔑 **判定集基數 `n`（非鏈頭宗數）＝ 6**
   🔑 **二態 `cut_coords` 逐位相同 ＝ 1/7 宗**（全側·含鏈頭）⇒ 該側 🔴 **已動**
        全側 `|ΔG|` 最大 ＝ 0.0000 ㎡
   ── 自我驗證閘 ──
     閘 γ（共用邊恰 2 頂點）6/6  ✅
     閘 α（`b_i − b_{i−1}` vs 落檔 `S(m)`·±0.01）5/5｜最大 |Δ| ＝ 0.004162  ✅
     閘 β（`area` vs 落檔 `G(㎡)`·±0.02）7/7  ✅
     閘 γ（共用邊恰 2 頂點）6/6  ✅
     閘 α（`b_i − b_{i−1}` vs 落檔 `S(m)`·±0.01）5/5｜最大 |Δ| ＝ 0.004162  ✅
     閘 β（`area` vs 落檔 `G(㎡)`·±0.02）7/7  ✅
   ── `V-1′` 五款（判準一字不動·`1e-6`）──
   `(1a)` 落檔 `宗地寬度(m)` 欄逐宗不變 ⇒ ✅
        628-34(1)      A 9.78      ｜B 9.78        ✅
        628-49(1)      A 1.48      ｜B 1.48        ✅
        628-50(1)      A 3.32      ｜B 3.32        ✅
        628-51(1)      A 3.31      ｜B 3.31        ✅
        628-52(1)      A 1.62      ｜B 1.62        ✅
        628-32(2)      A 9.85      ｜B 9.85        ✅
        628-34(1)      A  9.804162356｜B  9.804162356｜Δ +0.000000000  ✅
        628-49(1)      A  1.483090408｜B  1.483090408｜Δ +0.000000000  ✅
        628-50(1)      A  3.333326517｜B  3.333326517｜Δ -0.000000001  ✅
        628-51(1)      A  3.317521135｜B  3.317521135｜Δ +0.000000001  ✅
        628-52(1)      A  1.619398218｜B  1.619398218｜Δ -0.000000000  ✅
        628-32(2)      末宗（無上界）⇒ **不可得**·具名
   `(1b)` `s` 區間長度逐宗不變 ⇒ ✅｜Δ ∈ [-0.000000001, +0.000000001]
   `(2)` 鏈序不變 ⇒ ✅
        628-34(1)      δ ＝ +0.000000000
        628-49(1)      δ ＝ +0.000000000
        628-50(1)      δ ＝ +0.000000000
        628-51(1)      δ ＝ +0.000000001
        628-52(1)      δ ＝ +0.000000000
        628-32(2)      δ ＝ +0.000000000
   `(3)` `δ` 逐宗同一常數 ⇒ ✅｜極差 ＝ 0.000000001（判準 ≤ 1e-06）
   `(4)` 態A ΣG  2594.1900 ＋ Σ池  1774.4300 ＝   4368.6200｜街廓面積  4368.6000｜殘差 -0.0200  ✅
   `(4)` 態B ΣG  2594.1900 ＋ Σ池  1774.4300 ＝   4368.6200｜街廓面積  4368.6000｜殘差 -0.0200  ✅
   `(5)` （`ΔG ≠ 0` 之非鏈頭宗 ＝ **0** 宗）
   ⇒ `(5)` 出艙 0 宗｜判定集基數 `n` ＝ 6

====================================================================================================================
【三組並列之判】
====================================================================================================================
  組（受詞逐字）                                        n    (1a)  (1b)  (2)  (3)   (4)  (5)   
  3.5m·R2·left〔陽性〕                               6    ✅     ✅     ✅    ✅     ✅    0 宗
  3.5m·R1·right〔真陰性〕                             3    ✅     ✅     ✅    ✅     ✅    0 宗
  3.5m·R2·right〔第三類〕                             6    ✅     ✅     ✅    ✅     ✅    0 宗

  判別力（`VR-094` 末端追加 三·逐字）：
    陽性　　須 `(5) > 0` 且 `(1b)`／`(3)` 紅 ⇒ 🔴
    真陰性　須 `(5) = 0` 且 `(1b)`／`(3)` **綠** ⇒ ✅
    第三類　須 `(5) = 0` 而 `(1b)`／`(3)` 紅 ⇒ 🔴
    三者同色？ True ⇒ 🔴 **閘失能·停機**

====================================================================================================================
〔診斷·🛑 ⛔ 判準·⛔ 取代三組〕本批**實際動到**之側之逐款
====================================================================================================================

====================================================================================================================
【診斷·⛔ 判準】受詞逐字 ＝ `3.5m`·`R5`·`left`（⛔ 以容器名代之）
====================================================================================================================
   鏈序 態A ＝ ['628-45(1)+', '628-53(2)', '628-18(2)', '628-7(2)', '628-31(1)', '628-32(1)']
   鏈序 態B ＝ ['628-45(1)+', '628-53(2)', '628-18(2)', '628-7(2)', '628-31(1)', '628-32(1)']
   鏈頭（第 `0` 宗）＝ 628-45(1)+（`驗_宗序` ＝ 街角第1宗）
   🔑 **判定集基數 `n`（非鏈頭宗數）＝ 5**
   🔑 **二態 `cut_coords` 逐位相同 ＝ 1/6 宗**（全側·含鏈頭）⇒ 該側 🔴 **已動**
        全側 `|ΔG|` 最大 ＝ 3.6000 ㎡
   ── 自我驗證閘 ──
     閘 γ（共用邊恰 2 頂點）3/5  🔴
     閘 α（`b_i − b_{i−1}` vs 落檔 `S(m)`·±0.01）2/2｜最大 |Δ| ＝ 0.003766  ✅
     閘 β（`area` vs 落檔 `G(㎡)`·±0.02）6/6  ✅
🔴 自我驗證閘不過 ⇒ ⛔ 據本表下任何結論（⛔ 調框以就結果）

====================================================================================================================
【診斷·⛔ 判準】受詞逐字 ＝ `3.5m`·`R6`·`right`（⛔ 以容器名代之）
====================================================================================================================
   鏈序 態A ＝ ['628-18(1)', '628-53(1)', '628-38(1)', '628-7(1)', '628-20(1)']
   鏈序 態B ＝ ['628-18(1)', '628-53(1)', '628-38(1)', '628-7(1)', '628-20(1)']
   鏈頭（第 `0` 宗）＝ 628-18(1)（`驗_宗序` ＝ 街角第1宗）
   🔑 **判定集基數 `n`（非鏈頭宗數）＝ 4**
   🔑 **二態 `cut_coords` 逐位相同 ＝ 2/5 宗**（全側·含鏈頭）⇒ 該側 🔴 **已動**
        全側 `|ΔG|` 最大 ＝ 0.0000 ㎡
   ── 自我驗證閘 ──
     閘 γ（共用邊恰 2 頂點）3/4  🔴
     閘 α（`b_i − b_{i−1}` vs 落檔 `S(m)`·±0.01）1/1｜最大 |Δ| ＝ 0.000661  ✅
     閘 β（`area` vs 落檔 `G(㎡)`·±0.02）5/5  ✅
🔴 自我驗證閘不過 ⇒ ⛔ 據本表下任何結論（⛔ 調框以就結果）

====================================================================================================================
🛑 **停機上呈**（補令八 `§二`：三組同色 ⇒ 停機）
