====================================================================================================================
【`W-G.9-269` 補令十 `§三-2`】`c2` 之三必答（`G011` 梯次／釋池會計／`3.5m` 不對稱）
====================================================================================================================
🔒 **態宣告二值並報**（`坑 m`·**以工作區之值為實**）
   `commit`                         ＝ 659727b6b244271658a816904375566e80cf9d1c
   `app.py` `rev-parse HEAD:app.py` ＝ c5c28b826aa25f4f12a3bd5bdc1fcd0587ab021f
   `app.py` `hash-object`（**實**）  ＝ c5c28b826aa25f4f12a3bd5bdc1fcd0587ab021f
   二值 **相同** ✅

── 必答 `1`：`G011` 之四梯分級（`wd4_tier_list.compute()` **當次實跑**·⛔ baseline）──────────────
  情境 `0m   ` 群數 **33**／梯次分布 {'0': 11, '1': 9, '—': 8, '2': 3, '3': 2}
    梯3 之群（對照組［必命中之已知成員］·期 `['G025', 'G030']`）＝ ['G025', 'G030'] ✅
    | `G011` | 軌別 `建地軌` | 宗數 `2` | `ΣG_戶 90.19 ㎡` | **梯次 `2`** | 對應v3級 `級1-4 增配(雙出口)` | 阻卻 `否` |
      宗清單 ＝ `628-42(1);628-42(2)`
      路徑標註 ＝ `級1-4 增配(雙出口)`
    | `G025` | 軌別 `建地軌` | 宗數 `2` | `ΣG_戶 0.26 ㎡` | **梯次 `3`** | 對應v3級 `現金補償(兩式)` | 阻卻 `否` |
      宗清單 ＝ `628-53(1);628-53(2)`
      路徑標註 ＝ `現金補償(兩式)`
    | `G030` | 軌別 `建地軌` | 宗數 `2` | `ΣG_戶 55.80 ㎡` | **梯次 `3`** | 對應v3級 `現金補償(兩式)` | 阻卻 `否` |
      宗清單 ＝ `628-27(1);628-27(2)`
      路徑標註 ＝ `現金補償(兩式)`
  情境 `3.5m ` 群數 **33**／梯次分布 {'0': 11, '1': 9, '—': 8, '2': 3, '3': 2}
    梯3 之群（對照組［必命中之已知成員］·期 `['G025', 'G030']`）＝ ['G025', 'G030'] ✅
    | `G011` | 軌別 `建地軌` | 宗數 `2` | `ΣG_戶 94.73 ㎡` | **梯次 `2`** | 對應v3級 `級1-4 增配(雙出口)` | 阻卻 `否` |
      宗清單 ＝ `628-42(1);628-42(2)`
      路徑標註 ＝ `級1-4 增配(雙出口)`
    | `G025` | 軌別 `建地軌` | 宗數 `2` | `ΣG_戶 0.26 ㎡` | **梯次 `3`** | 對應v3級 `現金補償(兩式)` | 阻卻 `否` |
      宗清單 ＝ `628-53(1);628-53(2)`
      路徑標註 ＝ `現金補償(兩式)`
    | `G030` | 軌別 `建地軌` | 宗數 `2` | `ΣG_戶 56.15 ㎡` | **梯次 `3`** | 對應v3級 `現金補償(兩式)` | 阻卻 `否` |
      宗清單 ＝ `628-27(1);628-27(2)`
      路徑標註 ＝ `現金補償(兩式)`
  對照組乙［人造哨兵·**執行期組出**·字面⛔ 出艙］⇒ 命中 `0`／期 `0` ✅
  ⇒ **器非紅** ✅

── 必答 `2`：釋池之會計（旗標 `off` ⋀ `on` 各量一次）──────────────────────────────────────────────
  🔒 `wf_f0.TIER3_LOTS`（執行期自 `wf_f0` 取·⛔ 本器重寫）＝ ['628-53(1)', '628-53(2)', '628-27(1)', '628-27(2)']
  🟡 旗標 `off` 之 `F.0` 拋出：RuntimeError: 🔴 GSA 錨檢破（0m）——**一次列出全部**（F-7-3：禁首個即 raise 致打地鼠）：
  【未被評估】錨鍵 ['G006', 'G007', 'G009', 'G010', 'G014', 'G017'] **未被任何一次比對評估**（其決策現況：G006→[該情境無任何決策列]｜G007→[該情境無任何決策列]｜G009→[該情境無任何決策列]｜G010→[該情境無任何決策列]｜G014→[該情境無任何決策列]｜G017→[該情境無任何決策列]）⇒ **沒人檢查≠相符**。成因請依上列決策自行研判（如：被併宗遭上游消費移出→標的宗回復單獨→改判『全達標·無須併』或該塊宗數<2）；確認係合法連動（如 **K-6 §二 段三**之跨街廓同歸戶集中——K-6 起一律歸七級調配 F.0／F.2；⚠️ 舊指標『M-5 街角救援』已於 K-6 §四作廢並封存至 `verify/archive/`，**勿再據以研判**）則於 P-H 重錨（刪鍵或改值），否則係上游漏配之 bug。已評估鍵＝[]
  🟡 旗標 `on` 之 `F.0` 拋出：RuntimeError: 🔴 GSA 錨檢破（0m）——**一次列出全部**（F-7-3：禁首個即 raise 致打地鼠）：
  【未被評估】錨鍵 ['G006', 'G007', 'G009', 'G010', 'G014', 'G017'] **未被任何一次比對評估**（其決策現況：G006→[該情境無任何決策列]｜G007→[該情境無任何決策列]｜G009→[該情境無任何決策列]｜G010→[該情境無任何決策列]｜G014→[該情境無任何決策列]｜G017→[該情境無任何決策列]）⇒ **沒人檢查≠相符**。成因請依上列決策自行研判（如：被併宗遭上游消費移出→標的宗回復單獨→改判『全達標·無須併』或該塊宗數<2）；確認係合法連動（如 **K-6 §二 段三**之跨街廓同歸戶集中——K-6 起一律歸七級調配 F.0／F.2；⚠️ 舊指標『M-5 街角救援』已於 K-6 §四作廢並封存至 `verify/archive/`，**勿再據以研判**）則於 P-H 重錨（刪鍵或改值），否則係上游漏配之 bug。已評估鍵＝[]

  【情境 `0m`】
    trunk A `g_rows` 列數： `off` **59** ／ `on` **56**
    🔑 **機械依據（單 `§三-2` 款 `2` 所令）**——三宗是否仍在 `c2` 之配地母體（＝ trunk A 之 `g_rows`）：
      `628-42(1)   ` `off` **在** ／ `on` ⛔ 在
      `628-53(2)   ` `off` **在** ／ `on` ⛔ 在
      `628-27(1)   ` `off` **在** ／ `on` ⛔ 在
    逐街廓之池（`池總=幾何剩餘(㎡)`·⛔ 累加式）：
    | 街廓 | `poolA` off | `poolA` on | Δ(on−off) | `池差` off（`F.0` 釋池） | `池差` on | `poolB` off | `poolB` on |
    |---|---|---|---|---|---|---|---|
    | `R1` | 1175.50 | 1175.50 | **+0.00** | （`F.0` 未成） | （`F.0` 未成） | — | — |
    | `R2` | 1796.70 | 1835.10 | **+38.40** | （`F.0` 未成） | （`F.0` 未成） | — | — |
    | `R3` | 1795.13 | 1795.13 | **+0.00** | （`F.0` 未成） | （`F.0` 未成） | — | — |
    | `R4` | 1190.32 | 1190.32 | **+0.00** | （`F.0` 未成） | （`F.0` 未成） | — | — |
    | `R5` | 1760.34 | 1766.97 | **+6.63** | （`F.0` 未成） | （`F.0` 未成） | — | — |
    | `R6` | 1628.71 | 1628.71 | **+0.00** | （`F.0` 未成） | （`F.0` 未成） | — | — |
    | **Σ（帶號）** | — | — | **+45.03** | **⛔ 可得** | **⛔ 可得** | — | — |
    | **Σ|·|（絕對值）** | — | — | **45.03** | **⛔ 可得** | **⛔ 可得** | — | — |

    🔑 **梯3-only 隔離量測**（`poolT3 − poolA`·**只移除 `TIER3_LOTS`**·⛔ 施加合併決策、⛔ 跑錨檢 ⇒ **⛔ `F.0` 之全量**）：
      | 街廓 | 梯3 釋池量 `off` | 梯3 釋池量 `on` | 判 |
      |---|---|---|---|
      | `R1` | +0.00 | +0.00 | 二態皆 ~0 |
      | `R2` | +30.76 | +0.00 | **on 已歸零** |
      | `R3` | +27.23 | +27.23 | — |
      | `R4` | +0.00 | +0.00 | 二態皆 ~0 |
      | `R5` | +6.63 | +0.00 | **on 已歸零** |
      | `R6` | +0.26 | +0.26 | — |
      | **Σ（帶號）** | **+64.88** | **+27.49** | — |
      | **Σ|·|（絕對值）** | **64.88** | **27.49** | — |

  【情境 `3.5m`】
    trunk A `g_rows` 列數： `off` **60** ／ `on` **59**
    🔑 **機械依據（單 `§三-2` 款 `2` 所令）**——三宗是否仍在 `c2` 之配地母體（＝ trunk A 之 `g_rows`）：
      `628-42(1)   ` `off` **在** ／ `on` **在**
      `628-53(2)   ` `off` **在** ／ `on` ⛔ 在
      `628-27(1)   ` `off` **在** ／ `on` **在**
    逐街廓之池（`池總=幾何剩餘(㎡)`·⛔ 累加式）：
    | 街廓 | `poolA` off | `poolA` on | Δ(on−off) | `池差` off（`F.0` 釋池） | `池差` on | `poolB` off | `poolB` on |
    |---|---|---|---|---|---|---|---|
    | `R1` | 1175.10 | 1175.10 | **+0.00** | （`F.0` 未成） | （`F.0` 未成） | — | — |
    | `R2` | 1774.43 | 1774.43 | **+0.00** | （`F.0` 未成） | （`F.0` 未成） | — | — |
    | `R3` | 1795.13 | 1795.13 | **+0.00** | （`F.0` 未成） | （`F.0` 未成） | — | — |
    | `R4` | 1184.53 | 1184.53 | **+0.00** | （`F.0` 未成） | （`F.0` 未成） | — | — |
    | `R5` | 1760.95 | 1766.97 | **+6.02** | （`F.0` 未成） | （`F.0` 未成） | — | — |
    | `R6` | 1628.71 | 1628.71 | **+0.00** | （`F.0` 未成） | （`F.0` 未成） | — | — |
    | **Σ（帶號）** | — | — | **+6.02** | **⛔ 可得** | **⛔ 可得** | — | — |
    | **Σ|·|（絕對值）** | — | — | **6.02** | **⛔ 可得** | **⛔ 可得** | — | — |

    🔑 **梯3-only 隔離量測**（`poolT3 − poolA`·**只移除 `TIER3_LOTS`**·⛔ 施加合併決策、⛔ 跑錨檢 ⇒ **⛔ `F.0` 之全量**）：
      | 街廓 | 梯3 釋池量 `off` | 梯3 釋池量 `on` | 判 |
      |---|---|---|---|
      | `R1` | +0.00 | +0.00 | 二態皆 ~0 |
      | `R2` | +30.71 | +30.71 | — |
      | `R3` | +27.23 | +27.23 | — |
      | `R4` | +0.00 | +0.00 | 二態皆 ~0 |
      | `R5` | +6.02 | +0.00 | **on 已歸零** |
      | `R6` | +0.26 | +0.26 | — |
      | **Σ（帶號）** | **+64.22** | **+58.20** | — |
      | **Σ|·|（絕對值）** | **64.22** | **58.20** | — |

── 必答 `3`：`3.5m` 之不對稱（逐情境具名·⛔ 併為一事）──────────────────────────────────────────
  | 宗地 | 情境 | 閘一 `驗_B藍影`（`off` 態） | `off` 在 `g_rows` | `on` 在 `g_rows` |
  |---|---|---|---|---|
  | `628-42(1)` | `0m` | `不合格` | 在 | **⛔ 在** |
  | `628-42(1)` | `3.5m` | `不適用` | 在 | 在 |
  | `628-53(2)` | `0m` | `不合格` | 在 | **⛔ 在** |
  | `628-53(2)` | `3.5m` | `不合格` | 在 | **⛔ 在** |
  | `628-27(1)` | `0m` | `不適用` | 在 | **⛔ 在** |
  | `628-27(1)` | `3.5m` | `不適用` | 在 | 在 |
  判定集基數 ＝ **6** 格
