================================================================================================================
【`W-G.9-269` `c4` `§三-(b)`】`GB-160` 閘 `γ` 之重量（情境 `3.5m`·**單態·記憶體側**）
================================================================================================================
🔒 判準之來源 ＝ 倉內既有 `probe_WG9266_V1prime_3groups` 之 `side_rows`／`shared_edge`（逐字·⛔ 改一字）
🛑 本器**⛔ 觸任何旗標**（`WG9268P_ANCHOR_GEOM` 已由 `W-G.9-268′` `c3` 移除）

🔒 管線已建：街廓 `11`／宗 `48`／`FRONT_LINE` `6` 街廓（生產解析器 `cad['front_lines']`）
🔒 `g_rows` **59** 列（母體基數）／中止街廓 無·跑完／⛔ 帶 `cut_coords` 之列 **0**

── 受詞（`GB-160` 所載之二側）──
   側              宗數       相鄰對數       閘 γ        判
   R5·left        5        4          3/4        🔴 不過
   R6·right       5        4          3/4        🔴 不過

── 逐對明細 ──
   ▸ R5·left
       628-45(1)+               ─ 628-18(2)                共用頂點 **0** 🔴
       628-18(2)                ─ 628-7(2)                 共用頂點 **2** ✅
       628-7(2)                 ─ 628-31(1)                共用頂點 **2** ✅
       628-31(1)                ─ 628-32(1)                共用頂點 **2** ✅
   ▸ R6·right
       628-18(1)                ─ 628-53(1)                共用頂點 **2** ✅
       628-53(1)                ─ 628-38(1)                共用頂點 **1** 🔴
       628-38(1)                ─ 628-7(1)                 共用頂點 **2** ✅
       628-7(1)                 ─ 628-20(1)                共用頂點 **2** ✅

── 判別力二造 ──
   造甲［未受本批影響·須能全過］ R3·left ⇒ γ 4/4 ⇒ ✅ 能綠
   造乙［注入·必轉紅］ R5·left 之 `628-18(2)` 平移 +1000 m（改 **1** 列）⇒ γ 2/4 ⇒ ✅ 能紅

   ⇒ 量測器判 ＝ ✅ **非紅**（能綠亦能紅）

── 與 `GB-160` 所載之舊值對照 ──
   側              GB-160 舊值      本批重量           判
   R5·left        3/5            3/4            🔴 仍不過
   R6·right       3/4            3/4            🔴 仍不過

🔒 判：🔴 仍有側不過 ⇒ 成因⛔ 在退化幾何，須另診並具名（補令十六 `§三-(b)`）
================================================================================================================
