====================================================================================================================================
【W-G.9-268′ 補令二 c0-5】起算垂線之錨：現行 vs 幾何　（唯讀探針·⛔ 動生產碼）
====================================================================================================================================

── 否證對照（幾何原語·人造·先跑·不如預期即 abort）──
  [必紅] 人造相疊矩形 Σ−∪ ＝ 1.0000000000（須 ＝ 1.0）✅
  [必綠] 人造相離矩形 Σ−∪ ＝ 0.0000000000（須 ＝ 0.0）✅

【情境 0m】落檔 got_G值_退縮0m_partial.csv／15979 B／21 資料列
【情境 3.5m】落檔 got_G值_退縮3.5m_partial.csv／33670 B／47 資料列
  組數（母體基數）＝ 18

====================================================================================================================================
【一】框之標定 ＋ 🛑 **閘甲**（殘差 ≤ 0.010 m·⛔ 無因次）
====================================================================================================================================
  組                         宗數    ALLOC°    FRONT°     點/斜   r_pt(m)   r_sl(m)  r_ord(m)     殘差max        次佳 判
  0m·R1·left                 2   47.4919    0.4553   1/0    1.86e-11  0.00e+00  1.86e-11  1.86e-11  1.86e-11 ✅
  0m·R1·right                3   48.7407  133.4227   1/0    4.66e-11  0.00e+00  4.66e-11  4.66e-11  4.66e-11 ✅
  0m·R1·抵費地                  2  ⚠️ ⛔ 可標定：⛔ 偵得任何共用邊（宗數 2）
  0m·R2·left                 7  133.4463   47.4926   5/5    3.75e-03  4.88e-03  3.72e-03  4.88e-03  8.41e-03 ✅
  0m·R2·right                7  133.4463   47.4926   6/7    4.57e-03  4.18e-03  2.21e-03  4.57e-03  1.14e-02 ✅
  3.5m·R1·left               1  ⚠️ ⛔ 可標定：⛔ 偵得任何共用邊（宗數 1）
  3.5m·R1·right              4   48.0498  133.4227   2/2    2.09e-04  1.93e-03  1.85e-04  1.93e-03  2.55e-03 ✅
  3.5m·R1·抵費地                3   48.0498  133.4463   1/0    0.00e+00  0.00e+00  0.00e+00  0.00e+00  0.00e+00 ✅
  3.5m·R2·left               7  133.4463   47.4926   6/7    5.23e-03  3.76e-03  5.20e-03  5.23e-03  8.44e-03 ✅
  3.5m·R2·right              7  133.4463   47.4926   6/7    4.56e-03  4.14e-03  2.32e-03  4.56e-03  1.14e-02 ✅
  3.5m·R2·抵費地                2   48.0498  133.4463   1/0    0.00e+00  0.00e+00  0.00e+00  0.00e+00  0.00e+00 ✅
  3.5m·R4·left               1  ⚠️ ⛔ 可標定：⛔ 偵得任何共用邊（宗數 1）
  3.5m·R4·抵費地                4   46.0270   88.2951   1/0    0.00e+00  0.00e+00  0.00e+00  0.00e+00  0.00e+00 ✅
  3.5m·R5·left               6  133.4463   48.7407   4/4    4.05e-03  4.87e-03  3.80e-03  4.87e-03  2.52e-02 ✅
  3.5m·R5·right              2  133.4463   48.7407   1/2    1.12e-10  3.10e-03  0.00e+00  3.10e-03  9.52e-02 ✅
  3.5m·R6·left               3  137.7683   43.1590   2/3    1.74e-03  3.48e-03  1.74e-03  3.48e-03  4.43e-02 ✅
  3.5m·R6·right              5  137.7683   43.1590   4/4    3.89e-03  4.12e-03  3.89e-03  4.12e-03  4.00e-02 ✅
  3.5m·R6·抵費地                2   46.0270  137.7683   1/0    0.00e+00  0.00e+00  0.00e+00  0.00e+00  0.00e+00 ✅
  🔒 `A` 由候選方向定（`A·dot(d̂,n̂) ＝ ±1` **構造保證**）⇒ `consist` 恆 ±1、⛔ 為判別者；判別者 ＝ **殘差**（`r_pt` ＝ 共用界線／`r_sl` ＝ 斜率約束·皆以公尺計）。
  🔒 `TOL_FIT ＝ 0.010 m` 之由：`累積S(m)`／`S(m)` 於落檔為 **2dp** ⇒ 捨入上界 `0.005 m`，取其 2 倍。
  🩸 `d誤2`（次佳候選之殘差）係**診斷**：FRONTLINE 與 BASELINE 夾角僅 `~0.56°` ⇒ 二者同量級；`d̂` 之選擇只影響平移之橫向分量（`δ×sin(0.56°)` ≈ `δ×0.0098`），**⛔ 影響帶軸座標之位移量**（其恆為 `δ`）。

====================================================================================================================================
【二】逐 `(情境, 街廓, 側, j)`：錨之現行／幾何／`δ` ＋ 重疊
====================================================================================================================================
  組                  j   暫編地號                s_錨_現行      s_錨_幾何       δ(m) 現況重疊                   新錨後重疊                 
  0m·R1·left         0   628-37(1)           6.4800      6.4800    -0.0000 0 對                    0 對                   
  0m·R1·right        0   628(5)              7.4500      7.4500    -0.0000 0 對                    0 對                   
  0m·R1·right        1   628-34(3)           9.8500     10.2469     0.3969 0 對                    0 對                   
  0m·R1·抵費地          —   （抵費地）                    —           —          — 0 對                    ⛔ 適用（非配地鏈）            
  0m·R2·left         0   628-41(1)           4.0600      7.4479     3.3879 2 對｜0×2 19.8142／0×3 26.1624 0 對                   
  0m·R2·left         1   628-42(1)           4.8100      4.8131     0.0031 2 對｜0×2 19.8142／0×3 26.1624 2 對｜0×2 19.7876／0×3 26.0808
  0m·R2·left         2   628-27(1)           5.4600      5.4604     0.0004 2 對｜0×2 19.8142／0×3 26.1624 2 對｜0×2 19.8142／0×3 26.1529
  0m·R2·left         3   628-40(1)+         12.0000     11.9963    -0.0037 2 對｜0×2 19.8142／0×3 26.1624 3 對｜0×2 19.8142／0×3 26.1624／3×4 0.1671
  0m·R2·left         4   628-30(2)          13.9300     13.9279    -0.0021 2 對｜0×2 19.8142／0×3 26.1624 3 對｜0×2 19.8142／0×3 26.1624／4×5 0.0964
  0m·R2·left         5   628-39(1)          19.0500     19.0525     0.0025 2 對｜0×2 19.8142／0×3 26.1624 2 對｜0×2 19.8142／0×3 26.1624
  0m·R2·right        0   628-35(1)           1.3400      1.3404     0.0004 0 對                    0 對                   
  0m·R2·right        1   628-34(1)          11.1400     11.1446     0.0046 0 對                    0 對                   
  0m·R2·right        2   628-49(1)          12.6300     12.6278    -0.0022 0 對                    1 對｜2×3 0.0975        
  0m·R2·right        3   628-50(1)          15.9600     15.9611     0.0011 0 對                    0 對                   
  0m·R2·right        4   628-51(1)          19.2800     19.2784    -0.0016 0 對                    1 對｜4×5 0.0704        
  0m·R2·right        5   628-52(1)          20.9000     20.8979    -0.0021 0 對                    1 對｜5×6 0.0928        
  3.5m·R1·right      0   628(5)              7.4500      7.4556     0.0056 0 對                    0 對                   
  3.5m·R1·right      1   628-34(3)           9.8500      9.8502     0.0002 0 對                    0 對                   
  3.5m·R1·right      2   628-37(1)          16.3800     16.3798    -0.0002 0 對                    1 對｜2×3 0.0061        
  3.5m·R1·抵費地        —   （抵費地）                    —           —          — 0 對                    ⛔ 適用（非配地鏈）            
  3.5m·R2·left       0   628-42(1)           8.8000      8.8012     0.0012 0 對                    0 對                   
  3.5m·R2·left       1   628-41(1)          12.8800     12.8836     0.0036 0 對                    0 對                   
  3.5m·R2·left       2   628-27(1)          13.5400     13.5438     0.0038 0 對                    0 對                   
  3.5m·R2·left       3   628-40(1)+         20.2300     20.2257    -0.0043 0 對                    1 對｜3×4 0.1946        
  3.5m·R2·left       4   628-30(2)          22.2400     22.2348    -0.0052 0 對                    1 對｜4×5 0.2330        
  3.5m·R2·left       5   628-39(1)          27.5200     27.5211     0.0011 0 對                    0 對                   
  3.5m·R2·right      0   628-35(1)           1.3400      1.3404     0.0004 0 對                    0 對                   
  3.5m·R2·right      1   628-34(1)          11.1400     11.1446     0.0046 0 對                    0 對                   
  3.5m·R2·right      2   628-49(1)          12.6300     12.6277    -0.0023 0 對                    1 對｜2×3 0.1025        
  3.5m·R2·right      3   628-50(1)          15.9600     15.9610     0.0010 0 對                    0 對                   
  3.5m·R2·right      4   628-51(1)          19.2800     19.2785    -0.0015 0 對                    1 對｜4×5 0.0652        
  3.5m·R2·right      5   628-52(1)          20.9000     20.8979    -0.0021 0 對                    1 對｜5×6 0.0918        
  3.5m·R2·抵費地        —   （抵費地）                    —           —          — 0 對                    ⛔ 適用（非配地鏈）            
  3.5m·R4·抵費地        —   （抵費地）                    —           —          — 0 對                    ⛔ 適用（非配地鏈）            
  3.5m·R5·left       0   628-45(1)+          8.0600     11.3822     3.3222 1 對｜0×2 56.8186        0 對                   
  3.5m·R5·left       1   628-53(2)           8.4400      8.4441     0.0041 1 對｜0×2 56.8186        1 對｜0×2 56.6613       
  3.5m·R5·left       2   628-18(2)          13.3000     13.2992    -0.0008 1 對｜0×2 56.8186        2 對｜0×2 56.8186／2×3 0.0340
  3.5m·R5·left       3   628-7(2)           18.9000     18.9003     0.0003 1 對｜0×2 56.8186        1 對｜0×2 56.8186       
  3.5m·R5·left       4   628-31(1)          19.1400     19.1365    -0.0035 1 對｜0×2 56.8186        2 對｜0×2 56.8186／4×5 0.1543
  3.5m·R5·right      0   628(3)              3.1200      3.1200     0.0000 0 對                    0 對                   
  3.5m·R6·left       0   628(2)+             3.2300      3.2317     0.0017 0 對                    0 對                   
  3.5m·R6·left       1   628-4(1)           17.9600     17.9583    -0.0017 0 對                    1 對｜1×2 0.0812        
  3.5m·R6·right      0   628-18(1)           7.2200      7.2202     0.0002 0 對                    0 對                   
  3.5m·R6·right      1   628-53(1)           7.2300      7.2261    -0.0039 0 對                    1 對｜1×2 0.1694        
  3.5m·R6·right      2   628-38(1)           9.9200      9.9222     0.0022 0 對                    0 對                   
  3.5m·R6·right      3   628-7(1)           16.8200     16.8215     0.0015 0 對                    0 對                   
  3.5m·R6·抵費地        —   （抵費地）                    —           —          — 0 對                    ⛔ 適用（非配地鏈）            
  POPULATION=42 PRINTED=42 SUPPRESSED=0  # 逐 (組,j)（⛔ 可標定之組已具名於【一】）

====================================================================================================================================
【三】🛑 **閘乙**：以**現行錨**（`δ=0`）重建之重疊 ＝ `S-6` 覆蓋帳之實測（對數 ⋀ 逐對面積·4dp）
====================================================================================================================================
  🔒 靶之來源 ＝ 補令二 `§四-2` 逐字（其源 ＝ `S-6` 覆蓋帳·**⛔ 本器所生**）
  🩸 **本閘之界（照實）**：`S-6` 與本器讀**同一落檔**；其獨立性在**算法**（`Σarea − area(∪)` vs **逐對** `intersection`），⛔ 在資料來源。
  組                          宗數 本器（逐對·4dp）                       S-6 之靶                           判
  0m·R1·left                  2 []                               []                               ✅
  0m·R1·right                 3 []                               []                               ✅
  0m·R1·抵費地                   2 []                               []                               ✅
  0m·R2·left                  7 [19.8142, 26.1624]               [19.8142, 26.1624]               ✅
  0m·R2·right                 7 []                               []                               ✅
  3.5m·R1·left                1 []                               []                               ✅
  3.5m·R1·right               4 []                               []                               ✅
  3.5m·R1·抵費地                 3 []                               []                               ✅
  3.5m·R2·left                7 []                               []                               ✅
  3.5m·R2·right               7 []                               []                               ✅
  3.5m·R2·抵費地                 2 []                               []                               ✅
  3.5m·R4·left                1 []                               []                               ✅
  3.5m·R4·抵費地                 4 []                               []                               ✅
  3.5m·R5·left                6 [56.8186]                        [56.8186]                        ✅
  3.5m·R5·right               2 []                               []                               ✅
  3.5m·R6·left                3 []                               []                               ✅
  3.5m·R6·right               5 []                               []                               ✅
  3.5m·R6·抵費地                 2 []                               []                               ✅

====================================================================================================================================
【四】🛑 **閘丙**（外錨）：`s_錨_幾何` ＝ 倉內既有落檔之 `S_req`（|Δ| ≤ 0.02 m）
====================================================================================================================================
  來源落檔（⛔ 本器所生·⛔ 本批重跑）＝ 🔴 無
  🔒 補令二 `§三-3` 逐字：**`S_req` 本身未動**（二落檔逐位相同）⇒ ⛔ 在作廢之列
  落檔             組                      j       本器 s_錨_幾何      倉內 S_req      |Δ|(m) 判
  🔴 **判定集為空** ⇒ loud 拒測（⛔ 靜默綠）

====================================================================================================================================
【五】兩造對照（自證⛔ 恆綠亦⛔ 恆紅）
  🔒 **母體之界定**（⛔ 全掃 `j`）：限**該平移能波及重疊對**者——∃ 重疊對 `(a, b)` 使 `a ≤ j < b`。
  🩸 **由**：平移只動 `j+1..n`；若重疊對之二端**同在** `j+1..n`（或同在 `0..j`），其相對位置⛔ 變 ⇒ 陰性必等於現況 ⇒ **偽紅**（本器首版即如此·自捕）。
====================================================================================================================================
  組                      j   陽性（錨回移 2.0m）         現況（δ=0）              陰性（錨移至幾何）            判
  0m·R2·left             0   3 對 Σ132.4437        2 對 Σ45.9766         0 對 Σ0.0000          ✅
  0m·R2·left             1   3 對 Σ133.2635        2 對 Σ45.9766         2 對 Σ45.8684         ✅
  0m·R2·left             2   4 對 Σ155.5847        2 對 Σ45.9766         2 對 Σ45.9671         ✅
  3.5m·R5·left           0   3 對 Σ144.2587        1 對 Σ56.8186         0 對 Σ0.0000          ✅
  3.5m·R5·left           1   3 對 Σ144.2587        1 對 Σ56.8186         1 對 Σ56.6613         ✅
  判定集基數 ＝ 5

====================================================================================================================================
【六】🔴 **新靶**：以幾何終點為錨（**逐 j 累積套用**）後，全部可達組之重疊
====================================================================================================================================
  組                          宗數 現況（對數｜Σ面積）                   新錨累積後（對數｜Σ面積）                判
  0m·R1·left                  2 0 對｜0.0000                   0 對｜0.0000                   ✅
  0m·R1·right                 3 0 對｜0.0000                   0 對｜0.0000                   ✅
  0m·R1·抵費地                   2 0 對｜0.0000                   ⛔ 適用（非配地鏈）                   —（現況本即 0）
  0m·R2·left                  7 2 對｜45.9766                  0 對｜0.0000                   ✅
  0m·R2·right                 7 0 對｜0.0000                   0 對｜0.0000                   ✅
  3.5m·R1·left                1 0 對｜0.0000                   ⛔ 可標定                        —（現況本即 0）
  3.5m·R1·right               4 0 對｜0.0000                   0 對｜0.0000                   ✅
  3.5m·R1·抵費地                 3 0 對｜0.0000                   ⛔ 適用（非配地鏈）                   —（現況本即 0）
  3.5m·R2·left                7 0 對｜0.0000                   0 對｜0.0000                   ✅
  3.5m·R2·right               7 0 對｜0.0000                   0 對｜0.0000                   ✅
  3.5m·R2·抵費地                 2 0 對｜0.0000                   ⛔ 適用（非配地鏈）                   —（現況本即 0）
  3.5m·R4·left                1 0 對｜0.0000                   ⛔ 可標定                        —（現況本即 0）
  3.5m·R4·抵費地                 4 0 對｜0.0000                   ⛔ 適用（非配地鏈）                   —（現況本即 0）
  3.5m·R5·left                6 1 對｜56.8186                  0 對｜0.0000                   ✅
  3.5m·R5·right               2 0 對｜0.0000                   0 對｜0.0000                   ✅
  3.5m·R6·left                3 0 對｜0.0000                   0 對｜0.0000                   ✅
  3.5m·R6·right               5 0 對｜0.0000                   0 對｜0.0000                   ✅
  3.5m·R6·抵費地                 2 0 對｜0.0000                   ⛔ 適用（非配地鏈）                   —（現況本即 0）

====================================================================================================================================
【七】`δ` 之彙總（＝ 原單 `§四` 差異表量級之來源·**帶號合計與絕對值合計並列**）
====================================================================================================================================
  🔒 **母體 ＝ 配地鏈**（`推進側別 ∈ {left, right}`）之 `(組, j)`；**抵費地組⛔ 在母體內**（其 `累積S` 恆 `0`·⛔ 具推進語意·已於【二】逐組具名）。
  母體基數 ＝ 42 個 `(組, j)`
  **Σδ（帶號）＝ +7.1133 m** ／ **Σ|δ| ＝ 7.1878 m**
  min ＝ -0.0052 ／ max ＝ +3.3879 ／ 中位 ＝ +0.0004
  δ > 0 ＝ 25 ／ |δ| ≤ 1e-9 ＝ 2 ／ δ < 0 ＝ 15
     left   n ＝ 20  Σδ ＝    +6.7104 ／ Σ|δ| ＝     6.7533 ／ |δ| 最大 ＝ +3.3879
     right  n ＝ 22  Σδ ＝    +0.4029 ／ Σ|δ| ＝     0.4346 ／ |δ| 最大 ＝ +0.3969

  ── `|δ| > 0.01 m` 之逐列（3 列／42·**⛔ 只出合計**）──
     0m·R2·left             j=0  δ ＝    +3.3879 m
     3.5m·R5·left           j=0  δ ＝    +3.3222 m
     0m·R1·right            j=1  δ ＝    +0.3969 m
  🔒 **其餘 39 列之 `|δ| ≤ 0.01 m`** ＝ `累積S(m)` 之 2dp 捨入量級（`0.005 m`）⇒ 🔴 **錨之偏差實質上集中於 `j = 0`（街角第 1 宗）**。

  ── 現況有重疊之組，其 `δ`（逐格）──
     0m·R2·left             j=0  δ ＝ +3.3879 m
     0m·R2·left             j=1  δ ＝ +0.0031 m
     0m·R2·left             j=2  δ ＝ +0.0004 m
     0m·R2·left             j=3  δ ＝ -0.0037 m
     0m·R2·left             j=4  δ ＝ -0.0021 m
     0m·R2·left             j=5  δ ＝ +0.0025 m
     3.5m·R5·left           j=0  δ ＝ +3.3222 m
     3.5m·R5·left           j=1  δ ＝ +0.0041 m
     3.5m·R5·left           j=2  δ ＝ -0.0008 m
     3.5m·R5·left           j=3  δ ＝ +0.0003 m
     3.5m·R5·left           j=4  δ ＝ -0.0035 m

====================================================================================================================================
🔴 **閘紅 ＝ 1 項** ⇒ 本次輸出⛔ 出艙（`rc ≠ 0`）：
   · 閘丙之判定集為空 ⇒ loud 拒測（⛔ 靜默綠）
====================================================================================================================================
