
====================================================================================================================================
【`SB` ＝ 0.0 m·態甲（`WV_K6_STEP0` 未設）】`_build_corner_range_v3` **24** 次（`run_step_g` 段 **8**）／`_corner_buffer_S` **1** 次（段內 **1**）／`k956_W_from_mp` **0** 次
　`run_step_g` 之終局 ＝ （未拋）
　`corner_range_polys` 之鍵 ＝ **8** 個：['R1/left', 'R1/right', 'R2/left', 'R3/right', 'R4/left', 'R4/right', 'R5/left', 'R6/right']
====================================================================================================================================
🔒 `forced` 格 ＝ **1**（R4/left）

────────────────────────────────────────────────────────────────────────────────────────────────────────────────────────────────────
### `R4`／`left`＠`SB = 0.0`
  **自我驗證閘 `(i)`**　`|S1_par·sinθ − S1_perp|` ＝ `0.0`（期 ≤ `1e-9`）⇒ ✅
  **款 `1`**　`range_area`（實參） vs `area(corner_range_polys[('R4', 'left')])`
      `range_area`（`_corner_buffer_S` 之實參·當場錄得）＝ `116.08`
      `area(corner_range_polys)`（當場重得）　　　　　　＝ `116.07949125015402`
      🔑 **逐位差（含正負號·實參 − 實算）＝ `0.0005087498459772632`**
  **自我驗證閘 `(ii)`**　以**當場之** `allocation_dir`／`buf` 重建之帶：面積 ＝ `116.08000000450889`／`|Δ − range_area|` ＝ `4.508891038312868e-09`（`tol` ＝ `0.01`）⇒ ✅
  【設計驗算·⛔ 非實測】 **路丙之輸入**　`_first_corner_alloc_dir(side_mid)` ＝ `(-0.7517327519688664, 0.6594678685253096)`
      【設計驗算·⛔ 非實測】 路丙 `buf′` ＝ `3.7114402919876444`（現行 `buf` ＝ `4.49975224003872`·差 ＝ `-0.7883119480510761`）
      【設計驗算·⛔ 非實測】 路丙帶面積 ＝ `116.07999999647107`／`s` 域 ＝ `(0.0, 98.54764660534154)`
  **款 `2`**　對稱差（🛑 **甲 ＝ 範圍多邊形**／**乙 ＝ 路丙之帶**·本單 `§三-2` 明定·⛔ 互易）
      | 乙 | `甲∖乙` | `乙∖甲` | **對稱差** |
      |---|---|---|---|
      | 【設計驗算·⛔ 非實測】 路丙之帶 | `0.0` | `0.000502592537319901` | **`0.000502592537319901`** |
      | 現行之帶（判別力[必非零]） | `6.527687807211929` | `6.5281919472685885` | **`13.055879754480518`** |
      | 範圍多邊形自身（判別力[必為零]） | `0.0` | `0.0` | **`0.0`** |
  **款 `3`**　款 `1` 之正負號 與 款 `2` 之 `甲∖乙`／`乙∖甲` 孰大之**一致性**
      款 `1` 之號 ＝ ＋（實參 > 實算）；款 `2` 實測 ＝ `乙∖甲` 大（`甲∖乙` `0.0` vs `乙∖甲` `0.000502592537319901`）
      以「帶之面積 ＝ `range_area`」推之，**期** ＝ `乙∖甲` 大 ⇒ **✅ 一致**
  **款 `4`**　比值 ＝ 款 `2`（對稱差） ÷ `|`款 `1``|` ＝ `0.987897178336173`／與 `1` 之差 ＝ `-0.012102821663827035`
      母體之界：`drive()` 期間之生產錄 ＝ **0** 筆／本器自身已追加 ＝ **2** 筆（**後者⛔ 入母體**）
  **自我驗證閘 `(iii)`**　🟡 **不可驗（loud）**——`k956_W_from_mp` 於本格**無生產之錄**（本 `SB` 之生產錄數 ＝ 0）⇒ 該格之 `W_0` 係本器之重建、**⛔ 經對拍**（🛑「無從回測」⛔ 等同「回測不過」）
  **款 `5`**　`W_0′`／`S1_perp`／跨距
      現行 `W_0` ＝ `3.7076106246376597`
      【設計驗算·⛔ 非實測】 路丙 `W_0′` ＝ `3.6955152872177086`／`S1_perp` ＝ `3.6954999940774775`／**`|W_0′ − S1_perp|` ＝ `1.5293140231076308e-05`**
      跨距（**二式並報·取較嚴 ＝ 較大者**）：`L_su`（頂點於切向 `su` 之投影跨度）＝ `33.26627503242344`／`L_edge`（遠側境界線實邊之長）＝ `33.26627503226274` ⇒ **跨距 ＝ `33.26627503242344`**
  **款 `6`**　導出界之判（界由發單側依 `range_area = round(·, 2)` 導出·🛑 ⛔ 調、⛔ 放寬）
      | 界 | 算式 | 界值 | 實測 | 比值（實測÷界） | 判 |
      |---|---|---|---|---|---|
      | `B′` | 對稱差 ≤ `0.005`（`2dp` 捨入之半個 ulp） | `0.005` | `0.000502592537319901` | `0.1005185074639802` | ✅ |
      | `A′` | `\|W_0′ − S1_perp\| ≤ 0.005 ÷ 跨距` ＝ `0.005 ÷ 33.26627503242344` | `0.00015030237064795143` | `1.5293140231076308e-05` | `0.10174916180728083` | ✅ |

====================================================================================================================================
【`SB` ＝ 3.5 m·態甲（`WV_K6_STEP0` 未設）】`_build_corner_range_v3` **24** 次（`run_step_g` 段 **8**）／`_corner_buffer_S` **2** 次（段內 **2**）／`k956_W_from_mp` **1** 次
　`run_step_g` 之終局 ＝ （未拋）
　`corner_range_polys` 之鍵 ＝ **8** 個：['R1/left', 'R1/right', 'R2/left', 'R3/right', 'R4/left', 'R4/right', 'R5/left', 'R6/right']
====================================================================================================================================
🔒 `forced` 格 ＝ **2**（R2/left、R4/left）

────────────────────────────────────────────────────────────────────────────────────────────────────────────────────────────────────
### `R2`／`left`＠`SB = 3.5`
  **自我驗證閘 `(i)`**　`|S1_par·sinθ − S1_perp|` ＝ `0.0`（期 ≤ `1e-9`）⇒ ✅
  **款 `1`**　`range_area`（實參） vs `area(corner_range_polys[('R2', 'left')])`
      `range_area`（`_corner_buffer_S` 之實參·當場錄得）＝ `308.17`
      `area(corner_range_polys)`（當場重得）　　　　　　＝ `308.1653997358061`
      🔑 **逐位差（含正負號·實參 − 實算）＝ `0.004600264193925341`**
  **自我驗證閘 `(ii)`**　以**當場之** `allocation_dir`／`buf` 重建之帶：面積 ＝ `308.1699999967815`／`|Δ − range_area|` ＝ `3.2185312193178106e-09`（`tol` ＝ `0.01`）⇒ ✅
  【設計驗算·⛔ 非實測】 **路丙之輸入**　`_first_corner_alloc_dir(side_mid)` ＝ `(-0.6721303204856223, -0.7404328681817782)`
      【設計驗算·⛔ 非實測】 路丙 `buf′` ＝ `7.000183533577529`（現行 `buf` ＝ `8.696079893776137`·差 ＝ `-1.6958963601986081`）
      【設計驗算·⛔ 非實測】 路丙帶面積 ＝ `308.1700000040576`／`s` 域 ＝ `(0.0, 100.02740448389511)`
  **款 `2`**　對稱差（🛑 **甲 ＝ 範圍多邊形**／**乙 ＝ 路丙之帶**·本單 `§三-2` 明定·⛔ 互易）
      | 乙 | `甲∖乙` | `乙∖甲` | **對稱差** |
      |---|---|---|---|
      | 【設計驗算·⛔ 非實測】 路丙之帶 | `4.777744422150305e-10` | `0.004600270698404074` | **`0.004600271176178517`** |
      | 現行之帶（判別力[必非零]） | `19.031794145970423` | `19.036394407279545` | **`38.06818855324997`** |
      | 範圍多邊形自身（判別力[必為零]） | `0.0` | `0.0` | **`0.0`** |
  **款 `3`**　款 `1` 之正負號 與 款 `2` 之 `甲∖乙`／`乙∖甲` 孰大之**一致性**
      款 `1` 之號 ＝ ＋（實參 > 實算）；款 `2` 實測 ＝ `乙∖甲` 大（`甲∖乙` `4.777744422150305e-10` vs `乙∖甲` `0.004600270698404074`）
      以「帶之面積 ＝ `range_area`」推之，**期** ＝ `乙∖甲` 大 ⇒ **✅ 一致**
  **款 `4`**　比值 ＝ 款 `2`（對稱差） ÷ `|`款 `1``|` ＝ `1.000001517793953`／與 `1` 之差 ＝ `1.5177939529653628e-06`
      母體之界：`drive()` 期間之生產錄 ＝ **1** 筆／本器自身已追加 ＝ **2** 筆（**後者⛔ 入母體**）
  **自我驗證閘 `(iii)`**　`W_0` 之重建 vs **生產錄**之實際回傳：錄 1 筆·最小差 ＝ `0.0` ⇒ ✅ 逐位相同
  **款 `5`**　`W_0′`／`S1_perp`／跨距
      現行 `W_0` ＝ `6.98048044737404`
      【設計驗算·⛔ 非實測】 路丙 `W_0′` ＝ `7.000102486246391`／`S1_perp` ＝ `7.0`／**`|W_0′ − S1_perp|` ＝ `0.00010248624639075388`**
      跨距（**二式並報·取較嚴 ＝ 較大者**）：`L_su`（頂點於切向 `su` 之投影跨度）＝ `44.93777987966314`／`L_edge`（遠側境界線實邊之長）＝ `44.88675333792245` ⇒ **跨距 ＝ `44.93777987966314`**
  **款 `6`**　導出界之判（界由發單側依 `range_area = round(·, 2)` 導出·🛑 ⛔ 調、⛔ 放寬）
      | 界 | 算式 | 界值 | 實測 | 比值（實測÷界） | 判 |
      |---|---|---|---|---|---|
      | `B′` | 對稱差 ≤ `0.005`（`2dp` 捨入之半個 ulp） | `0.005` | `0.004600271176178517` | `0.9200542352357033` | ✅ |
      | `A′` | `\|W_0′ − S1_perp\| ≤ 0.005 ÷ 跨距` ＝ `0.005 ÷ 44.93777987966314` | `0.00011126495375137079` | `0.00010248624639075388` | `0.9211008762001237` | ✅ |

────────────────────────────────────────────────────────────────────────────────────────────────────────────────────────────────────
### `R4`／`left`＠`SB = 3.5`
  **自我驗證閘 `(i)`**　`|S1_par·sinθ − S1_perp|` ＝ `0.0`（期 ≤ `1e-9`）⇒ ✅
  **款 `1`**　`range_area`（實參） vs `area(corner_range_polys[('R4', 'left')])`
      `range_area`（`_corner_buffer_S` 之實參·當場錄得）＝ `226.01`
      `area(corner_range_polys)`（當場重得）　　　　　　＝ `226.00643589362406`
      🔑 **逐位差（含正負號·實參 − 實算）＝ `0.0035641063759328517`**
  **自我驗證閘 `(ii)`**　以**當場之** `allocation_dir`／`buf` 重建之帶：面積 ＝ `226.0099999990639`／`|Δ − range_area|` ＝ `9.360974217997864e-10`（`tol` ＝ `0.01`）⇒ ✅
  【設計驗算·⛔ 非實測】 **路丙之輸入**　`_first_corner_alloc_dir(side_mid)` ＝ `(-0.7517327519688664, 0.6594678685253096)`
      【設計驗算·⛔ 非實測】 路丙 `buf′` ＝ `7.030272552440337`（現行 `buf` ＝ `7.8185635189090075`·差 ＝ `-0.7882909664686704`）
      【設計驗算·⛔ 非實測】 路丙帶面積 ＝ `226.0100000010422`／`s` 域 ＝ `(0.0, 98.54764660534154)`
  **款 `2`**　對稱差（🛑 **甲 ＝ 範圍多邊形**／**乙 ＝ 路丙之帶**·本單 `§三-2` 明定·⛔ 互易）
      | 乙 | `甲∖乙` | `乙∖甲` | **對稱差** |
      |---|---|---|---|
      | 【設計驗算·⛔ 非實測】 路丙之帶 | `7.014238515912815e-11` | `0.003564108231212022` | **`0.003564108301354407`** |
      | 現行之帶（判別力[必非零]） | `6.525812827986511` | `6.529376933853159` | **`13.05518976183967`** |
      | 範圍多邊形自身（判別力[必為零]） | `0.0` | `0.0` | **`0.0`** |
  **款 `3`**　款 `1` 之正負號 與 款 `2` 之 `甲∖乙`／`乙∖甲` 孰大之**一致性**
      款 `1` 之號 ＝ ＋（實參 > 實算）；款 `2` 實測 ＝ `乙∖甲` 大（`甲∖乙` `7.014238515912815e-11` vs `乙∖甲` `0.003564108231212022`）
      以「帶之面積 ＝ `range_area`」推之，**期** ＝ `乙∖甲` 大 ⇒ **✅ 一致**
  **款 `4`**　比值 ＝ 款 `2`（對稱差） ÷ `|`款 `1``|` ＝ `1.000000540225614`／與 `1` 之差 ＝ `5.40225614020784e-07`
      母體之界：`drive()` 期間之生產錄 ＝ **1** 筆／本器自身已追加 ＝ **4** 筆（**後者⛔ 入母體**）
  **自我驗證閘 `(iii)`**　🟡 **不可驗（loud）**——`k956_W_from_mp` 於本格**無生產之錄**（本 `SB` 之生產錄數 ＝ 1）⇒ 該格之 `W_0` 係本器之重建、**⛔ 經對拍**（🛑「無從回測」⛔ 等同「回測不過」）
  **款 `5`**　`W_0′`／`S1_perp`／跨距
      現行 `W_0` ＝ `7.023016189779138`
      【設計驗算·⛔ 非實測】 路丙 `W_0′` ＝ `7.000107141448771`／`S1_perp` ＝ `7.0`／**`|W_0′ − S1_perp|` ＝ `0.00010714144877077558`**
      跨距（**二式並報·取較嚴 ＝ 較大者**）：`L_su`（頂點於切向 `su` 之投影跨度）＝ `33.572497547604144`／`L_edge`（遠側境界線實邊之長）＝ `33.265390173978915` ⇒ **跨距 ＝ `33.572497547604144`**
  **款 `6`**　導出界之判（界由發單側依 `range_area = round(·, 2)` 導出·🛑 ⛔ 調、⛔ 放寬）
      | 界 | 算式 | 界值 | 實測 | 比值（實測÷界） | 判 |
      |---|---|---|---|---|---|
      | `B′` | 對稱差 ≤ `0.005`（`2dp` 捨入之半個 ulp） | `0.005` | `0.003564108301354407` | `0.7128216602708813` | ✅ |
      | `A′` | `\|W_0′ − S1_perp\| ≤ 0.005 ÷ 跨距` ＝ `0.005 ÷ 33.572497547604144` | `0.00014893142796154046` | `0.00010714144877077558` | `0.7194012052207236` | ✅ |

====================================================================================================================================
## 款 `7`　判別力三造之判（母體 ＝ 上開全部 `forced` 格）
====================================================================================================================================
   | 造 | 判準 | 實測 | 判 |
   |---|---|---|---|
   | （母體） | `forced` 格數 `≥ 1` | **3** | ✅ |
   | [必非零] | **現行** `buf` 之對稱差 `> 0` | 13.055879754480518／38.06818855324997／13.05518976183967 | ✅ |
   | [必相異] | 路丙之對稱差 **異於**現行者（證款 `2` 非恆值） | 0.000502592537319901 vs 13.055879754480518／0.004600271176178517 vs 38.06818855324997／0.003564108301354407 vs 13.05518976183967 | ✅ |
   | [必為零] | 範圍多邊形與其自身之對稱差 ＝ `0`（先自證可滿足） | 0.0／0.0／0.0 | ✅ |

====================================================================================================================================
## 總表（【設計驗算·⛔ 非實測】·⛔ 與實測之數同表混列）
====================================================================================================================================
   | `SB` | 格 | 款 `1` 逐位差 | 款 `2` 對稱差 | 款 `3` 一致 | 款 `4` 比值 | `\|W_0′−S1_perp\|` | 跨距 | `A′` 界 | `A′` | `B′` | 閘 `(iii)` |
   |---|---|---|---|---|---|---|---|---|---|---|---|
   | `0.0` | `R4/left` | `0.0005087498459772632` | `0.000502592537319901` | ✅ | `0.987897178336173` | `1.5293140231076308e-05` | `33.26627503242344` | `0.00015030237064795143` | ✅ | ✅ | 🟡 不可驗（無生產錄） |
   | `3.5` | `R2/left` | `0.004600264193925341` | `0.004600271176178517` | ✅ | `1.000001517793953` | `0.00010248624639075388` | `44.93777987966314` | `0.00011126495375137079` | ✅ | ✅ | ✅ 逐位相同 |
   | `3.5` | `R4/left` | `0.0035641063759328517` | `0.003564108301354407` | ✅ | `1.000000540225614` | `0.00010714144877077558` | `33.572497547604144` | `0.00014893142796154046` | ✅ | ✅ | 🟡 不可驗（無生產錄） |

🛑 **出艙即止**：本器⛔ 判成因是否閉合、⛔ 判路丙成立與否、⛔ 擬實作、⛔ 改碼一字、
   ⛔ 開分支、⛔ 動用 KL 之放行、⛔ 鑄任何號、⛔ 解除或收窄 `GB-170`、⛔ 提修法主張、⛔ 呈 KL。
🔒 `rc` ＝ `0`（`5` ＝ **量測器紅**／`6` ＝ **受詞紅（逾界）**·二者⛔ 同義）
====================================================================================================================================
