====================================================================================================================
【補令五 `§五` 前置 `4.`】`殘-1` 之土地量問答（`3.5m·R4·left` `628(1)+`·`+1.58`）
====================================================================================================================

  off 落檔 got_G值_退縮3.5m_partial.csv           47 列 ／ on 落檔 got_G值_退縮3.5m.csv           60 列

── 一、該宗（`628(1)+`）之逐欄 off vs on ──
  欄                           off             on              Δ 判
  累積S(m)                  68.9200        70.5000        +1.5800 🟡 非土地量
  S(m)                    61.1000        61.1000        +0.0000 🟢 不變
  幾何面積(㎡)               2023.3400      2023.3400        +0.0000 🟢 不變
  G(㎡)                  2023.3300      2023.3300        +0.0000 🟢 不變
  a 面積(㎡)               3186.3600      3186.3600        +0.0000 🟢 不變
  宗地寬度(m)                 61.0400        61.0400        +0.0000 🟢 不變
  負擔比率                     0.3650         0.3650        +0.0000 🟢 不變
  街廓面積(㎡)               3207.8700      3207.8700        +0.0000 🟢 不變

── 二、該街廓（`R4`）之守恆帳（抵費地 ＝ 街廓面積 − ΣG）──
  態              宗數          ΣG(㎡)        街廓面積(㎡)         抵費地(㎡) 備註
  off             5      2023.3300      3207.8700      1184.5400
  on              5      2023.3300      3207.8700      1184.5400
  Δ：宗數 +0 ／ **ΣG +0.0000** ／ 街廓面積 +0.0000 ／ **抵費地 +0.0000**
  🔒 守恆自證：`ΔΣG + Δ抵費地 ＝ +0.0000`（須 ＝ `Δ街廓面積 ＝ +0.0000`）✅

── 三、逐宗（`R4`）之 `G` 與幾何面積 off vs on ──
  暫編地號             側               G off         G on       幾何 off        幾何 on
  628(1)+          left          2023.33      2023.33      2023.34      2023.34
  R4-抵費地-1         抵費地               0.0          0.0       906.32       906.32
  R4-抵費地-2         抵費地               0.0          0.0       226.01       226.01
  R4-抵費地-3         抵費地               0.0          0.0        26.11        26.11
  R4-抵費地-4         抵費地               0.0          0.0        26.08        26.08

====================================================================================================================
🔒 **答**：見上三表。`土地量有變` 之欄 ＝ （無）
====================================================================================================================
