============================================================================================================
【態】78dc3f955d9d463745535955ce3642a96b5c31de
【母體】78dc3f955d9d 之 `docs/` 全檔 = 699 檔（讀不到 19）
【框】宣告框 D1/D2/D3（見本器 docstring 逐字）·數字邊界 (?<![0-9-])…(?![0-9])

  受詞 = W-G.9-270   [受詢·完整號·限批次]
    裸形    D1檔=0   D2列=0   D3列=0   雙屬=0   | 列框(聯集)=0   檔框=0   | 鬆框列=0
    C形    D1檔=0   D2列=0   D3列=0   雙屬=0   | 列框(聯集)=0   檔框=0   | 鬆框列=0

  受詞 = W-G.9-269   [對照甲·已知占用·須 >=1]
    裸形    D1檔=27  D2列=52  D3列=7   雙屬=1   | 列框(聯集)=58  檔框=31  | 鬆框列=373
    C形    D1檔=0   D2列=12  D3列=2   雙屬=0   | 列框(聯集)=14  檔框=11  | 鬆框列=145

  受詞 = (哨兵·字面⛔ 出艙)   [對照乙·人造哨兵·須 =0]
    裸形    D1檔=0   D2列=0   D3列=0   雙屬=0   | 列框(聯集)=0   檔框=0   | 鬆框列=0
    C形    D1檔=0   D2列=0   D3列=0   雙屬=0   | 列框(聯集)=0   檔框=0   | 鬆框列=0

【量測器自證】對照甲(須>=1) 裸形=58 C形=14 ⇒ ✅ ；對照乙(須=0) 裸形=0 C形=0 ⇒ ✅

【受詢之逐筆命中（宣告框·二形聯集）·逐筆歸類】
  （宣告框命中 0 ⇒ 無待歸類之筆）

【D1（檔名之款·二形聯集）】
  （無）
============================================================================================================
【態】HEAD
【母體】HEAD 之 `docs/` 全檔 = 700 檔（讀不到 19）
【框】宣告框 D1/D2/D3（見本器 docstring 逐字）·數字邊界 (?<![0-9-])…(?![0-9])

  受詞 = W-G.9-270   [受詢·完整號·限批次]
    裸形    D1檔=1   D2列=1   D3列=1   雙屬=0   | 列框(聯集)=2   檔框=1   | 鬆框列=4
    C形    D1檔=0   D2列=0   D3列=0   雙屬=0   | 列框(聯集)=0   檔框=0   | 鬆框列=1

  受詞 = W-G.9-269   [對照甲·已知占用·須 >=1]
    裸形    D1檔=27  D2列=53  D3列=7   雙屬=1   | 列框(聯集)=59  檔框=32  | 鬆框列=377
    C形    D1檔=0   D2列=13  D3列=2   雙屬=0   | 列框(聯集)=15  檔框=12  | 鬆框列=148

  受詞 = (哨兵·字面⛔ 出艙)   [對照乙·人造哨兵·須 =0]
    裸形    D1檔=0   D2列=0   D3列=0   雙屬=0   | 列框(聯集)=0   檔框=0   | 鬆框列=0
    C形    D1檔=0   D2列=0   D3列=0   雙屬=0   | 列框(聯集)=0   檔框=0   | 鬆框列=0

【量測器自證】對照甲(須>=1) 裸形=59 C形=15 ⇒ ✅ ；對照乙(須=0) 裸形=0 C形=0 ⇒ ✅

【受詢之逐筆命中（宣告框·二形聯集）·逐筆歸類】
   1. docs/orders/W-G.9-270_施工單_三阻塞項之結清.md:1
      # W-G.9-270　三技術阻塞項之結清（`GB-163`／`GB-160`／`GB-162`）（**零生產碼批**·⛔ 土地後果）
   2. docs/orders/W-G.9-270_施工單_三阻塞項之結清.md:134
      **工項零**：本單原封入倉 ⇒ `docs/orders/W-G.9-270_施工單_三阻塞項之結清.md`，⛔ 動一字；出艙三端 `sha256`、`porcelain`（須 `0`）、四簿 MAX **及其框**。

【D1（檔名之款·二形聯集）】
  - docs/orders/W-G.9-270_施工單_三阻塞項之結清.md
