🔒 **外附之態宣告二值並報**（`坑 r`／`坑 m`）
   🛑 **本器自身只印 `committed` 值** ⇒ 其 docstring 所稱「以證二次量測確為不同態」之自證，於 `git checkout <rev> -- <檔>` 之切態法下**結構上失效** ⇒ **具名而不修**（`坑 t`）。
   工作區 `app.py` `hash-object`（**實際執行者·以此為實**）＝ c5c28b826aa25f4f12a3bd5bdc1fcd0587ab021f
   其 ＝ `git rev-parse eef4a8c9a92e80867c6617a0be4c4268d6ac7a0b:app.py` ＝ c5c28b826aa25f4f12a3bd5bdc1fcd0587ab021f ⇒ **父態**（可自倉復驗）
   `HEAD:app.py`（`committed`·切態法下**恆不變**）＝ 0efb70973e3e2d9463fff103d0d0f5a8604c6bb6
   🔴 二值**相異** ⇒ 工作區與 `HEAD` 不同步（**刻意**·此即本次量測之受詞）
   判別力：本值 **相異** ✅ ⇒ 二次量測確為不同態 c2 態之 `0efb70973e3e2d9463fff103d0d0f5a8604c6bb6`
======================================================================================================================
【`W-G.9-269` 補令四 `§三-2`】**單態**覆蓋帳量測器（`P-1` 之基準）
======================================================================================================================
🔒 所量之態（`P-1` 新形所令）
   `commit`          ＝ 171a953289d32720d8b8b1579d2aee2c3df17af2
   `app.py` blob `sha1` ＝ 0efb70973e3e2d9463fff103d0d0f5a8604c6bb6
   `git status --porcelain` ＝ 🟡 非空（10 列）

🔒 記憶體側管線已建（`harvest()` ＋ `rv.build_pipeline` ＋ `build_build_parcels`）：街廓 `11`／宗 `48`
  情境 0m    ⇒ `g_rows` ** 59** 列／組 **17**／中止街廓 （無·跑完）
  情境 3.5m  ⇒ `g_rows` ** 60** 列／組 **17**／中止街廓 （無·跑完）

── 判別力：人造三造（`§三-2` 款 `(4)`·三造任一不成立 ⇒ loud 拒測）──
  造一 [必紅] 人造相疊矩形 Σ−∪                   得 1.0000000000                                   期 1.0                              ✅
  造二 [必綠] 人造相離矩形 Σ−∪                   得 0.0000000000                                   期 0.0                              ✅
  造三 [必轉紅] 原綠之組注入 1.0㎡ 之方              得 原 0 對 → 1 對·新增面積 1.0000000000                  期 原 0 對·新增 ＝ 交集 1.0000000000 ＝ 1.0 ✅

======================================================================================================================
【覆蓋帳】逐組逐對交集面積（單態·`P-1` 之受詞）
======================================================================================================================
  組                             宗數 逐對（面積 ㎡）
  0m·R1·left                     2 **0 對**  ✅
  0m·R1·right                    3 **0 對**  ✅
  0m·R1·抵費地                      2 **0 對**  ✅
  0m·R2·left                     7 **0 對**  ✅
  0m·R2·right                    7 **0 對**  ✅
  0m·R2·抵費地                      2 **0 對**  ✅
  0m·R3·left                     5 **0 對**  ✅
  0m·R3·right                    5 **0 對**  ✅
  0m·R3·抵費地                      1 **0 對**  ✅
  0m·R4·left                     1 **0 對**  ✅
  0m·R4·抵費地                      4 **0 對**  ✅
  0m·R5·left                     6 **0 對**  ✅
  0m·R5·right                    2 **0 對**  ✅
  0m·R5·抵費地                      2 **0 對**  ✅
  0m·R6·left                     3 **0 對**  ✅
  0m·R6·right                    5 **0 對**  ✅
  0m·R6·抵費地                      2 **0 對**  ✅
  3.5m·R1·left                   1 **0 對**  ✅
  3.5m·R1·right                  4 **0 對**  ✅
  3.5m·R1·抵費地                    3 **0 對**  ✅
  3.5m·R2·left                   7 **0 對**  ✅
  3.5m·R2·right                  7 **0 對**  ✅
  3.5m·R2·抵費地                    2 **0 對**  ✅
  3.5m·R3·left                   5 **0 對**  ✅
  3.5m·R3·right                  5 **0 對**  ✅
  3.5m·R3·抵費地                    1 **0 對**  ✅
  3.5m·R4·left                   1 **0 對**  ✅
  3.5m·R4·抵費地                    4 **0 對**  ✅
  3.5m·R5·left                   6 **0 對**  ✅
  3.5m·R5·right                  2 **0 對**  ✅
  3.5m·R5·抵費地                    2 **0 對**  ✅
  3.5m·R6·left                   3 **0 對**  ✅
  3.5m·R6·right                  5 **0 對**  ✅
  3.5m·R6·抵費地                    2 **0 對**  ✅

  母體基數 ＝ **34** 組／**逐對總數 ＝ 0**

🟢 **全部組之重疊對數 ⋀ 逐對面積皆為 `0`** ⇒ `P-1` 之受詞於本態**成立**
🔒 本判之態 ＝ `171a953289d32720d8b8b1579d2aee2c3df17af2`（`app.py` blob `sha1` `0efb70973e3e2d9463fff103d0d0f5a8604c6bb6`）
