======================================================================================================================
【`c2`】`P-9` 之機械歸類（類 `(ii)` vs 類 `(iii)`）
======================================================================================================================
三軸 (1) 期初 ＝ verify/out/WG9268pR_runall_pre.log ／期末 ＝ verify/out/WG9268pR_c2_runall_post.log
三軸 (2) 母體 ＝ 二 log 之 `✅ PASS` ＋ `🔴 FAIL` 判定行
三軸 (3) 粒度框 ＝ **名目**（全等 ＋ 前綴鍵·二者並報）

🔒 期初：PASS **10** ／FAIL **24** ／合計 **34**
🔒 期末：PASS **24** ／FAIL **40** ／合計 **64**

🔒 期末 FAIL 而期初⛔ FAIL 者 ＝ **22** 項（本節之受詞）

── 類 `(iii)`　**真迴歸**（原可達且原綠而今紅）＝ **0** 項

── 類 `(ii)`　**新可達之世代所新曝**之紅 ＝ **21** 項
   🟡 v3·G值0m
   🟡 v3·滑池槽0m
   🟡 v3·J表0m
   🟡 k* 六塊經驗錨0m {'R1': 2, 'R2': 8, 'R3': 7, 'R4': 1, 'R5': 7, 'R6': 6}
   🟡 v3·G值3.5m
   🟡 v3·滑池槽3.5m
   🟡 v3·J表3.5m
   🟡 k* 六塊經驗錨3.5m {'R1': 1, 'R2': 8, 'R3': 7, 'R4': 1, 'R5': 7, 'R6': 6}
   🟡 W-D.3 碎片幾何/三分類（v3）
   🟡 W-D.3 碎片逐邊CAD（v3）
   🟡 W-D.4 四梯清單0m（v3 半實算）
   🟡 W-D.4 碎片遞補0m
   🟡 W-D.4 跨占分配線0m
   🟡 W-D.4 四梯清單3.5m（v3 半實算）
   🟡 W-D.4 碎片遞補3.5m
   🟡 W-D.4 跨占分配線3.5m
   🟡 W-D.4 MinA_區==114.07(正典rounded)·½顯示==57.04(Decimal非round)
   🟡 W-D.4 31旗標全消費(群組語意·v3 隨價變)
   🟡 F.0-pre 雙軌錨 軌別{'建地軌': 25, '公設軌': 8}·梯次{'—': 8, '0': 13, '1': 7, '2': 3, '3': 2}
   🟡 F.0 釋池對象＝梯3 二群 [('G025', 0.26), ('G030', 55.8)]（Σ=56.06㎡）
   🟡 W-D.4 遞補錨 R6 85.66→628-4(1)（跳過 628(2);628-1(2);628-23(1)）

── ⚠️ **前綴命中 FAIL**（同一檢·名目字面變動）＝ **1** 項
   ⚠️ W-G G.1 接線層 ctx-builder 同源（cb_by/cad+centerlines/gA/winners/β財務/blocks欄名/指紋/率鋪底）
      〔期初**前綴** FAIL（前綴鍵 `W-G G.1 接線層 ctx-builder 同源`）⇒ 同一檢而名目變 ⇒ ⛔ 本差集之受詞〕

🔑 **判別力（兩造·⛔ 恆綠）**
   [必紅] 取一**期初 PASS** 之名目 `-a診斷0m` 假設其今紅 ⇒ 本式判 ＝ **類 (iii)** ✅
   [必綠] 一必不存在之名目 ⇒ 本式判 ＝ **類 (ii)** ✅

======================================================================================================================
✅ 類 `(iii)` 真迴歸 ＝ **空** ⇒ `P-9` 之停機款**未觸發**
⚠️ 惟有 **1** 項前綴命中 FAIL，須於報告內逐項具名（⛔ 靜默）
======================================================================================================================
