================================================================================================================
【`W-G.9-271` `§二-4`】**步驟 D 分母之二態量**（⛔ 動任何碼）
================================================================================================================
🛑 **僅以環境變數驅動既有出口**——⛔ 落地 `K-9-29` 任何子項、⛔ 動 `k6_step0_enabled` 之預設一字。
🔒 受詞之逐字錨 ＝ `all_original_parcels = sorted({tp['原地號'] for tp in temp_parcels`

── 態 甲（`WV_K6_STEP0` **未設** ＝ 預設 `on`·現行生產態）
   `temp_parcels` 筆數 ＝ **113**｜分母（去 ghost sliver 之原地號相異）＝ **51**

── 態 乙（`WV_K6_STEP0=off`）
   `temp_parcels` 筆數 ＝ **126**｜分母 ＝ **53**

── 差集（逐筆原地號·⛔ 只報數）
   乙∖甲（`off` 有而預設無）＝ **2** 筆：['628-28', '628-48']
   甲∖乙（預設有而 `off` 無）＝ **0** 筆：[]

── 第三方對照：`snap["財務接線_v3"]["原地號_區段"]` 之筆數
   筆數 ＝ **53**（型 ＝ dict）
   與態甲之分母差 ＝ +2｜與態乙之分母差 ＝ +0

── 步驟 `0` 之 `_diag` 四欄
   | 欄 | 態甲（預設 `on`） | 態乙（`off`） |
   |---|---|---|
   | `parcels_in` | 126 | （不可得） |
   | `parcels_absorbed` | 13 | （不可得） |
   | `parcels_out` | 113 | （不可得） |
   | `groups_merged` | 9 | （不可得） |
   🛑 態乙之 `_diag` **不可得** ⇒ 具名（⛔ 以 `0` 代之）

── 🛑 準據：二態之大小須**相異**
   態甲 51 vs 態乙 53 ⇒ 🟢 **相異**（如期）
