
====================================================================================================================================
【`SB` ＝ 0.0 m·態甲】`_mp_base_W0` 之**生產呼叫**（通道②·`settrace`）＝ **0** 次
　`k956_W_from_mp` 之**生產錄**（通道①·包裹之前綴）＝ **0** 筆
　`_build_corner_range_v3` **24** 次（段 **8**）／`_corner_buffer_S` **1** 次（段內 **1**）
　`run_step_g` 之終局 ＝ （未拋）
====================================================================================================================================
🔒 `forced` 格 ＝ **1**（R4/left）

────────────────────────────────────────────────────────────────────────────────────────────────────────────────────────────────────
### `R4`／`left`＠`SB = 0.0`
  **款 `5`**　包裹之錄（母體⛔ 含本器自身之輸出）
      通道②（`settrace` `_mp_base_W0`）：本格之生產呼叫 ＝ **0** 次
      通道①（`k956_W_from_mp` 包裹）：生產錄 ＝ **0** 筆／本器自身追加 ＝ **0** 筆（**後者⛔ 入母體**）
  **款 `1`**　**生產態**之 `W_0`（自生產路徑當場重得·⛔ 轉引前批）
      🟡 **不可得（loud）**——本格於生產路徑**⛔ 呼叫** `_mp_base_W0`（其定義處 `verify/stepg_pipeline.py:1023`-`1036` 位於 `else` 分支內，即 `not _degenerate_order and _N > 1` 方進）⇒ **生產態之 `W_0` 於本格不存在**。
  **款 `2`**　以**現行 `buf`** 餵**同一重建式**（`probe_WG9295_joint._w0`·⛔ 另寫第二份）
      呼叫式 ＝ `J._w0(ns, front_p1, buf, d_hat, side_mid, allocation_dir)`
      其實參：`front_p1` ＝ `(310517.10709, 2651941.1775)`／`buf` ＝ `4.49975224003872`／`d_hat` ＝ `(0.6874818007775385, -0.7262016067179091)`
      **`W_0^rec` ＝ `3.7076106246376597`**
  **款 `3`**　款 `1` 與款 `2` 之**逐位差**（期 ＝ `0.0`）
      🟡 **不可得**——款 `1` 於本格不存在 ⇒ **⛔ 判其為 `0`、⛔ 判其為非 `0`**（「無從回測」⛔ 等同「回測不過」）
  **款 `4`**　【設計驗算·⛔ 非實測】 路丙之 `buf′` ＝ `3.7114402919876444`（現行 `buf` ＝ `4.49975224003872`·差 ＝ `-0.7883119480510761`）
      【設計驗算·⛔ 非實測】 `W_0′` ＝ `3.6955152872177086`／`S1_perp` ＝ `3.6954999940774775`／**`|W_0′ − S1_perp|` ＝ `1.5293140231076308e-05`**
      跨距（`L_su` `33.26627503242344`／`L_edge` `33.26627503226274`·取較嚴 ＝ 較大者）＝ `33.26627503242344`；`A′` 界 ＝ `0.005 ÷ 33.26627503242344` ＝ `0.00015030237064795143`；比值 ＝ `0.10174916180728083` ⇒ ✅

====================================================================================================================================
【`SB` ＝ 3.5 m·態甲】`_mp_base_W0` 之**生產呼叫**（通道②·`settrace`）＝ **1** 次
　`k956_W_from_mp` 之**生產錄**（通道①·包裹之前綴）＝ **1** 筆
　`_build_corner_range_v3` **24** 次（段 **8**）／`_corner_buffer_S` **2** 次（段內 **2**）
　`run_step_g` 之終局 ＝ （未拋）
　　通道② 錄 `0`：`blk` ＝ `None`／側 ＝ `'left'`／呼叫者 ＝ `'_run_step_g_impl'`／`_buf` ＝ `8.696079893776137`／**回傳 ＝ `6.98048044737404`**
====================================================================================================================================
🔒 `forced` 格 ＝ **2**（R2/left、R4/left）

────────────────────────────────────────────────────────────────────────────────────────────────────────────────────────────────────
### `R2`／`left`＠`SB = 3.5`
  **款 `5`**　包裹之錄（母體⛔ 含本器自身之輸出）
      通道②（`settrace` `_mp_base_W0`）：本格之生產呼叫 ＝ **0** 次
      通道①（`k956_W_from_mp` 包裹）：生產錄 ＝ **1** 筆／本器自身追加 ＝ **0** 筆（**後者⛔ 入母體**）
  **款 `1`**　**生產態**之 `W_0`（自生產路徑當場重得·⛔ 轉引前批）
      🟡 **不可得（loud）**——本格於生產路徑**⛔ 呼叫** `_mp_base_W0`（其定義處 `verify/stepg_pipeline.py:1023`-`1036` 位於 `else` 分支內，即 `not _degenerate_order and _N > 1` 方進）⇒ **生產態之 `W_0` 於本格不存在**。
  **款 `2`**　以**現行 `buf`** 餵**同一重建式**（`probe_WG9295_joint._w0`·⛔ 另寫第二份）
      呼叫式 ＝ `J._w0(ns, front_p1, buf, d_hat, side_mid, allocation_dir)`
      其實參：`front_p1` ＝ `(310361.51526, 2651912.18005)`／`buf` ＝ `8.696079893776137`／`d_hat` ＝ `(0.6756855318673246, 0.7371899768887057)`
      **`W_0^rec` ＝ `6.98048044737404`**
  **款 `3`**　款 `1` 與款 `2` 之**逐位差**（期 ＝ `0.0`）
      🟡 **不可得**——款 `1` 於本格不存在 ⇒ **⛔ 判其為 `0`、⛔ 判其為非 `0`**（「無從回測」⛔ 等同「回測不過」）
  **款 `4`**　【設計驗算·⛔ 非實測】 路丙之 `buf′` ＝ `7.000183533577529`（現行 `buf` ＝ `8.696079893776137`·差 ＝ `-1.6958963601986081`）
      【設計驗算·⛔ 非實測】 `W_0′` ＝ `7.000102486246391`／`S1_perp` ＝ `7.0`／**`|W_0′ − S1_perp|` ＝ `0.00010248624639075388`**
      跨距（`L_su` `44.93777987966314`／`L_edge` `44.88675333792245`·取較嚴 ＝ 較大者）＝ `44.93777987966314`；`A′` 界 ＝ `0.005 ÷ 44.93777987966314` ＝ `0.00011126495375137079`；比值 ＝ `0.9211008762001237` ⇒ ✅

────────────────────────────────────────────────────────────────────────────────────────────────────────────────────────────────────
### `R4`／`left`＠`SB = 3.5`
  **款 `5`**　包裹之錄（母體⛔ 含本器自身之輸出）
      通道②（`settrace` `_mp_base_W0`）：本格之生產呼叫 ＝ **0** 次
      通道①（`k956_W_from_mp` 包裹）：生產錄 ＝ **1** 筆／本器自身追加 ＝ **2** 筆（**後者⛔ 入母體**）
  **款 `1`**　**生產態**之 `W_0`（自生產路徑當場重得·⛔ 轉引前批）
      🟡 **不可得（loud）**——本格於生產路徑**⛔ 呼叫** `_mp_base_W0`（其定義處 `verify/stepg_pipeline.py:1023`-`1036` 位於 `else` 分支內，即 `not _degenerate_order and _N > 1` 方進）⇒ **生產態之 `W_0` 於本格不存在**。
  **款 `2`**　以**現行 `buf`** 餵**同一重建式**（`probe_WG9295_joint._w0`·⛔ 另寫第二份）
      呼叫式 ＝ `J._w0(ns, front_p1, buf, d_hat, side_mid, allocation_dir)`
      其實參：`front_p1` ＝ `(310517.10709, 2651941.1775)`／`buf` ＝ `7.8185635189090075`／`d_hat` ＝ `(0.6874818007775385, -0.7262016067179091)`
      **`W_0^rec` ＝ `7.023016189779138`**
  **款 `3`**　款 `1` 與款 `2` 之**逐位差**（期 ＝ `0.0`）
      🟡 **不可得**——款 `1` 於本格不存在 ⇒ **⛔ 判其為 `0`、⛔ 判其為非 `0`**（「無從回測」⛔ 等同「回測不過」）
  **款 `4`**　【設計驗算·⛔ 非實測】 路丙之 `buf′` ＝ `7.030272552440337`（現行 `buf` ＝ `7.8185635189090075`·差 ＝ `-0.7882909664686704`）
      【設計驗算·⛔ 非實測】 `W_0′` ＝ `7.000107141448771`／`S1_perp` ＝ `7.0`／**`|W_0′ − S1_perp|` ＝ `0.00010714144877077558`**
      跨距（`L_su` `33.572497547604144`／`L_edge` `33.265390173978915`·取較嚴 ＝ 較大者）＝ `33.572497547604144`；`A′` 界 ＝ `0.005 ÷ 33.572497547604144` ＝ `0.00014893142796154046`；比值 ＝ `0.7194012052207236` ⇒ ✅

====================================================================================================================================
## 款 `6`　判別力三造之判（母體 ＝ 上開全部 `forced` 格）
====================================================================================================================================
   | 造 | 判準 | 實測 | 判 |
   |---|---|---|---|
   | （母體） | `forced` 格數 `≥ 1` | **3** | ✅ |
   | **[必為零]·自證可滿足** | 同一 `buf` 餵二次之差 ＝ `0.0` | 0.0／0.0／0.0 | ✅ |
   | **[必為零]·受詞** | 款 `3` ＝ `0.0`（`None` ＝ 不可得·⛔ 計入判） | 不可得／不可得／不可得 | ✅ |
   | **[必相異]** | 以 `buf′` 餵之所得 **異於**款 `2`（證重建式非恆值） | 3.6955152872177086 vs 3.7076106246376597／7.000102486246391 vs 6.98048044737404／7.000107141448771 vs 7.023016189779138 | ✅ |
   | **[必非零]** | 現行 `buf` 與 `buf′` 之差 `> 0` | -0.7883119480510761／-1.6958963601986081／-0.7882909664686704 | ✅ |

====================================================================================================================================
## 總表
====================================================================================================================================
   | `SB` | 格 | 通道② 生產呼叫 | 款 `1` `W_0^prod` | 款 `2` `W_0^rec` | **款 `3` 逐位差** | 【設計驗算·⛔ 非實測】 `W_0′` | `\|W_0′−S1_perp\|` | `A′` 界 | `A′` |
   |---|---|---|---|---|---|---|---|---|---|
   | `0.0` | `R4/left` | `0` | 🟡 不可得 | `3.7076106246376597` | 🟡 不可得 | `3.6955152872177086` | `1.5293140231076308e-05` | `0.00015030237064795143` | ✅ |
   | `3.5` | `R2/left` | `0` | 🟡 不可得 | `6.98048044737404` | 🟡 不可得 | `7.000102486246391` | `0.00010248624639075388` | `0.00011126495375137079` | ✅ |
   | `3.5` | `R4/left` | `0` | 🟡 不可得 | `7.023016189779138` | 🟡 不可得 | `7.000107141448771` | `0.00010714144877077558` | `0.00014893142796154046` | ✅ |

🛑 **出艙即止**：本器⛔ 判路丙成立與否、⛔ 判餘量之成因、⛔ 擬實作、⛔ 改碼一字、
   ⛔ 開分支、⛔ 動用 KL 之放行、⛔ 鑄任何號、⛔ 解除或收窄 `GB-170`、⛔ 調任何界、⛔ 呈 KL。
🔒 `rc` ＝ `0`（`5` ＝ **量測器紅**／`6` ＝ **受詞紅**·二者⛔ 同義）
====================================================================================================================================
