======================================================================================================================
【`W-G.9-268′` `c3_noresidual`】造 `c`：旗標已無殘留分支 —— **二樹對照**（補令十四 `§二-4`）
======================================================================================================================
🛑 本器**⛔ 裝選擇器活體檢**——其受詞即「二態同值」，而活體檢之拒測條件亦即「二態同值」
   ⇒ 置之於此係**自相矛盾**。⛔ 後人以「補齊活體檢」為由加裝（先讀補令十四 `§二-1`）。

🔒 換檔前 `app.py` sha256 ＝ 9873b168278fbc08bcd18fd9ac87a0c63da5f7632bf648b9e792b170e2c0a881 ／ bytes ＝ 1458029

── 樹 `d49d9db`（父態·旗標分支尚在）──
   `app.py` sha256 ＝ 9873b168278fbc08
   🔑 自我驗證閘（父態·旗標分支尚在）：函式內 `environ` 存取 ＝ 1 處／期 有 ⇒ ✅
   造 `c`：設 `'0'` ⇒ 1.0000000000 ／ 未設 ⇒ 7.2500000000 ／ 二者相同 ＝ False 🔴 紅
      🩸 射程：**「未設」式⛔ 具判別力**（父態預設即 `on`）；判別力**全由「設 `'0'`」式承擔**

── 樹 `10d8202`（`c3`·旗標已移除）──
   `app.py` sha256 ＝ b74fd07c3c86a914
   🔑 自我驗證閘（`c3`·旗標已移除）：函式內 `environ` 存取 ＝ 0 處／期 無 ⇒ ✅
   造 `c`：設 `'0'` ⇒ 7.2500000000 ／ 未設 ⇒ 7.2500000000 ／ 二者相同 ＝ True ✅ 綠
      🩸 射程：**「未設」式⛔ 具判別力**（父態預設即 `on`）；判別力**全由「設 `'0'`」式承擔**

🔒 **還原之證**：換檔前 sha256 ＝ 9873b168278fbc08 ／ 還原後 ＝ 9873b168278fbc08 ／ 逐位相同 ＝ True ✅

── 🔑 二樹對照（補令十四 `§二-4`）──
   父態（旗標分支尚在）⇒ 紅（期 **紅**）
   `c3`（旗標已移除） ⇒ 綠（期 **綠**）
   ⇒ ✅ **二樹異色** ⇒ 本器**確能偵得殘留分支**、非恆綠

======================================================================================================================
✅ **`c3_noresidual` 全綠**：`c3` 態旗標**已無殘留分支**（正面斷言）
   🔒 與 `Q-2`（字樣命中 `0`）**互為兩證**——一為**字樣**、一為**行為**。
======================================================================================================================
