======================================================================================================================
【驗丙】側烤之檔 vs 其**現行 baseline**：逐鍵／逐格分解（⛔ 複製任何檔）
======================================================================================================================
──────────────────────────────────────────────────────────────────────────────────────────────────────────────────────
【退縮0m參數.csv】鍵 ＝ ['街廓']
  (i)   新欄 ＝ （無）
        ├ 屬 `p3a` 之欄 ＝ （無）
        ├ 既有之申報欄   ＝ （無）
        └ 🔴 **其他新欄** ＝ （無）
        消失之欄 ＝ （無）
  (ii)  缺列（baseline 有·側烤無）＝ 0 []
        多列（側烤有·baseline 無）＝ 0 []
  (iii) 共同鍵 6 ／ 共同欄 12 ／ **值異動格數 ＝ 14**
        · R1 欄「街廓分配深度(m)」: baseline='32.97' → 側烤='33.15'
        · R1 欄「【左】街角最小面積(㎡)」: baseline='109.79' → 側烤='114.94'
        · R1 欄「【右】街角最小面積(㎡)」: baseline='110.56' → 側烤='110.68'
        · R2 欄「街廓分配深度(m)」: baseline='43.9' → 側烤='44.47'
        · R2 欄「【左】街角最小面積(㎡)」: baseline='151.44' → 側烤='152.99'
        …（另 9 格·本器只印前 5·⛔ 讀為全部）
──────────────────────────────────────────────────────────────────────────────────────────────────────────────────────
【退縮3.5m參數.csv】鍵 ＝ ['街廓']
  (i)   新欄 ＝ （無）
        ├ 屬 `p3a` 之欄 ＝ （無）
        ├ 既有之申報欄   ＝ （無）
        └ 🔴 **其他新欄** ＝ （無）
        消失之欄 ＝ （無）
  (ii)  缺列（baseline 有·側烤無）＝ 0 []
        多列（側烤有·baseline 無）＝ 0 []
  (iii) 共同鍵 6 ／ 共同欄 12 ／ **值異動格數 ＝ 14**
        · R1 欄「街廓分配深度(m)」: baseline='32.97' → 側烤='33.15'
        · R1 欄「【左】街角最小面積(㎡)」: baseline='226.18' → 側烤='226.01'
        · R1 欄「【右】街角最小面積(㎡)」: baseline='226.88' → 側烤='227.13'
        · R2 欄「街廓分配深度(m)」: baseline='43.9' → 側烤='44.47'
        · R2 欄「【左】街角最小面積(㎡)」: baseline='309.05' → 側烤='308.17'
        …（另 9 格·本器只印前 5·⛔ 讀為全部）
──────────────────────────────────────────────────────────────────────────────────────────────────────────────────────
【第 1 宗街角地指配結果_退縮0m.csv】鍵 ＝ ['街廓']
  (i)   新欄 ＝ （無）
        ├ 屬 `p3a` 之欄 ＝ （無）
        ├ 既有之申報欄   ＝ （無）
        └ 🔴 **其他新欄** ＝ （無）
        消失之欄 ＝ （無）
  (ii)  缺列（baseline 有·側烤無）＝ 0 []
        多列（側烤有·baseline 無）＝ 0 []
  (iii) 共同鍵 6 ／ 共同欄 12 ／ **值異動格數 ＝ 24**
        · R1 欄「【左】最小面積(㎡)」: baseline='109.79' → 側烤='114.94'
        · R1 欄「【右】最小面積(㎡)」: baseline='110.56' → 側烤='110.68'
        · R1 欄「【左】優先權指數」: baseline='0.5741' → 側烤='0.5718'
        · R1 欄「【右】優先權指數」: baseline='1.0' → 側烤='0.9919'
        · R2 欄「候選數」: baseline='15' → 側烤='14'
        …（另 19 格·本器只印前 5·⛔ 讀為全部）
──────────────────────────────────────────────────────────────────────────────────────────────────────────────────────
【第 1 宗街角地指配結果_退縮3.5m.csv】鍵 ＝ ['街廓']
  (i)   新欄 ＝ （無）
        ├ 屬 `p3a` 之欄 ＝ （無）
        ├ 既有之申報欄   ＝ （無）
        └ 🔴 **其他新欄** ＝ （無）
        消失之欄 ＝ （無）
  (ii)  缺列（baseline 有·側烤無）＝ 0 []
        多列（側烤有·baseline 無）＝ 0 []
  (iii) 共同鍵 6 ／ 共同欄 12 ／ **值異動格數 ＝ 24**
        · R1 欄「【左】最小面積(㎡)」: baseline='226.18' → 側烤='226.01'
        · R1 欄「【右】最小面積(㎡)」: baseline='226.88' → 側烤='227.13'
        · R1 欄「【右】優先權指數」: baseline='0.9916' → 側烤='0.9915'
        · R2 欄「候選數」: baseline='15' → 側烤='14'
        · R2 欄「【左】最小面積(㎡)」: baseline='309.05' → 側烤='308.17'
        …（另 19 格·本器只印前 5·⛔ 讀為全部）
──────────────────────────────────────────────────────────────────────────────────────────────────────────────────────
【W-D.1.2 診斷_退縮0m.csv】鍵 ＝ ['街廓', '端', '候選地號']
  (i)   新欄 ＝ ['真G(㎡)', '指數名次']
        ├ 屬 `p3a` 之欄 ＝ ['指數名次']
        ├ 既有之申報欄   ＝ ['真G(㎡)']
        └ 🔴 **其他新欄** ＝ （無）
        消失之欄 ＝ （無）
  (ii)  缺列（baseline 有·側烤無）＝ 5 [('R3', '右', '628-28(1)'), ('R3', '右', '628-45(2)'), ('R4', '右', '628-1(1)'), ('R4', '左', '628(1)'), ('R5', '左', '628-45(1)')]
        多列（側烤有·baseline 無）＝ 3 [('R3', '右', '628-30(3)+'), ('R4', '右', '628(1)+'), ('R5', '左', '628-45(1)+')]
  (iii) 共同鍵 13 ／ 共同欄 22 ／ **值異動格數 ＝ 95**
        · R1·右·628(5) 欄「真交集(㎡)」: baseline='110.56' → 側烤='110.66'
        · R1·右·628(5) 欄「範圍面積(㎡)」: baseline='110.56' → 側烤='110.68'
        · R1·右·628(5) 欄「門檻(㎡)」: baseline='110.56' → 側烤='110.68'
        · R1·右·628(5) 欄「項三比(≤1)」: baseline='1.0' → 側烤='0.9998'
        · R1·右·628(5) 欄「截角邊(range)」: baseline='4.927' → 側烤='5.033'
        …（另 90 格·本器只印前 5·⛔ 讀為全部）
──────────────────────────────────────────────────────────────────────────────────────────────────────────────────────
【W-D.1.2 診斷_退縮3.5m.csv】鍵 ＝ ['街廓', '端', '候選地號']
  (i)   新欄 ＝ ['真G(㎡)', '指數名次']
        ├ 屬 `p3a` 之欄 ＝ ['指數名次']
        ├ 既有之申報欄   ＝ ['真G(㎡)']
        └ 🔴 **其他新欄** ＝ （無）
        消失之欄 ＝ （無）
  (ii)  缺列（baseline 有·側烤無）＝ 7 [('R2', '左', '628-40(1)'), ('R3', '右', '628-28(1)'), ('R3', '右', '628-29(1)'), ('R3', '右', '628-45(2)'), ('R4', '右', '628-1(1)'), ('R4', '左', '628(1)')]
        多列（側烤有·baseline 無）＝ 5 [('R2', '左', '628-40(1)+'), ('R3', '右', '628-29(1)+'), ('R3', '右', '628-30(3)+'), ('R4', '右', '628(1)+'), ('R5', '左', '628-45(1)+')]
  (iii) 共同鍵 14 ／ 共同欄 22 ／ **值異動格數 ＝ 95**
        · R1·右·628(5) 欄「真交集(㎡)」: baseline='226.65' → 側烤='226.88'
        · R1·右·628(5) 欄「範圍面積(㎡)」: baseline='226.88' → 側烤='227.13'
        · R1·右·628(5) 欄「門檻(㎡)」: baseline='226.88' → 側烤='227.13'
        · R1·右·628(5) 欄「項三比(≤1)」: baseline='0.999' → 側烤='0.9989'
        · R1·右·628(5) 欄「總分」: baseline='0.9916' → 側烤='0.9915'
        …（另 90 格·本器只印前 5·⛔ 讀為全部）
──────────────────────────────────────────────────────────────────────────────────────────────────────────────────────
【v3/W-D.1.2 診斷_退縮0m.csv】鍵 ＝ ['街廓', '端', '候選地號']
  (i)   新欄 ＝ ['真G(㎡)', '指數名次']
        ├ 屬 `p3a` 之欄 ＝ ['指數名次']
        ├ 既有之申報欄   ＝ ['真G(㎡)']
        └ 🔴 **其他新欄** ＝ （無）
        消失之欄 ＝ （無）
  (ii)  缺列（baseline 有·側烤無）＝ 5 [('R3', '右', '628-28(1)'), ('R3', '右', '628-45(2)'), ('R4', '右', '628-1(1)'), ('R4', '左', '628(1)'), ('R5', '左', '628-45(1)')]
        多列（側烤有·baseline 無）＝ 3 [('R3', '右', '628-30(3)+'), ('R4', '右', '628(1)+'), ('R5', '左', '628-45(1)+')]
  (iii) 共同鍵 13 ／ 共同欄 22 ／ **值異動格數 ＝ 95**
        · R1·右·628(5) 欄「真交集(㎡)」: baseline='110.56' → 側烤='110.66'
        · R1·右·628(5) 欄「範圍面積(㎡)」: baseline='110.56' → 側烤='110.68'
        · R1·右·628(5) 欄「門檻(㎡)」: baseline='110.56' → 側烤='110.68'
        · R1·右·628(5) 欄「項三比(≤1)」: baseline='1.0' → 側烤='0.9998'
        · R1·右·628(5) 欄「截角邊(range)」: baseline='4.927' → 側烤='5.033'
        …（另 90 格·本器只印前 5·⛔ 讀為全部）
──────────────────────────────────────────────────────────────────────────────────────────────────────────────────────
【v3/W-D.1.2 診斷_退縮3.5m.csv】鍵 ＝ ['街廓', '端', '候選地號']
  (i)   新欄 ＝ ['真G(㎡)', '指數名次']
        ├ 屬 `p3a` 之欄 ＝ ['指數名次']
        ├ 既有之申報欄   ＝ ['真G(㎡)']
        └ 🔴 **其他新欄** ＝ （無）
        消失之欄 ＝ （無）
  (ii)  缺列（baseline 有·側烤無）＝ 7 [('R2', '左', '628-40(1)'), ('R3', '右', '628-28(1)'), ('R3', '右', '628-29(1)'), ('R3', '右', '628-45(2)'), ('R4', '右', '628-1(1)'), ('R4', '左', '628(1)')]
        多列（側烤有·baseline 無）＝ 5 [('R2', '左', '628-40(1)+'), ('R3', '右', '628-29(1)+'), ('R3', '右', '628-30(3)+'), ('R4', '右', '628(1)+'), ('R5', '左', '628-45(1)+')]
  (iii) 共同鍵 14 ／ 共同欄 22 ／ **值異動格數 ＝ 95**
        · R1·右·628(5) 欄「真交集(㎡)」: baseline='226.65' → 側烤='226.88'
        · R1·右·628(5) 欄「範圍面積(㎡)」: baseline='226.88' → 側烤='227.13'
        · R1·右·628(5) 欄「門檻(㎡)」: baseline='226.88' → 側烤='227.13'
        · R1·右·628(5) 欄「項三比(≤1)」: baseline='0.999' → 側烤='0.9989'
        · R1·右·628(5) 欄「總分」: baseline='0.9916' → 側烤='0.9915'
        …（另 90 格·本器只印前 5·⛔ 讀為全部）
──────────────────────────────────────────────────────────────────────────────────────────────────────────────────────
【W-D.1.3-d 驗收_退縮3.5m.csv】鍵 ＝ ['街廓', '端']
  (i)   新欄 ＝ （無）
        ├ 屬 `p3a` 之欄 ＝ （無）
        ├ 既有之申報欄   ＝ （無）
        └ 🔴 **其他新欄** ＝ （無）
        消失之欄 ＝ （無）
  (ii)  缺列（baseline 有·側烤無）＝ 2 [('R3', '右'), ('R5', '左')]
        多列（側烤有·baseline 無）＝ 1 [('R4', '左')]
  (iii) 共同鍵 1 ／ 共同欄 4 ／ **值異動格數 ＝ 1**
        · R2·左 欄「抵費地面積＝range(㎡)」: baseline='309.05' → 側烤='308.17'
──────────────────────────────────────────────────────────────────────────────────────────────────────────────────────
【v3/W-D.4_四梯分級清單_退縮0m.csv】鍵 ＝ ['情境', '歸戶鍵Gxxx']
  (i)   新欄 ＝ （無）
        ├ 屬 `p3a` 之欄 ＝ （無）
        ├ 既有之申報欄   ＝ （無）
        └ 🔴 **其他新欄** ＝ （無）
        消失之欄 ＝ （無）
  (ii)  缺列（baseline 有·側烤無）＝ 0 []
        多列（側烤有·baseline 無）＝ 0 []
  (iii) 共同鍵 33 ／ 共同欄 21 ／ **值異動格數 ＝ 58**
        · 0m·G001 欄「ΣG_戶(㎡)」: baseline='768.37' → 側烤='768.36'
        · 0m·G002 欄「ΣG_戶(㎡)」: baseline='230.58' → 側烤='233.23'
        · 0m·G003 欄「路徑標註」: baseline='公設軌·達標門檻＝區標準 114.07(手冊(三))；½線測試延至 F.4 以 G(a′) 施作' → 側烤='公設軌·達標門檻＝區標準 115.88(手冊(三))；½線測試延至 F.4 以 G(a′) 施作'
        · 0m·G004 欄「增配a′(㎡)」: baseline='42.47' → 側烤='44.28'
        · 0m·G004 欄「差額地價(元)§52-1」: baseline='3238167' → 側烤='3376172'
        …（另 53 格·本器只印前 5·⛔ 讀為全部）
──────────────────────────────────────────────────────────────────────────────────────────────────────────────────────
【v3/W-D.4_四梯分級清單_退縮3.5m.csv】鍵 ＝ ['情境', '歸戶鍵Gxxx']
  (i)   新欄 ＝ （無）
        ├ 屬 `p3a` 之欄 ＝ （無）
        ├ 既有之申報欄   ＝ （無）
        └ 🔴 **其他新欄** ＝ （無）
        消失之欄 ＝ （無）
  (ii)  缺列（baseline 有·側烤無）＝ 0 []
        多列（側烤有·baseline 無）＝ 0 []
  (iii) 共同鍵 33 ／ 共同欄 21 ／ **值異動格數 ＝ 56**
        · 3.5m·G001 欄「ΣG_戶(㎡)」: baseline='768.37' → 側烤='768.36'
        · 3.5m·G003 欄「路徑標註」: baseline='公設軌·達標門檻＝區標準 114.07(手冊(三))；½線測試延至 F.4 以 G(a′) 施作' → 側烤='公設軌·達標門檻＝區標準 115.88(手冊(三))；½線測試延至 F.4 以 G(a′) 施作'
        · 3.5m·G004 欄「增配a′(㎡)」: baseline='42.47' → 側烤='44.28'
        · 3.5m·G004 欄「差額地價(元)§52-1」: baseline='3238167' → 側烤='3376172'
        · 3.5m·G005 欄「ΣG_戶(㎡)」: baseline='520.97' → 側烤='522.32'
        …（另 51 格·本器只印前 5·⛔ 讀為全部）
──────────────────────────────────────────────────────────────────────────────────────────────────────────────────────

🔒 **『其他新欄』之總數 ＝ 0**（須 0；非 0 ⇒ 驗丙有歸因為「其他」者 ⇒ 停機）
🛑 (ii) 之缺列／多列 ⋀ (iii) 之值異動，其歸因（『錨點更正』抑或『其他』）
   **繫於逐格比對**——本器只出其<u>分解</u>，⛔ 代作該判。
