========================================================================================================
取最大號（母體 = 自誤登記表 **單檔**·808375 B / 9551 列·**列框**）
========================================================================================================
  定義框列命中 = 382｜範圍框列命中 = 9
  相異 = 375｜MIN = 7｜**MAX = 385**｜缺號 = [106, 355, 356, 357]
  ⇒ **次號 = 386**

========================================================================================================
查占用（母體 = **全倉追蹤檔**·**列框 ＋ 檔框**）
========================================================================================================
  口徑對照（坑 `bc`）：`-z` 原始位元組 ⇒ 檔 2211｜`.md` = **765**；`quotePath` 預設 ⇒ `.md` = **32**
  可讀之檔 = 2189（讀不到 22）
  哨兵：**執行期組出**·已先驗其於現母體三形命中皆 `0`（**字面⛔ 出艙**）⇒ 已取得

  | 角色 | 鬆框 檔／列 | B 形 檔／列 | C 形 檔／列 |
  |---|---|---|---|
  | **受詢 `386`** | 1／5 | 0／0 | 1／5 |
  | 對照組甲 `385`（已鑄·須 `>0`） | 3／5 | 0／0 | 3／5 |
  | 對照組甲2 `384`（已鑄·須 `>0`） | 2／6 | 0／0 | 2／6 |
  | 對照組乙（人造哨兵·字面⛔ 出艙·須 `0`） | 0／0 | 0／0 | 0／0 |

  判別力：B 形使二對照組皆 `>0`？False｜C 形使二對照組皆 `>0`？True
  哨兵三形命中皆 `0`？True

  **受詢 `386` 之逐筆歸類**（`裁 H`·C 形）：
     · docs/orders/W-G.9-283_施工單_替身線等同之出處判定與forced帶之界.md（5 列）
========================================================================================================
