==========================================================================================================================
【`W-G.9-270` 補令三 `§二-2`】**`p6` 沿 `s` 軸之交錯檢**
==========================================================================================================================
🛑 **⛔ 判其為缺陷、⛔ 作任何處置主張**——應然係 KL 所述，量得之事實候發單側與 KL。
🔒 識別鍵一律取 **`s` 區間**（`N0-19`）·⛔ 連通分量／名稱／序號

──────────────────────────────────────────────────────────────────────────────────────────────────────────────────────────
【判別力二造】（款 `4`·二造同色 ⇒ 閘失能·停機）
──────────────────────────────────────────────────────────────────────────────────────────────────────────────────────────
   造甲［配地宗**夾於二池片之間**：`P1 | L1 | P2`］⇒ 判 **有交錯**（被夾者 ['L1']）⇒ ✅
   造乙［池片**全部相鄰**：`P1 | P2 | L1`］⇒ 判 **無交錯**（被夾者 []）⇒ ✅
   ⇒ **器非紅**（一造有交錯、一造無交錯）✅

──────────────────────────────────────────────────────────────────────────────────────────────────────────────────────────
【情境 `退縮 0m`】
──────────────────────────────────────────────────────────────────────────────────────────────────────────────────────────
🔒 間諜所錄之街廓 ＝ **6**：R1／R2／R3／R4／R5／R6｜`g_rows` ＝ **56** 列
🔒 強制抵費地（**正典落檔**）：✅ 自 `got_抵費地_退縮0m.csv` 取得 **1** 列｜R4 [116.08]

   ── `R1` ──（項 **7**：池片 2／角落抵費地 0／配地宗 5；`s` 不可得 0）
      #    種類             名                      s 起            s 迄            面積(㎡)
      1    池片             R1-池#2                 -0.324813      -0.035835      0.004600
      2    配地宗            628-37(1)              -0.324813      6.479599       208.163603
      3    配地宗            628-35(2)              6.154813       24.410452      599.908667
      4    池片             R1-池#1                 24.410452      59.875134      1175.493745
      5    配地宗            628-36(1)              59.875134      77.870140      596.255031
      6    配地宗            628-34(3)              77.870140      80.667068      85.995667
      7    配地宗            628(5)                 80.264583      87.715503      227.731775
      🔑 **框甲**（全部池片·含角落抵費地）⇒ **🔴 有交錯**；被夾之配地宗 ＝ ['628-37(1)', '628-35(2)']
      🔑 **框乙**（僅中央池之片）⇒ **🔴 有交錯**；被夾之配地宗 ＝ ['628-37(1)', '628-35(2)']

   ── `R2` ──（項 **14**：池片 2／角落抵費地 0／配地宗 12；`s` 不可得 0）
      #    種類             名                      s 起            s 迄            面積(㎡)
      1    配地宗            628-41(1)              0.267742       7.448704       175.946303
      2    池片             R2-池#2                 4.055372       10.839544      152.355130
      3    配地宗            628-40(1)+             7.448705       15.509222      285.571358
      4    配地宗            628-30(2)              15.509222      17.458843      87.395532
      5    配地宗            628-39(1)              17.458843      22.683318      234.014790
      6    配地宗            628-31(2)              22.683318      31.440822      391.670440
      7    池片             R2-池#1                 31.440822      69.257573      1682.744453
      8    配地宗            628-32(2)              69.257573      79.130453      437.025531
      9    配地宗            628-52(1)              79.130453      80.749990      71.598644
      10   配地宗            628-51(1)              80.749990      84.067676      146.592933
      11   配地宗            628-50(1)              84.067676      87.401257      147.187354
      12   配地宗            628-49(1)              87.401257      88.884326      65.447079
      13   配地宗            628-34(1)              88.884326      98.688349      432.108068
      14   配地宗            628-35(1)              98.688349      100.027408     58.945732
      🔑 **框甲**（全部池片·含角落抵費地）⇒ **🔴 有交錯**；被夾之配地宗 ＝ ['628-40(1)+', '628-30(2)', '628-39(1)', '628-31(2)']
      🔑 **框乙**（僅中央池之片）⇒ **🔴 有交錯**；被夾之配地宗 ＝ ['628-40(1)+', '628-30(2)', '628-39(1)', '628-31(2)']

   ── `R3` ──（項 **11**：池片 1／角落抵費地 0／配地宗 10；`s` 不可得 0）
      #    種類             名                      s 起            s 迄            面積(㎡)
      1    配地宗            628(4)                 0.000000       1.026535       44.892887
      2    配地宗            628-34(2)              1.026535       6.743461       250.247171
      3    配地宗            628-46(1)              6.743461       8.404334       72.775289
      4    配地宗            628-47(1)+             8.404334       16.742156      365.844302
      5    配地宗            628-32(3)              16.742156      26.322686      421.405283
      6    池片             R3-池#1                 26.322686      66.856401      1795.132785
      7    配地宗            628-31(3)              66.856401      75.397914      380.805801
      8    配地宗            628-29(1)+             75.397914      78.345301      131.607133
      9    配地宗            628-27(2)              78.345301      78.939424      26.541492
      10   配地宗            628-42(2)              78.939424      82.645703      89.972596
      11   配地宗            628-30(3)+             79.260511      96.803210      627.574762
      🔑 **框甲**（全部池片·含角落抵費地）⇒ **🟢 無交錯**
      🔑 **框乙**（僅中央池之片）⇒ **🟢 無交錯**

   ── `R4` ──（項 **5**：池片 3／角落抵費地 1／配地宗 1；`s` 不可得 0）
      #    種類             名                      s 起            s 迄            面積(㎡)
      1    角落抵費地          R4-池#2                 0.175903       4.499752       116.079994
      2    池片             R4-池#3                 1.576666       49.529873      26.111604
      3    配地宗            628(1)+                4.499752       67.000505      2017.542940
      4    池片             R4-池#4                 49.529873      97.236015      26.085762
      5    池片             R4-池#1                 67.000505      98.716330      1022.046201
      🔑 **框甲**（全部池片·含角落抵費地）⇒ **🔴 有交錯**；被夾之配地宗 ＝ ['628(1)+']
      🔑 **框乙**（僅中央池之片）⇒ **🔴 有交錯**；被夾之配地宗 ＝ ['628(1)+']

   ── `R5` ──（項 **9**：池片 2／角落抵費地 0／配地宗 7；`s` 不可得 0）
      #    種類             名                      s 起            s 迄            面積(㎡)
      1    配地宗            628-18(2)              0.268529       8.161775       205.498957
      2    池片             R5-池#2                 4.849830       11.485592      145.170260
      3    配地宗            628-7(2)               8.161775       15.178008      235.434146
      4    配地宗            628-45(1)+             15.178008      23.410254      364.517721
      5    配地宗            628-31(1)              23.410254      23.650601      10.690427
      6    配地宗            628-32(1)              23.650601      23.721295      3.144914
      7    池片             R5-池#1                 23.721295      59.497115      1621.801031
      8    配地宗            628-21(2)+             59.497115      89.680085      1415.238866
      9    配地宗            628(3)                 89.680085      92.799547      148.718555
      🔑 **框甲**（全部池片·含角落抵費地）⇒ **🔴 有交錯**；被夾之配地宗 ＝ ['628-7(2)', '628-45(1)+', '628-31(1)', '628-32(1)']
      🔑 **框乙**（僅中央池之片）⇒ **🔴 有交錯**；被夾之配地宗 ＝ ['628-7(2)', '628-45(1)+', '628-31(1)', '628-32(1)']

   ── `R6` ──（項 **10**：池片 2／角落抵費地 0／配地宗 8；`s` 不可得 0）
      #    種類             名                      s 起            s 迄            面積(㎡)
      1    池片             R6-池#2                 -3.606792      -0.000000      85.706388
      2    配地宗            628(2)+                -0.000000      3.228600       153.179148
      3    配地宗            628-4(1)               3.228600       17.955117      692.094919
      4    配地宗            628-23(1)+             17.955117      27.302533      433.681934
      5    池片             R6-池#1                 27.302533      61.354566      1543.006306
      6    配地宗            628-20(1)              61.354566      69.032479      339.917458
      7    配地宗            628-7(1)               69.032479      75.931818      302.939266
      8    配地宗            628-38(1)              75.931818      78.627854      117.733366
      9    配地宗            628-53(1)              78.627854      78.633731      0.256133
      10   配地宗            628-18(1)              78.633728      85.854949      307.788694
      🔑 **框甲**（全部池片·含角落抵費地）⇒ **🔴 有交錯**；被夾之配地宗 ＝ ['628(2)+', '628-4(1)', '628-23(1)+']
      🔑 **框乙**（僅中央池之片）⇒ **🔴 有交錯**；被夾之配地宗 ＝ ['628(2)+', '628-4(1)', '628-23(1)+']

──────────────────────────────────────────────────────────────────────────────────────────────────────────────────────────
【情境 `退縮 3.5m`】
──────────────────────────────────────────────────────────────────────────────────────────────────────────────────────────
🔒 間諜所錄之街廓 ＝ **6**：R1／R2／R3／R4／R5／R6｜`g_rows` ＝ **59** 列
🔒 強制抵費地（**正典落檔**）：✅ 自 `got_抵費地_退縮3.5m.csv` 取得 **2** 列｜R2 [308.17]／R4 [226.01]

   ── `R1` ──（項 **8**：池片 3／角落抵費地 0／配地宗 5；`s` 不可得 0）
      #    種類             名                      s 起            s 迄            面積(㎡)
      1    池片             R1-池#3                 -0.324813      -0.035837      0.004575
      2    配地宗            628-36(1)              -0.324813      17.564931      575.731096
      3    池片             R1-池#2                 17.240188      17.564931      5.383510
      4    池片             R1-池#1                 17.564931      52.852024      1169.708187
      5    配地宗            628-35(2)              52.852024      71.340115      612.644726
      6    配地宗            628-37(1)              71.340115      77.869696      216.338809
      7    配地宗            628-34(3)              77.869696      80.666845      86.002992
      8    配地宗            628(5)                 80.264360      87.715503      227.739166
      🔑 **框甲**（全部池片·含角落抵費地）⇒ **🔴 有交錯**；被夾之配地宗 ＝ ['628-36(1)']
      🔑 **框乙**（僅中央池之片）⇒ **🔴 有交錯**；被夾之配地宗 ＝ ['628-36(1)']

   ── `R2` ──（項 **16**：池片 1／角落抵費地 1／配地宗 14；`s` 不可得 0）
      #    種類             名                      s 起            s 迄            面積(㎡)
      1    角落抵費地          R2-池#2                 0.267742       8.696080       308.170000
      2    配地宗            628-42(1)              8.696080       8.802342       4.771418
      3    配地宗            628-41(1)              8.802342       12.884683      183.222944
      4    配地宗            628-27(1)              12.884683      13.544876      29.615402
      5    配地宗            628-40(1)+             13.544876      20.226765      299.502471
      6    配地宗            628-30(2)              20.226765      22.235906      89.970793
      7    配地宗            628-39(1)              22.235906      27.522228      236.537703
      8    配地宗            628-31(2)              27.522228      36.288876      391.666101
      9    池片             R2-池#1                 36.288876      69.257961      1466.258357
      10   配地宗            628-32(2)              69.257961      79.130676      437.018220
      11   配地宗            628-52(1)              79.130676      80.750075      71.592500
      12   配地宗            628-51(1)              80.750075      84.067596      146.585663
      13   配地宗            628-50(1)              84.067596      87.400922      147.176142
      14   配地宗            628-49(1)              87.400922      88.884013      65.448030
      15   配地宗            628-34(1)              88.884013      98.688175      432.114200
      16   配地宗            628-35(1)              98.688175      100.027408     58.953405
      🔑 **框甲**（全部池片·含角落抵費地）⇒ **🔴 有交錯**；被夾之配地宗 ＝ ['628-42(1)', '628-41(1)', '628-27(1)', '628-40(1)+', '628-30(2)', '628-39(1)', '628-31(2)']
      🔑 **框乙**（僅中央池之片）⇒ **🟢 無交錯**

   ── `R3` ──（項 **11**：池片 1／角落抵費地 0／配地宗 10；`s` 不可得 0）
      #    種類             名                      s 起            s 迄            面積(㎡)
      1    配地宗            628(4)                 0.000000       1.026535       44.892887
      2    配地宗            628-34(2)              1.026535       6.743461       250.247171
      3    配地宗            628-46(1)              6.743461       8.404334       72.775289
      4    配地宗            628-47(1)+             8.404334       16.742156      365.844302
      5    配地宗            628-32(3)              16.742156      26.322686      421.405283
      6    池片             R3-池#1                 26.322686      66.856401      1795.132785
      7    配地宗            628-31(3)              66.856401      75.397914      380.805801
      8    配地宗            628-29(1)+             75.397914      78.345301      131.607133
      9    配地宗            628-27(2)              78.345301      78.939424      26.541492
      10   配地宗            628-42(2)              78.939424      82.645703      89.972596
      11   配地宗            628-30(3)+             79.260511      96.803210      627.574762
      🔑 **框甲**（全部池片·含角落抵費地）⇒ **🟢 無交錯**
      🔑 **框乙**（僅中央池之片）⇒ **🟢 無交錯**

   ── `R4` ──（項 **5**：池片 3／角落抵費地 1／配地宗 1；`s` 不可得 0）
      #    種類             名                      s 起            s 迄            面積(㎡)
      1    角落抵費地          R4-池#2                 0.175903       7.818563       226.009994
      2    配地宗            628(1)+                7.818563       70.495919      2023.337314
      3    池片             R4-池#3                 7.818563       9.395131       26.110214
      4    池片             R4-池#4                 68.920124      70.495919      26.084297
      5    池片             R4-池#1                 70.495919      98.716330      906.324680
      🔑 **框甲**（全部池片·含角落抵費地）⇒ **🔴 有交錯**；被夾之配地宗 ＝ ['628(1)+']
      🔑 **框乙**（僅中央池之片）⇒ **🟢 無交錯**

   ── `R5` ──（項 **9**：池片 2／角落抵費地 0／配地宗 7；`s` 不可得 0）
      #    種類             名                      s 起            s 迄            面積(㎡)
      1    配地宗            628-45(1)+             0.268529       11.382664      346.165936
      2    池片             R5-池#2                 8.059214       14.718028      146.180629
      3    配地宗            628-18(2)              11.382664      17.736836      206.717235
      4    配地宗            628-7(2)               17.736836      23.432741      252.557360
      5    配地宗            628-31(1)              23.432741      23.673010      10.687217
      6    配地宗            628-32(1)              23.673010      23.743681      3.143969
      7    池片             R5-池#1                 23.743681      59.496771      1620.789249
      8    配地宗            628-21(2)+             59.496771      89.680042      1415.252689
      9    配地宗            628(3)                 89.680042      92.799547      148.720593
      🔑 **框甲**（全部池片·含角落抵費地）⇒ **🔴 有交錯**；被夾之配地宗 ＝ ['628-18(2)', '628-7(2)', '628-31(1)', '628-32(1)']
      🔑 **框乙**（僅中央池之片）⇒ **🔴 有交錯**；被夾之配地宗 ＝ ['628-18(2)', '628-7(2)', '628-31(1)', '628-32(1)']

   ── `R6` ──（項 **10**：池片 2／角落抵費地 0／配地宗 8；`s` 不可得 0）
      #    種類             名                      s 起            s 迄            面積(㎡)
      1    池片             R6-池#2                 -3.606792      -0.000000      85.706388
      2    配地宗            628(2)+                -0.000000      3.228600       153.179148
      3    配地宗            628-4(1)               3.228600       17.955117      692.094919
      4    配地宗            628-23(1)+             17.955117      27.302533      433.681934
      5    池片             R6-池#1                 27.302533      61.354566      1543.006306
      6    配地宗            628-20(1)              61.354566      69.032479      339.917458
      7    配地宗            628-7(1)               69.032479      75.931818      302.939266
      8    配地宗            628-38(1)              75.931818      78.627854      117.733366
      9    配地宗            628-53(1)              78.627854      78.633731      0.256133
      10   配地宗            628-18(1)              78.633728      85.854949      307.788694
      🔑 **框甲**（全部池片·含角落抵費地）⇒ **🔴 有交錯**；被夾之配地宗 ＝ ['628(2)+', '628-4(1)', '628-23(1)+']
      🔑 **框乙**（僅中央池之片）⇒ **🔴 有交錯**；被夾之配地宗 ＝ ['628(2)+', '628-4(1)', '628-23(1)+']

==========================================================================================================================
🛑 **本器⛔ 判其為缺陷、⛔ 作任何處置主張**——量得之事實候發單側與 KL。
