態 ＝ c02d593499671fd9abb4ef8f800e9db5098ba8b3
母體（**正面列舉**）＝ `docs/` ＋ `verify/` ⇒ 追蹤檔 1756（非 utf-8 解出者 19）
粒度框 ＝ **檔框 ＋ 列框**

  受詞（框逐字）                                        檔框       列框
  A-4 之名（含 `W-G.9-85` 同段）                       134      410
  `5／5`（全形斜線）                                    32       67
  `5/5`（半形斜線）                                    23       30
  `3／5`（全形）                                      45       63
  `3/5`（半形）                                       8       10
  `3／3`（全形）                                      64      106
  `3/3`（半形）                                     135      247
  `probe_WG985_grouphead`                        18       45
  `原錨`                                          152      385
  `0.2163`（＝ 已作廢之減數）                             13       26
  `7.2` 公尺（＝ 已作廢之量級）                              0        0
  對照組（必為 0·執行期組出）                                 0        0

── 逐處具名（受詞 ＝ **同一列**含 `A-4` 或 `probe_WG985_grouphead`，且含已停用之數之一）──
  · docs/orders/W-G.9-268p_施工單_GB67病二_起算垂線錨點更正.md:78
      實跑 `verify/probes/probe_WG985_grouphead.py`（其 `A-4` 即本批之受詞·唯讀·⛔ 改一字），出艙其**新錨／原錨二態之重疊**，與 `零-2` 之既有預測（新錨 `0`·5／5；原錨 > 0 者 `3／5`；有效母體 `3／3`）逐位對拍。
  · docs/reports/W-G.4_泛用阻塞項登記表.md:2137
      | 新錨下限 vs `S_req` 之相對差 | **≤ `1e-6`·5／5**（【倉】`probe_WG985_grouphead_67cd1a4.log:225`） |
  ⇒ 共現列 ＝ 2

🔒 **處置**：上列逐處標「**已停用·須於現態重得**」（`GB-157`）。其**現態之值**已由 `c0-5` 重得（`verify/out/WG9268pR_c05_anchor.log`）。
🔒 **對照組（證框非恆零）**：`A-4` 之檔框 ＝ 134（> 0）；一必不存在之號形（**執行期組出**·字樣⛔ 入倉）之檔框 ＝ 0（須 ＝ 0）。
