======================================================================================================================
【`W-G.9-269` `c2` 前置 `2`】`628-27(1)` 之歸戶（管線跑畢之態）
======================================================================================================================
🔒 **態宣告二值並報**（`坑 r`·**以工作區之值為實**）
   `commit`                        ＝ 0aa608ed6cedb209fb8de64b0cc3fa195872cdc2
   `app.py` `rev-parse HEAD:app.py`（committed）＝ 1d7d7c7324719f13e7d61473a55001170ef44d8e
   `app.py` `hash-object`（**工作區·實**）      ＝ 1d7d7c7324719f13e7d61473a55001170ef44d8e
   二值 **相同** ✅（工作區與 `HEAD` 同步）
   `git status --porcelain` ＝ 🟡 非空（5 列）

🔒 `rv.build_ownership` **已跑畢**：歸戶群組 **33** 組／`t8_ownership_map` 鍵 **59**／對應失敗 **0**
   靶組核對（`OWNERSHIP_TARGETS` 三環定理鏈 tripwire）＝ ✅ 全符
🔒 記憶體側管線已建：街廓 **11**／`temp_parcels` **113**／`build_parcels` **48**
   情境 0m    ⇒ `g_rows` ** 59** 列／中止街廓 （無·跑完）
   情境 3.5m  ⇒ `g_rows` ** 60** 列／中止街廓 （無·跑完）

── 三造對照（**先跑**·未全成立則 loud 拒測·⛔ 出艙受詞之值）────────────────────────────────────────
  ✅ 造甲 [必非零·已知答案] `628-42(1)` → 歸戶                             得 原地號 `628-42` ⇒ `G011`              期 `G011`  
  ✅ 造丙 [必非零·已知答案] `628-53(2)` → 歸戶                             得 原地號 `628-53` ⇒ `G025`              期 `G025`  
  ✅ 造乙 [必為空] 人造哨兵（**執行期組出**·字面⛔ 出艙）                            得 ⇒ `（空）`                            期 （空）     
  ⇒ **器非紅** ✅（已知答案二造相符 ⋀ 哨兵歸零）

── 受詞：`c2` 之剔除宗（`0m` **`3` 宗**〔直接 `2` ＋ **級聯 `1`**〕／`3.5m` **`1` 宗**〔直接 `1` ＋ 級聯 `0`〕）──────────
  🛑 `0m` 實為 **`3` 宗**——**⛔ 以「受詞二宗」呈之**（補令七 `§四-2` 款 `4`）
  🔒 「處置」欄**逐 (宗, 情境)**·⛔ 本器所量——其出處 ＝ `c1` 側支之實跑落檔
     `verify/out/WG9269R_c1_on_drop.log`（`0m` 消失 `3` 宗／`3.5m` 消失 `1` 宗·二情境之終態皆⛔ 再有閘一不合格者）＋ 補令七 `§四-1` 之二分類。
  🔒 **本器所量者** ＝ 歸戶 ⋀ `a 面積` ⋀ `G` ⋀ `宗地寬度`（皆 `off` 態·管線跑畢）。

  | 宗地           | 情境    | 歸戶     | a 面積(㎡)     | 原分配 G(㎡)      | 宗地寬度(m)      | 處置             |
  |--------------|-------|--------|-------------|---------------|--------------|----------------|
  | 628-42(1)    | 0m    | G011   |        8.34 |          0.23 |         0.18 | 閘一直接剔除         |
  | 628-42(1)    | 3.5m  | G011   |        8.34 |          4.77 |         0.11 | ⛔ 剔除（留於配地）     |
  | 628-53(2)    | 0m    | G025   |        2.78 |          0.00 |         0.02 | 閘一直接剔除         |
  | 628-53(2)    | 3.5m  | G025   |        2.78 |          0.00 |         0.02 | 閘一直接剔除         |
  | 628-27(1)    | 0m    | G030   |       51.32 |         29.26 |         0.65 | 🔴 級聯剔除         |
  | 628-27(1)    | 3.5m  | G030   |       51.32 |         29.61 |         0.66 | ⛔ 剔除（留於配地）     |

  判定集基數 ＝ **6** 格（宗 × 情境）

── 外部錨之判（`常規八 二` ①·⛔ 以 `N/N` 自證）────────────────────────────────────────────────────
  ✅ 三宗之 `a 面積`／`G`／`宗地寬度` 與補令七 `§四-1` 之表逐值相符（`0m`）
  ✅ 二宗之歸戶與 `W-G.9-269R_前置階.md §戊` 項 `5` 之已知值相符

── 🔴 **本器之受詞**：`628-27(1)` 之歸戶────────────────────────────────────────────────────────────
  情境 `0m`：歸戶 ＝ **`G030`**（`a 面積 51.32 ㎡`／原分配 `G 29.26 ㎡`／宗地寬度 `0.65 m`·**🔴 級聯剔除**）
  情境 `3.5m`：歸戶 ＝ **`G030`**（`a 面積 51.32 ㎡`／原分配 `G 29.61 ㎡`／宗地寬度 `0.66 m`·**⛔ 剔除（留於配地）**）

🔒 **其量級**：`628-27(1)` 之原分配 `G ＝ 29.26 ㎡`，較 `628-42(1)`（`0.23`）與
   `628-53(2)`（`0.00`）**大二個數量級** ⇒ `c2` 之土地後果大於補令三 `§零-1` 之受詞表。
🛑 **`GB-159` 仍有效**：受影響之宗（**今為三宗**）之配地圖與負擔表 **⛔ 對外**。
