======================================================================================================================
【`c2`】`run_all` 名目差集（併線前必答 `3` ＋ `P-9`）
======================================================================================================================
三軸 (1) 期初 ＝ verify/out/WG9268pR_runall_pre.log（52339 B）
         期末 ＝ verify/out/WG9268pR_c2_runall_post.log（192185 B）
三軸 (2) 母體 ＝ 二 log 各自之 `🔴 FAIL` 名目集（`wv_reconcile.parse_log`）
三軸 (3) 粒度框 ＝ **名目**（⛔ 列數·⛔ 計數）

🔒 FAIL 名目數：期初 **24** ／期末 **40**
🛑 **紅之總數增減本身⛔ 為判準**（施工單 `P-9` 逐字）——判準為<u>逐項歸類</u>

──────────────────────────────────────────────────────────────────────────────
【`c2` 名目差集（期初 ⇒ 期末）】期望 FAIL 名單：**名目 ＋ 失敗原因**（`verify/wv_reconcile.py`）
──────────────────────────────────────────────────────────────────────────────
  名目：凍存 24／現況 40
  🔴 凍存有而現況無：['v3·StepG0m（結構閘/看守觸發）', 'v3·StepG3.5m（結構閘/看守觸發）', 'v3 財務接線閘', 'W-D.3 碎片', 'W-D.4', 'W-G G.1 接線層 ctx-builder 同源']
  🔴 現況有而凍存無：['v3·G值0m', 'v3·滑池槽0m', 'v3·J表0m', "k* 六塊經驗錨0m {'R1': 2, 'R2': 8, 'R3': 7, 'R4': 1, 'R5': 7, 'R6': 6}", 'v3·G值3.5m', 'v3·滑池槽3.5m', 'v3·J表3.5m', "k* 六塊經驗錨3.5m {'R1': 1, 'R2': 8, 'R3': 7, 'R4': 1, 'R5': 7, 'R6': 6}", 'W-D.3 碎片幾何/三分類（v3）', 'W-D.3 碎片逐邊CAD（v3）', 'W-D.4 四梯清單0m（v3 半實算）', 'W-D.4 碎片遞補0m', 'W-D.4 跨占分配線0m', 'W-D.4 四梯清單3.5m（v3 半實算）', 'W-D.4 碎片遞補3.5m', 'W-D.4 跨占分配線3.5m', 'W-D.4 MinA_區==114.07(正典rounded)·½顯示==57.04(Decimal非round)', 'W-D.4 31旗標全消費(群組語意·v3 隨價變)', "F.0-pre 雙軌錨 軌別{'建地軌': 25, '公設軌': 8}·梯次{'—': 8, '0': 13, '1': 7, '2': 3, '3': 2}", "F.0 釋池對象＝梯3 二群 [('G025', 0.26), ('G030', 55.8)]（Σ=56.06㎡）", 'W-D.4 遞補錨 R6 85.66→628-4(1)（跳過 628(2);628-1(2);628-23(1)）', 'W-G G.1 接線層 ctx-builder 同源（cb_by/cad+centerlines/gA/winners/β財務/blocks欄名/指紋/率鋪底）']
  類 I  （正規化後相同·自動視為同）＝ 16 項　其中 raw 即相同 12 項
  類 II （僅 traceback 行號不同·⛔ 須逐項具名確認）＝ 0 項　（**空**）
  類 III（訊息實質不同）＝ 2 項
     🔴 W-F F.0
        凍存:         [F.0] stepg_ctx[0m] 缺（trunk A 未成功？）
        現況:         [F.0] 🔴 GSA 錨檢破（0m）——**一次列出全部**（F-7-3：禁首個即 raise 致打地鼠）：
        凍存:         Traceback (most recent call last):
        現況:   【未被評估】錨鍵 ['G006', 'G007', 'G009', 'G010', 'G014', 'G017'] **未被任何一次比對評估**（其決策現況：G006→[該情境無任何決策列]｜G007→[該情境無任何決策列]｜G009→[該情境無任何決策列]｜G010→[該情境無任何決策列]｜G
        凍存:   File "verify/run_verification.py", line 994, in main
        現況:         評估】錨鍵 ['G006', 'G007', 'G009', 'G010', 'G014', 'G017'] **未被任何一次比對評估**（其決策現況：G006→[該情境無任何決策列]｜G007→[該情境無任何決策列]｜G009→[該情境無任何決策列]｜G010→[該情境無任何決策列
     🔴 W-G G.2 世代幾何曝出契約
        凍存:         [G.2] 上游世代未產出：['trunkA(_ctx)', 'F.0', 'F.1', 'F.2', 'F.3', 'F.4']（0m）——G.2 係**純呈現層契約檢**，其資料前提為 v3/f0/f2/f3/E 各代皆已成功；上列世代失敗（見其自身 FAIL 列）⇒ G.2 *
        現況:         [G.2] 上游世代未產出：['F.0', 'F.1', 'F.2', 'F.3', 'F.4']（0m）——G.2 係**純呈現層契約檢**，其資料前提為 v3/f0/f2/f3/E 各代皆已成功；上列世代失敗（見其自身 FAIL 列）⇒ G.2 **無從檢查**、非 G.2 自身
        凍存: RuntimeError: 上游世代未產出：['trunkA(_ctx)', 'F.0', 'F.1', 'F.2', 'F.3', 'F.4']（0m）——G.2 係**純呈現層契約檢**，其資料前提為 v3/f0/f2/f3/E 各代皆已成功；上列世代失敗（見其自身 FAIL 列）⇒ G.2 *
        現況: RuntimeError: 上游世代未產出：['F.0', 'F.1', 'F.2', 'F.3', 'F.4']（0m）——G.2 係**純呈現層契約檢**，其資料前提為 v3/f0/f2/f3/E 各代皆已成功；上列世代失敗（見其自身 FAIL 列）⇒ G.2 **無從檢查**、非 G.2 自身
──────────────────────────────────────────────────────────────────────────────
  🔴 **對帳 FAIL**——名目或失敗原因與凍存不符（⛔ 不得逕自更新名單）
──────────────────────────────────────────────────────────────────────────────

======================================================================================================================
【`P-9`】逐項歸類（⛔ 以總數增減為判準）
======================================================================================================================

── 類 `(i)`　本批所修者**轉綠**（期初 FAIL ⇒ 期末⛔ FAIL）＝ **6** 項
   🟢 v3·StepG0m（結構閘/看守觸發）
   🟢 v3·StepG3.5m（結構閘/看守觸發）
   🟢 v3 財務接線閘
   🟢 W-D.3 碎片
   🟢 W-D.4
   🟢 W-G G.1 接線層 ctx-builder 同源

── 類 `(ii)`　**新可達之世代所新曝**之紅（⛔ 本批所致之迴歸）＝ **0** 項

── 類 `(iii)`　**真迴歸**（原可達且原綠而今紅）＝ **0** 項

── ⛔ **可自動歸類**（loud·候人工裁·⛔ 靜默歸入任一類）＝ **22** 項
   ⚠️ v3·G值0m　〔新可達命中 無／期初可達命中 無〕
   ⚠️ v3·滑池槽0m　〔新可達命中 無／期初可達命中 無〕
   ⚠️ v3·J表0m　〔新可達命中 無／期初可達命中 無〕
   ⚠️ k* 六塊經驗錨0m {'R1': 2, 'R2': 8, 'R3': 7, 'R4': 1, 'R5': 7, 'R6': 6}　〔新可達命中 ['R3', 'R4', 'R5', 'R6']／期初可達命中 ['R1', 'R2', 'R4', 'R5', 'R6']〕
   ⚠️ v3·G值3.5m　〔新可達命中 無／期初可達命中 無〕
   ⚠️ v3·滑池槽3.5m　〔新可達命中 無／期初可達命中 無〕
   ⚠️ v3·J表3.5m　〔新可達命中 無／期初可達命中 無〕
   ⚠️ k* 六塊經驗錨3.5m {'R1': 1, 'R2': 8, 'R3': 7, 'R4': 1, 'R5': 7, 'R6': 6}　〔新可達命中 ['R3', 'R4', 'R5', 'R6']／期初可達命中 ['R1', 'R2', 'R4', 'R5', 'R6']〕
   ⚠️ W-D.3 碎片幾何/三分類（v3）　〔新可達命中 無／期初可達命中 無〕
   ⚠️ W-D.3 碎片逐邊CAD（v3）　〔新可達命中 無／期初可達命中 無〕
   ⚠️ W-D.4 四梯清單0m（v3 半實算）　〔新可達命中 無／期初可達命中 無〕
   ⚠️ W-D.4 碎片遞補0m　〔新可達命中 無／期初可達命中 無〕
   ⚠️ W-D.4 跨占分配線0m　〔新可達命中 無／期初可達命中 無〕
   ⚠️ W-D.4 四梯清單3.5m（v3 半實算）　〔新可達命中 無／期初可達命中 無〕
   ⚠️ W-D.4 碎片遞補3.5m　〔新可達命中 無／期初可達命中 無〕
   ⚠️ W-D.4 跨占分配線3.5m　〔新可達命中 無／期初可達命中 無〕
   ⚠️ W-D.4 MinA_區==114.07(正典rounded)·½顯示==57.04(Decimal非round)　〔新可達命中 無／期初可達命中 無〕
   ⚠️ W-D.4 31旗標全消費(群組語意·v3 隨價變)　〔新可達命中 無／期初可達命中 無〕
   ⚠️ F.0-pre 雙軌錨 軌別{'建地軌': 25, '公設軌': 8}·梯次{'—': 8, '0': 13, '1': 7, '2': 3, '3': 2}　〔新可達命中 無／期初可達命中 無〕
   ⚠️ F.0 釋池對象＝梯3 二群 [('G025', 0.26), ('G030', 55.8)]（Σ=56.06㎡）　〔新可達命中 無／期初可達命中 無〕
   ⚠️ W-D.4 遞補錨 R6 85.66→628-4(1)（跳過 628(2);628-1(2);628-23(1)）　〔新可達命中 ['R6']／期初可達命中 ['R6']〕
   ⚠️ W-G G.1 接線層 ctx-builder 同源（cb_by/cad+centerlines/gA/winners/β財務/blocks欄名/指紋/率鋪底）　〔新可達命中 無／期初可達命中 無〕

======================================================================================================================
🟡 類 `(iii)` **機械歸類為空**，惟有 **22** 項⛔ 可自動歸類 ⇒ **須人工逐項裁**
   🛑 ⛔ 以本器之「類 `(iii)` 為空」逕報通過。
