======================================================================================================================================================
【`W-G.9-269` `c2`】差異表（補令三 `§四`）＋`P-0`〜`P-9` 之可量者
======================================================================================================================================================
🔒 **態宣告二值並報**（`坑 r`·**以工作區之值為實**）
   `commit`                         = 171a953289d32720d8b8b1579d2aee2c3df17af2
   `app.py` `rev-parse HEAD:app.py` = 0efb70973e3e2d9463fff103d0d0f5a8604c6bb6
   `app.py` `hash-object`（**工作區·實**） = 0efb70973e3e2d9463fff103d0d0f5a8604c6bb6
   二值 **相同** ✅
   `git status --porcelain` = 🟡 非空（3 列）
   旗標預設（未設環境變數時）= `on`

── 「翻預設 ≡ 翻環境變數」之證（`c2` 之主檢）────────────────────────────────────────────────────────
   `app.py` 旗標預設字面 ＝ '1' ⇒ 預設態應等同 `on` 態
   0m    預設態 vs `on` 態：**逐宗逐值相同** ✅（56 vs 56 宗）｜判別力：預設態 vs `off` 態 **相異** ✅
   3.5m  預設態 vs `on` 態：**逐宗逐值相同** ✅（59 vs 59 宗）｜判別力：預設態 vs `off` 態 **相異** ✅
   ⇒ ✅ **翻預設 ≡ 翻環境變數**（且二態確可分辨）

── 三造對照（**先跑**·未全成立則 loud 拒測）────────────────────────────────────────────────────────────
   造甲[必非零] `0m` `off` 之 `g_rows` 列數                               得 59             期 > 0      ✅
   造乙[必為零] 人造哨兵（**執行期組出**·字面⛔ 出艙）於 `g_rows`                       得 0              期 = 0      ✅
   造丙[本類已知成員] `628-42(1)` 於 `0m` `off`                            得 在              期 在        ✅
   造丁[判別力] `0m` `off` 列數 ≠ `on` 列數                                得 59 vs 56       期 相異       ✅
   ⇒ **器非紅** ✅

── `P-0` 受詞之自行重得（與 `§零-1` 逐宗比對·相異 ⇒ 停機）────────────────────────────────────────────
   | 情境 | 宗地 | 歸戶 | `G(㎡)` | 宗地寬度(m) | 閘一判 | 與 `§零-1` |
   |---|---|---|---|---|---|---|
   | `0m` | `628-42(1)` | `G011` | 0.23 | 0.18 | `不合格` | ✅ 相符 |
   | `0m` | `628-53(2)` | `G025` | 0.00 | 0.02 | `不合格` | ✅ 相符 |
   | `3.5m` | `628-53(2)` | `G025` | 0.00 | 0.02 | `不合格` | ✅ 相符 |
   ⇒ **逐宗相符** ✅

======================================================================================================================================================
【表一·逐宗】域語言·逐情境分列（`坑 e`）。**只列有變動者 ➕ 受詞三宗**；無變動者列其計數。
======================================================================================================================================================

【情境 `0m`】`off` **59** 列 → `on` **56** 列（差 **-3**）
| 配地次序(off→on) | 重劃前地號 | 土地所有權人(歸戶) | 分配面積前 | 後 | **面積增減** | 臨路寬度前 | 後 | **寬度增減** | 位置變動(m) | **處置** | 街角地 | 既有裁定 |
|---|---|---|---|---|---|---|---|---|---|---|---|---|
| R2/left#3→**退出** | `628-27` | `G030` | 29.26 | ⛔ 可得 | **⛔ 可得** | 0.65 | ⛔ 可得 | **⛔ 可得** | ⛔ 可得 | **改列調配池（🔴 級聯剔除）** | 否 | 已由 KL 裁定 (D) 判不配地（梯3） |
| R2/left#5→#3 | `628-30` | `G007` | 87.23 | 87.40 | **+0.17** | 1.95 | 1.95 | **+0.00** | +0.65 | **遞補進位（位次 5 → 3）** | 否 | — |
| R5/left#5→#4 | `628-31` | `G027` | 10.70 | 10.70 | **+0.00** | 0.24 | 0.24 | **+0.00** | +1.47 | **遞補進位（位次 5 → 4）** | 否 | — |
| R2/left#7→#5 | `628-31` | `G027` | 391.68 | 391.67 | **-0.01** | 8.74 | 8.74 | **+0.00** | +0.66 | **遞補進位（位次 7 → 5）** | 否 | — |
| R5/left#6→#5 | `628-32` | `G026` | 3.14 | 3.14 | **+0.00** | 0.07 | 0.07 | **+0.00** | +1.47 | **遞補進位（位次 6 → 5）** | 否 | — |
| R2/left#6→#4 | `628-39` | `G002` | 233.23 | 234.01 | **+0.78** | 5.20 | 5.21 | **+0.01** | +0.66 | **遞補進位（位次 6 → 4）** | 否 | — |
| R2/left#4→#2 | `628-40` | `G010` | 295.40 | 285.56 | **-9.84** | 6.56 | 8.04 | **+1.48** | +0.64 | **遞補進位（位次 4 → 2）** | 否 | — |
| R2/left#2→**退出** | `628-42` | `G011` | 0.23 | ⛔ 可得 | **⛔ 可得** | 0.18 | ⛔ 可得 | **⛔ 可得** | ⛔ 可得 | **改列調配池（閘一直接剔除）** | 否 | ⛔ 既有裁定·本批為新 |
| R5/left#4→#3 | `628-45` | `G007` | 362.38 | 364.53 | **+2.15** | 8.17 | 8.19 | **+0.02** | +1.47 | **遞補進位（位次 4 → 3）** | 否 | — |
| R5/left#2→**退出** | `628-53` | `G025` | 0.00 | ⛔ 可得 | **⛔ 可得** | 0.02 | ⛔ 可得 | **⛔ 可得** | ⛔ 可得 | **改列調配池（閘一直接剔除）** | 否 | 已由 KL 裁定 (D) 判不配地（梯3） |
| R5/left#3→#2 | `628-7` | `G022` | 244.19 | 235.44 | **-8.75** | 5.54 | 6.99 | **+1.45** | +1.43 | **遞補進位（位次 3 → 2）** | 否 | — |
| （無變動者） | — | — | — | — | — | — | — | — | — | **維持原配地 48 宗** | — | — |

【情境 `3.5m`】`off` **60** 列 → `on` **59** 列（差 **-1**）
| 配地次序(off→on) | 重劃前地號 | 土地所有權人(歸戶) | 分配面積前 | 後 | **面積增減** | 臨路寬度前 | 後 | **寬度增減** | 位置變動(m) | **處置** | 街角地 | 既有裁定 |
|---|---|---|---|---|---|---|---|---|---|---|---|---|
| R5/left#3→#2 | `628-18` | `G005` | 214.54 | 206.72 | **-7.82** | 4.85 | 6.32 | **+1.47** | +1.46 | **遞補進位（位次 3 → 2）** | 否 | — |
| R2/left#3→#3 | `628-27` | `G030` | 29.61 | 29.61 | **+0.00** | 0.66 | 0.66 | **+0.00** | +0.00 | **維持原配地** | 否 | 已由 KL 裁定 (D) 判不配地（梯3） |
| R5/left#5→#4 | `628-31` | `G027` | 10.70 | 10.70 | **+0.00** | 0.24 | 0.24 | **+0.00** | +1.49 | **遞補進位（位次 5 → 4）** | 否 | — |
| R5/left#6→#5 | `628-32` | `G026` | 3.14 | 3.14 | **+0.00** | 0.07 | 0.07 | **+0.00** | +1.49 | **遞補進位（位次 6 → 5）** | 否 | — |
| R2/left#1→#1 | `628-42` | `G011` | 4.77 | 4.77 | **+0.00** | 0.11 | 0.11 | **+0.00** | +0.00 | **維持原配地** | 否 | ⛔ 既有裁定·本批為新 |
| R5/left#2→**退出** | `628-53` | `G025` | 0.00 | ⛔ 可得 | **⛔ 可得** | 0.02 | ⛔ 可得 | **⛔ 可得** | ⛔ 可得 | **改列調配池（閘一直接剔除）** | 否 | 已由 KL 裁定 (D) 判不配地（梯3） |
| R5/left#4→#3 | `628-7` | `G022` | 250.76 | 252.55 | **+1.79** | 5.64 | 5.68 | **+0.04** | +1.49 | **遞補進位（位次 4 → 3）** | 否 | — |
| （無變動者） | — | — | — | — | — | — | — | — | — | **維持原配地 53 宗** | — | — |

======================================================================================================================================================
【表二·逐街廓·守恆】`池` 取 `池總=幾何剩餘(㎡)`（**獨立幾何量測**·⛔ 由 `街廓面積−ΣG` 倒算）
======================================================================================================================================================

【情境 `0m`】
| 街廓 | 分配地合計 `ΣG` off | on | 調配池 off | on | **池增減** | 街廓面積 | 殘差 off | 殘差 on |
|---|---|---|---|---|---|---|---|---|
| `R1` | 1718.06 | 1718.06 | 1175.50 | 1175.50 | **+0.00** | 2893.55 | +0.01 ✅ | +0.01 ✅ |
| `R2` | 2571.88 | 2533.49 | 1796.70 | 1835.10 | **+38.40** | 4368.60 | -0.03 ✅ | -0.01 ✅ |
| `R3` | 2411.66 | 2411.66 | 1795.13 | 1795.13 | **+0.00** | 4206.80 | -0.01 ✅ | -0.01 ✅ |
| `R4` | 2017.54 | 2017.54 | 1190.32 | 1190.32 | **+0.00** | 3207.87 | -0.00 ✅ | -0.00 ✅ |
| `R5` | 2389.87 | 2383.27 | 1760.34 | 1766.97 | **+6.63** | 4150.21 | -0.00 ✅ | +0.03 ✅ |
| `R6` | 2347.57 | 2347.57 | 1628.71 | 1628.71 | **+0.00** | 3976.30 | -0.02 ✅ | -0.02 ✅ |
| **Σ（帶號）** | — | — | — | — | **+45.03** | — | — | — |
| **ΣΔG（帶號）** | — | — | — | — | **-44.99** | — | — | — |

【情境 `3.5m`】
| 街廓 | 分配地合計 `ΣG` off | on | 調配池 off | on | **池增減** | 街廓面積 | 殘差 off | 殘差 on |
|---|---|---|---|---|---|---|---|---|
| `R1` | 1718.44 | 1718.44 | 1175.10 | 1175.10 | **+0.00** | 2893.55 | -0.02 ✅ | -0.02 ✅ |
| `R2` | 2594.19 | 2594.19 | 1774.43 | 1774.43 | **+0.00** | 4368.60 | +0.02 ✅ | +0.02 ✅ |
| `R3` | 2411.66 | 2411.66 | 1795.13 | 1795.13 | **+0.00** | 4206.80 | -0.01 ✅ | -0.01 ✅ |
| `R4` | 2023.33 | 2023.33 | 1184.53 | 1184.53 | **+0.00** | 3207.87 | -0.01 ✅ | -0.01 ✅ |
| `R5` | 2389.29 | 2383.26 | 1760.95 | 1766.97 | **+6.02** | 4150.21 | +0.03 ✅ | +0.02 ✅ |
| `R6` | 2347.57 | 2347.57 | 1628.71 | 1628.71 | **+0.00** | 3976.30 | -0.02 ✅ | -0.02 ✅ |
| **Σ（帶號）** | — | — | — | — | **+6.02** | — | — | — |
| **ΣΔG（帶號）** | — | — | — | — | **-6.03** | — | — | — |

======================================================================================================================================================
【表三·彙總】
======================================================================================================================================================

【情境 `0m`】
| 項 | 值 |
|---|---|
| 改列調配池之宗數 | **3** |
| └ 閘一直接剔除 | `628-42(1)`, `628-53(2)` |
| └ 🔴 級聯剔除（**單獨小計**） | `628-27(1)` |
| `ΣG_被剔`（**被剔宗之 `G` 合計**） | **29.49 ㎡** |
| `Δ池（實測）` | **+45.03 ㎡** |
| 🛑 二量之別 | `ΣG_被剔` ⛔ 充「入池量」——入池量 ＝ 「剔除 ＋ 遞補前移」之**淨幾何效應**（補令十一 `§二-1`） |
| 逐戶具名 | `G011`（⛔ 既有裁定·本批為新）, `G025`（已由 KL 裁定 (D) 判不配地（梯3））, `G030`（已由 KL 裁定 (D) 判不配地（梯3）） |
| `ΣΔG`（帶號·**留存宗**） | **-15.50 ㎡** |
| `Σ|ΔG|`（絕對值） | **21.70 ㎡** |
| `min ΔG`（**具名其宗與歸戶**） | -9.84 ㎡ ＠ `628-40(1)+`（`628-40`·歸戶 `G010`） |
| `max ΔG`（**具名其宗與歸戶**） | +2.15 ㎡ ＠ `628-45(1)+`（`628-45`·歸戶 `G007`） |
| 所有權人受影響戶數 | **8** |

【情境 `3.5m`】
| 項 | 值 |
|---|---|
| 改列調配池之宗數 | **1** |
| └ 閘一直接剔除 | `628-53(2)` |
| └ 🔴 級聯剔除（**單獨小計**） | （無） |
| `ΣG_被剔`（**被剔宗之 `G` 合計**） | **0.00 ㎡** |
| `Δ池（實測）` | **+6.02 ㎡** |
| 🛑 二量之別 | `ΣG_被剔` ⛔ 充「入池量」——入池量 ＝ 「剔除 ＋ 遞補前移」之**淨幾何效應**（補令十一 `§二-1`） |
| 逐戶具名 | `G025`（已由 KL 裁定 (D) 判不配地（梯3）） |
| `ΣΔG`（帶號·**留存宗**） | **-6.03 ㎡** |
| `Σ|ΔG|`（絕對值） | **9.61 ㎡** |
| `min ΔG`（**具名其宗與歸戶**） | -7.82 ㎡ ＠ `628-18(2)`（`628-18`·歸戶 `G005`） |
| `max ΔG`（**具名其宗與歸戶**） | +1.79 ㎡ ＠ `628-7(2)`（`628-7`·歸戶 `G022`） |
| 所有權人受影響戶數 | **3** |

======================================================================================================================================================
【`§三` 性質閘】逐閘載判定集基數與兩造對照
======================================================================================================================================================

【情境 `0m`】
   `P-2` 被剔宗⛔ 出現於配地母體 ⇒ ✅（判定集 3 宗）；守恆：逐街廓守恆判（生產碼 `判定` 欄）：on 態 6 街廓·破 0
   `P-3` 留存宗臨 FRONTLINE ⋀ BASELINE 且臨接長 `> 0`
        `驗_B藍影` 值分布（**先印再定框**·`坑 y`）＝ {'不適用': 37, '合格': 6, '': 13}
        判定集 ＝ **6** 宗（二長皆為數）｜成立 **6**｜不成立 **0**｜⛔ 可量 **50** 宗（其二長為 `—` ＝ 閘一未評估·⛔ 計為違反·`坑 z`）
        ⇒ ✅
   `P-4` 第 `0` 宗（街角地）`G`·`cut_coords` 逐位不變 ⇒ ✅（判定集 7 宗·相異 0）
   `P-5` 街角地**歸屬**不變 ⇒ ✅（off 7 宗 / on 7 宗）；`R6/right` 標「**不可判**」（`GB-156`）·⛔ 併入違反計數
   `P-6` 鏈序變動恰可由遞補解釋 ⇒ ✅（位次有變 8 宗·合「前移恰等於其前被剔數」 8）
   `P-8` 可達性只增不減 ⇒ ✅（off ['R1', 'R2', 'R3', 'R4', 'R5', 'R6'] → on ['R1', 'R2', 'R3', 'R4', 'R5', 'R6']）
   中止街廓：off ＝ （無·跑完） ／ on ＝ （無·跑完）

【情境 `3.5m`】
   `P-2` 被剔宗⛔ 出現於配地母體 ⇒ ✅（判定集 1 宗）；守恆：逐街廓守恆判（生產碼 `判定` 欄）：on 態 6 街廓·破 0
   `P-3` 留存宗臨 FRONTLINE ⋀ BASELINE 且臨接長 `> 0`
        `驗_B藍影` 值分布（**先印再定框**·`坑 y`）＝ {'不適用': 40, '合格': 5, '': 14}
        判定集 ＝ **5** 宗（二長皆為數）｜成立 **5**｜不成立 **0**｜⛔ 可量 **54** 宗（其二長為 `—` ＝ 閘一未評估·⛔ 計為違反·`坑 z`）
        ⇒ ✅
   `P-4` 第 `0` 宗（街角地）`G`·`cut_coords` 逐位不變 ⇒ ✅（判定集 6 宗·相異 0）
   `P-5` 街角地**歸屬**不變 ⇒ ✅（off 6 宗 / on 6 宗）；`R6/right` 標「**不可判**」（`GB-156`）·⛔ 併入違反計數
   `P-6` 鏈序變動恰可由遞補解釋 ⇒ ✅（位次有變 4 宗·合「前移恰等於其前被剔數」 4）
   `P-8` 可達性只增不減 ⇒ ✅（off ['R1', 'R2', 'R3', 'R4', 'R5', 'R6'] → on ['R1', 'R2', 'R3', 'R4', 'R5', 'R6']）
   中止街廓：off ＝ （無·跑完） ／ on ＝ （無·跑完）
