====================================================================================================================
【序 2】`驗乙′`（補令五 §二-2）：側烤 vs 正常跑之 `got_*`
====================================================================================================================
正規化 ＝ (1) 行尾→\n  (2) 去 BOM  (3) 欄依欄名排序　🛑 ⛔ 轉浮點／⛔ 容差／⛔ trim／⛔ casefold

  檔                                            (a)欄集  (b)列數  (c)逐格    判
  第 1 宗街角地指配結果_退縮0m.csv                        ✅      ✅      ✅        ✅ 過
  第 1 宗街角地指配結果_退縮3.5m.csv                      ✅      ✅      ✅        ✅ 過
  W-D.1.2 診斷_退縮0m.csv                          ✅      ✅      ✅        ✅ 過
  W-D.1.2 診斷_退縮3.5m.csv                        ✅      ✅      ✅        ✅ 過
  v3/W-D.1.2 診斷_退縮0m.csv                       ✅      ✅      ✅        ✅ 過
  v3/W-D.1.2 診斷_退縮3.5m.csv                     ✅      ✅      ✅        ✅ 過
  W-D.1.3-d 驗收_退縮3.5m.csv                      ✅      ✅      ✅        ✅ 過
  v3/W-D.4_四梯分級清單_退縮0m.csv                     ✅      ✅      ✅        ✅ 過
  v3/W-D.4_四梯分級清單_退縮3.5m.csv                   ✅      ✅      ✅        ✅ 過

  **`驗乙′` 過 9／9**

── 判別力（硬·二造·單 §二-2 所令）──
  受詞之檔 ＝ 第 1 宗街角地指配結果_退縮0m.csv
  造甲 [必綠] 同檔未注入之一輪                 ⇒ ✅ 過（須 ✅）
  造乙 [必紅] 首資料列第 1 格 'R4' → 'R4X'（＋單一字元 'X'）
       ⇒ 🔴 不過（✅ 如期轉紅）（須 🔴）；其紅之款：欄集 ✅／列數 ✅／逐格 🔴
       └ 其紅之**理由**（坑 17：⛔ 只看紅不紅）：列 1 欄「街廓」: 側烤='R4X' ／ 正常跑='R4'

  🔒 二造 異色 ⇒ 判別力 ✅ 成立
