====================================================================================================================================
【`W-G.9-276` `§三-2` 項 `3`／`4`】三個 `W` 與 `k956_W_from_mp` 回傳值之逐位對位
====================================================================================================================================
🛑 **⛔ 判孰為正確之 `W`、⛔ 提修法主張、⛔ 判 `K-9-5-6` 之射程**——出艙即止。

────────────────────────────────────────────────────────────────────────────────────────────────────────────────────────────────────
【正面第三造】**模組全域名解析**確可被間諜攔下之機械證（AST 實查 ＋ 實測計數）
────────────────────────────────────────────────────────────────────────────────────────────────────────────────────────────────────
   · `app.py:4292`  temp_parcels, _diag_k6 = k6_step0_merge(
     包層 ＝ `_annotate_temp_parcel_cut_type`
     ⇒ 其名 `k6_step0_merge` **⛔ 為該 def 之區域變數／參數** ⇒ 解析走**模組全域**（`__globals__`）
   · 實測（`§三-1` 主表）：態甲之 `k6_step0_merge` 計數 ＝ **1**（二法皆然）
   ⇒ 🔒 **模組全域名解析之呼叫確被攔下** ⇒ 該間諜法**⛔ 對此類呼叫失明**。

────────────────────────────────────────────────────────────────────────────────────────────────────────────────────────────────────
【回傳值集合】法乙（`__globals__`）之間諜所錄（逐情境 × 逐態）
────────────────────────────────────────────────────────────────────────────────────────────────────────────────────────────────────
   · `0m` 態乙 ⇒ n ＝ 0｜值 ＝ []
   · `0m` 態甲 ⇒ n ＝ 0｜值 ＝ []
   · `3.5m` 態乙 ⇒ n ＝ 1｜值 ＝ [6.98048044737404]
   · `3.5m` 態甲 ⇒ n ＝ 1｜值 ＝ [6.98048044737404]
   · **全母體之聯集** ＝ [6.98048044737404]（n ＝ 2）

────────────────────────────────────────────────────────────────────────────────────────────────────────────────────────────────────
【判別力二造】（單 `§三-2` 逐字·二造同判 ⇒ 器紅）
────────────────────────────────────────────────────────────────────────────────────────────────────────────────────────────────────
   · 造甲[必相符] ＝ 集合中任一元與其自身比 ⇒ **逐位相符** ✅
   · 造乙[必不符] ＝ 一人造值（**執行期組出**·字面⛔ 出艙）⇒ **⛔ 相符** ✅
   ⇒ **器非紅** ✅

────────────────────────────────────────────────────────────────────────────────────────────────────────────────────────────────────
【主表】三個 `W`（＋ `W_prev`）是否即 `k956_W_from_mp` 之輸出（**逐位**）
────────────────────────────────────────────────────────────────────────────────────────────────────────────────────────────────────
   🔒 **器可信與否之來源** ＝ `§三-1` 之準據判：態甲 二對照皆 `>0` ⇒ **可信**；
      態乙 `k6_step0_merge` ＝ `0`（step0 關閉）⇒ **部分** ⇒ 其格出艙【**⛔ 可得**】。
   | 名 | 值（單所載） | `0m` 態甲 | `0m` 態乙 | `3.5m` 態甲 | `3.5m` 態乙 |
   |---|---|---|---|---|---|
   | `宗地寬度(m)` | `14.01` | **⛔ 相符** | **⛔ 可得**（器不可信） | **⛔ 相符** | **⛔ 可得**（器不可信） |
   | `W(m)` | `14.20` | **⛔ 相符** | **⛔ 可得**（器不可信） | **⛔ 相符** | **⛔ 可得**（器不可信） |
   | `W_cur` | `14.1988975422` | **⛔ 相符** | **⛔ 可得**（器不可信） | **⛔ 相符** | **⛔ 可得**（器不可信） |
   | `W_prev` | `0.1775004071` | **⛔ 相符** | **⛔ 可得**（器不可信） | **⛔ 相符** | **⛔ 可得**（器不可信） |

   🛑 **三態⛔ 共用出艙碼**：「**⛔ 相符**」＝ 器可信且比對不中；
      「**⛔ 可得**」＝ 器不可信（`§三-1` 準據）⇒ **該格未作比對**。

RESULT=OK
