================================================================================================
【`常規四（九）二` 鑄號收工閘】受詞 ＝ 自誤 [366]
🔒 框（逐字·`自誤 364` 通則：具名各自之框及其出處）
   自誤 ＝ `VR-091` 補款二 `①` 定義框 ＋ 範圍框 ⇒ '^#+[^0-9０-９\\n]*?自誤[\\s\u3000`]*`?([0-9]{1,4})`?'
🔒 母體 ＝ `docs/reports/W-G.9波_claude.ai側自誤登記.md` 單檔（`W-G.9-192-PRE-b 🔧 一`）｜粒度框 ＝ 列框
================================================================================================
① 形之自證（定義框須命中新號之標題形）
   自誤 366 ⇒ 定義框命中 1 列 ✅
      逐字 ＝ '### 🩸 `自誤 366`\u3000**以「當次實跑」等<u>相對指涉</u>載一數，其所指隨<u>執行之時點</u>而移**'

② MAX 之推進
   立前 MAX ＝ 365（相異 355）｜立後 MAX ＝ 366（相異 356）
   期 365 → 366 ⇒ ✅
   立後缺號集（區間 [7..366]）＝ [106, 355, 356, 357]
   新號⛔ 在缺號集 ⇒ ✅
   新增之號 ＝ [366]（期 [366]）⇒ ✅

🔑 對照組（證框非瞎）
   必命中 自誤 363 ⇒ 1 列 ✅
   必為零 次號（真零對照·⛔ 構成占用·`W-G.9-192-PRE-b 🔧 二`）⇒ 0 列 ✅

🔒 判 ＝ ✅ 二項皆過 ⇒ 得入倉
🔒 次號 ＝ 367
================================================================================================
