======================================================================================================================
【驗丙之機械歸因】三端對拍（A ＝ 現行 baseline／B ＝ 前態側烤 `683b7fa`／C ＝ 現態側烤）
======================================================================================================================
前態 ＝ `683b7fa49e4e20f53593c363b7d7050c91218d20`（`app.py` blob `sha1 9660f1c8db5a39e3…`）
       其 `:9269` 逐字 ＝ `if _os_a.environ.get('WG9268P_ANCHOR_GEOM', '0') != '1':` ⇒ 錨點更正 **inert**

🔴 前態側烤集 ＝ 11 檔（現態 ＝ 51 檔）⇒ 錨點更正**解阻**管線
   前態側烤集之逐檔：
     · W-D.1.2 診斷_退縮0m.csv
     · W-D.1.2 診斷_退縮3.5m.csv
     · W-D.1.3-a 診斷_退縮0m.csv
     · W-D.1.3-a 診斷_退縮3.5m.csv
     · W-D.1.3-d 驗收_退縮3.5m.csv
     · v3/W-D.1.2 診斷_退縮0m.csv
     · v3/W-D.1.2 診斷_退縮3.5m.csv
     · 第 1 宗街角地指配結果_退縮0m.csv
     · 第 1 宗街角地指配結果_退縮3.5m.csv
     · 退縮0m參數.csv
     · 退縮3.5m參數.csv

  檔                                          B==A（前態 vs baseline）   C==A（現態 vs baseline）   歸因
  第 1 宗街角地指配結果_退縮0m.csv                      🔴 異                    🔴 異                    🔴 **B != A ⇒ 存在「其他」之差異**
       └ B vs A 之首個相異：列 1 欄「【右】優先權指數」: '0.9929' vs '0.9927'
  第 1 宗街角地指配結果_退縮3.5m.csv                    🔴 異                    🔴 異                    🔴 **B != A ⇒ 存在「其他」之差異**
       └ B vs A 之首個相異：列 1 欄「【右】優先權指數」: '0.9925' vs '0.9924'
  W-D.1.2 診斷_退縮0m.csv                        🔴 異                    🔴 異                    🔴 **B != A ⇒ 存在「其他」之差異**
       └ B vs A 之首個相異：列數 16 vs 18
  W-D.1.2 診斷_退縮3.5m.csv                      🔴 異                    🔴 異                    🔴 **B != A ⇒ 存在「其他」之差異**
       └ B vs A 之首個相異：列數 19 vs 21
  v3/W-D.1.2 診斷_退縮0m.csv                     🔴 異                    🔴 異                    🔴 **B != A ⇒ 存在「其他」之差異**
       └ B vs A 之首個相異：列數 16 vs 18
  v3/W-D.1.2 診斷_退縮3.5m.csv                   🔴 異                    🔴 異                    🔴 **B != A ⇒ 存在「其他」之差異**
       └ B vs A 之首個相異：列數 19 vs 21
  W-D.1.3-d 驗收_退縮3.5m.csv                    🔴 異                    🔴 異                    🔴 **B != A ⇒ 存在「其他」之差異**
       └ B vs A 之首個相異：列數 2 vs 3
  v3/W-D.4_四梯分級清單_退縮0m.csv                   —                      🔴 異                    🛑 **前態側烤⛔ 產出該檔** ⇒ 無從歸因
  v3/W-D.4_四梯分級清單_退縮3.5m.csv                 —                      🔴 異                    🛑 **前態側烤⛔ 產出該檔** ⇒ 無從歸因

  ✅ 全部差異皆由錨點更正所致 ＝ 0 檔｜🛑 無從歸因（前態⛔ 產出）＝ 2 檔｜🔴 含「其他」＝ 7 檔

🛑 **驗丙之判**：`🔴` 或 `🛑` 非空 ⇒ **停機上呈**（單 §二-3 驗丙：歸因為「其他」者停機）
