三軸 (1) 來源 ＝ 79a9144dc1f89f34f272d75ba598c4e9066cfe80
三軸 (2) 母體 ＝ 全倉追蹤檔 1844 檔（讀不到 22 ＝ git失敗 0 ＋ 解碼失敗 22）
三軸 (3) 粒度框 ＝ 檔框 ＋ 列框（錨定框·三形分列）

── 受詢之六號（逐筆歸類·`裁 H`：命中係待歸類之材料·⛔ 判準）──
   自誤 346       B 形 <前綴>`N` 檔=0 列=0 ｜ C 形 `<前綴> N` 檔=0 列=0 ｜ 鬆框（偵察） 檔=0 列=0 ｜ 受詢

── 對照組 甲（已知占用·須 `≥1`）──
   自誤 341       B 形 <前綴>`N` 檔=2 列=2 ｜ C 形 `<前綴> N` 檔=8 列=17 ｜ 鬆框（偵察） 檔=9 列=19 ｜ 甲（須 ≥1）
   自誤 340       B 形 <前綴>`N` 檔=0 列=0 ｜ C 形 `<前綴> N` 檔=8 列=19 ｜ 鬆框（偵察） 檔=9 列=21 ｜ 甲（須 ≥1）
   GB 157       B 形 <前綴>`N` 檔=0 列=0 ｜ C 形 `<前綴> N` 檔=11 列=24 ｜ 鬆框（偵察） 檔=11 列=27 ｜ 甲（須 ≥1）
   GB 156       B 形 <前綴>`N` 檔=0 列=0 ｜ C 形 `<前綴> N` 檔=15 列=24 ｜ 鬆框（偵察） 檔=17 列=28 ｜ 甲（須 ≥1）

── 對照組 乙（人造·**執行期自倉掃出**·須 `=0`·其號⛔ 出艙·代稱 `⟨NEG⟩`）──
   自誤   ⟨NEG⟩（執行期選出·字面⛔ 出艙）　B 形 檔=0 列=0 ｜ C 形 檔=0 列=0 ｜ 鬆框 檔=0 列=0 ｜ ✅ 乙（須 =0）
   GB   ⟨NEG⟩（執行期選出·字面⛔ 出艙）　B 形 檔=0 列=0 ｜ C 形 檔=0 列=0 ｜ 鬆框 檔=0 列=0 ｜ ✅ 乙（須 =0）
   🔒 **⟨NEG⟩ 之三形皆 `0` ⇒ 量測器能歸零**（⛔ 恆非零）

🔑 **`GB-158` 之受詞（B 形之量測器紅）逐形出艙**
   已知占用 自誤 341 ⇒ B 形 **2** 列／C 形 **17** 列 
   已知占用 自誤 340 ⇒ B 形 **0** 列／C 形 **19** 列 🔴 **B 形為 0 ⇒ ⛔ 單獨採信**
   已知占用 GB 157 ⇒ B 形 **0** 列／C 形 **24** 列 🔴 **B 形為 0 ⇒ ⛔ 單獨採信**
   已知占用 GB 156 ⇒ B 形 **0** 列／C 形 **24** 列 🔴 **B 形為 0 ⇒ ⛔ 單獨採信**

   ⇒ 對照組甲於 **C 形** 皆非零？ ✅ 是
