====================================================================================================================================
【`W-G.9-282` `§三`／`§四`】分支判準之**重立**（`b1`／`b2`）＋ `forced` 起算點之倉態對拍（執行期款）
====================================================================================================================================
🛑 **出艙即止**：⛔ 判違反、⛔ 判碼註為誤、⛔ 判「替身線」之所指、⛔ 提修法主張。
🔒 `b1`／`b2` 皆 `float ==` 之**逐位**相等——**⛔ 容差、⛔ 門檻**。

────────────────────────────────────────────────────────────────────────────────────────────────────────────────────────────────────
【自我驗證閘】框內省所錄之 `blk_label` ＋ 包裹器之錯誤計數（⛔ 不過即 loud 拒測）
────────────────────────────────────────────────────────────────────────────────────────────────────────────────────────────────────
   · `0m` 態乙｜`solve_G_binary` 呼叫 110 次｜`_corner_buffer_S` 呼叫 0 次｜鏈頭所錄之 `blk` = ['R1', 'R2', 'R4']｜包裹器錯誤 0 ⇒ ✅
   · `0m` 態甲｜`solve_G_binary` 呼叫 149 次｜`_corner_buffer_S` 呼叫 1 次｜鏈頭所錄之 `blk` = ['R1', 'R2', 'R3', 'R4', 'R5', 'R6']｜包裹器錯誤 0 ⇒ ✅
   · `3.5m` 態乙｜`solve_G_binary` 呼叫 110 次｜`_corner_buffer_S` 呼叫 1 次｜鏈頭所錄之 `blk` = ['R1', 'R4']｜包裹器錯誤 0 ⇒ ✅
   · `3.5m` 態甲｜`solve_G_binary` 呼叫 149 次｜`_corner_buffer_S` 呼叫 2 次｜鏈頭所錄之 `blk` = ['R1', 'R3', 'R4', 'R5', 'R6']｜包裹器錯誤 0 ⇒ ✅
   [判別力必非零] 四態合計 `solve_G_binary` 呼叫 = 518（期 > 0） ⇒ ✅
   ⇒ **器非紅** ✅

────────────────────────────────────────────────────────────────────────────────────────────────────────────────────────────────────
【情形甲／乙】源 = `run_corner_pk` 之第三回傳 `_off` 之 `指配` 欄（乙 = 強制抵費地）
────────────────────────────────────────────────────────────────────────────────────────────────────────────────────────────────────
   · `0m` 態乙 ⇒ `_off` 0 列｜乙之格 = （無）
   · `0m` 態甲 ⇒ `_off` 1 列｜乙之格 = [('R4', 'left')]
     - {'街廓': 'R4', '端': '左', '抵費地面積＝range(㎡)': '116.08', '指配': '強制抵費地'}
   · `3.5m` 態乙 ⇒ `_off` 3 列｜乙之格 = [('R2', 'left'), ('R3', 'right'), ('R5', 'left')]
     - {'街廓': 'R5', '端': '左', '抵費地面積＝range(㎡)': '299.73', '指配': '強制抵費地'}
     - {'街廓': 'R2', '端': '左', '抵費地面積＝range(㎡)': '308.17', '指配': '強制抵費地'}
     - {'街廓': 'R3', '端': '右', '抵費地面積＝range(㎡)': '307.79', '指配': '強制抵費地'}
   · `3.5m` 態甲 ⇒ `_off` 2 列｜乙之格 = [('R2', 'left'), ('R4', 'left')]
     - {'街廓': 'R4', '端': '左', '抵費地面積＝range(㎡)': '226.01', '指配': '強制抵費地'}
     - {'街廓': 'R2', '端': '左', '抵費地面積＝range(㎡)': '308.17', '指配': '強制抵費地'}
   [判別力必命中] 四態之乙格合計 = 6｜`_off` 列合計 = 6 ⇒ ✅

====================================================================================================================================
【`§三-2`／`§三-3`】新判準之逐格歸類（母體 = 同一有值鏈頭格·**本批於現母體重量**）
====================================================================================================================================
   母體之列數 = 48（期 48）｜**有值格 = 22**　🛑 本批於現母體重量·⛔ 轉引前批之 `22`

┌───────────────────────────────────────────────────────────────────────────────────────────────────────────────────────────────────
│ `0m` 態乙　**R1 / left**　暫編地號 = 628-37(1)　情形 = 甲　**支 = A1**
│   錨之符號名 = corner_pt　錨 = [310451.56699, 2652010.42816]
│   p1 = [310451.56699, 2652010.42816]　p2 = [310429.10233, 2651985.91925]
│   錨 == p1 ? True　錨 == p2 ? False　**b1 = True**
│   left_cum_S = 0.0　**b2 = True**
│   W_0 = -2.1456614263115625e-11　R(W_0) = 0.0　is_corner = True　_fo = False
│   â·(p2 − p1) = 3.552713678800501e-15　â·(錨 − p1) = 0.0　(錨 − p1) × (p2 − p1) = 0.0　🛑 末三欄**出艙即止**
┌───────────────────────────────────────────────────────────────────────────────────────────────────────────────────────────────────
│ `0m` 態乙　**R1 / right**　暫編地號 = 628(5)　情形 = 甲　**支 = B1**
│   錨之符號名 = end_pt　錨 = [310511.86051459576, 2651946.720229663]
│   p1 = [310511.58388, 2651947.01253]　p2 = [310489.64343, 2651922.00245]
│   錨 == p1 ? False　錨 == p2 ? False　**b1 = False**
│   right_cum_S = 0.0　**b2 = True**
│   W_0 = -0.40071797802292153　R(W_0) = 0.0　is_corner = True　_fo = False
│   â·(p2 − p1) = 0.0　â·(錨 − p1) = -0.4007179781764651　(錨 − p1) × (p2 − p1) = -13.33185429961504　🛑 末三欄**出艙即止**
┌───────────────────────────────────────────────────────────────────────────────────────────────────────────────────────────────────
│ `0m` 態乙　**R2 / left**　暫編地號 = 628-41(1)　情形 = 甲　**支 = A1**
│   錨之符號名 = corner_pt　錨 = [310361.51526, 2651912.18005]
│   p1 = [310361.51526, 2651912.18005]　p2 = [310394.8013, 2651881.96454]
│   錨 == p1 ? True　錨 == p2 ? False　**b1 = True**
│   left_cum_S = 0.0　**b2 = True**
│   W_0 = 1.9195844913610927e-10　R(W_0) = 3.340077014968301e-09　is_corner = True　_fo = False
│   â·(p2 − p1) = 0.0　â·(錨 − p1) = 0.0　(錨 − p1) × (p2 − p1) = -0.0　🛑 末三欄**出艙即止**
┌───────────────────────────────────────────────────────────────────────────────────────────────────────────────────────────────────
│ `0m` 態乙　**R4 / left**　暫編地號 = 628(1)　情形 = 甲　**支 = A1**
│   錨之符號名 = corner_pt　錨 = [310517.10709, 2651941.1775]
│   p1 = [310517.10709, 2651941.1775]　p2 = [310495.1684, 2651916.16941]
│   錨 == p1 ? True　錨 == p2 ? False　**b1 = True**
│   left_cum_S = 0.0　**b2 = True**
│   W_0 = -1.5354473248407885e-10　R(W_0) = 0.0　is_corner = True　_fo = False
│   â·(p2 − p1) = 0.0　â·(錨 − p1) = 0.0　(錨 − p1) × (p2 − p1) = 0.0　🛑 末三欄**出艙即止**
┌───────────────────────────────────────────────────────────────────────────────────────────────────────────────────────────────────
│ `0m` 態乙　**R4 / right**　暫編地號 = 628-1(1)　情形 = 甲　**支 = B1**
│   錨之符號名 = end_pt　錨 = [310584.97277032473, 2651869.489542534]
│   p1 = [310585.0948, 2651869.36064]　p2 = [310560.95013, 2651846.71976]
│   錨 == p1 ? False　錨 == p2 ? False　**b1 = False**
│   right_cum_S = 0.0　**b2 = True**
│   W_0 = 0.17750040709932335　R(W_0) = 3.088507083528226　is_corner = True　_fo = False
│   â·(p2 − p1) = 3.552713678800501e-15　â·(錨 − p1) = 0.17750040690957658　(錨 − p1) × (p2 − p1) = 5.8751683808028785　🛑 末三欄**出艙即止**
┌───────────────────────────────────────────────────────────────────────────────────────────────────────────────────────────────────
│ `0m` 態甲　**R1 / left**　暫編地號 = 628-37(1)　情形 = 甲　**支 = A1**
│   錨之符號名 = corner_pt　錨 = [310451.56699, 2652010.42816]
│   p1 = [310451.56699, 2652010.42816]　p2 = [310429.10233, 2651985.91925]
│   錨 == p1 ? True　錨 == p2 ? False　**b1 = True**
│   left_cum_S = 0.0　**b2 = True**
│   W_0 = -2.1456614263115625e-11　R(W_0) = 0.0　is_corner = True　_fo = False
│   â·(p2 − p1) = 3.552713678800501e-15　â·(錨 − p1) = 0.0　(錨 − p1) × (p2 − p1) = 0.0　🛑 末三欄**出艙即止**
┌───────────────────────────────────────────────────────────────────────────────────────────────────────────────────────────────────
│ `0m` 態甲　**R1 / right**　暫編地號 = 628(5)　情形 = 甲　**支 = B1**
│   錨之符號名 = end_pt　錨 = [310511.86051459576, 2651946.720229663]
│   p1 = [310511.58388, 2651947.01253]　p2 = [310489.64343, 2651922.00245]
│   錨 == p1 ? False　錨 == p2 ? False　**b1 = False**
│   right_cum_S = 0.0　**b2 = True**
│   W_0 = -0.40071797802292153　R(W_0) = 0.0　is_corner = True　_fo = False
│   â·(p2 − p1) = 0.0　â·(錨 − p1) = -0.4007179781764651　(錨 − p1) × (p2 − p1) = -13.33185429961504　🛑 末三欄**出艙即止**
┌───────────────────────────────────────────────────────────────────────────────────────────────────────────────────────────────────
│ `0m` 態甲　**R2 / left**　暫編地號 = 628-41(1)　情形 = 甲　**支 = A1**
│   錨之符號名 = corner_pt　錨 = [310361.51526, 2651912.18005]
│   p1 = [310361.51526, 2651912.18005]　p2 = [310394.8013, 2651881.96454]
│   錨 == p1 ? True　錨 == p2 ? False　**b1 = True**
│   left_cum_S = 0.0　**b2 = True**
│   W_0 = 1.9195844913610927e-10　R(W_0) = 3.340077014968301e-09　is_corner = True　_fo = False
│   â·(p2 − p1) = 0.0　â·(錨 − p1) = 0.0　(錨 − p1) × (p2 − p1) = -0.0　🛑 末三欄**出艙即止**
┌───────────────────────────────────────────────────────────────────────────────────────────────────────────────────────────────────
│ `0m` 態甲　**R3 / right**　暫編地號 = 628-30(3)+　情形 = 甲　**支 = B1**
│   錨之符號名 = end_pt　錨 = [310425.8048117402, 2651849.232317213]
│   p1 = [310428.04575, 2651851.78678]　p2 = [310394.8013, 2651881.96454]
│   錨 == p1 ? False　錨 == p2 ? False　**b1 = False**
│   right_cum_S = 0.0　**b2 = True**
│   W_0 = -3.397610755853746　R(W_0) = 0.0　is_corner = True　_fo = False
│   â·(p2 − p1) = -3.552713678800501e-15　â·(錨 − p1) = -3.3976107556813524　(錨 − p1) × (p2 − p1) = -152.54820738606998　🛑 末三欄**出艙即止**
┌───────────────────────────────────────────────────────────────────────────────────────────────────────────────────────────────────
│ `0m` 態甲　**R4 / left**　暫編地號 = 628(1)+　情形 = 乙（forced）　**支 = A2**
│   錨之符號名 = corner_pt　錨 = [310517.10709, 2651941.1775]
│   p1 = [310517.10709, 2651941.1775]　p2 = [310495.1684, 2651916.16941]
│   錨 == p1 ? True　錨 == p2 ? False　**b1 = True**
│   left_cum_S = 4.49975224003872　**b2 = False**
│   W_0 = 4.4804447557822895　R(W_0) = 40.77875748585019　is_corner = True　_fo = True
│   â·(p2 − p1) = 0.0　â·(錨 − p1) = 0.0　(錨 − p1) × (p2 − p1) = 0.0　🛑 末三欄**出艙即止**
┌───────────────────────────────────────────────────────────────────────────────────────────────────────────────────────────────────
│ `0m` 態甲　**R5 / left**　暫編地號 = 628-18(2)　情形 = 甲　**支 = A1**
│   錨之符號名 = corner_pt　錨 = [310433.97007, 2651846.40896]
│   p1 = [310433.97007, 2651846.40896]　p2 = [310466.20147, 2651817.1508]
│   錨 == p1 ? True　錨 == p2 ? False　**b1 = True**
│   left_cum_S = 0.0　**b2 = True**
│   W_0 = -1.723936549069549e-10　R(W_0) = 0.0　is_corner = True　_fo = False
│   â·(p2 − p1) = -3.552713678800501e-15　â·(錨 − p1) = 0.0　(錨 − p1) × (p2 − p1) = -0.0　🛑 末三欄**出艙即止**
┌───────────────────────────────────────────────────────────────────────────────────────────────────────────────────────────────────
│ `0m` 態甲　**R6 / right**　暫編地號 = 628-18(1)　情形 = 甲　**支 = B1**
│   錨之符號名 = end_pt　錨 = [310498.32255849463, 2651787.9927685885]
│   p1 = [310498.32256, 2651787.99277]　p2 = [310466.20147, 2651817.1508]
│   錨 == p1 ? False　錨 == p2 ? False　**b1 = False**
│   right_cum_S = 0.0　**b2 = True**
│   W_0 = -2.05701662814306e-06　R(W_0) = 0.0　is_corner = True　_fo = False
│   â·(p2 − p1) = 0.0　â·(錨 − p1) = -2.0568637923729957e-06　(錨 − p1) × (p2 − p1) = -8.92298506910791e-05　🛑 末三欄**出艙即止**
┌───────────────────────────────────────────────────────────────────────────────────────────────────────────────────────────────────
│ `3.5m` 態乙　**R1 / left**　暫編地號 = 628-36(1)　情形 = 甲　**支 = A1**
│   錨之符號名 = corner_pt　錨 = [310451.56699, 2652010.42816]
│   p1 = [310451.56699, 2652010.42816]　p2 = [310429.10233, 2651985.91925]
│   錨 == p1 ? True　錨 == p2 ? False　**b1 = True**
│   left_cum_S = 0.0　**b2 = True**
│   W_0 = -2.1456614263115625e-11　R(W_0) = 0.0　is_corner = True　_fo = False
│   â·(p2 − p1) = 3.552713678800501e-15　â·(錨 − p1) = 0.0　(錨 − p1) × (p2 − p1) = 0.0　🛑 末三欄**出艙即止**
┌───────────────────────────────────────────────────────────────────────────────────────────────────────────────────────────────────
│ `3.5m` 態乙　**R1 / right**　暫編地號 = 628(5)　情形 = 甲　**支 = B1**
│   錨之符號名 = end_pt　錨 = [310511.86051459576, 2651946.720229663]
│   p1 = [310511.58388, 2651947.01253]　p2 = [310489.64343, 2651922.00245]
│   錨 == p1 ? False　錨 == p2 ? False　**b1 = False**
│   right_cum_S = 0.0　**b2 = True**
│   W_0 = -0.40071797802292153　R(W_0) = 0.0　is_corner = True　_fo = False
│   â·(p2 − p1) = 0.0　â·(錨 − p1) = -0.4007179781764651　(錨 − p1) × (p2 − p1) = -13.33185429961504　🛑 末三欄**出艙即止**
┌───────────────────────────────────────────────────────────────────────────────────────────────────────────────────────────────────
│ `3.5m` 態乙　**R4 / left**　暫編地號 = 628(1)　情形 = 甲　**支 = A1**
│   錨之符號名 = corner_pt　錨 = [310517.10709, 2651941.1775]
│   p1 = [310517.10709, 2651941.1775]　p2 = [310495.1684, 2651916.16941]
│   錨 == p1 ? True　錨 == p2 ? False　**b1 = True**
│   left_cum_S = 0.0　**b2 = True**
│   W_0 = -1.5354473248407885e-10　R(W_0) = 0.0　is_corner = True　_fo = False
│   â·(p2 − p1) = 0.0　â·(錨 − p1) = 0.0　(錨 − p1) × (p2 − p1) = 0.0　🛑 末三欄**出艙即止**
┌───────────────────────────────────────────────────────────────────────────────────────────────────────────────────────────────────
│ `3.5m` 態乙　**R4 / right**　暫編地號 = 628-1(1)　情形 = 甲　**支 = B1**
│   錨之符號名 = end_pt　錨 = [310584.97277032473, 2651869.489542534]
│   p1 = [310585.0948, 2651869.36064]　p2 = [310560.95013, 2651846.71976]
│   錨 == p1 ? False　錨 == p2 ? False　**b1 = False**
│   right_cum_S = 0.0　**b2 = True**
│   W_0 = 0.17750040709932335　R(W_0) = 3.088507083528226　is_corner = True　_fo = False
│   â·(p2 − p1) = 3.552713678800501e-15　â·(錨 − p1) = 0.17750040690957658　(錨 − p1) × (p2 − p1) = 5.8751683808028785　🛑 末三欄**出艙即止**
┌───────────────────────────────────────────────────────────────────────────────────────────────────────────────────────────────────
│ `3.5m` 態甲　**R1 / left**　暫編地號 = 628-36(1)　情形 = 甲　**支 = A1**
│   錨之符號名 = corner_pt　錨 = [310451.56699, 2652010.42816]
│   p1 = [310451.56699, 2652010.42816]　p2 = [310429.10233, 2651985.91925]
│   錨 == p1 ? True　錨 == p2 ? False　**b1 = True**
│   left_cum_S = 0.0　**b2 = True**
│   W_0 = -2.1456614263115625e-11　R(W_0) = 0.0　is_corner = True　_fo = False
│   â·(p2 − p1) = 3.552713678800501e-15　â·(錨 − p1) = 0.0　(錨 − p1) × (p2 − p1) = 0.0　🛑 末三欄**出艙即止**
┌───────────────────────────────────────────────────────────────────────────────────────────────────────────────────────────────────
│ `3.5m` 態甲　**R1 / right**　暫編地號 = 628(5)　情形 = 甲　**支 = B1**
│   錨之符號名 = end_pt　錨 = [310511.86051459576, 2651946.720229663]
│   p1 = [310511.58388, 2651947.01253]　p2 = [310489.64343, 2651922.00245]
│   錨 == p1 ? False　錨 == p2 ? False　**b1 = False**
│   right_cum_S = 0.0　**b2 = True**
│   W_0 = -0.40071797802292153　R(W_0) = 0.0　is_corner = True　_fo = False
│   â·(p2 − p1) = 0.0　â·(錨 − p1) = -0.4007179781764651　(錨 − p1) × (p2 − p1) = -13.33185429961504　🛑 末三欄**出艙即止**
┌───────────────────────────────────────────────────────────────────────────────────────────────────────────────────────────────────
│ `3.5m` 態甲　**R3 / right**　暫編地號 = 628-30(3)+　情形 = 甲　**支 = B1**
│   錨之符號名 = end_pt　錨 = [310425.8048117402, 2651849.232317213]
│   p1 = [310428.04575, 2651851.78678]　p2 = [310394.8013, 2651881.96454]
│   錨 == p1 ? False　錨 == p2 ? False　**b1 = False**
│   right_cum_S = 0.0　**b2 = True**
│   W_0 = -3.397610755853746　R(W_0) = 0.0　is_corner = True　_fo = False
│   â·(p2 − p1) = -3.552713678800501e-15　â·(錨 − p1) = -3.3976107556813524　(錨 − p1) × (p2 − p1) = -152.54820738606998　🛑 末三欄**出艙即止**
┌───────────────────────────────────────────────────────────────────────────────────────────────────────────────────────────────────
│ `3.5m` 態甲　**R4 / left**　暫編地號 = 628(1)+　情形 = 乙（forced）　**支 = A2**
│   錨之符號名 = corner_pt　錨 = [310517.10709, 2651941.1775]
│   p1 = [310517.10709, 2651941.1775]　p2 = [310495.1684, 2651916.16941]
│   錨 == p1 ? True　錨 == p2 ? False　**b1 = True**
│   left_cum_S = 7.8185635189090075　**b2 = False**
│   W_0 = 7.785015718090257　R(W_0) = 59.93908487768739　is_corner = True　_fo = True
│   â·(p2 − p1) = 0.0　â·(錨 − p1) = 0.0　(錨 − p1) × (p2 − p1) = 0.0　🛑 末三欄**出艙即止**
┌───────────────────────────────────────────────────────────────────────────────────────────────────────────────────────────────────
│ `3.5m` 態甲　**R5 / left**　暫編地號 = 628-45(1)+　情形 = 甲　**支 = A1**
│   錨之符號名 = corner_pt　錨 = [310433.97007, 2651846.40896]
│   p1 = [310433.97007, 2651846.40896]　p2 = [310466.20147, 2651817.1508]
│   錨 == p1 ? True　錨 == p2 ? False　**b1 = True**
│   left_cum_S = 0.0　**b2 = True**
│   W_0 = -1.723936549069549e-10　R(W_0) = 0.0　is_corner = True　_fo = False
│   â·(p2 − p1) = -3.552713678800501e-15　â·(錨 − p1) = 0.0　(錨 − p1) × (p2 − p1) = -0.0　🛑 末三欄**出艙即止**
┌───────────────────────────────────────────────────────────────────────────────────────────────────────────────────────────────────
│ `3.5m` 態甲　**R6 / right**　暫編地號 = 628-18(1)　情形 = 甲　**支 = B1**
│   錨之符號名 = end_pt　錨 = [310498.32255849463, 2651787.9927685885]
│   p1 = [310498.32256, 2651787.99277]　p2 = [310466.20147, 2651817.1508]
│   錨 == p1 ? False　錨 == p2 ? False　**b1 = False**
│   right_cum_S = 0.0　**b2 = True**
│   W_0 = -2.05701662814306e-06　R(W_0) = 0.0　is_corner = True　_fo = False
│   â·(p2 − p1) = 0.0　â·(錨 − p1) = -2.0568637923729957e-06　(錨 − p1) × (p2 − p1) = -8.92298506910791e-05　🛑 末三欄**出艙即止**
└───────────────────────────────────────────────────────────────────────────────────────────────────────────────────────────────────

【支之分布（全母體）】
   · A1 = 10 格
   · A2 = 2 格
   · B1 = 10 格

====================================================================================================================================
【`§三-4`】判別力三造
====================================================================================================================================
【造甲·必命中】`b1` 為**真**之格數 = **12**（期 ≥ 1）
   · `0m` 態乙 R1/left（支 A1）
   · `0m` 態乙 R2/left（支 A1）
   · `0m` 態乙 R4/left（支 A1）
   · `0m` 態甲 R1/left（支 A1）
   · `0m` 態甲 R2/left（支 A1）
   · `0m` 態甲 R4/left（支 A2）
   · `0m` 態甲 R5/left（支 A1）
   · `3.5m` 態乙 R1/left（支 A1）
   · `3.5m` 態乙 R4/left（支 A1）
   · `3.5m` 態甲 R1/left（支 A1）
   · `3.5m` 態甲 R4/left（支 A2）
   · `3.5m` 態甲 R5/left（支 A1）
【造乙·必命中】`b1` 為**偽**之格數 = **10**（期 ≥ 1）
【造丙·必偽】人造點（**執行期組出**·字面⛔ 出艙）vs p1／p2 ⇒ False／False（期 False／False） ⇒ ✅

====================================================================================================================================
【`§三-5`】情形甲 ∧ `R(W_0) > 0` 之格：依**新判準**逐格歸類
====================================================================================================================================
   **當場重得之成員 = 4 格**　🛑 ⛔ 轉引前批之 `4`
   · `0m` 態乙 **R2/left**｜(b1, b2) = (True, True)｜**支 = A1**
     錨(corner_pt) = [310361.51526, 2651912.18005]｜p1 = [310361.51526, 2651912.18005]｜p2 = [310394.8013, 2651881.96454]｜left_cum_S = 0.0
     W_0 = 1.9195844913610927e-10｜R(W_0) = 3.340077014968301e-09｜is_corner = True｜_fo = False｜暫編地號 = 628-41(1)
     â·(p2 − p1) = 0.0｜â·(錨 − p1) = 0.0｜外積 = -0.0
   · `0m` 態乙 **R4/right**｜(b1, b2) = (False, True)｜**支 = B1**
     錨(end_pt) = [310584.97277032473, 2651869.489542534]｜p1 = [310585.0948, 2651869.36064]｜p2 = [310560.95013, 2651846.71976]｜right_cum_S = 0.0
     W_0 = 0.17750040709932335｜R(W_0) = 3.088507083528226｜is_corner = True｜_fo = False｜暫編地號 = 628-1(1)
     â·(p2 − p1) = 3.552713678800501e-15｜â·(錨 − p1) = 0.17750040690957658｜外積 = 5.8751683808028785
   · `0m` 態甲 **R2/left**｜(b1, b2) = (True, True)｜**支 = A1**
     錨(corner_pt) = [310361.51526, 2651912.18005]｜p1 = [310361.51526, 2651912.18005]｜p2 = [310394.8013, 2651881.96454]｜left_cum_S = 0.0
     W_0 = 1.9195844913610927e-10｜R(W_0) = 3.340077014968301e-09｜is_corner = True｜_fo = False｜暫編地號 = 628-41(1)
     â·(p2 − p1) = 0.0｜â·(錨 − p1) = 0.0｜外積 = -0.0
   · `3.5m` 態乙 **R4/right**｜(b1, b2) = (False, True)｜**支 = B1**
     錨(end_pt) = [310584.97277032473, 2651869.489542534]｜p1 = [310585.0948, 2651869.36064]｜p2 = [310560.95013, 2651846.71976]｜right_cum_S = 0.0
     W_0 = 0.17750040709932335｜R(W_0) = 3.088507083528226｜is_corner = True｜_fo = False｜暫編地號 = 628-1(1)
     â·(p2 − p1) = 3.552713678800501e-15｜â·(錨 − p1) = 0.17750040690957658｜外積 = 5.8751683808028785
   ⇒ 該 4 格所落之支 = ['A1', 'B1']（2 支）

====================================================================================================================================
【`§四`】`forced` 側起算點之倉態對拍——執行期之款 `2`／`3`／`4`（**出艙即止**）
====================================================================================================================================
  ── 款 `2`（後半）：`cum_S` 於 forced 側鏈頭格之**當場值**
     · `0m` 態甲 R4/left｜left_cum_S = 4.49975224003872｜b2 = False｜W_0 = 4.4804447557822895｜R(W_0) = 40.77875748585019
       錨(corner_pt) = [310517.10709, 2651941.1775]｜p1 = [310517.10709, 2651941.1775]｜p2 = [310495.1684, 2651916.16941]｜b1 = True｜支 = A2
     · `3.5m` 態甲 R4/left｜left_cum_S = 7.8185635189090075｜b2 = False｜W_0 = 7.785015718090257｜R(W_0) = 59.93908487768739
       錨(corner_pt) = [310517.10709, 2651941.1775]｜p1 = [310517.10709, 2651941.1775]｜p2 = [310495.1684, 2651916.16941]｜b1 = True｜支 = A2

  ── 款 `3`（後半）：`_corner_buffer_S` 之**回傳**逐次出艙
     · `0m` 態乙 ⇒ 呼叫 0 次
     · `0m` 態甲 ⇒ 呼叫 1 次
       - blk=R4 side=left buf=4.49975224003872 range_area=116.08 front_p1=[310517.10709, 2651941.1775]
     · `3.5m` 態乙 ⇒ 呼叫 1 次
       - blk=R2 side=left buf=8.696079893776137 range_area=308.17 front_p1=[310361.51526, 2651912.18005]
     · `3.5m` 態甲 ⇒ 呼叫 2 次
       - blk=R2 side=left buf=8.696079893776137 range_area=308.17 front_p1=[310361.51526, 2651912.18005]
       - blk=R4 side=left buf=7.8185635189090075 range_area=226.01 front_p1=[310517.10709, 2651941.1775]

  ── 款 `4`：該側 `_off` 之原列（見上「情形甲／乙」段·已逐列出艙）

====================================================================================================================================
【終止態】逐態之 `run_step_g` 中止閘（照實·⛔ 列為新紅）
====================================================================================================================================
   · `0m` 態乙 ⇒ 🔴 結構閘 理論＝實跑 破：街廓 R4 right 側 理論@k*=87.83 ≠ 實跑(階段1)=85.41（Δ=2.425 >0.1）｜參考 ΣΔ_i=+0.000（**⛔ 未用於本式**·實測反證見碼註）｜逐界面：[Δ_i·R4·right] （無界面）
   · `0m` 態甲 ⇒ （未拋出）
   · `3.5m` 態乙 ⇒ 🔴 結構閘 理論＝實跑 破：街廓 R4 right 側 理論@k*=87.83 ≠ 實跑(階段1)=85.41（Δ=2.425 >0.1）｜參考 ΣΔ_i=+0.000（**⛔ 未用於本式**·實測反證見碼註）｜逐界面：[Δ_i·R4·right] （無界面）
   · `3.5m` 態甲 ⇒ （未拋出）
====================================================================================================================================
