==============================================================================
W-G.9-268 閘 5：四簿取號量
三軸 (1) 來源 commit ＝ b2146e4d9a37bd02642f5ec849e9ec42b5a2d840
三軸 (2) 母體 ＝ 各該**單檔**（⛔ 全 docs/）·逐簿分列於下
三軸 (3) 粒度框 ＝ **列框**（相異 ＝ 集合基數）
==============================================================================

── 自誤 ── 母體 ＝ docs/reports/W-G.9波_claude.ai側自誤登記.md
   bytes = 739589 ／ \n 數 = 8663 ／ split('\n') 長 = 8664
   框內細目：定義框列 357／範圍框列 9／重咬列 3
   命中列（聯集）= 363
   相異〔集合基數〕= 356 ／ MAX = 366 ／ MIN = 7
   缺號集 [MIN..MAX] = [106, 355, 356, 357]
   扣除之哨兵 = 無 ／ 靜態清單(已鑄而框外·⛔ 計缺號) = 1-6

── GB ── 母體 ＝ docs/reports/W-G.4_泛用阻塞項登記表.md
   bytes = 787800 ／ \n 數 = 6461 ／ split('\n') 長 = 6462
   框內細目：式表列 131(相異131)／式A列 3(相異3)／式B列 77(相異74)
   命中列（聯集）= 211
   相異〔集合基數〕= 161 ／ MAX = 163 ／ MIN = 1
   缺號集 [MIN..MAX] = [12, 87]
   扣除之哨兵 = [997] ／ 靜態清單(已鑄而框外·⛔ 計缺號) = 無

── VR ── 母體 ＝ docs/驗證裁定登記表.md
   bytes = 394392 ／ \n 數 = 5123 ／ split('\n') 長 = 5124
   框內細目：單框
   命中列（聯集）= 81
   相異〔集合基數〕= 80 ／ MAX = 95 ／ MIN = 14
   缺號集 [MIN..MAX] = [73, 75]
   扣除之哨兵 = [999] ／ 靜態清單(已鑄而框外·⛔ 計缺號) = 1-13

── K-9 ── 母體 ＝ docs/rulings/K-6_街角地分配程序與可分配判準.md
   bytes = 295061 ／ \n 數 = 4056 ／ split('\n') 長 = 4057
   框內細目：單框
   命中列（聯集）= 106
   相異〔集合基數〕= 28 ／ MAX = 29 ／ MIN = 2
   缺號集 [MIN..MAX] = []
   扣除之哨兵 = 無 ／ 靜態清單(已鑄而框外·⛔ 計缺號) = 1-1
