======================================================================================================================
【`W-G.9-269` `c4` `§三-(b)` 另診】閘 `γ` 仍不過之**成因鑑別**（全 `12` 側·情境 `3.5m`）
======================================================================================================================
🔒 母體 ＝ 記憶體側 `g_rows` **59** 列（⛔ 落檔·⛔ baseline·`GB-162`）
🔒 判準 ＝ `V1.shared_edge`（逐字）｜「近乎零」之界 ＝ `G < 5.0 ㎡`（保守·具名）

── 全 `12` 側之閘 `γ` ──
   側              宗數       相鄰對數       閘 γ        判
   R1·left        1        0          0/0        🛑 母體 0（⛔ 靜默綠）
   R1·right       4        3          3/3        ✅ 過
   R2·left        7        6          6/6        ✅ 過
   R2·right       7        6          6/6        ✅ 過
   R3·left        5        4          4/4        ✅ 過
   R3·right       5        4          4/4        ✅ 過
   R4·left        1        0          0/0        🛑 母體 0（⛔ 靜默綠）
   R4·right       0        0          0/0        🛑 母體 0（⛔ 靜默綠）
   R5·left        5        4          3/4        🔴 不過
   R5·right       2        1          1/1        ✅ 過
   R6·left        3        2          2/2        ✅ 過
   R6·right       5        4          3/4        🔴 不過

   ⇒ 全過 **7** 側／不過 **2** 側／母體 `0` **3** 側（合計 12）
   🔒 判別力：**⛔ 恆紅**（有 7 側全過）亦**⛔ 恆綠**（有 2 側不過）

── 失敗對之逐對具名（`H1` 退化幾何 vs `H2` 街角界面）──
   側            宗 A                  宗 B                  共用     A（街角／G／寬）                  B（街角／G／寬）                  假說
   R5·left      628-45(1)+           628-18(2)            0      是／346.18／8.03              否／206.72／6.32              **H2**（街角）
   R6·right     628-53(1)            628-38(1)            1      否／0.26／0.01                否／117.73／2.69              **H1**（退化）

   ⇒ 失敗對 **2** 個：僅 `H1` **1**／僅 `H2` **1**／`H1 ⋀ H2` **0**／**皆⛔** **0**

── 反面對照（⛔ 只看失敗對·否則假說⛔ 可否證）──
   含**街角地**而 `γ` **通過**之對 ＝ **3** ⇒ 🔴 `H2` 之「街角必敗」被否證
   含**近乎零之宗**而 `γ` **通過**之對 ＝ **3** ⇒ 🔴 `H1` 之「退化必敗」被否證
======================================================================================================================
