====================================================================================================
【`W-G.9-270` 補令七 序 `4`】**`Σa 513.93` 之復現**（受詞 ＝ `Σa`·⛔ `Σ幾何面積_m2`）
====================================================================================================
🛑 ⛔ 判孰誤、⛔ 追改發單側之記載。
🟢 [配餘] 街廓 R1：幾何餘 0.0046㎡ 入抵費地（`K-9-5-7` 配餘·s∈[-0.3248,-0.0358]）——原為「非宗亦非池帶」之無主空間
[T2-DIAG] 街廓 R1｜宗數 5｜池帶 2 片｜池帶 s 寬 [35.4647  0.2890]｜池帶面積 [1175.4937  0.0046]｜Σ池 1175.4983｜覆蓋殘差 0.0000｜Σ 殘差 -0.0000｜宗-宗疊 0.0000（上界 0.6630）｜內部縫 0 帶／0.0000㎡｜退化帶 0 個｜s 域 [-0.3248,87.7155]
[Δ_i·R1·left·總量] 628-37(1)→628-35(2): W_far=6.4600／W_near=6.6200／W_start=6.4600／Δ=+0.0000／Δ_self=+0.9120／🔄方向改變
[Δ_i·R1·right·總量] 628(5)→628-34(3): W_far=7.0200／W_near=7.2300／W_start=7.0200／Δ=+0.0000／Δ_self=+1.1340／🔄方向改變　628-34(3)→628-36(1): W_far=9.6100／W_near=9.6100／W_start=9.6100／Δ=+0.0000／Δ_self=+0.0000
[Δ_i·R1·left·階段2] （無界面）
[Δ_i·R1·right·階段2] （無界面）
[Δ_i·R1·left·階段1] 628-37(1)→628-35(2): W_far=6.4600／W_near=6.6200／W_start=6.4600／Δ=+0.0000／Δ_self=+0.9120／🔄方向改變
[Δ_i·R1·right·階段1] 628(5)→628-34(3): W_far=7.0200／W_near=7.2300／W_start=7.0200／Δ=+0.0000／Δ_self=+1.1340／🔄方向改變　628-34(3)→628-36(1): W_far=9.6100／W_near=9.6100／W_start=9.6100／Δ=+0.0000／Δ_self=+0.0000
🟢 [配餘] 街廓 R2：幾何餘 152.3551㎡ 入抵費地（`K-9-5-7` 配餘·s∈[4.0554,10.8395]）——原為「非宗亦非池帶」之無主空間
[T2-DIAG] 街廓 R2｜宗數 12｜池帶 2 片｜池帶 s 寬 [37.8168  6.7842]｜池帶面積 [1682.7445  152.3551]｜Σ池 1835.0996｜覆蓋殘差 0.0000｜Σ 殘差 -0.0000｜宗-宗疊 0.0000（上界 2.4459）｜內部縫 0 帶／0.0000㎡｜退化帶 2 個（s 寬 2.67e-07, 4.23e-11）｜s 域 [0.2677,100.0274]
[Δ_i·R2·left·總量] 628-41(1)→628-40(1)+: W_far=4.0600／W_near=5.7400／W_start=4.0600／Δ=+0.0000／Δ_self=+10.2680／🔄方向改變　628-40(1)+→628-30(2): W_far=13.7800／W_near=13.7800／W_start=13.7800／Δ=+0.0000／Δ_self=+0.0000　628-30(2)→628-39(1): W_far=15.7200／W_near=15.7200／W_start=15.7200／Δ=+0.0000／Δ_self=+0.0000　628-39(1)→628-31(2): W_far=20.9300／W_near=20.9300／W_start=20.9300／Δ=+0.0000／Δ_self=+0.0000
[Δ_i·R2·left·階段2] （無界面）
[Δ_i·R2·left·階段1] 628-41(1)→628-40(1)+: W_far=4.0600／W_near=5.7400／W_start=4.0600／Δ=+0.0000／Δ_self=+10.2680／🔄方向改變　628-40(1)+→628-30(2): W_far=13.7800／W_near=13.7800／W_start=13.7800／Δ=+0.0000／Δ_self=+0.0000　628-30(2)→628-39(1): W_far=15.7200／W_near=15.7200／W_start=15.7200／Δ=+0.0000／Δ_self=+0.0000　628-39(1)→628-31(2): W_far=20.9300／W_near=20.9300／W_start=20.9300／Δ=+0.0000／Δ_self=+0.0000
[Δ_i·R2·right·階段1] （無界面）
🟢 [配餘] 街廓 R4：幾何餘 26.1116㎡ 入抵費地（`K-9-5-7` 配餘·s∈[1.5767,49.5299]）——原為「非宗亦非池帶」之無主空間
🟢 [配餘] 街廓 R4：幾何餘 26.0858㎡ 入抵費地（`K-9-5-7` 配餘·s∈[49.5299,97.2360]）——原為「非宗亦非池帶」之無主空間
[T2-DIAG] 街廓 R4｜宗數 1｜池帶 4 片｜池帶 s 寬 [4.3238  31.7158  47.9532  47.7061]｜池帶面積 [116.0800  1022.0462  26.1116  26.0858]｜Σ池 1190.3236｜覆蓋殘差 0.0000｜Σ 殘差 +0.0000｜宗-宗疊 0.0000（上界 0.0000）｜內部縫 0 帶／0.0000㎡｜退化帶 0 個｜s 域 [0.1759,98.7163]
[Δ_i·R4·left·總量] （無界面）
[Δ_i·R4·right·總量] （無界面）
[Δ_i·R4·left·階段2] （無界面）
[Δ_i·R4·right·階段2] （無界面）
🔴 首宗下限未達（補丁六 §二）：街廓 R4 right 側 首宗 KL W=0.00 < 退縮(0.00)＋畸零寬(3.50)=3.50——loud 記錄·禁靜默/禁 clamp（重烤後應 ≥ 下限）
[T2-DIAG] 街廓 R6｜宗數 8｜池帶 2 片｜池帶 s 寬 [3.6068  34.0520]｜池帶面積 [85.7064  1543.0063]｜Σ池 1628.7127｜覆蓋殘差 0.0000｜Σ 殘差 -0.0000｜宗-宗疊 0.0000（上界 1.5929）｜內部縫 0 帶／0.0000㎡｜退化帶 2 個（s 寬 1.18e-11, 1.01e-11）｜s 域 [-3.6068,85.8549]
[Δ_i·R6·right·總量] 628-18(1)→628-53(1): W_far=7.2000／W_near=7.2000／W_start=7.2000／Δ=+0.0000／Δ_self=+0.0000　628-53(1)→628-38(1): W_far=7.2000／W_near=7.2000／W_start=7.2000／Δ=+0.0000／Δ_self=+0.0000　628-38(1)→628-7(1): W_far=9.8900／W_near=9.8900／W_start=9.8900／Δ=+0.0000／Δ_self=+0.0000　628-7(1)→628-20(1): W_far=16.7700／W_near=16.7700／W_start=16.7700／Δ=+0.0000／Δ_self=+0.0000
[K-9-5-8] 街廓 R6 right 側：SIDE ∥ ALLOC **退化**（|cross|=0.0000000474／夾角=0.000003°　≤ 容差 1e-06）⇒ `K-9-5-4 ②` 套用後方向等值、無楔形；方向判準所得 []／街角第 1 宗 ['628-18(1)']——**合法組態·⛔ 非異常**（KL 裁 2026-08-08）
[Δ_i·R6·right·階段2] （無界面）
[Δ_i·R6·left·階段1] （無界面）
[Δ_i·R6·right·階段1] 628-18(1)→628-53(1): W_far=7.2000／W_near=7.2000／W_start=7.2000／Δ=+0.0000／Δ_self=+0.0000　628-53(1)→628-38(1): W_far=7.2000／W_near=7.2000／W_start=7.2000／Δ=+0.0000／Δ_self=+0.0000　628-38(1)→628-7(1): W_far=9.8900／W_near=9.8900／W_start=9.8900／Δ=+0.0000／Δ_self=+0.0000　628-7(1)→628-20(1): W_far=16.7700／W_near=16.7700／W_start=16.7700／Δ=+0.0000／Δ_self=+0.0000
[K-9-5-8] 街廓 R6 right 側：SIDE ∥ ALLOC **退化**（|cross|=0.0000000474／夾角=0.000003°　≤ 容差 1e-06）⇒ `K-9-5-4 ②` 套用後方向等值、無楔形；方向判準所得 []／街角第 1 宗 ['628-18(1)']——**合法組態·⛔ 非異常**（KL 裁 2026-08-08）
🟢 [配餘] 街廓 R5：幾何餘 145.1703㎡ 入抵費地（`K-9-5-7` 配餘·s∈[4.8498,11.4856]）——原為「非宗亦非池帶」之無主空間
[T2-DIAG] 街廓 R5｜宗數 7｜池帶 2 片｜池帶 s 寬 [35.7758  6.6358]｜池帶面積 [1621.8010  145.1703]｜Σ池 1766.9713｜覆蓋殘差 0.0000｜Σ 殘差 -0.0000｜宗-宗疊 0.0000（上界 1.3713）｜內部縫 0 帶／0.0000㎡｜退化帶 1 個（s 寬 6.31e-12）｜s 域 [0.2685,92.7995]
[Δ_i·R5·left·總量] 628-18(2)→628-7(2): W_far=4.8500／W_near=6.4900／W_start=4.8500／Δ=+0.0000／Δ_self=+9.7230／🔄方向改變　628-7(2)→628-45(1)+: W_far=13.4700／W_near=13.4700／W_start=13.4700／Δ=+0.0000／Δ_self=+0.0000　628-45(1)+→628-31(1): W_far=21.6700／W_near=21.6700／W_start=21.6700／Δ=+0.0000／Δ_self=+0.0000　628-31(1)→628-32(1): W_far=21.9100／W_near=21.9100／W_start=21.9100／Δ=+0.0000／Δ_self=+0.0000
[Δ_i·R5·left·階段2] （無界面）
[Δ_i·R5·left·階段1] 628-18(2)→628-7(2): W_far=4.8500／W_near=6.4900／W_start=4.8500／Δ=+0.0000／Δ_self=+9.7230／🔄方向改變　628-7(2)→628-45(1)+: W_far=13.4700／W_near=13.4700／W_start=13.4700／Δ=+0.0000／Δ_self=+0.0000　628-45(1)+→628-31(1): W_far=21.6700／W_near=21.6700／W_start=21.6700／Δ=+0.0000／Δ_self=+0.0000　628-31(1)→628-32(1): W_far=21.9100／W_near=21.9100／W_start=21.9100／Δ=+0.0000／Δ_self=+0.0000
[Δ_i·R5·right·階段1] （無界面）
[T2-DIAG] 街廓 R3｜宗數 10｜池帶 1 片｜池帶 s 寬 [40.5337]｜池帶面積 [1795.1328]｜Σ池 1795.1328｜覆蓋殘差 0.0001｜Σ 殘差 -0.0001｜宗-宗疊 0.0000（上界 1.9953）｜內部縫 0 帶／0.0000㎡｜退化帶 3 個（s 寬 5.57e-06, 1.70e-10, 4.24e-11）｜s 域 [-0.0000,96.8032]
[Δ_i·R3·right·總量] 628-30(3)+→628-42(2): W_far=14.1400／W_near=15.7800／W_start=14.1400／Δ=+0.0000／Δ_self=+5.4280／🔄方向改變　628-42(2)→628-27(2): W_far=16.1000／W_near=16.1000／W_start=16.1000／Δ=+0.0000／Δ_self=+0.0000　628-27(2)→628-29(1)+: W_far=16.6900／W_near=16.6900／W_start=16.6900／Δ=+0.0000／Δ_self=+0.0000　628-29(1)+→628-31(3): W_far=19.6200／W_near=19.6200／W_start=19.6200／Δ=+0.0000／Δ_self=+0.0000
[Δ_i·R3·right·階段2] （無界面）
[Δ_i·R3·left·階段1] （無界面）
[Δ_i·R3·right·階段1] 628-30(3)+→628-42(2): W_far=14.1400／W_near=15.7800／W_start=14.1400／Δ=+0.0000／Δ_self=+5.4280／🔄方向改變　628-42(2)→628-27(2): W_far=16.1000／W_near=16.1000／W_start=16.1000／Δ=+0.0000／Δ_self=+0.0000　628-27(2)→628-29(1)+: W_far=16.6900／W_near=16.6900／W_start=16.6900／Δ=+0.0000／Δ_self=+0.0000　628-29(1)+→628-31(3): W_far=19.6200／W_near=19.6200／W_start=19.6200／Δ=+0.0000／Δ_self=+0.0000

── 情境 `退縮 0m`　自我驗證閘（重建 vs `compute()` dump） ────────────────────────────────────────────────────────
   不符之項 ＝ 0 ✅ 全綠

── 情境 `退縮 0m`　歸戶 `G010` 之逐宗（受詞 ＝ `a 面積(㎡)` ＝ 重劃前面積） ────────────────────────────────────────────────
   | 暫編地號 | 原地號 | 所屬街廓 | `a 面積(㎡)` | `幾何面積(㎡)` | `G(㎡)` |
   |---|---|---|---|---|---|
   | `628-40(1)+` | `628-40` | `R2` | `513.93` | `285.57` | `285.56` |
   ⇒ **`Σa` ＝ 513.93**（1 宗）／`Σ幾何面積` ＝ 285.57

── 情境 `退縮 0m`　二值並報（⛔ 判孰誤） ──────────────────────────────────────────────────────────────────────────
   | 量 | 受詞 | 發單側／commit message 所載 | 本批實測 | 判 |
   |---|---|---|---|---|
   | `Σa` | **重劃前面積之和** | `513.93`（發單側現查·依賴序更正節） | **`513.93`** | 🟢 **相符** |
   | `Σ幾何面積_m2` | **幾何面積之和** | `513.79`（`a2c4b2b` commit message 逐字） | **`285.57`** | 🔴 **相異 -228.22** |
   🔒 **成員（`a2c4b2b` 逐字）** ＝ `628-40(1)` ＋ `628-43(1)` ⇒ 合併後 `628-40(1)+`
   🛑 **⛔ 判孰誤、⛔ 追改發單側之記載**——相異即照實並報二值與各自之受詞。
🟢 [配餘] 街廓 R1：幾何餘 5.3835㎡ 入抵費地（`K-9-5-7` 配餘·s∈[17.2402,17.5649]）——原為「非宗亦非池帶」之無主空間
🟢 [配餘] 街廓 R1：幾何餘 0.0046㎡ 入抵費地（`K-9-5-7` 配餘·s∈[-0.3248,-0.0358]）——原為「非宗亦非池帶」之無主空間
[T2-DIAG] 街廓 R1｜宗數 5｜池帶 3 片｜池帶 s 寬 [35.2871  0.3247  0.2890]｜池帶面積 [1169.7082  5.3835  0.0046]｜Σ池 1175.0963｜覆蓋殘差 0.0000｜Σ 殘差 -0.0000｜宗-宗疊 0.0000（上界 0.6630）｜內部縫 0 帶／0.0000㎡｜退化帶 0 個｜s 域 [-0.3248,87.7155]
[Δ_i·R1·left·總量] （無界面）
[Δ_i·R1·right·總量] 628(5)→628-34(3): W_far=7.0200／W_near=7.2300／W_start=7.0200／Δ=+0.0000／Δ_self=+1.1340／🔄方向改變　628-34(3)→628-37(1): W_far=9.6100／W_near=9.6100／W_start=9.6100／Δ=+0.0000／Δ_self=+0.0000　628-37(1)→628-35(2): W_far=16.1200／W_near=16.1200／W_start=16.1200／Δ=+0.0000／Δ_self=+0.0000
[Δ_i·R1·left·階段2] （無界面）
[Δ_i·R1·right·階段2] （無界面）
[Δ_i·R1·left·階段1] （無界面）
[Δ_i·R1·right·階段1] 628(5)→628-34(3): W_far=7.0200／W_near=7.2300／W_start=7.0200／Δ=+0.0000／Δ_self=+1.1340／🔄方向改變　628-34(3)→628-37(1): W_far=9.6100／W_near=9.6100／W_start=9.6100／Δ=+0.0000／Δ_self=+0.0000　628-37(1)→628-35(2): W_far=16.1200／W_near=16.1200／W_start=16.1200／Δ=+0.0000／Δ_self=+0.0000
[T2-DIAG] 街廓 R2｜宗數 14｜池帶 2 片｜池帶 s 寬 [8.4283  32.9691]｜池帶面積 [308.1700  1466.2584]｜Σ池 1774.4284｜覆蓋殘差 0.0000｜Σ 殘差 -0.0000｜宗-宗疊 0.0000（上界 2.8906）｜內部縫 0 帶／0.0000㎡｜退化帶 4 個（s 寬 5.98e-12, 4.27e-10, 4.09e-11, 4.23e-11）｜s 域 [0.2677,100.0274]
[Δ_i·R2·left·總量] 628-42(1)→628-41(1): W_far=7.0900／W_near=7.0900／W_start=7.0900／Δ=+0.0000／Δ_self=+0.0000　628-41(1)→628-27(1): W_far=11.1600／W_near=11.1600／W_start=11.1600／Δ=+0.0000／Δ_self=+0.0000　628-27(1)→628-40(1)+: W_far=11.8200／W_near=11.8200／W_start=11.8200／Δ=+0.0000／Δ_self=+0.0000　628-40(1)+→628-30(2): W_far=18.4800／W_near=18.4800／W_start=18.4800／Δ=+0.0000／Δ_self=+0.0000　628-30(2)→628-39(1): W_far=20.4900／W_near=20.4900／W_start=20.4900／Δ=+0.0000／Δ_self=+0.0000　628-39(1)→628-31(2): W_far=25.7600／W_near=25.7600／W_start=25.7600／Δ=+0.0000／Δ_self=+0.0000
[Δ_i·R2·left·階段2] （無界面）
[Δ_i·R2·left·階段1] 628-42(1)→628-41(1): W_far=7.0900／W_near=7.0900／W_start=7.0900／Δ=+0.0000／Δ_self=+0.0000　628-41(1)→628-27(1): W_far=11.1600／W_near=11.1600／W_start=11.1600／Δ=+0.0000／Δ_self=+0.0000　628-27(1)→628-40(1)+: W_far=11.8200／W_near=11.8200／W_start=11.8200／Δ=+0.0000／Δ_self=+0.0000　628-40(1)+→628-30(2): W_far=18.4800／W_near=18.4800／W_start=18.4800／Δ=+0.0000／Δ_self=+0.0000　628-30(2)→628-39(1): W_far=20.4900／W_near=20.4900／W_start=20.4900／Δ=+0.0000／Δ_self=+0.0000　628-39(1)→628-31(2): W_far=25.7600／W_near=25.7600／W_start=25.7600／Δ=+0.0000／Δ_self=+0.0000
[Δ_i·R2·right·階段1] （無界面）
🟢 [配餘] 街廓 R4：幾何餘 26.1102㎡ 入抵費地（`K-9-5-7` 配餘·s∈[7.8186,9.3951]）——原為「非宗亦非池帶」之無主空間
🟢 [配餘] 街廓 R4：幾何餘 26.0843㎡ 入抵費地（`K-9-5-7` 配餘·s∈[68.9201,70.4959]）——原為「非宗亦非池帶」之無主空間
[T2-DIAG] 街廓 R4｜宗數 1｜池帶 4 片｜池帶 s 寬 [7.6427  28.2204  1.5766  1.5758]｜池帶面積 [226.0100  906.3247  26.1102  26.0843]｜Σ池 1184.5292｜覆蓋殘差 0.0000｜Σ 殘差 +0.0000｜宗-宗疊 0.0000（上界 0.0000）｜內部縫 0 帶／0.0000㎡｜退化帶 0 個｜s 域 [0.1759,98.7163]
[Δ_i·R4·left·總量] （無界面）
[Δ_i·R4·right·總量] （無界面）
[Δ_i·R4·left·階段2] （無界面）
[Δ_i·R4·right·階段2] （無界面）
🔴 首宗下限未達（補丁六 §二）：街廓 R4 right 側 首宗 KL W=0.00 < 退縮(3.50)＋畸零寬(3.50)=7.00——loud 記錄·禁靜默/禁 clamp（重烤後應 ≥ 下限）
[T2-DIAG] 街廓 R6｜宗數 8｜池帶 2 片｜池帶 s 寬 [3.6068  34.0520]｜池帶面積 [85.7064  1543.0063]｜Σ池 1628.7127｜覆蓋殘差 0.0000｜Σ 殘差 -0.0000｜宗-宗疊 0.0000（上界 1.5929）｜內部縫 0 帶／0.0000㎡｜退化帶 2 個（s 寬 1.18e-11, 1.01e-11）｜s 域 [-3.6068,85.8549]
[Δ_i·R6·right·總量] 628-18(1)→628-53(1): W_far=7.2000／W_near=7.2000／W_start=7.2000／Δ=+0.0000／Δ_self=+0.0000　628-53(1)→628-38(1): W_far=7.2000／W_near=7.2000／W_start=7.2000／Δ=+0.0000／Δ_self=+0.0000　628-38(1)→628-7(1): W_far=9.8900／W_near=9.8900／W_start=9.8900／Δ=+0.0000／Δ_self=+0.0000　628-7(1)→628-20(1): W_far=16.7700／W_near=16.7700／W_start=16.7700／Δ=+0.0000／Δ_self=+0.0000
[K-9-5-8] 街廓 R6 right 側：SIDE ∥ ALLOC **退化**（|cross|=0.0000000474／夾角=0.000003°　≤ 容差 1e-06）⇒ `K-9-5-4 ②` 套用後方向等值、無楔形；方向判準所得 []／街角第 1 宗 ['628-18(1)']——**合法組態·⛔ 非異常**（KL 裁 2026-08-08）
[Δ_i·R6·right·階段2] （無界面）
[Δ_i·R6·left·階段1] （無界面）
[Δ_i·R6·right·階段1] 628-18(1)→628-53(1): W_far=7.2000／W_near=7.2000／W_start=7.2000／Δ=+0.0000／Δ_self=+0.0000　628-53(1)→628-38(1): W_far=7.2000／W_near=7.2000／W_start=7.2000／Δ=+0.0000／Δ_self=+0.0000　628-38(1)→628-7(1): W_far=9.8900／W_near=9.8900／W_start=9.8900／Δ=+0.0000／Δ_self=+0.0000　628-7(1)→628-20(1): W_far=16.7700／W_near=16.7700／W_start=16.7700／Δ=+0.0000／Δ_self=+0.0000
[K-9-5-8] 街廓 R6 right 側：SIDE ∥ ALLOC **退化**（|cross|=0.0000000474／夾角=0.000003°　≤ 容差 1e-06）⇒ `K-9-5-4 ②` 套用後方向等值、無楔形；方向判準所得 []／街角第 1 宗 ['628-18(1)']——**合法組態·⛔ 非異常**（KL 裁 2026-08-08）
🟢 [配餘] 街廓 R5：幾何餘 146.1806㎡ 入抵費地（`K-9-5-7` 配餘·s∈[8.0592,14.7180]）——原為「非宗亦非池帶」之無主空間
[T2-DIAG] 街廓 R5｜宗數 7｜池帶 2 片｜池帶 s 寬 [35.7531  6.6588]｜池帶面積 [1620.7892  146.1806]｜Σ池 1766.9699｜覆蓋殘差 0.0000｜Σ 殘差 -0.0000｜宗-宗疊 0.0000（上界 1.3713）｜內部縫 0 帶／0.0000㎡｜退化帶 0 個｜s 域 [0.2685,92.7995]
[Δ_i·R5·left·總量] 628-45(1)+→628-18(2): W_far=8.0600／W_near=9.6900／W_start=8.0600／Δ=+0.0000／Δ_self=+8.2000／🔄方向改變　628-18(2)→628-7(2): W_far=16.0200／W_near=16.0200／W_start=16.0200／Δ=+0.0000／Δ_self=+0.0000　628-7(2)→628-31(1): W_far=21.6900／W_near=21.6900／W_start=21.6900／Δ=+0.0000／Δ_self=+0.0000　628-31(1)→628-32(1): W_far=21.9300／W_near=21.9300／W_start=21.9300／Δ=+0.0000／Δ_self=+0.0000
[Δ_i·R5·left·階段2] （無界面）
[Δ_i·R5·left·階段1] 628-45(1)+→628-18(2): W_far=8.0600／W_near=9.6900／W_start=8.0600／Δ=+0.0000／Δ_self=+8.2000／🔄方向改變　628-18(2)→628-7(2): W_far=16.0200／W_near=16.0200／W_start=16.0200／Δ=+0.0000／Δ_self=+0.0000　628-7(2)→628-31(1): W_far=21.6900／W_near=21.6900／W_start=21.6900／Δ=+0.0000／Δ_self=+0.0000　628-31(1)→628-32(1): W_far=21.9300／W_near=21.9300／W_start=21.9300／Δ=+0.0000／Δ_self=+0.0000
[Δ_i·R5·right·階段1] （無界面）
[T2-DIAG] 街廓 R3｜宗數 10｜池帶 1 片｜池帶 s 寬 [40.5337]｜池帶面積 [1795.1328]｜Σ池 1795.1328｜覆蓋殘差 0.0001｜Σ 殘差 -0.0001｜宗-宗疊 0.0000（上界 1.9953）｜內部縫 0 帶／0.0000㎡｜退化帶 3 個（s 寬 5.57e-06, 1.70e-10, 4.24e-11）｜s 域 [-0.0000,96.8032]
[Δ_i·R3·right·總量] 628-30(3)+→628-42(2): W_far=14.1400／W_near=15.7800／W_start=14.1400／Δ=+0.0000／Δ_self=+5.4280／🔄方向改變　628-42(2)→628-27(2): W_far=16.1000／W_near=16.1000／W_start=16.1000／Δ=+0.0000／Δ_self=+0.0000　628-27(2)→628-29(1)+: W_far=16.6900／W_near=16.6900／W_start=16.6900／Δ=+0.0000／Δ_self=+0.0000　628-29(1)+→628-31(3): W_far=19.6200／W_near=19.6200／W_start=19.6200／Δ=+0.0000／Δ_self=+0.0000
[Δ_i·R3·right·階段2] （無界面）
[Δ_i·R3·left·階段1] （無界面）
[Δ_i·R3·right·階段1] 628-30(3)+→628-42(2): W_far=14.1400／W_near=15.7800／W_start=14.1400／Δ=+0.0000／Δ_self=+5.4280／🔄方向改變　628-42(2)→628-27(2): W_far=16.1000／W_near=16.1000／W_start=16.1000／Δ=+0.0000／Δ_self=+0.0000　628-27(2)→628-29(1)+: W_far=16.6900／W_near=16.6900／W_start=16.6900／Δ=+0.0000／Δ_self=+0.0000　628-29(1)+→628-31(3): W_far=19.6200／W_near=19.6200／W_start=19.6200／Δ=+0.0000／Δ_self=+0.0000

── 情境 `退縮 3.5m`　自我驗證閘（重建 vs `compute()` dump） ──────────────────────────────────────────────────────
   不符之項 ＝ 0 ✅ 全綠

── 情境 `退縮 3.5m`　歸戶 `G010` 之逐宗（受詞 ＝ `a 面積(㎡)` ＝ 重劃前面積） ──────────────────────────────────────────────
   | 暫編地號 | 原地號 | 所屬街廓 | `a 面積(㎡)` | `幾何面積(㎡)` | `G(㎡)` |
   |---|---|---|---|---|---|
   | `628-40(1)+` | `628-40` | `R2` | `513.93` | `299.5` | `299.51` |
   ⇒ **`Σa` ＝ 513.93**（1 宗）／`Σ幾何面積` ＝ 299.50

── 情境 `退縮 3.5m`　二值並報（⛔ 判孰誤） ────────────────────────────────────────────────────────────────────────
   | 量 | 受詞 | 發單側／commit message 所載 | 本批實測 | 判 |
   |---|---|---|---|---|
   | `Σa` | **重劃前面積之和** | `513.93`（發單側現查·依賴序更正節） | **`513.93`** | 🟢 **相符** |
   | `Σ幾何面積_m2` | **幾何面積之和** | `513.79`（`a2c4b2b` commit message 逐字） | **`299.50`** | 🔴 **相異 -214.29** |
   🔒 **成員（`a2c4b2b` 逐字）** ＝ `628-40(1)` ＋ `628-43(1)` ⇒ 合併後 `628-40(1)+`
   🛑 **⛔ 判孰誤、⛔ 追改發單側之記載**——相異即照實並報二值與各自之受詞。
