======================================================================================================================
【`W-G.9-268′` 補令九 序 `1′`】人造擾動之判別力 ＋ 款 `(2)` 逐側鏈序
======================================================================================================================
🔒 判準來源 ＝ 倉內既有 `V1`（只換資料源·五款與 `1e-6` 一字不動）
🔒 `V1.TOL_K1` ＝ 1e-06／`V1.TOL_K3` ＝ 1e-06（自該模組現讀）｜擾動量固定 ＝ 0.001 m

🔒 [0m  ／off] `g_rows` **21** 列（母體基數）／中止 R2
🔒 [0m  ／on ] `g_rows` **59** 列（母體基數）／中止 無
🔒 [3.5m／off] `g_rows` **47** 列（母體基數）／中止 R5
🔒 [3.5m／on ] `g_rows` **60** 列（母體基數）／中止 無

🔒 `V-1′` 之比較端 `OFF` ＝ `3.5m`／`off`（**47** 列）⇒ ⛔ 混入 `0m` 之列

======================================================================================================================
【`§三-3`】`V-1′-b` 款 `(2)`：逐側**鏈序不變**（⛔ 需共用邊框·直接比對序列）
======================================================================================================================
🔒 **已動／未動之判⛔ 用 `cut_coords` 逐位相異**（`§三-1` 明令：末位浮點差⛔ 真實位移）
   改用**無框可得**之二量：全側 `|ΔG|max` 與 `max|Δ累積S|`（皆 `> 1e-6` 方判已動）

   0m   R1   left   宗  2｜`|ΔG|max`   0.0000｜`max|Δ累積S|`   0.0000｜✅ 未動｜鏈序 ✅ 不變
   0m   R1   right  宗  3｜`|ΔG|max`   0.0000｜`max|Δ累積S|`   0.0000｜✅ 未動｜鏈序 ✅ 不變
   0m   R2   left   宗  7｜`|ΔG|max`   3.5900｜`max|Δ累積S|`   3.3900｜🔴 已動｜鏈序 ✅ 不變
   0m   R2   right  宗  7｜`|ΔG|max`   0.0000｜`max|Δ累積S|`   0.0000｜✅ 未動｜鏈序 ✅ 不變
   3.5m R1   left   宗  1｜`|ΔG|max`   0.0000｜`max|Δ累積S|`   0.0000｜✅ 未動｜鏈序 ✅ 不變
   3.5m R1   right  宗  4｜`|ΔG|max`   0.0000｜`max|Δ累積S|`   0.0000｜✅ 未動｜鏈序 ✅ 不變
   3.5m R2   left   宗  7｜`|ΔG|max`   0.0000｜`max|Δ累積S|`   0.0000｜✅ 未動｜鏈序 ✅ 不變
   3.5m R2   right  宗  7｜`|ΔG|max`   0.0000｜`max|Δ累積S|`   0.0000｜✅ 未動｜鏈序 ✅ 不變
   3.5m R4   left   宗  1｜`|ΔG|max`   0.0000｜`max|Δ累積S|`   1.5800｜🔴 已動｜鏈序 ✅ 不變
   3.5m R5   left   宗  6｜`|ΔG|max`   3.6000｜`max|Δ累積S|`   3.3200｜🔴 已動｜鏈序 ✅ 不變
   3.5m R5   right  宗  2｜`|ΔG|max`   0.0000｜`max|Δ累積S|`   0.0000｜✅ 未動｜鏈序 ✅ 不變
   3.5m R6   left   宗  3｜`|ΔG|max`   0.0000｜`max|Δ累積S|`   0.0000｜✅ 未動｜鏈序 ✅ 不變
   3.5m R6   right  宗  5｜`|ΔG|max`   0.0000｜`max|Δ累積S|`   0.0000｜✅ 未動｜鏈序 ✅ 不變

   🔒 母體基數（二態共有之側）＝ **13**｜其中**已動** ＝ **3**
   🟡 **僅 `on` 有之側**（新可達·⛔ 判·loud）＝ 9：['0m·R3·left', '0m·R3·right', '0m·R4·left', '0m·R5·left', '0m·R5·right', '0m·R6·left', '0m·R6·right', '3.5m·R3·left', '3.5m·R3·right']

======================================================================================================================
【`§三-2`】人造擾動之判別力（組 ＝ `3.5m`·`R2`·`left`）
======================================================================================================================
   `d̂`（生產解析器之 `FRONT_LINE` `p1→p2`）＝ (0.675685532, 0.737189977)
   該側宗數 ＝ 7｜擾動量 ＝ 0.001 m（**固定**·⛔ 調）

── 輪 `1`〔**陰性**·未擾動〕──
====================================================================================================================
【陰性·未擾動】受詞逐字 ＝ `3.5m`·`R2`·`left`（⛔ 以容器名代之）
====================================================================================================================
   鏈序 態A ＝ ['628-42(1)', '628-41(1)', '628-27(1)', '628-40(1)+', '628-30(2)', '628-39(1)', '628-31(2)']
   鏈序 態B ＝ ['628-42(1)', '628-41(1)', '628-27(1)', '628-40(1)+', '628-30(2)', '628-39(1)', '628-31(2)']
   鏈頭（第 `0` 宗）＝ 628-42(1)（`驗_宗序` ＝ 其後）
   🔑 **判定集基數 `n`（非鏈頭宗數）＝ 6**
   🔑 **二態 `cut_coords` 逐位相同 ＝ 1/7 宗**（全側·含鏈頭）⇒ 該側 🔴 **已動**
        全側 `|ΔG|` 最大 ＝ 0.0000 ㎡
   ── 自我驗證閘 ──
     閘 γ（共用邊恰 2 頂點）6/6  ✅
     閘 α（`b_i − b_{i−1}` vs 落檔 `S(m)`·±0.01）5/5｜最大 |Δ| ＝ 0.003677  ✅
     閘 β（`area` vs 落檔 `G(㎡)`·±0.02）7/7  ✅
     閘 γ（共用邊恰 2 頂點）6/6  ✅
     閘 α（`b_i − b_{i−1}` vs 落檔 `S(m)`·±0.01）5/5｜最大 |Δ| ＝ 0.003677  ✅
     閘 β（`area` vs 落檔 `G(㎡)`·±0.02）7/7  ✅
   ── `V-1′` 五款（判準一字不動·`1e-6`）──
   `(1a)` 落檔 `宗地寬度(m)` 欄逐宗不變 ⇒ ✅
        628-41(1)      A 4.07      ｜B 4.07        ✅
        628-27(1)      A 0.66      ｜B 0.66        ✅
        628-40(1)+     A 6.66      ｜B 6.66        ✅
        628-30(2)      A 2.0       ｜B 2.0         ✅
        628-39(1)      A 5.28      ｜B 5.28        ✅
        628-31(2)      A 8.75      ｜B 8.75        ✅
        628-41(1)      A  4.082341020｜B  4.082341020｜Δ +0.000000001  ✅
        628-27(1)      A  0.660192277｜B  0.660192277｜Δ -0.000000000  ✅
        628-40(1)+     A  6.681889114｜B  6.681889114｜Δ +0.000000000  ✅
        628-30(2)      A  2.009140864｜B  2.009140864｜Δ -0.000000001  ✅
        628-39(1)      A  5.286322637｜B  5.286322637｜Δ +0.000000001  ✅
        628-31(2)      末宗（無上界）⇒ **不可得**·具名
   `(1b)` `s` 區間長度逐宗不變 ⇒ ✅｜Δ ∈ [-0.000000001, +0.000000001]
   `(2)` 鏈序不變 ⇒ ✅
        628-41(1)      δ ＝ +0.000000000
        628-27(1)      δ ＝ +0.000000001
        628-40(1)+     δ ＝ +0.000000000
        628-30(2)      δ ＝ +0.000000001
        628-39(1)      δ ＝ +0.000000000
        628-31(2)      δ ＝ +0.000000001
   `(3)` `δ` 逐宗同一常數 ⇒ ✅｜極差 ＝ 0.000000001（判準 ≤ 1e-06）
   `(4)` 態A ΣG  2594.1900 ＋ Σ池  1774.4300 ＝   4368.6200｜街廓面積  4368.6000｜殘差 -0.0200  ✅
   `(4)` 態B ΣG  2594.1900 ＋ Σ池  1774.4300 ＝   4368.6200｜街廓面積  4368.6000｜殘差 -0.0200  ✅
   `(5)` （`ΔG ≠ 0` 之非鏈頭宗 ＝ **0** 宗）
   ⇒ `(5)` 出艙 0 宗｜判定集基數 `n` ＝ 6

── 輪 `2`〔式 `甲`·**單之字面**：單獨平移一宗 `0.001 m`〕──
   受擾之宗 ＝ `628-41(1)`（非鏈頭）｜⛔ 動其 `G(㎡)` 欄（剛體平移）
====================================================================================================================
【式 甲·單之字面】受詞逐字 ＝ `3.5m`·`R2`·`left`（⛔ 以容器名代之）
====================================================================================================================
   鏈序 態A ＝ ['628-42(1)', '628-41(1)', '628-27(1)', '628-40(1)+', '628-30(2)', '628-39(1)', '628-31(2)']
   鏈序 態B ＝ ['628-42(1)', '628-41(1)', '628-27(1)', '628-40(1)+', '628-30(2)', '628-39(1)', '628-31(2)']
   鏈頭（第 `0` 宗）＝ 628-42(1)（`驗_宗序` ＝ 其後）
   🔑 **判定集基數 `n`（非鏈頭宗數）＝ 6**
   🔑 **二態 `cut_coords` 逐位相同 ＝ 1/7 宗**（全側·含鏈頭）⇒ 該側 🔴 **已動**
        全側 `|ΔG|` 最大 ＝ 0.0000 ㎡
   ── 自我驗證閘 ──
     閘 γ（共用邊恰 2 頂點）6/6  ✅
     閘 α（`b_i − b_{i−1}` vs 落檔 `S(m)`·±0.01）5/5｜最大 |Δ| ＝ 0.003677  ✅
     閘 β（`area` vs 落檔 `G(㎡)`·±0.02）7/7  ✅
     閘 γ（共用邊恰 2 頂點）4/6  🔴
     閘 α（`b_i − b_{i−1}` vs 落檔 `S(m)`·±0.01）3/3｜最大 |Δ| ＝ 0.003677  ✅
     閘 β（`area` vs 落檔 `G(㎡)`·±0.02）7/7  ✅
🔴 自我驗證閘不過 ⇒ ⛔ 據本表下任何結論（⛔ 調框以就結果）

── 輪 `3`〔式 `乙`·**保守項**：一條共用界線之二頂點同步移 `0.001 m`〕──
   受擾之界 ＝ `628-41(1)` ↔ `628-27(1)`｜共用頂點數 ＝ **2**（須 `2`）
        `628-41(1)`　`G` 183.2300 → 183.2678（＝ 擾動後多邊形面積·使閘 `β` 仍過）
        `628-27(1)`　`G` 29.6100 → 29.5705（＝ 擾動後多邊形面積·使閘 `β` 仍過）
====================================================================================================================
【式 乙·保守項】受詞逐字 ＝ `3.5m`·`R2`·`left`（⛔ 以容器名代之）
====================================================================================================================
   鏈序 態A ＝ ['628-42(1)', '628-41(1)', '628-27(1)', '628-40(1)+', '628-30(2)', '628-39(1)', '628-31(2)']
   鏈序 態B ＝ ['628-42(1)', '628-41(1)', '628-27(1)', '628-40(1)+', '628-30(2)', '628-39(1)', '628-31(2)']
   鏈頭（第 `0` 宗）＝ 628-42(1)（`驗_宗序` ＝ 其後）
   🔑 **判定集基數 `n`（非鏈頭宗數）＝ 6**
   🔑 **二態 `cut_coords` 逐位相同 ＝ 1/7 宗**（全側·含鏈頭）⇒ 該側 🔴 **已動**
        全側 `|ΔG|` 最大 ＝ 0.0400 ㎡
   ── 自我驗證閘 ──
     閘 γ（共用邊恰 2 頂點）6/6  ✅
     閘 α（`b_i − b_{i−1}` vs 落檔 `S(m)`·±0.01）5/5｜最大 |Δ| ＝ 0.003677  ✅
     閘 β（`area` vs 落檔 `G(㎡)`·±0.02）7/7  ✅
     閘 γ（共用邊恰 2 頂點）6/6  ✅
     閘 α（`b_i − b_{i−1}` vs 落檔 `S(m)`·±0.01）5/5｜最大 |Δ| ＝ 0.003677  ✅
     閘 β（`area` vs 落檔 `G(㎡)`·±0.02）7/7  ✅
   ── `V-1′` 五款（判準一字不動·`1e-6`）──
   `(1a)` 落檔 `宗地寬度(m)` 欄逐宗不變 ⇒ ✅
        628-41(1)      A 4.07      ｜B 4.07        ✅
        628-27(1)      A 0.66      ｜B 0.66        ✅
        628-40(1)+     A 6.66      ｜B 6.66        ✅
        628-30(2)      A 2.0       ｜B 2.0         ✅
        628-39(1)      A 5.28      ｜B 5.28        ✅
        628-31(2)      A 8.75      ｜B 8.75        ✅
        628-41(1)      A  4.082341020｜B  4.083341020｜Δ +0.001000000  🔴
        628-27(1)      A  0.660192277｜B  0.659192277｜Δ -0.001000000  🔴
        628-40(1)+     A  6.681889114｜B  6.681889114｜Δ +0.000000000  ✅
        628-30(2)      A  2.009140864｜B  2.009140864｜Δ -0.000000001  ✅
        628-39(1)      A  5.286322637｜B  5.286322637｜Δ +0.000000001  ✅
        628-31(2)      末宗（無上界）⇒ **不可得**·具名
   `(1b)` `s` 區間長度逐宗不變 ⇒ 🔴｜Δ ∈ [-0.001000000, +0.001000000]
   `(2)` 鏈序不變 ⇒ ✅
        628-41(1)      δ ＝ +0.000000000
        628-27(1)      δ ＝ +0.001000000
        628-40(1)+     δ ＝ +0.000000000
        628-30(2)      δ ＝ +0.000000001
        628-39(1)      δ ＝ +0.000000000
        628-31(2)      δ ＝ +0.000000001
   `(3)` `δ` 逐宗同一常數 ⇒ 🔴｜極差 ＝ 0.001000000（判準 ≤ 1e-06）
   `(4)` 態A ΣG  2594.1900 ＋ Σ池  1774.4300 ＝   4368.6200｜街廓面積  4368.6000｜殘差 -0.0200  ✅
   `(4)` 態B ΣG  2594.1900 ＋ Σ池  1774.4300 ＝   4368.6200｜街廓面積  4368.6000｜殘差 -0.0200  ✅
   `(5)` 🔑 628-41(1)      ΔG ＝ +0.0400 ㎡｜δ ＝ +0.000000000
   `(5)` 🔑 628-27(1)      ΔG ＝ -0.0400 ㎡｜δ ＝ +0.001000000
   ⇒ `(5)` 出艙 2 宗｜判定集基數 `n` ＝ 6

======================================================================================================================
【判】
======================================================================================================================
   輪 1〔陰性〕                n ＝ 6｜`(1b)` ✅ 綠｜`(3)` ✅ 綠｜`(5)` 0 宗
   輪 2〔式 甲〕               🛑 **loud 拒測**（`n` ＝ 6·閘不過或判定集為空）
   輪 3〔式 乙〕               n ＝ 6｜`(1b)` 🔴 紅｜`(3)` 🔴 紅｜`(5)` 2 宗

   陰性（未擾動）須全綠 ⇒ ✅
   式 `甲`（單之字面）⇒ 🟡 **loud 拒測**（閘 `γ`）——⛔ 讀為「不敏感」（本器 docstring `(甲)`）
   式 `乙`（保守項）須 `(1b)`／`(3)` 轉紅 ⋀ `(5) > 0` ⇒ ✅
   二輪（陰性 vs 式 `乙`）同色？ False ⇒ ✅ **閘⛔ 失能**

======================================================================================================================
✅ 款 `(2)` 逐側鏈序不變 ⋀ 陰性全綠 ⋀ 式 `乙` 轉紅且二輪⛔ 同色
🟡 式 `甲`（單之字面）之結果見上——其**⛔ 讀為閘失能**（成因 ＝ 閘 `γ` 拒測·⛔ 不敏感）
======================================================================================================================
