================================================================================================================
【`W-G.9-269` `c4` `§三-(b)`】`GB-160` 閘 `γ` 之重量（情境 `3.5m`）
================================================================================================================
🔒 三軸：(1) 來源 ＝ **當次實跑**之 verify\out\got_G值_退縮3.5m.csv（17565 B·mtime 2026-09-12 08:50:53）
        (2) 母體 ＝ 該落檔全列 **59**（⛔ `_partial`·⛔ baseline·`GB-162`）
        (3) 粒度框 ＝ **相鄰宗對**（閘 `γ`：共用邊恰 `2` 頂點）
🔒 判準之來源 ＝ `V1.shared_edge` ＋ `V1.side_rows`（逐字沿用·⛔ 改一字）

── 受詞（`GB-160` 所載之二側）──
   側                宗數       相鄰對數       閘 γ          判
   R5·left          0        0          0/0          🛑 母體為 0 ⇒ ⛔ 靜默綠
   R6·right         0        0          0/0          🛑 母體為 0 ⇒ ⛔ 靜默綠

── 逐對明細（受詞二側）──
   ▸ R5·left
   ▸ R6·right

── 判別力二造 ──
   造甲［未受本批影響·須能全過］ R3·left ⇒ γ 0/0 ⇒ 🔴
   造乙［注入·必轉紅］ R5·left 之 `None` 平移 +1000 m（改 0 列）⇒ γ 0/0 ⇒ 🔴 **閘失能**

   ⇒ 量測器判 ＝ 🔴 **量測器紅** ⇒ ⛔ 出艙本表

── 與 `GB-160` 所載之舊值對照 ──
   側                GB-160 舊值      本批重量           判
   R5·left          3/5            0/0            🔴 仍不過
   R6·right         3/4            0/0            🔴 仍不過
================================================================================================================
