====================================================================================================================================
## 款 `1`　`_first_corner_alloc_dir` 之定義層級與可達性（**靜態·AST**·⛔ 文字層）
====================================================================================================================================
   **定義層級**（框 ＝ `app.py` 之 `t.body` 頂層 vs `ast.walk` 之差）
      `t.body` 頂層之 `FunctionDef` 命中 ＝ **1**（`app.py:13929`–`13964`）
      `ast.walk` 之**巢狀**命中 ＝ **0**
      ⇒ **模組頂層（⛔ 巢狀）**

   **可達性（三態·框同 `W-G.9-289 §三`）**
   | `forced` 消費端所在 scope | AST 區間 | scope 名數 | `t.body` 頂層全域數 | `_first_corner_alloc_dir` | **判** |
   |---|---|---|---|---|---|
   | `app.py` `main` | `14975`–`24579` | `2127` | `286` | scope `False`／頂層全域 `True` | 🟡 `(ii)` 頂層全域可達 |
   | `verify/stepg_pipeline.py` `_run_step_g_impl` | `277`–`1643` | `400` | `6` | scope `False`／頂層全域 `False` | 🔴 `(iii)` ⛔ 可達 |
   | `verify/wf_f1.py` `compute` | `184`–`419` | `117` | `20` | scope `False`／頂層全域 `False` | 🔴 `(iii)` ⛔ 可達 |
   | `verify/wf_f4.py` `_reshape_block` | `1323`–`1549` | `115` | `54` | scope `False`／頂層全域 `False` | 🔴 `(iii)` ⛔ 可達 |
   🔑 **判別力二造**：[必可達] `_corner_buffer_S` 於 `app.py` 頂層全域 ＝ **True**（須 True）／[必⛔ 可達] 一人造名（執行期組出·字面⛔ 出艙）＝ **False**（須 False）⇒ ✅ 器非紅

   **`_corner_buffer_S` 之簽章逐字**（款 `2`·AST `unparse` 之 `args`）
      `app.py:9332`  `def _corner_buffer_S(block_poly, d_hat, front_p1, allocation_dir, range_area, side, tol=0.01, _label='')`


====================================================================================================================================
【SB ＝ 0.0 m·態甲】`_build_corner_range_v3` 24 次（`run_step_g` 段 8）／`_corner_buffer_S` 1 次（段內 1）／`k956_W_from_mp` 0 次
　`run_step_g` 之終局 ＝ （未拋）
　`corner_range_polys` 之鍵 ＝ 8 個：['R1/left', 'R1/right', 'R2/left', 'R3/right', 'R4/left', 'R4/right', 'R5/left', 'R6/right']
====================================================================================================================================
🔒 **`forced` 側之全部成員（當場重量·⛔ 轉引）**
   | 街廓 | left_forced | right_forced |
   |---|---|---|
   | `R1` | False | False |
   | `R2` | False | False |
   | `R3` | False | False |
   | `R4` | True | False |
   | `R5` | False | False |
   | `R6` | False | False |
   ⇒ `forced` 格 ＝ **1**（R4/left）

────────────────────────────────────────────────────────────────────────────────────────────────────────────────────────────────────
### `R4`／`left`＠`SB = 0.0`
  **自我驗證閘 `(i)`**　`|S1_par·sinθ − S1_perp|` ＝ `0.0` ⇒ ✅
  **款 `2`**　`_corner_buffer_S` 之當場實參（`repr` 全位）
      `allocation_dir` ＝ `(0.7196670499348666, -0.694319333763684)`
      `range_area` ＝ `116.08`／`tol` ＝ `0.01`／`side` ＝ `'left'`／現行 `buf` ＝ `4.49975224003872`
      `side_mid`（`f3_cad_side_lines_by_side['R4']['left']['mid']`）＝ `可達 (310506.137745, 2651928.673455)`
  **自我驗證閘 `(ii)`**　以**當場之** `allocation_dir`／`buf` 重建之帶：面積 ＝ `116.08000000450889`／`range_area` ＝ `116.08`／`|Δ|` ＝ `4.508891038312868e-09`（`tol` ＝ `0.01`）⇒ ✅
  【設計驗算·⛔ 實測】 **路丙之輸入**　`_first_corner_alloc_dir(side_mid)` ＝ `(-0.7517327519688664, 0.6594678685253096)`
      其與現行 `allocation_dir` 之 `|cos|`（**槽 ＝ 二者皆 `allocation_dir` 槽**）＝ `0.9988785830619026`
  **款 `3`**　【設計驗算·⛔ 實測】 帶之複算（原語皆取自 `ns`·構造式逐字複刻 `_band_area`）
      `s` 域：現行 ＝ `(0.1759031656417404, 98.71633001483886)`／路丙 ＝ `(0.0, 98.54764660534154)`
      帶面積：現行 ＝ `116.08000000450889`／路丙 ＝ `116.07999999647107`（`range_area` ＝ `116.08`）
  **款 `4`**　與 `corner_range_polys[('R4', 'left')]` 之**對稱差**（面積·㎡）
      | 甲（帶） | `甲∖乙` | `乙∖甲` | **對稱差** |
      |---|---|---|---|
      | 【設計驗算·⛔ 實測】 路丙之帶 | `0.000502592537319901` | `0.0` | **`0.000502592537319901`** |
      | 現行之帶（判別力[必相異]） | `6.5281919472685885` | `6.527687807211929` | **`13.055879754480518`** |
      | 規定範圍自身（判別力[必為零]） | `0.0` | `0.0` | **`0.0`** |
  **款 `5`**　實切邊 vs 遠側境界線（**釘槽**·皆取**實邊**）
      帶之實切邊　　：`(310519.6586403037, 2651938.482249116)` → `(310497.7206005722, 2651913.474900362)`（長 `33.26627539964533`）
        其與期望槽 `rot90(allocation_dir)` 之 `|cos|` ＝ `1.0`（自檢·須 ≥ 1−1e-6）
      範圍之遠側境界線：`(310519.65862949967, 2651938.4822599906)` → `(310497.72059001046, 2651913.474911513)`（長 `33.26627503226274`·二端至過 `_Tp` 之線之最大距 ＝ `1.1191662196912744e-10`）
        其與期望槽 `su`（SIDE 之**線向**）之 `|cos|` ＝ `1.0`
      🔑 **二實邊之 `\|cos\|` ＝ `1.0`**（與 `1` 之差 ＝ `0.0`·期 `≥ 1 − 1e-6`）
  **自我驗證閘 `(iii)`**　`W_0` 之重建 vs 包裹所錄之 `k956_W_from_mp` 實際回傳：錄 1 筆·最小差 ＝ `0.0` ⇒ ✅ 逐位相同
  **款 `6`**　`buf` 與 `W_0`
      現行 `buf` ＝ `4.49975224003872`
      【設計驗算·⛔ 實測】 路丙 `buf′` ＝ `3.7114402919876444`（差 ＝ `-0.7883119480510761`）
      現行 `W_0`（本器以 `_mp_base_W0` 之純委派式重算·**起點 ＝ `front_p1`**）＝ `3.7076106246376597`
      【設計驗算·⛔ 實測】 路丙 `W_0′` ＝ `3.6955152872177086`／`S1_perp` ＝ `3.6954999940774775`／**`|W_0′ − S1_perp|` ＝ `1.5293140231076308e-05`**（期 ≤ `1e-9`）


====================================================================================================================================
【SB ＝ 3.5 m·態甲】`_build_corner_range_v3` 24 次（`run_step_g` 段 8）／`_corner_buffer_S` 2 次（段內 2）／`k956_W_from_mp` 1 次
　`run_step_g` 之終局 ＝ （未拋）
　`corner_range_polys` 之鍵 ＝ 8 個：['R1/left', 'R1/right', 'R2/left', 'R3/right', 'R4/left', 'R4/right', 'R5/left', 'R6/right']
====================================================================================================================================
🔒 **`forced` 側之全部成員（當場重量·⛔ 轉引）**
   | 街廓 | left_forced | right_forced |
   |---|---|---|
   | `R1` | False | False |
   | `R2` | True | False |
   | `R3` | False | False |
   | `R4` | True | False |
   | `R5` | False | False |
   | `R6` | False | False |
   ⇒ `forced` 格 ＝ **2**（R2/left、R4/left）

────────────────────────────────────────────────────────────────────────────────────────────────────────────────────────────────────
### `R2`／`left`＠`SB = 3.5`
  **自我驗證閘 `(i)`**　`|S1_par·sinθ − S1_perp|` ＝ `0.0` ⇒ ✅
  **款 `2`**　`_corner_buffer_S` 之當場實參（`repr` 全位）
      `allocation_dir` ＝ `(0.7260188428756796, 0.6876748067142342)`
      `range_area` ＝ `308.17`／`tol` ＝ `0.01`／`side` ＝ `'left'`／現行 `buf` ＝ `8.696079893776137`
      `side_mid`（`f3_cad_side_lines_by_side['R2']['left']['mid']`）＝ `可達 (310378.15828, 2651897.072295)`
  **自我驗證閘 `(ii)`**　以**當場之** `allocation_dir`／`buf` 重建之帶：面積 ＝ `308.1699999967815`／`range_area` ＝ `308.17`／`|Δ|` ＝ `3.2185312193178106e-09`（`tol` ＝ `0.01`）⇒ ✅
  【設計驗算·⛔ 實測】 **路丙之輸入**　`_first_corner_alloc_dir(side_mid)` ＝ `(-0.6721303204856223, -0.7404328681817782)`
      其與現行 `allocation_dir` 之 `|cos|`（**槽 ＝ 二者皆 `allocation_dir` 槽**）＝ `0.9971563070524017`
  **款 `3`**　【設計驗算·⛔ 實測】 帶之複算（原語皆取自 `ns`·構造式逐字複刻 `_band_area`）
      `s` 域：現行 ＝ `(0.2677422217893655, 100.02740781108571)`／路丙 ＝ `(0.0, 100.02740448389511)`
      帶面積：現行 ＝ `308.1699999967815`／路丙 ＝ `308.1700000040576`（`range_area` ＝ `308.17`）
  **款 `4`**　與 `corner_range_polys[('R2', 'left')]` 之**對稱差**（面積·㎡）
      | 甲（帶） | `甲∖乙` | `乙∖甲` | **對稱差** |
      |---|---|---|---|
      | 【設計驗算·⛔ 實測】 路丙之帶 | `0.004600270698404074` | `4.777744422150305e-10` | **`0.004600271176178517`** |
      | 現行之帶（判別力[必相異]） | `19.036394407279545` | `19.031794145970423` | **`38.06818855324997`** |
      | 規定範圍自身（判別力[必為零]） | `0.0` | `0.0` | **`0.0`** |
  **款 `5`**　實切邊 vs 遠側境界線（**釘槽**·皆取**實邊**）
      帶之實切邊　　：`(310366.2451853633, 2651917.340512751)` → `(310399.4808121424, 2651887.1707655145)`（長 `44.88675234104332`）
        其與期望槽 `rot90(allocation_dir)` 之 `|cos|` ＝ `1.0000000000000002`（自檢·須 ≥ 1−1e-6）
      範圍之遠側境界線：`(310366.24511611415, 2651917.3404371985)` → `(310399.4807436314, 2651887.170689292)`（長 `44.88675333792245`·二端至過 `_Tp` 之線之最大距 ＝ `1.560458429139544e-10`）
        其與期望槽 `su`（SIDE 之**線向**）之 `|cos|` ＝ `1.0`
      🔑 **二實邊之 `\|cos\|` ＝ `1.0`**（與 `1` 之差 ＝ `0.0`·期 `≥ 1 − 1e-6`）
  **自我驗證閘 `(iii)`**　`W_0` 之重建 vs 包裹所錄之 `k956_W_from_mp` 實際回傳：錄 2 筆·最小差 ＝ `0.0` ⇒ ✅ 逐位相同
  **款 `6`**　`buf` 與 `W_0`
      現行 `buf` ＝ `8.696079893776137`
      【設計驗算·⛔ 實測】 路丙 `buf′` ＝ `7.000183533577529`（差 ＝ `-1.6958963601986081`）
      現行 `W_0`（本器以 `_mp_base_W0` 之純委派式重算·**起點 ＝ `front_p1`**）＝ `6.98048044737404`
      【設計驗算·⛔ 實測】 路丙 `W_0′` ＝ `7.000102486246391`／`S1_perp` ＝ `7.0`／**`|W_0′ − S1_perp|` ＝ `0.00010248624639075388`**（期 ≤ `1e-9`）

────────────────────────────────────────────────────────────────────────────────────────────────────────────────────────────────────
### `R4`／`left`＠`SB = 3.5`
  **自我驗證閘 `(i)`**　`|S1_par·sinθ − S1_perp|` ＝ `0.0` ⇒ ✅
  **款 `2`**　`_corner_buffer_S` 之當場實參（`repr` 全位）
      `allocation_dir` ＝ `(0.7196670499348666, -0.694319333763684)`
      `range_area` ＝ `226.01`／`tol` ＝ `0.01`／`side` ＝ `'left'`／現行 `buf` ＝ `7.8185635189090075`
      `side_mid`（`f3_cad_side_lines_by_side['R4']['left']['mid']`）＝ `可達 (310506.137745, 2651928.673455)`
  **自我驗證閘 `(ii)`**　以**當場之** `allocation_dir`／`buf` 重建之帶：面積 ＝ `226.0099999990639`／`range_area` ＝ `226.01`／`|Δ|` ＝ `9.360974217997864e-10`（`tol` ＝ `0.01`）⇒ ✅
  【設計驗算·⛔ 實測】 **路丙之輸入**　`_first_corner_alloc_dir(side_mid)` ＝ `(-0.7517327519688664, 0.6594678685253096)`
      其與現行 `allocation_dir` 之 `|cos|`（**槽 ＝ 二者皆 `allocation_dir` 槽**）＝ `0.9988785830619026`
  **款 `3`**　【設計驗算·⛔ 實測】 帶之複算（原語皆取自 `ns`·構造式逐字複刻 `_band_area`）
      `s` 域：現行 ＝ `(0.1759031656417404, 98.71633001483886)`／路丙 ＝ `(0.0, 98.54764660534154)`
      帶面積：現行 ＝ `226.0099999990639`／路丙 ＝ `226.0100000010422`（`range_area` ＝ `226.01`）
  **款 `4`**　與 `corner_range_polys[('R4', 'left')]` 之**對稱差**（面積·㎡）
      | 甲（帶） | `甲∖乙` | `乙∖甲` | **對稱差** |
      |---|---|---|---|
      | 【設計驗算·⛔ 實測】 路丙之帶 | `0.003564108231212022` | `7.014238515912815e-11` | **`0.003564108301354407`** |
      | 現行之帶（判別力[必相異]） | `6.529376933853159` | `6.525812827986511` | **`13.05518976183967`** |
      | 規定範圍自身（判別力[必為零]） | `0.0` | `0.0` | **`0.0`** |
  **款 `5`**　實切邊 vs 遠側境界線（**釘槽**·皆取**實邊**）
      帶之實切邊　　：`(310521.9402771354, 2651936.0721078557)` → `(310500.0028212005, 2651911.0654245764)`（長 `33.265390145401014`）
        其與期望槽 `rot90(allocation_dir)` 之 `|cos|` ＝ `1.0`（自檢·須 ≥ 1−1e-6）
      範圍之遠側境界線：`(310521.94020316016, 2651936.0721859974)` → `(310500.00274720637, 2651911.0655026967)`（長 `33.265390173978915`·二端至過 `_Tp` 之線之最大距 ＝ `1.226112544827629e-10`）
        其與期望槽 `su`（SIDE 之**線向**）之 `|cos|` ＝ `1.0000000000000002`
      🔑 **二實邊之 `\|cos\|` ＝ `1.0`**（與 `1` 之差 ＝ `0.0`·期 `≥ 1 − 1e-6`）
  **自我驗證閘 `(iii)`**　`W_0` 之重建 vs 包裹所錄之 `k956_W_from_mp` 實際回傳：錄 1 筆·最小差 ＝ `0.0` ⇒ ✅ 逐位相同
  **款 `6`**　`buf` 與 `W_0`
      現行 `buf` ＝ `7.8185635189090075`
      【設計驗算·⛔ 實測】 路丙 `buf′` ＝ `7.030272552440337`（差 ＝ `-0.7882909664686704`）
      現行 `W_0`（本器以 `_mp_base_W0` 之純委派式重算·**起點 ＝ `front_p1`**）＝ `7.023016189779138`
      【設計驗算·⛔ 實測】 路丙 `W_0′` ＝ `7.000107141448771`／`S1_perp` ＝ `7.0`／**`|W_0′ − S1_perp|` ＝ `0.00010714144877077558`**（期 ≤ `1e-9`）

====================================================================================================================================
## 款 `7`　判別力三造之判（母體 ＝ 上開全部 `forced` 格）
====================================================================================================================================
   | 造 | 判準 | 實測 | 判 |
   |---|---|---|---|
   | [必命中] | `forced` 格數 `≥ 1` | **3** | ✅ |
   | [必相異] | **現行** `buf` 所生之帶與規定範圍之對稱差須 `> 0`（證款 `4` 非恆零） | 13.055879754480518／38.06818855324997／13.05518976183967 | ✅ |
   | [必為零] | 規定範圍與其自身之對稱差須 `0`（先自證可滿足） | 0.0／0.0／0.0 | ✅ |

====================================================================================================================================
## 總表（【設計驗算·⛔ 實測】·⛔ 與實測之數同表混列）
====================================================================================================================================
   | `SB` | 格 | 現行 `buf` | 路丙 `buf′` | **對稱差（路丙）** | 對稱差（現行） | 二實邊 `\|cos\|` | `\|W_0′ − S1_perp\|` | 閘 `(iii)` |
   |---|---|---|---|---|---|---|---|---|
   | `0.0` | `R4/left` | `4.49975224003872` | `3.7114402919876444` | **`0.000502592537319901`** | `13.055879754480518` | `1.0` | `1.5293140231076308e-05` | ✅ 逐位相同 |
   | `3.5` | `R2/left` | `8.696079893776137` | `7.000183533577529` | **`0.004600271176178517`** | `38.06818855324997` | `1.0` | `0.00010248624639075388` | ✅ 逐位相同 |
   | `3.5` | `R4/left` | `7.8185635189090075` | `7.030272552440337` | **`0.003564108301354407`** | `13.05518976183967` | `1.0` | `0.00010714144877077558` | ✅ 逐位相同 |

🛑 **出艙即止**：本器⛔ 判路丙成立與否、⛔ 改碼一字、⛔ 開分支、⛔ 動用 KL 之放行、
   ⛔ 鑄 `GB`、⛔ 解除或收窄 `GB-170`、⛔ 提修法主張、⛔ 呈 KL。
====================================================================================================================================
