==============================================================================================================================
【`W-G.9-268′` 補令五 `§三-2`】記憶體側取幾何之量測器（覆蓋帳／`D-1`／`D-2`／`D-3`）
==============================================================================================================================

── 否證對照（幾何原語·人造·先跑）──
  [必紅] 人造相疊矩形 Σ−∪ ＝ 1.0000000000（須 1.0）✅
  [必綠] 人造相離矩形 Σ−∪ ＝ 0.0000000000（須 0.0）✅

🔒 記憶體側管線已建（`harvest()` ＋ `rv.build_pipeline` ＋ `build_build_parcels`）：街廓 `11`／宗 `48`

  情境 0m    旗標 off ⇒ `g_rows` ** 21** 列／錨呼叫 ** 38** 次／中止街廓 R2
  情境 0m    旗標 on  ⇒ `g_rows` ** 59** 列／錨呼叫 ** 91** 次／中止街廓 （無·跑完）
  情境 3.5m  旗標 off ⇒ `g_rows` ** 47** 列／錨呼叫 ** 71** 次／中止街廓 R5
  情境 3.5m  旗標 on  ⇒ `g_rows` ** 60** 列／錨呼叫 ** 91** 次／中止街廓 （無·跑完）

==============================================================================================================================
【閘一·硬】`off` 態之記憶體側 `cut_coords` ＝ `_partial` CSV 同欄（**逐位**）
==============================================================================================================================
  情境 0m    共同鍵 **21** 格／逐位相異 **0** 格 ✅
  情境 3.5m  共同鍵 **47** 格／逐位相異 **0** 格 ✅
  判定集基數 ＝ **68** 格
  🩸 二側之形：落檔為**字串**、記憶體為 **`list`** ⇒ 本器二形皆吃後再比（⛔ 靜默退路）

==============================================================================================================================
【閘二·硬】`off` 態之覆蓋帳逐組逐對 ＝ `S-6` 之既有實測（**逐位**·4dp）
==============================================================================================================================
  🔒 靶之來源 ＝ 補令五 `§三-2 3.` 逐字（其源 ＝ `S-6`·**⛔ 本器所生**）
  組                            宗數 本器（逐對·4dp）                         S-6 之靶                             判
  0m·R1·left                    2 []                                 []                                 ✅
  0m·R1·right                   3 []                                 []                                 ✅
  0m·R1·抵費地                     2 []                                 []                                 ✅
  0m·R2·left                    7 [19.8142, 26.1624]                 [19.8142, 26.1624]                 ✅
  0m·R2·right                   7 []                                 []                                 ✅
  3.5m·R1·left                  1 []                                 []                                 ✅
  3.5m·R1·right                 4 []                                 []                                 ✅
  3.5m·R1·抵費地                   3 []                                 []                                 ✅
  3.5m·R2·left                  7 []                                 []                                 ✅
  3.5m·R2·right                 7 []                                 []                                 ✅
  3.5m·R2·抵費地                   2 []                                 []                                 ✅
  3.5m·R4·left                  1 []                                 []                                 ✅
  3.5m·R4·抵費地                   4 []                                 []                                 ✅
  3.5m·R5·left                  6 [56.8186]                          [56.8186]                          ✅
  3.5m·R5·right                 2 []                                 []                                 ✅
  3.5m·R6·left                  3 []                                 []                                 ✅
  3.5m·R6·right                 5 []                                 []                                 ✅
  3.5m·R6·抵費地                   2 []                                 []                                 ✅

==============================================================================================================================
【一】覆蓋帳（**`on` 態**·＝ 原單 `§六` 併線前必答第 `1` 項）
==============================================================================================================================
  組                            宗數 逐對（面積 ㎡）                 判
  0m·R1·left                    2 **0 對**                  ✅
  0m·R1·right                   3 **0 對**                  ✅
  0m·R1·抵費地                     2 **0 對**                  ✅
  0m·R2·left                    7 **0 對**                  ✅
  0m·R2·right                   7 **0 對**                  ✅
  0m·R2·抵費地                     2 **0 對**                  ✅
  0m·R3·left                    5 **0 對**                  ✅
  0m·R3·right                   5 **0 對**                  ✅
  0m·R3·抵費地                     1 **0 對**                  ✅
  0m·R4·left                    1 **0 對**                  ✅
  0m·R4·抵費地                     4 **0 對**                  ✅
  0m·R5·left                    6 **0 對**                  ✅
  0m·R5·right                   2 **0 對**                  ✅
  0m·R5·抵費地                     2 **0 對**                  ✅
  0m·R6·left                    3 **0 對**                  ✅
  0m·R6·right                   5 **0 對**                  ✅
  0m·R6·抵費地                     2 **0 對**                  ✅
  3.5m·R1·left                  1 **0 對**                  ✅
  3.5m·R1·right                 4 **0 對**                  ✅
  3.5m·R1·抵費地                   3 **0 對**                  ✅
  3.5m·R2·left                  7 **0 對**                  ✅
  3.5m·R2·right                 7 **0 對**                  ✅
  3.5m·R2·抵費地                   2 **0 對**                  ✅
  3.5m·R3·left                  5 **0 對**                  ✅
  3.5m·R3·right                 5 **0 對**                  ✅
  3.5m·R3·抵費地                   1 **0 對**                  ✅
  3.5m·R4·left                  1 **0 對**                  ✅
  3.5m·R4·抵費地                   4 **0 對**                  ✅
  3.5m·R5·left                  6 **0 對**                  ✅
  3.5m·R5·right                 2 **0 對**                  ✅
  3.5m·R5·抵費地                   2 **0 對**                  ✅
  3.5m·R6·left                  3 **0 對**                  ✅
  3.5m·R6·right                 5 **0 對**                  ✅
  3.5m·R6·抵費地                   2 **0 對**                  ✅
  母體基數 ＝ **34** 組（`on` 態）／**逐對總數 ＝ 0**
  ⇒ 🟢 **全部可達組之重疊對數 ⋀ 逐對面積皆為 `0`** ⇒ 併線前必答第 `1` 項 **成立**

==============================================================================================================================
【`D-1`】錨之位移（**端 ＝ 生產碼之 `_oblique_s_max`**·補令五 `§二` 之降級後）
==============================================================================================================================
  🔒 引數**取自間諜**（生產碼實傳之 `cut_coords`／`d_hat`／`base_pt`／`alloc`）——⛔ 於器內重導。
  情境 0m    旗標 off：呼叫  38／可算 `s_geo`  38／`|s_geo − cum_S| > 0.01` ** 2**／**錨實際移動  0** 次
      · `cum_S ＝ 4.0554` → `s_geo ＝ 7.4487`（**δ ＝ +3.3933**）／實際 `cum_out ＝ 4.0554`
      · `cum_S ＝ 4.0554` → `s_geo ＝ 7.4487`（**δ ＝ +3.3933**）／實際 `cum_out ＝ 4.0554`
  情境 0m    旗標 on ：呼叫  91／可算 `s_geo`  91／`|s_geo − cum_S| > 0.01` ** 5**／**錨實際移動 61** 次
      · `cum_S ＝ 4.0554` → `s_geo ＝ 7.4487`（**δ ＝ +3.3933**）／實際 `cum_out ＝ 7.4487`
      · `cum_S ＝ 4.0554` → `s_geo ＝ 7.4487`（**δ ＝ +3.3933**）／實際 `cum_out ＝ 7.4487`
      · `cum_S ＝ 65.4247` → `s_geo ＝ 67.0005`（**δ ＝ +1.5758**）／實際 `cum_out ＝ 67.0005`
      · `cum_S ＝ 4.8498` → `s_geo ＝ 8.1618`（**δ ＝ +3.3119**）／實際 `cum_out ＝ 8.1618`
      · `cum_S ＝ 4.8498` → `s_geo ＝ 8.1618`（**δ ＝ +3.3119**）／實際 `cum_out ＝ 8.1618`
  情境 3.5m  旗標 off：呼叫  71／可算 `s_geo`  71／`|s_geo − cum_S| > 0.01` ** 3**／**錨實際移動  0** 次
      · `cum_S ＝ 68.9201` → `s_geo ＝ 70.4959`（**δ ＝ +1.5758**）／實際 `cum_out ＝ 68.9201`
      · `cum_S ＝ 8.0592` → `s_geo ＝ 11.3827`（**δ ＝ +3.3235**）／實際 `cum_out ＝ 8.0592`
      · `cum_S ＝ 8.0592` → `s_geo ＝ 11.3827`（**δ ＝ +3.3235**）／實際 `cum_out ＝ 8.0592`
  情境 3.5m  旗標 on ：呼叫  91／可算 `s_geo`  91／`|s_geo − cum_S| > 0.01` ** 3**／**錨實際移動 62** 次
      · `cum_S ＝ 68.9201` → `s_geo ＝ 70.4959`（**δ ＝ +1.5758**）／實際 `cum_out ＝ 70.4959`
      · `cum_S ＝ 8.0592` → `s_geo ＝ 11.3827`（**δ ＝ +3.3235**）／實際 `cum_out ＝ 11.3827`
      · `cum_S ＝ 8.0592` → `s_geo ＝ 11.3827`（**δ ＝ +3.3235**）／實際 `cum_out ＝ 11.3827`

==============================================================================================================================
【`D-2`】最終態之位置變動（級聯）：`Δ累積S` ＝ `on` − `off`（**共同鍵**）
==============================================================================================================================
  情境     暫編地號             驗_宗序               off          on           Δ
  0m     628-41(1)        街角第1宗           4.0600      7.4500     +3.3900
  0m     628-42(1)        第2宗             4.8100      7.6300     +2.8200
  0m     628-27(1)        其後              5.4600      8.2800     +2.8200
  0m     628-40(1)+       其後             12.0000     14.8700     +2.8700
  0m     628-30(2)        其後             13.9300     16.8100     +2.8800
  0m     628-39(1)        其後             19.0500     22.0200     +2.9700
  0m     628-31(2)        其後             27.7900     30.7800     +2.9900
  3.5m   628-45(1)+       街角第1宗           8.0600     11.3800     +3.3200
  3.5m   628-53(2)        第2宗             8.4400     11.4000     +2.9600
  3.5m   628-18(2)        其後             13.3000     16.2800     +2.9800
  3.5m   628-7(2)         其後             18.9000     21.9400     +3.0400
  3.5m   628-31(1)        其後             19.1400     22.1800     +3.0400
  3.5m   628-32(1)        其後             19.2100     22.2500     +3.0400
  3.5m   628(1)+          街角第1宗          68.9200     70.5000     +1.5800
  母體基數（共同鍵）＝ **68** 格／`|Δ| > 0.01` 者 ＝ **14** 格
  **Σ Δ（帶號）＝ +40.7000 m** ／ **Σ|Δ| ＝ 40.7000 m**

==============================================================================================================================
【`D-3`】鏈頭之對位（`驗_宗序 == '街角第1宗'`·**⛔ 上游可級聯**）
==============================================================================================================================
  情境     暫編地號             街廓     側              off          on        Δ累積S
  0m     628-37(1)        R1     left        6.4800      6.4800     +0.0000
  0m     628(5)           R1     right       7.4500      7.4500     +0.0000
  0m     628-41(1)        R2     left        4.0600      7.4500     +3.3900
  3.5m   628-36(1)        R1     left       17.5600     17.5600     +0.0000
  3.5m   628(5)           R1     right       7.4500      7.4500     +0.0000
  3.5m   628(1)+          R4     left       68.9200     70.5000     +1.5800
  3.5m   628-45(1)+       R5     left        8.0600     11.3800     +3.3200
  3.5m   628-18(1)        R6     right       7.2200      7.2200     +0.0000
  鏈頭母體基數 ＝ **8** 格

==============================================================================================================================
【`D-1` 附表】逐宗之**生產 `_oblique_s_max`**（補令五 `§一-2` 之自行重得）
==============================================================================================================================
  🔑 識別法 ＝ 以 `cut_coords` **全部頂點**為鍵與 `g_rows` 對映（⛔ 首頂點·其會碰撞）——⛔ 於器內另行推導宗序／街廓／側。
  ── 情境 0m（旗標 `off`）·可對映 19／38 呼叫 ──
    街廓     側        暫編地號             驗_宗序               累積S      生產 s_max     max() 後
    R1     left     628-37(1)        街角第1宗           6.4796        6.4796      6.4796
    R1     left     628-35(2)        第2宗            24.4105       24.4105     24.4105
    R1     right    628(5)           街角第1宗           7.4509        7.4509      7.4509
    R1     right    628-34(3)        第2宗             9.8454        9.8454      9.8454
    R1     right    628-36(1)        其後             27.8404       27.8404     27.8404
    R2     left     628-41(1)        街角第1宗           4.0554        7.4487      4.0554
    R2     left     628-42(1)        第2宗             4.8139        4.8139      4.8139
    R2     left     628-27(1)        其後              5.4612        5.4612      5.4612
    R2     left     628-40(1)+       其後             11.9971       11.9971     11.9971
    R2     left     628-30(2)        其後             13.9287       13.9287     13.9287
    R2     left     628-39(1)        其後             19.0533       19.0533     19.0533
    R2     left     628-31(2)        其後             27.7885       27.7885     27.7885
    R2     right    628-35(1)        其後              1.3393        1.3393      1.3393
    R2     right    628-34(1)        第2宗            11.1435       11.1435     11.1435
    R2     right    628-49(1)        其後             12.6267       12.6267     12.6267
    R2     right    628-50(1)        其後             15.9599       15.9599     15.9599
    R2     right    628-51(1)        其後             19.2773       19.2773     19.2773
    R2     right    628-52(1)        其後             20.8968       20.8968     20.8968
    R2     right    628-32(2)        其後             30.7694       30.7694     30.7694
  ── 情境 3.5m（旗標 `off`）·可對映 36／71 呼叫 ──
    街廓     側        暫編地號             驗_宗序               累積S      生產 s_max     max() 後
    R1     left     628-36(1)        街角第1宗          17.5649       17.5649     17.5649
    R1     right    628(5)           街角第1宗           7.4511        7.4511      7.4511
    R1     right    628-34(3)        第2宗             9.8458        9.8458      9.8458
    R1     right    628-37(1)        其後             16.3754       16.3754     16.3754
    R1     right    628-35(2)        其後             34.8635       34.8635     34.8635
    R2     left     628-42(1)        其後              8.8023        8.8023      8.8023
    R2     left     628-41(1)        第2宗            12.8847       12.8847     12.8847
    R2     left     628-27(1)        其後             13.5449       13.5449     13.5449
    R2     left     628-40(1)+       其後             20.2268       20.2268     20.2268
    R2     left     628-30(2)        其後             22.2359       22.2359     22.2359
    R2     left     628-39(1)        其後             27.5222       27.5222     27.5222
    R2     left     628-31(2)        其後             36.2889       36.2889     36.2889
    R2     right    628-35(1)        其後              1.3392        1.3392      1.3392
    R2     right    628-34(1)        第2宗            11.1434       11.1434     11.1434
    R2     right    628-49(1)        其後             12.6265       12.6265     12.6265
    R2     right    628-50(1)        其後             15.9598       15.9598     15.9598
    R2     right    628-51(1)        其後             19.2773       19.2773     19.2773
    R2     right    628-52(1)        其後             20.8967       20.8967     20.8967
    R2     right    628-32(2)        其後             30.7694       30.7694     30.7694
    R4     left     628(1)+          街角第1宗          68.9201       70.4959     68.9201
    R5     left     628-45(1)+       街角第1宗           8.0592       11.3827      8.0592
    R5     left     628-53(2)        第2宗             8.4445        8.4445      8.4445
    R5     left     628-18(2)        其後             13.2997       13.2997     13.2997
    R5     left     628-7(2)         其後             18.9007       18.9007     18.9007
    R5     left     628-31(1)        其後             19.1370       19.1370     19.1370
    R5     left     628-32(1)        其後             19.2067       19.2067     19.2067
    R5     right    628(3)           其後              3.1195        3.1195      3.1195
    R5     right    628-21(2)+       第2宗            33.3027       33.3027     33.3027
    R6     left     628(2)+          其後              3.2286        3.2286      3.2286
    R6     left     628-4(1)         第2宗            17.9551       17.9551     17.9551
    R6     left     628-23(1)+       其後             27.3025       27.3025     27.3025
    R6     right    628-18(1)        街角第1宗           7.2212        7.2212      7.2212
    R6     right    628-53(1)        第2宗             7.2271        7.2271      7.2271
    R6     right    628-38(1)        其後              9.9231        9.9231      9.9231
    R6     right    628-7(1)         其後             16.8225       16.8225     16.8225
    R6     right    628-20(1)        其後             24.5004       24.5004     24.5004

==============================================================================================================================
✅ 全閘綠：否證對照 ⋀ 閘一（記憶體 ＝ `partial` CSV）⋀ 閘二（覆蓋帳 ＝ `S-6`） ⋀ `on` 態覆蓋帳全數歸零
==============================================================================================================================
