====================================================================================================================================
【W-G.9-268′ 補令二 c0-5】起算垂線之錨：現行 vs 幾何　（唯讀探針·⛔ 動生產碼）
====================================================================================================================================

── 否證對照（幾何原語·人造·先跑·不如預期即 abort）──
  [必紅] 人造相疊矩形 Σ−∪ ＝ 1.0000000000（須 ＝ 1.0）✅
  [必綠] 人造相離矩形 Σ−∪ ＝ 0.0000000000（須 ＝ 0.0）✅

【情境 0m】落檔 got_G值_退縮0m.csv／17719 B／59 資料列
【情境 3.5m】落檔 got_G值_退縮3.5m.csv／17891 B／60 資料列
  組數（母體基數）＝ 0

====================================================================================================================================
【一】框之標定 ＋ 🛑 **閘甲**（殘差 ≤ 0.010 m·⛔ 無因次）
====================================================================================================================================
  組                         宗數    ALLOC°    FRONT°     點/斜   r_pt(m)   r_sl(m)  r_ord(m)     殘差max        次佳 判
  🔒 `A` 由候選方向定（`A·dot(d̂,n̂) ＝ ±1` **構造保證**）⇒ `consist` 恆 ±1、⛔ 為判別者；判別者 ＝ **殘差**（`r_pt` ＝ 共用界線／`r_sl` ＝ 斜率約束·皆以公尺計）。
  🔒 `TOL_FIT ＝ 0.010 m` 之由：`累積S(m)`／`S(m)` 於落檔為 **2dp** ⇒ 捨入上界 `0.005 m`，取其 2 倍。
  🩸 `d誤2`（次佳候選之殘差）係**診斷**：FRONTLINE 與 BASELINE 夾角僅 `~0.56°` ⇒ 二者同量級；`d̂` 之選擇只影響平移之橫向分量（`δ×sin(0.56°)` ≈ `δ×0.0098`），**⛔ 影響帶軸座標之位移量**（其恆為 `δ`）。

====================================================================================================================================
【二】逐 `(情境, 街廓, 側, j)`：錨之現行／幾何／`δ` ＋ 重疊
====================================================================================================================================
  組                  j   暫編地號                s_錨_現行      s_錨_幾何       δ(m) 現況重疊                   新錨後重疊                 
  POPULATION=0 PRINTED=0 SUPPRESSED=0  # 逐 (組,j)（⛔ 可標定之組已具名於【一】）

====================================================================================================================================
【三】🛑 **閘乙**：以**現行錨**（`δ=0`）重建之重疊 ＝ `S-6` 覆蓋帳之實測（對數 ⋀ 逐對面積·4dp）
====================================================================================================================================
  🔒 靶之來源 ＝ 補令二 `§四-2` 逐字（其源 ＝ `S-6` 覆蓋帳·**⛔ 本器所生**）
  🩸 **本閘之界（照實）**：`S-6` 與本器讀**同一落檔**；其獨立性在**算法**（`Σarea − area(∪)` vs **逐對** `intersection`），⛔ 在資料來源。
  組                          宗數 本器（逐對·4dp）                       S-6 之靶                           判

====================================================================================================================================
【四】🛑 **閘丙**（外錨）：`s_錨_幾何` ＝ 倉內既有落檔之 `S_req`（|Δ| ≤ 0.02 m）
====================================================================================================================================
  來源落檔（⛔ 本器所生·⛔ 本批重跑）＝ 🔴 無
  🔒 補令二 `§三-3` 逐字：**`S_req` 本身未動**（二落檔逐位相同）⇒ ⛔ 在作廢之列
  落檔             組                      j       本器 s_錨_幾何      倉內 S_req      |Δ|(m) 判
  🔴 **判定集為空** ⇒ loud 拒測（⛔ 靜默綠）

====================================================================================================================================
【五】兩造對照（自證⛔ 恆綠亦⛔ 恆紅）
  🔒 **母體之界定**（⛔ 全掃 `j`）：限**該平移能波及重疊對**者——∃ 重疊對 `(a, b)` 使 `a ≤ j < b`。
  🩸 **由**：平移只動 `j+1..n`；若重疊對之二端**同在** `j+1..n`（或同在 `0..j`），其相對位置⛔ 變 ⇒ 陰性必等於現況 ⇒ **偽紅**（本器首版即如此·自捕）。
====================================================================================================================================
  組                      j   陽性（錨回移 2.0m）         現況（δ=0）              陰性（錨移至幾何）            判
  🔴 **判定集為空** ⇒ loud 拒測

====================================================================================================================================
【六】🔴 **新靶**：以幾何終點為錨（**逐 j 累積套用**）後，全部可達組之重疊
====================================================================================================================================
  組                          宗數 現況（對數｜Σ面積）                   新錨累積後（對數｜Σ面積）                判

====================================================================================================================================
【七】`δ` 之彙總（＝ 原單 `§四` 差異表量級之來源·**帶號合計與絕對值合計並列**）
====================================================================================================================================

====================================================================================================================================
🔴 **閘紅 ＝ 2 項** ⇒ 本次輸出⛔ 出艙（`rc ≠ 0`）：
   · 閘丙之判定集為空 ⇒ loud 拒測（⛔ 靜默綠）
   · 兩造對照之判定集為空 ⇒ loud 拒測（⛔ 靜默綠）
====================================================================================================================================
