══ 工項三　`GB-167` 之三項現查（CC 當場復現·⛔ 預寫）
   母體 ＝ `app.py` 單檔＠`blob@cec23b1c5eaa92c5f3cb8a543338db6cc83c72c7`（1464014 B／24582 列）｜粒度框 ＝ **列框**／**成員數**
   `_WF_NS_NAMES` 之定義列 ＝ :14452  逐字 ＝ _WF_NS_NAMES = [
   `_WF_NS_NAMES` 之成員數 ＝ **40**（區間 :14452–:14523）
   `_wg9268p_anchor_advance   ` 全檔（含引號形）命中 ＝ **0**｜**在 `_WF_NS_NAMES` 列中 ＝ False**
   `_pool_strips_for_block    ` 全檔（含引號形）命中 ＝ **1**｜**在 `_WF_NS_NAMES` 列中 ＝ True**
   `_oblique_s_max            ` 全檔（含引號形）命中 ＝ **1**｜**在 `_WF_NS_NAMES` 列中 ＝ True**
   判別力[必為零] 一人造之名（執行期組出）＝ **0**
   判別力[必非零] 裸字樣 `_wg9268p_anchor_advance`（⛔ 限引號形）＝ **5**

══ 工項四　`自誤 377` 之取號（**三形聯集**框·已修·⛔ 再用鬆框原式）
   三軸｜(1) `blob@cec23b1c5eaa92c5f3cb8a543338db6cc83c72c7`｜(2) 母體 ＝ 追蹤 `.md` **745** 檔（空 0）｜(3) 檔框 ＋ 列框

   | 角色 | 號 | B形 檔/列 | C形 檔/列 | 鬆框(已修) 檔/列 | 聯集列 |
   |---|---|---|---|---|---|
   | 受詢 | `377` | 1／1 | 1／3 | 1／5 | 5 |
   | 對照組甲[必非零] | `376` | 3／3 | 4／11 | 5／15 | 15 |
   | 對照組甲2[必非零] | `375` | 3／3 | 6／11 | 7／15 | 15 |
   | 對照組乙[必為零] | （人造哨兵·字面⛔ 出艙） | 0／0 | 0／0 | 0／0 | 0 |

   🛑 `裁 H`：逐筆歸類 `377` 之**聯集**命中（5 列）
     · `docs/orders/W-G.9-273_施工單_Δ2.425之值空間定位與GB168.md`:1 ｜**本單自身之授權條款**｜ 中框 ＝ C形,鬆框(已修·容反引號)
         # W-G.9-273　施工單（**零生產碼**：`Δ=2.425` 之值空間定位／態乙二情境同值之成因／`GB-168`·`自誤 377`·坑 `ba` 之鑄／`58.4792` 之受詞對齊）
     · `docs/orders/W-G.9-273_施工單_Δ2.425之值空間定位與GB168.md`:42 ｜**本單自身之授權條款**｜ 中框 ＝ C形,鬆框(已修·容反引號)
         ## §一　🩸 `自誤 377` 之鑄（**責 ＝ 發單側**·逐字轉錄·**⛔ 改寫**）
     · `docs/orders/W-G.9-273_施工單_Δ2.425之值空間定位與GB168.md`:52 ｜**本單自身之授權條款**｜ 中框 ＝ 鬆框(已修·容反引號)
         **節題之形須與既有六則同構**（`### 🩸 \`自誤 377\`　**…**`）。**取號現查**依 `W-G.9-271 §一` 之**三形聯集**框；對照組甲 `自誤 376`／甲2 `自誤 375`（皆須 `>0`）／乙 人造哨兵
     · `docs/orders/W-G.9-273_施工單_Δ2.425之值空間定位與GB168.md`:79 ｜**本單自身之授權條款**｜ 中框 ＝ C形,鬆框(已修·容反引號)
         | `4` | `GB-168`（`§三`）／`自誤 377`（`§一`）／坑 `ba`（`§二`）之鑄 ＋ `ALPHA_LABELS`→`ba` ＋ 三處框字串齊一 |
     · `docs/orders/W-G.9-273_施工單_Δ2.425之值空間定位與GB168.md`:139 ｜**本單自身之授權條款**｜ 中框 ＝ B形,鬆框(已修·容反引號)
         **自誤 `377`**／**`GB-168`**／**坑 `ba`**——各一號。🛑 `VR`／`K-9` **本批⛔ 鑄**。

══ 工項三　`GB-167` 之取號（`GB` 之三形·母體 ＝ 全倉追蹤 `.md`）
   受詢 `GB-168`：錨定 1／6｜C形 1／6
     · `docs/orders/W-G.9-273_施工單_Δ2.425之值空間定位與GB168.md`:1 ｜**本單自身之授權條款**｜ 框 ＝ 錨定
         # W-G.9-273　施工單（**零生產碼**：`Δ=2.425` 之值空間定位／態乙二情境同值之成因／`GB-168`·`自誤 377`·坑 `ba` 之鑄／`58.4792` 之受詞對齊）
     · `docs/orders/W-G.9-273_施工單_Δ2.425之值空間定位與GB168.md`:1 ｜**本單自身之授權條款**｜ 框 ＝ C形
         # W-G.9-273　施工單（**零生產碼**：`Δ=2.425` 之值空間定位／態乙二情境同值之成因／`GB-168`·`自誤 377`·坑 `ba` 之鑄／`58.4792` 之受詞對齊）
     · `docs/orders/W-G.9-273_施工單_Δ2.425之值空間定位與GB168.md`:59 ｜**本單自身之授權條款**｜ 框 ＝ 錨定
         ## §三　🆕 `GB-168` 之鑄（**⛔ 修·純登記**）
     · `docs/orders/W-G.9-273_施工單_Δ2.425之值空間定位與GB168.md`:59 ｜**本單自身之授權條款**｜ 框 ＝ C形
         ## §三　🆕 `GB-168` 之鑄（**⛔ 修·純登記**）
     · `docs/orders/W-G.9-273_施工單_Δ2.425之值空間定位與GB168.md`:79 ｜**本單自身之授權條款**｜ 框 ＝ 錨定
         | `4` | `GB-168`（`§三`）／`自誤 377`（`§一`）／坑 `ba`（`§二`）之鑄 ＋ `ALPHA_LABELS`→`ba` ＋ 三處框字串齊一 |
     · `docs/orders/W-G.9-273_施工單_Δ2.425之值空間定位與GB168.md`:79 ｜**本單自身之授權條款**｜ 框 ＝ C形
         | `4` | `GB-168`（`§三`）／`自誤 377`（`§一`）／坑 `ba`（`§二`）之鑄 ＋ `ALPHA_LABELS`→`ba` ＋ 三處框字串齊一 |
     · `docs/orders/W-G.9-273_施工單_Δ2.425之值空間定位與GB168.md`:135 ｜**本單自身之授權條款**｜ 框 ＝ 錨定
         6. 自限復驗：`app.py` blob 期初＝期末／`baselines` `298`·`a898f4e1…`／`p3a` 未併線／`WV_BAKE` 未設／`K-9-29` 任何子項 ⛔ 落地／`GB-167`·`GB-168` **
     · `docs/orders/W-G.9-273_施工單_Δ2.425之值空間定位與GB168.md`:135 ｜**本單自身之授權條款**｜ 框 ＝ C形
         6. 自限復驗：`app.py` blob 期初＝期末／`baselines` `298`·`a898f4e1…`／`p3a` 未併線／`WV_BAKE` 未設／`K-9-29` 任何子項 ⛔ 落地／`GB-167`·`GB-168` **
     · `docs/orders/W-G.9-273_施工單_Δ2.425之值空間定位與GB168.md`:139 ｜**本單自身之授權條款**｜ 框 ＝ 錨定
         **自誤 `377`**／**`GB-168`**／**坑 `ba`**——各一號。🛑 `VR`／`K-9` **本批⛔ 鑄**。
     · `docs/orders/W-G.9-273_施工單_Δ2.425之值空間定位與GB168.md`:139 ｜**本單自身之授權條款**｜ 框 ＝ C形
         **自誤 `377`**／**`GB-168`**／**坑 `ba`**——各一號。🛑 `VR`／`K-9` **本批⛔ 鑄**。
     · `docs/orders/W-G.9-273_施工單_Δ2.425之值空間定位與GB168.md`:143 ｜**本單自身之授權條款**｜ 框 ＝ 錨定
         1. ⛔ 動生產碼 `34` 檔一字；⛔ 改五個 `*_EXPECT` 任一字；**⛔ 修 `GB-167`／`GB-168`**。
     · `docs/orders/W-G.9-273_施工單_Δ2.425之值空間定位與GB168.md`:143 ｜**本單自身之授權條款**｜ 框 ＝ C形
         1. ⛔ 動生產碼 `34` 檔一字；⛔ 改五個 `*_EXPECT` 任一字；**⛔ 修 `GB-167`／`GB-168`**。
   對照組甲[必非零] `GB-167`：錨定 5／21｜C形 5／21
   對照組甲2[必非零] `GB-166`：錨定 14／41｜C形 14／41
   對照組乙[必為零] 一人造 `GB` 號（執行期組出）＝ **0** 檔
