======================================================================================================================
【`W-G.9-268′` 補令六 `§三-2`】守恆必答（逐街廓·**全宗母體**）
======================================================================================================================

── 否證對照（守恆算式·人造·先跑）──
  [必綠] 人造守恆案　殘差 ＝ +0.0000000000（須 0）✅
  [必紅] 人造破守恆案 殘差 ＝ +15.0000000000（須 +15）✅

🔒 管線已建：街廓 `11`／宗 `48`

🔒 [0m   ／ 旗標 off] `g_rows` ＝ **21** 列（母體基數）／中止街廓 ＝ **R2**／街廓數 ＝ 2
🔒 [0m   ／ 旗標 on ] `g_rows` ＝ **59** 列（母體基數）／中止街廓 ＝ 無／街廓數 ＝ 6
🔒 [3.5m ／ 旗標 off] `g_rows` ＝ **47** 列（母體基數）／中止街廓 ＝ **R5**／街廓數 ＝ 5
🔒 [3.5m ／ 旗標 on ] `g_rows` ＝ **60** 列（母體基數）／中止街廓 ＝ 無／街廓數 ＝ 6

======================================================================================================================
§ 一　逐 `(情境, 街廓)` 之守恆帳（**全宗母體**·帶號與絕對值並列）
======================================================================================================================

🔑 `Σ池` 之**取數落點** ＝ `run_step_g` 回傳 `_sg['g_rows']` 之
   `推進側別 == '抵費地'` 列之 **`幾何面積(㎡)`**（`解法 ＝ '幾何剩餘'`·`G(㎡) ≡ 0`）
🔑 `Σ池` 之**產出階段** ＝ `run_step_g`（**錨 `_wg9268p_anchor_advance` 之下游**）
🛑 ⛔ 取自 `got_抵費地_退縮*.csv` —— 該檔源於 `run_corner_pk`（錨之**上游**）·見 `§三`

── 情境 `0m` ── 中止街廓：`off` ＝ R2 ／ `on` ＝ 無
   街廓    宗數(前→後)   ΣG 前        ΣG 後        ΔΣG       Σ池 前        Σ池 後        ΔΣ池         判
   R1    5→5         1718.0600   1718.0600   +0.0000   1175.4900   1175.4900     +0.0000 🟢
   R2    14→14       2568.5900   2571.8800   +3.2900      0.0000   1796.6900  +1796.6900 🟡中止/缺
   R3    —→10              nan   2411.6600      +nan         nan   1795.1300        +nan 🟡中止/缺
   R4    —→1               nan   2017.5400      +nan         nan   1190.3300        +nan 🟡中止/缺
   R5    —→8               nan   2389.8700      +nan         nan   1760.3400        +nan 🟡中止/缺
   R6    —→8               nan   2347.5700      +nan         nan   1628.7200        +nan 🟡中止/缺

   守恆殘差 ＝ `街廓面積 − ΣG − Σ池`（容差 ＝ (列數＋1)×0.005·逐街廓具名）
   街廓    態      街廓面積         ΣG          Σ池          殘差          容差        判
   R1    off       2893.5500   1718.0600   1175.4900     +0.0000    0.0400  ✅
   R1    on        2893.5500   1718.0600   1175.4900     +0.0000    0.0400  ✅
   R2    off       4368.6000   2568.5900      0.0000  +1800.0100    0.0750  🟡 **中止街廓** ⇒ ⛔ 判（池未必已生成·loud）
   R2    on        4368.6000   2571.8800   1796.6900     +0.0300    0.0850  ✅
   R3    off    🟡 該態無此街廓 ⇒ ⛔ 判（loud）
   R3    on        4206.8000   2411.6600   1795.1300     +0.0100    0.0600  ✅
   R4    off    🟡 該態無此街廓 ⇒ ⛔ 判（loud）
   R4    on        3207.8700   2017.5400   1190.3300     +0.0000    0.0300  ✅
   R5    off    🟡 該態無此街廓 ⇒ ⛔ 判（loud）
   R5    on        4150.2100   2389.8700   1760.3400     +0.0000    0.0550  ✅
   R6    off    🟡 該態無此街廓 ⇒ ⛔ 判（loud）
   R6    on        3976.3000   2347.5700   1628.7200     +0.0100    0.0550  ✅

   🔒 共有街廓之合計（帶號 ／ 絕對值·二者並列）
      ΣΔ(ΣG) ＝ +3.2900 ／ Σ|Δ(ΣG)| ＝ 3.2900
      ΣΔ(Σ池) ＝ +1796.6900 ／ Σ|Δ(Σ池)| ＝ 1796.6900

── 情境 `3.5m` ── 中止街廓：`off` ＝ R5 ／ `on` ＝ 無
   街廓    宗數(前→後)   ΣG 前        ΣG 後        ΔΣG       Σ池 前        Σ池 後        ΔΣ池         判
   R1    5→5         1718.4400   1718.4400   +0.0000   1175.0900   1175.0900     +0.0000 🟢
   R2    14→14       2594.1900   2594.1900   +0.0000   1774.4300   1774.4300     +0.0000 🟢
   R3    —→10              nan   2411.6600      +nan         nan   1795.1300        +nan 🟡中止/缺
   R4    1→1         2023.3300   2023.3300   +0.0000   1184.5200   1184.5200     +0.0000 🟢
   R5    8→8         2384.9000   2389.2900   +4.3900      0.0000   1760.9500  +1760.9500 🟡中止/缺
   R6    8→8         2347.5700   2347.5700   +0.0000   1628.7200   1628.7200     +0.0000 🟢

   守恆殘差 ＝ `街廓面積 − ΣG − Σ池`（容差 ＝ (列數＋1)×0.005·逐街廓具名）
   街廓    態      街廓面積         ΣG          Σ池          殘差          容差        判
   R1    off       2893.5500   1718.4400   1175.0900     +0.0200    0.0450  ✅
   R1    on        2893.5500   1718.4400   1175.0900     +0.0200    0.0450  ✅
   R2    off       4368.6000   2594.1900   1774.4300     -0.0200    0.0850  ✅
   R2    on        4368.6000   2594.1900   1774.4300     -0.0200    0.0850  ✅
   R3    off    🟡 該態無此街廓 ⇒ ⛔ 判（loud）
   R3    on        4206.8000   2411.6600   1795.1300     +0.0100    0.0600  ✅
   R4    off       3207.8700   2023.3300   1184.5200     +0.0200    0.0300  ✅
   R4    on        3207.8700   2023.3300   1184.5200     +0.0200    0.0300  ✅
   R5    off       4150.2100   2384.9000      0.0000  +1765.3100    0.0450  🟡 **中止街廓** ⇒ ⛔ 判（池未必已生成·loud）
   R5    on        4150.2100   2389.2900   1760.9500     -0.0300    0.0550  ✅
   R6    off       3976.3000   2347.5700   1628.7200     +0.0100    0.0550  ✅
   R6    on        3976.3000   2347.5700   1628.7200     +0.0100    0.0550  ✅

   🔒 共有街廓之合計（帶號 ／ 絕對值·二者並列）
      ΣΔ(ΣG) ＝ +4.3900 ／ Σ|Δ(ΣG)| ＝ 4.3900
      ΣΔ(Σ池) ＝ +1760.9500 ／ Σ|Δ(Σ池)| ＝ 1760.9500

======================================================================================================================
§ 二　判
======================================================================================================================
   判定集基數 ＝ **17**（(情境,街廓,態) 之可判者）
   ⛔ 可判者 ＝ **7** 項（逐項具名·⛔ 與「殘差為零」共用出艙碼）：
      🟡 ('0m', 'R2', 'off', '中止街廓')
      🟡 ('0m', 'R3', 'off', '該態無此街廓')
      🟡 ('0m', 'R4', 'off', '該態無此街廓')
      🟡 ('0m', 'R5', 'off', '該態無此街廓')
      🟡 ('0m', 'R6', 'off', '該態無此街廓')
      🟡 ('3.5m', 'R3', 'off', '該態無此街廓')
      🟡 ('3.5m', 'R5', 'off', '中止街廓')

   ✅ **全部可判者之守恆殘差皆在其具名容差內** ⇒ 停機款**未觸發**
