==================================================================================================================
【`c4`】以**當次實跑**獨立復驗 `W-G.9-269R_c2.md` `三-2` 之「後」欄（絕對值·⛔ `Δ`）
==================================================================================================================

── 情境 `0m` ── 母體 ＝ got_G值_退縮0m.csv 全列 **56**
   街廓     ΣG 本批          （c2 後欄）        Σ池 本批          （c2 後欄）        街廓面積       判
   R1     1718.06        1718.06        1175.49        1175.50        2893.55    ✅ 相符
   R2     2533.49        2533.49        1835.10        1835.10        4368.60    ✅ 相符
   R3     2411.66        2411.66        1795.13        1795.13        4206.80    ✅ 相符
   R4     2017.54        2017.54        1190.33        1190.32        3207.87    ✅ 相符
   R5     2383.27        2383.27        1766.97        1766.97        4150.21    ✅ 相符
   R6     2347.57        2347.57        1628.72        1628.71        3976.30    ✅ 相符

── 情境 `3.5m` ── 母體 ＝ got_G值_退縮3.5m.csv 全列 **59**
   街廓     ΣG 本批          （c2 後欄）        Σ池 本批          （c2 後欄）        街廓面積       判
   R1     1718.44        1718.44        1175.09        1175.10        2893.55    ✅ 相符
   R2     2594.19        2594.19        1774.43        1774.43        4368.60    ✅ 相符
   R3     2411.66        2411.66        1795.13        1795.13        4206.80    ✅ 相符
   R4     2023.33        2023.33        1184.52        1184.53        3207.87    ✅ 相符
   R5     2383.26        2383.26        1766.97        1766.97        4150.21    ✅ 相符
   R6     2347.57        2347.57        1628.72        1628.71        3976.30    ✅ 相符

🔒 判：本批之「後」欄與 `c2` 報告 **逐格相符**（相異街廓 **0**）

── 判別力（⛔ 恆綠）：以 `0m` 之實測比 `3.5m` 之期望 ──
   跨情境比對之相異街廓 ＝ **3**／6 ⇒ ✅ 該比對**非恆綠**

── `628-42(1)` 之閘一欄（`3.5m`·何以⛔ 被剔除）──
     驗_B藍影          ＝ '不適用'
     驗_總判           ＝ '剔除'
     驗_rejected     ＝ 'True'
     驗_B_臨正街        ＝ '—'
     驗_B_臨屁股        ＝ '—'
     畸零地旗標          ＝ '⚠️移出/第1調配順位'
     宗地寬度(m)        ＝ '0.11'
     G(㎡)           ＝ '4.77'

   ⇒ 值分布對照（`驗_B藍影`·全 `3.5m` 列·**先印再定框**·坑 `y`）：
     {'不適用': 40, '合格': 5, '': 14}
==================================================================================================================
