========================================================================================================
【必載 `2`】二宗近乎零之配地：逐宗單列
========================================================================================================

  〔0m〕 宗 628-42(1)（歸戶 G011·街廓 R2）
     G(㎡)           改前 3.82                         → 改後 0.23                         (相異)
     宗地寬度(m)        改前 0.76                         → 改後 0.18                         (相異)
     畸零地旗標          改前 ⚠️移出/第1調配順位                  → 改後 ⚠️移出/第1調配順位                  (相同)

  〔0m〕 宗 628-53(2)（歸戶 G025·街廓 R5）
     🛑 改前無此宗（改前中止所致）⇒ **不可比**

  〔3.5m〕 宗 628-42(1)（歸戶 G011·街廓 R2）
     G(㎡)           改前 4.77                         → 改後 4.77                         (相同)
     宗地寬度(m)        改前 0.11                         → 改後 0.11                         (相同)
     畸零地旗標          改前 ⚠️移出/第1調配順位                  → 改後 ⚠️移出/第1調配順位                  (相同)

  〔3.5m〕 宗 628-53(2)（歸戶 G025·街廓 R5）
     G(㎡)           改前 0.99                         → 改後 0.0                          (相異)
     宗地寬度(m)        改前 0.39                         → 改後 0.02                         (相異)
     畸零地旗標          改前 ⚠️移出/第1調配順位                  → 改後 ⚠️移出/第1調配順位                  (相同)

========================================================================================================
【必載 `3`】表二 守恆（Σ池 ⇐ **獨立量測**：推進側別 == '抵費地' 之 幾何面積(㎡)）
========================================================================================================

  〔退縮 0m】 檔 = got_G值_退縮0m.csv
  街廓              ΣG(㎡)          Σ池(㎡)        街廓面積(㎡)        殘差(㎡)     列數
  R1          1718.0600      1175.4900      2893.5500      +0.0000      7
  R2          2571.8800      1796.6900      4368.6000      +0.0300     16
  R4          2017.5400      1190.3300      3207.8700      +0.0000      5
  R6          2347.5700      1628.7200      3976.3000      +0.0100     10
  R5          2389.8700      1760.3400      4150.2100      +0.0000     10
  R3          2411.6600      1795.1300      4206.8000      +0.0100     11

  〔退縮 3.5m】 檔 = got_G值_退縮3.5m.csv
  街廓              ΣG(㎡)          Σ池(㎡)        街廓面積(㎡)        殘差(㎡)     列數
  R1          1718.4400      1175.0900      2893.5500      +0.0200      8
  R2          2594.1900      1774.4300      4368.6000      -0.0200     16
  R4          2023.3300      1184.5200      3207.8700      +0.0200      5
  R6          2347.5700      1628.7200      3976.3000      +0.0100     10
  R5          2389.2900      1760.9500      4150.2100      -0.0300     10
  R3          2411.6600      1795.1300      4206.8000      +0.0100     11
