======================================================================================================================
【`W-G.9-268′` `c3_unit`】造 `a′`／`b` —— **單態**·⛔ 裝選擇器活體檢（補令十四 `§二-2`）
======================================================================================================================
🔒 受測符號自 `harvest()` 取得：`_wg9268p_anchor_advance` True ／ `_oblique_s_max` True

── 閉式自證（`_oblique_s_max` ＝ `max(s_i)`）──
   斜交角 ＝ 3.7°（⛔ 正交）／頂點 8 個／`s_i` ＝ [0.5, 2.0, 7.25, 3.0]
  `_oblique_s_max`（閉式期望 max(s_i)）                          得 7.2500000000       期 7.2500000000       ✅

── 造 `a′`：**錨⛔ 後退**（`s_geo < cum_S` ⇒ 須為 `cum_S`·`max()` 之語意）──
  `cum_S ＝ 10.0` 而 `s_geo ＝ 7.25`（須仍 10.0）                 得 10.0000000000      期 10.0000000000      ✅

── 造 `b`：**生效**（`s_geo > cum_S` ⇒ 須為 `s_geo`）──
  `cum_S ＝ 1.0` 而 `s_geo ＝ 7.25`（須 7.25）                   得 7.2500000000       期 7.2500000000       ✅

── 🔑 判別力（補令十四 `§二-3`）──
   陽性二造**同一函式、同一輪、期望相異**（`10.0` vs `7.25`）⇒ 二者⛔ 同時為恆綠：
     凡以常數回傳之偽實作，必令其一轉紅。
   **陰性二造**（期望互換·**須皆紅**）：
  [陰性] `cum_S ＝ 10.0` 而斷言須為 `s_geo`（須紅）                    得 10.0000000000      期 7.2500000000       🔴
  [陰性] `cum_S ＝ 1.0` 而斷言須為 `cum_S`（須紅）                     得 7.2500000000       期 1.0000000000       🔴

   陽性二造 ＝ 全綠 ／ 陰性二造之紅 ＝ 2／2
   ⇒ ✅ **二造⛔ 同色**（陽性全綠 ∧ 陰性全紅）⇒ 本器**非恆綠、亦非恆紅**

======================================================================================================================
✅ **`c3_unit` 全綠**：閉式自證 ⋀ 造 `a′`（錨⛔ 後退）⋀ 造 `b`（生效）⋀ 陰性二造皆紅
======================================================================================================================
