============================================================================================================================
【`W-G.9-271` `§二-2`】**`s` 框之同源性**（本批之主檢·**出艙即止**）
============================================================================================================================
🛑 **⛔ 判 `p6` 之結論作廢、⛔ 判「交錯」之有無**——量得之事實候發單側。

────────────────────────────────────────────────────────────────────────────────────────────────────────────────────────────
【判別力二造】（單 `§二-2` 所令·二造同色 ⇒ 器紅·`rc = 5`）
────────────────────────────────────────────────────────────────────────────────────────────────────────────────────────────
   造甲[必重疊] 一宗之區間與**其自身**對拍 ⇒ 重疊長 ＝ 25.000000（其長 ＝ 25.000000）⇒ ✅
   造乙[必不重疊] 一人造區間置於 `s` 域外 ⇒ 重疊長 ＝ 0.000000 ⇒ ✅
   ⇒ **器非紅**（一造 `>0`、一造 `= 0`）✅

────────────────────────────────────────────────────────────────────────────────────────────────────────────────────────────
【情境 `退縮 0m`】
────────────────────────────────────────────────────────────────────────────────────────────────────────────────────────────
🔒 容差 ＝ `_S_EPS`（**自 `ns` 取值**）＝ 0.0002
🔒 間諜所錄之 `_label` ＝ **6** 個：R1／R2／R3／R4／R5／R6｜`g_rows` ＝ **56** 列

── 呼叫次數（逐街廓·本情境）
   | `_label` | 呼叫次數 | 逐次之回傳片數 |
   |---|---|---|
   | `R1` | **1** | 2 |
   | `R2` | **1** | 2 |
   | `R3` | **1** | 1 |
   | `R4` | **1** | 4 |
   | `R5` | **1** | 2 |
   | `R6` | **1** | 2 |
   ⇒ 無一街廓被呼叫 `>1` 次。

   ══ `R1` ══  池片 2（`s` 不可得 0）／`biz_polys` 5（0）／`cut_coords` 5（0）
      ── 組 甲（池側 ＝ 回傳 pieces｜宗側 ＝ biz_polys（**同一次呼叫所錄**））
         逐片重疊長 `> _S_EPS` 者 ＝ **1** ／ 2 片
         🔒 **準據：組甲之逐片重疊長須全為 `0`** ⇒ 🔴 **⛔ 成立**
         | 池片 | `s` 起 | `s` 迄 | 面積(㎡) | Σ重疊長 | 重疊之宗（名: 重疊長） |
         |---|---|---|---|---|---|
         | `R1-池#2` | -0.324813 | -0.035835 | 0.0046 | **0.288978** | R1-biz#1: 0.288978 |
         🛑 **⛔ 判其孰誤**——照實具名（單 `§二-2` 明令）。
      ── 組 乙（池側 ＝ 回傳 pieces｜宗側 ＝ g_rows 之 cut_coords（＝ `p6` 之取法））
         逐片重疊長 `> _S_EPS` 者 ＝ **1** ／ 2 片
         | 池片 | `s` 起 | `s` 迄 | 面積(㎡) | Σ重疊長 | 重疊之宗（名: 重疊長） |
         |---|---|---|---|---|---|
         | `R1-池#2` | -0.324813 | -0.035835 | 0.0046 | **0.288978** | 628-37(1): 0.288978 |
         🛑 **⛔ 判其孰誤**——照實具名（單 `§二-2` 明令）。
      ── 組 丙（`biz_polys` vs `cut_coords` 之同宗二形·逐宗對拍 `s` 區間之差）
         🔒 **配對法（具名·⛔ 隱含）**：對每一 `cut_coords` 之宗，取其與各 `biz_polys` 之 `s` 區間**重疊長最大**者為配對；
            重疊長皆 `<= _S_EPS` 者具名為 **無配對**（⛔ 靜默丟）。
         | `cut_coords` 之宗 | 配對之 `biz` | Δ`s` 起 | Δ`s` 迄 | Δ面積(㎡) |
         |---|---|---|---|---|
         | `628-37(1)` | `R1-biz#1` | +0.000000000 | +0.000000000 | +0.000000 |
         | `628-35(2)` | `R1-biz#2` | +0.000000000 | +0.000000000 | +0.000000 |
         | `628(5)` | `R1-biz#3` | +0.000000000 | +0.000000000 | +0.000000 |
         | `628-34(3)` | `R1-biz#4` | +0.000000000 | +0.000000000 | +0.000000 |
         | `628-36(1)` | `R1-biz#5` | +0.000000000 | +0.000000000 | +0.000000 |
         ⇒ 二形**逐宗一一對應**（無殘餘）。

   ══ `R2` ══  池片 2（`s` 不可得 0）／`biz_polys` 12（0）／`cut_coords` 12（0）
      ── 組 甲（池側 ＝ 回傳 pieces｜宗側 ＝ biz_polys（**同一次呼叫所錄**））
         逐片重疊長 `> _S_EPS` 者 ＝ **1** ／ 2 片
         🔒 **準據：組甲之逐片重疊長須全為 `0`** ⇒ 🔴 **⛔ 成立**
         | 池片 | `s` 起 | `s` 迄 | 面積(㎡) | Σ重疊長 | 重疊之宗（名: 重疊長） |
         |---|---|---|---|---|---|
         | `R2-池#2` | 4.055372 | 10.839544 | 152.3551 | **6.784172** | R2-biz#1: 3.393333; R2-biz#2: 3.390839 |
         🛑 **⛔ 判其孰誤**——照實具名（單 `§二-2` 明令）。
      ── 組 乙（池側 ＝ 回傳 pieces｜宗側 ＝ g_rows 之 cut_coords（＝ `p6` 之取法））
         逐片重疊長 `> _S_EPS` 者 ＝ **1** ／ 2 片
         | 池片 | `s` 起 | `s` 迄 | 面積(㎡) | Σ重疊長 | 重疊之宗（名: 重疊長） |
         |---|---|---|---|---|---|
         | `R2-池#2` | 4.055372 | 10.839544 | 152.3551 | **6.784172** | 628-41(1): 3.393333; 628-40(1)+: 3.390839 |
         🛑 **⛔ 判其孰誤**——照實具名（單 `§二-2` 明令）。
      ── 組 丙（`biz_polys` vs `cut_coords` 之同宗二形·逐宗對拍 `s` 區間之差）
         🔒 **配對法（具名·⛔ 隱含）**：對每一 `cut_coords` 之宗，取其與各 `biz_polys` 之 `s` 區間**重疊長最大**者為配對；
            重疊長皆 `<= _S_EPS` 者具名為 **無配對**（⛔ 靜默丟）。
         | `cut_coords` 之宗 | 配對之 `biz` | Δ`s` 起 | Δ`s` 迄 | Δ面積(㎡) |
         |---|---|---|---|---|
         | `628-41(1)` | `R2-biz#1` | +0.000000000 | +0.000000000 | +0.000000 |
         | `628-40(1)+` | `R2-biz#2` | +0.000000000 | +0.000000000 | +0.000000 |
         | `628-30(2)` | `R2-biz#3` | +0.000000000 | +0.000000000 | +0.000000 |
         | `628-39(1)` | `R2-biz#4` | +0.000000000 | +0.000000000 | +0.000000 |
         | `628-31(2)` | `R2-biz#5` | +0.000000000 | +0.000000000 | +0.000000 |
         | `628-35(1)` | `R2-biz#6` | +0.000000000 | +0.000000000 | +0.000000 |
         | `628-34(1)` | `R2-biz#7` | +0.000000000 | +0.000000000 | +0.000000 |
         | `628-49(1)` | `R2-biz#8` | +0.000000000 | +0.000000000 | +0.000000 |
         | `628-50(1)` | `R2-biz#9` | +0.000000000 | +0.000000000 | +0.000000 |
         | `628-51(1)` | `R2-biz#10` | +0.000000000 | +0.000000000 | +0.000000 |
         | `628-52(1)` | `R2-biz#11` | +0.000000000 | +0.000000000 | +0.000000 |
         | `628-32(2)` | `R2-biz#12` | +0.000000000 | +0.000000000 | +0.000000 |
         ⇒ 二形**逐宗一一對應**（無殘餘）。

   ══ `R3` ══  池片 1（`s` 不可得 0）／`biz_polys` 10（0）／`cut_coords` 10（0）
      ── 組 甲（池側 ＝ 回傳 pieces｜宗側 ＝ biz_polys（**同一次呼叫所錄**））
         逐片重疊長 `> _S_EPS` 者 ＝ **0** ／ 1 片
         🔒 **準據：組甲之逐片重疊長須全為 `0`** ⇒ 🟢 **成立**
      ── 組 乙（池側 ＝ 回傳 pieces｜宗側 ＝ g_rows 之 cut_coords（＝ `p6` 之取法））
         逐片重疊長 `> _S_EPS` 者 ＝ **0** ／ 1 片
      ── 組 丙（`biz_polys` vs `cut_coords` 之同宗二形·逐宗對拍 `s` 區間之差）
         🔒 **配對法（具名·⛔ 隱含）**：對每一 `cut_coords` 之宗，取其與各 `biz_polys` 之 `s` 區間**重疊長最大**者為配對；
            重疊長皆 `<= _S_EPS` 者具名為 **無配對**（⛔ 靜默丟）。
         | `cut_coords` 之宗 | 配對之 `biz` | Δ`s` 起 | Δ`s` 迄 | Δ面積(㎡) |
         |---|---|---|---|---|
         | `628(4)` | `R3-biz#1` | +0.000000000 | +0.000000000 | +0.000000 |
         | `628-34(2)` | `R3-biz#2` | +0.000000000 | +0.000000000 | +0.000000 |
         | `628-46(1)` | `R3-biz#3` | +0.000000000 | +0.000000000 | +0.000000 |
         | `628-47(1)+` | `R3-biz#4` | +0.000000000 | +0.000000000 | +0.000000 |
         | `628-32(3)` | `R3-biz#5` | +0.000000000 | +0.000000000 | +0.000000 |
         | `628-30(3)+` | `R3-biz#6` | +0.000000000 | +0.000000000 | +0.000000 |
         | `628-42(2)` | `R3-biz#7` | +0.000000000 | +0.000000000 | +0.000000 |
         | `628-27(2)` | `R3-biz#8` | +0.000000000 | +0.000000000 | +0.000000 |
         | `628-29(1)+` | `R3-biz#9` | +0.000000000 | +0.000000000 | +0.000000 |
         | `628-31(3)` | `R3-biz#10` | +0.000000000 | +0.000000000 | +0.000000 |
         ⇒ 二形**逐宗一一對應**（無殘餘）。

   ══ `R4` ══  池片 4（`s` 不可得 0）／`biz_polys` 1（0）／`cut_coords` 1（0）
      ── 組 甲（池側 ＝ 回傳 pieces｜宗側 ＝ biz_polys（**同一次呼叫所錄**））
         逐片重疊長 `> _S_EPS` 者 ＝ **2** ／ 4 片
         🔒 **準據：組甲之逐片重疊長須全為 `0`** ⇒ 🔴 **⛔ 成立**
         | 池片 | `s` 起 | `s` 迄 | 面積(㎡) | Σ重疊長 | 重疊之宗（名: 重疊長） |
         |---|---|---|---|---|---|
         | `R4-池#3` | 1.576666 | 49.529873 | 26.1116 | **45.030121** | R4-biz#1: 45.030121 |
         | `R4-池#4` | 49.529873 | 97.236015 | 26.0858 | **17.470632** | R4-biz#1: 17.470632 |
         🛑 **⛔ 判其孰誤**——照實具名（單 `§二-2` 明令）。
      ── 組 乙（池側 ＝ 回傳 pieces｜宗側 ＝ g_rows 之 cut_coords（＝ `p6` 之取法））
         逐片重疊長 `> _S_EPS` 者 ＝ **2** ／ 4 片
         | 池片 | `s` 起 | `s` 迄 | 面積(㎡) | Σ重疊長 | 重疊之宗（名: 重疊長） |
         |---|---|---|---|---|---|
         | `R4-池#3` | 1.576666 | 49.529873 | 26.1116 | **45.030121** | 628(1)+: 45.030121 |
         | `R4-池#4` | 49.529873 | 97.236015 | 26.0858 | **17.470632** | 628(1)+: 17.470632 |
         🛑 **⛔ 判其孰誤**——照實具名（單 `§二-2` 明令）。
      ── 組 丙（`biz_polys` vs `cut_coords` 之同宗二形·逐宗對拍 `s` 區間之差）
         🔒 **配對法（具名·⛔ 隱含）**：對每一 `cut_coords` 之宗，取其與各 `biz_polys` 之 `s` 區間**重疊長最大**者為配對；
            重疊長皆 `<= _S_EPS` 者具名為 **無配對**（⛔ 靜默丟）。
         | `cut_coords` 之宗 | 配對之 `biz` | Δ`s` 起 | Δ`s` 迄 | Δ面積(㎡) |
         |---|---|---|---|---|
         | `628(1)+` | `R4-biz#1` | +0.000000000 | +0.000000000 | +0.000000 |
         ⇒ 二形**逐宗一一對應**（無殘餘）。

   ══ `R5` ══  池片 2（`s` 不可得 0）／`biz_polys` 7（0）／`cut_coords` 7（0）
      ── 組 甲（池側 ＝ 回傳 pieces｜宗側 ＝ biz_polys（**同一次呼叫所錄**））
         逐片重疊長 `> _S_EPS` 者 ＝ **1** ／ 2 片
         🔒 **準據：組甲之逐片重疊長須全為 `0`** ⇒ 🔴 **⛔ 成立**
         | 池片 | `s` 起 | `s` 迄 | 面積(㎡) | Σ重疊長 | 重疊之宗（名: 重疊長） |
         |---|---|---|---|---|---|
         | `R5-池#2` | 4.849830 | 11.485592 | 145.1703 | **6.635763** | R5-biz#1: 3.311945; R5-biz#2: 3.323818 |
         🛑 **⛔ 判其孰誤**——照實具名（單 `§二-2` 明令）。
      ── 組 乙（池側 ＝ 回傳 pieces｜宗側 ＝ g_rows 之 cut_coords（＝ `p6` 之取法））
         逐片重疊長 `> _S_EPS` 者 ＝ **1** ／ 2 片
         | 池片 | `s` 起 | `s` 迄 | 面積(㎡) | Σ重疊長 | 重疊之宗（名: 重疊長） |
         |---|---|---|---|---|---|
         | `R5-池#2` | 4.849830 | 11.485592 | 145.1703 | **6.635763** | 628-18(2): 3.311945; 628-7(2): 3.323818 |
         🛑 **⛔ 判其孰誤**——照實具名（單 `§二-2` 明令）。
      ── 組 丙（`biz_polys` vs `cut_coords` 之同宗二形·逐宗對拍 `s` 區間之差）
         🔒 **配對法（具名·⛔ 隱含）**：對每一 `cut_coords` 之宗，取其與各 `biz_polys` 之 `s` 區間**重疊長最大**者為配對；
            重疊長皆 `<= _S_EPS` 者具名為 **無配對**（⛔ 靜默丟）。
         | `cut_coords` 之宗 | 配對之 `biz` | Δ`s` 起 | Δ`s` 迄 | Δ面積(㎡) |
         |---|---|---|---|---|
         | `628-18(2)` | `R5-biz#1` | +0.000000000 | +0.000000000 | +0.000000 |
         | `628-7(2)` | `R5-biz#2` | +0.000000000 | +0.000000000 | +0.000000 |
         | `628-45(1)+` | `R5-biz#3` | +0.000000000 | +0.000000000 | +0.000000 |
         | `628-31(1)` | `R5-biz#4` | +0.000000000 | +0.000000000 | +0.000000 |
         | `628-32(1)` | `R5-biz#5` | +0.000000000 | +0.000000000 | +0.000000 |
         | `628(3)` | `R5-biz#6` | +0.000000000 | +0.000000000 | +0.000000 |
         | `628-21(2)+` | `R5-biz#7` | +0.000000000 | +0.000000000 | +0.000000 |
         ⇒ 二形**逐宗一一對應**（無殘餘）。

   ══ `R6` ══  池片 2（`s` 不可得 0）／`biz_polys` 8（0）／`cut_coords` 8（0）
      ── 組 甲（池側 ＝ 回傳 pieces｜宗側 ＝ biz_polys（**同一次呼叫所錄**））
         逐片重疊長 `> _S_EPS` 者 ＝ **0** ／ 2 片
         🔒 **準據：組甲之逐片重疊長須全為 `0`** ⇒ 🟢 **成立**
      ── 組 乙（池側 ＝ 回傳 pieces｜宗側 ＝ g_rows 之 cut_coords（＝ `p6` 之取法））
         逐片重疊長 `> _S_EPS` 者 ＝ **0** ／ 2 片
      ── 組 丙（`biz_polys` vs `cut_coords` 之同宗二形·逐宗對拍 `s` 區間之差）
         🔒 **配對法（具名·⛔ 隱含）**：對每一 `cut_coords` 之宗，取其與各 `biz_polys` 之 `s` 區間**重疊長最大**者為配對；
            重疊長皆 `<= _S_EPS` 者具名為 **無配對**（⛔ 靜默丟）。
         | `cut_coords` 之宗 | 配對之 `biz` | Δ`s` 起 | Δ`s` 迄 | Δ面積(㎡) |
         |---|---|---|---|---|
         | `628(2)+` | `R6-biz#1` | +0.000000000 | +0.000000000 | +0.000000 |
         | `628-4(1)` | `R6-biz#2` | +0.000000000 | +0.000000000 | +0.000000 |
         | `628-23(1)+` | `R6-biz#3` | +0.000000000 | +0.000000000 | +0.000000 |
         | `628-18(1)` | `R6-biz#4` | +0.000000000 | +0.000000000 | +0.000000 |
         | `628-53(1)` | `R6-biz#5` | +0.000000000 | +0.000000000 | +0.000000 |
         | `628-38(1)` | `R6-biz#6` | +0.000000000 | +0.000000000 | +0.000000 |
         | `628-7(1)` | `R6-biz#7` | +0.000000000 | +0.000000000 | +0.000000 |
         | `628-20(1)` | `R6-biz#8` | +0.000000000 | +0.000000000 | +0.000000 |
         ⇒ 二形**逐宗一一對應**（無殘餘）。

────────────────────────────────────────────────────────────────────────────────────────────────────────────────────────────
【情境 `退縮 3.5m`】
────────────────────────────────────────────────────────────────────────────────────────────────────────────────────────────
🔒 容差 ＝ `_S_EPS`（**自 `ns` 取值**）＝ 0.0002
🔒 間諜所錄之 `_label` ＝ **6** 個：R1／R2／R3／R4／R5／R6｜`g_rows` ＝ **59** 列

── 呼叫次數（逐街廓·本情境）
   | `_label` | 呼叫次數 | 逐次之回傳片數 |
   |---|---|---|
   | `R1` | **1** | 3 |
   | `R2` | **1** | 2 |
   | `R3` | **1** | 1 |
   | `R4` | **1** | 4 |
   | `R5` | **1** | 2 |
   | `R6` | **1** | 2 |
   ⇒ 無一街廓被呼叫 `>1` 次。

   ══ `R1` ══  池片 3（`s` 不可得 0）／`biz_polys` 5（0）／`cut_coords` 5（0）
      ── 組 甲（池側 ＝ 回傳 pieces｜宗側 ＝ biz_polys（**同一次呼叫所錄**））
         逐片重疊長 `> _S_EPS` 者 ＝ **2** ／ 3 片
         🔒 **準據：組甲之逐片重疊長須全為 `0`** ⇒ 🔴 **⛔ 成立**
         | 池片 | `s` 起 | `s` 迄 | 面積(㎡) | Σ重疊長 | 重疊之宗（名: 重疊長） |
         |---|---|---|---|---|---|
         | `R1-池#2` | 17.240188 | 17.564931 | 5.3835 | **0.324742** | R1-biz#1: 0.324742 |
         | `R1-池#3` | -0.324813 | -0.035837 | 0.0046 | **0.288976** | R1-biz#1: 0.288976 |
         🛑 **⛔ 判其孰誤**——照實具名（單 `§二-2` 明令）。
      ── 組 乙（池側 ＝ 回傳 pieces｜宗側 ＝ g_rows 之 cut_coords（＝ `p6` 之取法））
         逐片重疊長 `> _S_EPS` 者 ＝ **2** ／ 3 片
         | 池片 | `s` 起 | `s` 迄 | 面積(㎡) | Σ重疊長 | 重疊之宗（名: 重疊長） |
         |---|---|---|---|---|---|
         | `R1-池#2` | 17.240188 | 17.564931 | 5.3835 | **0.324742** | 628-36(1): 0.324742 |
         | `R1-池#3` | -0.324813 | -0.035837 | 0.0046 | **0.288976** | 628-36(1): 0.288976 |
         🛑 **⛔ 判其孰誤**——照實具名（單 `§二-2` 明令）。
      ── 組 丙（`biz_polys` vs `cut_coords` 之同宗二形·逐宗對拍 `s` 區間之差）
         🔒 **配對法（具名·⛔ 隱含）**：對每一 `cut_coords` 之宗，取其與各 `biz_polys` 之 `s` 區間**重疊長最大**者為配對；
            重疊長皆 `<= _S_EPS` 者具名為 **無配對**（⛔ 靜默丟）。
         | `cut_coords` 之宗 | 配對之 `biz` | Δ`s` 起 | Δ`s` 迄 | Δ面積(㎡) |
         |---|---|---|---|---|
         | `628-36(1)` | `R1-biz#1` | +0.000000000 | +0.000000000 | +0.000000 |
         | `628(5)` | `R1-biz#2` | +0.000000000 | +0.000000000 | +0.000000 |
         | `628-34(3)` | `R1-biz#3` | +0.000000000 | +0.000000000 | +0.000000 |
         | `628-37(1)` | `R1-biz#4` | +0.000000000 | +0.000000000 | +0.000000 |
         | `628-35(2)` | `R1-biz#5` | +0.000000000 | +0.000000000 | +0.000000 |
         ⇒ 二形**逐宗一一對應**（無殘餘）。

   ══ `R2` ══  池片 2（`s` 不可得 0）／`biz_polys` 14（0）／`cut_coords` 14（0）
      ── 組 甲（池側 ＝ 回傳 pieces｜宗側 ＝ biz_polys（**同一次呼叫所錄**））
         逐片重疊長 `> _S_EPS` 者 ＝ **0** ／ 2 片
         🔒 **準據：組甲之逐片重疊長須全為 `0`** ⇒ 🟢 **成立**
      ── 組 乙（池側 ＝ 回傳 pieces｜宗側 ＝ g_rows 之 cut_coords（＝ `p6` 之取法））
         逐片重疊長 `> _S_EPS` 者 ＝ **0** ／ 2 片
      ── 組 丙（`biz_polys` vs `cut_coords` 之同宗二形·逐宗對拍 `s` 區間之差）
         🔒 **配對法（具名·⛔ 隱含）**：對每一 `cut_coords` 之宗，取其與各 `biz_polys` 之 `s` 區間**重疊長最大**者為配對；
            重疊長皆 `<= _S_EPS` 者具名為 **無配對**（⛔ 靜默丟）。
         | `cut_coords` 之宗 | 配對之 `biz` | Δ`s` 起 | Δ`s` 迄 | Δ面積(㎡) |
         |---|---|---|---|---|
         | `628-42(1)` | `R2-biz#1` | +0.000000000 | +0.000000000 | +0.000000 |
         | `628-41(1)` | `R2-biz#2` | +0.000000000 | +0.000000000 | +0.000000 |
         | `628-27(1)` | `R2-biz#3` | +0.000000000 | +0.000000000 | +0.000000 |
         | `628-40(1)+` | `R2-biz#4` | +0.000000000 | +0.000000000 | +0.000000 |
         | `628-30(2)` | `R2-biz#5` | +0.000000000 | +0.000000000 | +0.000000 |
         | `628-39(1)` | `R2-biz#6` | +0.000000000 | +0.000000000 | +0.000000 |
         | `628-31(2)` | `R2-biz#7` | +0.000000000 | +0.000000000 | +0.000000 |
         | `628-35(1)` | `R2-biz#8` | +0.000000000 | +0.000000000 | +0.000000 |
         | `628-34(1)` | `R2-biz#9` | +0.000000000 | +0.000000000 | +0.000000 |
         | `628-49(1)` | `R2-biz#10` | +0.000000000 | +0.000000000 | +0.000000 |
         | `628-50(1)` | `R2-biz#11` | +0.000000000 | +0.000000000 | +0.000000 |
         | `628-51(1)` | `R2-biz#12` | +0.000000000 | +0.000000000 | +0.000000 |
         | `628-52(1)` | `R2-biz#13` | +0.000000000 | +0.000000000 | +0.000000 |
         | `628-32(2)` | `R2-biz#14` | +0.000000000 | +0.000000000 | +0.000000 |
         ⇒ 二形**逐宗一一對應**（無殘餘）。

   ══ `R3` ══  池片 1（`s` 不可得 0）／`biz_polys` 10（0）／`cut_coords` 10（0）
      ── 組 甲（池側 ＝ 回傳 pieces｜宗側 ＝ biz_polys（**同一次呼叫所錄**））
         逐片重疊長 `> _S_EPS` 者 ＝ **0** ／ 1 片
         🔒 **準據：組甲之逐片重疊長須全為 `0`** ⇒ 🟢 **成立**
      ── 組 乙（池側 ＝ 回傳 pieces｜宗側 ＝ g_rows 之 cut_coords（＝ `p6` 之取法））
         逐片重疊長 `> _S_EPS` 者 ＝ **0** ／ 1 片
      ── 組 丙（`biz_polys` vs `cut_coords` 之同宗二形·逐宗對拍 `s` 區間之差）
         🔒 **配對法（具名·⛔ 隱含）**：對每一 `cut_coords` 之宗，取其與各 `biz_polys` 之 `s` 區間**重疊長最大**者為配對；
            重疊長皆 `<= _S_EPS` 者具名為 **無配對**（⛔ 靜默丟）。
         | `cut_coords` 之宗 | 配對之 `biz` | Δ`s` 起 | Δ`s` 迄 | Δ面積(㎡) |
         |---|---|---|---|---|
         | `628(4)` | `R3-biz#1` | +0.000000000 | +0.000000000 | +0.000000 |
         | `628-34(2)` | `R3-biz#2` | +0.000000000 | +0.000000000 | +0.000000 |
         | `628-46(1)` | `R3-biz#3` | +0.000000000 | +0.000000000 | +0.000000 |
         | `628-47(1)+` | `R3-biz#4` | +0.000000000 | +0.000000000 | +0.000000 |
         | `628-32(3)` | `R3-biz#5` | +0.000000000 | +0.000000000 | +0.000000 |
         | `628-30(3)+` | `R3-biz#6` | +0.000000000 | +0.000000000 | +0.000000 |
         | `628-42(2)` | `R3-biz#7` | +0.000000000 | +0.000000000 | +0.000000 |
         | `628-27(2)` | `R3-biz#8` | +0.000000000 | +0.000000000 | +0.000000 |
         | `628-29(1)+` | `R3-biz#9` | +0.000000000 | +0.000000000 | +0.000000 |
         | `628-31(3)` | `R3-biz#10` | +0.000000000 | +0.000000000 | +0.000000 |
         ⇒ 二形**逐宗一一對應**（無殘餘）。

   ══ `R4` ══  池片 4（`s` 不可得 0）／`biz_polys` 1（0）／`cut_coords` 1（0）
      ── 組 甲（池側 ＝ 回傳 pieces｜宗側 ＝ biz_polys（**同一次呼叫所錄**））
         逐片重疊長 `> _S_EPS` 者 ＝ **2** ／ 4 片
         🔒 **準據：組甲之逐片重疊長須全為 `0`** ⇒ 🔴 **⛔ 成立**
         | 池片 | `s` 起 | `s` 迄 | 面積(㎡) | Σ重疊長 | 重疊之宗（名: 重疊長） |
         |---|---|---|---|---|---|
         | `R4-池#3` | 7.818563 | 9.395131 | 26.1102 | **1.576567** | R4-biz#1: 1.576567 |
         | `R4-池#4` | 68.920124 | 70.495919 | 26.0843 | **1.575795** | R4-biz#1: 1.575795 |
         🛑 **⛔ 判其孰誤**——照實具名（單 `§二-2` 明令）。
      ── 組 乙（池側 ＝ 回傳 pieces｜宗側 ＝ g_rows 之 cut_coords（＝ `p6` 之取法））
         逐片重疊長 `> _S_EPS` 者 ＝ **2** ／ 4 片
         | 池片 | `s` 起 | `s` 迄 | 面積(㎡) | Σ重疊長 | 重疊之宗（名: 重疊長） |
         |---|---|---|---|---|---|
         | `R4-池#3` | 7.818563 | 9.395131 | 26.1102 | **1.576567** | 628(1)+: 1.576567 |
         | `R4-池#4` | 68.920124 | 70.495919 | 26.0843 | **1.575795** | 628(1)+: 1.575795 |
         🛑 **⛔ 判其孰誤**——照實具名（單 `§二-2` 明令）。
      ── 組 丙（`biz_polys` vs `cut_coords` 之同宗二形·逐宗對拍 `s` 區間之差）
         🔒 **配對法（具名·⛔ 隱含）**：對每一 `cut_coords` 之宗，取其與各 `biz_polys` 之 `s` 區間**重疊長最大**者為配對；
            重疊長皆 `<= _S_EPS` 者具名為 **無配對**（⛔ 靜默丟）。
         | `cut_coords` 之宗 | 配對之 `biz` | Δ`s` 起 | Δ`s` 迄 | Δ面積(㎡) |
         |---|---|---|---|---|
         | `628(1)+` | `R4-biz#1` | +0.000000000 | +0.000000000 | +0.000000 |
         ⇒ 二形**逐宗一一對應**（無殘餘）。

   ══ `R5` ══  池片 2（`s` 不可得 0）／`biz_polys` 7（0）／`cut_coords` 7（0）
      ── 組 甲（池側 ＝ 回傳 pieces｜宗側 ＝ biz_polys（**同一次呼叫所錄**））
         逐片重疊長 `> _S_EPS` 者 ＝ **1** ／ 2 片
         🔒 **準據：組甲之逐片重疊長須全為 `0`** ⇒ 🔴 **⛔ 成立**
         | 池片 | `s` 起 | `s` 迄 | 面積(㎡) | Σ重疊長 | 重疊之宗（名: 重疊長） |
         |---|---|---|---|---|---|
         | `R5-池#2` | 8.059214 | 14.718028 | 146.1806 | **6.658815** | R5-biz#1: 3.323450; R5-biz#2: 3.335364 |
         🛑 **⛔ 判其孰誤**——照實具名（單 `§二-2` 明令）。
      ── 組 乙（池側 ＝ 回傳 pieces｜宗側 ＝ g_rows 之 cut_coords（＝ `p6` 之取法））
         逐片重疊長 `> _S_EPS` 者 ＝ **1** ／ 2 片
         | 池片 | `s` 起 | `s` 迄 | 面積(㎡) | Σ重疊長 | 重疊之宗（名: 重疊長） |
         |---|---|---|---|---|---|
         | `R5-池#2` | 8.059214 | 14.718028 | 146.1806 | **6.658815** | 628-45(1)+: 3.323450; 628-18(2): 3.335364 |
         🛑 **⛔ 判其孰誤**——照實具名（單 `§二-2` 明令）。
      ── 組 丙（`biz_polys` vs `cut_coords` 之同宗二形·逐宗對拍 `s` 區間之差）
         🔒 **配對法（具名·⛔ 隱含）**：對每一 `cut_coords` 之宗，取其與各 `biz_polys` 之 `s` 區間**重疊長最大**者為配對；
            重疊長皆 `<= _S_EPS` 者具名為 **無配對**（⛔ 靜默丟）。
         | `cut_coords` 之宗 | 配對之 `biz` | Δ`s` 起 | Δ`s` 迄 | Δ面積(㎡) |
         |---|---|---|---|---|
         | `628-45(1)+` | `R5-biz#1` | +0.000000000 | +0.000000000 | +0.000000 |
         | `628-18(2)` | `R5-biz#2` | +0.000000000 | +0.000000000 | +0.000000 |
         | `628-7(2)` | `R5-biz#3` | +0.000000000 | +0.000000000 | +0.000000 |
         | `628-31(1)` | `R5-biz#4` | +0.000000000 | +0.000000000 | +0.000000 |
         | `628-32(1)` | `R5-biz#5` | +0.000000000 | +0.000000000 | +0.000000 |
         | `628(3)` | `R5-biz#6` | +0.000000000 | +0.000000000 | +0.000000 |
         | `628-21(2)+` | `R5-biz#7` | +0.000000000 | +0.000000000 | +0.000000 |
         ⇒ 二形**逐宗一一對應**（無殘餘）。

   ══ `R6` ══  池片 2（`s` 不可得 0）／`biz_polys` 8（0）／`cut_coords` 8（0）
      ── 組 甲（池側 ＝ 回傳 pieces｜宗側 ＝ biz_polys（**同一次呼叫所錄**））
         逐片重疊長 `> _S_EPS` 者 ＝ **0** ／ 2 片
         🔒 **準據：組甲之逐片重疊長須全為 `0`** ⇒ 🟢 **成立**
      ── 組 乙（池側 ＝ 回傳 pieces｜宗側 ＝ g_rows 之 cut_coords（＝ `p6` 之取法））
         逐片重疊長 `> _S_EPS` 者 ＝ **0** ／ 2 片
      ── 組 丙（`biz_polys` vs `cut_coords` 之同宗二形·逐宗對拍 `s` 區間之差）
         🔒 **配對法（具名·⛔ 隱含）**：對每一 `cut_coords` 之宗，取其與各 `biz_polys` 之 `s` 區間**重疊長最大**者為配對；
            重疊長皆 `<= _S_EPS` 者具名為 **無配對**（⛔ 靜默丟）。
         | `cut_coords` 之宗 | 配對之 `biz` | Δ`s` 起 | Δ`s` 迄 | Δ面積(㎡) |
         |---|---|---|---|---|
         | `628(2)+` | `R6-biz#1` | +0.000000000 | +0.000000000 | +0.000000 |
         | `628-4(1)` | `R6-biz#2` | +0.000000000 | +0.000000000 | +0.000000 |
         | `628-23(1)+` | `R6-biz#3` | +0.000000000 | +0.000000000 | +0.000000 |
         | `628-18(1)` | `R6-biz#4` | +0.000000000 | +0.000000000 | +0.000000 |
         | `628-53(1)` | `R6-biz#5` | +0.000000000 | +0.000000000 | +0.000000 |
         | `628-38(1)` | `R6-biz#6` | +0.000000000 | +0.000000000 | +0.000000 |
         | `628-7(1)` | `R6-biz#7` | +0.000000000 | +0.000000000 | +0.000000 |
         | `628-20(1)` | `R6-biz#8` | +0.000000000 | +0.000000000 | +0.000000 |
         ⇒ 二形**逐宗一一對應**（無殘餘）。
