================================================================================================================================
【`W-G.9-273` `§四-1`】**`Δ=2.425` 之值空間定位**（⛔ 二分·出艙即止）
================================================================================================================================
🛑 **⛔ 判孰誤、⛔ 提修法主張、⛔ 判該閘應否放寬。**

────────────────────────────────────────────────────────────────────────────────────────────────────────────────────────────────
【自我驗證閘】（碼面自身之保證·⛔ 不過即拒測）
────────────────────────────────────────────────────────────────────────────────────────────────────────────────────────────────
   `(i)` 端點 B（`0m` 態乙 `R4 right`）：理論@k* 實得 **87.835**（期 `87.83`）／實跑 實得 **85.41**（期 `85.41`）
        ⇒ ✅ 逐位相符
   🔒 **間諜所錄之 `_select_pool_slot` 呼叫**（母體之正面列舉）
      · `0m` 態甲 ⇒ **5** 次：['R1', 'R2', 'R6', 'R5', 'R3']
      · `0m` 態乙 ⇒ **3** 次：['R1', 'R2', 'R4']
      · `3.5m` 態甲 ⇒ **5** 次：['R1', 'R2', 'R6', 'R5', 'R3']
      · `3.5m` 態乙 ⇒ **3** 次：['R1', 'R2', 'R4']
   `(ii)` `0m` 態甲 `right`：🛑 **第三種出艙碼**——`_select_pool_slot` 於該街廓**未被呼叫** ⇒ 其結構閘（`if _slot_res:`）**結構上不執行**；⛔ 量測器紅、⛔ 判定為偽。實跑(階段1) ＝ 0.0（**照實**）
   `(ii)` `0m` 態甲 `left`：🛑 **第三種出艙碼**——`_select_pool_slot` 於該街廓**未被呼叫** ⇒ 其結構閘（`if _slot_res:`）**結構上不執行**；⛔ 量測器紅、⛔ 判定為偽。實跑(階段1) ＝ 59.22（**照實**）
   `(ii)` `0m` 態乙 `left`：理論 100.0／實跑 100.0 ⇒ |Δ| = 0.000 ⇒ ✅（可得(呼叫 1 次·取末一次)）
   🔒 **判別力**：可得之對照格 ＝ **1**（須 ≥ 1·否則先判量測器紅）／第三種出艙碼 ＝ **2**
   ⇒ **器非紅** ✅（重建之二量與碼面之斷言逐位相符，且未破側之 |Δ| ≤ 0.1）

────────────────────────────────────────────────────────────────────────────────────────────────────────────────────────────────
【情境 `退縮 0m`】逐項並列（端點 A ＝ 態甲／端點 B ＝ 態乙·⛔ 二分）
────────────────────────────────────────────────────────────────────────────────────────────────────────────────────────────────

   ══ `R4 left` ══  🔒 **判別力對照**（二態皆未破）
   | 項 | 受詞 | 態甲（端點 A） | 態乙（端點 B） | 差（未捨入） |
   |---|---|---|---|---|
   | `1` | `R4 left` 之宗序列（推進序）｜筆數 | ['628(1)+']｜**1** | ['628(1)']｜**1** | — |
   | `2` | 逐宗 `G`／`宗地寬度`／`累積S`／`Rw`／`F` | 628(1)+: G=2017.54 W宗=60.86 累積S=67.0 Rw=59.22 F=33.27 | 628(1): G=1521.05 W宗=46.08 累積S=47.71 Rw=100.0 F=33.27 | — |
   | `3` | **`k*`**｜`理論@k*` | `k*` ＝ **None**｜None | `k*` ＝ **1**｜100.0 | k* 差 ——／理論差 —— |
   | `3′` | `_select_pool_slot` 之**各輸入**逐項 | 🛑 ⛔ 錄到 | `widths`（**2**）＝ [46.08, 14.01]<br>`left` ＝ {'has': 1.0, 'F': 33.267261, 'l1': 1.0, 'b': 0.0}<br>`right` ＝ {'has': 1.0, 'F': 33.099464, 'l1': 1.0, 'b': 0.0} | — |
   | `4` | **實跑(階段1)** 之累積式逐項（`Rw(%)` 之逐步累加） | 628(1)+ +59.22 → 59.22<br>**Σ ＝ 59.22** | 628(1) +100.0 → 100.00<br>**Σ ＝ 100.00** | **+40.7800** |
   | `4′` | `_stage2_ids`（`'配地階段' in tp`·資料驅動） | （空） | （空） | — |
   | `5` | **界面數**（框逐字 ＝ `[Δ_i·R4·left·階段1]`） | **None** | **0** | — |
   | `5′` | 該列之**逐字** | `🛑 該列**⛔ 在 stdout**（其框逐字 ＝ `[Δ_i·R4·left·階段1]`）` | `（無界面）` | — |
   | `6` | `ΣΔ_i`（🛑 碼註逐字：「**⛔ 未用於本式**·實測反證見碼註」） | **——** | **+0.0000** | — |

   ══ `R4 right` ══  🔑 **受詞**
   | 項 | 受詞 | 態甲（端點 A） | 態乙（端點 B） | 差（未捨入） |
   |---|---|---|---|---|
   | `1` | `R4 right` 之宗序列（推進序）｜筆數 | []｜**0** | ['628-1(1)']｜**1** | — |
   | `2` | 逐宗 `G`／`宗地寬度`／`累積S`／`Rw`／`F` | （空） | 628-1(1): G=458.47 W宗=14.01 累積S=15.68 Rw=85.41 F=33.1 | — |
   | `3` | **`k*`**｜`理論@k*` | `k*` ＝ **None**｜None | `k*` ＝ **1**｜87.835 | k* 差 ——／理論差 —— |
   | `3′` | `_select_pool_slot` 之**各輸入**逐項 | 🛑 ⛔ 錄到 | `widths`（**2**）＝ [46.08, 14.01]<br>`left` ＝ {'has': 1.0, 'F': 33.267261, 'l1': 1.0, 'b': 0.0}<br>`right` ＝ {'has': 1.0, 'F': 33.099464, 'l1': 1.0, 'b': 0.0} | — |
   | `4` | **實跑(階段1)** 之累積式逐項（`Rw(%)` 之逐步累加） | （空·Σ ＝ 0.00）<br>**Σ ＝ 0.00** | 628-1(1) +85.41 → 85.41<br>**Σ ＝ 85.41** | **+85.4100** |
   | `4′` | `_stage2_ids`（`'配地階段' in tp`·資料驅動） | （空） | （空） | — |
   | `5` | **界面數**（框逐字 ＝ `[Δ_i·R4·right·階段1]`） | **None** | **0** | — |
   | `5′` | 該列之**逐字** | `🛑 該列**⛔ 在 stdout**（其框逐字 ＝ `[Δ_i·R4·right·階段1]`）` | `（無界面）` | — |
   | `6` | `ΣΔ_i`（🛑 碼註逐字：「**⛔ 未用於本式**·實測反證見碼註」） | **——** | **+0.0000** | — |

────────────────────────────────────────────────────────────────────────────────────────────────────────────────────────────────
【情境 `退縮 3.5m`】逐項並列（端點 A ＝ 態甲／端點 B ＝ 態乙·⛔ 二分）
────────────────────────────────────────────────────────────────────────────────────────────────────────────────────────────────

   ══ `R4 left` ══  🔒 **判別力對照**（二態皆未破）
   | 項 | 受詞 | 態甲（端點 A） | 態乙（端點 B） | 差（未捨入） |
   |---|---|---|---|---|
   | `1` | `R4 left` 之宗序列（推進序）｜筆數 | ['628(1)+']｜**1** | ['628(1)']｜**1** | — |
   | `2` | 逐宗 `G`／`宗地寬度`／`累積S`／`Rw`／`F` | 628(1)+: G=2023.33 W宗=61.04 累積S=70.5 Rw=40.06 F=33.27 | 628(1): G=1521.05 W宗=46.08 累積S=47.71 Rw=100.0 F=33.27 | — |
   | `3` | **`k*`**｜`理論@k*` | `k*` ＝ **None**｜None | `k*` ＝ **1**｜100.0 | k* 差 ——／理論差 —— |
   | `3′` | `_select_pool_slot` 之**各輸入**逐項 | 🛑 ⛔ 錄到 | `widths`（**2**）＝ [46.08, 14.01]<br>`left` ＝ {'has': 1.0, 'F': 33.267261, 'l1': 1.0, 'b': 0.0}<br>`right` ＝ {'has': 1.0, 'F': 33.099464, 'l1': 1.0, 'b': 0.0} | — |
   | `4` | **實跑(階段1)** 之累積式逐項（`Rw(%)` 之逐步累加） | 628(1)+ +40.06 → 40.06<br>**Σ ＝ 40.06** | 628(1) +100.0 → 100.00<br>**Σ ＝ 100.00** | **+59.9400** |
   | `4′` | `_stage2_ids`（`'配地階段' in tp`·資料驅動） | （空） | （空） | — |
   | `5` | **界面數**（框逐字 ＝ `[Δ_i·R4·left·階段1]`） | **None** | **0** | — |
   | `5′` | 該列之**逐字** | `🛑 該列**⛔ 在 stdout**（其框逐字 ＝ `[Δ_i·R4·left·階段1]`）` | `（無界面）` | — |
   | `6` | `ΣΔ_i`（🛑 碼註逐字：「**⛔ 未用於本式**·實測反證見碼註」） | **——** | **+0.0000** | — |

   ══ `R4 right` ══  🔑 **受詞**
   | 項 | 受詞 | 態甲（端點 A） | 態乙（端點 B） | 差（未捨入） |
   |---|---|---|---|---|
   | `1` | `R4 right` 之宗序列（推進序）｜筆數 | []｜**0** | ['628-1(1)']｜**1** | — |
   | `2` | 逐宗 `G`／`宗地寬度`／`累積S`／`Rw`／`F` | （空） | 628-1(1): G=458.47 W宗=14.01 累積S=15.68 Rw=85.41 F=33.1 | — |
   | `3` | **`k*`**｜`理論@k*` | `k*` ＝ **None**｜None | `k*` ＝ **1**｜87.835 | k* 差 ——／理論差 —— |
   | `3′` | `_select_pool_slot` 之**各輸入**逐項 | 🛑 ⛔ 錄到 | `widths`（**2**）＝ [46.08, 14.01]<br>`left` ＝ {'has': 1.0, 'F': 33.267261, 'l1': 1.0, 'b': 0.0}<br>`right` ＝ {'has': 1.0, 'F': 33.099464, 'l1': 1.0, 'b': 0.0} | — |
   | `4` | **實跑(階段1)** 之累積式逐項（`Rw(%)` 之逐步累加） | （空·Σ ＝ 0.00）<br>**Σ ＝ 0.00** | 628-1(1) +85.41 → 85.41<br>**Σ ＝ 85.41** | **+85.4100** |
   | `4′` | `_stage2_ids`（`'配地階段' in tp`·資料驅動） | （空） | （空） | — |
   | `5` | **界面數**（框逐字 ＝ `[Δ_i·R4·right·階段1]`） | **None** | **0** | — |
   | `5′` | 該列之**逐字** | `🛑 該列**⛔ 在 stdout**（其框逐字 ＝ `[Δ_i·R4·right·階段1]`）` | `（無界面）` | — |
   | `6` | `ΣΔ_i`（🛑 碼註逐字：「**⛔ 未用於本式**·實測反證見碼註」） | **——** | **+0.0000** | — |

────────────────────────────────────────────────────────────────────────────────────────────────────────────────────────────────
【`§四-2`】態乙 `R4` 逐片面積二情境**逐位相同**之成因（🛑 出艙即止·⛔ 判其為缺陷）
────────────────────────────────────────────────────────────────────────────────────────────────────────────────────────────────
   | 態 | 情境 | `setback` 實際取值（`params` 內之逐字） | `blk_poly` 面積／質心（逐位） | `blk_poly` WKB `sha256` | 逐片面積 |
   |---|---|---|---|---|---|
   | 甲 | `0m` | `0.0` | `3207.8664992294` ／ `(310539.6019919620, 2651893.3762779916)` | `ce48e64ec14e017a521aa2b8c81a698e` | 1022.0462, 116.0800, 26.1116, 26.0858 |
   | 甲 | `3.5m` | `3.5` | `3207.8664992294` ／ `(310539.6019919620, 2651893.3762779916)` | `ce48e64ec14e017a521aa2b8c81a698e` | 906.3247, 226.0100, 26.1102, 26.0843 |
   | 乙 | `0m` | `0.0` | `3207.8664992294` ／ `(310539.6019919620, 2651893.3762779916)` | `ce48e64ec14e017a521aa2b8c81a698e` | 1169.5588, 27.4425, 26.0938, 4.9632, 0.2988 |
   | 乙 | `3.5m` | `3.5` | `3207.8664992294` ／ `(310539.6019919620, 2651893.3762779916)` | `ce48e64ec14e017a521aa2b8c81a698e` | 1169.5588, 27.4425, 26.0938, 4.9632, 0.2988 |

   🔒 **中止之時點**（逐字·`err`）
      · 態甲 `0m`：**未 raise**
      · 態甲 `3.5m`：**未 raise**
      · 態乙 `0m`：`🔴 結構閘 理論＝實跑 破：街廓 R4 right 側 理論@k*=87.83 ≠ 實跑(階段1)=85.41（Δ=2.425 >0.1）｜參考 ΣΔ_i=+0.000（**⛔ 未用於本式**·實測反證見碼註）｜逐界面：[Δ_i·R4·right] （無界面）`
      · 態乙 `3.5m`：`🔴 結構閘 理論＝實跑 破：街廓 R4 right 側 理論@k*=87.83 ≠ 實跑(階段1)=85.41（Δ=2.425 >0.1）｜參考 ΣΔ_i=+0.000（**⛔ 未用於本式**·實測反證見碼註）｜逐界面：[Δ_i·R4·right] （無界面）`
   🔒 **`setback` 生效之時點**：`params` ＝ `build_param_table(…, setback)`，其於 `run_step_g` **之前**已算畢 ⇒ **中止發生於 `setback` 生效<u>之後</u>**（照實·⛔ 推定）。

────────────────────────────────────────────────────────────────────────────────────────────────────────────────────────────────
【`§四-4`】`R4` 二態**逐宗全欄**之出艙（供發單側轉土地語言·🛑 ⛔ 判、⛔ 呈 KL）
────────────────────────────────────────────────────────────────────────────────────────────────────────────────────────────────
   🔒 欄之在否（**正面列舉**·⛔ 靜默缺欄）：缺欄 ＝ ['位次']

   ══ `0m` 態甲 ══ `R4` 之列 ＝ **5**
   | 暫編地號 | 原地號 | 所屬街廓 | 位次 | G(㎡) | a 面積(㎡) | 幾何面積(㎡) | 街角側別 | 第1筆街角 | 宗地寬度(m) | Rw(%) | F(m) | W(m) | 推進側別 | 累積S(m) | 歸戶 | 強制抵費地(片數／面積) |
   |---|---|---|---|---|---|---|---|---|---|---|---|---|---|---|---|---|
   | `628(1)+` | `628` | `R4` | （⛔ 在） | `2017.54` | `3186.36` | `2017.54` | `左側` | `是` | `60.86` | `59.22` | `33.27` | `65.14` | `left` | `67.0` | `G009` | 4 片：1022.0462, 116.0800, 26.1116, 26.0858 |
   | `R4-抵費地-1` | `—` | `R4` | （⛔ 在） | `0.0` | `0.0` | `1022.05` | `—` | `—` | `None` | `0.0` | `0.0` | `0.0` | `抵費地` | `0.0` | `（⛔ 在 `t8_ownership_map`）` | 4 片：1022.0462, 116.0800, 26.1116, 26.0858 |
   | `R4-抵費地-2` | `—` | `R4` | （⛔ 在） | `0.0` | `0.0` | `116.08` | `—` | `—` | `None` | `0.0` | `0.0` | `0.0` | `抵費地` | `0.0` | `（⛔ 在 `t8_ownership_map`）` | 4 片：1022.0462, 116.0800, 26.1116, 26.0858 |
   | `R4-抵費地-3` | `—` | `R4` | （⛔ 在） | `0.0` | `0.0` | `26.11` | `—` | `—` | `None` | `0.0` | `0.0` | `0.0` | `抵費地` | `0.0` | `（⛔ 在 `t8_ownership_map`）` | 4 片：1022.0462, 116.0800, 26.1116, 26.0858 |
   | `R4-抵費地-4` | `—` | `R4` | （⛔ 在） | `0.0` | `0.0` | `26.09` | `—` | `—` | `None` | `0.0` | `0.0` | `0.0` | `抵費地` | `0.0` | `（⛔ 在 `t8_ownership_map`）` | 4 片：1022.0462, 116.0800, 26.1116, 26.0858 |

   ══ `0m` 態乙 ══ `R4` 之列 ＝ **7**
   | 暫編地號 | 原地號 | 所屬街廓 | 位次 | G(㎡) | a 面積(㎡) | 幾何面積(㎡) | 街角側別 | 第1筆街角 | 宗地寬度(m) | Rw(%) | F(m) | W(m) | 推進側別 | 累積S(m) | 歸戶 | 強制抵費地(片數／面積) |
   |---|---|---|---|---|---|---|---|---|---|---|---|---|---|---|---|---|
   | `628(1)` | `628` | `R4` | （⛔ 在） | `1521.05` | `2428.44` | `1521.05` | `左側` | `是` | `46.08` | `100.0` | `33.27` | `45.94` | `left` | `47.71` | `G009` | 5 片：1169.5588, 27.4425, 26.0938, 4.9632, 0.2988 |
   | `628-1(1)` | `628-1` | `R4` | （⛔ 在） | `458.47` | `757.92` | `458.46` | `右側` | `是` | `14.01` | `85.41` | `33.1` | `14.2` | `right` | `15.68` | `G009` | 5 片：1169.5588, 27.4425, 26.0938, 4.9632, 0.2988 |
   | `R4-抵費地-1` | `—` | `R4` | （⛔ 在） | `0.0` | `0.0` | `1169.56` | `—` | `—` | `None` | `0.0` | `0.0` | `0.0` | `抵費地` | `0.0` | `（⛔ 在 `t8_ownership_map`）` | 5 片：1169.5588, 27.4425, 26.0938, 4.9632, 0.2988 |
   | `R4-抵費地-2` | `—` | `R4` | （⛔ 在） | `0.0` | `0.0` | `27.44` | `—` | `—` | `None` | `0.0` | `0.0` | `0.0` | `抵費地` | `0.0` | `（⛔ 在 `t8_ownership_map`）` | 5 片：1169.5588, 27.4425, 26.0938, 4.9632, 0.2988 |
   | `R4-抵費地-3` | `—` | `R4` | （⛔ 在） | `0.0` | `0.0` | `26.09` | `—` | `—` | `None` | `0.0` | `0.0` | `0.0` | `抵費地` | `0.0` | `（⛔ 在 `t8_ownership_map`）` | 5 片：1169.5588, 27.4425, 26.0938, 4.9632, 0.2988 |
   | `R4-抵費地-4` | `—` | `R4` | （⛔ 在） | `0.0` | `0.0` | `4.96` | `—` | `—` | `None` | `0.0` | `0.0` | `0.0` | `抵費地` | `0.0` | `（⛔ 在 `t8_ownership_map`）` | 5 片：1169.5588, 27.4425, 26.0938, 4.9632, 0.2988 |
   | `R4-抵費地-5` | `—` | `R4` | （⛔ 在） | `0.0` | `0.0` | `0.3` | `—` | `—` | `None` | `0.0` | `0.0` | `0.0` | `抵費地` | `0.0` | `（⛔ 在 `t8_ownership_map`）` | 5 片：1169.5588, 27.4425, 26.0938, 4.9632, 0.2988 |

   ══ `3.5m` 態甲 ══ `R4` 之列 ＝ **5**
   | 暫編地號 | 原地號 | 所屬街廓 | 位次 | G(㎡) | a 面積(㎡) | 幾何面積(㎡) | 街角側別 | 第1筆街角 | 宗地寬度(m) | Rw(%) | F(m) | W(m) | 推進側別 | 累積S(m) | 歸戶 | 強制抵費地(片數／面積) |
   |---|---|---|---|---|---|---|---|---|---|---|---|---|---|---|---|---|
   | `628(1)+` | `628` | `R4` | （⛔ 在） | `2023.33` | `3186.36` | `2023.34` | `左側` | `是` | `61.04` | `40.06` | `33.27` | `68.62` | `left` | `70.5` | `G009` | 4 片：906.3247, 226.0100, 26.1102, 26.0843 |
   | `R4-抵費地-1` | `—` | `R4` | （⛔ 在） | `0.0` | `0.0` | `906.32` | `—` | `—` | `None` | `0.0` | `0.0` | `0.0` | `抵費地` | `0.0` | `（⛔ 在 `t8_ownership_map`）` | 4 片：906.3247, 226.0100, 26.1102, 26.0843 |
   | `R4-抵費地-2` | `—` | `R4` | （⛔ 在） | `0.0` | `0.0` | `226.01` | `—` | `—` | `None` | `0.0` | `0.0` | `0.0` | `抵費地` | `0.0` | `（⛔ 在 `t8_ownership_map`）` | 4 片：906.3247, 226.0100, 26.1102, 26.0843 |
   | `R4-抵費地-3` | `—` | `R4` | （⛔ 在） | `0.0` | `0.0` | `26.11` | `—` | `—` | `None` | `0.0` | `0.0` | `0.0` | `抵費地` | `0.0` | `（⛔ 在 `t8_ownership_map`）` | 4 片：906.3247, 226.0100, 26.1102, 26.0843 |
   | `R4-抵費地-4` | `—` | `R4` | （⛔ 在） | `0.0` | `0.0` | `26.08` | `—` | `—` | `None` | `0.0` | `0.0` | `0.0` | `抵費地` | `0.0` | `（⛔ 在 `t8_ownership_map`）` | 4 片：906.3247, 226.0100, 26.1102, 26.0843 |

   ══ `3.5m` 態乙 ══ `R4` 之列 ＝ **7**
   | 暫編地號 | 原地號 | 所屬街廓 | 位次 | G(㎡) | a 面積(㎡) | 幾何面積(㎡) | 街角側別 | 第1筆街角 | 宗地寬度(m) | Rw(%) | F(m) | W(m) | 推進側別 | 累積S(m) | 歸戶 | 強制抵費地(片數／面積) |
   |---|---|---|---|---|---|---|---|---|---|---|---|---|---|---|---|---|
   | `628(1)` | `628` | `R4` | （⛔ 在） | `1521.05` | `2428.44` | `1521.05` | `左側` | `是` | `46.08` | `100.0` | `33.27` | `45.94` | `left` | `47.71` | `G009` | 5 片：1169.5588, 27.4425, 26.0938, 4.9632, 0.2988 |
   | `628-1(1)` | `628-1` | `R4` | （⛔ 在） | `458.47` | `757.92` | `458.46` | `右側` | `是` | `14.01` | `85.41` | `33.1` | `14.2` | `right` | `15.68` | `G009` | 5 片：1169.5588, 27.4425, 26.0938, 4.9632, 0.2988 |
   | `R4-抵費地-1` | `—` | `R4` | （⛔ 在） | `0.0` | `0.0` | `1169.56` | `—` | `—` | `None` | `0.0` | `0.0` | `0.0` | `抵費地` | `0.0` | `（⛔ 在 `t8_ownership_map`）` | 5 片：1169.5588, 27.4425, 26.0938, 4.9632, 0.2988 |
   | `R4-抵費地-2` | `—` | `R4` | （⛔ 在） | `0.0` | `0.0` | `27.44` | `—` | `—` | `None` | `0.0` | `0.0` | `0.0` | `抵費地` | `0.0` | `（⛔ 在 `t8_ownership_map`）` | 5 片：1169.5588, 27.4425, 26.0938, 4.9632, 0.2988 |
   | `R4-抵費地-3` | `—` | `R4` | （⛔ 在） | `0.0` | `0.0` | `26.09` | `—` | `—` | `None` | `0.0` | `0.0` | `0.0` | `抵費地` | `0.0` | `（⛔ 在 `t8_ownership_map`）` | 5 片：1169.5588, 27.4425, 26.0938, 4.9632, 0.2988 |
   | `R4-抵費地-4` | `—` | `R4` | （⛔ 在） | `0.0` | `0.0` | `4.96` | `—` | `—` | `None` | `0.0` | `0.0` | `0.0` | `抵費地` | `0.0` | `（⛔ 在 `t8_ownership_map`）` | 5 片：1169.5588, 27.4425, 26.0938, 4.9632, 0.2988 |
   | `R4-抵費地-5` | `—` | `R4` | （⛔ 在） | `0.0` | `0.0` | `0.3` | `—` | `—` | `None` | `0.0` | `0.0` | `0.0` | `抵費地` | `0.0` | `（⛔ 在 `t8_ownership_map`）` | 5 片：1169.5588, 27.4425, 26.0938, 4.9632, 0.2988 |

   🔒 `628-28`／`628-48`（`W-G.9-271` 之差集）之補出艙
   | 原地號 | 所屬街廓 | 歸戶 | `build_p` 內之筆數 | Σ登記面積 | Σ幾何面積 | Σ分攤登記面積 |
   |---|---|---|---|---|---|---|
   | `628-28` | R3 | `G014` | 1 | 114.0000 | 114.3000 | 114.0000 |
   | `628-48` | R3 | `G006` | 1 | 246.0000 | 246.4800 | 246.0000 |
