==================================================================================================================================
【`W-G.9-274` `§四-1`／`§四-2`】**實跑側 `Rw` 之產生式定位** ＋ **態甲 `R4` 未觸發之成因**
==================================================================================================================================
🛑 **⛔ 由 `85.41` 反推其 `W`**（單 `§七` 款 `4`）——本器一律正面取產生式之**實際輸入**。
🛑 **⛔ 判孰為正確之 `W`、⛔ 提修法主張、⛔ 判該閘應否放寬。**

──────────────────────────────────────────────────────────────────────────────────────────────────────────────────────────────────
【自我驗證閘】框內省所錄之 `blk_label`（⛔ 不過即 loud 拒測）
──────────────────────────────────────────────────────────────────────────────────────────────────────────────────────────────────
   · `0m` 態甲｜`_spatial_order_parcels_v2` 所錄 ＝ ['R1', 'R2', 'R4', 'R6', 'R5', 'R3']｜`_select_pool_slot` 所錄 ＝ ['R1', 'R2', 'R6', 'R5', 'R3'] ⇒ ✅
   · `0m` 態乙｜`_spatial_order_parcels_v2` 所錄 ＝ ['R1', 'R2', 'R4']｜`_select_pool_slot` 所錄 ＝ ['R1', 'R2', 'R4'] ⇒ ✅
   · `3.5m` 態甲｜`_spatial_order_parcels_v2` 所錄 ＝ ['R1', 'R2', 'R4', 'R6', 'R5', 'R3']｜`_select_pool_slot` 所錄 ＝ ['R1', 'R2', 'R6', 'R5', 'R3'] ⇒ ✅
   · `3.5m` 態乙｜`_spatial_order_parcels_v2` 所錄 ＝ ['R1', 'R2', 'R4']｜`_select_pool_slot` 所錄 ＝ ['R1', 'R2', 'R4'] ⇒ ✅
   ⇒ **器非紅** ✅（所錄之 `blk` 皆為 `BLKS` 之成員且非空）

──────────────────────────────────────────────────────────────────────────────────────────────────────────────────────────────────
【`§四-1` 項 `1`／`2`】實跑側 `Rw(%)` 之產生式鏈（**逐字錨**·⛔ 行號）
──────────────────────────────────────────────────────────────────────────────────────────────────────────────────────────────────
   | 環 | 逐字 | 檔 | 列框命中 |
   |---|---|---|---|
   | `g_rows` 之 `Rw(%)` 欄 | `'Rw(%)': round(_res.get('Rw_pct', 0.0), 2),` | `verify/stepg_pipeline.py` | **1** |
   | `_res['Rw_pct']` 之產生 | `Rw_pct = (rw_increment(W_prev, W_cur) * 100.0) if _apply_rw else 0.0` | `app.py` | **1** |
   | `W_cur` 之產生 | `W_cur = W_prev + S` | `app.py` | **4** |
   | `rw_increment` 之本體 | `return max(0.0, (rw_from_width(W_cur) - rw_from_width(W_prev)) / 100.0)` | `app.py` | **1** |
   | 理論側 `widths` 之來源 | `_widths_local[entry['_ov2_idx']] = float(res.get('_宗地寬度', 0.0) or 0.0)` | `verify/stepg_pipeline.py` | **2** |
   | `宗地寬度(m)` 欄 | `'宗地寬度(m)': round(_res.get('_宗地寬度', 0.0), 2),` | `verify/stepg_pipeline.py` | **1** |
   | `W(m)` 欄 | `'W(m)': round(_res.get('W', 0.0), 2),` | `verify/stepg_pipeline.py` | **1** |
   🔒 **判別力**：一人造字面（**執行期組出**·字面⛔ 出艙）於 `app.py` ＝ **0**（須 `0`）

   ⇒ 🔑 **實跑側 `Rw(%%) = R(W_cur) − R(W_prev)`（<u>差</u>·累積差額制）**；
      **理論側 `widths` ＝ `_宗地寬度`**（與 `宗地寬度(m)` 欄**同源**）。

──────────────────────────────────────────────────────────────────────────────────────────────────────────────────────────────────
【`§四-1` 項 `5`】態乙 `R4 right` 之 `628-1(1)` 於三處之**實際值**（**未捨入**）
──────────────────────────────────────────────────────────────────────────────────────────────────────────────────────────────────

   ══ 情境 `0m` ══
      | 名 | 值（`g_rows` 欄·`2dp`） | 其 `rw_from_width` |
      |---|---|---|
      | `宗地寬度(m)` | `14.01` | `87.835000` |
      | `W(m)` | `14.2` | `88.500000` |
      | `Rw(%)`（實跑） | `85.41` | —— |

      🔒 **`rw_increment` 之實際輸入**（包裹所錄·⛔ 反推）——與該宗之 `Rw(%)` 相符之呼叫 ＝ **2** 次
      | # | `W_prev` | `W_cur` | `R(W_prev)` | `R(W_cur)` | 回傳×100 |
      |---|---|---|---|---|---|
      | 1 | **`0.1775004071`** | **`14.1988975422`** | `3.088507` | `88.496141` | **`85.407634`** |
      | 2 | **`0.1775004071`** | **`14.1988975422`** | `3.088507` | `88.496141` | **`85.407634`** |

      🔒 **理論側**：`widths` ＝ `[46.08, 14.01]`｜`k*` ＝ `1`｜`ΣRw_R` ＝ **`87.835`**
      🔒 `k956_W_from_mp` 之呼叫次數（本情境本態·全域）＝ **0**

   ══ 情境 `3.5m` ══
      | 名 | 值（`g_rows` 欄·`2dp`） | 其 `rw_from_width` |
      |---|---|---|
      | `宗地寬度(m)` | `14.01` | `87.835000` |
      | `W(m)` | `14.2` | `88.500000` |
      | `Rw(%)`（實跑） | `85.41` | —— |

      🔒 **`rw_increment` 之實際輸入**（包裹所錄·⛔ 反推）——與該宗之 `Rw(%)` 相符之呼叫 ＝ **2** 次
      | # | `W_prev` | `W_cur` | `R(W_prev)` | `R(W_cur)` | 回傳×100 |
      |---|---|---|---|---|---|
      | 1 | **`0.1775004071`** | **`14.1988975422`** | `3.088507` | `88.496141` | **`85.407634`** |
      | 2 | **`0.1775004071`** | **`14.1988975422`** | `3.088507` | `88.496141` | **`85.407634`** |

      🔒 **理論側**：`widths` ＝ `[46.08, 14.01]`｜`k*` ＝ `1`｜`ΣRw_R` ＝ **`87.835`**
      🔒 `k956_W_from_mp` 之呼叫次數（本情境本態·全域）＝ **1**

──────────────────────────────────────────────────────────────────────────────────────────────────────────────────────────────────
【`§四-2`】`_select_pool_slot` 之**呼叫條件**（逐字）＋ 全母體之**三態**執行次數表
──────────────────────────────────────────────────────────────────────────────────────────────────────────────────────────────────
   🔒 **呼叫條件之逐字**（`verify/stepg_pipeline.py`·⛔ 行號）：
   ```
   _N = len(ordered_v2)
   _k_naive = (_N + 1) // 2 if _N % 2 == 1 else _N // 2
   _slot_res = None
   if _degenerate_order or _N <= 1:
       _k_star = _N
       _adv_final = _advance_block_with_split(_k_star, True)
   else:
       _adv_base = _advance_block_with_split(_k_naive, False)
       ...
       _slot_res = _select_pool_slot(...)
   ```
   ⇒ **`_slot_res` 唯於 `not (_degenerate_order or _N <= 1)` 方非 `None`**；
     而結構閘之守衛逐字 ＝ `if _slot_res:` ⇒ 其餘情形該閘**結構上不執行**。
   🔒 `_degenerate_order` 之逐字 ＝ `_degenerate_order = (d_hat is None or corner_pt is None)`

   | 情境 | 態 | 街廓 | `_N`（＝ `len(ordered_v2)`） | `d_hat is None` | `corner_pt is None` | `_slot_res` 非 `None`？ | **結構閘之三態** |
   |---|---|---|---|---|---|---|---|
   | `0m` | 甲 | `R1` | **5** | False | False | **True** | 🟢 **已執行且通過** |
   | `0m` | 甲 | `R2` | **14** | False | False | **True** | 🟢 **已執行且通過** |
   | `0m` | 甲 | `R3` | **10** | False | False | **True** | 🟢 **已執行且通過** |
   | `0m` | 甲 | `R4` | **1** | False | False | **False** | 🛑 **未執行** |
   | `0m` | 甲 | `R5` | **8** | False | False | **True** | 🟢 **已執行且通過** |
   | `0m` | 甲 | `R6` | **8** | False | False | **True** | 🟢 **已執行且通過** |
   | `0m` | 乙 | `R1` | **5** | False | False | **True** | 🟢 **已執行且通過** |
   | `0m` | 乙 | `R2` | **15** | False | False | **True** | 🟢 **已執行且通過** |
   | `0m` | 乙 | `R3` | 🛑 **⛔ 可得**（未達該街廓） | — | — | — | 🛑 **未執行**（管線已中止） |
   | `0m` | 乙 | `R4` | **2** | False | False | **True** | 🔴 **已執行且破** |
   | `0m` | 乙 | `R5` | 🛑 **⛔ 可得**（未達該街廓） | — | — | — | 🛑 **未執行**（管線已中止） |
   | `0m` | 乙 | `R6` | 🛑 **⛔ 可得**（未達該街廓） | — | — | — | 🛑 **未執行**（管線已中止） |
   | `3.5m` | 甲 | `R1` | **5** | False | False | **True** | 🟢 **已執行且通過** |
   | `3.5m` | 甲 | `R2` | **14** | False | False | **True** | 🟢 **已執行且通過** |
   | `3.5m` | 甲 | `R3` | **10** | False | False | **True** | 🟢 **已執行且通過** |
   | `3.5m` | 甲 | `R4` | **1** | False | False | **False** | 🛑 **未執行** |
   | `3.5m` | 甲 | `R5` | **8** | False | False | **True** | 🟢 **已執行且通過** |
   | `3.5m` | 甲 | `R6` | **8** | False | False | **True** | 🟢 **已執行且通過** |
   | `3.5m` | 乙 | `R1` | **5** | False | False | **True** | 🟢 **已執行且通過** |
   | `3.5m` | 乙 | `R2` | **15** | False | False | **True** | 🟢 **已執行且通過** |
   | `3.5m` | 乙 | `R3` | 🛑 **⛔ 可得**（未達該街廓） | — | — | — | 🛑 **未執行**（管線已中止） |
   | `3.5m` | 乙 | `R4` | **2** | False | False | **True** | 🔴 **已執行且破** |
   | `3.5m` | 乙 | `R5` | 🛑 **⛔ 可得**（未達該街廓） | — | — | — | 🛑 **未執行**（管線已中止） |
   | `3.5m` | 乙 | `R6` | 🛑 **⛔ 可得**（未達該街廓） | — | — | — | 🛑 **未執行**（管線已中止） |

──────────────────────────────────────────────────────────────────────────────────────────────────────────────────────────────────
【判別力】態甲之全母體中落於**非飽和域**（`W < 18`）之側（單 `§四-1` 所令之取法）
──────────────────────────────────────────────────────────────────────────────────────────────────────────────────────────────────
   | 情境 | 街廓 | 側 | 該側之宗（`宗地寬度` ／ `W(m)` ／ `Rw(%%)`） | 有無 `W < 18` |
   |---|---|---|---|---|
   | `0m` | `R1` | `left` | 628-37(1): 6.46／6.46／52.64；628-35(2): 17.87／24.49／47.38 | ✅ **有** |
   | `0m` | `R1` | `right` | 628(5): 7.43／7.02／55.8；628-34(3): 2.38／9.61／13.43；628-36(1): 17.94／27.55／30.77 | ✅ **有** |
   | `0m` | `R2` | `left` | 628-41(1): 4.05／4.06／38.14；628-40(1)+: 8.04／13.78／48.78；628-30(2): 1.95／15.72／6.57；628-39(1): 5.21／20.93／6.47；628-31(2): 8.74／29.67／0.0 | ✅ **有** |
   | `0m` | `R2` | `right` | 628-35(1): 1.34／0.0／0.0；628-34(1): 9.78／0.0／0.0；628-49(1): 1.48／0.0／0.0；628-50(1): 3.32／0.0／0.0；628-51(1): 3.31／0.0／0.0；628-52(1): 1.62／0.0／0.0；628-32(2): 9.85／0.0／0.0 | ✅ **有** |
   | `0m` | `R3` | `left` | 628(4): 1.03／0.0／0.0；628-34(2): 5.7／0.0／0.0；628-46(1): 1.65／0.0／0.0；628-47(1)+: 8.3／0.0／0.0；628-32(3): 9.54／0.0／0.0 | ✅ **有** |
   | `0m` | `R3` | `right` | 628-30(3)+: 17.47／14.14／88.3；628-42(2): 0.32／16.1／6.4；628-27(2): 0.59／16.69／1.76；628-29(1)+: 2.94／19.62／3.53；628-31(3): 8.5／28.13／0.0 | ✅ **有** |
   | `0m` | `R4` | `left` | 628(1)+: 60.86／65.14／59.22 | — |
   | `0m` | `R5` | `left` | 628-18(2): 4.83／4.85／43.06；628-7(2): 6.99／13.47／42.73；628-45(1)+: 8.19／21.67／14.21；628-31(1): 0.24／21.91／0.0；628-32(1): 0.07／21.98／0.0 | ✅ **有** |
   | `0m` | `R5` | `right` | 628(3): 3.11／0.0／0.0；628-21(2)+: 30.05／0.0／0.0 | ✅ **有** |
   | `0m` | `R6` | `left` | 628(2)+: 3.22／0.0／0.0；628-4(1): 14.68／0.0／0.0；628-23(1)+: 9.32／0.0／0.0 | ✅ **有** |
   | `0m` | `R6` | `right` | 628-18(1): 7.2／7.2／56.77；628-53(1): 0.01／7.2／0.02；628-38(1): 2.69／9.89／13.8；628-7(1): 6.88／16.77／26.13；628-20(1): 7.66／24.42／3.29 | ✅ **有** |
   | `3.5m` | `R1` | `left` | 628-36(1): 17.5／17.52／98.75 | ✅ **有** |
   | `3.5m` | `R1` | `right` | 628(5): 7.43／7.02／55.8；628-34(3): 2.38／9.61／13.44；628-37(1): 6.51／16.12／25.54；628-35(2): 18.43／34.55／5.24 | ✅ **有** |
   | `3.5m` | `R2` | `left` | 628-42(1): 0.11／7.09／0.58；628-41(1): 4.07／11.16／20.2；628-27(1): 0.66／11.82／2.83；628-40(1)+: 6.66／18.48／20.77；628-30(2): 2.0／20.49／0.0；628-39(1): 5.28／25.76／0.0；628-31(2): 8.75／34.5／0.0 | ✅ **有** |
   | `3.5m` | `R2` | `right` | 628-35(1): 1.34／0.0／0.0；628-34(1): 9.78／0.0／0.0；628-49(1): 1.48／0.0／0.0；628-50(1): 3.32／0.0／0.0；628-51(1): 3.31／0.0／0.0；628-52(1): 1.62／0.0／0.0；628-32(2): 9.85／0.0／0.0 | ✅ **有** |
   | `3.5m` | `R3` | `left` | 628(4): 1.03／0.0／0.0；628-34(2): 5.7／0.0／0.0；628-46(1): 1.65／0.0／0.0；628-47(1)+: 8.3／0.0／0.0；628-32(3): 9.54／0.0／0.0 | ✅ **有** |
   | `3.5m` | `R3` | `right` | 628-30(3)+: 17.47／14.14／88.3；628-42(2): 0.32／16.1／6.4；628-27(2): 0.59／16.69／1.76；628-29(1)+: 2.94／19.62／3.53；628-31(3): 8.5／28.13／0.0 | ✅ **有** |
   | `3.5m` | `R4` | `left` | 628(1)+: 61.04／68.62／40.06 | — |
   | `3.5m` | `R5` | `left` | 628-45(1)+: 8.03／8.06／61.4；628-18(2): 6.32／16.02／33.05；628-7(2): 5.68／21.69／5.54；628-31(1): 0.24／21.93／0.0；628-32(1): 0.07／22.0／0.0 | ✅ **有** |
   | `3.5m` | `R5` | `right` | 628(3): 3.11／0.0／0.0；628-21(2)+: 30.05／0.0／0.0 | ✅ **有** |
   | `3.5m` | `R6` | `left` | 628(2)+: 3.22／0.0／0.0；628-4(1): 14.68／0.0／0.0；628-23(1)+: 9.32／0.0／0.0 | ✅ **有** |
   | `3.5m` | `R6` | `right` | 628-18(1): 7.2／7.2／56.77；628-53(1): 0.01／7.2／0.02；628-38(1): 2.69／9.89／13.8；628-7(1): 6.88／16.77／26.13；628-20(1): 7.66／24.42／3.29 | ✅ **有** |

   🔒 落於非飽和域者 ＝ **20** 組：[('0m', 'R1', 'left', ['628-37(1)', '628-35(2)']), ('0m', 'R1', 'right', ['628(5)', '628-34(3)', '628-36(1)']), ('0m', 'R2', 'left', ['628-41(1)', '628-40(1)+', '628-30(2)', '628-39(1)', '628-31(2)']), ('0m', 'R2', 'right', ['628-35(1)', '628-34(1)', '628-49(1)', '628-50(1)', '628-51(1)', '628-52(1)', '628-32(2)']), ('0m', 'R3', 'left', ['628(4)', '628-34(2)', '628-46(1)', '628-47(1)+', '628-32(3)']), ('0m', 'R3', 'right', ['628-30(3)+', '628-42(2)', '628-27(2)', '628-29(1)+', '628-31(3)']), ('0m', 'R5', 'left', ['628-18(2)', '628-7(2)', '628-45(1)+', '628-31(1)', '628-32(1)']), ('0m', 'R5', 'right', ['628(3)']), ('0m', 'R6', 'left', ['628(2)+', '628-4(1)', '628-23(1)+']), ('0m', 'R6', 'right', ['628-18(1)', '628-53(1)', '628-38(1)', '628-7(1)', '628-20(1)']), ('3.5m', 'R1', 'left', ['628-36(1)']), ('3.5m', 'R1', 'right', ['628(5)', '628-34(3)', '628-37(1)']), ('3.5m', 'R2', 'left', ['628-42(1)', '628-41(1)', '628-27(1)', '628-40(1)+', '628-30(2)', '628-39(1)', '628-31(2)']), ('3.5m', 'R2', 'right', ['628-35(1)', '628-34(1)', '628-49(1)', '628-50(1)', '628-51(1)', '628-52(1)', '628-32(2)']), ('3.5m', 'R3', 'left', ['628(4)', '628-34(2)', '628-46(1)', '628-47(1)+', '628-32(3)']), ('3.5m', 'R3', 'right', ['628-30(3)+', '628-42(2)', '628-27(2)', '628-29(1)+', '628-31(3)']), ('3.5m', 'R5', 'left', ['628-45(1)+', '628-18(2)', '628-7(2)', '628-31(1)', '628-32(1)']), ('3.5m', 'R5', 'right', ['628(3)']), ('3.5m', 'R6', 'left', ['628(2)+', '628-4(1)', '628-23(1)+']), ('3.5m', 'R6', 'right', ['628-18(1)', '628-53(1)', '628-38(1)', '628-7(1)', '628-20(1)'])]
   🛑 其「理論＝實跑」之判須另取——**本批之受詞為產生式之定位**，
      該判別力之完整施行**候發單側**（⛔ 逕稱器非紅）。
