======================================================================================================================
【`W-G.9-269` 補令四 `§三-2`】**單態**覆蓋帳量測器（`P-1` 之基準）
======================================================================================================================
🔒 所量之態（`P-1` 新形所令）
   `commit`          ＝ e16b43e9b2e9fe0cd1ee59f7bf876f51c90486e7
   `app.py` blob `sha1` ＝ c5c28b826aa25f4f12a3bd5bdc1fcd0587ab021f
   `git status --porcelain` ＝ 🟡 非空（8 列）

🔒 記憶體側管線已建（`harvest()` ＋ `rv.build_pipeline` ＋ `build_build_parcels`）：街廓 `11`／宗 `48`
  情境 0m    ⇒ `g_rows` ** 59** 列／組 **17**／中止街廓 （無·跑完）
  情境 3.5m  ⇒ `g_rows` ** 60** 列／組 **17**／中止街廓 （無·跑完）

── 判別力：人造三造（`§三-2` 款 `(4)`·三造任一不成立 ⇒ loud 拒測）──
  造一 [必紅] 人造相疊矩形 Σ−∪                   得 1.0000000000                                   期 1.0                              ✅
  造二 [必綠] 人造相離矩形 Σ−∪                   得 0.0000000000                                   期 0.0                              ✅
  造三 [必轉紅] 原綠之組注入 1.0㎡ 之方              得 原 0 對 → 1 對·新增面積 1.0000000000                  期 原 0 對·新增 ＝ 交集 1.0000000000 ＝ 1.0 ✅

======================================================================================================================
【覆蓋帳】逐組逐對交集面積（單態·`P-1` 之受詞）
======================================================================================================================
  組                             宗數 逐對（面積 ㎡）
  0m·R1·left                     2 **0 對**  ✅
  0m·R1·right                    3 **0 對**  ✅
  0m·R1·抵費地                      2 **0 對**  ✅
  0m·R2·left                     7 **0 對**  ✅
  0m·R2·right                    7 **0 對**  ✅
  0m·R2·抵費地                      2 **0 對**  ✅
  0m·R3·left                     5 **0 對**  ✅
  0m·R3·right                    5 **0 對**  ✅
  0m·R3·抵費地                      1 **0 對**  ✅
  0m·R4·left                     1 **0 對**  ✅
  0m·R4·抵費地                      4 **0 對**  ✅
  0m·R5·left                     6 **0 對**  ✅
  0m·R5·right                    2 **0 對**  ✅
  0m·R5·抵費地                      2 **0 對**  ✅
  0m·R6·left                     3 **0 對**  ✅
  0m·R6·right                    5 **0 對**  ✅
  0m·R6·抵費地                      2 **0 對**  ✅
  3.5m·R1·left                   1 **0 對**  ✅
  3.5m·R1·right                  4 **0 對**  ✅
  3.5m·R1·抵費地                    3 **0 對**  ✅
  3.5m·R2·left                   7 **0 對**  ✅
  3.5m·R2·right                  7 **0 對**  ✅
  3.5m·R2·抵費地                    2 **0 對**  ✅
  3.5m·R3·left                   5 **0 對**  ✅
  3.5m·R3·right                  5 **0 對**  ✅
  3.5m·R3·抵費地                    1 **0 對**  ✅
  3.5m·R4·left                   1 **0 對**  ✅
  3.5m·R4·抵費地                    4 **0 對**  ✅
  3.5m·R5·left                   6 **0 對**  ✅
  3.5m·R5·right                  2 **0 對**  ✅
  3.5m·R5·抵費地                    2 **0 對**  ✅
  3.5m·R6·left                   3 **0 對**  ✅
  3.5m·R6·right                  5 **0 對**  ✅
  3.5m·R6·抵費地                    2 **0 對**  ✅

  母體基數 ＝ **34** 組／**逐對總數 ＝ 0**

🟢 **全部組之重疊對數 ⋀ 逐對面積皆為 `0`** ⇒ `P-1` 之受詞於本態**成立**
🔒 本判之態 ＝ `e16b43e9b2e9fe0cd1ee59f7bf876f51c90486e7`（`app.py` blob `sha1` `c5c28b826aa25f4f12a3bd5bdc1fcd0587ab021f`）
