==============================================================================================================================
【`W-G.9-272` `§三-3`】**`K-9-29` 子項 `1` 之備料**（⛔ 落地·僅備料）
==============================================================================================================================
🛑 **⛔ 判孰為正確態、⛔ 提落地與否之主張、⛔ 動 `k6_step0_enabled` 之預設一字。**

🔒 `g_rows` 之欄（**正面列舉單所令之 `8` 欄**·⛔ 靜默缺欄）
   `暫編地號`         ⇒ ✅ 在
   `原地號`          ⇒ ✅ 在
   `所屬街廓`         ⇒ ✅ 在
   `位次`           ⇒ 🛑 **⛔ 在**（具名·⛔ 以他欄代之）
   `G(㎡)`         ⇒ ✅ 在
   `a 面積(㎡)`      ⇒ ✅ 在
   `幾何面積(㎡)`      ⇒ ✅ 在
   `街角側別`         ⇒ ✅ 在
   🛑 缺欄 ＝ ['位次'] ⇒ 其格一律印 `（⛔ 在）`，**⛔ 以近義欄頂替**

──────────────────────────────────────────────────────────────────────────────────────────────────────────────────────────────
【情境 `退縮 0m`】
──────────────────────────────────────────────────────────────────────────────────────────────────────────────────────────────

   ══ 態 甲（`WV_K6_STEP0` 未設（生產態））══  `g_rows` 56 列｜配地宗 **43**｜間諜所錄街廓 6
   | 暫編地號 | 原地號 | 所屬街廓 | 位次 | G(㎡) | a 面積(㎡) | 幾何面積(㎡) | 街角側別 |
   |---|---|---|---|---|---|---|---|
   | `628(5)` | `628` | `R1` | （⛔ 在） | `227.73` | `382.91` | `227.73` | `右側` |
   | `628-34(3)` | `628-34` | `R1` | （⛔ 在） | `86.0` | `152.34` | `86.0` | `—` |
   | `628-35(2)` | `628-35` | `R1` | （⛔ 在） | `599.91` | `1039.0` | `599.91` | `—` |
   | `628-36(1)` | `628-36` | `R1` | （⛔ 在） | `596.26` | `947.97` | `596.26` | `—` |
   | `628-37(1)` | `628-37` | `R1` | （⛔ 在） | `208.16` | `350.76` | `208.16` | `左側` |
   | `628-30(2)` | `628-30` | `R2` | （⛔ 在） | `87.4` | `150.3` | `87.4` | `—` |
   | `628-31(2)` | `628-31` | `R2` | （⛔ 在） | `391.67` | `654.32` | `391.67` | `—` |
   | `628-32(2)` | `628-32` | `R2` | （⛔ 在） | `437.02` | `730.37` | `437.03` | `—` |
   | `628-34(1)` | `628-34` | `R2` | （⛔ 在） | `432.11` | `722.28` | `432.11` | `—` |
   | `628-35(1)` | `628-35` | `R2` | （⛔ 在） | `58.95` | `98.54` | `58.95` | `—` |
   | `628-39(1)` | `628-39` | `R2` | （⛔ 在） | `234.01` | `395.15` | `234.01` | `—` |
   | `628-40(1)+` | `628-40` | `R2` | （⛔ 在） | `285.56` | `513.93` | `285.57` | `—` |
   | `628-41(1)` | `628-41` | `R2` | （⛔ 在） | `175.95` | `319.3` | `175.95` | `左側` |
   | `628-49(1)` | `628-49` | `R2` | （⛔ 在） | `65.45` | `109.39` | `65.45` | `—` |
   | `628-50(1)` | `628-50` | `R2` | （⛔ 在） | `147.18` | `246.0` | `147.19` | `—` |
   | `628-51(1)` | `628-51` | `R2` | （⛔ 在） | `146.59` | `245.0` | `146.59` | `—` |
   | `628-52(1)` | `628-52` | `R2` | （⛔ 在） | `71.6` | `119.66` | `71.6` | `—` |
   | `628(4)` | `628` | `R3` | （⛔ 在） | `44.9` | `71.69` | `44.89` | `—` |
   | `628-27(2)` | `628-27` | `R3` | （⛔ 在） | `26.54` | `46.68` | `26.54` | `—` |
   | `628-29(1)+` | `628-29` | `R3` | （⛔ 在） | `131.61` | `228.0` | `131.61` | `—` |
   | `628-30(3)+` | `628-30` | `R3` | （⛔ 在） | `627.57` | `1145.67` | `627.57` | `右側` |
   | `628-31(3)` | `628-31` | `R3` | （⛔ 在） | `380.81` | `652.89` | `380.81` | `—` |
   | `628-32(3)` | `628-32` | `R3` | （⛔ 在） | `421.41` | `722.88` | `421.41` | `—` |
   | `628-34(2)` | `628-34` | `R3` | （⛔ 在） | `250.25` | `429.35` | `250.25` | `—` |
   | `628-42(2)` | `628-42` | `R3` | （⛔ 在） | `89.96` | `153.46` | `89.97` | `—` |
   | `628-46(1)` | `628-46` | `R3` | （⛔ 在） | `72.77` | `124.85` | `72.78` | `—` |
   | `628-47(1)+` | `628-47` | `R3` | （⛔ 在） | `365.84` | `627.61` | `365.84` | `—` |
   | `628(1)+` | `628` | `R4` | （⛔ 在） | `2017.54` | `3186.36` | `2017.54` | `左側` |
   | `628(3)` | `628` | `R5` | （⛔ 在） | `148.72` | `236.68` | `148.72` | `—` |
   | `628-18(2)` | `628-18` | `R5` | （⛔ 在） | `205.49` | `381.09` | `205.5` | `左側` |
   | `628-21(2)+` | `628-21` | `R5` | （⛔ 在） | `1415.25` | `2421.73` | `1415.24` | `—` |
   | `628-31(1)` | `628-31` | `R5` | （⛔ 在） | `10.7` | `18.34` | `10.69` | `—` |
   | `628-32(1)` | `628-32` | `R5` | （⛔ 在） | `3.14` | `5.39` | `3.14` | `—` |
   | `628-45(1)+` | `628-45` | `R5` | （⛔ 在） | `364.53` | `634.4` | `364.52` | `—` |
   | `628-7(2)` | `628-7` | `R5` | （⛔ 在） | `235.44` | `436.69` | `235.43` | `—` |
   | `628(2)+` | `628` | `R6` | （⛔ 在） | `153.19` | `238.9` | `153.18` | `—` |
   | `628-18(1)` | `628-18` | `R6` | （⛔ 在） | `307.78` | `551.09` | `307.79` | `右側` |
   | `628-20(1)` | `628-20` | `R6` | （⛔ 在） | `339.91` | `570.15` | `339.92` | `—` |
   | `628-23(1)+` | `628-23` | `R6` | （⛔ 在） | `433.68` | `723.48` | `433.68` | `—` |
   | `628-38(1)` | `628-38` | `R6` | （⛔ 在） | `117.73` | `205.6` | `117.73` | `—` |
   | `628-4(1)` | `628-4` | `R6` | （⛔ 在） | `692.09` | `1154.0` | `692.09` | `—` |
   | `628-53(1)` | `628-53` | `R6` | （⛔ 在） | `0.26` | `0.44` | `0.26` | `—` |
   | `628-7(1)` | `628-7` | `R6` | （⛔ 在） | `302.93` | `522.97` | `302.94` | `—` |

   ══ 態 乙（`WV_K6_STEP0` = off）══  `g_rows` 29 列｜配地宗 **20**｜間諜所錄街廓 3
   | 暫編地號 | 原地號 | 所屬街廓 | 位次 | G(㎡) | a 面積(㎡) | 幾何面積(㎡) | 街角側別 |
   |---|---|---|---|---|---|---|---|
   | `628(5)` | `628` | `R1` | （⛔ 在） | `227.73` | `382.91` | `227.73` | `右側` |
   | `628-34(3)` | `628-34` | `R1` | （⛔ 在） | `86.0` | `152.34` | `86.0` | `—` |
   | `628-35(2)` | `628-35` | `R1` | （⛔ 在） | `599.91` | `1039.0` | `599.91` | `—` |
   | `628-36(1)` | `628-36` | `R1` | （⛔ 在） | `596.26` | `947.97` | `596.26` | `—` |
   | `628-37(1)` | `628-37` | `R1` | （⛔ 在） | `208.16` | `350.76` | `208.16` | `左側` |
   | `628-30(2)` | `628-30` | `R2` | （⛔ 在） | `87.4` | `150.3` | `87.4` | `—` |
   | `628-31(2)` | `628-31` | `R2` | （⛔ 在） | `391.67` | `654.32` | `391.67` | `—` |
   | `628-32(2)` | `628-32` | `R2` | （⛔ 在） | `437.02` | `730.37` | `437.01` | `—` |
   | `628-34(1)` | `628-34` | `R2` | （⛔ 在） | `432.11` | `722.28` | `432.11` | `—` |
   | `628-35(1)` | `628-35` | `R2` | （⛔ 在） | `58.95` | `98.54` | `58.95` | `—` |
   | `628-39(1)` | `628-39` | `R2` | （⛔ 在） | `234.01` | `395.15` | `234.0` | `—` |
   | `628-40(1)` | `628-40` | `R2` | （⛔ 在） | `285.3` | `513.48` | `285.3` | `—` |
   | `628-41(1)` | `628-41` | `R2` | （⛔ 在） | `175.95` | `319.3` | `175.95` | `左側` |
   | `628-43(1)` | `628-43` | `R2` | （⛔ 在） | `0.26` | `0.45` | `0.26` | `—` |
   | `628-49(1)` | `628-49` | `R2` | （⛔ 在） | `65.45` | `109.39` | `65.45` | `—` |
   | `628-50(1)` | `628-50` | `R2` | （⛔ 在） | `147.18` | `246.0` | `147.19` | `—` |
   | `628-51(1)` | `628-51` | `R2` | （⛔ 在） | `146.59` | `245.0` | `146.59` | `—` |
   | `628-52(1)` | `628-52` | `R2` | （⛔ 在） | `71.6` | `119.66` | `71.6` | `—` |
   | `628(1)` | `628` | `R4` | （⛔ 在） | `1521.05` | `2428.44` | `1521.05` | `左側` |
   | `628-1(1)` | `628-1` | `R4` | （⛔ 在） | `458.47` | `757.92` | `458.46` | `右側` |

   ── `2(a)` 只在一態出現者（逐筆具名）
      甲∖乙 ＝ **27** 筆：['628(1)+', '628(2)+', '628(3)', '628(4)', '628-18(1)', '628-18(2)', '628-20(1)', '628-21(2)+', '628-23(1)+', '628-27(2)', '628-29(1)+', '628-30(3)+', '628-31(1)', '628-31(3)', '628-32(1)', '628-32(3)', '628-34(2)', '628-38(1)', '628-4(1)', '628-40(1)+', '628-42(2)', '628-45(1)+', '628-46(1)', '628-47(1)+', '628-53(1)', '628-7(1)', '628-7(2)']
      乙∖甲 ＝ **4** 筆：['628(1)', '628-1(1)', '628-40(1)', '628-43(1)']

   ── `2(b)` 二態皆有而 `G` 相異者（**未捨入差**）
      二態皆有 ＝ 16 筆；`G` 相異 ＝ **0** 筆

   ── `2(c)` 抵費地列之逐片面積（間諜所錄之池片·二態對拍）
      | 街廓 | 態甲 片數 | 態甲 逐片面積(㎡) | 態乙 片數 | 態乙 逐片面積(㎡) | Σ甲 − Σ乙 |
      |---|---|---|---|---|---|
      | `R1` | 2 | 1175.4937, 0.0046 | 2 | 1175.4937, 0.0046 | **+0.0000** |
      | `R2` | 2 | 1682.7445, 152.3551 | 2 | 1682.7715, 152.3551 | **-0.0271** |
      | `R3` | 1 |  | ⛔ 在 |  | 🛑 **⛔ 可得** |
      | `R4` | 4 | 1022.0462, 116.0800, 26.1116, 26.0858 | 5 | 1169.5588, 27.4425, 26.0938, 4.9632, 0.2988 | **-38.0335** |
      | `R5` | 2 |  | ⛔ 在 |  | 🛑 **⛔ 可得** |
      | `R6` | 2 |  | ⛔ 在 |  | 🛑 **⛔ 可得** |

   ── `3` 守恆式：`Σ配地幾何面積 ＋ Σ抵費地面積` vs `街廓面積`（二態各自·逐街廓）
      | 街廓 | 態 | Σ配地幾何 | Σ池片 | 合計 | 街廓面積 | 殘差 | 成立（|殘差| ≤ 0.01）|
      |---|---|---|---|---|---|---|---|
      | `R1` | 甲 | 1718.0600 | 1175.4983 | 2893.5583 | 2893.5531 | **+0.0053** | 🟢 |
      | `R1` | 乙 | 1718.0600 | 1175.4983 | 2893.5583 | 2893.5531 | **+0.0053** | 🟢 |
      | `R2` | 甲 | 2533.5200 | 1835.0996 | 4368.6196 | 4368.6033 | **+0.0162** | 🔴 |
      | `R2` | 乙 | 2533.4800 | 1835.1267 | 4368.6067 | 4368.6033 | **+0.0033** | 🟢 |
      | `R3` | 甲 | 2411.6700 | 1795.1328 | 4206.8028 | 4206.7996 | **+0.0032** | 🟢 |
      | `R3` | 乙 | —— | —— | —— | —— | —— | 🛑 **⛔ 可得** |
      | `R4` | 甲 | 2017.5400 | 1190.3236 | 3207.8636 | 3207.8665 | **-0.0029** | 🟢 |
      | `R4` | 乙 | 1979.5100 | 1228.3571 | 3207.8671 | 3207.8665 | **+0.0006** | 🟢 |
      | `R5` | 甲 | 2383.2400 | 1766.9713 | 4150.2113 | 4150.2149 | **-0.0036** | 🟢 |
      | `R5` | 乙 | —— | —— | —— | —— | —— | 🛑 **⛔ 可得** |
      | `R6` | 甲 | 2347.5900 | 1628.7127 | 3976.3027 | 3976.3037 | **-0.0010** | 🟢 |
      | `R6` | 乙 | —— | —— | —— | —— | —— | 🛑 **⛔ 可得** |

──────────────────────────────────────────────────────────────────────────────────────────────────────────────────────────────
【情境 `退縮 3.5m`】
──────────────────────────────────────────────────────────────────────────────────────────────────────────────────────────────

   ══ 態 甲（`WV_K6_STEP0` 未設（生產態））══  `g_rows` 59 列｜配地宗 **45**｜間諜所錄街廓 6
   | 暫編地號 | 原地號 | 所屬街廓 | 位次 | G(㎡) | a 面積(㎡) | 幾何面積(㎡) | 街角側別 |
   |---|---|---|---|---|---|---|---|
   | `628(5)` | `628` | `R1` | （⛔ 在） | `227.73` | `382.91` | `227.74` | `右側` |
   | `628-34(3)` | `628-34` | `R1` | （⛔ 在） | `86.0` | `152.34` | `86.0` | `—` |
   | `628-35(2)` | `628-35` | `R1` | （⛔ 在） | `612.64` | `1039.0` | `612.64` | `—` |
   | `628-36(1)` | `628-36` | `R1` | （⛔ 在） | `575.73` | `947.97` | `575.73` | `左側` |
   | `628-37(1)` | `628-37` | `R1` | （⛔ 在） | `216.34` | `350.76` | `216.34` | `—` |
   | `628-27(1)` | `628-27` | `R2` | （⛔ 在） | `29.61` | `51.32` | `29.62` | `—` |
   | `628-30(2)` | `628-30` | `R2` | （⛔ 在） | `89.97` | `150.3` | `89.97` | `—` |
   | `628-31(2)` | `628-31` | `R2` | （⛔ 在） | `391.66` | `654.32` | `391.67` | `—` |
   | `628-32(2)` | `628-32` | `R2` | （⛔ 在） | `437.02` | `730.37` | `437.02` | `—` |
   | `628-34(1)` | `628-34` | `R2` | （⛔ 在） | `432.11` | `722.28` | `432.11` | `—` |
   | `628-35(1)` | `628-35` | `R2` | （⛔ 在） | `58.95` | `98.54` | `58.95` | `—` |
   | `628-39(1)` | `628-39` | `R2` | （⛔ 在） | `236.54` | `395.15` | `236.54` | `—` |
   | `628-40(1)+` | `628-40` | `R2` | （⛔ 在） | `299.51` | `513.93` | `299.5` | `—` |
   | `628-41(1)` | `628-41` | `R2` | （⛔ 在） | `183.23` | `319.3` | `183.22` | `—` |
   | `628-42(1)` | `628-42` | `R2` | （⛔ 在） | `4.77` | `8.34` | `4.77` | `—` |
   | `628-49(1)` | `628-49` | `R2` | （⛔ 在） | `65.45` | `109.39` | `65.45` | `—` |
   | `628-50(1)` | `628-50` | `R2` | （⛔ 在） | `147.18` | `246.0` | `147.18` | `—` |
   | `628-51(1)` | `628-51` | `R2` | （⛔ 在） | `146.59` | `245.0` | `146.59` | `—` |
   | `628-52(1)` | `628-52` | `R2` | （⛔ 在） | `71.6` | `119.66` | `71.59` | `—` |
   | `628(4)` | `628` | `R3` | （⛔ 在） | `44.9` | `71.69` | `44.89` | `—` |
   | `628-27(2)` | `628-27` | `R3` | （⛔ 在） | `26.54` | `46.68` | `26.54` | `—` |
   | `628-29(1)+` | `628-29` | `R3` | （⛔ 在） | `131.61` | `228.0` | `131.61` | `—` |
   | `628-30(3)+` | `628-30` | `R3` | （⛔ 在） | `627.57` | `1145.67` | `627.57` | `右側` |
   | `628-31(3)` | `628-31` | `R3` | （⛔ 在） | `380.81` | `652.89` | `380.81` | `—` |
   | `628-32(3)` | `628-32` | `R3` | （⛔ 在） | `421.41` | `722.88` | `421.41` | `—` |
   | `628-34(2)` | `628-34` | `R3` | （⛔ 在） | `250.25` | `429.35` | `250.25` | `—` |
   | `628-42(2)` | `628-42` | `R3` | （⛔ 在） | `89.96` | `153.46` | `89.97` | `—` |
   | `628-46(1)` | `628-46` | `R3` | （⛔ 在） | `72.77` | `124.85` | `72.78` | `—` |
   | `628-47(1)+` | `628-47` | `R3` | （⛔ 在） | `365.84` | `627.61` | `365.84` | `—` |
   | `628(1)+` | `628` | `R4` | （⛔ 在） | `2023.33` | `3186.36` | `2023.34` | `左側` |
   | `628(3)` | `628` | `R5` | （⛔ 在） | `148.72` | `236.68` | `148.72` | `—` |
   | `628-18(2)` | `628-18` | `R5` | （⛔ 在） | `206.72` | `381.09` | `206.72` | `—` |
   | `628-21(2)+` | `628-21` | `R5` | （⛔ 在） | `1415.25` | `2421.73` | `1415.25` | `—` |
   | `628-31(1)` | `628-31` | `R5` | （⛔ 在） | `10.7` | `18.34` | `10.69` | `—` |
   | `628-32(1)` | `628-32` | `R5` | （⛔ 在） | `3.14` | `5.39` | `3.14` | `—` |
   | `628-45(1)+` | `628-45` | `R5` | （⛔ 在） | `346.18` | `634.4` | `346.17` | `左側` |
   | `628-7(2)` | `628-7` | `R5` | （⛔ 在） | `252.55` | `436.69` | `252.56` | `—` |
   | `628(2)+` | `628` | `R6` | （⛔ 在） | `153.19` | `238.9` | `153.18` | `—` |
   | `628-18(1)` | `628-18` | `R6` | （⛔ 在） | `307.78` | `551.09` | `307.79` | `右側` |
   | `628-20(1)` | `628-20` | `R6` | （⛔ 在） | `339.91` | `570.15` | `339.92` | `—` |
   | `628-23(1)+` | `628-23` | `R6` | （⛔ 在） | `433.68` | `723.48` | `433.68` | `—` |
   | `628-38(1)` | `628-38` | `R6` | （⛔ 在） | `117.73` | `205.6` | `117.73` | `—` |
   | `628-4(1)` | `628-4` | `R6` | （⛔ 在） | `692.09` | `1154.0` | `692.09` | `—` |
   | `628-53(1)` | `628-53` | `R6` | （⛔ 在） | `0.26` | `0.44` | `0.26` | `—` |
   | `628-7(1)` | `628-7` | `R6` | （⛔ 在） | `302.93` | `522.97` | `302.94` | `—` |

   ══ 態 乙（`WV_K6_STEP0` = off）══  `g_rows` 32 列｜配地宗 **22**｜間諜所錄街廓 3
   | 暫編地號 | 原地號 | 所屬街廓 | 位次 | G(㎡) | a 面積(㎡) | 幾何面積(㎡) | 街角側別 |
   |---|---|---|---|---|---|---|---|
   | `628(5)` | `628` | `R1` | （⛔ 在） | `227.73` | `382.91` | `227.74` | `右側` |
   | `628-34(3)` | `628-34` | `R1` | （⛔ 在） | `86.0` | `152.34` | `86.0` | `—` |
   | `628-35(2)` | `628-35` | `R1` | （⛔ 在） | `612.64` | `1039.0` | `612.64` | `—` |
   | `628-36(1)` | `628-36` | `R1` | （⛔ 在） | `575.73` | `947.97` | `575.73` | `左側` |
   | `628-37(1)` | `628-37` | `R1` | （⛔ 在） | `216.34` | `350.76` | `216.34` | `—` |
   | `628-27(1)` | `628-27` | `R2` | （⛔ 在） | `29.61` | `51.32` | `29.62` | `—` |
   | `628-30(2)` | `628-30` | `R2` | （⛔ 在） | `89.97` | `150.3` | `89.97` | `—` |
   | `628-31(2)` | `628-31` | `R2` | （⛔ 在） | `391.66` | `654.32` | `391.67` | `—` |
   | `628-32(2)` | `628-32` | `R2` | （⛔ 在） | `437.02` | `730.37` | `437.02` | `—` |
   | `628-34(1)` | `628-34` | `R2` | （⛔ 在） | `432.11` | `722.28` | `432.11` | `—` |
   | `628-35(1)` | `628-35` | `R2` | （⛔ 在） | `58.95` | `98.54` | `58.95` | `—` |
   | `628-39(1)` | `628-39` | `R2` | （⛔ 在） | `236.54` | `395.15` | `236.54` | `—` |
   | `628-40(1)` | `628-40` | `R2` | （⛔ 在） | `299.24` | `513.48` | `299.24` | `—` |
   | `628-41(1)` | `628-41` | `R2` | （⛔ 在） | `183.23` | `319.3` | `183.22` | `—` |
   | `628-42(1)` | `628-42` | `R2` | （⛔ 在） | `4.77` | `8.34` | `4.77` | `—` |
   | `628-43(1)` | `628-43` | `R2` | （⛔ 在） | `0.27` | `0.45` | `0.27` | `—` |
   | `628-49(1)` | `628-49` | `R2` | （⛔ 在） | `65.45` | `109.39` | `65.45` | `—` |
   | `628-50(1)` | `628-50` | `R2` | （⛔ 在） | `147.18` | `246.0` | `147.18` | `—` |
   | `628-51(1)` | `628-51` | `R2` | （⛔ 在） | `146.59` | `245.0` | `146.59` | `—` |
   | `628-52(1)` | `628-52` | `R2` | （⛔ 在） | `71.6` | `119.66` | `71.59` | `—` |
   | `628(1)` | `628` | `R4` | （⛔ 在） | `1521.05` | `2428.44` | `1521.05` | `左側` |
   | `628-1(1)` | `628-1` | `R4` | （⛔ 在） | `458.47` | `757.92` | `458.46` | `右側` |

   ── `2(a)` 只在一態出現者（逐筆具名）
      甲∖乙 ＝ **27** 筆：['628(1)+', '628(2)+', '628(3)', '628(4)', '628-18(1)', '628-18(2)', '628-20(1)', '628-21(2)+', '628-23(1)+', '628-27(2)', '628-29(1)+', '628-30(3)+', '628-31(1)', '628-31(3)', '628-32(1)', '628-32(3)', '628-34(2)', '628-38(1)', '628-4(1)', '628-40(1)+', '628-42(2)', '628-45(1)+', '628-46(1)', '628-47(1)+', '628-53(1)', '628-7(1)', '628-7(2)']
      乙∖甲 ＝ **4** 筆：['628(1)', '628-1(1)', '628-40(1)', '628-43(1)']

   ── `2(b)` 二態皆有而 `G` 相異者（**未捨入差**）
      二態皆有 ＝ 18 筆；`G` 相異 ＝ **0** 筆

   ── `2(c)` 抵費地列之逐片面積（間諜所錄之池片·二態對拍）
      | 街廓 | 態甲 片數 | 態甲 逐片面積(㎡) | 態乙 片數 | 態乙 逐片面積(㎡) | Σ甲 − Σ乙 |
      |---|---|---|---|---|---|
      | `R1` | 3 | 1169.7082, 5.3835, 0.0046 | 3 | 1169.7082, 5.3835, 0.0046 | **+0.0000** |
      | `R2` | 2 | 1466.2584, 308.1700 | 2 | 1466.2556, 308.1700 | **+0.0028** |
      | `R3` | 1 |  | ⛔ 在 |  | 🛑 **⛔ 可得** |
      | `R4` | 4 | 906.3247, 226.0100, 26.1102, 26.0843 | 5 | 1169.5588, 27.4425, 26.0938, 4.9632, 0.2988 | **-43.8279** |
      | `R5` | 2 |  | ⛔ 在 |  | 🛑 **⛔ 可得** |
      | `R6` | 2 |  | ⛔ 在 |  | 🛑 **⛔ 可得** |

   ── `3` 守恆式：`Σ配地幾何面積 ＋ Σ抵費地面積` vs `街廓面積`（二態各自·逐街廓）
      | 街廓 | 態 | Σ配地幾何 | Σ池片 | 合計 | 街廓面積 | 殘差 | 成立（|殘差| ≤ 0.01）|
      |---|---|---|---|---|---|---|---|
      | `R1` | 甲 | 1718.4500 | 1175.0963 | 2893.5463 | 2893.5531 | **-0.0068** | 🟢 |
      | `R1` | 乙 | 1718.4500 | 1175.0963 | 2893.5463 | 2893.5531 | **-0.0068** | 🟢 |
      | `R2` | 甲 | 2594.1800 | 1774.4284 | 4368.6084 | 4368.6033 | **+0.0050** | 🟢 |
      | `R2` | 乙 | 2594.1900 | 1774.4256 | 4368.6156 | 4368.6033 | **+0.0122** | 🔴 |
      | `R3` | 甲 | 2411.6700 | 1795.1328 | 4206.8028 | 4206.7996 | **+0.0032** | 🟢 |
      | `R3` | 乙 | —— | —— | —— | —— | —— | 🛑 **⛔ 可得** |
      | `R4` | 甲 | 2023.3400 | 1184.5292 | 3207.8692 | 3207.8665 | **+0.0027** | 🟢 |
      | `R4` | 乙 | 1979.5100 | 1228.3571 | 3207.8671 | 3207.8665 | **+0.0006** | 🟢 |
      | `R5` | 甲 | 2383.2500 | 1766.9699 | 4150.2199 | 4150.2149 | **+0.0050** | 🟢 |
      | `R5` | 乙 | —— | —— | —— | —— | —— | 🛑 **⛔ 可得** |
      | `R6` | 甲 | 2347.5900 | 1628.7127 | 3976.3027 | 3976.3037 | **-0.0010** | 🟢 |
      | `R6` | 乙 | —— | —— | —— | —— | —— | 🛑 **⛔ 可得** |

──────────────────────────────────────────────────────────────────────────────────────────────────────────────────────────────
【`4`　`W-G.9-271` 已測之分母與差集（**重述**·⛔ 重算）＋ 二筆原地號之補出艙】
──────────────────────────────────────────────────────────────────────────────────────────────────────────────────────────────
   `W-G.9-271 §四` 已測：態甲 分母 **51**／態乙 **53**；差集（乙∖甲）＝ **['628-28', '628-48']**

   | 原地號 | 所屬街廓 | 歸戶（`gid`） | `temp_parcels` 內之筆數 | Σ登記面積 | Σ幾何面積 | Σ分攤登記面積 |
   |---|---|---|---|---|---|---|
   | `628-28` | `R3` | `G014` | 1 | 114.0000 | 114.3000 | 114.0000 |
   | `628-48` | `R3` | `G006` | 1 | 246.0000 | 246.4800 | 246.0000 |

   🔒 其**歸戶內之其他原地號**（供對照·⛔ 判其應否合併）：
      · `628-28` ⇒ `gid` ＝ `G014`｜該戶之原地號 ＝ ['628-28', '628-29']
      · `628-48` ⇒ `gid` ＝ `G006`｜該戶之原地號 ＝ ['628-47', '628-48', '628-49']

──────────────────────────────────────────────────────────────────────────────────────────────────────────────────────────────
【🛑 準據：二態須有差】
──────────────────────────────────────────────────────────────────────────────────────────────────────────────────────────────
   情境 `0m`：配地宗之暫編地號集合 甲 43／乙 20 ⇒ 相異 ＝ **True**
   情境 `3.5m`：配地宗之暫編地號集合 甲 45／乙 22 ⇒ 相異 ＝ **True**
   ⇒ 🟢 **二態有差**（如期）
