======================================================================================================================
【`W-G.9-270` `p3`】`GB-162` 條件 `(a)` 逐項歸因 ＋ `(b)(c)` 所需之物 ＋ `§四-2` 三戶表
======================================================================================================================
🛑 三禁令維持：⛔ 覆寫 `verify/baselines`／⛔ 設 `WV_BAKE`／⛔ 併線 `p3a`（本器**全唯讀**）

🔒 名目集合（自 `WG9270R_p3_spy.out`·字面 `✅ PASS`／`🔴 FAIL`·`run_verification.py:1497`）
   ＝ **64**（PASS **24**／FAIL **40**）
🔒 間諜產物 `WG9270R_p3_viol.tsv`：違規列 **1656**（＝ `diff_rows` 之**全量**·⛔ 截斷）
   其 `label` ＝ **23** 個

──────────────────────────────────────────────────────────────────────────────────────────────────────────────────────
【一】`label` → **名目** 之映射（自名目所印之違規列取 `[label]`）＋ **自我驗證閘**
──────────────────────────────────────────────────────────────────────────────────────────────────────────────────────
   名目                                                   label                      名目報      間諜錄      逐位
   參數0m                                                 參數0m                       14       14       ✅
   參數3.5m                                               參數3.5m                     14       14       ✅
   v3·診斷0m（全欄逐格·無豁免）                                    v3·診斷0m                    92       92       ✅
   率接線無串聯0m（vs v1 原錨，豁免 G估 後逐格全等）                       無串聯0m                      92       92       ✅
   指配0m                                                 指配0m                       22       22       ✅
   v3·G值0m                                              v3·G值0m                    235      235      ✅
   v3·滑池槽0m                                             v3·滑池槽0m                   65       65       ✅
   v3·J表0m                                              v3·J表0m                    96       96       ✅
   v3·診斷3.5m（全欄逐格·無豁免）                                  v3·診斷3.5m                  100      100      ✅
   率接線無串聯3.5m（vs v1 原錨，豁免 G估 後逐格全等）                     無串聯3.5m                    100      100      ✅
   指配3.5m                                               指配3.5m                     22       22       ✅
   v3·G值3.5m                                            v3·G值3.5m                  234      234      ✅
   v3·滑池槽3.5m                                           v3·滑池槽3.5m                 80       80       ✅
   v3·J表3.5m                                            v3·J表3.5m                  139      139      ✅
   W-D.3 碎片幾何/三分類（v3）                                   碎片幾何                       84       84       ✅
   W-D.3 碎片逐邊CAD（v3）                                    碎片逐邊                       52       52       ✅
   W-D.4 四梯清單0m（v3 半實算）                                 W-D.4清單0m                  71       71       ✅
   W-D.4 跨占分配線0m                                        W-D.4跨占0m                  35       35       ✅
   W-D.4 四梯清單3.5m（v3 半實算）                               W-D.4清單3.5m                61       61       ✅
   W-D.4 跨占分配線3.5m                                      W-D.4跨占3.5m                35       35       ✅
   ⇒ 可對拍者 **20** 項，其中逐位相同 **20** ⇒ ✅ 映射可信
   🛑 **⛔ 可對拍者**（名目未被截斷 ⇒ 無總計數，或其印出之 `label` 非唯一）＝ **44** 項——其映射仍由 `[label]` 建立，惟**無計數之自證**（照實）

──────────────────────────────────────────────────────────────────────────────────────────────────────────────────────
【二】逐格歸因：`(i)` 已為現行紅項所涵蓋 ／ `(ii)` 未涵蓋
──────────────────────────────────────────────────────────────────────────────────────────────────────────────────────
   label                      格數       類          對應之名目（及其判）
   v3·G值0m                    235      (i) 涵蓋     v3·G值0m
   v3·G值3.5m                  234      (i) 涵蓋     v3·G值3.5m
   v3·J表3.5m                  139      (i) 涵蓋     v3·J表3.5m
   v3·診斷3.5m                  100      (i) 涵蓋     v3·診斷3.5m（全欄逐格·無豁免）
   無串聯3.5m                    100      (i) 涵蓋     率接線無串聯3.5m（vs v1 原錨，豁免 G估 後逐格全等）
   v3·J表0m                    96       (i) 涵蓋     v3·J表0m
   v3·診斷0m                    92       (i) 涵蓋     v3·診斷0m（全欄逐格·無豁免）
   無串聯0m                      92       (i) 涵蓋     率接線無串聯0m（vs v1 原錨，豁免 G估 後逐格全等）
   碎片幾何                       84       (i) 涵蓋     W-D.3 碎片幾何/三分類（v3）
   v3·滑池槽3.5m                 80       (i) 涵蓋     v3·滑池槽3.5m
   W-D.4清單0m                  71       (i) 涵蓋     W-D.4 四梯清單0m（v3 半實算）
   v3·滑池槽0m                   65       (i) 涵蓋     v3·滑池槽0m
   W-D.4清單3.5m                61       (i) 涵蓋     W-D.4 四梯清單3.5m（v3 半實算）
   碎片逐邊                       52       (i) 涵蓋     W-D.3 碎片逐邊CAD（v3）
   W-D.4跨占0m                  35       (i) 涵蓋     W-D.4 跨占分配線0m
   W-D.4跨占3.5m                35       (i) 涵蓋     W-D.4 跨占分配線3.5m
   指配0m                       22       (i) 涵蓋     指配0m
   指配3.5m                     22       (i) 涵蓋     指配3.5m
   參數0m                       14       (i) 涵蓋     參數0m
   參數3.5m                     14       (i) 涵蓋     參數3.5m
   W-D.4遞補3.5m                6        (i) 涵蓋     W-D.4 碎片遞補3.5m
   抵費地3.5m                    4        (i) 涵蓋     抵費地3.5m
   W-D.4遞補0m                  3        (i) 涵蓋     W-D.4 碎片遞補0m

   🔑 **`(i)` 已涵蓋 ＝ 1656 格 ／ `(ii)` 未涵蓋 ＝ 0 格**（和 ＝ 1656 ✅ ＝ 全量違規列數）
   🛑 **與單所引之 `1137` 二數並報**（坑 `an`）：
      單所引 `1137` ＝ `GB-162` 所載之 **`B vs A`** ——其二端為
      **前態側烤產物**（`WV_BAKE` 所生·`11` 檔）↔ `verify/baselines`，係**檔對檔**之格差；
      本窗 **1656** ＝ `diff_rows` 於**當次實跑**所報之**全量違規列**，其二端為
      `verify/baselines` ↔ **記憶體側 `got_rows`**。
      ⇒ 🔴 **二數之框相異**（側烤 vs 原始比對·檔集亦異）——本窗⛔ 側烤（`GB-162` 禁 `WV_BAKE`）⇒ **結構上⛔ 復現 `1137` 之框**。

   🟢 `(ii)` **未涵蓋 ＝ 0 格** ⇒ **全量違規列皆已為現行紅項所涵蓋**

   ── 判別力（款 `3`：證該歸因法**⛔ 恆歸一類**）──
      造甲［已知必屬 `(i)` 之 `label`］＝ `v3·G值0m` ⇒ 歸 `(i)` ✅
      造乙［人造之 `label`（**執行期組出**·字面⛔ 出艙）］⇒ 命中名目 0 個 ⇒ 歸 🔴 `(ii)` ✅
      ⇒ **器非紅**（二造異類 ⇒ 本歸因法⛔ 恆歸一類）✅

──────────────────────────────────────────────────────────────────────────────────────────────────────────────────────
【三】條件 `(c)` 所需之物：**重烤之受詞集**（⛔ 本批辦·只出艙其各需何物）
──────────────────────────────────────────────────────────────────────────────────────────────────────────────────────
   🔒 **重烤之受詞集 ＝ `diff_rows` 實際比較之 baseline 檔**（正面列舉·⛔ 全倉排除式）
      ＝ **23** 支（⛔ `verify/baselines` 之 `.csv` 全集）：
      - verify/baselines/W-D.1.2 診斷_退縮0m.csv
      - verify/baselines/W-D.1.2 診斷_退縮3.5m.csv
      - verify/baselines/W-D.1.3-d 驗收_退縮3.5m.csv
      - verify/baselines/v3/G 值計算結果_退縮0m.csv
      - verify/baselines/v3/G 值計算結果_退縮3.5m.csv
      - verify/baselines/v3/W-D.1.2 診斷_退縮0m.csv
      - verify/baselines/v3/W-D.1.2 診斷_退縮3.5m.csv
      - verify/baselines/v3/W-D.2 §3 滑池槽診斷_退縮0m.csv
      - verify/baselines/v3/W-D.2 §3 滑池槽診斷_退縮3.5m.csv
      - verify/baselines/v3/W-D.4_四梯分級清單_退縮0m.csv
      - verify/baselines/v3/W-D.4_四梯分級清單_退縮3.5m.csv
      - verify/baselines/v3/W-D.4_碎片遞補對照_退縮0m.csv
      - verify/baselines/v3/W-D.4_碎片遞補對照_退縮3.5m.csv
      - verify/baselines/v3/W-D.4_跨占分配線_退縮0m.csv
      - verify/baselines/v3/W-D.4_跨占分配線_退縮3.5m.csv
      - verify/baselines/v3/wd3_fragment_edges.csv
      - verify/baselines/v3/wd3_fragment_geom.csv
      - verify/baselines/v3/逐槽 J 表_退縮0m.csv
      - verify/baselines/v3/逐槽 J 表_退縮3.5m.csv
      - verify/baselines/第 1 宗街角地指配結果_退縮0m.csv
      - verify/baselines/第 1 宗街角地指配結果_退縮3.5m.csv
      - verify/baselines/退縮0m參數.csv
      - verify/baselines/退縮3.5m參數.csv

   🛑 **不可逆性之處置之候選形**（⛔ 本批擇一·候發單側）：
      `甲` 先行凍存現行 `verify/baselines` 全樹至具名之凍存目錄（倉內既有此體例：`verify/baselines/PRE-S0b_S0c_幾何漏歸零_凍存/`）再覆寫；
      `乙` 側支凍存（體例 ＝ `verify/W-G.9-269-p3a`·**⛔ 併線**）；
      `丙` 側烤至 `verify/out/<具名目錄>/` 後**只對拍不覆寫**（＝ `GB-162` 之現行狀態）。
      🔒 三者之別在**凍存物之可達性**：`甲` 自主線可達／`乙` 須具名側支與 `commit`（坑 `k`／`x`）／`丙` 之產物屬 `.gitignore` 之族 ⇒ **自倉觀之無推導紀錄**（坑 `26` 款 `2`）。

──────────────────────────────────────────────────────────────────────────────────────────────────────────────────────
【四】`§四-2` 三戶表（**三項必載**：`估算性質`／時態錨／二式併陳）
──────────────────────────────────────────────────────────────────────────────────────────────────────────────────────
🛑 `GB-159` 之「⛔ 對外」**不受 `§四-2` 之更正影響**——下表**⛔ 對外**，僅得內部呈報。
🔒 其數**全自當次實跑**（`GB-162` 之禁⛔ 及於當次實跑·單 `§四-2` 逐字）

   ── 情境 `退縮 0m` ──
      🔒 **時態錨**：檔 `got_W-D.4_清單_退縮0m.csv`／`mtime 2026-09-12 15:31:29`／`6332` B（本窗當次實跑所寫）
      G011
         歸戶鍵Gxxx                  G011
         軌別                       建地軌
         梯次                       2
         增配a′(㎡)                  25.92
         差額地價(元)§52-1             1976296
         放棄改領(元)§53-2             6516134
         補償_本文式(元)§53-1           ⛔ 可得
         補償_但書式(元)                ⛔ 可得
         估算性質                     半實算(試分配·非正式)
      G025
         歸戶鍵Gxxx                  G025
         軌別                       建地軌
         梯次                       3
         增配a′(㎡)                  ⛔ 可得
         差額地價(元)§52-1             ⛔ 可得
         放棄改領(元)§53-2             ⛔ 可得
         補償_本文式(元)§53-1           30193
         補償_但書式(元)                16422
         估算性質                     半實算(試分配·非正式)
      G030
         歸戶鍵Gxxx                  G030
         軌別                       建地軌
         梯次                       3
         增配a′(㎡)                  ⛔ 可得
         差額地價(元)§52-1             ⛔ 可得
         放棄改領(元)§53-2             ⛔ 可得
         補償_本文式(元)§53-1           3381204
         補償_但書式(元)                1742230
         估算性質                     半實算(試分配·非正式)

   ── 情境 `退縮 3.5m` ──
      🔒 **時態錨**：檔 `got_W-D.4_清單_退縮3.5m.csv`／`mtime 2026-09-12 15:31:29`／`6417` B（本窗當次實跑所寫）
      G011
         歸戶鍵Gxxx                  G011
         軌別                       建地軌
         梯次                       2
         增配a′(㎡)                  21.15
         差額地價(元)§52-1             1612602
         放棄改領(元)§53-2             6861642
         補償_本文式(元)§53-1           ⛔ 可得
         補償_但書式(元)                ⛔ 可得
         估算性質                     半實算(試分配·非正式)
      G025
         歸戶鍵Gxxx                  G025
         軌別                       建地軌
         梯次                       3
         增配a′(㎡)                  ⛔ 可得
         差額地價(元)§52-1             ⛔ 可得
         放棄改領(元)§53-2             ⛔ 可得
         補償_本文式(元)§53-1           30193
         補償_但書式(元)                16422
         估算性質                     半實算(試分配·非正式)
      G030
         歸戶鍵Gxxx                  G030
         軌別                       建地軌
         梯次                       3
         增配a′(㎡)                  ⛔ 可得
         差額地價(元)§52-1             ⛔ 可得
         放棄改領(元)§53-2             ⛔ 可得
         補償_本文式(元)§53-1           6902853
         補償_但書式(元)                3657639
         估算性質                     半實算(試分配·非正式)

🛑 **二式併陳·⛔ 擇一**——`§53-1` 本文式 ⋀ 但書式**同時出艙**；
   其**適用式之裁屬 KL**；CC ⛔ 主張、發單側⛔ 自裁（單 `§四-2` 逐字）。
======================================================================================================================
