====================================================================================================================
【`W-G.9-269` 補令十 `§三-2`】`c2` 之三必答（`G011` 梯次／釋池會計／`3.5m` 不對稱）
====================================================================================================================
🔒 **態宣告二值並報**（`坑 m`·**以工作區之值為實**）
   `commit`                         ＝ 65e418ffb3f1d05bc8c3ce58e0d1f5808267e1d9
   `app.py` `rev-parse HEAD:app.py` ＝ 54bf0987595302af759652ccc352b2cd72765289
   `app.py` `hash-object`（**實**）  ＝ 4379108a4856714078c410ff4e6291ecfdf6d2c1
   二值 🔴 **相異** ⇒ 須具名

── 必答 `1`：`G011` 之四梯分級（`wd4_tier_list.compute()` **當次實跑**·⛔ baseline）──────────────
  情境 `0m   ` 群數 **33**／梯次分布 {'0': 11, '1': 9, '—': 8, '2': 3, '3': 2}
    梯3 之群（對照組［必命中之已知成員］·期 `['G025', 'G030']`）＝ ['G025', 'G030'] ✅
    | `G011` | 軌別 `建地軌` | 宗數 `1` | `ΣG_戶 89.96 ㎡` | **梯次 `2`** | 對應v3級 `級1-4 增配(雙出口)` | 阻卻 `否` |
      宗清單 ＝ `628-42(2)`
      路徑標註 ＝ `級1-4 增配(雙出口)`
    | `G025` | 軌別 `建地軌` | 宗數 `1` | `ΣG_戶 0.26 ㎡` | **梯次 `3`** | 對應v3級 `現金補償(兩式)` | 阻卻 `否` |
      宗清單 ＝ `628-53(1)`
      路徑標註 ＝ `現金補償(兩式)`
    | `G030` | 軌別 `建地軌` | 宗數 `1` | `ΣG_戶 26.54 ㎡` | **梯次 `3`** | 對應v3級 `現金補償(兩式)` | 阻卻 `否` |
      宗清單 ＝ `628-27(2)`
      路徑標註 ＝ `現金補償(兩式)`
  情境 `3.5m ` 群數 **33**／梯次分布 {'0': 11, '1': 9, '—': 8, '2': 3, '3': 2}
    梯3 之群（對照組［必命中之已知成員］·期 `['G025', 'G030']`）＝ ['G025', 'G030'] ✅
    | `G011` | 軌別 `建地軌` | 宗數 `2` | `ΣG_戶 94.73 ㎡` | **梯次 `2`** | 對應v3級 `級1-4 增配(雙出口)` | 阻卻 `否` |
      宗清單 ＝ `628-42(1);628-42(2)`
      路徑標註 ＝ `級1-4 增配(雙出口)`
    | `G025` | 軌別 `建地軌` | 宗數 `1` | `ΣG_戶 0.26 ㎡` | **梯次 `3`** | 對應v3級 `現金補償(兩式)` | 阻卻 `否` |
      宗清單 ＝ `628-53(1)`
      路徑標註 ＝ `現金補償(兩式)`
    | `G030` | 軌別 `建地軌` | 宗數 `2` | `ΣG_戶 56.15 ㎡` | **梯次 `3`** | 對應v3級 `現金補償(兩式)` | 阻卻 `否` |
      宗清單 ＝ `628-27(1);628-27(2)`
      路徑標註 ＝ `現金補償(兩式)`
  對照組乙［人造哨兵·**執行期組出**·字面⛔ 出艙］⇒ 命中 `0`／期 `0` ✅
  ⇒ **器非紅** ✅

── 必答 `2`：釋池之會計（旗標 `off` ⋀ `on` 各量一次）──────────────────────────────────────────────
── **選擇器活體檢**（補令十四 `§三-2`·其後之判定皆旗標相依）────────────────────────────────────────
   🛑 **選擇器活體檢 loud 拒測**（``ns` 內⛔ 有 `k917_backfill_enabled` ⇒ 選擇器已不存在`）——可觀測量 ＝ `k917_should_drop` 之被呼叫次數
   其二種可能成因（逐字·⛔ 擇一而不具名另一）：
     `(a)` 受測之變更為 **no-op**；
     `(b)` **態之選擇機制已失效**（如旗標 `WG9269_K917_BACKFILL` 已被 `c3` 移除 ⇒ 遞補迴圈無條件執行）。
   ⛔ 判綠、⛔ 靜默續跑。
   🛑 **選擇器活體檢 loud 拒測**（`二態之計數**逐位相同**：off ＝ 182 ／ on ＝ 182`）——可觀測量 ＝ `k917_should_drop` 之被呼叫次數
   其二種可能成因（逐字·⛔ 擇一而不具名另一）：
     `(a)` 受測之變更為 **no-op**；
     `(b)` **態之選擇機制已失效**（如旗標 `WG9269_K917_BACKFILL` 已被 `c3` 移除 ⇒ 遞補迴圈無條件執行）。
   ⛔ 判綠、⛔ 靜默續跑。
🛑 ⇒ **loud 拒測**（⛔ 判綠、⛔ 靜默續跑）
