
====================================================================================================================================
## `§C`　款 `3`：四態框（**靜態**·⛔ 充執行期實查）
====================================================================================================================================
   | 消費端 | `(i)` scope | `(ii)` `t.body` 頂層全域 | **注入通道之名** | **`_corner_buffer_S` 之取式逐字** | **判** | 執行期實查 |
   |---|---|---|---|---|---|---|
   | `app.py` `main` | False | True | `—` | `_corner_buffer_S（**直呼**·模組全域）` | 🟡 `(ii)` 模組頂層全域 | 🟡 **本批⛔ 可執行期實查**（該端於本 harness 路徑未被執行） |
   | `verify/stepg_pipeline.py` `_run_step_g_impl` | False | False | `ns` | `_corner_buffer_S（**直呼**·模組全域）／ns['_corner_buffer_S']` | 🟢 **`(iv)` 經既有注入通道** | ✅ 已實查（`§A`：`in ns` ＝ `True`） |
   | `verify/wf_f1.py` `compute` | False | False | `ns` | `ns['_corner_buffer_S']` | 🟢 **`(iv)` 經既有注入通道** | 🟡 **本批⛔ 可執行期實查**（該端於本 harness 路徑未被執行） |
   | `verify/wf_f4.py` `_reshape_block` | False | False | `ns` | `ns['_corner_buffer_S']` | 🟢 **`(iv)` 經既有注入通道** | 🟡 **本批⛔ 可執行期實查**（該端於本 harness 路徑未被執行） |
   🔑 **判別力二造**：[必真] `_first_corner_alloc_dir` 於 `app.py` 頂層全域 ＝ **True**／[必偽] 一人造名（執行期組出·字面⛔ 出艙）＝ **False** ⇒ ✅ 器非紅


====================================================================================================================================
## `§A`（`SB = 0.0`）　款 `1`–`4`：`ns` 通道之**實查**（🛑 執行期 `in` 比對·⛔ 靜態推定）
====================================================================================================================================
   🔒 `harvest()` 所回傳之 `ns`：`type` ＝ `dict`／`len(ns)` ＝ **`285`**／`id` ＝ `0x18629e4ad00`

   | `forced` 消費端（**執行期實查**） | 上溯所得之 `ns` 之出處 | `len(ns)` | `is` `harvest()` 之物件 | `'_first_corner_alloc_dir' in ns` | 對照組[必真] `'_corner_buffer_S' in ns` | 對照組[必偽] 人造名 |
   |---|---|---|---|---|---|---|
   | `R4`／`left` | `_run_step_g_impl@stepg_pipeline.py:659` | `285` | **True** | **True** | True | False |

   🔒 **閘 `(iv)` 之執行次數 ＝ 1**（⛔ 以 `rc = 0` 充其已跑）

====================================================================================================================================
## `§B`（`SB = 0.0`）　款 `5`–`9`：殘差之**成因**（`tol`）
====================================================================================================================================
   `run_step_g` 之終局 ＝ （未拋）｜`corner_range_polys` 鍵 ＝ 8 個
   `forced` 格 ＝ **1**（R4/left）

────────────────────────────────────────────────────────────────────────────────────────────────────────────────────────────────────
### `R4`／`left`＠`SB = 0.0`
  **閘 `(i)`**（第 `1` 次執行）`|S1_par·sinθ − S1_perp|` ＝ `0.0` ⇒ ✅
  **款 `5`**　`tol` 之當場值 ＝ `0.01`（**⛔ 被呼叫端覆寫**·四消費端之呼叫式皆未傳 `tol`）
      `bisect` 之收斂實況（包裹所錄之區域值）：`b_lo` ＝ `4.4997522400383705`／`b_hi` ＝ `4.49975224003907`／`b_hi − b_lo` ＝ `6.998845947236987e-13`／`_resid`（＝ `|band − range|`）＝ `4.508891038312868e-09`
  **閘 `(ii)`**（第 `1` 次執行）帶之重建：面積 `116.08000000450889`／`range_area` `116.08`／`|Δ|` `4.508891038312868e-09` ⇒ ✅
  **閘 `(iii)`**（第 `1` 次執行）`W_0` 之重建 vs 包裹所錄：錄 1 筆·最小差 `0.0` ⇒ ✅ 逐位相同
  **款 `6`**　帶之**跨距**（沿切向 `rot90(_first_corner_alloc_dir)`）＝ `33.266276786103845` m；由 `tol` 導出之**起算殘差之界** ＝ `tol ÷ 跨距` ＝ `0.01 ÷ 33.266276786103845` ＝ **`0.00030060472544908454`** m
  **款 `8`**　【設計驗算·⛔ 實測】 逐 `tol` 之複算
      | `tol` | `buf′` | 帶面積 | **對稱差** | `甲∖乙` | `乙∖甲` | `\|W_0′ − S1_perp\|` |
      |---|---|---|---|---|---|---|
      | `0.01`（＝當場值） | `3.7114402919876444` | `116.07999999647107` | **`0.000502592537319901`** | `0.000502592537319901` | `0.0` | `1.5293140231076308e-05` |
      | `0.0001` | `3.7114402919876444` | `116.07999999647107` | **`0.000502592537319901`** | `0.000502592537319901` | `0.0` | `1.5293140231076308e-05` |
      | `1e-06` | `3.7114402919876444` | `116.07999999647107` | **`0.000502592537319901`** | `0.000502592537319901` | `0.0` | `1.5293140231076308e-05` |
      | `1e-08` | `3.7114402919876444` | `116.07999999647107` | **`0.000502592537319901`** | `0.000502592537319901` | `0.0` | `1.5293140231076308e-05` |
  **款 `7`**　實測與 `tol` 之並列
      對稱差（路丙·`tol` ＝ 當場值）＝ `0.000502592537319901` ㎡／`tol` ＝ `0.01` ㎡ ⇒ **比值** ＝ `0.0502592537319901`
      `|W_0′ − S1_perp|` ＝ `1.5293140231076308e-05` m／款 `6` 之界 ＝ `0.00030060472544908454` m ⇒ **比值** ＝ `0.050874583585568456`
      判別力：現行 `buf` 之對稱差 ＝ `13.055879754480518`（[必非零]）／規定範圍與自身 ＝ `0.0`（[必為零]）


====================================================================================================================================
## `§A`（`SB = 3.5`）　款 `1`–`4`：`ns` 通道之**實查**（🛑 執行期 `in` 比對·⛔ 靜態推定）
====================================================================================================================================
   🔒 `harvest()` 所回傳之 `ns`：`type` ＝ `dict`／`len(ns)` ＝ **`285`**／`id` ＝ `0x18661233380`

   | `forced` 消費端（**執行期實查**） | 上溯所得之 `ns` 之出處 | `len(ns)` | `is` `harvest()` 之物件 | `'_first_corner_alloc_dir' in ns` | 對照組[必真] `'_corner_buffer_S' in ns` | 對照組[必偽] 人造名 |
   |---|---|---|---|---|---|---|
   | `R2`／`left` | `_run_step_g_impl@stepg_pipeline.py:659` | `285` | **True** | **True** | True | False |
   | `R4`／`left` | `_run_step_g_impl@stepg_pipeline.py:659` | `285` | **True** | **True** | True | False |

   🔒 **閘 `(iv)` 之執行次數 ＝ 3**（⛔ 以 `rc = 0` 充其已跑）

====================================================================================================================================
## `§B`（`SB = 3.5`）　款 `5`–`9`：殘差之**成因**（`tol`）
====================================================================================================================================
   `run_step_g` 之終局 ＝ （未拋）｜`corner_range_polys` 鍵 ＝ 8 個
   `forced` 格 ＝ **2**（R2/left、R4/left）

────────────────────────────────────────────────────────────────────────────────────────────────────────────────────────────────────
### `R2`／`left`＠`SB = 3.5`
  **閘 `(i)`**（第 `2` 次執行）`|S1_par·sinθ − S1_perp|` ＝ `0.0` ⇒ ✅
  **款 `5`**　`tol` 之當場值 ＝ `0.01`（**⛔ 被呼叫端覆寫**·四消費端之呼叫式皆未傳 `tol`）
      `bisect` 之收斂實況（包裹所錄之區域值）：`b_lo` ＝ `8.696079893775783`／`b_hi` ＝ `8.696079893776492`／`b_hi − b_lo` ＝ `7.087663789206999e-13`／`_resid`（＝ `|band − range|`）＝ `3.2185312193178106e-09`
  **閘 `(ii)`**（第 `2` 次執行）帶之重建：面積 `308.1699999967815`／`range_area` `308.17`／`|Δ|` `3.2185312193178106e-09` ⇒ ✅
  **閘 `(iii)`**（第 `2` 次執行）`W_0` 之重建 vs 包裹所錄：錄 2 筆·最小差 `0.0` ⇒ ✅ 逐位相同
  **款 `6`**　帶之**跨距**（沿切向 `rot90(_first_corner_alloc_dir)`）＝ `44.93777987966314` m；由 `tol` 導出之**起算殘差之界** ＝ `tol ÷ 跨距` ＝ `0.01 ÷ 44.93777987966314` ＝ **`0.00022252990750274158`** m
  **款 `8`**　【設計驗算·⛔ 實測】 逐 `tol` 之複算
      | `tol` | `buf′` | 帶面積 | **對稱差** | `甲∖乙` | `乙∖甲` | `\|W_0′ − S1_perp\|` |
      |---|---|---|---|---|---|---|
      | `0.01`（＝當場值） | `7.000183533577529` | `308.1700000040576` | **`0.004600271176178517`** | `0.004600270698404074` | `4.777744422150305e-10` | `0.00010248624639075388` |
      | `0.0001` | `7.000183533577529` | `308.1700000040576` | **`0.004600271176178517`** | `0.004600270698404074` | `4.777744422150305e-10` | `0.00010248624639075388` |
      | `1e-06` | `7.000183533577529` | `308.1700000040576` | **`0.004600271176178517`** | `0.004600270698404074` | `4.777744422150305e-10` | `0.00010248624639075388` |
      | `1e-08` | `7.000183533577529` | `308.1700000040576` | **`0.004600271176178517`** | `0.004600270698404074` | `4.777744422150305e-10` | `0.00010248624639075388` |
  **款 `7`**　實測與 `tol` 之並列
      對稱差（路丙·`tol` ＝ 當場值）＝ `0.004600271176178517` ㎡／`tol` ＝ `0.01` ㎡ ⇒ **比值** ＝ `0.46002711761785164`
      `|W_0′ − S1_perp|` ＝ `0.00010248624639075388` m／款 `6` 之界 ＝ `0.00022252990750274158` m ⇒ **比值** ＝ `0.46055043810006185`
      判別力：現行 `buf` 之對稱差 ＝ `38.06818855324997`（[必非零]）／規定範圍與自身 ＝ `0.0`（[必為零]）

────────────────────────────────────────────────────────────────────────────────────────────────────────────────────────────────────
### `R4`／`left`＠`SB = 3.5`
  **閘 `(i)`**（第 `3` 次執行）`|S1_par·sinθ − S1_perp|` ＝ `0.0` ⇒ ✅
  **款 `5`**　`tol` 之當場值 ＝ `0.01`（**⛔ 被呼叫端覆寫**·四消費端之呼叫式皆未傳 `tol`）
      `bisect` 之收斂實況（包裹所錄之區域值）：`b_lo` ＝ `7.8185635189086575`／`b_hi` ＝ `7.818563518909357`／`b_hi − b_lo` ＝ `6.998845947236987e-13`／`_resid`（＝ `|band − range|`）＝ `9.360974217997864e-10`
  **閘 `(ii)`**（第 `3` 次執行）帶之重建：面積 `226.0099999990639`／`range_area` `226.01`／`|Δ|` `9.360974217997864e-10` ⇒ ✅
  **閘 `(iii)`**（第 `3` 次執行）`W_0` 之重建 vs 包裹所錄：錄 1 筆·最小差 `0.0` ⇒ ✅ 逐位相同
  **款 `6`**　帶之**跨距**（沿切向 `rot90(_first_corner_alloc_dir)`）＝ `33.57250747643411` m；由 `tol` 導出之**起算殘差之界** ＝ `tol ÷ 跨距` ＝ `0.01 ÷ 33.57250747643411` ＝ **`0.0002978627678322628`** m
  **款 `8`**　【設計驗算·⛔ 實測】 逐 `tol` 之複算
      | `tol` | `buf′` | 帶面積 | **對稱差** | `甲∖乙` | `乙∖甲` | `\|W_0′ − S1_perp\|` |
      |---|---|---|---|---|---|---|
      | `0.01`（＝當場值） | `7.030272552440337` | `226.0100000010422` | **`0.003564108301354407`** | `0.003564108231212022` | `7.014238515912815e-11` | `0.00010714144877077558` |
      | `0.0001` | `7.030272552440337` | `226.0100000010422` | **`0.003564108301354407`** | `0.003564108231212022` | `7.014238515912815e-11` | `0.00010714144877077558` |
      | `1e-06` | `7.030272552440337` | `226.0100000010422` | **`0.003564108301354407`** | `0.003564108231212022` | `7.014238515912815e-11` | `0.00010714144877077558` |
      | `1e-08` | `7.030272552440337` | `226.0100000010422` | **`0.003564108301354407`** | `0.003564108231212022` | `7.014238515912815e-11` | `0.00010714144877077558` |
  **款 `7`**　實測與 `tol` 之並列
      對稱差（路丙·`tol` ＝ 當場值）＝ `0.003564108301354407` ㎡／`tol` ＝ `0.01` ㎡ ⇒ **比值** ＝ `0.35641083013544067`
      `|W_0′ − S1_perp|` ＝ `0.00010714144877077558` m／款 `6` 之界 ＝ `0.0002978627678322628` m ⇒ **比值** ＝ `0.3597007089892845`
      判別力：現行 `buf` 之對稱差 ＝ `13.05518976183967`（[必非零]）／規定範圍與自身 ＝ `0.0`（[必為零]）

====================================================================================================================================
## 款 `9`　判別力三造之判
====================================================================================================================================
   | 造 | 判準 | 實測 | 判 |
   |---|---|---|---|
   | [必相異] | `tol = 0.01` 與 `tol = 1e-8` 之對稱差須**相異**（證款 `8` 非恆值） | R4/left@0.0: 0.000502592537319901 vs 0.000502592537319901 ⇒ False／R2/left@3.5: 0.004600271176178517 vs 0.004600271176178517 ⇒ False／R4/left@3.5: 0.003564108301354407 vs 0.003564108301354407 ⇒ False | 🔴 |
   | [必非零] | 現行 `buf` 之對稱差須 `> 0` | 13.055879754480518／38.06818855324997／13.05518976183967 | ✅ |
   | [必為零] | 規定範圍與其自身之對稱差 ＝ `0` | 0.0／0.0／0.0 | ✅ |
🔴 判別力三造**未全數成立** ⇒ 依單 `§三-2` 款 `9`：**判器紅、停、上呈**

====================================================================================================================================
## 🔒 自我驗證閘之**執行次數**（`§零` 附款 `(a)`·⛔ 以 `rc = 0` 充其已跑）
====================================================================================================================================
   閘 `(i)` ⇒ **3** 次
   閘 `(ii)` ⇒ **3** 次
   閘 `(iii)` ⇒ **3** 次
   閘 `(iv)` ⇒ **3** 次

🛑 **出艙即止**：⛔ 判殘差之成因是否即 `tol`、⛔ 判路丙成立與否、⛔ 訂任何取代之準據界、
   ⛔ 擬路丁、⛔ 改碼一字、⛔ 開分支、⛔ 動用 KL 之放行、⛔ 鑄 `GB`、⛔ 解除或收窄 `GB-170`、⛔ 呈 KL。
====================================================================================================================================
