====================================================================================================================================
【`W-G.9-281` `§三`／`§四`】`W_0` 之**加性分解**與**產生鏈**（**純量測**·⛔ 替身·⛔ 反事實）
====================================================================================================================================
🛑 **⛔ 判任何側是否違反 `K-9-5-12`、⛔ 判碼註為誤、⛔ 提修法主張**——出艙即止。
🔒 零判之具名常數：|x| <= TOL0 ⇒ 判為零（TOL0 = 1e-12）

────────────────────────────────────────────────────────────────────────────────────────────────────────────────────────────────────
【自我驗證闘】框內省所錄之 `blk_label`＋包裹器之錯誤計數（⛔ 不過即 loud 拒測）
────────────────────────────────────────────────────────────────────────────────────────────────────────────────────────────────────
   · `0m` 態乙｜`solve_G_binary` 呼叫 110 次（`run_step_g` 段 44）｜鏈頭所錄之 `blk` = ['R1', 'R2', 'R4']｜包裹器錯誤 0 ⇒ ✅
   · `0m` 態甲｜`solve_G_binary` 呼叫 149 次（`run_step_g` 段 97）｜鏈頭所錄之 `blk` = ['R1', 'R2', 'R3', 'R4', 'R5', 'R6']｜包裹器錯誤 0 ⇒ ✅
   · `3.5m` 態乙｜`solve_G_binary` 呼叫 110 次（`run_step_g` 段 44）｜鏈頭所錄之 `blk` = ['R1', 'R4']｜包裹器錯誤 0 ⇒ ✅
   · `3.5m` 態甲｜`solve_G_binary` 呼叫 149 次（`run_step_g` 段 97）｜鏈頭所錄之 `blk` = ['R1', 'R3', 'R4', 'R5', 'R6']｜包裹器錯誤 0 ⇒ ✅
   [判別力必非零] 四態合計呼叫次數 = 518（期 > 0 ⇒ 包裹確實生效） ⇒ ✅
   ⇒ **器非紅** ✅

────────────────────────────────────────────────────────────────────────────────────────────────────────────────────────────────────
【情形甲／乙】源 = `run_corner_pk` 之第三回傳 `_off` 之 `指配` 欄（乙 = 強制抵費地）
────────────────────────────────────────────────────────────────────────────────────────────────────────────────────────────────────
   · `0m` 態乙 ⇒ `_off` 0 列｜乙之格 = （無）
   · `0m` 態甲 ⇒ `_off` 1 列｜乙之格 = [('R4', 'left')]
     - {'街廓': 'R4', '端': '左', '抵費地面積＝range(㎡)': '116.08', '指配': '強制抵費地'}
   · `3.5m` 態乙 ⇒ `_off` 3 列｜乙之格 = [('R2', 'left'), ('R3', 'right'), ('R5', 'left')]
     - {'街廓': 'R5', '端': '左', '抵費地面積＝range(㎡)': '299.73', '指配': '強制抵費地'}
     - {'街廓': 'R2', '端': '左', '抵費地面積＝range(㎡)': '308.17', '指配': '強制抵費地'}
     - {'街廓': 'R3', '端': '右', '抵費地面積＝range(㎡)': '307.79', '指配': '強制抵費地'}
   · `3.5m` 態甲 ⇒ `_off` 2 列｜乙之格 = [('R2', 'left'), ('R4', 'left')]
     - {'街廓': 'R4', '端': '左', '抵費地面積＝range(㎡)': '226.01', '指配': '強制抵費地'}
     - {'街廓': 'R2', '端': '左', '抵費地面積＝range(㎡)': '308.17', '指配': '強制抵費地'}
   [判別力必命中] 四態之乙格合計 = 6｜`_off` 列合計 = 6　⇒ ✅

════════════════════════════════════════════════════════════════════════════════════════════════════════════════════════════════════
【`§三-2`】全母體 = 6 街廓 × 2 側 × 2 情境 × 2 態 = **48** 列（鏈頭格）；有值者逐列
════════════════════════════════════════════════════════════════════════════════════════════════════════════════════════════════════
   母體之列數 = 48（期 48）｜**有值格** = 22　🛑 本批於現母體重量·⛔ 轉引前批之 `22`

┌───────────────────────────────────────────────────────────────────────────────────────────────────────────────────────────────────
│ `0m` 態乙　**R1 / left**　暫編地號 = 628-37(1)　情形 = 甲
│   參數本身：baseline_pt = [310451.56699, 2652010.42816]　side_mid = [310440.33466000005, 2651998.173705]
│   參數本身：allocation_dir = [-0.737181719516621, 0.6756945407582613]　d_hat = [0.6873759189438299, -0.7263018284818822]
│   外層（供對照）：allocation_dir_block = [-0.7437266267097206, 0.6684838851632701]　corner_pt = [310451.56699, 2652010.42816]　end_pt = None
│   â = [0.7371817195166211, -0.6756945407582614]　d̂·â = 0.997479142329281
│   cum_S：left = 0.0　right = 0.0　actual_max_proj = None
│   **W_0** = -2.1456614263115625e-11　**R(W_0)** = 0.0
│   [錨甲 corner_pt] T_corner = -2.1456614263115625e-11　T_adv = 0.0　恆等檢差 = 0.0
│   [錨乙 呼叫端之錨] T_corner = -2.1456614263115625e-11　T_adv = 0.0　恆等檢差 = 0.0
│   is_corner = True　is_chain_head = True　W_prev = 0.0　side_label = '左側'　_fo = False
│   碼面回傳：W_rw_start_raw = -2.1456614263115625e-11　W_near（2dp） = -0.0
┌───────────────────────────────────────────────────────────────────────────────────────────────────────────────────────────────────
│ `0m` 態乙　**R1 / right**　暫編地號 = 628(5)　情形 = 甲
│   參數本身：baseline_pt = [310511.86051459576, 2651946.720229663]　side_mid = [310500.613655, 2651934.5074899998]
│   參數本身：allocation_dir = [-0.7517325397029704, 0.6594681104888407]　d_hat = [-0.6873759189438299, 0.7263018284818822]
│   外層（供對照）：allocation_dir_block = [-0.7437266267097206, 0.6684838851632701]　corner_pt = [310451.56699, 2652010.42816]　end_pt = [310511.86051459576, 2651946.720229663]
│   â = [-0.7517325397029705, 0.6594681104888408]　d̂·â = 0.9956957397518454
│   cum_S：left = 24.41045169546754　right = 0.0　actual_max_proj = 87.71550316799149
│   **W_0** = -0.40071797802292153　**R(W_0)** = 0.0
│   [錨甲 corner_pt] T_corner = 86.93723483658138　T_adv = -87.33795281460431　恆等檢差 = 3.552713678800501e-15
│   [錨乙 呼叫端之錨] T_corner = -0.40071797802292153　T_adv = 0.0　恆等檢差 = 0.0
│   is_corner = True　is_chain_head = True　W_prev = 0.0　side_label = '右側'　_fo = False
│   碼面回傳：W_rw_start_raw = -0.40071797802292153　W_near（2dp） = -0.4
┌───────────────────────────────────────────────────────────────────────────────────────────────────────────────────────────────────
│ `0m` 態乙　**R2 / left**　暫編地號 = 628-41(1)　情形 = 甲
│   參數本身：baseline_pt = [310361.51526, 2651912.18005]　side_mid = [310378.15828, 2651897.072295]
│   參數本身：allocation_dir = [-0.6721303204856223, -0.7404328681817782]　d_hat = [0.6756855318673246, 0.7371899768887057]
│   外層（供對照）：allocation_dir_block = [0.7260188428756796, 0.6876748067142342]　corner_pt = [310361.51526, 2651912.18005]　end_pt = None
│   â = [0.6721303204856224, 0.7404328681817783]　d̂·â = 0.9999884220640465
│   cum_S：left = 0.0　right = 0.0　actual_max_proj = None
│   **W_0** = 1.9195844913610927e-10　**R(W_0)** = 3.340077014968301e-09
│   [錨甲 corner_pt] T_corner = 1.9195844913610927e-10　T_adv = 0.0　恆等檢差 = 0.0
│   [錨乙 呼叫端之錨] T_corner = 1.9195844913610927e-10　T_adv = 0.0　恆等檢差 = 0.0
│   is_corner = True　is_chain_head = True　W_prev = 0.0　side_label = '左側'　_fo = False
│   碼面回傳：W_rw_start_raw = 1.9195844913610927e-10　W_near（2dp） = 0.0
┌───────────────────────────────────────────────────────────────────────────────────────────────────────────────────────────────────
│ `0m` 態乙　**R4 / left**　暫編地號 = 628(1)　情形 = 甲
│   參數本身：baseline_pt = [310517.10709, 2651941.1775]　side_mid = [310506.137745, 2651928.673455]
│   參數本身：allocation_dir = [-0.7517327519688664, 0.6594678685253096]　d_hat = [0.6874818007775385, -0.7262016067179091]
│   外層（供對照）：allocation_dir_block = [0.7196670499348666, -0.694319333763684]　corner_pt = [310517.10709, 2651941.1775]　end_pt = None
│   â = [0.7517327519688664, -0.6594678685253096]　d̂·â = 0.9957092117289257
│   cum_S：left = 0.0　right = 0.0　actual_max_proj = None
│   **W_0** = -1.5354473248407885e-10　**R(W_0)** = 0.0
│   [錨甲 corner_pt] T_corner = -1.5354473248407885e-10　T_adv = 0.0　恆等檢差 = 0.0
│   [錨乙 呼叫端之錨] T_corner = -1.5354473248407885e-10　T_adv = 0.0　恆等檢差 = 0.0
│   is_corner = True　is_chain_head = True　W_prev = 0.0　side_label = '左側'　_fo = False
│   碼面回傳：W_rw_start_raw = -1.5354473248407885e-10　W_near（2dp） = -0.0
┌───────────────────────────────────────────────────────────────────────────────────────────────────────────────────────────────────
│ `0m` 態乙　**R4 / right**　暫編地號 = 628-1(1)　情形 = 甲
│   參數本身：baseline_pt = [310584.97277032473, 2651869.489542534]　side_mid = [310573.02246500005, 2651858.0401999997]
│   參數本身：allocation_dir = [-0.6840255720972312, 0.7294580294417599]　d_hat = [-0.6874818007775385, 0.7262016067179091]
│   外層（供對照）：allocation_dir_block = [0.7196670499348666, -0.694319333763684]　corner_pt = [310517.10709, 2651941.1775]　end_pt = [310584.97277032473, 2651869.489542534]
│   â = [-0.6840255720972314, 0.72945802944176]　d̂·â = 0.9999887250971766
│   cum_S：left = 47.7107436831789　right = 0.0　actual_max_proj = 98.71633001483886
│   **W_0** = 0.17750040709932335　**R(W_0)** = 3.088507083528226
│   [錨甲 corner_pt] T_corner = 98.89271740492607　T_adv = -98.71521699782676　恆等檢差 = 7.105427357601002e-15
│   [錨乙 呼叫端之錨] T_corner = 0.17750040709932335　T_adv = 0.0　恆等檢差 = 0.0
│   is_corner = True　is_chain_head = True　W_prev = 0.0　side_label = '右側'　_fo = False
│   碼面回傳：W_rw_start_raw = 0.17750040709932335　W_near（2dp） = 0.18
┌───────────────────────────────────────────────────────────────────────────────────────────────────────────────────────────────────
│ `0m` 態甲　**R1 / left**　暫編地號 = 628-37(1)　情形 = 甲
│   參數本身：baseline_pt = [310451.56699, 2652010.42816]　side_mid = [310440.33466000005, 2651998.173705]
│   參數本身：allocation_dir = [-0.737181719516621, 0.6756945407582613]　d_hat = [0.6873759189438299, -0.7263018284818822]
│   外層（供對照）：allocation_dir_block = [-0.7437266267097206, 0.6684838851632701]　corner_pt = [310451.56699, 2652010.42816]　end_pt = None
│   â = [0.7371817195166211, -0.6756945407582614]　d̂·â = 0.997479142329281
│   cum_S：left = 0.0　right = 0.0　actual_max_proj = None
│   **W_0** = -2.1456614263115625e-11　**R(W_0)** = 0.0
│   [錨甲 corner_pt] T_corner = -2.1456614263115625e-11　T_adv = 0.0　恆等檢差 = 0.0
│   [錨乙 呼叫端之錨] T_corner = -2.1456614263115625e-11　T_adv = 0.0　恆等檢差 = 0.0
│   is_corner = True　is_chain_head = True　W_prev = 0.0　side_label = '左側'　_fo = False
│   碼面回傳：W_rw_start_raw = -2.1456614263115625e-11　W_near（2dp） = -0.0
┌───────────────────────────────────────────────────────────────────────────────────────────────────────────────────────────────────
│ `0m` 態甲　**R1 / right**　暫編地號 = 628(5)　情形 = 甲
│   參數本身：baseline_pt = [310511.86051459576, 2651946.720229663]　side_mid = [310500.613655, 2651934.5074899998]
│   參數本身：allocation_dir = [-0.7517325397029704, 0.6594681104888407]　d_hat = [-0.6873759189438299, 0.7263018284818822]
│   外層（供對照）：allocation_dir_block = [-0.7437266267097206, 0.6684838851632701]　corner_pt = [310451.56699, 2652010.42816]　end_pt = [310511.86051459576, 2651946.720229663]
│   â = [-0.7517325397029705, 0.6594681104888408]　d̂·â = 0.9956957397518454
│   cum_S：left = 24.41045169546754　right = 0.0　actual_max_proj = 87.71550316799149
│   **W_0** = -0.40071797802292153　**R(W_0)** = 0.0
│   [錨甲 corner_pt] T_corner = 86.93723483658138　T_adv = -87.33795281460431　恆等檢差 = 3.552713678800501e-15
│   [錨乙 呼叫端之錨] T_corner = -0.40071797802292153　T_adv = 0.0　恆等檢差 = 0.0
│   is_corner = True　is_chain_head = True　W_prev = 0.0　side_label = '右側'　_fo = False
│   碼面回傳：W_rw_start_raw = -0.40071797802292153　W_near（2dp） = -0.4
┌───────────────────────────────────────────────────────────────────────────────────────────────────────────────────────────────────
│ `0m` 態甲　**R2 / left**　暫編地號 = 628-41(1)　情形 = 甲
│   參數本身：baseline_pt = [310361.51526, 2651912.18005]　side_mid = [310378.15828, 2651897.072295]
│   參數本身：allocation_dir = [-0.6721303204856223, -0.7404328681817782]　d_hat = [0.6756855318673246, 0.7371899768887057]
│   外層（供對照）：allocation_dir_block = [0.7260188428756796, 0.6876748067142342]　corner_pt = [310361.51526, 2651912.18005]　end_pt = None
│   â = [0.6721303204856224, 0.7404328681817783]　d̂·â = 0.9999884220640465
│   cum_S：left = 0.0　right = 0.0　actual_max_proj = None
│   **W_0** = 1.9195844913610927e-10　**R(W_0)** = 3.340077014968301e-09
│   [錨甲 corner_pt] T_corner = 1.9195844913610927e-10　T_adv = 0.0　恆等檢差 = 0.0
│   [錨乙 呼叫端之錨] T_corner = 1.9195844913610927e-10　T_adv = 0.0　恆等檢差 = 0.0
│   is_corner = True　is_chain_head = True　W_prev = 0.0　side_label = '左側'　_fo = False
│   碼面回傳：W_rw_start_raw = 1.9195844913610927e-10　W_near（2dp） = 0.0
┌───────────────────────────────────────────────────────────────────────────────────────────────────────────────────────────────────
│ `0m` 態甲　**R3 / right**　暫編地號 = 628-30(3)+　情形 = 甲
│   參數本身：baseline_pt = [310425.8048117402, 2651849.232317213]　side_mid = [310411.423525, 2651866.8756600004]
│   參數本身：allocation_dir = [0.6721303626889327, 0.7404328298715852]　d_hat = [0.6594679914151125, 0.7517326441620831]
│   外層（供對照）：allocation_dir_block = [0.7260187095613652, 0.6876749474619896]　corner_pt = [310489.64343, 2651922.00245]　end_pt = [310425.8048117402, 2651849.232317213]
│   â = [0.6721303626889327, 0.7404328298715852]　d̂·â = 0.9998559892753622
│   cum_S：left = 26.322685768520714　right = 0.0　actual_max_proj = 96.80320969460685
│   **W_0** = -3.397610755853746　**R(W_0)** = 0.0
│   [錨甲 corner_pt] T_corner = 93.39165823833241　T_adv = -96.78926899418616　恆等檢差 = 1.7763568394002505e-15
│   [錨乙 呼叫端之錨] T_corner = -3.397610755853746　T_adv = 0.0　恆等檢差 = 0.0
│   is_corner = True　is_chain_head = True　W_prev = 0.0　side_label = '右側'　_fo = False
│   碼面回傳：W_rw_start_raw = -3.397610755853746　W_near（2dp） = -3.4
┌───────────────────────────────────────────────────────────────────────────────────────────────────────────────────────────────────
│ `0m` 態甲　**R4 / left**　暫編地號 = 628(1)+　情形 = 乙（forced）
│   參數本身：baseline_pt = [310520.20058777306, 2651937.9097726936]　side_mid = [310506.137745, 2651928.673455]
│   參數本身：allocation_dir = [-0.7517327519688664, 0.6594678685253096]　d_hat = [0.6874818007775385, -0.7262016067179091]
│   外層（供對照）：allocation_dir_block = [0.7196670499348666, -0.694319333763684]　corner_pt = [310517.10709, 2651941.1775]　end_pt = None
│   â = [0.7517327519688664, -0.6594678685253096]　d̂·â = 0.9957092117289257
│   cum_S：left = 4.49975224003872　right = 0.0　actual_max_proj = None
│   **W_0** = 4.4804447557822895　**R(W_0)** = 40.77875748585019
│   [錨甲 corner_pt] T_corner = -1.5354473248407885e-10　T_adv = 4.4804447559358325　恆等檢差 = 1.7763568394002505e-15
│   [錨乙 呼叫端之錨] T_corner = -1.5354473248407885e-10　T_adv = 4.4804447559358325　恆等檢差 = 1.7763568394002505e-15
│   is_corner = True　is_chain_head = True　W_prev = 0.0　side_label = '左側'　_fo = True
│   碼面回傳：W_rw_start_raw = 4.4804447557822895　W_near（2dp） = 4.48
┌───────────────────────────────────────────────────────────────────────────────────────────────────────────────────────────────────
│ `0m` 態甲　**R5 / left**　暫編地號 = 628-18(2)　情形 = 甲
│   參數本身：baseline_pt = [310433.97007, 2651846.40896]　side_mid = [310450.08577, 2651831.7798800003]
│   參數本身：allocation_dir = [-0.6721303564597121, -0.7404328355261808]　d_hat = [0.6594679799734829, 0.7517326541994128]
│   外層（供對照）：allocation_dir_block = [0.7260188263934941, 0.6876748241154488]　corner_pt = [310433.97007, 2651846.40896]　end_pt = None
│   â = [0.6721303564597122, 0.7404328355261809]　d̂·â = 0.9998559891598366
│   cum_S：left = 0.0　right = 0.0　actual_max_proj = None
│   **W_0** = -1.723936549069549e-10　**R(W_0)** = 0.0
│   [錨甲 corner_pt] T_corner = -1.723936549069549e-10　T_adv = 0.0　恆等檢差 = 0.0
│   [錨乙 呼叫端之錨] T_corner = -1.723936549069549e-10　T_adv = 0.0　恆等檢差 = 0.0
│   is_corner = True　is_chain_head = True　W_prev = 0.0　side_label = '左側'　_fo = False
│   碼面回傳：W_rw_start_raw = -1.723936549069549e-10　W_near（2dp） = -0.0
┌───────────────────────────────────────────────────────────────────────────────────────────────────────────────────────────────────
│ `0m` 態甲　**R6 / right**　暫編地號 = 628-18(1)　情形 = 甲
│   參數本身：baseline_pt = [310498.32255849463, 2651787.9927685885]　side_mid = [310482.262015, 2651802.571785]
│   參數本身：allocation_dir = [0.6721304103899353, 0.7404327865708388]　d_hat = [0.7294579099171348, 0.6840256995605686]
│   外層（供對照）：allocation_dir_block = [-0.6721304454989524, -0.7404327547005061]　corner_pt = [310560.95013, 2651846.71976]　end_pt = [310498.32255849463, 2651787.9927685885]
│   â = [0.6721304103899353, 0.7404327865708388]　d̂·â = 0.9967658991664875
│   cum_S：left = 27.30253331877593　right = 0.0　actual_max_proj = 85.85494879684147
│   **W_0** = -2.05701662814306e-06　**R(W_0)** = 0.0
│   [錨甲 corner_pt] T_corner = 85.57728317820758　T_adv = -85.57728523522421　恆等檢差 = 1.7763568394002505e-15
│   [錨乙 呼叫端之錨] T_corner = -2.05701662814306e-06　T_adv = 0.0　恆等檢差 = 0.0
│   is_corner = True　is_chain_head = True　W_prev = 0.0　side_label = '右側'　_fo = False
│   碼面回傳：W_rw_start_raw = -2.05701662814306e-06　W_near（2dp） = -0.0
┌───────────────────────────────────────────────────────────────────────────────────────────────────────────────────────────────────
│ `3.5m` 態乙　**R1 / left**　暫編地號 = 628-36(1)　情形 = 甲
│   參數本身：baseline_pt = [310451.56699, 2652010.42816]　side_mid = [310440.33466000005, 2651998.173705]
│   參數本身：allocation_dir = [-0.737181719516621, 0.6756945407582613]　d_hat = [0.6873759189438299, -0.7263018284818822]
│   外層（供對照）：allocation_dir_block = [-0.7437266267097206, 0.6684838851632701]　corner_pt = [310451.56699, 2652010.42816]　end_pt = None
│   â = [0.7371817195166211, -0.6756945407582614]　d̂·â = 0.997479142329281
│   cum_S：left = 0.0　right = 0.0　actual_max_proj = None
│   **W_0** = -2.1456614263115625e-11　**R(W_0)** = 0.0
│   [錨甲 corner_pt] T_corner = -2.1456614263115625e-11　T_adv = 0.0　恆等檢差 = 0.0
│   [錨乙 呼叫端之錨] T_corner = -2.1456614263115625e-11　T_adv = 0.0　恆等檢差 = 0.0
│   is_corner = True　is_chain_head = True　W_prev = 0.0　side_label = '左側'　_fo = False
│   碼面回傳：W_rw_start_raw = -2.1456614263115625e-11　W_near（2dp） = -0.0
┌───────────────────────────────────────────────────────────────────────────────────────────────────────────────────────────────────
│ `3.5m` 態乙　**R1 / right**　暫編地號 = 628(5)　情形 = 甲
│   參數本身：baseline_pt = [310511.86051459576, 2651946.720229663]　side_mid = [310500.613655, 2651934.5074899998]
│   參數本身：allocation_dir = [-0.7517325397029704, 0.6594681104888407]　d_hat = [-0.6873759189438299, 0.7263018284818822]
│   外層（供對照）：allocation_dir_block = [-0.7437266267097206, 0.6684838851632701]　corner_pt = [310451.56699, 2652010.42816]　end_pt = [310511.86051459576, 2651946.720229663]
│   â = [-0.7517325397029705, 0.6594681104888408]　d̂·â = 0.9956957397518454
│   cum_S：left = 17.564930571781222　right = 0.0　actual_max_proj = 87.71550316799149
│   **W_0** = -0.40071797802292153　**R(W_0)** = 0.0
│   [錨甲 corner_pt] T_corner = 86.93723483658138　T_adv = -87.33795281460431　恆等檢差 = 3.552713678800501e-15
│   [錨乙 呼叫端之錨] T_corner = -0.40071797802292153　T_adv = 0.0　恆等檢差 = 0.0
│   is_corner = True　is_chain_head = True　W_prev = 0.0　side_label = '右側'　_fo = False
│   碼面回傳：W_rw_start_raw = -0.40071797802292153　W_near（2dp） = -0.4
┌───────────────────────────────────────────────────────────────────────────────────────────────────────────────────────────────────
│ `3.5m` 態乙　**R4 / left**　暫編地號 = 628(1)　情形 = 甲
│   參數本身：baseline_pt = [310517.10709, 2651941.1775]　side_mid = [310506.137745, 2651928.673455]
│   參數本身：allocation_dir = [-0.7517327519688664, 0.6594678685253096]　d_hat = [0.6874818007775385, -0.7262016067179091]
│   外層（供對照）：allocation_dir_block = [0.7196670499348666, -0.694319333763684]　corner_pt = [310517.10709, 2651941.1775]　end_pt = None
│   â = [0.7517327519688664, -0.6594678685253096]　d̂·â = 0.9957092117289257
│   cum_S：left = 0.0　right = 0.0　actual_max_proj = None
│   **W_0** = -1.5354473248407885e-10　**R(W_0)** = 0.0
│   [錨甲 corner_pt] T_corner = -1.5354473248407885e-10　T_adv = 0.0　恆等檢差 = 0.0
│   [錨乙 呼叫端之錨] T_corner = -1.5354473248407885e-10　T_adv = 0.0　恆等檢差 = 0.0
│   is_corner = True　is_chain_head = True　W_prev = 0.0　side_label = '左側'　_fo = False
│   碼面回傳：W_rw_start_raw = -1.5354473248407885e-10　W_near（2dp） = -0.0
┌───────────────────────────────────────────────────────────────────────────────────────────────────────────────────────────────────
│ `3.5m` 態乙　**R4 / right**　暫編地號 = 628-1(1)　情形 = 甲
│   參數本身：baseline_pt = [310584.97277032473, 2651869.489542534]　side_mid = [310573.02246500005, 2651858.0401999997]
│   參數本身：allocation_dir = [-0.6840255720972312, 0.7294580294417599]　d_hat = [-0.6874818007775385, 0.7262016067179091]
│   外層（供對照）：allocation_dir_block = [0.7196670499348666, -0.694319333763684]　corner_pt = [310517.10709, 2651941.1775]　end_pt = [310584.97277032473, 2651869.489542534]
│   â = [-0.6840255720972314, 0.72945802944176]　d̂·â = 0.9999887250971766
│   cum_S：left = 47.7107436831789　right = 0.0　actual_max_proj = 98.71633001483886
│   **W_0** = 0.17750040709932335　**R(W_0)** = 3.088507083528226
│   [錨甲 corner_pt] T_corner = 98.89271740492607　T_adv = -98.71521699782676　恆等檢差 = 7.105427357601002e-15
│   [錨乙 呼叫端之錨] T_corner = 0.17750040709932335　T_adv = 0.0　恆等檢差 = 0.0
│   is_corner = True　is_chain_head = True　W_prev = 0.0　side_label = '右側'　_fo = False
│   碼面回傳：W_rw_start_raw = 0.17750040709932335　W_near（2dp） = 0.18
┌───────────────────────────────────────────────────────────────────────────────────────────────────────────────────────────────────
│ `3.5m` 態甲　**R1 / left**　暫編地號 = 628-36(1)　情形 = 甲
│   參數本身：baseline_pt = [310451.56699, 2652010.42816]　side_mid = [310440.33466000005, 2651998.173705]
│   參數本身：allocation_dir = [-0.737181719516621, 0.6756945407582613]　d_hat = [0.6873759189438299, -0.7263018284818822]
│   外層（供對照）：allocation_dir_block = [-0.7437266267097206, 0.6684838851632701]　corner_pt = [310451.56699, 2652010.42816]　end_pt = None
│   â = [0.7371817195166211, -0.6756945407582614]　d̂·â = 0.997479142329281
│   cum_S：left = 0.0　right = 0.0　actual_max_proj = None
│   **W_0** = -2.1456614263115625e-11　**R(W_0)** = 0.0
│   [錨甲 corner_pt] T_corner = -2.1456614263115625e-11　T_adv = 0.0　恆等檢差 = 0.0
│   [錨乙 呼叫端之錨] T_corner = -2.1456614263115625e-11　T_adv = 0.0　恆等檢差 = 0.0
│   is_corner = True　is_chain_head = True　W_prev = 0.0　side_label = '左側'　_fo = False
│   碼面回傳：W_rw_start_raw = -2.1456614263115625e-11　W_near（2dp） = -0.0
┌───────────────────────────────────────────────────────────────────────────────────────────────────────────────────────────────────
│ `3.5m` 態甲　**R1 / right**　暫編地號 = 628(5)　情形 = 甲
│   參數本身：baseline_pt = [310511.86051459576, 2651946.720229663]　side_mid = [310500.613655, 2651934.5074899998]
│   參數本身：allocation_dir = [-0.7517325397029704, 0.6594681104888407]　d_hat = [-0.6873759189438299, 0.7263018284818822]
│   外層（供對照）：allocation_dir_block = [-0.7437266267097206, 0.6684838851632701]　corner_pt = [310451.56699, 2652010.42816]　end_pt = [310511.86051459576, 2651946.720229663]
│   â = [-0.7517325397029705, 0.6594681104888408]　d̂·â = 0.9956957397518454
│   cum_S：left = 17.564930571781222　right = 0.0　actual_max_proj = 87.71550316799149
│   **W_0** = -0.40071797802292153　**R(W_0)** = 0.0
│   [錨甲 corner_pt] T_corner = 86.93723483658138　T_adv = -87.33795281460431　恆等檢差 = 3.552713678800501e-15
│   [錨乙 呼叫端之錨] T_corner = -0.40071797802292153　T_adv = 0.0　恆等檢差 = 0.0
│   is_corner = True　is_chain_head = True　W_prev = 0.0　side_label = '右側'　_fo = False
│   碼面回傳：W_rw_start_raw = -0.40071797802292153　W_near（2dp） = -0.4
┌───────────────────────────────────────────────────────────────────────────────────────────────────────────────────────────────────
│ `3.5m` 態甲　**R3 / right**　暫編地號 = 628-30(3)+　情形 = 甲
│   參數本身：baseline_pt = [310425.8048117402, 2651849.232317213]　side_mid = [310411.423525, 2651866.8756600004]
│   參數本身：allocation_dir = [0.6721303626889327, 0.7404328298715852]　d_hat = [0.6594679914151125, 0.7517326441620831]
│   外層（供對照）：allocation_dir_block = [0.7260187095613652, 0.6876749474619896]　corner_pt = [310489.64343, 2651922.00245]　end_pt = [310425.8048117402, 2651849.232317213]
│   â = [0.6721303626889327, 0.7404328298715852]　d̂·â = 0.9998559892753622
│   cum_S：left = 26.322685768520714　right = 0.0　actual_max_proj = 96.80320969460685
│   **W_0** = -3.397610755853746　**R(W_0)** = 0.0
│   [錨甲 corner_pt] T_corner = 93.39165823833241　T_adv = -96.78926899418616　恆等檢差 = 1.7763568394002505e-15
│   [錨乙 呼叫端之錨] T_corner = -3.397610755853746　T_adv = 0.0　恆等檢差 = 0.0
│   is_corner = True　is_chain_head = True　W_prev = 0.0　side_label = '右側'　_fo = False
│   碼面回傳：W_rw_start_raw = -3.397610755853746　W_near（2dp） = -3.4
┌───────────────────────────────────────────────────────────────────────────────────────────────────────────────────────────────────
│ `3.5m` 態甲　**R4 / left**　暫編地號 = 628(1)+　情形 = 乙（forced）
│   參數本身：baseline_pt = [310522.48221012746, 2651935.4996466106]　side_mid = [310506.137745, 2651928.673455]
│   參數本身：allocation_dir = [-0.7517327519688664, 0.6594678685253096]　d_hat = [0.6874818007775385, -0.7262016067179091]
│   外層（供對照）：allocation_dir_block = [0.7196670499348666, -0.694319333763684]　corner_pt = [310517.10709, 2651941.1775]　end_pt = None
│   â = [0.7517327519688664, -0.6594678685253096]　d̂·â = 0.9957092117289257
│   cum_S：left = 7.8185635189090075　right = 0.0　actual_max_proj = None
│   **W_0** = 7.785015718090257　**R(W_0)** = 59.93908487768739
│   [錨甲 corner_pt] T_corner = -1.5354473248407885e-10　T_adv = 7.785015718243802　恆等檢差 = 0.0
│   [錨乙 呼叫端之錨] T_corner = -1.5354473248407885e-10　T_adv = 7.785015718243802　恆等檢差 = 0.0
│   is_corner = True　is_chain_head = True　W_prev = 0.0　side_label = '左側'　_fo = True
│   碼面回傳：W_rw_start_raw = 7.785015718090257　W_near（2dp） = 7.79
┌───────────────────────────────────────────────────────────────────────────────────────────────────────────────────────────────────
│ `3.5m` 態甲　**R5 / left**　暫編地號 = 628-45(1)+　情形 = 甲
│   參數本身：baseline_pt = [310433.97007, 2651846.40896]　side_mid = [310450.08577, 2651831.7798800003]
│   參數本身：allocation_dir = [-0.6721303564597121, -0.7404328355261808]　d_hat = [0.6594679799734829, 0.7517326541994128]
│   外層（供對照）：allocation_dir_block = [0.7260188263934941, 0.6876748241154488]　corner_pt = [310433.97007, 2651846.40896]　end_pt = None
│   â = [0.6721303564597122, 0.7404328355261809]　d̂·â = 0.9998559891598366
│   cum_S：left = 0.0　right = 0.0　actual_max_proj = None
│   **W_0** = -1.723936549069549e-10　**R(W_0)** = 0.0
│   [錨甲 corner_pt] T_corner = -1.723936549069549e-10　T_adv = 0.0　恆等檢差 = 0.0
│   [錨乙 呼叫端之錨] T_corner = -1.723936549069549e-10　T_adv = 0.0　恆等檢差 = 0.0
│   is_corner = True　is_chain_head = True　W_prev = 0.0　side_label = '左側'　_fo = False
│   碼面回傳：W_rw_start_raw = -1.723936549069549e-10　W_near（2dp） = -0.0
┌───────────────────────────────────────────────────────────────────────────────────────────────────────────────────────────────────
│ `3.5m` 態甲　**R6 / right**　暫編地號 = 628-18(1)　情形 = 甲
│   參數本身：baseline_pt = [310498.32255849463, 2651787.9927685885]　side_mid = [310482.262015, 2651802.571785]
│   參數本身：allocation_dir = [0.6721304103899353, 0.7404327865708388]　d_hat = [0.7294579099171348, 0.6840256995605686]
│   外層（供對照）：allocation_dir_block = [-0.6721304454989524, -0.7404327547005061]　corner_pt = [310560.95013, 2651846.71976]　end_pt = [310498.32255849463, 2651787.9927685885]
│   â = [0.6721304103899353, 0.7404327865708388]　d̂·â = 0.9967658991664875
│   cum_S：left = 27.30253331877593　right = 0.0　actual_max_proj = 85.85494879684147
│   **W_0** = -2.05701662814306e-06　**R(W_0)** = 0.0
│   [錨甲 corner_pt] T_corner = 85.57728317820758　T_adv = -85.57728523522421　恆等檢差 = 1.7763568394002505e-15
│   [錨乙 呼叫端之錨] T_corner = -2.05701662814306e-06　T_adv = 0.0　恆等檢差 = 0.0
│   is_corner = True　is_chain_head = True　W_prev = 0.0　side_label = '右側'　_fo = False
│   碼面回傳：W_rw_start_raw = -2.05701662814306e-06　W_near（2dp） = -0.0
└───────────────────────────────────────────────────────────────────────────────────────────────────────────────────────────────────

════════════════════════════════════════════════════════════════════════════════════════════════════════════════════════════════════
【`§三-6`】判別力**三造**（🛑 逐態各自成立）
════════════════════════════════════════════════════════════════════════════════════════════════════════════════════════════════════
【造甲·必逐位相符】還原之 `W_0` vs 碼面之 `W_rw_start_raw`（鏈頭 ⇒ `_rw_start` 即 `_W_near`）
   分母 = **全**有值格 22｜該闘之**執行次數** = 22｜逐位相符 = 22
   ⇒ 造甲 = ✅

【造乙·必相異】以 `corner_pt` 取代 `baseline_pt` 之同式於 `R4 right` 二格
   · `0m` 態乙 R4/right：W_0 = 0.17750040709932335｜代以 corner_pt = 98.89271740492607｜相異？True
   · `3.5m` 態乙 R4/right：W_0 = 0.17750040709932335｜代以 corner_pt = 98.89271740492607｜相異？True
   ⇒ 造乙 = ✅

【造丙·必為零】`T_adv` 於「`baseline_pt` 與 `corner_pt` 逐位相同」之格（**態甲／態乙各自成立**）
   · 態甲 `0m` R1/left：T_adv = 0.0｜== 0？True
   · 態甲 `0m` R2/left：T_adv = 0.0｜== 0？True
   · 態甲 `0m` R5/left：T_adv = 0.0｜== 0？True
   · 態甲 `3.5m` R1/left：T_adv = 0.0｜== 0？True
   · 態甲 `3.5m` R5/left：T_adv = 0.0｜== 0？True
   · 態乙 `0m` R1/left：T_adv = 0.0｜== 0？True
   · 態乙 `0m` R2/left：T_adv = 0.0｜== 0？True
   · 態乙 `0m` R4/left：T_adv = 0.0｜== 0？True
   · 態乙 `3.5m` R1/left：T_adv = 0.0｜== 0？True
   · 態乙 `3.5m` R4/left：T_adv = 0.0｜== 0？True
   ⇒ 造丙 = ✅

════════════════════════════════════════════════════════════════════════════════════════════════════════════════════════════════════
【`§三-5`】碼註**二支**之窮舉檢（**出艙即止**）
════════════════════════════════════════════════════════════════════════════════════════════════════════════════════════════════════
   造 `A`：`is_corner` 為真之格中，`W_0` **嚴格 == 0** = **0** 格｜`!= 0` = **22** 格
     · [!=0] `0m` 態乙 R1/left｜W_0 = -2.1456614263115625e-11｜R(W_0) = 0.0
     · [!=0] `0m` 態乙 R1/right｜W_0 = -0.40071797802292153｜R(W_0) = 0.0
     · [!=0] `0m` 態乙 R2/left｜W_0 = 1.9195844913610927e-10｜R(W_0) = 3.340077014968301e-09
     · [!=0] `0m` 態乙 R4/left｜W_0 = -1.5354473248407885e-10｜R(W_0) = 0.0
     · [!=0] `0m` 態乙 R4/right｜W_0 = 0.17750040709932335｜R(W_0) = 3.088507083528226
     · [!=0] `0m` 態甲 R1/left｜W_0 = -2.1456614263115625e-11｜R(W_0) = 0.0
     · [!=0] `0m` 態甲 R1/right｜W_0 = -0.40071797802292153｜R(W_0) = 0.0
     · [!=0] `0m` 態甲 R2/left｜W_0 = 1.9195844913610927e-10｜R(W_0) = 3.340077014968301e-09
     · [!=0] `0m` 態甲 R3/right｜W_0 = -3.397610755853746｜R(W_0) = 0.0
     · [!=0] `0m` 態甲 R4/left｜W_0 = 4.4804447557822895｜R(W_0) = 40.77875748585019
     · [!=0] `0m` 態甲 R5/left｜W_0 = -1.723936549069549e-10｜R(W_0) = 0.0
     · [!=0] `0m` 態甲 R6/right｜W_0 = -2.05701662814306e-06｜R(W_0) = 0.0
     · [!=0] `3.5m` 態乙 R1/left｜W_0 = -2.1456614263115625e-11｜R(W_0) = 0.0
     · [!=0] `3.5m` 態乙 R1/right｜W_0 = -0.40071797802292153｜R(W_0) = 0.0
     · [!=0] `3.5m` 態乙 R4/left｜W_0 = -1.5354473248407885e-10｜R(W_0) = 0.0
     · [!=0] `3.5m` 態乙 R4/right｜W_0 = 0.17750040709932335｜R(W_0) = 3.088507083528226
     · [!=0] `3.5m` 態甲 R1/left｜W_0 = -2.1456614263115625e-11｜R(W_0) = 0.0
     · [!=0] `3.5m` 態甲 R1/right｜W_0 = -0.40071797802292153｜R(W_0) = 0.0
     · [!=0] `3.5m` 態甲 R3/right｜W_0 = -3.397610755853746｜R(W_0) = 0.0
     · [!=0] `3.5m` 態甲 R4/left｜W_0 = 7.785015718090257｜R(W_0) = 59.93908487768739
     · [!=0] `3.5m` 態甲 R5/left｜W_0 = -1.723936549069549e-10｜R(W_0) = 0.0
     · [!=0] `3.5m` 態甲 R6/right｜W_0 = -2.05701662814306e-06｜R(W_0) = 0.0
   造 `B`：`is_chain_head` 真 ∧ `is_corner` 偽 ∧ 該側 `_fo` 偽 = **0** 格
   🛑 **出艙即止**：⛔ 判碼註為誤、⛔ 判其「窮舉不成立」、⛔ 提修法主張。

════════════════════════════════════════════════════════════════════════════════════════════════════════════════════════════════════
【`§四`】情形甲 ∧ `R(W_0) > 0` 之格——**分支**歸類（🛑 ⛔ 以門檻切）
════════════════════════════════════════════════════════════════════════════════════════════════════════════════════════════════════
   歸類之準據（發單側明定）：`P` = T_adv 零 ∧ T_corner 非零｜`Q` = T_adv 非零 ∧ T_corner 零｜`R` = 二項皆非零
   零判：|x| <= TOL0 ⇒ 判為零（TOL0 = 1e-12）
   **當場重得之成員** = 4 格　🛑 ⛔ 轉引前批之 `4`
   · `0m` 態乙 **R2/left**｜[錨甲 corner_pt] (T_corner, T_adv) = (1.9195844913610927e-10, 0.0)｜**支 = P**
   · `0m` 態乙 **R2/left**｜[錨乙 呼叫端之錨] (T_corner, T_adv) = (1.9195844913610927e-10, 0.0)｜**支 = P**
     （W_0 = 1.9195844913610927e-10｜R(W_0) = 3.340077014968301e-09｜暫編地號 = 628-41(1)）
   · `0m` 態乙 **R4/right**｜[錨甲 corner_pt] (T_corner, T_adv) = (98.89271740492607, -98.71521699782676)｜**支 = R**
   · `0m` 態乙 **R4/right**｜[錨乙 呼叫端之錨] (T_corner, T_adv) = (0.17750040709932335, 0.0)｜**支 = P**
     （W_0 = 0.17750040709932335｜R(W_0) = 3.088507083528226｜暫編地號 = 628-1(1)）
   · `0m` 態甲 **R2/left**｜[錨甲 corner_pt] (T_corner, T_adv) = (1.9195844913610927e-10, 0.0)｜**支 = P**
   · `0m` 態甲 **R2/left**｜[錨乙 呼叫端之錨] (T_corner, T_adv) = (1.9195844913610927e-10, 0.0)｜**支 = P**
     （W_0 = 1.9195844913610927e-10｜R(W_0) = 3.340077014968301e-09｜暫編地號 = 628-41(1)）
   · `3.5m` 態乙 **R4/right**｜[錨甲 corner_pt] (T_corner, T_adv) = (98.89271740492607, -98.71521699782676)｜**支 = R**
   · `3.5m` 態乙 **R4/right**｜[錨乙 呼叫端之錨] (T_corner, T_adv) = (0.17750040709932335, 0.0)｜**支 = P**
     （W_0 = 0.17750040709932335｜R(W_0) = 3.088507083528226｜暫編地號 = 628-1(1)）

════════════════════════════════════════════════════════════════════════════════════════════════════════════════════════════════════
【`§三-4`】`R4 right` 二格之定位（`0m`／`3.5m` 態乙各一格）
════════════════════════════════════════════════════════════════════════════════════════════════════════════════════════════════════

■ `0m` 態乙　**R4 / right**　暫編地號 = 628-1(1)
  1. `is_corner` 之實參真值 = True　⇒ 觸「街角第 1 宗換軸」之分支？True
  2. `is_chain_head` = True　`_fo_right` = False
  3. `allocation_dir` 之實際來源（座標系 = 平面直角座標之**單位向量**·⛔ 時序）
       allocation_dir_block            = [0.7196670499348666, -0.694319333763684]
       _first_corner_alloc_dir(side_mid) = [-0.6840255720972312, 0.7294580294417599]
       **所採者**（= `solve_G_binary` 之參數） = [-0.6840255720972312, 0.7294580294417599]　⇒ **_first_corner_alloc_dir(side_mid)**
  4. T_corner / T_adv 二項及 `T_adv` 式中各因子
       [錨甲 corner_pt] T_corner = 98.89271740492607　T_adv = -98.71521699782676
       [錨乙 end_pt]     T_corner = 0.17750040709932335　T_adv = 0.0
       因子：corner_pt = [310517.10709, 2651941.1775]　end_pt = [310584.97277032473, 2651869.489542534]　d_hat_rev = [-0.6874818007775385, 0.7262016067179091]
       因子：right_cum_S = 0.0　actual_max_proj = 98.71633001483886　baseline_pt = [310584.97277032473, 2651869.489542534]
  5. 當場重得：**W_0 = 0.17750040709932335**　**R(W_0) = 3.088507083528226**　（⛔ 轉引前批之數）
  6. 三項前提之真值（🛑 **⛔ 由 CC 作歸屬之判**）：
       是否 forced（該側為強制抵費地） = False　（`_fo_right` = False）
       是否街角勝者（`is_corner`） = True
       是否鏈頭（`is_chain_head`） = True

■ `3.5m` 態乙　**R4 / right**　暫編地號 = 628-1(1)
  1. `is_corner` 之實參真值 = True　⇒ 觸「街角第 1 宗換軸」之分支？True
  2. `is_chain_head` = True　`_fo_right` = False
  3. `allocation_dir` 之實際來源（座標系 = 平面直角座標之**單位向量**·⛔ 時序）
       allocation_dir_block            = [0.7196670499348666, -0.694319333763684]
       _first_corner_alloc_dir(side_mid) = [-0.6840255720972312, 0.7294580294417599]
       **所採者**（= `solve_G_binary` 之參數） = [-0.6840255720972312, 0.7294580294417599]　⇒ **_first_corner_alloc_dir(side_mid)**
  4. T_corner / T_adv 二項及 `T_adv` 式中各因子
       [錨甲 corner_pt] T_corner = 98.89271740492607　T_adv = -98.71521699782676
       [錨乙 end_pt]     T_corner = 0.17750040709932335　T_adv = 0.0
       因子：corner_pt = [310517.10709, 2651941.1775]　end_pt = [310584.97277032473, 2651869.489542534]　d_hat_rev = [-0.6874818007775385, 0.7262016067179091]
       因子：right_cum_S = 0.0　actual_max_proj = 98.71633001483886　baseline_pt = [310584.97277032473, 2651869.489542534]
  5. 當場重得：**W_0 = 0.17750040709932335**　**R(W_0) = 3.088507083528226**　（⛔ 轉引前批之數）
  6. 三項前提之真值（🛑 **⛔ 由 CC 作歸屬之判**）：
       是否 forced（該側為強制抵費地） = False　（`_fo_right` = False）
       是否街角勝者（`is_corner`） = True
       是否鏈頭（`is_chain_head`） = True

════════════════════════════════════════════════════════════════════════════════════════════════════════════════════════════════════
【`§三-3`】`baseline_pt` 之產生式：**逐呼叫端各自取回**（🛑 ⛔ 以一式概括）
════════════════════════════════════════════════════════════════════════════════════════════════════════════════════════════════════
   母體 = `verify/stepg_pipeline.py` **單檔**（111526 B / 1671 列）·粒度框 = **列框**
   框甲（逐字·有 `^` 錨）= `^\s*baseline_pt = `　⇒ **命中檔數 1 / 命中列數 2**
   框乙（無 `^` 錨·二數並報）= `_solve_one(`　⇒ **命中檔數 1 / 命中列數 3**（含非定義列）
   🔴 **二框之數相異** ⇒ 逐呼叫端列舉於下（⛔ 以其一概括另一）：
     · `_solve_one(` @ 列 821：res, solver_label = _solve_one(
     · `_solve_one(` @ 列 922：res, solver_label = _solve_one(
     · `_solve_one(` @ 列 937：_r2, _sl2 = _solve_one(

   ── 呼叫端 @ 列 819（列號作佐證·⛔ 作錨）
     (a) `baseline_pt` 之賦值式逐字：
         |                 baseline_pt = (corner_pt + left_cum_S * d_hat
         |                                if (d_hat is not None and corner_pt is not None) else None)
     (b) 該處所餚之 `_is_chain_head` 實參之式逐字：
         |                     _is_chain_head=(_lg_idx_left == 0),   # 🆕 W-G.9-261：本側鏈頭
   ── 呼叫端 @ 列 920（列號作佐證·⛔ 作錨）
     (a) `baseline_pt` 之賦值式逐字：
         |                 baseline_pt = (end_pt + right_cum_S * d_hat_rev
         |                                if (d_hat_rev is not None and end_pt is not None) else None)
     (b) 該處所餚之 `_is_chain_head` 實參之式逐字：
         |                     _is_chain_head=(_lg_idx_right == 0),   # 🆕 W-G.9-261：本側鏈頭

   (c) 該式中**每一符號**於本格之當場值（`repr` 全位）——逐格見上 `§三-2` 主表之 `corner_pt`／`end_pt`／`cum_S`／`actual_max_proj` 欄；`R4 right` 二格另見 `§三-4` 第 `4` 項。

   🔴 **二呼叫端之賦值式逐字相異** ⇒ 依單 `§三-3` 已各自出艙其全式與全符號值；⛔ 以「`corner_pt` ＋ `cum_S`」為既定式。

════════════════════════════════════════════════════════════════════════════════════════════════════════════════════════════════════
【終止態】逐態之 `run_step_g` 中止閘（照實·⛔ 列為新紅）
════════════════════════════════════════════════════════════════════════════════════════════════════════════════════════════════════
   · `0m` 態乙 ⇒ 🔴 結構閘 理論＝實跑 破：街廓 R4 right 側 理論@k*=87.83 ≠ 實跑(階段1)=85.41（Δ=2.425 >0.1）｜參考 ΣΔ_i=+0.000（**⛔ 未用於本式**·實測反證見碼註）｜逐界面：[Δ_i·R4·right] （無界面）
   · `0m` 態甲 ⇒ （未拋出）
   · `3.5m` 態乙 ⇒ 🔴 結構閘 理論＝實跑 破：街廓 R4 right 側 理論@k*=87.83 ≠ 實跑(階段1)=85.41（Δ=2.425 >0.1）｜參考 ΣΔ_i=+0.000（**⛔ 未用於本式**·實測反證見碼註）｜逐界面：[Δ_i·R4·right] （無界面）
   · `3.5m` 態甲 ⇒ （未拋出）
====================================================================================================================================
