====================================================================================================================================
【`W-G.9-279` `§四`】`R(W_0)` 之性質量測（**替身一律關閉·⛔ 反事實**）
====================================================================================================================================
🛑 **⛔ 判任何側是否違反 `K-9-5-12`、⛔ 判（四）之射程、⛔ 提修法主張**——出舱即止。

────────────────────────────────────────────────────────────────────────────────────────────────────────────────────────────────────
【自我驗證閘】框內省所錄之 `blk_label`（⛔ 不過即 loud 拒測·坑 `bb`）
────────────────────────────────────────────────────────────────────────────────────────────────────────────────────────────────────
   · `0m` 態乙｜鏈頭所錄之 `blk` ＝ ['R1', 'R2', 'R4'] ⇒ ✅
   · `0m` 態甲｜鏈頭所錄之 `blk` ＝ ['R1', 'R2', 'R3', 'R4', 'R5', 'R6'] ⇒ ✅
   · `3.5m` 態乙｜鏈頭所錄之 `blk` ＝ ['R1', 'R4'] ⇒ ✅
   · `3.5m` 態甲｜鏈頭所錄之 `blk` ＝ ['R1', 'R3', 'R4', 'R5', 'R6'] ⇒ ✅
   ⇒ **器非紅** ✅

────────────────────────────────────────────────────────────────────────────────────────────────────────────────────────────────────
【情形甲／乙】源 ＝ `run_corner_pk` 之第三回傳 `_off` 之 `指配` 欄
────────────────────────────────────────────────────────────────────────────────────────────────────────────────────────────────────
   · `0m` 態乙 ⇒ `_off` 0 列｜乙之格 ＝ （無）
   · `0m` 態甲 ⇒ `_off` 1 列｜乙之格 ＝ [('R4', 'left')]
     - {'街廓': 'R4', '端': '左', '抵費地面積＝range(㎡)': '116.08', '指配': '強制抵費地'}
   · `3.5m` 態乙 ⇒ `_off` 3 列｜乙之格 ＝ [('R2', 'left'), ('R3', 'right'), ('R5', 'left')]
     - {'街廓': 'R5', '端': '左', '抵費地面積＝range(㎡)': '299.73', '指配': '強制抵費地'}
     - {'街廓': 'R2', '端': '左', '抵費地面積＝range(㎡)': '308.17', '指配': '強制抵費地'}
     - {'街廓': 'R3', '端': '右', '抵費地面積＝range(㎡)': '307.79', '指配': '強制抵費地'}
   · `3.5m` 態甲 ⇒ `_off` 2 列｜乙之格 ＝ [('R2', 'left'), ('R4', 'left')]
     - {'街廓': 'R4', '端': '左', '抵費地面積＝range(㎡)': '226.01', '指配': '強制抵費地'}
     - {'街廓': 'R2', '端': '左', '抵費地面積＝range(㎡)': '308.17', '指配': '強制抵費地'}

────────────────────────────────────────────────────────────────────────────────────────────────────────────────────────────────────
【`§四-1` 主表】`R(W_0)` 之性質（母體 ＝ `W-G.9-278` 之**同一** `24` 格定義·逐格一列）
────────────────────────────────────────────────────────────────────────────────────────────────────────────────────────────────────
   | 情境 | 態 | 街廓 | 側 | `W_0`（未捨入·帶號） | **`R(W_0)`** | `R(W_0) > 0`？ | 情形 | `_fo` | `is_corner` | `is_chain_head` |
   |---|---|---|---|---|---|---|---|---|---|---|
   | `0m` | 甲 | `R1` | left | `-0.0000000000` | **`0.0000000000`** | 否 | 甲 | False | True | True |
   | `0m` | 甲 | `R1` | right | `-0.4007179780` | **`0.0000000000`** | 否 | 甲 | False | True | True |
   | `0m` | 甲 | `R2` | left | `0.0000000002` | **`0.0000000033`** | **是** | 甲 | False | True | True |
   | `0m` | 甲 | `R2` | right | — | — | 【**⛔ 可得**】 | 甲 | False | — | — |
   | `0m` | 甲 | `R3` | left | — | — | 【**⛔ 可得**】 | 甲 | False | — | — |
   | `0m` | 甲 | `R3` | right | `-3.3976107559` | **`0.0000000000`** | 否 | 甲 | False | True | True |
   | `0m` | 甲 | `R4` | left | `4.4804447558` | **`40.7787574859`** | **是** | 乙 | True | True | True |
   | `0m` | 甲 | `R4` | right | — | — | 【**⛔ 可得**】 | 甲 | False | — | — |
   | `0m` | 甲 | `R5` | left | `-0.0000000002` | **`0.0000000000`** | 否 | 甲 | False | True | True |
   | `0m` | 甲 | `R5` | right | — | — | 【**⛔ 可得**】 | 甲 | False | — | — |
   | `0m` | 甲 | `R6` | left | — | — | 【**⛔ 可得**】 | 甲 | False | — | — |
   | `0m` | 甲 | `R6` | right | `-0.0000020570` | **`0.0000000000`** | 否 | 甲 | False | True | True |
   | `0m` | 乙 | `R1` | left | `-0.0000000000` | **`0.0000000000`** | 否 | 甲 | False | True | True |
   | `0m` | 乙 | `R1` | right | `-0.4007179780` | **`0.0000000000`** | 否 | 甲 | False | True | True |
   | `0m` | 乙 | `R2` | left | `0.0000000002` | **`0.0000000033`** | **是** | 甲 | False | True | True |
   | `0m` | 乙 | `R2` | right | — | — | 【**⛔ 可得**】 | 甲 | False | — | — |
   | `0m` | 乙 | `R3` | left | — | — | 【**⛔ 可得**】 | 甲 | False | — | — |
   | `0m` | 乙 | `R3` | right | — | — | 【**⛔ 可得**】 | 甲 | False | — | — |
   | `0m` | 乙 | `R4` | left | `-0.0000000002` | **`0.0000000000`** | 否 | 甲 | False | True | True |
   | `0m` | 乙 | `R4` | right | `0.1775004071` | **`3.0885070835`** | **是** | 甲 | False | True | True |
   | `0m` | 乙 | `R5` | left | — | — | 【**⛔ 可得**】 | 甲 | False | — | — |
   | `0m` | 乙 | `R5` | right | — | — | 【**⛔ 可得**】 | 甲 | False | — | — |
   | `0m` | 乙 | `R6` | left | — | — | 【**⛔ 可得**】 | 甲 | False | — | — |
   | `0m` | 乙 | `R6` | right | — | — | 【**⛔ 可得**】 | 甲 | False | — | — |
   | `3.5m` | 甲 | `R1` | left | `-0.0000000000` | **`0.0000000000`** | 否 | 甲 | False | True | True |
   | `3.5m` | 甲 | `R1` | right | `-0.4007179780` | **`0.0000000000`** | 否 | 甲 | False | True | True |
   | `3.5m` | 甲 | `R2` | left | — | — | 【**⛔ 可得**】 | 乙 | True | — | — |
   | `3.5m` | 甲 | `R2` | right | — | — | 【**⛔ 可得**】 | 甲 | False | — | — |
   | `3.5m` | 甲 | `R3` | left | — | — | 【**⛔ 可得**】 | 甲 | False | — | — |
   | `3.5m` | 甲 | `R3` | right | `-3.3976107559` | **`0.0000000000`** | 否 | 甲 | False | True | True |
   | `3.5m` | 甲 | `R4` | left | `7.7850157181` | **`59.9390848777`** | **是** | 乙 | True | True | True |
   | `3.5m` | 甲 | `R4` | right | — | — | 【**⛔ 可得**】 | 甲 | False | — | — |
   | `3.5m` | 甲 | `R5` | left | `-0.0000000002` | **`0.0000000000`** | 否 | 甲 | False | True | True |
   | `3.5m` | 甲 | `R5` | right | — | — | 【**⛔ 可得**】 | 甲 | False | — | — |
   | `3.5m` | 甲 | `R6` | left | — | — | 【**⛔ 可得**】 | 甲 | False | — | — |
   | `3.5m` | 甲 | `R6` | right | `-0.0000020570` | **`0.0000000000`** | 否 | 甲 | False | True | True |
   | `3.5m` | 乙 | `R1` | left | `-0.0000000000` | **`0.0000000000`** | 否 | 甲 | False | True | True |
   | `3.5m` | 乙 | `R1` | right | `-0.4007179780` | **`0.0000000000`** | 否 | 甲 | False | True | True |
   | `3.5m` | 乙 | `R2` | left | — | — | 【**⛔ 可得**】 | 乙 | True | — | — |
   | `3.5m` | 乙 | `R2` | right | — | — | 【**⛔ 可得**】 | 甲 | False | — | — |
   | `3.5m` | 乙 | `R3` | left | — | — | 【**⛔ 可得**】 | 甲 | False | — | — |
   | `3.5m` | 乙 | `R3` | right | — | — | 【**⛔ 可得**】 | 乙 | True | — | — |
   | `3.5m` | 乙 | `R4` | left | `-0.0000000002` | **`0.0000000000`** | 否 | 甲 | False | True | True |
   | `3.5m` | 乙 | `R4` | right | `0.1775004071` | **`3.0885070835`** | **是** | 甲 | False | True | True |
   | `3.5m` | 乙 | `R5` | left | — | — | 【**⛔ 可得**】 | 乙 | True | — | — |
   | `3.5m` | 乙 | `R5` | right | — | — | 【**⛔ 可得**】 | 甲 | False | — | — |
   | `3.5m` | 乙 | `R6` | left | — | — | 【**⛔ 可得**】 | 甲 | False | — | — |
   | `3.5m` | 乙 | `R6` | right | — | — | 【**⛔ 可得**】 | 甲 | False | — | — |
   ⇒ 有值之格 ＝ **22**｜其中 `R(W_0) > 0` 者 ＝ **6**

────────────────────────────────────────────────────────────────────────────────────────────────────────────────────────────────────
【`§四-1` 判別力二造】甲[必為零] `W_0 ≤ 0` ⇒ `R(W_0) == 0`｜乙[必非零] `W_0 > 0` ⇒ `R(W_0) > 0`
────────────────────────────────────────────────────────────────────────────────────────────────────────────────────────────────────
   · 造甲（`W_0 ≤ 0`）格數 ＝ **16**｜其 `R(W_0) == 0` 者 ＝ **16** ⇒ ✅
   · 造乙（`W_0 > 0`）格數 ＝ **6**｜其 `R(W_0) > 0` 者 ＝ **6** ⇒ ✅
     - `0m` 態甲 `R2` left｜`W_0` ＝ `0.0000000002`｜`R(W_0)` ＝ **`0.0000000033`**｜情形 甲｜宗 `628-41(1)`
     - `0m` 態甲 `R4` left｜`W_0` ＝ `4.4804447558`｜`R(W_0)` ＝ **`40.7787574859`**｜情形 乙｜宗 `628(1)+`
     - `0m` 態乙 `R2` left｜`W_0` ＝ `0.0000000002`｜`R(W_0)` ＝ **`0.0000000033`**｜情形 甲｜宗 `628-41(1)`
     - `0m` 態乙 `R4` right｜`W_0` ＝ `0.1775004071`｜`R(W_0)` ＝ **`3.0885070835`**｜情形 甲｜宗 `628-1(1)`
     - `3.5m` 態甲 `R4` left｜`W_0` ＝ `7.7850157181`｜`R(W_0)` ＝ **`59.9390848777`**｜情形 乙｜宗 `628(1)+`
     - `3.5m` 態乙 `R4` right｜`W_0` ＝ `0.1775004071`｜`R(W_0)` ＝ **`3.0885070835`**｜情形 甲｜宗 `628-1(1)`
   ⇒ **器非紅** ✅（二造异色）

────────────────────────────────────────────────────────────────────────────────────────────────────────────────────────────────────
【`§四-2`】情形乙與 `K-9-5-12（四）` 之對拍（`W(·)` 一律以 `ns["k956_W_from_mp"]` 取值·⛔ 器內另算）
────────────────────────────────────────────────────────────────────────────────────────────────────────────────────────────────────
   🔒 **帶之構造逐字**（`app.py` `_corner_buffer_S` docstring）：
     `side='left'`  → 帶 `s ∈ [max(s_min, 0), buf]`   ← **上界＝`buf`**
     消費端 `left_cum_S = buf` ⇒ 首宗自 `s=buf` 起 ⇒ 保留區恒為 `[s_min, buf]`
   ⇒ 抵費地之**遠側**境界線上之點 ＝ `corner_pt + buf · d̂_單位`（**座標系 ＝ 沿推進向 `d̂` 自 `corner_pt` 量起**·⛔ 時序）

   🔒 **還原之自我驗證閘**（⛔ 該閘不過不准據以下任何結論）
     碼面之保證 ＝ `_W_near = float(np.dot(_bp_w - _mp_w, _ahat))`（`solve_G_binary`），其 `_bp_w` ＝ `baseline_pt`、`_mp_w` ＝ `side_mid`
     ⇒ 以 `ns["k956_W_from_mp"](baseline_pt, mp, alloc, d_hat)` 重建之 `W`須與碼面之 `W_0` **逐位相符**。
     | 情境 | 態 | 街廓 | 側 | 重建 `W` | 碼面 `W_0` | 判 |
     |---|---|---|---|---|---|---|
     | `0m` | 乙 | `R1` | left | `-0.0000000000` | `-0.0000000000` | ✅ |
     | `0m` | 乙 | `R1` | right | `-0.4007179780` | `-0.4007179780` | ✅ |
     | `0m` | 乙 | `R2` | left | `0.0000000002` | `0.0000000002` | ✅ |
     | `0m` | 乙 | `R4` | left | `-0.0000000002` | `-0.0000000002` | ✅ |
     | `0m` | 乙 | `R4` | right | `0.1775004071` | `0.1775004071` | ✅ |
     | `0m` | 甲 | `R1` | left | `-0.0000000000` | `-0.0000000000` | ✅ |
     | `0m` | 甲 | `R1` | right | `-0.4007179780` | `-0.4007179780` | ✅ |
     | `0m` | 甲 | `R2` | left | `0.0000000002` | `0.0000000002` | ✅ |
     | `0m` | 甲 | `R3` | right | `-3.3976107559` | `-3.3976107559` | ✅ |
     | `0m` | 甲 | `R4` | left | `4.4804447558` | `4.4804447558` | ✅ |
     | `0m` | 甲 | `R5` | left | `-0.0000000002` | `-0.0000000002` | ✅ |
     | `0m` | 甲 | `R6` | right | `-0.0000020570` | `-0.0000020570` | ✅ |
     | `3.5m` | 乙 | `R1` | left | `-0.0000000000` | `-0.0000000000` | ✅ |
     | `3.5m` | 乙 | `R1` | right | `-0.4007179780` | `-0.4007179780` | ✅ |
     | `3.5m` | 乙 | `R4` | left | `-0.0000000002` | `-0.0000000002` | ✅ |
     | `3.5m` | 乙 | `R4` | right | `0.1775004071` | `0.1775004071` | ✅ |
     | `3.5m` | 甲 | `R1` | left | `-0.0000000000` | `-0.0000000000` | ✅ |
     | `3.5m` | 甲 | `R1` | right | `-0.4007179780` | `-0.4007179780` | ✅ |
     | `3.5m` | 甲 | `R3` | right | `-3.3976107559` | `-3.3976107559` | ✅ |
     | `3.5m` | 甲 | `R4` | left | `7.7850157181` | `7.7850157181` | ✅ |
     | `3.5m` | 甲 | `R5` | left | `-0.0000000002` | `-0.0000000002` | ✅ |
     | `3.5m` | 甲 | `R6` | right | `-0.0000020570` | `-0.0000020570` | ✅ |
     ⇒ 所驗之格 ＝ **22**｜逐位相符 ＝ **22**
     ⇒ **閘過** ✅

   | 情境 | 態 | 街廓 | 側 | `buf` | `range(㎡)` | `W(遠側)`（`k956`） | `W_0`（碼面） | `Δ` | 判 |
   |---|---|---|---|---|---|---|---|---|---|
   | `0m` | 甲 | `R4` | left | `4.4997522400` | `116.0800` | `4.4804447558` | `4.4804447558` | `+0.000e+00` | **逐位相符** |
     · 併錄：該側之 `left_cum_S` ＝ `4.49975224003872`｜`buf` ＝ `4.4997522400`｜二者 **逐位相同**
     · 判別力 甲[必不符] 同片之**近側**境界線（`corner_pt`·`s≈0`）⇒ `W` ＝ `-0.0000000002` ⇒ **⛔ 相符** ✅
     · 判別力 乙[必相符] `W_0` 與其自身 ⇒ **逐位相符** ✅
   | `3.5m` | 乙 | `R2` | left | `8.6960798938` | `308.1700` | 【**⛔ 可得**】 | — | — | 【**⛔ 可得**】（該側無鏈頭之記錄）|
   | `3.5m` | 甲 | `R2` | left | `8.6960798938` | `308.1700` | 【**⛔ 可得**】 | — | — | 【**⛔ 可得**】（該側無鏈頭之記錄）|
   | `3.5m` | 甲 | `R4` | left | `7.8185635189` | `226.0100` | `7.7850157181` | `7.7850157181` | `+0.000e+00` | **逐位相符** |
     · 併錄：該側之 `left_cum_S` ＝ `7.8185635189090075`｜`buf` ＝ `7.8185635189`｜二者 **逐位相同**
     · 判別力 甲[必不符] 同片之**近側**境界線（`corner_pt`·`s≈0`）⇒ `W` ＝ `-0.0000000002` ⇒ **⛔ 相符** ✅
     · 判別力 乙[必相符] `W_0` 與其自身 ⇒ **逐位相符** ✅

────────────────────────────────────────────────────────────────────────────────────────────────────────────────────────────────────
【`§四-3`】態乙（`WV_K6_STEP0=off`）之全母體｜並具名 `R4 right`
────────────────────────────────────────────────────────────────────────────────────────────────────────────────────────────────────
   | 情境 | 街廓 | 側 | 情形 | `W_0` | **`R(W_0)`** | `R(W_0) > 0`？ | `_fo` | `is_chain_head` |
   |---|---|---|---|---|---|---|---|---|
   | `0m` | `R1` | left | 甲 | `-0.0000000000` | **`0.0000000000`** | 否 | False | True |
   | `0m` | `R1` | right | 甲 | `-0.4007179780` | **`0.0000000000`** | 否 | False | True |
   | `0m` | `R2` | left | 甲 | `0.0000000002` | **`0.0000000033`** | **是** | False | True |
   | `0m` | `R4` | left | 甲 | `-0.0000000002` | **`0.0000000000`** | 否 | False | True |
   | `0m` | `R4` | right | 甲 | `0.1775004071` | **`3.0885070835`** | **是** | False | True |
   | `3.5m` | `R1` | left | 甲 | `-0.0000000000` | **`0.0000000000`** | 否 | False | True |
   | `3.5m` | `R1` | right | 甲 | `-0.4007179780` | **`0.0000000000`** | 否 | False | True |
   | `3.5m` | `R4` | left | 甲 | `-0.0000000002` | **`0.0000000000`** | 否 | False | True |
   | `3.5m` | `R4` | right | 甲 | `0.1775004071` | **`3.0885070835`** | **是** | False | True |

   🔑 **`R4 right`（態乙·`0m`）之四項**：情形 ＝ **甲**｜`_fo_right` ＝ **False**｜**`R(W_0)` ＝ `3.0885070835`**｜`is_chain_head` ＝ **True**｜（`W_0` ＝ `0.1775004071`·宗 `628-1(1)`）
   🔑 **`R4 right`（態乙·`3.5m`）之四項**：情形 ＝ **甲**｜`_fo_right` ＝ **False**｜**`R(W_0)` ＝ `3.0885070835`**｜`is_chain_head` ＝ **True**｜（`W_0` ＝ `0.1775004071`·宗 `628-1(1)`）
   🔒 **判別力**：態乙各格之 `R(W_0)` 相異值數 ＝ **3**（若全同值 ⇒ 先判器紅）⇒ ✅ 非全同

────────────────────────────────────────────────────────────────────────────────────────────────────────────────────────────────────
【`§四-2` 項 `1`】`verify/out/got_抵費地_退縮*.csv` 之逐列逐字
────────────────────────────────────────────────────────────────────────────────────────────────────────────────────────────────────
   · `got_抵費地_退縮0m.csv` ⇒ **1** 列
     - {'街廓': 'R4', '端': '左', '抵費地面積＝range(㎡)': '116.08', '指配': '強制抵費地'}
     → 與態甲 `_off`（1 列）之列數 **相同** ✅
   · `got_抵費地_退縮3.5m.csv` ⇒ **2** 列
     - {'街廓': 'R4', '端': '左', '抵費地面積＝range(㎡)': '226.01', '指配': '強制抵費地'}
     - {'街廓': 'R2', '端': '左', '抵費地面積＝range(㎡)': '308.17', '指配': '強制抵費地'}
     → 與態甲 `_off`（2 列）之列數 **相同** ✅

────────────────────────────────────────────────────────────────────────────────────────────────────────────────────────────────────
【終止態】
────────────────────────────────────────────────────────────────────────────────────────────────────────────────────────────────────
   · `0m` 態乙 ⇒ 🔴 結構閘 理論＝實跑 破：街廓 R4 right 側 理論@k*=87.83 ≠ 實跑(階段1)=85.41（Δ=2.425 >0.1）｜參考 ΣΔ_i=+0.000（**⛔ 未用於本式**·實測反證見碼註）｜逐界面：[Δ_i·R4·right] （無界面）
   · `0m` 態甲 ⇒ None
   · `3.5m` 態乙 ⇒ 🔴 結構閘 理論＝實跑 破：街廓 R4 right 側 理論@k*=87.83 ≠ 實跑(階段1)=85.41（Δ=2.425 >0.1）｜參考 ΣΔ_i=+0.000（**⛔ 未用於本式**·實測反證見碼註）｜逐界面：[Δ_i·R4·right] （無界面）
   · `3.5m` 態甲 ⇒ None

RESULT=OK
