====================================================================================================================
【`W-G.9-270` `p2`】`GB-160` 之逐側**處置判**（⛔ 逐側之修）
====================================================================================================================
🔒 判準來源 ＝ `V1.shared_edge`／`V1.QK` 逐字｜`QK` ＝ 1e-06（**⛔ 調**）

────────────────────────────────────────────────────────────────────────────────────────────────────────────────────
【甲】`R5·left` 失敗對之共用頂點 `0` ⇒ `(甲)` 器之容差界 抑或 `(乙)` 幾何之實？
────────────────────────────────────────────────────────────────────────────────────────────────────────────────────
🔒 母體 ＝ 記憶體側 `g_rows` **59** 列（情境 `3.5m`·⛔ 落檔·⛔ baseline）
🔒 `R5·left` 之宗數 ＝ **5**（`V1.side_rows` 逐字·已依 `累積S(m)` 排序）
   逐宗：628-45(1)+／628-18(2)／628-7(2)／628-31(1)／628-32(1)
   受詞對 ＝ `628-45(1)+`（序 0） ─ `628-18(2)`（序 1）  ⇒ **相鄰**

   ── 宗 A `628-45(1)+` 之頂點集（`cut_coords` 逐字·6 點）──
      A0   (310466.201470000, 2651817.150800000)
      A1   (310436.597150000, 2651844.024220000)
      A2   (310436.254000000, 2651849.012430000)
      A3   (310439.284863083, 2651852.467334259)
      A4   (310471.798916872, 2651822.952594346)
      A5   (310466.201470000, 2651817.150800000)
   ── 宗 B `628-18(2)` 之頂點集（5 點）──
      B0   (310441.476572022, 2651854.965680221)
      B1   (310445.666944918, 2651859.742318679)
      B2   (310476.196379325, 2651827.510596124)
      B3   (310474.107186178, 2651825.345132250)
      B4   (310441.476572022, 2651854.965680221)

   🔑 **頂點↔頂點之最近點距** ＝ **3.323450107879 m**（A3 ↔ B0）
       A3 (310439.284863083, 2651852.467334259)   B0 (310441.476572022, 2651854.965680221)
       |Δx| ＝ 2.191708938801 ／ |Δy| ＝ 2.498345962260   （`shared_edge` 之判為此二者<u>各自</u> < `QK`）
   🔑 **頂點↔對方<u>邊</u>之最近距**：A→B `3.322971495193 m` ／ B→A `3.323450107879 m`
       （其用：區辨「**頂點錯位而邊相接**」與「**二宗真不相接**」——前者此值近 `0` 而頂點距不近 `0`）

   ⇒ **判** ＝ 🟢 `(乙)` **幾何之實**——距 ＝ `QK` 之 **3.32e+06** 倍，**⛔ 任何合理容差可及** ⇒ 二宗於該對確無共用頂點

   ── 判別力二造（證本距量測**⛔ 恆大**亦**⛔ 恆小**）──
      造甲[已知<u>共用頂點 2</u>之對] `628-18(2)` ─ `628-7(2)` ⇒ 最近點距 ＝ **0.000000000000 m** （期 < `QK` ＝ 1e-06）⇒ ✅
      造乙[受詞對] `628-45(1)+` ─ `628-18(2)` ⇒ 最近點距 ＝ **3.323450107879 m**（期 ≥ `QK`）⇒ ✅
      ⇒ **器非紅**（一造 < `QK`、一造 ≥ `QK` ⇒ 本量⛔ 恆大亦⛔ 恆小）✅

────────────────────────────────────────────────────────────────────────────────────────────────────────────────────
【乙】`R6·right` 之退化宗 `628-53(1)` 是否**繫於 `K-9-12`**（矩形容納轉主動後是否離開配地母體）？
────────────────────────────────────────────────────────────────────────────────────────────────────────────────────
🔒 **當次實跑**之 `got_*.csv`（⛔ `verify/baselines`·`GB-162`）：2 支
   - got_G值_退縮0m.csv  （16718 B·mtime 2026-09-12 15:17:10）
   - got_G值_退縮3.5m.csv  （17565 B·mtime 2026-09-12 15:17:20）
   ⇒ 取 **got_G值_退縮3.5m.csv**

🔒 **表頭逐字取自落檔**（坑 `ai`：⛔ 憑字形猜鍵）·共 50 欄、59 列
   `驗_` 系欄（逐字 ＋ 碼點）：
      `驗_A幾何`                 U+9A57 U+005F U+0041 U+5E7E U+4F55
      `驗_A_W`                 U+9A57 U+005F U+0041 U+005F U+0057
      `驗_A_D`                 U+9A57 U+005F U+0041 U+005F U+0044
      `驗_A_命中角`               U+9A57 U+005F U+0041 U+005F U+547D U+4E2D U+89D2
      `驗_A_理由`                U+9A57 U+005F U+0041 U+005F U+7406 U+7531
      `驗_B藍影`                 U+9A57 U+005F U+0042 U+85CD U+5F71
      `驗_B_G`                 U+9A57 U+005F U+0042 U+005F U+0047
      `驗_B_藍影面積`              U+9A57 U+005F U+0042 U+005F U+85CD U+5F71 U+9762 U+7A4D
      `驗_B_Δ`                 U+9A57 U+005F U+0042 U+005F U+0394
      `驗_B_臨正街`               U+9A57 U+005F U+0042 U+005F U+81E8 U+6B63 U+8857
      `驗_B_臨屁股`               U+9A57 U+005F U+0042 U+005F U+81E8 U+5C41 U+80A1
      `驗_C面積`                 U+9A57 U+005F U+0043 U+9762 U+7A4D
      `驗_C_G`                 U+9A57 U+005F U+0043 U+005F U+0047
      `驗_C_e`                 U+9A57 U+005F U+0043 U+005F U+0065
      `驗_C_街角範圍面積`            U+9A57 U+005F U+0043 U+005F U+8857 U+89D2 U+7BC4 U+570D U+9762 U+7A4D
      `驗_C_門檻`                U+9A57 U+005F U+0043 U+005F U+9580 U+6ABB
      `驗_C_Δ`                 U+9A57 U+005F U+0043 U+005F U+0394
      `驗_總判`                  U+9A57 U+005F U+7E3D U+5224
      `驗_rejected`            U+9A57 U+005F U+0072 U+0065 U+006A U+0065 U+0063 U+0074 U+0065 U+0064
      `驗_鏈`                   U+9A57 U+005F U+93C8
      `驗_宗序`                  U+9A57 U+005F U+5B97 U+5E8F
      `驗_不可判輸入`               U+9A57 U+005F U+4E0D U+53EF U+5224 U+8F38 U+5165

   ── 各 `驗_` 欄之**非空列數**（坑 `al`：母體 `0` ⇒ loud 拒測）──
      驗_A幾何                  非空   45 ／   59
      驗_A_W                  非空   39 ／   59
      驗_A_D                  非空   39 ／   59
      驗_A_命中角                非空   19 ／   59
      驗_A_理由                 非空   39 ／   59
      驗_B藍影                  非空   45 ／   59
      驗_B_G                  非空   45 ／   59
      驗_B_藍影面積               非空    5 ／   59
      驗_B_Δ                  非空    5 ／   59
      驗_B_臨正街                非空    5 ／   59
      驗_B_臨屁股                非空    5 ／   59
      驗_C面積                  非空   45 ／   59
      驗_C_G                  非空   45 ／   59
      驗_C_e                  非空   45 ／   59
      驗_C_街角範圍面積             非空   28 ／   59
      驗_C_門檻                 非空    6 ／   59
      驗_C_Δ                  非空    6 ／   59
      驗_總判                   非空   45 ／   59
      驗_rejected             非空   45 ／   59
      驗_鏈                    非空   45 ／   59
      驗_宗序                   非空   45 ／   59
      驗_不可判輸入                非空    0 ／   59

   ── 欄 `驗_A幾何` 之**全體值分布**（坑 `ao` 法①）──
      不合格              20 列
      合格               19 列
      (空)              14 列
      不適用               6 列

   ── 欄 `驗_B藍影` 之**全體值分布**（坑 `ao` 法①）──
      不適用              40 列
      (空)              14 列
      合格                5 列

   ── 欄 `驗_C面積` 之**全體值分布**（坑 `ao` 法①）──
      不適用              39 列
      (空)              14 列
      合格                6 列

   ── 欄 `驗_總判` 之**全體值分布**（坑 `ao` 法①）──
      保留               25 列
      剔除               20 列
      (空)              14 列

   ── 欄 `驗_rejected` 之**全體值分布**（坑 `ao` 法①）──
      False            25 列
      True             20 列
      (空)              14 列

   ── 受詞 `628-53(1)`＠`R6·right` 之逐欄值 ──
      所屬街廓                   R6
      推進側別                   right
      暫編地號                   628-53(1)
      G(㎡)                   0.26
      宗地寬度(m)                0.01
      街角地                    否
      驗_A幾何                  不合格
      驗_A_W                  3.5
      驗_A_D                  14.0
      驗_A_命中角                ⛔ 可得
      驗_A_理由                 面積 < W×D（必要條件不成立）
      驗_B藍影                  合格
      驗_B_G                  0.26
      驗_B_藍影面積               4.5e-05
      驗_B_Δ                  0.259955
      驗_B_臨正街                0.00787
      驗_B_臨屁股                0.007858
      驗_C面積                  不適用
      驗_C_G                  0.26
      驗_C_e                  0.0
      驗_C_街角範圍面積             299.134509
      驗_C_門檻                 —
      驗_C_Δ                  —
      驗_總判                   剔除
      驗_rejected             True
      驗_鏈                    right
      驗_宗序                   第2宗
      驗_不可判輸入                —

   ── 機械判（⛔ 推定）──
      🔑 **`K-9-12` 之欄 ＝ `驗_A幾何`**（⛔ `驗_rejected`——其為 `any(A,B,C)` 之複合）
      受詞之 `驗_A幾何` ＝ **不合格**
        驗_A_W            3.5
        驗_A_D            14.0
        驗_A_理由           面積 < W×D（必要條件不成立）
        驗_A_命中角          ⛔ 可得
      該情境下 `驗_A幾何` ＝ '不合格' 之宗數 ＝ **20** ／ 59
      ⇒ **繫屬之判**：其 `驗_A幾何` ＝ '不合格' ⇒ 🔴 **繫於 `K-9-12`**（閘二判其不合格 ⇒ 矩形容納轉主動後該宗離開配地母體）
      （併陳·⛔ 為受詞）`驗_rejected` ＝ True ／ `驗_總判` ＝ 剔除

====================================================================================================================
🔒 本器**⛔ 作成 `GB-160` 之結清判**（裁歸發單側·單 `§三` 明令）；亦**⛔ 調任何容差**。
