母體 ＝ HEAD 之追蹤 .md ＝ 728 檔

── 受詢 GB-164 ──────────────────────────────
   B 形(裸·錨定)                    檔    6 ／ 列   26   框(逐字)= (?<![0-9\-])GB\-164(?![0-9])
       · docs/orders/W-G.9-270_補令一_KL二裁與GB164.md:1  # W-G.9-270　補令一（KL 二裁之登記 ／ **`GB-164` 梯次門檻之跨機不可判帶** ／ `自誤 368`）
       · docs/orders/W-G.9-270_補令一_KL二裁與GB164.md:55  ## §三　🔴 `GB-164`（授權鑄之）：**梯次門檻之跨機不可判帶**
       · docs/orders/W-G.9-270_補令一_KL二裁與GB164.md:76  ### 三-2　`GB-164` 之受詞（逐字）
       · docs/orders/W-G.9-270_補令一_KL二裁與GB164.md:105  🔒 **本補令得鑄者 ＝ `GB-164`、`自誤 368` 二號；⛔ 逾此。**
       · docs/orders/W-G.9-270_補令一_KL二裁與GB164.md:117  | `6` | 本補令之工項零 ＋ 鑄 `GB-164`／`自誤 368` ＋ `§一` 二裁入倉（其落點 ＝ **`docs/W-D.4_合併分配規格.md` 之末端追加**·⛔ 追改其原文） |
       · docs/orders/W-G.9-270_補令一_KL二裁與GB164.md:122  🛑 **本批⛔ 辦**：`K-9-12` 之任何修法主張／`GB-164` 之落地／三阻塞項之**結清裁**（裁歸發單側）。
       · docs/orders/W-G.9-270_補令三_p6交錯檢與二數之更正.md:84  🛑 **在本項答畢前，`GB-164` 之帶與距皆須<u>二值並報</u>**（`115.85` ⋀ `115.88`），⛔ 擇一。
       · docs/orders/W-G.9-270_補令三_p6交錯檢與二數之更正.md:92  🛑 **`GB-164`／`自誤 368` ⛔ 本窗鑄**（其授權在補令一·由新窗辦）。
       · docs/orders/W-G.9-270_補令三_p6交錯檢與二數之更正.md:106  | `5` | `W-G.9-270` **結案報告**：三項現況（`GB-163` 已結清／`GB-160` 射程收窄·未結／`GB-162` 未結）＋ `p5`／`p6`／`p7` 之結果 ＋ 未結阻塞項清單（`GB-159`／`160`／`162`／`165`·**`GB-
       · docs/orders/W-G.9-270_補令三_p6交錯檢與二數之更正.md:110  🛑 **本批⛔ 辦**：`K-9-12`／`GB-164` 之落地／`GB-165` 之落地／`GB-162` `(b)(c)`／`R5·left` 閘 `γ` 受詞之改／補令一之任何工項。
       · docs/orders/W-G.9-270_補令二_三阻塞項之結清裁.md:105  （連同補令一 `§五` 所授之 `GB-164`／`自誤 368`，**尚未鑄者合計三號**。次號當場現查；**四簿之框各自具名其出處**·⛔ 冠單一框名。）
       · docs/orders/W-G.9-270_補令二_三阻塞項之結清裁.md:117  | `3` | **補令一**（`file sha256 af2ba742d2f93a77…`）之全部工項——其 `§六` 序 `6`〜`7`（KL 二裁入倉 ＋ 鑄 `GB-164`／`自誤 368` ＋ `p4` 四款） | 主線 |
       · docs/orders/W-G.9-270_補令二_三阻塞項之結清裁.md:122  🛑 **本批⛔ 辦**：`K-9-12` 之任何修法主張／`GB-164` 之落地／`GB-165` 之落地／`GB-162` `(b)(c)` 之落地／`R5·left` 閘 `γ` 受詞之改。
       · docs/reports/W-G.4_泛用阻塞項登記表.md:6551  ——其**非漏鑄**，而係 **`GB-164` 之授權在補令一**（`file sha256 af2ba742d2f93a77…`），
       · docs/reports/W-G.9-270R2_補令二_結案報告.md:8  > 🛑 **本報告⛔ 載**：`K-9-12` 之任何修法主張／`GB-164` 之落地／`GB-165` 之落地／
       · docs/reports/W-G.9-270R2_補令二_結案報告.md:41  🛑 ⇒ 本報告**⛔ 列 `GB-164`**（其授權在補令一）——KL 序改令逐字。
       · docs/reports/W-G.9-270R2_補令二_結案報告.md:88  其**非漏鑄**——`GB-164` 之授權在**補令一**，而該補令⛔ 送達本窗（KL 明令改由新窗辦）。
       · docs/reports/W-G.9-270R2_補令二_結案報告.md:330  ### 四-2　**未結阻塞項清單**（🛑 `GB-164` **⛔ 列入**——其授權在補令一·本窗未收到）
       · docs/reports/W-G.9-270R2_補令二_結案報告.md:447  本窗依 KL 之令**⛔ 接**。**新窗之工項零即其原封入倉**；其 `§五` 授權 **`GB-164`／`自誤 368`**。
       · docs/reports/W-G.9-270R2_補令二_結案報告.md:450  4. **未結阻塞項**：`GB-159`／`GB-160`／`GB-162`／`GB-165`（＋新窗將鑄之 `GB-164`）。
       · docs/reports/W-G.9-270R2_補令二_結案報告.md:584  | `1` | `常規四（九）二` 閘 `②`：「MAX 須由 `N-1` 轉為 `N`，且 `N` ⛔ 在缺號集」 | `(甲)` 嚴守字面 ⇒ 本批⛔ 得鑄 `GB-165`（因 `164` 未鑄）／`(乙)` 依補令二 `§七` 之明文授權鑄 `GB-165`，並具名 `1
       · docs/reports/W-G.9-270R3_補令三_p6p7.md:6  > 🛑 **本批⛔ 辦**：`K-9-12`／`GB-164` 之落地／`GB-165` 之落地／`GB-162` `(b)(c)`／
       · docs/reports/W-G.9-270R3_補令三_p6p7.md:242  ### 五-3　**未結阻塞項清單**（🛑 `GB-164` **⛔ 列入**——其授權在補令一）
       · docs/reports/W-G.9-270R3_補令三_p6p7.md:292  本窗依 KL 之令**⛔ 接、⛔ 入倉**；其 `§五` 授權 **`GB-164`／`自誤 368`**。
       · docs/reports/W-G.9-270R3_補令三_p6p7.md:296  4. **未結阻塞項**：`GB-159`／`GB-160`／`GB-162`／`GB-165`（＋新窗將鑄之 `GB-164`）。
       · docs/reports/W-G.9-270R3_補令三_p6p7.md:301  🛑 **`GB-164` 之帶與距在 `p7` 答畢前須二值並報**（補令三 `§四` 明令）——
   C 形(反引號包全 token)             檔    6 ／ 列   26   框(逐字)= (?<![0-9\-])`GB\-164`(?![0-9])
       · docs/orders/W-G.9-270_補令一_KL二裁與GB164.md:1  # W-G.9-270　補令一（KL 二裁之登記 ／ **`GB-164` 梯次門檻之跨機不可判帶** ／ `自誤 368`）
       · docs/orders/W-G.9-270_補令一_KL二裁與GB164.md:55  ## §三　🔴 `GB-164`（授權鑄之）：**梯次門檻之跨機不可判帶**
       · docs/orders/W-G.9-270_補令一_KL二裁與GB164.md:76  ### 三-2　`GB-164` 之受詞（逐字）
       · docs/orders/W-G.9-270_補令一_KL二裁與GB164.md:105  🔒 **本補令得鑄者 ＝ `GB-164`、`自誤 368` 二號；⛔ 逾此。**
       · docs/orders/W-G.9-270_補令一_KL二裁與GB164.md:117  | `6` | 本補令之工項零 ＋ 鑄 `GB-164`／`自誤 368` ＋ `§一` 二裁入倉（其落點 ＝ **`docs/W-D.4_合併分配規格.md` 之末端追加**·⛔ 追改其原文） |
       · docs/orders/W-G.9-270_補令一_KL二裁與GB164.md:122  🛑 **本批⛔ 辦**：`K-9-12` 之任何修法主張／`GB-164` 之落地／三阻塞項之**結清裁**（裁歸發單側）。
       · docs/orders/W-G.9-270_補令三_p6交錯檢與二數之更正.md:84  🛑 **在本項答畢前，`GB-164` 之帶與距皆須<u>二值並報</u>**（`115.85` ⋀ `115.88`），⛔ 擇一。
       · docs/orders/W-G.9-270_補令三_p6交錯檢與二數之更正.md:92  🛑 **`GB-164`／`自誤 368` ⛔ 本窗鑄**（其授權在補令一·由新窗辦）。
       · docs/orders/W-G.9-270_補令三_p6交錯檢與二數之更正.md:106  | `5` | `W-G.9-270` **結案報告**：三項現況（`GB-163` 已結清／`GB-160` 射程收窄·未結／`GB-162` 未結）＋ `p5`／`p6`／`p7` 之結果 ＋ 未結阻塞項清單（`GB-159`／`160`／`162`／`165`·**`GB-
       · docs/orders/W-G.9-270_補令三_p6交錯檢與二數之更正.md:110  🛑 **本批⛔ 辦**：`K-9-12`／`GB-164` 之落地／`GB-165` 之落地／`GB-162` `(b)(c)`／`R5·left` 閘 `γ` 受詞之改／補令一之任何工項。
       · docs/orders/W-G.9-270_補令二_三阻塞項之結清裁.md:105  （連同補令一 `§五` 所授之 `GB-164`／`自誤 368`，**尚未鑄者合計三號**。次號當場現查；**四簿之框各自具名其出處**·⛔ 冠單一框名。）
       · docs/orders/W-G.9-270_補令二_三阻塞項之結清裁.md:117  | `3` | **補令一**（`file sha256 af2ba742d2f93a77…`）之全部工項——其 `§六` 序 `6`〜`7`（KL 二裁入倉 ＋ 鑄 `GB-164`／`自誤 368` ＋ `p4` 四款） | 主線 |
       · docs/orders/W-G.9-270_補令二_三阻塞項之結清裁.md:122  🛑 **本批⛔ 辦**：`K-9-12` 之任何修法主張／`GB-164` 之落地／`GB-165` 之落地／`GB-162` `(b)(c)` 之落地／`R5·left` 閘 `γ` 受詞之改。
       · docs/reports/W-G.4_泛用阻塞項登記表.md:6551  ——其**非漏鑄**，而係 **`GB-164` 之授權在補令一**（`file sha256 af2ba742d2f93a77…`），
       · docs/reports/W-G.9-270R2_補令二_結案報告.md:8  > 🛑 **本報告⛔ 載**：`K-9-12` 之任何修法主張／`GB-164` 之落地／`GB-165` 之落地／
       · docs/reports/W-G.9-270R2_補令二_結案報告.md:41  🛑 ⇒ 本報告**⛔ 列 `GB-164`**（其授權在補令一）——KL 序改令逐字。
       · docs/reports/W-G.9-270R2_補令二_結案報告.md:88  其**非漏鑄**——`GB-164` 之授權在**補令一**，而該補令⛔ 送達本窗（KL 明令改由新窗辦）。
       · docs/reports/W-G.9-270R2_補令二_結案報告.md:330  ### 四-2　**未結阻塞項清單**（🛑 `GB-164` **⛔ 列入**——其授權在補令一·本窗未收到）
       · docs/reports/W-G.9-270R2_補令二_結案報告.md:447  本窗依 KL 之令**⛔ 接**。**新窗之工項零即其原封入倉**；其 `§五` 授權 **`GB-164`／`自誤 368`**。
       · docs/reports/W-G.9-270R2_補令二_結案報告.md:450  4. **未結阻塞項**：`GB-159`／`GB-160`／`GB-162`／`GB-165`（＋新窗將鑄之 `GB-164`）。
       · docs/reports/W-G.9-270R2_補令二_結案報告.md:584  | `1` | `常規四（九）二` 閘 `②`：「MAX 須由 `N-1` 轉為 `N`，且 `N` ⛔ 在缺號集」 | `(甲)` 嚴守字面 ⇒ 本批⛔ 得鑄 `GB-165`（因 `164` 未鑄）／`(乙)` 依補令二 `§七` 之明文授權鑄 `GB-165`，並具名 `1
       · docs/reports/W-G.9-270R3_補令三_p6p7.md:6  > 🛑 **本批⛔ 辦**：`K-9-12`／`GB-164` 之落地／`GB-165` 之落地／`GB-162` `(b)(c)`／
       · docs/reports/W-G.9-270R3_補令三_p6p7.md:242  ### 五-3　**未結阻塞項清單**（🛑 `GB-164` **⛔ 列入**——其授權在補令一）
       · docs/reports/W-G.9-270R3_補令三_p6p7.md:292  本窗依 KL 之令**⛔ 接、⛔ 入倉**；其 `§五` 授權 **`GB-164`／`自誤 368`**。
       · docs/reports/W-G.9-270R3_補令三_p6p7.md:296  4. **未結阻塞項**：`GB-159`／`GB-160`／`GB-162`／`GB-165`（＋新窗將鑄之 `GB-164`）。
       · docs/reports/W-G.9-270R3_補令三_p6p7.md:301  🛑 **`GB-164` 之帶與距在 `p7` 答畢前須二值並報**（補令三 `§四` 明令）——

── 受詢 自誤 368 ──────────────────────────────
   B 形(裸·錨定)                    檔    6 ／ 列   13   框(逐字)= (?<![0-9\-])自誤\ 368(?![0-9])
       · docs/orders/W-G.9-270_補令一_KL二裁與GB164.md:1  # W-G.9-270　補令一（KL 二裁之登記 ／ **`GB-164` 梯次門檻之跨機不可判帶** ／ `自誤 368`）
       · docs/orders/W-G.9-270_補令一_KL二裁與GB164.md:46  ## §二　`自誤 368`（責 ＝ **發單側**）
       · docs/orders/W-G.9-270_補令一_KL二裁與GB164.md:105  🔒 **本補令得鑄者 ＝ `GB-164`、`自誤 368` 二號；⛔ 逾此。**
       · docs/orders/W-G.9-270_補令一_KL二裁與GB164.md:117  | `6` | 本補令之工項零 ＋ 鑄 `GB-164`／`自誤 368` ＋ `§一` 二裁入倉（其落點 ＝ **`docs/W-D.4_合併分配規格.md` 之末端追加**·⛔ 追改其原文） |
       · docs/orders/W-G.9-270_補令三_p6交錯檢與二數之更正.md:92  🛑 **`GB-164`／`自誤 368` ⛔ 本窗鑄**（其授權在補令一·由新窗辦）。
       · docs/orders/W-G.9-270_補令二_三阻塞項之結清裁.md:105  （連同補令一 `§五` 所授之 `GB-164`／`自誤 368`，**尚未鑄者合計三號**。次號當場現查；**四簿之框各自具名其出處**·⛔ 冠單一框名。）
       · docs/orders/W-G.9-270_補令二_三阻塞項之結清裁.md:117  | `3` | **補令一**（`file sha256 af2ba742d2f93a77…`）之全部工項——其 `§六` 序 `6`〜`7`（KL 二裁入倉 ＋ 鑄 `GB-164`／`自誤 368` ＋ `p4` 四款） | 主線 |
       · docs/reports/W-G.9-270R2_補令二_結案報告.md:447  本窗依 KL 之令**⛔ 接**。**新窗之工項零即其原封入倉**；其 `§五` 授權 **`GB-164`／`自誤 368`**。
       · docs/reports/W-G.9-270R2_補令二_結案報告.md:584  | `1` | `常規四（九）二` 閘 `②`：「MAX 須由 `N-1` 轉為 `N`，且 `N` ⛔ 在缺號集」 | `(甲)` 嚴守字面 ⇒ 本批⛔ 得鑄 `GB-165`（因 `164` 未鑄）／`(乙)` 依補令二 `§七` 之明文授權鑄 `GB-165`，並具名 `1
       · docs/reports/W-G.9-270R3_補令三_p6p7.md:292  本窗依 KL 之令**⛔ 接、⛔ 入倉**；其 `§五` 授權 **`GB-164`／`自誤 368`**。
       · docs/reports/W-G.9波_claude.ai側自誤登記.md:8704  `## 🗄️ \`自誤 368\` 之**留空登記**…`，**該形恰符 `VR-091 四` 之定義框**
       · docs/reports/W-G.9波_claude.ai側自誤登記.md:8711  🔒 **`自誤 368` 之授權在<u>補令一</u>**（`W-G.9-270 補令一`·`file sha256 af2ba742d2f93a77…`），
       · docs/reports/W-G.9波_claude.ai側自誤登記.md:8716  **二形並取**〔`自誤 368` ⋀ `` `自誤 368` ``〕·錨定框）：**裸形 `4` 列／C形 `4` 列／`2` 檔**，
   C 形(反引號包全 token)             檔    6 ／ 列   12   框(逐字)= (?<![0-9\-])`自誤\ 368`(?![0-9])
       · docs/orders/W-G.9-270_補令一_KL二裁與GB164.md:1  # W-G.9-270　補令一（KL 二裁之登記 ／ **`GB-164` 梯次門檻之跨機不可判帶** ／ `自誤 368`）
       · docs/orders/W-G.9-270_補令一_KL二裁與GB164.md:46  ## §二　`自誤 368`（責 ＝ **發單側**）
       · docs/orders/W-G.9-270_補令一_KL二裁與GB164.md:105  🔒 **本補令得鑄者 ＝ `GB-164`、`自誤 368` 二號；⛔ 逾此。**
       · docs/orders/W-G.9-270_補令一_KL二裁與GB164.md:117  | `6` | 本補令之工項零 ＋ 鑄 `GB-164`／`自誤 368` ＋ `§一` 二裁入倉（其落點 ＝ **`docs/W-D.4_合併分配規格.md` 之末端追加**·⛔ 追改其原文） |
       · docs/orders/W-G.9-270_補令三_p6交錯檢與二數之更正.md:92  🛑 **`GB-164`／`自誤 368` ⛔ 本窗鑄**（其授權在補令一·由新窗辦）。
       · docs/orders/W-G.9-270_補令二_三阻塞項之結清裁.md:105  （連同補令一 `§五` 所授之 `GB-164`／`自誤 368`，**尚未鑄者合計三號**。次號當場現查；**四簿之框各自具名其出處**·⛔ 冠單一框名。）
       · docs/orders/W-G.9-270_補令二_三阻塞項之結清裁.md:117  | `3` | **補令一**（`file sha256 af2ba742d2f93a77…`）之全部工項——其 `§六` 序 `6`〜`7`（KL 二裁入倉 ＋ 鑄 `GB-164`／`自誤 368` ＋ `p4` 四款） | 主線 |
       · docs/reports/W-G.9-270R2_補令二_結案報告.md:447  本窗依 KL 之令**⛔ 接**。**新窗之工項零即其原封入倉**；其 `§五` 授權 **`GB-164`／`自誤 368`**。
       · docs/reports/W-G.9-270R2_補令二_結案報告.md:584  | `1` | `常規四（九）二` 閘 `②`：「MAX 須由 `N-1` 轉為 `N`，且 `N` ⛔ 在缺號集」 | `(甲)` 嚴守字面 ⇒ 本批⛔ 得鑄 `GB-165`（因 `164` 未鑄）／`(乙)` 依補令二 `§七` 之明文授權鑄 `GB-165`，並具名 `1
       · docs/reports/W-G.9-270R3_補令三_p6p7.md:292  本窗依 KL 之令**⛔ 接、⛔ 入倉**；其 `§五` 授權 **`GB-164`／`自誤 368`**。
       · docs/reports/W-G.9波_claude.ai側自誤登記.md:8711  🔒 **`自誤 368` 之授權在<u>補令一</u>**（`W-G.9-270 補令一`·`file sha256 af2ba742d2f93a77…`），
       · docs/reports/W-G.9波_claude.ai側自誤登記.md:8716  **二形並取**〔`自誤 368` ⋀ `` `自誤 368` ``〕·錨定框）：**裸形 `4` 列／C形 `4` 列／`2` 檔**，

── 對照甲 GB-165(已鑄) ──────────────────────────────
   B 形(裸·錨定)                    檔    6 ／ 列   48   框(逐字)= (?<![0-9\-])GB\-165(?![0-9])
   C 形(反引號包全 token)             檔    6 ／ 列   46   框(逐字)= (?<![0-9\-])`GB\-165`(?![0-9])

── 對照甲 自誤 371(已鑄) ──────────────────────────────
   B 形(裸·錨定)                    檔    3 ／ 列    4   框(逐字)= (?<![0-9\-])自誤\ 371(?![0-9])
   C 形(反引號包全 token)             檔    3 ／ 列    4   框(逐字)= (?<![0-9\-])`自誤\ 371`(?![0-9])

── 對照乙 人造哨兵(字面⛔ 出艙) ──────────────────────────────
   B 形(裸·錨定)                    檔    0 ／ 列    0   框(逐字)= 〔代稱·字面⛔ 出艙·GB-147〕
   C 形(反引號包全 token)             檔    0 ／ 列    0   框(逐字)= 〔代稱·字面⛔ 出艙·GB-147〕
