============================================================================================================
【退縮 0m】 改前檔 = got_G值_退縮0m_partial.csv（21 列） ／ 改後檔 = got_G值_退縮0m.csv（59 列）
============================================================================================================
  欄名 = ['暫編地號', '原地號', '所屬街廓', '重劃前區段', 'a 面積(㎡)', '街廓面積(㎡)', '正面長度(m)', '平均深度(m)', 'A 地價比', 'l₂ 正面尺度', 'l₁ 側面尺度', '街角地', '第1筆街角', '街角側別', 'F(m)', 'W(m)', 'Rw(%)', 'S(m)', '幾何面積(㎡)', 'G(㎡)', '累積S(m)', '推進側別', '解法', '迭代次數', '是否收斂', '負擔比率', '宗地寬度(m)', '畸零地旗標', '驗_A幾何', '驗_A_W', '驗_A_D', '驗_A_命中角', '驗_A_理由', '驗_B藍影', '驗_B_G', '驗_B_藍影面積', '驗_B_Δ', '驗_B_臨正街', '驗_B_臨屁股', '驗_C面積', '驗_C_G', '驗_C_e', '驗_C_街角範圍面積', '驗_C_門檻', '驗_C_Δ', '驗_總判', '驗_rejected', '驗_鏈', '驗_宗序', '驗_不可判輸入']
  鍵 = 暫編地號 ／ G 欄 = G(㎡)
  改前 21 宗 ／ 改後 59 宗 ／ **共同鍵 21 宗**
  ⰿ 共同之改後宗（改前中止所致·⛔ 得計入差異表）= 38

  可比 21 宗 ／ |ΔG| ≥ 0.005 ㎡ 者 6 宗
  ΣΔG（帶號）= +3.2900 ㎡ ／ Σ|ΔG|（絕對值）= 10.4700 ㎡
  值域 min = -3.5900 ㎡  ⇐ 宗 628-42(1)（街廓 R2·歸戶 —）
  值域 max = +3.5100 ㎡  ⇐ 宗 628-39(1)（街廓 R2·歸戶 —）

  ── |ΔG| ≥ 0.005 ㎡ 之逐宗（升冪）──
  宗                街廓     歸戶                   改前 G         改後 G           ΔG
  628-42(1)        R2     —                  3.8200       0.2300      -3.5900
  628-27(1)        R2     —                 29.0800      29.2600      +0.1800
  628-30(2)        R2     —                 86.6600      87.2300      +0.5700
  628-31(2)        R2     —                390.9800     391.6800      +0.7000
  628-40(1)+       R2     —                293.4800     295.4000      +1.9200
  628-39(1)        R2     —                229.7200     233.2300      +3.5100

============================================================================================================
【退縮 3.5m】 改前檔 = got_G值_退縮3.5m_partial.csv（47 列） ／ 改後檔 = got_G值_退縮3.5m.csv（60 列）
============================================================================================================
  欄名 = ['暫編地號', '原地號', '所屬街廓', '重劃前區段', 'a 面積(㎡)', '街廓面積(㎡)', '正面長度(m)', '平均深度(m)', 'A 地價比', 'l₂ 正面尺度', 'l₁ 側面尺度', '街角地', '第1筆街角', '街角側別', 'F(m)', 'W(m)', 'Rw(%)', 'S(m)', '幾何面積(㎡)', 'G(㎡)', '累積S(m)', '推進側別', '解法', '迭代次數', '是否收斂', '負擔比率', '宗地寬度(m)', '畸零地旗標', '驗_A幾何', '驗_A_W', '驗_A_D', '驗_A_命中角', '驗_A_理由', '驗_B藍影', '驗_B_G', '驗_B_藍影面積', '驗_B_Δ', '驗_B_臨正街', '驗_B_臨屁股', '驗_C面積', '驗_C_G', '驗_C_e', '驗_C_街角範圍面積', '驗_C_門檻', '驗_C_Δ', '驗_總判', '驗_rejected', '驗_鏈', '驗_宗序', '驗_不可判輸入']
  鍵 = 暫編地號 ／ G 欄 = G(㎡)
  改前 47 宗 ／ 改後 60 宗 ／ **共同鍵 47 宗**
  ⰿ 共同之改後宗（改前中止所致·⛔ 得計入差異表）= 13

  可比 47 宗 ／ |ΔG| ≥ 0.005 ㎡ 者 5 宗
  ΣΔG（帶號）= +4.3900 ㎡ ／ Σ|ΔG|（絕對值）= 6.3700 ㎡
  值域 min = -0.9900 ㎡  ⇐ 宗 628-53(2)（街廓 R5·歸戶 —）
  值域 max = +3.6000 ㎡  ⇐ 宗 628-7(2)（街廓 R5·歸戶 —）

  ── |ΔG| ≥ 0.005 ㎡ 之逐宗（升冪）──
  宗                街廓     歸戶                   改前 G         改後 G           ΔG
  628-53(2)        R5     —                  0.9900       0.0000      -0.9900
  628-32(1)        R5     —                  3.0800       3.1400      +0.0600
  628-31(1)        R5     —                 10.4600      10.7000      +0.2400
  628-18(2)        R5     —                213.0600     214.5400      +1.4800
  628-7(2)         R5     —                247.1600     250.7600      +3.6000

