================================================================================================================
【`W-G.9-270` 補令三 序 `1`】`自誤` 之取號現查（態 ＝ `f2dc3725644d`）
================================================================================================================
── 一　**定義框**求 MAX（`常規四（八）`：⛔ 裸框）──
   母體 ＝ `docs/reports/W-G.9波_claude.ai側自誤登記.md` **單檔**（`741752` B／`8696` 列）
   框 ＝ `VR-091 四` 之**定義框 ＋ 範圍框**（逐字見本器 docstring·⛔ `:779` 寬形）
   相異 ＝ **357**（範圍框之標題 9 條）／**MAX ＝ 367**／MIN ＝ 7
   缺號集 `[MIN..MAX]`（已扣靜態清單 `1`–`6`）＝ [106, 355, 356, 357]
   ⇒ **次號 ＝ 368**

── 二　**意指占用**（母體 ＝ 全倉追蹤 `.md`·**二形並取**·錨定框）──
   母體 ＝ 追蹤 `.md` **725** 檔（讀不到 0）
   號        角色                     裸形 列         C形 列         檔數(聯集)
   368      受詢                     4            4            2
   369      受詢                     4            4            1
   370      受詢                     0            0            0
   371      受詢                     0            0            0
   367      對照甲·已鑄·須 ≥1            10           9            3
   ⟨NEG⟩    對照乙·人造·須 =0            0            0            0
   【量測器自證】對照甲(須≥1) ⇒ ✅ ／ 對照乙(須=0) ⇒ ✅

── 三　受詢之**逐筆歸類**（`裁 H` 二：命中數本身⛔ 判準）──
   **`自誤 368`** ⇒ 命中 **4** 筆（2 檔）
      docs/orders/W-G.9-270_補令二_三阻塞項之結清裁.md:105
         （連同補令一 `§五` 所授之 `GB-164`／`自誤 368`，**尚未鑄者合計三號**。次號當場現查；**四簿之框各自具名其出處**·⛔ 冠單一框名。）
      docs/orders/W-G.9-270_補令二_三阻塞項之結清裁.md:117
         | `3` | **補令一**（`file sha256 af2ba742d2f93a77…`）之全部工項——其 `§六` 序 `6`〜`7`（KL 二裁入倉 ＋ 鑄 `GB-164`／`自誤 368` ＋ `p4` 四款） | 主線 |
      docs/reports/W-G.9-270R2_補令二_結案報告.md:447
         本窗依 KL 之令**⛔ 接**。**新窗之工項零即其原封入倉**；其 `§五` 授權 **`GB-164`／`自誤 368`**。
      docs/reports/W-G.9-270R2_補令二_結案報告.md:584
         | `1` | `常規四（九）二` 閘 `②`：「MAX 須由 `N-1` 轉為 `N`，且 `N` ⛔ 在缺號集」 | `(甲)` 嚴守字面 ⇒ 本批⛔ 得鑄 `GB-165`（因 `164` 未鑄）／`(乙)` 依補令二 `§七` 之明文授權鑄 `GB-165`，並具名 `1
   **`自誤 369`** ⇒ 命中 **4** 筆（1 檔）
      docs/reports/W-G.9-270R2_補令二_結案報告.md:193
         該欄與正典落檔 `got_抵費地_*.csv` **同名而異物**·發單側 **`自誤 369`**）」。
      docs/reports/W-G.9-270R2_補令二_結案報告.md:207
         🔒 **`自誤 369` 之鑄⛔ 在本批之授權內**（補令二 `§七`：得鑄者僅 `GB-165` 一號）⇒ **只登記，⛔ 鑄**。
      docs/reports/W-G.9-270R2_補令二_結案報告.md:310
         **⛔ 判任何一項為缺陷**；**⛔ 作任何處置主張**；**⛔ 改任何生產碼一字**；**⛔ 鑄 `自誤 369`**（⛔ 在本批授權內）。
      docs/reports/W-G.9-270R2_補令二_結案報告.md:453
         7. **🛑 `自誤 369` 待<u>發單側</u>鑄**——KL 於序改二中具名之（責 ＝ 發單側·受詞 ＝
   **`自誤 370`** ⇒ 命中 **0** 筆（0 檔）
      （無）
   **`自誤 371`** ⇒ 命中 **0** 筆（0 檔）
      （無）
