
====================================================================================================================================
【`SB` ＝ 0.0 m·態甲】**逐閘執行次數**：`solve_G_binary` **149**／`_mp_base_W0` **0**／`_advance_block_with_split` **11**／`_build_corner_range_v3` **24**（段 **8**）／`_corner_buffer_S` **1**（段內 **1**）／`k956_W_from_mp` 生產錄 **0**
　`run_step_g` 終局 ＝ （未拋）；`(甲)` 上溯命中率 ＝ `97`／`149`；`blk_label` 存在率：守衛 `11`／`11`
====================================================================================================================================
🔒 `forced` 格 ＝ **1**（R4/left）

────────────────────────────────────────────────────────────────────────────────────────────────────────────────────────────────────
### `R4`／`left`＠`SB = 0.0`
  **款 `2`**　守衛 `not _degenerate_order and _N > 1` 之**各分項**（⛔ 只報合取·⛔ 轉引前批）
      `_degenerate_order` ＝ `False`（鍵存在 True）／`_N` ＝ `1`（鍵存在 True）／呼叫列 `1017` ⇒ `not _deg` ＝ **True**／`_N > 1` ＝ **False** ⇒ 合取 ＝ **False**
  **款 `3`**　可得之格之逐位對拍（母體 ＝ `drive()` 期間之**前綴**·⛔ 含器自身之輸出）
      生產錄 ＝ **0** 筆／器自身已追加 ＝ **1** 筆（**後者⛔ 入母體**）
      器以**現行 `buf`** 重建之 `W_0` ＝ `3.7076106246376597`
      🟡 **結構上不可得（loud）**——本格無生產錄；其**分項成因**見款 `2`（`_N > 1` 為偽）·**⛔ 判為 `0`、⛔ 判為「回測不過」**
  **款 `4`**　【設計驗算·⛔ 非實測】 `A′`／`B′` 之當場重得（⛔ 轉引 `W-G.9-295`）
      `buf′` ＝ `3.7114402919876444`（現行 `buf` ＝ `4.49975224003872`·差 帶號 `-0.7883119480510761`／絕對值 `0.7883119480510761`）
      `W_0′` ＝ `3.6955152872177086`／`S1_perp` ＝ `3.6954999940774775`／**`|W_0′ − S1_perp|` ＝ `1.5293140231076308e-05`**
      跨距：`L_su` ＝ `33.26627503242344`／`L_edge` ＝ `33.26627503226274` ⇒ **取較大者 ＝ `33.26627503242344`**
      `A′` 界 ＝ `0.005 ÷ 33.26627503242344` ＝ `0.00015030237064795143`；實測 `1.5293140231076308e-05`；比值 `0.10174916180728083` ⇒ ✅
      對稱差（甲 ＝ 範圍多邊形／乙 ＝ 路丙之帶）：`甲∖乙` `0.0`／`乙∖甲` `0.000502592537319901` ⇒ **`B′` 實測 `0.000502592537319901`**
      `B′` 界 ＝ `0.005`；比值 `0.1005185074639802` ⇒ ✅
      判別力：現行之帶之對稱差[必非零] ＝ `13.055879754480518`／範圍多邊形自比[必為零] ＝ `0.0`
  **款 `5`**　切向之**釘槽**機驗（⛔ 報「向量之夾角」而不釘其槽·以**實邊**）
      二鍵並報：鍵甲（`blk_label`＋`side_label`）＝ **1**／鍵乙（`side_mid` 逐位）＝ **2**·一致 ＝ False
      槽 ＝ `rot90(allocation_dir)`（法向槽·`allocation_dir` ＝ `(-0.7517327519688664, 0.6594678685253096)`）；該宗 `cut_coords` 之**實邊**（5 邊）最大 `|cos|` ＝ `1.0000000000000002`（與 `1` 之差 `2.220446049250313e-16`）
      槽 ＝ `su`（SIDE 之**線向**）；範圍多邊形之遠側境界線**實邊**之 `|cos|` ＝ `1.0`（與 `1` 之差 `0.0`·長 `33.26627503226274`）

====================================================================================================================================
【`SB` ＝ 3.5 m·態甲】**逐閘執行次數**：`solve_G_binary` **149**／`_mp_base_W0` **1**／`_advance_block_with_split` **11**／`_build_corner_range_v3` **24**（段 **8**）／`_corner_buffer_S` **2**（段內 **2**）／`k956_W_from_mp` 生產錄 **1**
　`run_step_g` 終局 ＝ （未拋）；`(甲)` 上溯命中率 ＝ `97`／`149`；`blk_label` 存在率：守衛 `11`／`11`
====================================================================================================================================
🔒 `forced` 格 ＝ **2**（R2/left、R4/left）

────────────────────────────────────────────────────────────────────────────────────────────────────────────────────────────────────
### `R2`／`left`＠`SB = 3.5`
  **款 `2`**　守衛 `not _degenerate_order and _N > 1` 之**各分項**（⛔ 只報合取·⛔ 轉引前批）
      `_degenerate_order` ＝ `False`（鍵存在 True）／`_N` ＝ `14`（鍵存在 True）／呼叫列 `1019` ⇒ `not _deg` ＝ **True**／`_N > 1` ＝ **True** ⇒ 合取 ＝ **True**
      `_degenerate_order` ＝ `False`（鍵存在 True）／`_N` ＝ `14`（鍵存在 True）／呼叫列 `1063` ⇒ `not _deg` ＝ **True**／`_N > 1` ＝ **True** ⇒ 合取 ＝ **True**
  **款 `3`**　可得之格之逐位對拍（母體 ＝ `drive()` 期間之**前綴**·⛔ 含器自身之輸出）
      生產錄 ＝ **1** 筆／器自身已追加 ＝ **1** 筆（**後者⛔ 入母體**）
      器以**現行 `buf`** 重建之 `W_0` ＝ `6.98048044737404`
      本格之生產錄命中 **1** 筆·最小差 ＝ `0.0` ⇒ ✅ **逐位相同**
  **款 `4`**　【設計驗算·⛔ 非實測】 `A′`／`B′` 之當場重得（⛔ 轉引 `W-G.9-295`）
      `buf′` ＝ `7.000183533577529`（現行 `buf` ＝ `8.696079893776137`·差 帶號 `-1.6958963601986081`／絕對值 `1.6958963601986081`）
      `W_0′` ＝ `7.000102486246391`／`S1_perp` ＝ `7.0`／**`|W_0′ − S1_perp|` ＝ `0.00010248624639075388`**
      跨距：`L_su` ＝ `44.93777987966314`／`L_edge` ＝ `44.88675333792245` ⇒ **取較大者 ＝ `44.93777987966314`**
      `A′` 界 ＝ `0.005 ÷ 44.93777987966314` ＝ `0.00011126495375137079`；實測 `0.00010248624639075388`；比值 `0.9211008762001237` ⇒ ✅
      對稱差（甲 ＝ 範圍多邊形／乙 ＝ 路丙之帶）：`甲∖乙` `4.777744422150305e-10`／`乙∖甲` `0.004600270698404074` ⇒ **`B′` 實測 `0.004600271176178517`**
      `B′` 界 ＝ `0.005`；比值 `0.9200542352357033` ⇒ ✅
      判別力：現行之帶之對稱差[必非零] ＝ `38.06818855324997`／範圍多邊形自比[必為零] ＝ `0.0`
  **款 `5`**　切向之**釘槽**機驗（⛔ 報「向量之夾角」而不釘其槽·以**實邊**）
      二鍵並報：鍵甲（`blk_label`＋`side_label`）＝ **28**／鍵乙（`side_mid` 逐位）＝ **28**·一致 ＝ True
      槽 ＝ `rot90(allocation_dir)`（法向槽·`allocation_dir` ＝ `(0.7260188428756796, 0.6876748067142342)`）；該宗 `cut_coords` 之**實邊**（4 邊）最大 `|cos|` ＝ `1.0`（與 `1` 之差 `0.0`）
      槽 ＝ `su`（SIDE 之**線向**）；範圍多邊形之遠側境界線**實邊**之 `|cos|` ＝ `1.0`（與 `1` 之差 `0.0`·長 `44.88675333792245`）

────────────────────────────────────────────────────────────────────────────────────────────────────────────────────────────────────
### `R4`／`left`＠`SB = 3.5`
  **款 `2`**　守衛 `not _degenerate_order and _N > 1` 之**各分項**（⛔ 只報合取·⛔ 轉引前批）
      `_degenerate_order` ＝ `False`（鍵存在 True）／`_N` ＝ `1`（鍵存在 True）／呼叫列 `1017` ⇒ `not _deg` ＝ **True**／`_N > 1` ＝ **False** ⇒ 合取 ＝ **False**
  **款 `3`**　可得之格之逐位對拍（母體 ＝ `drive()` 期間之**前綴**·⛔ 含器自身之輸出）
      生產錄 ＝ **1** 筆／器自身已追加 ＝ **3** 筆（**後者⛔ 入母體**）
      器以**現行 `buf`** 重建之 `W_0` ＝ `7.023016189779138`
      🟡 **結構上不可得（loud）**——本格無生產錄；其**分項成因**見款 `2`（`_N > 1` 為偽）·**⛔ 判為 `0`、⛔ 判為「回測不過」**
  **款 `4`**　【設計驗算·⛔ 非實測】 `A′`／`B′` 之當場重得（⛔ 轉引 `W-G.9-295`）
      `buf′` ＝ `7.030272552440337`（現行 `buf` ＝ `7.8185635189090075`·差 帶號 `-0.7882909664686704`／絕對值 `0.7882909664686704`）
      `W_0′` ＝ `7.000107141448771`／`S1_perp` ＝ `7.0`／**`|W_0′ − S1_perp|` ＝ `0.00010714144877077558`**
      跨距：`L_su` ＝ `33.572497547604144`／`L_edge` ＝ `33.265390173978915` ⇒ **取較大者 ＝ `33.572497547604144`**
      `A′` 界 ＝ `0.005 ÷ 33.572497547604144` ＝ `0.00014893142796154046`；實測 `0.00010714144877077558`；比值 `0.7194012052207236` ⇒ ✅
      對稱差（甲 ＝ 範圍多邊形／乙 ＝ 路丙之帶）：`甲∖乙` `7.014238515912815e-11`／`乙∖甲` `0.003564108231212022` ⇒ **`B′` 實測 `0.003564108301354407`**
      `B′` 界 ＝ `0.005`；比值 `0.7128216602708813` ⇒ ✅
      判別力：現行之帶之對稱差[必非零] ＝ `13.05518976183967`／範圍多邊形自比[必為零] ＝ `0.0`
  **款 `5`**　切向之**釘槽**機驗（⛔ 報「向量之夾角」而不釘其槽·以**實邊**）
      二鍵並報：鍵甲（`blk_label`＋`side_label`）＝ **1**／鍵乙（`side_mid` 逐位）＝ **2**·一致 ＝ False
      槽 ＝ `rot90(allocation_dir)`（法向槽·`allocation_dir` ＝ `(-0.7517327519688664, 0.6594678685253096)`）；該宗 `cut_coords` 之**實邊**（5 邊）最大 `|cos|` ＝ `1.0`（與 `1` 之差 `0.0`）
      槽 ＝ `su`（SIDE 之**線向**）；範圍多邊形之遠側境界線**實邊**之 `|cos|` ＝ `1.0000000000000002`（與 `1` 之差 `2.220446049250313e-16`·長 `33.265390173978915`）

====================================================================================================================================
## 款 `1`　**同一性**（`is` 比對·🛑 **`id(·)` ⛔ 作錨**）與 `ns` 之來源
====================================================================================================================================
   `ns["k956_W_from_mp"]` 之 `__name__` ＝ `'_spy_k'`／`__qualname__` ＝ `'drive.<locals>._spy_k'`
   **器所調用者**（`settrace` 之 `call` 事件·**全部**·⛔ 只取第一個）其中是否含 `ns["k956_W_from_mp"].__code__`（`is`）⇒ 逐格 [True, True, True]（`3`／`3` 為真）
      `R4/left`：呼叫鏈之 `co_name`（序·節略 `8`）＝ ['_w0', '_norm_dispatcher', 'norm', 'isComplexType', '_spy_k', 'k956_W_from_mp', '_norm_dispatcher', 'norm']；其中 `co_name == 'k956_W_from_mp'` 者 ＝ **1** 個（`co_filename` ＝ '<app.py:harvest>'）
      `R2/left`：呼叫鏈之 `co_name`（序·節略 `8`）＝ ['_w0', '_norm_dispatcher', 'norm', 'isComplexType', '_spy_k', 'k956_W_from_mp', '_norm_dispatcher', 'norm']；其中 `co_name == 'k956_W_from_mp'` 者 ＝ **1** 個（`co_filename` ＝ '<app.py:harvest>'）
      `R4/left`：呼叫鏈之 `co_name`（序·節略 `8`）＝ ['_w0', '_norm_dispatcher', 'norm', 'isComplexType', '_spy_k', 'k956_W_from_mp', '_norm_dispatcher', 'norm']；其中 `co_name == 'k956_W_from_mp'` 者 ＝ **1** 個（`co_filename` ＝ '<app.py:harvest>'）
   🔒 **照實併記**：`ns["k956_W_from_mp"]` 現為 `drive.<locals>._spy_k`——**本器（`P.drive`）之包裹**；其**委派**至原函式（上列 `k956_W_from_mp` 之 `code` 即其證）。⇒ 同一性之受詞係**該包裹**，而該包裹與原函式之關係由呼叫鏈機驗、**⛔ 推定**。
   判別力[必為真]：`ns` 之項與其自身 `is` ⇒ **True**
   判別力[必為偽]：一**執行期組出**之同式包裝物 `is` `ns` 之項 ⇒ **False**（須 False）
   🔒 **`ns` 之來源**：`type(ns)` ＝ `'dict'`；`ns is globals()` ⇒ **False**；`sys.modules` 中 `__dict__ is ns` 之模組數 ＝ **0**（須 `0` ⇒ **⛔ 任何模組之 `__globals__`**）

====================================================================================================================================
## 款 `6`　判別力四造之判
====================================================================================================================================
   | 造 | 判準 | 實測 | 判 |
   |---|---|---|---|
   | **[必為真]** | 款 `1` 之 `ns` 項與其自身 `is` | **True** | ✅ |
   | **[必為偽]** | 款 `1` 之人造包裝物 `is` | **False** | ✅ |
   | **[必非零]** | 現行 `buf` 之對稱差 `> 0`（判定組 **3**／3） | 13.055879754480518／38.06818855324997／13.05518976183967 | ✅ |
   | **[必為零]** | 範圍多邊形自比 ＝ `0`（判定組 **3**／3·**先自證可滿足**） | 0.0／0.0／0.0 | ✅ |

====================================================================================================================================
## 總表（【設計驗算·⛔ 非實測】 之欄已具名·⛔ 與實測混列）
====================================================================================================================================
   | `SB` | 格 | 款 `3` 逐位對拍 | 現行 `buf` | 【設計驗算·⛔ 非實測】 `buf′` | 【設計驗算·⛔ 非實測】 `W_0′` | `S1_perp` | `\|W_0′−S1\|` | 跨距 | `A′` 界 | `A′` | `B′` 實測 | `B′` | 切向 `\|cos\|` |
   |---|---|---|---|---|---|---|---|---|---|---|---|---|---|
   | `0.0` | `R4/left` | 🟡 結構上不可得 | `4.49975224003872` | `3.7114402919876444` | `3.6955152872177086` | `3.6954999940774775` | `1.5293140231076308e-05` | `33.26627503242344` | `0.00015030237064795143` | ✅ | `0.000502592537319901` | ✅ | `1.0000000000000002` |
   | `3.5` | `R2/left` | ✅ 逐位相同 | `8.696079893776137` | `7.000183533577529` | `7.000102486246391` | `7.0` | `0.00010248624639075388` | `44.93777987966314` | `0.00011126495375137079` | ✅ | `0.004600271176178517` | ✅ | `1.0` |
   | `3.5` | `R4/left` | 🟡 結構上不可得 | `7.8185635189090075` | `7.030272552440337` | `7.000107141448771` | `7.0` | `0.00010714144877077558` | `33.572497547604144` | `0.00014893142796154046` | ✅ | `0.003564108301354407` | ✅ | `1.0` |

🛑 **出艙即止**：本器⛔ 判路丙成立與否、⛔ 判受領、⛔ 擬實作、⛔ 改碼一字、⛔ 開分支、
   ⛔ 動用 KL 之放行、⛔ 解除或收窄 `GB-170`、⛔ 調任何界、⛔ 呈 KL。
🔒 `rc` ＝ `0`（`5` ＝ **量測器紅**）
====================================================================================================================================
