================================================================================================================
【序 `2`】七支之**選擇器活體檢**（旗標**仍活**之態·`c3` 之前）
================================================================================================================
🔒 逐支之逾時 ＝ 240 s；逾時⛔ 影響本節之受詞（活體檢印於全部判定之前）

── `probe_WG9268p_c1_synth.py`　rc ＝ 0
   ── 選擇器活體檢（`state-selector liveness`·補令十一 `§二-2`）──
      受檢之探針 ＝ `probe_WG9268p_c1_synth.py（受詞 ＝ 硬編之他窗樹）`
      具名之可觀測量 ＝ `(｀_oblique_s_max｀ 之被呼叫次數, 回傳值)`
      旗標 `off`（顯式 `'0'`）⇒ (0, 0.0)
      旗標 `on` （顯式 `'1'`）⇒ (1, 1.0)
      ⇒ 二態於該量上**確有相異** ⇒ ✅ **選擇器仍活**
   ⇒ 判 ＝ ✅ **選擇器仍活**

── `probe_WG9268p_c2_gates.py`　rc ＝ 0
   ── 選擇器活體檢（`state-selector liveness`·補令十一 `§二-2`）──
      受檢之探針 ＝ `probe_WG9268p_c2_gates.py`
      具名之可觀測量 ＝ `(｀_oblique_s_max｀ 之被呼叫次數, 回傳值)`
      旗標 `off`（顯式 `'0'`）⇒ (0, 0.0)
      旗標 `on` （顯式 `'1'`）⇒ (1, 1.0)
      ⇒ 二態於該量上**確有相異** ⇒ ✅ **選擇器仍活**
   ⇒ 判 ＝ ✅ **選擇器仍活**

── `probe_WG9268p_c2_v1prime_mem.py`　rc ＝ 9
   ── 選擇器活體檢（`state-selector liveness`·補令十一 `§二-2`）──
      受檢之探針 ＝ `probe_WG9268p_c2_v1prime_mem.py`
      具名之可觀測量 ＝ `(｀_oblique_s_max｀ 之被呼叫次數, 回傳值)`
      旗標 `off`（顯式 `'0'`）⇒ (0, 0.0)
      旗標 `on` （顯式 `'1'`）⇒ (1, 1.0)
      ⇒ 二態於該量上**確有相異** ⇒ ✅ **選擇器仍活**
   ⇒ 判 ＝ ✅ **選擇器仍活**

── `probe_WG9268p_c2_v1prime_pert.py`　rc ＝ 0
   ── 選擇器活體檢（`state-selector liveness`·補令十一 `§二-2`）──
      受檢之探針 ＝ `probe_WG9268p_c2_v1prime_pert.py`
      具名之可觀測量 ＝ `(｀_oblique_s_max｀ 之被呼叫次數, 回傳值)`
      旗標 `off`（顯式 `'0'`）⇒ (0, 0.0)
      旗標 `on` （顯式 `'1'`）⇒ (1, 1.0)
      ⇒ 二態於該量上**確有相異** ⇒ ✅ **選擇器仍活**
   ⇒ 判 ＝ ✅ **選擇器仍活**

── `probe_WG9268p_conserv.py`　rc ＝ 0
   ── 選擇器活體檢（`state-selector liveness`·補令十一 `§二-2`）──
      受檢之探針 ＝ `probe_WG9268p_conserv.py`
      具名之可觀測量 ＝ `(｀_oblique_s_max｀ 之被呼叫次數, 回傳值)`
      旗標 `off`（顯式 `'0'`）⇒ (0, 0.0)
      旗標 `on` （顯式 `'1'`）⇒ (1, 1.0)
      ⇒ 二態於該量上**確有相異** ⇒ ✅ **選擇器仍活**
   ⇒ 判 ＝ ✅ **選擇器仍活**

── `probe_WG9268p_mem.py`　rc ＝ 3
   ── 選擇器活體檢（`state-selector liveness`·補令十一 `§二-2`）──
      受檢之探針 ＝ `probe_WG9268p_mem.py`
      具名之可觀測量 ＝ `(｀_oblique_s_max｀ 之被呼叫次數, 回傳值)`
      旗標 `off`（顯式 `'0'`）⇒ (0, 0.0)
      旗標 `on` （顯式 `'1'`）⇒ (1, 1.0)
      ⇒ 二態於該量上**確有相異** ⇒ ✅ **選擇器仍活**
   ⇒ 判 ＝ ✅ **選擇器仍活**

── `probe_WG9268p_offsrc.py`　rc ＝ 0
   ── 選擇器活體檢（`state-selector liveness`·補令十一 `§二-2`）──
      受檢之探針 ＝ `probe_WG9268p_offsrc.py`
      具名之可觀測量 ＝ `(｀_oblique_s_max｀ 之被呼叫次數, 回傳值)`
      旗標 `off`（顯式 `'0'`）⇒ (0, 0.0)
      旗標 `on` （顯式 `'1'`）⇒ (1, 1.0)
      ⇒ 二態於該量上**確有相異** ⇒ ✅ **選擇器仍活**
   ⇒ 判 ＝ ✅ **選擇器仍活**

================================================================================================================
🔒 **七支之判**：通過 **7**／**7**
   c1_synth           ✅ 仍活｜rc ＝ 0
   c2_gates           ✅ 仍活｜rc ＝ 0
   c2_v1prime_mem     ✅ 仍活｜rc ＝ 9
   c2_v1prime_pert    ✅ 仍活｜rc ＝ 0
   conserv            ✅ 仍活｜rc ＝ 0
   mem                ✅ 仍活｜rc ＝ 3
   offsrc             ✅ 仍活｜rc ＝ 0

🛑 **⛔ 讀為「七支之全部判定皆綠」**——本節之受詞**僅為活體檢**。
================================================================================================================
