══ 工項三　`GB-167` 之三項現查（CC 當場復現·⛔ 預寫）
   母體 ＝ `app.py` 單檔＠`blob@f46ce92090239bb80c3505befa6ce3c02313cbad`（1464014 B／24582 列）｜粒度框 ＝ **列框**／**成員數**
   `_WF_NS_NAMES` 之定義列 ＝ :14452  逐字 ＝ _WF_NS_NAMES = [
   `_WF_NS_NAMES` 之成員數 ＝ **40**（區間 :14452–:14523）
   `_wg9268p_anchor_advance   ` 全檔（含引號形）命中 ＝ **0**｜**在 `_WF_NS_NAMES` 列中 ＝ False**
   `_pool_strips_for_block    ` 全檔（含引號形）命中 ＝ **1**｜**在 `_WF_NS_NAMES` 列中 ＝ True**
   `_oblique_s_max            ` 全檔（含引號形）命中 ＝ **1**｜**在 `_WF_NS_NAMES` 列中 ＝ True**
   判別力[必為零] 一人造之名（執行期組出）＝ **0**
   判別力[必非零] 裸字樣 `_wg9268p_anchor_advance`（⛔ 限引號形）＝ **5**

══ 工項四　`自誤 378` 之取號（**三形聯集**框·已修·⛔ 再用鬆框原式）
   三軸｜(1) `blob@f46ce92090239bb80c3505befa6ce3c02313cbad`｜(2) 母體 ＝ 追蹤 `.md` **747** 檔（空 0）｜(3) 檔框 ＋ 列框

   | 角色 | 號 | B形 檔/列 | C形 檔/列 | 鬆框(已修) 檔/列 | 聯集列 |
   |---|---|---|---|---|---|
   | 受詢 | `378` | 1／1 | 1／3 | 1／5 | 5 |
   | 對照組甲[必非零] | `377` | 4／4 | 4／11 | 5／16 | 16 |
   | 對照組甲2[必非零] | `376` | 3／3 | 5／13 | 6／17 | 17 |
   | 對照組乙[必為零] | （人造哨兵·字面⛔ 出艙） | 0／0 | 0／0 | 0／0 | 0 |

   🛑 `裁 H`：逐筆歸類 `378` 之**聯集**命中（5 列）
     · `docs/orders/W-G.9-274_施工單_實跑側Rw之產生式定位.md`:1 ｜**本單自身之授權條款**｜ 中框 ＝ C形,鬆框(已修·容反引號)
         # W-G.9-274　施工單（**零生產碼**：實跑側 `Rw` 之產生式定位／態甲 `R4` 未觸發之成因／`自誤 378` 之鑄／`345` 再現與 `GB-168` 受詞之精化）
     · `docs/orders/W-G.9-274_施工單_實跑側Rw之產生式定位.md`:35 ｜**本單自身之授權條款**｜ 中框 ＝ C形,鬆框(已修·容反引號)
         ## §一　🩸 `自誤 378` 之鑄（**責 ＝ 發單側**·逐字轉錄·**⛔ 改寫**）
     · `docs/orders/W-G.9-274_施工單_實跑側Rw之產生式定位.md`:45 ｜**本單自身之授權條款**｜ 中框 ＝ 鬆框(已修·容反引號)
         **節題之形須與既有七則同構**（`### 🩸 \`自誤 378\`　**…**`）。**取號現查**依三形聯集框；對照組甲 `自誤 377`／甲2 `376`（皆須 `>0`）／乙 人造哨兵須 `0`。
     · `docs/orders/W-G.9-274_施工單_實跑側Rw之產生式定位.md`:85 ｜**本單自身之授權條款**｜ 中框 ＝ C形,鬆框(已修·容反引號)
         | `3` | `自誤 378` 之鑄（`§一`）＋ `345` 再現之末端追加（`§二`）＋ `GB-168` 精化之末端追加（`§三`） |
     · `docs/orders/W-G.9-274_施工單_實跑側Rw之產生式定位.md`:129 ｜**本單自身之授權條款**｜ 中框 ＝ B形,鬆框(已修·容反引號)
         **自誤 `378`** ——**僅此一號**。🛑 `GB`／`VR`／`K-9`／**坑** 本批 **⛔ 鑄**（`§二`／`§三` 皆為末端追加·`戒 36`）。

══ 工項三　`GB-167` 之取號（`GB` 之三形·母體 ＝ 全倉追蹤 `.md`）
   受詢 `GB-168`：錨定 5／25｜C形 5／25
     · `docs/orders/W-G.9-273_施工單_Δ2.425之值空間定位與GB168.md`:1 ｜🔴 **他指·須判**｜ 框 ＝ 錨定
         # W-G.9-273　施工單（**零生產碼**：`Δ=2.425` 之值空間定位／態乙二情境同值之成因／`GB-168`·`自誤 377`·坑 `ba` 之鑄／`58.4792` 之受詞對齊）
     · `docs/orders/W-G.9-273_施工單_Δ2.425之值空間定位與GB168.md`:1 ｜🔴 **他指·須判**｜ 框 ＝ C形
         # W-G.9-273　施工單（**零生產碼**：`Δ=2.425` 之值空間定位／態乙二情境同值之成因／`GB-168`·`自誤 377`·坑 `ba` 之鑄／`58.4792` 之受詞對齊）
     · `docs/orders/W-G.9-273_施工單_Δ2.425之值空間定位與GB168.md`:59 ｜🔴 **他指·須判**｜ 框 ＝ 錨定
         ## §三　🆕 `GB-168` 之鑄（**⛔ 修·純登記**）
     · `docs/orders/W-G.9-273_施工單_Δ2.425之值空間定位與GB168.md`:59 ｜🔴 **他指·須判**｜ 框 ＝ C形
         ## §三　🆕 `GB-168` 之鑄（**⛔ 修·純登記**）
     · `docs/orders/W-G.9-273_施工單_Δ2.425之值空間定位與GB168.md`:79 ｜🔴 **他指·須判**｜ 框 ＝ 錨定
         | `4` | `GB-168`（`§三`）／`自誤 377`（`§一`）／坑 `ba`（`§二`）之鑄 ＋ `ALPHA_LABELS`→`ba` ＋ 三處框字串齊一 |
     · `docs/orders/W-G.9-273_施工單_Δ2.425之值空間定位與GB168.md`:79 ｜🔴 **他指·須判**｜ 框 ＝ C形
         | `4` | `GB-168`（`§三`）／`自誤 377`（`§一`）／坑 `ba`（`§二`）之鑄 ＋ `ALPHA_LABELS`→`ba` ＋ 三處框字串齊一 |
     · `docs/orders/W-G.9-273_施工單_Δ2.425之值空間定位與GB168.md`:135 ｜🔴 **他指·須判**｜ 框 ＝ 錨定
         6. 自限復驗：`app.py` blob 期初＝期末／`baselines` `298`·`a898f4e1…`／`p3a` 未併線／`WV_BAKE` 未設／`K-9-29` 任何子項 ⛔ 落地／`GB-167`·`GB-168` **
     · `docs/orders/W-G.9-273_施工單_Δ2.425之值空間定位與GB168.md`:135 ｜🔴 **他指·須判**｜ 框 ＝ C形
         6. 自限復驗：`app.py` blob 期初＝期末／`baselines` `298`·`a898f4e1…`／`p3a` 未併線／`WV_BAKE` 未設／`K-9-29` 任何子項 ⛔ 落地／`GB-167`·`GB-168` **
     · `docs/orders/W-G.9-273_施工單_Δ2.425之值空間定位與GB168.md`:139 ｜🔴 **他指·須判**｜ 框 ＝ 錨定
         **自誤 `377`**／**`GB-168`**／**坑 `ba`**——各一號。🛑 `VR`／`K-9` **本批⛔ 鑄**。
     · `docs/orders/W-G.9-273_施工單_Δ2.425之值空間定位與GB168.md`:139 ｜🔴 **他指·須判**｜ 框 ＝ C形
         **自誤 `377`**／**`GB-168`**／**坑 `ba`**——各一號。🛑 `VR`／`K-9` **本批⛔ 鑄**。
     · `docs/orders/W-G.9-273_施工單_Δ2.425之值空間定位與GB168.md`:143 ｜🔴 **他指·須判**｜ 框 ＝ 錨定
         1. ⛔ 動生產碼 `34` 檔一字；⛔ 改五個 `*_EXPECT` 任一字；**⛔ 修 `GB-167`／`GB-168`**。
     · `docs/orders/W-G.9-273_施工單_Δ2.425之值空間定位與GB168.md`:143 ｜🔴 **他指·須判**｜ 框 ＝ C形
         1. ⛔ 動生產碼 `34` 檔一字；⛔ 改五個 `*_EXPECT` 任一字；**⛔ 修 `GB-167`／`GB-168`**。
     · `docs/orders/W-G.9-274_施工單_實跑側Rw之產生式定位.md`:1 ｜**本單自身之授權條款**｜ 框 ＝ 錨定
         # W-G.9-274　施工單（**零生產碼**：實跑側 `Rw` 之產生式定位／態甲 `R4` 未觸發之成因／`自誤 378` 之鑄／`345` 再現與 `GB-168` 受詞之精化）
     · `docs/orders/W-G.9-274_施工單_實跑側Rw之產生式定位.md`:1 ｜**本單自身之授權條款**｜ 框 ＝ C形
         # W-G.9-274　施工單（**零生產碼**：實跑側 `Rw` 之產生式定位／態甲 `R4` 未觸發之成因／`自誤 378` 之鑄／`345` 再現與 `GB-168` 受詞之精化）
     · `docs/orders/W-G.9-274_施工單_實跑側Rw之產生式定位.md`:59 ｜**本單自身之授權條款**｜ 框 ＝ 錨定
         ## §三　`GB-168` 受詞之**精化**：末端追加（**⛔ 改原節、⛔ 鑄新號**）
     · `docs/orders/W-G.9-274_施工單_實跑側Rw之產生式定位.md`:59 ｜**本單自身之授權條款**｜ 框 ＝ C形
         ## §三　`GB-168` 受詞之**精化**：末端追加（**⛔ 改原節、⛔ 鑄新號**）
     · `docs/orders/W-G.9-274_施工單_實跑側Rw之產生式定位.md`:64 ｜**本單自身之授權條款**｜ 框 ＝ 錨定
         ## 🔧 `GB-168` 受詞之精化：`Δ=2.425` 已收斂至「理論側與實跑側所餵之 `W` 相異」；且態甲之 `R4` 該閘**未觸發**（`W-G.9-274` §三·⛔ 上文一字不刪·純末端追加）
     · `docs/orders/W-G.9-274_施工單_實跑側Rw之產生式定位.md`:64 ｜**本單自身之授權條款**｜ 框 ＝ C形
         ## 🔧 `GB-168` 受詞之精化：`Δ=2.425` 已收斂至「理論側與實跑側所餵之 `W` 相異」；且態甲之 `R4` 該閘**未觸發**（`W-G.9-274` §三·⛔ 上文一字不刪·純末端追加）
     · `docs/orders/W-G.9-274_施工單_實跑側Rw之產生式定位.md`:68 ｜**本單自身之授權條款**｜ 框 ＝ 錨定
         - 🛑 本節⛔ 鑄任何號；🔒 ⛔ 改 `GB-168` 原節一字；🔒 **本則⛔ 解除、⛔ 收窄 `GB-168`**。
     · `docs/orders/W-G.9-274_施工單_實跑側Rw之產生式定位.md`:68 ｜**本單自身之授權條款**｜ 框 ＝ C形
         - 🛑 本節⛔ 鑄任何號；🔒 ⛔ 改 `GB-168` 原節一字；🔒 **本則⛔ 解除、⛔ 收窄 `GB-168`**。
     · `docs/orders/W-G.9-274_施工單_實跑側Rw之產生式定位.md`:85 ｜**本單自身之授權條款**｜ 框 ＝ 錨定
         | `3` | `自誤 378` 之鑄（`§一`）＋ `345` 再現之末端追加（`§二`）＋ `GB-168` 精化之末端追加（`§三`） |
     · `docs/orders/W-G.9-274_施工單_實跑側Rw之產生式定位.md`:85 ｜**本單自身之授權條款**｜ 框 ＝ C形
         | `3` | `自誤 378` 之鑄（`§一`）＋ `345` 再現之末端追加（`§二`）＋ `GB-168` 精化之末端追加（`§三`） |
     · `docs/orders/W-G.9-274_施工單_實跑側Rw之產生式定位.md`:125 ｜**本單自身之授權條款**｜ 框 ＝ 錨定
         6. 自限復驗：`app.py` blob 期初＝期末／`baselines` `298`·`a898f4e1…`／`p3a` 未併線／`WV_BAKE` 未設／`K-9-29` 任何子項 ⛔ 落地／`GB-167`·`GB-168` **
     · `docs/orders/W-G.9-274_施工單_實跑側Rw之產生式定位.md`:125 ｜**本單自身之授權條款**｜ 框 ＝ C形
         6. 自限復驗：`app.py` blob 期初＝期末／`baselines` `298`·`a898f4e1…`／`p3a` 未併線／`WV_BAKE` 未設／`K-9-29` 任何子項 ⛔ 落地／`GB-167`·`GB-168` **
     · `docs/orders/W-G.9-274_施工單_實跑側Rw之產生式定位.md`:134 ｜**本單自身之授權條款**｜ 框 ＝ 錨定
         1. ⛔ 動生產碼 `34` 檔一字；⛔ 改五個 `*_EXPECT` 任一字；**⛔ 修 `GB-167`／`GB-168`**。
     · `docs/orders/W-G.9-274_施工單_實跑側Rw之產生式定位.md`:134 ｜**本單自身之授權條款**｜ 框 ＝ C形
         1. ⛔ 動生產碼 `34` 檔一字；⛔ 改五個 `*_EXPECT` 任一字；**⛔ 修 `GB-167`／`GB-168`**。
     · `docs/reports/W-G.4_泛用阻塞項登記表.md`:7297 ｜🔴 **他指·須判**｜ 框 ＝ 錨定
         ### `GB-168` 🆕　**`WV_K6_STEP0=off`（＝ `K-9-29 二` 所令之態）下 `run_step_g` 於 `R4 right` 之結構閘「理論＝實跑」破 ⇒ 態乙之 `R3`／`R5`／`R6` ⛔ 可得*
     · `docs/reports/W-G.4_泛用阻塞項登記表.md`:7297 ｜🔴 **他指·須判**｜ 框 ＝ C形
         ### `GB-168` 🆕　**`WV_K6_STEP0=off`（＝ `K-9-29 二` 所令之態）下 `run_step_g` 於 `R4 right` 之結構閘「理論＝實跑」破 ⇒ 態乙之 `R3`／`R5`／`R6` ⛔ 可得*
     · `docs/reports/W-G.4_泛用阻塞項登記表.md`:7300 ｜🔴 **他指·須判**｜ 框 ＝ 錨定
         （逐字「**自誤 `377`**／**`GB-168`**／**坑 `ba`**——各一號」）。
     · `docs/reports/W-G.4_泛用阻塞項登記表.md`:7300 ｜🔴 **他指·須判**｜ 框 ＝ C形
         （逐字「**自誤 `377`**／**`GB-168`**／**坑 `ba`**——各一號」）。
     · `docs/reports/W-G.9-273R_Δ2.425之值空間定位與GB168.md`:1 ｜🔴 **他指·須判**｜ 框 ＝ 錨定
         # `W-G.9-273R`　`Δ=2.425` 之值空間定位 ／ `GB-168` ／ `自誤 377` ／ 坑 `ba` ／ `58.4792` 之受詞對齊
     · `docs/reports/W-G.9-273R_Δ2.425之值空間定位與GB168.md`:1 ｜🔴 **他指·須判**｜ 框 ＝ C形
         # `W-G.9-273R`　`Δ=2.425` 之值空間定位 ／ `GB-168` ／ `自誤 377` ／ 坑 `ba` ／ `58.4792` 之受詞對齊
     · `docs/reports/W-G.9-273R_Δ2.425之值空間定位與GB168.md`:6 ｜🔴 **他指·須判**｜ 框 ＝ 錨定
         > 🛑 **本批⛔ 辦**（單 `§七`）：⛔ 動生產碼 `34` 檔一字／⛔ 修 `GB-167`·`GB-168`／
     · `docs/reports/W-G.9-273R_Δ2.425之值空間定位與GB168.md`:6 ｜🔴 **他指·須判**｜ 框 ＝ C形
         > 🛑 **本批⛔ 辦**（單 `§七`）：⛔ 動生產碼 `34` 檔一字／⛔ 修 `GB-167`·`GB-168`／
     · `docs/reports/W-G.9-273R_Δ2.425之值空間定位與GB168.md`:187 ｜🔴 **他指·須判**｜ 框 ＝ 錨定
         ## `§四`　工項 `4`：`GB-168`／`自誤 377`／坑 `ba` 之鑄
     · `docs/reports/W-G.9-273R_Δ2.425之值空間定位與GB168.md`:187 ｜🔴 **他指·須判**｜ 框 ＝ C形
         ## `§四`　工項 `4`：`GB-168`／`自誤 377`／坑 `ba` 之鑄
     · `docs/reports/W-G.9-273R_Δ2.425之值空間定位與GB168.md`:189 ｜🔴 **他指·須判**｜ 框 ＝ 錨定
         ### 四-1　`GB-168`（**⛔ 修·純登記**）
     · `docs/reports/W-G.9-273R_Δ2.425之值空間定位與GB168.md`:189 ｜🔴 **他指·須判**｜ 框 ＝ C形
         ### 四-1　`GB-168`（**⛔ 修·純登記**）
     · `docs/reports/W-G.9-273R_Δ2.425之值空間定位與GB168.md`:193 ｜🔴 **他指·須判**｜ 框 ＝ 錨定
         受詢 `GB-168` 錨定 `1`／`6`・C 形 `1`／`6` ⇒ **全數為本單自身之授權條款**；
     · `docs/reports/W-G.9-273R_Δ2.425之值空間定位與GB168.md`:193 ｜🔴 **他指·須判**｜ 框 ＝ C形
         受詢 `GB-168` 錨定 `1`／`6`・C 形 `1`／`6` ⇒ **全數為本單自身之授權條款**；
     · `docs/reports/W-G.9-273R_Δ2.425之值空間定位與GB168.md`:232 ｜🔴 **他指·須判**｜ 框 ＝ 錨定
         🛑 **鑄號之授權⛔ 逾單 `§六`**（自誤 `377`／`GB-168`／坑 `ba` **各一號**）⇒ 上三則**⛔ 另鑄**。
     · `docs/reports/W-G.9-273R_Δ2.425之值空間定位與GB168.md`:232 ｜🔴 **他指·須判**｜ 框 ＝ C形
         🛑 **鑄號之授權⛔ 逾單 `§六`**（自誤 `377`／`GB-168`／坑 `ba` **各一號**）⇒ 上三則**⛔ 另鑄**。
     · `docs/reports/W-G.9-273R_Δ2.425之值空間定位與GB168.md`:294 ｜🔴 **他指·須判**｜ 框 ＝ 錨定
         `GB-168` 之節題經 `GB` 二框皆命中 ＝ `168` ✅（**落地前之機檢**·⛔ 事後補）。
     · `docs/reports/W-G.9-273R_Δ2.425之值空間定位與GB168.md`:294 ｜🔴 **他指·須判**｜ 框 ＝ C形
         `GB-168` 之節題經 `GB` 二框皆命中 ＝ `168` ✅（**落地前之機檢**·⛔ 事後補）。
     · `docs/reports/W-G.9-273R_Δ2.425之值空間定位與GB168.md`:295 ｜🔴 **他指·須判**｜ 框 ＝ 錨定
         🔒 **`GB-132` 之避讓獲驗**：`GB` 之相異**恰增 `1`**（`165 → 166`·全由 `GB-168` 所致）；`VR`／`K-9` 逐位未動。
     · `docs/reports/W-G.9-273R_Δ2.425之值空間定位與GB168.md`:295 ｜🔴 **他指·須判**｜ 框 ＝ C形
         🔒 **`GB-132` 之避讓獲驗**：`GB` 之相異**恰增 `1`**（`165 → 166`·全由 `GB-168` 所致）；`VR`／`K-9` 逐位未動。
     · `docs/reports/W-G.9-273R_Δ2.425之值空間定位與GB168.md`:309 ｜🔴 **他指·須判**｜ 框 ＝ 錨定
         | **`GB-167`／`GB-168` ⛔ 修** | `app.py` blob 期初＝期末即其證 | ✅ |
     · `docs/reports/W-G.9-273R_Δ2.425之值空間定位與GB168.md`:309 ｜🔴 **他指·須判**｜ 框 ＝ C形
         | **`GB-167`／`GB-168` ⛔ 修** | `app.py` blob 期初＝期末即其證 | ✅ |
     · `docs/reports/W-G.9波_claude.ai側自誤登記.md`:9069 ｜🔴 **他指·須判**｜ 框 ＝ 錨定
         🔒 **鑄之授權** ＝ 同單 `§六`（**自誤 `377`**／**`GB-168`**／**坑 `ba`**——各一號；`VR`／`K-9` 本批⛔ 鑄）。
     · `docs/reports/W-G.9波_claude.ai側自誤登記.md`:9069 ｜🔴 **他指·須判**｜ 框 ＝ C形
         🔒 **鑄之授權** ＝ 同單 `§六`（**自誤 `377`**／**`GB-168`**／**坑 `ba`**——各一號；`VR`／`K-9` 本批⛔ 鑄）。
   對照組甲[必非零] `GB-167`：錨定 7／28｜C形 7／28
   對照組甲2[必非零] `GB-166`：錨定 15／42｜C形 15／42
   對照組乙[必為零] 一人造 `GB` 號（執行期組出）＝ **0** 檔
