====================================================================================================================================
【`W-G.9-277` `§三-1`／`§三-2`】`W` 鏈之逐宗實參 ＋ `W_prev` 之受詞 ＋ 解算器之歸屬
====================================================================================================================================
🛑 **⛔ 判實跑側違反 `K-9-5-12`、⛔ 判孰為正確之 `W_0`、⛔ 判二解算器孰誤、⛔ 提修法主張。**

────────────────────────────────────────────────────────────────────────────────────────────────────────────────────────────────────
【判別力·<u>逐態各備</u>】（單 `§三-1`·承 `§二` 之通則：對照之必命中性須逐態成立）
────────────────────────────────────────────────────────────────────────────────────────────────────────────────────────────────────
   | 情境 | 態 | 必命中對照 `rw_increment` 之呼叫數 | 判 | 必為零對照（人造實參）之命中 | 判 |
   |---|---|---|---|---|---|
   | `0m` | 乙 | **1590** | ✅ `>0` | **0** | ✅ `0` |
   | `0m` | 甲 | **1834** | ✅ `>0` | **0** | ✅ `0` |
   | `3.5m` | 乙 | **1560** | ✅ `>0` | **0** | ✅ `0` |
   | `3.5m` | 甲 | **1813** | ✅ `>0` | **0** | ✅ `0` |
   ⇒ **四態之必命中對照皆 `>0`、必為零對照皆 `0`** ⇒ **器非紅（逐態）** ✅

────────────────────────────────────────────────────────────────────────────────────────────────────────────────────────────────────
【自我驗證閘】框內省所錄之 `blk_label`（⛔ 不過即 loud 拒測·坑 `bb`）
────────────────────────────────────────────────────────────────────────────────────────────────────────────────────────────────────
   · `0m` 態乙｜`run_step_g` 段所錄之 `blk_label` ＝ ['R1', 'R2', 'R4'] ⇒ ✅
   · `0m` 態甲｜`run_step_g` 段所錄之 `blk_label` ＝ ['R1', 'R2', 'R3', 'R4', 'R5', 'R6'] ⇒ ✅
   · `3.5m` 態乙｜`run_step_g` 段所錄之 `blk_label` ＝ ['R1', 'R2', 'R4'] ⇒ ✅
   · `3.5m` 態甲｜`run_step_g` 段所錄之 `blk_label` ＝ ['R1', 'R2', 'R3', 'R4', 'R5', 'R6'] ⇒ ✅
   · 併錄：`run_corner_pk` 段（`run_step_g` 之前）之呼叫數 ＝ {'0m/乙': 1102, '0m/甲': 862, '3.5m/乙': 1102, '3.5m/甲': 862}
   ⇒ **器非紅** ✅

────────────────────────────────────────────────────────────────────────────────────────────────────────────────────────────────────
【`§三-2` 項 `2`】`rw_increment` 之**呼叫端解算器**（框內省·⛔ 推定）
────────────────────────────────────────────────────────────────────────────────────────────────────────────────────────────────────
   | 情境 | 態 | `solve_G_binary` | `iterate_G_S` | 其他 |
   |---|---|---|---|---|
   | `0m` | 乙 | **1590** | **0** | （無） |
   | `0m` | 甲 | **1834** | **0** | （無） |
   | `3.5m` | 乙 | **1560** | **0** | （無） |
   | `3.5m` | 甲 | **1813** | **0** | （無） |

────────────────────────────────────────────────────────────────────────────────────────────────────────────────────────────────────
【`§三-1` 項 `1`】`R4` `right` 之該側宗序列與**逐宗 `W_i`／`Rw_i`**（**未捨入**）
────────────────────────────────────────────────────────────────────────────────────────────────────────────────────────────────────
   · `0m` 態乙 ⇒ `R4` **`right`** 之定案筆數 ＝ 1（`R4` 全側 ＝ 2）
     | # | 宗 | side | solver | `is_corner` | `is_chain_head` | `_W_near` | `_rw_start`(＝實參 `W_prev`) | `W`(＝實參 `W_cur`) | `Rw_i`(%) |
     |---|---|---|---|---|---|---|---|---|---|
     | 1 | `628-1(1)` | 右側 | `solve_G_binary` | True | True | 0.1775004071 | **0.1775004071** | **14.1988975422** | 85.407634 |
   · `0m` 態甲 ⇒ 🟡 **`R4` `right` 之定案筆數 ＝ 0**（**⛔ 靜默退路**：下列為該態 `R4` **全側** 1 筆，其側別逐列具名）
     | # | 宗 | side | solver | `is_corner` | `is_chain_head` | `_W_near` | `_rw_start`(＝實參 `W_prev`) | `W`(＝實參 `W_cur`) | `Rw_i`(%) |
     |---|---|---|---|---|---|---|---|---|---|
     | 1 | `628(1)+` | 左側 | `solve_G_binary` | True | True | 4.4804447558 | **4.4804447558** | **65.1439433622** | 59.221243 |
   · `3.5m` 態乙 ⇒ `R4` **`right`** 之定案筆數 ＝ 1（`R4` 全側 ＝ 2）
     | # | 宗 | side | solver | `is_corner` | `is_chain_head` | `_W_near` | `_rw_start`(＝實參 `W_prev`) | `W`(＝實參 `W_cur`) | `Rw_i`(%) |
     |---|---|---|---|---|---|---|---|---|---|
     | 1 | `628-1(1)` | 右側 | `solve_G_binary` | True | True | 0.1775004071 | **0.1775004071** | **14.1988975422** | 85.407634 |
   · `3.5m` 態甲 ⇒ 🟡 **`R4` `right` 之定案筆數 ＝ 0**（**⛔ 靜默退路**：下列為該態 `R4` **全側** 1 筆，其側別逐列具名）
     | # | 宗 | side | solver | `is_corner` | `is_chain_head` | `_W_near` | `_rw_start`(＝實參 `W_prev`) | `W`(＝實參 `W_cur`) | `Rw_i`(%) |
     |---|---|---|---|---|---|---|---|---|---|
     | 1 | `628(1)+` | 左側 | `solve_G_binary` | True | True | 7.7850157181 | **7.7850157181** | **68.6244026113** | 40.060915 |

────────────────────────────────────────────────────────────────────────────────────────────────────────────────────────────────────
【`§三-1` 項 `2`／`3`】`W_prev = 0.1775004071` 之**序位**（⛔ 推定·以所錄具名）
────────────────────────────────────────────────────────────────────────────────────────────────────────────────────────────────────
   · 於**定案筆**中之命中 ＝ **2** 筆
     - `0m` 態乙｜街廓 `R4`｜side `右側`｜宗 `628-1(1)`
       `is_corner` ＝ True／`is_chain_head` ＝ True ⇒ **其為**鏈頭之 `W_0`**（`_rw_start ← _W_near`）**
       `_W_near` ＝ 0.17750040709932335／`_rw_start` ＝ 0.1775004071｜本側 `_lg_idx` ＝ 0
       🔒 該側之 `_fo_right` ＝ **False**（`§三-1` 項 `3` 所令之同格具名）
     - `3.5m` 態乙｜街廓 `R4`｜side `右側`｜宗 `628-1(1)`
       `is_corner` ＝ True／`is_chain_head` ＝ True ⇒ **其為**鏈頭之 `W_0`**（`_rw_start ← _W_near`）**
       `_W_near` ＝ 0.17750040709932335／`_rw_start` ＝ 0.1775004071｜本側 `_lg_idx` ＝ 0
       🔒 該側之 `_fo_right` ＝ **False**（`§三-1` 項 `3` 所令之同格具名）

────────────────────────────────────────────────────────────────────────────────────────────────────────────────────────────────────
【`§三-1` 項 `5`】**鏈頭之 `W_0`**（＝ `_rw_start` @ `is_corner ∨ is_chain_head`）·全六街廓 × 二側 × 二情境 × 二態
────────────────────────────────────────────────────────────────────────────────────────────────────────────────────────────────────
   | 街廓 | 側 | `0m` 態甲 | `0m` 態乙 | `3.5m` 態甲 | `3.5m` 態乙 |
   |---|---|---|---|---|---|
   | `R1` | left | `-0.0000000000`（`628-37(1)`） | `-0.0000000000`（`628-37(1)`） | `-0.0000000000`（`628-36(1)`） | `-0.0000000000`（`628-36(1)`） |
   | `R1` | right | `-0.4007179780`（`628(5)`） | `-0.4007179780`（`628(5)`） | `-0.4007179780`（`628(5)`） | `-0.4007179780`（`628(5)`） |
   | `R2` | left | `0.0000000002`（`628-41(1)`） | `0.0000000002`（`628-41(1)`） | `6.9804804474`（`628-42(1)`） | `6.9804804474`（`628-42(1)`） |
   | `R2` | right | — | — | — | — |
   | `R3` | left | — | — | — | — |
   | `R3` | right | `-3.3976107559`（`628-30(3)+`） | — | `-3.3976107559`（`628-30(3)+`） | — |
   | `R4` | left | `4.4804447558`（`628(1)+`） | `-0.0000000002`（`628(1)`） | `7.7850157181`（`628(1)+`） | `-0.0000000002`（`628(1)`） |
   | `R4` | right | — | `0.1775004071`（`628-1(1)`） | — | `0.1775004071`（`628-1(1)`） |
   | `R5` | left | `-0.0000000002`（`628-18(2)`） | — | `-0.0000000002`（`628-45(1)+`） | — |
   | `R5` | right | — | — | — | — |
   | `R6` | left | — | — | — | — |
   | `R6` | right | `-0.0000020570`（`628-18(1)`） | — | `-0.0000020570`（`628-18(1)`） | — |
   ⇒ 有值之格 ＝ **24**｜**嚴格 `== 0`** ＝ **0**｜**`≈ 0`**（`0 < |W_0| ≤ 1e-06`）＝ **10**｜**`|W_0| > 1e-06`** ＝ **14**
   🔒 **零之判準 ＝ 具名常數 `TOL0 = 1e-06`**（⛔ 字面·⛔ 二分）。
   🔒 **判別力**：若全格落於同一類，該欄⛔ 具鑑別力；實測 `≈0`／`>TOL0` ＝ **10**／**14** ⇒ **二類並存·具鑑別力** ✅

   · `_fo_left`／`_fo_right`（同格具名·源 ＝ `f3L_forced_offset`）：
     - `R1`：`0m`態甲 L=False R=False　`0m`態乙 L=False R=False　`3.5m`態甲 L=False R=False　`3.5m`態乙 L=False R=False
     - `R2`：`0m`態甲 L=False R=False　`0m`態乙 L=False R=False　`3.5m`態甲 L=True R=False　`3.5m`態乙 L=True R=False
     - `R3`：`0m`態甲 L=False R=False　`0m`態乙 L=False R=False　`3.5m`態甲 L=False R=False　`3.5m`態乙 L=False R=True
     - `R4`：`0m`態甲 L=True R=False　`0m`態乙 L=False R=False　`3.5m`態甲 L=True R=False　`3.5m`態乙 L=False R=False
     - `R5`：`0m`態甲 L=False R=False　`0m`態乙 L=False R=False　`3.5m`態甲 L=False R=False　`3.5m`態乙 L=True R=False
     - `R6`：`0m`態甲 L=False R=False　`0m`態乙 L=False R=False　`3.5m`態甲 L=False R=False　`3.5m`態乙 L=False R=False

────────────────────────────────────────────────────────────────────────────────────────────────────────────────────────────────────
【`§三-2` 項 `1`】二解算器內 `rw_increment(...)` 之**呼叫式逐字**（自碼面現查·⛔ 採轉述）
────────────────────────────────────────────────────────────────────────────────────────────────────────────────────────────────────
   · `solve_G_binary`（`app.py:10083`–`:10352`）·**AST `Call` 節點**：
     - `app.py:10244`　`rw_increment(_rw_start, W)`　｜該列逐字 ＝ `Rw = rw_increment(_rw_start, W)`
     ⇒ 該解算器內之 `rw_increment` **呼叫節點數 ＝ 1**
     ℹ️ **文字層**（`'rw_increment(' in line` 且非 `#` 起首）之列數 ＝ **1**
   · `iterate_G_S`（`app.py:6401`–`:6492`）·**AST `Call` 節點**：
     - `app.py:6458`　`rw_increment(W_prev, W_cur)`　｜該列逐字 ＝ `Rw = rw_increment(W_prev, W_cur) if _apply_rw else 0.0`
     - `app.py:6486`　`rw_increment(W_prev, W_cur)`　｜該列逐字 ＝ `Rw_pct = (rw_increment(W_prev, W_cur) * 100.0) if _apply_rw else 0.0`
     ⇒ 該解算器內之 `rw_increment` **呼叫節點數 ＝ 2**
     ℹ️ **文字層**（`'rw_increment(' in line` 且非 `#` 起首）之列數 ＝ **3**　🟡 **與 AST 相異**（其咬中 docstring／註解）
   🔒 **判別力**：一人造字面（**執行期組出**）於 `app.py` ＝ **0**（須 `0`）；對照組 `rw_increment(` ＝ **7** 列（須 `>0`）

────────────────────────────────────────────────────────────────────────────────────────────────────────────────────────────────────
【終止態】`run_step_g` 之中止（逐情境 × 逐態）
────────────────────────────────────────────────────────────────────────────────────────────────────────────────────────────────────
   · `0m` 態乙 ⇒ 🔴 結構閘 理論＝實跑 破：街廓 R4 right 側 理論@k*=87.83 ≠ 實跑(階段1)=85.41（Δ=2.425 >0.1）｜參考 ΣΔ_i=+0.000（**⛔ 未用於本式**·實測反證見碼註）｜逐界面：[Δ_i·R4·right] （無界面）
   · `0m` 態甲 ⇒ None
   · `3.5m` 態乙 ⇒ 🔴 結構閘 理論＝實跑 破：街廓 R4 right 側 理論@k*=87.83 ≠ 實跑(階段1)=85.41（Δ=2.425 >0.1）｜參考 ΣΔ_i=+0.000（**⛔ 未用於本式**·實測反證見碼註）｜逐界面：[Δ_i·R4·right] （無界面）
   · `3.5m` 態甲 ⇒ None

RESULT=OK
