====================================================================================================================
【W-G.9-268 `c0`】受詞母體之對位　`A`（不交叉之違反）vs `B`（覆蓋帳之重疊對）
====================================================================================================================

── `B` 母體：覆蓋帳違反組之**逐重疊對**（口徑 ＝ **全區連跑**·來源 ＝ harness 落檔）──
| 情境 | 街廓 | 側 | 宗 A（序） | 宗 B（序） | 重疊面積 ㎡ |
|---|---|---|---|---|---|
| 0m | R2 | left | `628-41(1)`（第0宗） | `628-27(1)`（第2宗） | **19.8142** |
| 0m | R2 | left | `628-41(1)`（第0宗） | `628-40(1)+`（第3宗） | **26.1624** |
| 3.5m | R5 | left | `628-45(1)+`（第0宗） | `628-18(2)`（第2宗） | **56.8186** |
   違反組 ＝ [('0m', 'R2', 'left', '45.9766'), ('3.5m', 'R5', 'left', '56.8186')]
   🔒 `B` 之**宗集** ＝ ['628-18(2)', '628-27(1)', '628-40(1)+', '628-41(1)', '628-45(1)+']（**5** 宗）
   判定集基數：組 ＝ **13**／重疊對 ＝ **3**

── `A` 母體：不交叉之違反宗（口徑 ＝ **逐街廓獨立呼叫**·情境 ＝ **僅 `0m`**）──
   🔒 判定（違反與否）**⛔ 本檔重判**，逐字沿用權威源 `probe_WG988_nocross.py` 之「必答 1」；
   本檔只補其⛔ 出艙之**暫編地號**（該探針之 `暫編地號` 命中 ＝ `0`）。
   逐街廓獨立·`0m` 可達 ＝ ['R1', 'R2', 'R3', 'R4', 'R5', 'R6']

| 街廓 | 側 | 宗序 | **暫編地號** | `G(㎡)` | 分配範圍面積 ㎡ |
|---|---|---|---|---|---|
| R2 | left | 第1宗 | **`628-42(1)`** | 3.8200 | 3.8082 |
| R5 | left | 第1宗 | **`628-53(2)`** | 0.9900 | 0.9867 |
   🔒 `A` 之**宗集** ＝ ['628-42(1)', '628-53(2)']（**2** 宗）；判定集基數（權威源 `POPULATION`）＝ **35**

── 自我驗證閘（本檔之重建 vs 權威源所印之面積）──
   ✅ R2·left 第1宗 `628-42(1)`：本檔 3.808224 ㎡ ／ 權威源 3.8082 ㎡ ｜ |Δ| ＝ 0.000024 ⇒ 相符（≤ 0.05）
   ✅ R5·left 第1宗 `628-53(2)`：本檔 0.986729 ㎡ ／ 權威源 0.9867 ㎡ ｜ |Δ| ＝ 0.000029 ⇒ 相符（≤ 0.05）
   ⇒ 自我驗證閘 ✅ 過

── `A` ／ `B` 之對位（逐宗具名·各載判定集基數）──
   `A ∩ B` ＝ **∅**（**0** 宗）　判定集基數 ＝ |A| 2 ＋ |B| 5
   `A ∖ B` ＝ ['628-42(1)', '628-53(2)']（**2** 宗）
   `B ∖ A` ＝ ['628-18(2)', '628-27(1)', '628-40(1)+', '628-41(1)', '628-45(1)+']（**5** 宗）

── 🔴 口徑之對位（本檔之核心出艙·⛔ 逕取交集之前必先具名）──
| 母體 | 口徑 | 情境 | 受詞之組 |
|---|---|---|---|
| `A` | **逐街廓獨立呼叫** | **僅 `0m`** | `0m·R2·left` 第1宗／`0m·R5·left` 第1宗 |
| `B` | **全區連跑** | `0m`（止於 `R2`）＋ `3.5m`（止於 `R5`）| `0m·R2·left`／`3.5m·R5·left` |
   🔴 `0m·R5` 於 `B` 之口徑下**結構上不存在**（`0m` 可達 ＝ ['R1', 'R2']）

── 否證對照（同格載判定集基數·基數 `0` ⇒ loud 拒測）──
   ✅ 必綠 ＝ `0m·R2·left` 第1宗於二口徑同名　判定集基數 **1**　全區連跑 `628-42(1)` ／ 逐街廓獨立 `628-42(1)` ⇒ 如預期
   ✅ 必紅 ＝ 注入 `B` 之一宗（`628-18(2)`）入 `A`　判定集基數 **1**　`|A ∩ B|` 由 **0** 轉為 **1** ⇒ 如預期（⇒ 交集運算子確能翻面·本檢⛔ 恆為 ∅）

── 🔑 同口徑之對位：`B′` ＝ **逐街廓獨立·`0m`** 之覆蓋帳（⇒ 與 `A` 同口徑同情境）──
| 街廓 | 側 | 宗 A（序） | 宗 B（序） | 重疊面積 ㎡ |
|---|---|---|---|---|
| R2 | left | `628-41(1)`（第0宗） | `628-27(1)`（第2宗） | **19.8142** |
| R2 | left | `628-41(1)`（第0宗） | `628-40(1)+`（第3宗） | **26.1624** |
| R5 | left | `628-18(2)`（第0宗） | `628-7(2)`（第2宗） | **56.3293** |
   違反組 ＝ [('R2', 'left', '45.9766'), ('R5', 'left', '56.3293')]　判定集基數：組 ＝ **11**／重疊對 ＝ **3**
   🔒 `A ∩ B′` ＝ **∅**（**0** 宗）／`A ∖ B′` ＝ ['628-42(1)', '628-53(2)']／`B′ ∖ A` ＝ ['628-18(2)', '628-27(1)', '628-40(1)+', '628-41(1)', '628-7(2)']

── 🔑 **組層**之對位（`A` 之宗是否落在 `B`／`B′` 之違反<u>組</u>內）──
   `628-42(1)`（`0m·R2·left` 第1宗）：落在 `B` 之違反組？ **是**（同街廓側）／落在 `B′` 之違反組？ **是**
   `628-53(2)`（`0m·R5·left` 第1宗）：落在 `B` 之違反組？ **是**（同街廓側）／落在 `B′` 之違反組？ **是**
   ⇒ 🔒 **宗層交集為 ∅，而組層⛔ 為 ∅** ——`A` 之二宗皆位於違反組**之內**，惟**⛔ 為任一重疊對之成員**。

── 🛑 停機款（單 `§八`）──
   🛑 **`A ∩ B` ＝ ∅ ⇒ 觸發停機款** ——其意謂「閘一轉主動」未必使覆蓋帳歸零，
      方法與受詞須重新對位。**⛔ 續辦 `c1`〜`c4`。**
