==============================================================================================================
【`c4` 結案報告】四簿之數（**每簿具名其框**·框 ＝ 標題形 ∪ 表列形）
==============================================================================================================
🔒 三軸：(1) 來源 ＝ blob@8f4281c8933a18c33ae40c0b4b975304ed3c6402 ／ (2) 母體 ＝ 各簿**單檔**（逐簿具名）／ (3) 粒度框 ＝ **列框**

── `自誤` 簿 ── 母體 ＝ `docs/reports/W-G.9波_claude.ai側自誤登記.md`（733797 B／8579 列）
     定義框（`VR-091 四`）                    列命中  358 ／相異  340 ／MAX 363
     表列形                                列命中    1 ／相異    1 ／MAX 108
     範圍框（`VR-091 四`）                    命中 9 條（其展開已併入聯集）
     🔒 **聯集**：相異 **353** ／ **MAX ＝ 363** ／ **次號 ＝ 364**
     🔑 對照組：必命中（`MAX` 之實際標題列·**自母體逐字取**）＝ **1** 列（須 >0）✅
        其逐字 ＝ '### 🩸 `自誤 363`\u3000**立一款而其判準之受詞，<u>執行方結構上無從取得</u> ⇒ 該款不可評估，其二分支皆⛔ 得被選定**'
        人造（執行期組出·字面⛔ 入倉）＝ **0** 列（須 =0）✅

── `GB` 簿 ── 母體 ＝ `docs/reports/W-G.4_泛用阻塞項登記表.md`（787800 B／6462 列）
     標題錨定框（`W-G.9-205` 更正註）             列命中   80 ／相異   77 ／MAX 163
     表列形                                列命中  148 ／相異  135 ／MAX 161
     🔒 **聯集**：相異 **161** ／ **MAX ＝ 163** ／ **次號 ＝ 164**
     🔑 對照組：必命中（`MAX` 之實際標題列·**自母體逐字取**）＝ **1** 列（須 >0）✅
        其逐字 ＝ '### `GB-163` 🆕\u3000`P-3`（留存宗臨 FRONTLINE ⋀ BASELINE）之**判定集僅及少數宗** ⇒ 其「✅」⛔ 足以承擔全稱'
        人造（執行期組出·字面⛔ 入倉）＝ **0** 列（須 =0）✅

── `VR` 簿 ── 母體 ＝ `docs/驗證裁定登記表.md`（394392 B／5124 列）
     定義框（`VR-092` 就地加註）                 列命中   81 ／相異   80 ／MAX 95
     表列形                                列命中   14 ／相異   14 ／MAX 37
     🔒 **聯集**：相異 **93** ／ **MAX ＝ 95** ／ **次號 ＝ 96**
     🔑 對照組：必命中（`MAX` 之實際標題列·**自母體逐字取**）＝ **1** 列（須 >0）✅
        其逐字 ＝ '## `VR-095`\u3000**逐街廓獨立呼叫 ＝ 合法之<u>診斷</u>取值途徑**（發單側裁·`W-G.9-267 §五 U-2`·`2026-09-10`）'
        人造（執行期組出·字面⛔ 入倉）＝ **0** 列（須 =0）✅

── `K-9` 簿 ── 母體 ＝ `docs/rulings/K-6_街角地分配程序與可分配判準.md`（295061 B／4057 列）
     標題形                                列命中  106 ／相異   28 ／MAX 29
     表列形                                列命中   17 ／相異    8 ／MAX 8
     🔒 **聯集**：相異 **29** ／ **MAX ＝ 29** ／ **次號 ＝ 30**
     🔑 對照組：必命中（`MAX` 之實際標題列·**自母體逐字取**）＝ **1** 列（須 >0）✅
        其逐字 ＝ '### 🔒 K-9-29\u3000**重劃前地價逐筆評定；廢前置合併；一切合併恆走 `a′`；五級之入池閘**（KL 裁 `2026-09-08`·`W-G.9-253`）'
        人造（執行期組出·字面⛔ 入倉）＝ **0** 列（須 =0）✅

==============================================================================================================
