====================================================================================================================================
【`W-G.9-286` `§三`】遠側境界線 vs `forced` 帶之界 —— 🛑 **純量測·出艙即止**
====================================================================================================================================

====================================================================================================================================
【SB ＝ 0.0 m·態甲】`_build_corner_range_v3` 24 次（`run_step_g` 段 8）／`_corner_buffer_S` 1 次（段內 1）／`solve_G_binary` 149 次（段內 97）
　`run_step_g` 之終局 ＝ （未拋）
====================================================================================================================================
🔒 **`forced` 側之全部成員（當場重量·⛔ 轉引）**　框 ＝ `fake_st.session_state['f3L_forced_offset']`
   R1 ⇒ left_forced_offset ＝ False ／ right_forced_offset ＝ False
   R2 ⇒ left_forced_offset ＝ False ／ right_forced_offset ＝ False
   R3 ⇒ left_forced_offset ＝ False ／ right_forced_offset ＝ False
   R4 ⇒ left_forced_offset ＝ True  ／ right_forced_offset ＝ False
   R5 ⇒ left_forced_offset ＝ False ／ right_forced_offset ＝ False
   R6 ⇒ left_forced_offset ＝ False ／ right_forced_offset ＝ False
   ⇒ **`forced` 側 ＝ 1 格**：[('R4', 'left')]

── 格 `R4/left` ── `_build_corner_range_v3` 命中 3 筆／`_corner_buffer_S` 命中 1 筆（皆取**最末**）
   🔒 **自我驗證閘**（碼面閉式 `S1_par = S1_perp / sinθ` 之回代）：`|S1_par·sinθ − S1_perp|` ＝ 0.0（須 ≤ 1e-9）⇒ ✅
   **款 `1`**　遠側境界線：錨點 `_Tp` ＝ (310519.65862709616, 2651938.4822572507) ／ 方向單位向量 ＝ (-0.6594678685253096, -0.7517327519688664)
            ∩FRONT∞ ＝ (310519.6586270963, 2651938.4822572507) ／ ∩BASELINE∞ ＝ (310497.7205904883, 2651913.4749120576)
            `S1_perp` ＝ 3.6954999940774775 ／ `S1_par` ＝ 3.7114249326474544 ／ `_seg_P0Ps` ＝ 3.7114249326474544 ／ `T` ＝ 3.5
            `setback` ＝ 0.0 ／ `min_width` ＝ 3.5 ／ `sinθ` ＝ 0.9957092117289256 ／ `eps` ＝ 0.0001 ／ `D` ＝ 33.11
            範圍多邊形面積（回傳之 `.area`）＝ 116.07949125015402
   **款 `2`**　`_corner_buffer_S` 實參：`side` ＝ 'left' ／ `tol` ＝ 0.01 ／ `range_area` ＝ 116.08
            `d_hat` ＝ (0.6874818007775385, -0.7262016067179091) ／ `front_p1` ＝ (310517.10709, 2651941.1775)
            `allocation_dir` ＝ (0.7196670499348666, -0.694319333763684)（單位化 (0.7196670499348666, -0.694319333763684)）／`block_poly.area` ＝ 3207.8664992294093
            `s_min` ＝ 0.1759031656417404 ／ `s_max` ＝ 98.71633001483886 ／ `_lo` ＝ 0.1759031656417404 ／ `buf` ＝ 4.49975224003872
   **款 `3`**　`range_area`（116.08）− 款 `1` 範圍多邊形實算面積（116.07949125015402）＝ **0.0005087498459772632**
   **款 `4`**　`buf` 線（還原式 ＝ `_block_strip`／`_strip_s_range` 之切法：錨 ＝ `front_p1 + s*·d̂`，方向 ＝ `allocation_dir`）
            `s*` ＝ 4.49975224003872（`side='left'` ⇒ `buf`）／錨點 ＝ (310520.20058777306, 2651937.9097726936) ／ 方向單位向量 ＝ (0.7196670499348666, -0.694319333763684)
            ∩FRONT∞ ＝ (310520.2005877732, 2651937.9097726936) ／ ∩BASELINE∞ ＝ (309990.76434568304, 2652448.6985032763)
   **款 `5`**　二線之對拍
      `(a)` `|cos|` ＝ 0.04734528804692001 ／ `|cos| − 1` ＝ **-0.9526547119530799** ／ 二線平行？ **False**
      `(b)` 垂距（`buf` 線錨點 → 遠側境界線）＝ **0.7849447617065486**　⚠️ **二線⛔ 平行** ⇒ 該量係**點對線**之垂距、⛔ 二平行線之距離
            二線之交點 ＝ (310519.6350546937, 2651938.4553868785)
      `(c)` 端點之逐位差：∩FRONT `Δ` ＝ (0.5419606768991798, -0.5724845570512116) ／ ∩BASELINE `Δ` ＝ (-506.95624480524566, 535.2235912187025)
      `(d)` `buf` 線相對 SIDELINE 之**垂距**（⚠️ 非平行 ⇒ 沿深度變動·取二端）：
            於 ∩FRONT ＝ 4.480444756023346（− `S1_perp` ＝ **0.784944761945868**）
            於 ∩BASELINE ＝ 730.3628739265594（− `S1_perp` ＝ **726.6673739324818**）
   **款 `6`**　`solve_G_binary` 於本格之鏈頭筆 ＝ 1
            `W_near` ＝ 4.48 ／ `W_rw_start_raw` ＝ 4.4804447557822895 ／ `W_prev` ＝ 0.0
            **`W_0` − `S1_perp`** ＝ **0.7845000059225229**
   **款 `7`**　`_k923_gate1` 於本格之呼叫 ＝ **0** 次／`_blue_shadow_tri` ＝ **0** 次

====================================================================================================================================
【SB ＝ 3.5 m·態甲】`_build_corner_range_v3` 24 次（`run_step_g` 段 8）／`_corner_buffer_S` 2 次（段內 2）／`solve_G_binary` 149 次（段內 97）
　`run_step_g` 之終局 ＝ （未拋）
====================================================================================================================================
🔒 **`forced` 側之全部成員（當場重量·⛔ 轉引）**　框 ＝ `fake_st.session_state['f3L_forced_offset']`
   R1 ⇒ left_forced_offset ＝ False ／ right_forced_offset ＝ False
   R2 ⇒ left_forced_offset ＝ True  ／ right_forced_offset ＝ False
   R3 ⇒ left_forced_offset ＝ False ／ right_forced_offset ＝ False
   R4 ⇒ left_forced_offset ＝ True  ／ right_forced_offset ＝ False
   R5 ⇒ left_forced_offset ＝ False ／ right_forced_offset ＝ False
   R6 ⇒ left_forced_offset ＝ False ／ right_forced_offset ＝ False
   ⇒ **`forced` 側 ＝ 2 格**：[('R2', 'left'), ('R4', 'left')]

── 格 `R2/left` ── `_build_corner_range_v3` 命中 3 筆／`_corner_buffer_S` 命中 1 筆（皆取**最末**）
   🔒 **自我驗證閘**（碼面閉式 `S1_par = S1_perp / sinθ` 之回代）：`|S1_par·sinθ − S1_perp|` ＝ 0.0（須 ≤ 1e-9）⇒ ✅
   **款 `1`**　遠側境界線：錨點 `_Tp` ＝ (310366.245113485, 2651917.340439585) ／ 方向單位向量 ＝ (0.7404328681817783, -0.6721303204856224)
            ∩FRONT∞ ＝ (310366.2451134851, 2651917.340439585) ／ ∩BASELINE∞ ＝ (310399.4807436314, 2651887.170689292)
            `S1_perp` ＝ 7.0 ／ `S1_par` ＝ 7.000081046490028 ／ `_seg_P0Ps` ＝ 3.5442186819519232 ／ `T` ＝ 7.0
            `setback` ＝ 3.5 ／ `min_width` ＝ 3.5 ／ `sinθ` ＝ 0.9999884220640463 ／ `eps` ＝ 0.0001 ／ `D` ＝ 44.47
            範圍多邊形面積（回傳之 `.area`）＝ 308.1653997358061
   **款 `2`**　`_corner_buffer_S` 實參：`side` ＝ 'left' ／ `tol` ＝ 0.01 ／ `range_area` ＝ 308.17
            `d_hat` ＝ (0.6756855318673246, 0.7371899768887057) ／ `front_p1` ＝ (310361.51526, 2651912.18005)
            `allocation_dir` ＝ (0.7260188428756796, 0.6876748067142342)（單位化 (0.7260188428756796, 0.6876748067142342)）／`block_poly.area` ＝ 4368.603346850267
            `s_min` ＝ 0.2677422217893655 ／ `s_max` ＝ 100.02740781108571 ／ `_lo` ＝ 0.2677422217893655 ／ `buf` ＝ 8.696079893776137
   **款 `3`**　`range_area`（308.17）− 款 `1` 範圍多邊形實算面積（308.1653997358061）＝ **0.004600264193925341**
   **款 `4`**　`buf` 線（還原式 ＝ `_block_strip`／`_strip_s_range` 之切法：錨 ＝ `front_p1 + s*·d̂`，方向 ＝ `allocation_dir`）
            `s*` ＝ 8.696079893776137（`side='left'` ⇒ `buf`）／錨點 ＝ (310367.3910753682, 2651918.590712936) ／ 方向單位向量 ＝ (0.7260188428756796, 0.6876748067142342)
            ∩FRONT∞ ＝ (310367.391075369, 2651918.590712937) ／ ∩BASELINE∞ ＝ (310773.27508124785, 2652303.0383178857)
   **款 `5`**　二線之對拍
      `(a)` `|cos|` ＝ 0.07536112595772865 ／ `|cos| − 1` ＝ **-0.9246388740422713** ／ 二線平行？ **False**
      `(b)` 垂距（`buf` 線錨點 → 遠側境界線）＝ **1.6959792111708831**　⚠️ **二線⛔ 平行** ⇒ 該量係**點對線**之垂距、⛔ 二平行線之距離
            二線之交點 ＝ (310366.15625104256, 2651917.4211047534)
      `(c)` 端點之逐位差：∩FRONT `Δ` ＝ (1.145961883943528, 1.250273352023214) ／ ∩BASELINE `Δ` ＝ (373.7943376164767, 415.8676285939291)
      `(d)` `buf` 線相對 SIDELINE 之**垂距**（⚠️ 非平行 ⇒ 沿深度變動·取二端）：
            於 ∩FRONT ＝ 8.69597921246311（− `S1_perp` ＝ **1.6959792124631097**）
            於 ∩BASELINE ＝ 566.1605689615299（− `S1_perp` ＝ **559.1605689615299**）
   **款 `6`**　`solve_G_binary` 於本格之鏈頭筆 ＝ 0
   **款 `7`**　`_k923_gate1` 於本格之呼叫 ＝ **2** 次／`_blue_shadow_tri` ＝ **2** 次
            `ok` ＝ True ／ `G` ＝ 183.23 ／ `blue` ＝ 76.10841610318627 ／ `len_front` ＝ 4.0843392037662545 ／ `len_base` ＝ 4.0873513465785205
            `_blue_shadow_tri` 回傳鍵 ＝ ['B1', 'P1', 'Q', 'R', 'TA', 'TB', 'areaA', 'areaB', 'base_dir', 'base_pt', 'blue_area', 'blue_tri', 'ds', 'far_pt', 'front_dir', 'front_pt', 'iA', 'iB', 'pick', 'sigma', 'sigma_ds', 'sigma_rule_pick'] ／ `blue_area` ＝ 76.10841610318627

── 格 `R4/left` ── `_build_corner_range_v3` 命中 3 筆／`_corner_buffer_S` 命中 1 筆（皆取**最末**）
   🔒 **自我驗證閘**（碼面閉式 `S1_par = S1_perp / sinθ` 之回代）：`|S1_par·sinθ − S1_perp|` ＝ 0.0（須 ≤ 1e-9）⇒ ✅
   **款 `1`**　遠側境界線：錨點 `_Tp` ＝ (310521.9402004591, 2651936.0721829184) ／ 方向單位向量 ＝ (-0.6594678685253096, -0.7517327519688664)
            ∩FRONT∞ ＝ (310521.94020045915, 2651936.0721829184) ／ ∩BASELINE∞ ＝ (310500.0027481115, 2651911.065503728)
            `S1_perp` ＝ 7.0 ／ `S1_par` ＝ 7.03016494930821 ／ `_seg_P0Ps` ＝ 3.7114249326474544 ／ `T` ＝ 7.0
            `setback` ＝ 3.5 ／ `min_width` ＝ 3.5 ／ `sinθ` ＝ 0.9957092117289256 ／ `eps` ＝ 0.0001 ／ `D` ＝ 33.11
            範圍多邊形面積（回傳之 `.area`）＝ 226.00643589362406
   **款 `2`**　`_corner_buffer_S` 實參：`side` ＝ 'left' ／ `tol` ＝ 0.01 ／ `range_area` ＝ 226.01
            `d_hat` ＝ (0.6874818007775385, -0.7262016067179091) ／ `front_p1` ＝ (310517.10709, 2651941.1775)
            `allocation_dir` ＝ (0.7196670499348666, -0.694319333763684)（單位化 (0.7196670499348666, -0.694319333763684)）／`block_poly.area` ＝ 3207.8664992294093
            `s_min` ＝ 0.1759031656417404 ／ `s_max` ＝ 98.71633001483886 ／ `_lo` ＝ 0.1759031656417404 ／ `buf` ＝ 7.8185635189090075
   **款 `3`**　`range_area`（226.01）− 款 `1` 範圍多邊形實算面積（226.00643589362406）＝ **0.0035641063759328517**
   **款 `4`**　`buf` 線（還原式 ＝ `_block_strip`／`_strip_s_range` 之切法：錨 ＝ `front_p1 + s*·d̂`，方向 ＝ `allocation_dir`）
            `s*` ＝ 7.8185635189090075（`side='left'` ⇒ `buf`）／錨點 ＝ (310522.48221012746, 2651935.4996466106) ／ 方向單位向量 ＝ (0.7196670499348666, -0.694319333763684)
            ∩FRONT∞ ＝ (310522.48221012746, 2651935.4996466106) ／ ∩BASELINE∞ ＝ (309993.06006853224, 2652446.2747733383)
   **款 `5`**　二線之對拍
      `(a)` `|cos|` ＝ 0.04734528804692001 ／ `|cos| − 1` ＝ **-0.9526547119530799** ／ 二線平行？ **False**
      `(b)` 垂距（`buf` 線錨點 → 遠側境界線）＝ **0.7850157181878756**　⚠️ **二線⛔ 平行** ⇒ 該量係**點對線**之垂距、⛔ 二平行線之距離
            二線之交點 ＝ (310521.9166259257, 2651936.0453101173)
      `(c)` 端點之逐位差：∩FRONT `Δ` ＝ (0.5420096683083102, -0.5725363078527153) ／ ∩BASELINE `Δ` ＝ (-506.9426795792533, 535.2092696102336)
      `(d)` `buf` 線相對 SIDELINE 之**垂距**（⚠️ 非平行 ⇒ 沿深度變動·取二端）：
            於 ∩FRONT ＝ 7.785015718243802（− `S1_perp` ＝ **0.7850157182438018**）
            於 ∩BASELINE ＝ 727.0387318552846（− `S1_perp` ＝ **720.0387318552846**）
   **款 `6`**　`solve_G_binary` 於本格之鏈頭筆 ＝ 1
            `W_near` ＝ 7.79 ／ `W_rw_start_raw` ＝ 7.785015718090257 ／ `W_prev` ＝ 0.0
            **`W_0` − `S1_perp`** ＝ **0.79**
   **款 `7`**　`_k923_gate1` 於本格之呼叫 ＝ **0** 次／`_blue_shadow_tri` ＝ **0** 次

====================================================================================================================================
【判別力三造】
====================================================================================================================================
   `(1)` [必命中] `forced` 側之鏈頭格數 ＝ **3**（須 ≥ 1）⇒ ✅
   `(2)` [必相異] `R4/left@0.0`：SIDELINE **自身**（平移 `0`）之同式 ＝ 4.4804447559358325 ／ 款 `5(b)` ＝ 0.7849447617065486 ／ 差 ＝ 3.6954999942292837 ⇒ ✅
   `(2)` [必相異] `R2/left@3.5`：SIDELINE **自身**（平移 `0`）之同式 ＝ 8.695979211225804 ／ 款 `5(b)` ＝ 1.6959792111708831 ／ 差 ＝ 7.000000000054921 ⇒ ✅
   `(2)` [必相異] `R4/left@3.5`：SIDELINE **自身**（平移 `0`）之同式 ＝ 7.785015718243802 ／ 款 `5(b)` ＝ 0.7850157181878756 ／ 差 ＝ 7.000000000055926 ⇒ ✅
   `(3a)` [必為零] **軸對齊**之人造單位向量（**執行期組出**·字面⛔ 出艙）與自身之 `||cos| − 1|` ＝ **0.0**（須 `0`）⇒ ✅
   `(3a′)` [必非零] 一**非單位**之人造向量之同式 ＝ **24.0**（須 `> 0`）⇒ ✅
   `(3b)` 🩸 **照實併呈**：一**一般**人造向量正規化後之同式 ＝ **1.1102230246251565e-16**（＝ `2**-53` 之量級·機器 epsilon）
        ⇒ 🛑 單 `款 8` 之「須為 `0`」於**一般向量**下**⛔ 可滿足**（IEEE754 之必然·**⛔ 受詞紅**）；依 `常規二` **取保守項** ＝ 改以 `(3a)` 之**軸對齊**造行之（其零係**精確**、且由 `(3a′)` 證其⛔ 恆零）。⛔ 改單、⛔ 放寬判準。

🛑 **出艙即止**：⛔ 判二線是否應為同一條、⛔ 判碼面是否違反任何裁、⛔ 鑄 `GB`、⛔ 呈 KL。
