======================================================================================================================
【W-G.9-265 工項四〜六】覆蓋帳 ／ area↔面積 對帳 ／ 射程表　（唯讀探針·⛔ 動生產碼）
======================================================================================================================

── 否證對照（人造·先跑·不如預期即 abort·單 §十一 1）──
  [必紅] 人造相疊矩形 Σ−∪ ＝ 1.0000000000（須 ＝ 1.0）✅
  [必綠] 人造相離矩形 Σ−∪ ＝ 0.0000000000（須 ＝ 0.0）✅

======================================================================================================================
【情境 0m】落檔 got_G值_退縮0m_partial.csv／15979 B／21 資料列（來源層 ＝ harness 落檔）
======================================================================================================================
── 自我驗證閘 1：`街廓面積(㎡)` 逐街廓為常數 ──
   R1   相異值 1 ＝ [2893.55]  ✅
   R2   相異值 1 ＝ [4368.6]  ✅
── 自我驗證閘 2：宗序（`累積S(m)` 昇冪 0-based）對 `驗_宗序` 欄 ──
   判準（雙向蘊含）：位次 `0` 之 `驗_宗序 == 街角第1宗` ⟺ 其 `第1筆街角 == 是`；位次 `1` 恆為 `第2宗`
   受檢 8 格（位次 0 之組：有街角 3／無街角 1 ⇒ 二側皆非空·該檢⛔ 恆真）⇒ ✅ 全符

── 工項四　覆蓋帳（性質 ＝ 同組內各宗互不相疊；判準 Σarea − area(∪) ≤ 1e-06）──
  ── 0m·R1·left ── 2 宗｜Σarea ＝ 808.0723｜∪area ＝ 808.0723｜Σ−∪ ＝ 0.0000  ✅ 無違反
       宗序對照：第0宗 628-37(1)〔街角地〕／第1宗 628-35(2)
  ── 0m·R1·right ── 3 宗｜Σarea ＝ 909.9825｜∪area ＝ 909.9825｜Σ−∪ ＝ 0.0000  ✅ 無違反
       宗序對照：第0宗 628(5)〔街角地〕／第1宗 628-34(3)／第2宗 628-36(1)
  ── 0m·R2·left ── 7 宗｜Σarea ＝ 1209.6733｜∪area ＝ 1163.6967｜Σ−∪ ＝ 45.9766  🔴 違反
       宗序對照：第0宗 628-41(1)〔街角地〕／第1宗 628-42(1)／第2宗 628-27(1)／第3宗 628-40(1)+／第4宗 628-30(2)／第5宗 628-39(1)／第6宗 628-31(2)
        · 第0宗 628-41(1)      × 第2宗 628-27(1)       疊 ＝ 19.8142 ㎡  ⇒ 非相鄰（位次差 2）
        · 第0宗 628-41(1)      × 第3宗 628-40(1)+      疊 ＝ 26.1624 ㎡  ⇒ 非相鄰（位次差 3）
  ── 0m·R2·right ── 7 宗｜Σarea ＝ 1358.8874｜∪area ＝ 1358.8874｜Σ−∪ ＝ 0.0000  ✅ 無違反
       宗序對照：第0宗 628-35(1)／第1宗 628-34(1)／第2宗 628-49(1)／第3宗 628-50(1)／第4宗 628-51(1)／第5宗 628-52(1)／第6宗 628-32(2)

── 工項五　`area(cut_coords)` 逐宗對帳（判準 |Δ| ≤ 0.02 ㎡）──
   母體甲 ＝ 分配宗（`推進側別 ∈ {left,right}`）·對應量 ＝ `G(㎡)`
      19 宗｜area − G ∈ [-0.011957, +0.005983]（4dp ＝ [-0.0120, +0.0060]）｜逾容差 0 宗  ✅
      極小 ＝ 628-51(1)（R2·right·第4宗）Δ -0.011957｜極大 ＝ 628-34(1)（R2·right·第1宗）Δ +0.005983
   母體乙 ＝ `推進側別 ＝ 抵費地` 之列·對應量 ＝ `幾何面積(㎡)`
      🩸 其 `G(㎡)` 欄逐列 ＝ `0.0`（`解法` 欄逐字 ＝ `幾何剩餘`）⇒ `|area − G| ≤ 0.02` 於該母體**結構上不可能成立**；
         故對應量取 `幾何面積(㎡)`。**二母體分列出艙**，⛔ 併為一數。
      R1-抵費地-1         area  1175.4937  幾何面積  1175.4900  Δ +0.003745  ✅
      R1-抵費地-2         area     0.0046  幾何面積     0.0000  Δ +0.004575  ✅
      2 列｜area − 幾何面積 ∈ [+0.003745, +0.004575]｜逾容差 0 列  ✅
   [必紅] 注入 +1㎡（628-37(1)·R1·left）：area 208.1636 → 209.1636｜Δ +0.0036 → +1.0036  ✅ 原綠→轉紅

── 工項六　射程表 ──
   `所屬街廓` distinct（出現序·來源層 ＝ harness 落檔）＝ ['R1', 'R2']
   `中止街廓` ＝ ['R2']
   `中止閘`（逐字複製·⛔ 改寫·⛔ 濃縮）＝ 街廓 R2 抵費地計算失敗：🔴 ②-宗 圍堵閘破[R2]：宗-宗重疊 = 45.9766 > 上界 2.8906（(宗數14−1)×0.005×深度44.47）——**超出捨入量子可解釋範圍＝另有病**，停

======================================================================================================================
【情境 3.5m】落檔 got_G值_退縮3.5m_partial.csv／33670 B／47 資料列（來源層 ＝ harness 落檔）
======================================================================================================================
── 自我驗證閘 1：`街廓面積(㎡)` 逐街廓為常數 ──
   R1   相異值 1 ＝ [2893.55]  ✅
   R2   相異值 1 ＝ [4368.6]  ✅
   R4   相異值 1 ＝ [3207.87]  ✅
   R5   相異值 1 ＝ [4150.21]  ✅
   R6   相異值 1 ＝ [3976.3]  ✅
── 自我驗證閘 2：宗序（`累積S(m)` 昇冪 0-based）對 `驗_宗序` 欄 ──
   判準（雙向蘊含）：位次 `0` 之 `驗_宗序 == 街角第1宗` ⟺ 其 `第1筆街角 == 是`；位次 `1` 恆為 `第2宗`
   受檢 16 格（位次 0 之組：有街角 5／無街角 4 ⇒ 二側皆非空·該檢⛔ 恆真）⇒ ✅ 全符

── 工項四　覆蓋帳（性質 ＝ 同組內各宗互不相疊；判準 Σarea − area(∪) ≤ 1e-06）──
  ── 3.5m·R1·left ── 1 宗｜Σarea ＝ 575.7311｜∪area ＝ 575.7311｜Σ−∪ ＝ 0.0000  ✅ 無違反
       宗序對照：第0宗 628-36(1)〔街角地〕
  ── 3.5m·R1·right ── 4 宗｜Σarea ＝ 1142.7257｜∪area ＝ 1142.7257｜Σ−∪ ＝ 0.0000  ✅ 無違反
       宗序對照：第0宗 628(5)〔街角地〕／第1宗 628-34(3)／第2宗 628-37(1)／第3宗 628-35(2)
  ── 3.5m·R2·left ── 7 宗｜Σarea ＝ 1235.2868｜∪area ＝ 1235.2868｜Σ−∪ ＝ 0.0000  ✅ 無違反
       宗序對照：第0宗 628-42(1)／第1宗 628-41(1)／第2宗 628-27(1)／第3宗 628-40(1)+／第4宗 628-30(2)／第5宗 628-39(1)／第6宗 628-31(2)
  ── 3.5m·R2·right ── 7 宗｜Σarea ＝ 1358.8882｜∪area ＝ 1358.8882｜Σ−∪ ＝ 0.0000  ✅ 無違反
       宗序對照：第0宗 628-35(1)／第1宗 628-34(1)／第2宗 628-49(1)／第3宗 628-50(1)／第4宗 628-51(1)／第5宗 628-52(1)／第6宗 628-32(2)
  ── 3.5m·R4·left ── 1 宗｜Σarea ＝ 2023.3373｜∪area ＝ 2023.3373｜Σ−∪ ＝ 0.0000  ✅ 無違反
       宗序對照：第0宗 628(1)+〔街角地〕
  ── 3.5m·R6·left ── 3 宗｜Σarea ＝ 1278.9560｜∪area ＝ 1278.9560｜Σ−∪ ＝ 0.0000  ✅ 無違反
       宗序對照：第0宗 628(2)+／第1宗 628-4(1)／第2宗 628-23(1)+
  ── 3.5m·R6·right ── 5 宗｜Σarea ＝ 1068.6349｜∪area ＝ 1068.6349｜Σ−∪ ＝ 0.0000  ✅ 無違反
       宗序對照：第0宗 628-18(1)〔街角地〕／第1宗 628-53(1)／第2宗 628-38(1)／第3宗 628-7(1)／第4宗 628-20(1)
  ── 3.5m·R5·left ── 6 宗｜Σarea ＝ 820.9082｜∪area ＝ 764.0897｜Σ−∪ ＝ 56.8186  🔴 違反
       宗序對照：第0宗 628-45(1)+〔街角地〕／第1宗 628-53(2)／第2宗 628-18(2)／第3宗 628-7(2)／第4宗 628-31(1)／第5宗 628-32(1)
        · 第0宗 628-45(1)+     × 第2宗 628-18(2)       疊 ＝ 56.8186 ㎡  ⇒ 非相鄰（位次差 2）
  ── 3.5m·R5·right ── 2 宗｜Σarea ＝ 1563.9675｜∪area ＝ 1563.9675｜Σ−∪ ＝ -0.0000  ✅ 無違反
       宗序對照：第0宗 628(3)／第1宗 628-21(2)+

── 工項五　`area(cut_coords)` 逐宗對帳（判準 |Δ| ≤ 0.02 ㎡）──
   母體甲 ＝ 分配宗（`推進側別 ∈ {left,right}`）·對應量 ＝ `G(㎡)`
      36 宗｜area − G ∈ [-0.014064, +0.009266]（4dp ＝ [-0.0141, +0.0093]）｜逾容差 0 宗  ✅
      極小 ＝ 628-45(1)+（R5·left·第0宗）Δ -0.014064｜極大 ＝ 628-7(1)（R6·right·第3宗）Δ +0.009266
   母體乙 ＝ `推進側別 ＝ 抵費地` 之列·對應量 ＝ `幾何面積(㎡)`
      🩸 其 `G(㎡)` 欄逐列 ＝ `0.0`（`解法` 欄逐字 ＝ `幾何剩餘`）⇒ `|area − G| ≤ 0.02` 於該母體**結構上不可能成立**；
         故對應量取 `幾何面積(㎡)`。**二母體分列出艙**，⛔ 併為一數。
      R1-抵費地-1         area  1169.7082  幾何面積  1169.7100  Δ -0.001813  ✅
      R1-抵費地-2         area     5.3835  幾何面積     5.3800  Δ +0.003510  ✅
      R1-抵費地-3         area     0.0046  幾何面積     0.0000  Δ +0.004600  ✅
      R2-抵費地-1         area  1466.2584  幾何面積  1466.2600  Δ -0.001643  ✅
      R2-抵費地-2         area   308.1700  幾何面積   308.1700  Δ +0.000000  ✅
      R4-抵費地-1         area   906.3247  幾何面積   906.3200  Δ +0.004680  ✅
      R4-抵費地-2         area   226.0100  幾何面積   226.0100  Δ -0.000006  ✅
      R4-抵費地-3         area    26.1102  幾何面積    26.1100  Δ +0.000214  ✅
      R4-抵費地-4         area    26.0843  幾何面積    26.0800  Δ +0.004297  ✅
      R6-抵費地-1         area  1543.0063  幾何面積  1543.0100  Δ -0.003694  ✅
      R6-抵費地-2         area    85.7064  幾何面積    85.7100  Δ -0.003612  ✅
      11 列｜area − 幾何面積 ∈ [-0.003694, +0.004680]｜逾容差 0 列  ✅
   [必紅] 注入 +1㎡（628-36(1)·R1·left）：area 575.7311 → 576.7311｜Δ +0.0011 → +1.0011  ✅ 原綠→轉紅

── 工項六　射程表 ──
   `所屬街廓` distinct（出現序·來源層 ＝ harness 落檔）＝ ['R1', 'R2', 'R4', 'R6', 'R5']
   `中止街廓` ＝ ['R5']
   `中止閘`（逐字複製·⛔ 改寫·⛔ 濃縮）＝ 街廓 R5 抵費地計算失敗：🔴 ②-宗 圍堵閘破[R5]：宗-宗重疊 = 56.8186 > 上界 1.5999（(宗數8−1)×0.005×深度45.71）——**超出捨入量子可解釋範圍＝另有病**，停

======================================================================================================================
【彙總】全 13 組覆蓋帳
======================================================================================================================
  違反 2 組／無違反 11 組／合計 13 組
    0m    R1   left   2 宗  Σ−∪ ＝ 0.0000  ✅
    0m    R1   right  3 宗  Σ−∪ ＝ 0.0000  ✅
    0m    R2   left   7 宗  Σ−∪ ＝ 45.9766  🔴
    0m    R2   right  7 宗  Σ−∪ ＝ 0.0000  ✅
    3.5m  R1   left   1 宗  Σ−∪ ＝ 0.0000  ✅
    3.5m  R1   right  4 宗  Σ−∪ ＝ 0.0000  ✅
    3.5m  R2   left   7 宗  Σ−∪ ＝ 0.0000  ✅
    3.5m  R2   right  7 宗  Σ−∪ ＝ 0.0000  ✅
    3.5m  R4   left   1 宗  Σ−∪ ＝ 0.0000  ✅
    3.5m  R5   left   6 宗  Σ−∪ ＝ 56.8186  🔴
    3.5m  R5   right  2 宗  Σ−∪ ＝ -0.0000  ✅
    3.5m  R6   left   3 宗  Σ−∪ ＝ 0.0000  ✅
    3.5m  R6   right  5 宗  Σ−∪ ＝ 0.0000  ✅

  🔒 `R3` 於二情境之 `所屬街廓` distinct 皆⛔ 出現 ⇒ **二情境皆不可達**
     0m    可達 ＝ ['R1', 'R2']｜`R3` ∈ 可達？ False
     3.5m  可達 ＝ ['R1', 'R2', 'R4', 'R6', 'R5']｜`R3` ∈ 可達？ False
