======================================================================================================================
【`W-G.9-268′` `c1` 合成案】`_wg9268p_anchor_advance`（**`main()` 內之敘述⛔ 由 run_all 驗**）
======================================================================================================================

🔒 受測符號自 `harvest()` 取得：`_wg9268p_anchor_advance` True ／ `_oblique_s_max` True

── 合成之閉式自證（`_oblique_s_max` ＝ `max(s_i)`·恆等式 `s(corner+s0·d̂) ≡ s0`）──
   斜交角 ＝ 3.7°（⛔ 正交）／頂點 8 個／`s_i` ＝ [0.5, 2.0, 7.25, 3.0]
  `_oblique_s_max`（閉式期望 max(s_i)）                            得 7.2500000000       期 7.2500000000       ✅

── 造 `a`：旗標 **off** ⇒ **原值原樣**（⛔ 觸幾何）──
  off·`cum_S ＝ 1.0` 而 `s_geo ＝ 7.25`（須仍 1.0）                 得 1.0000000000       期 1.0000000000       ✅
  off（環境變數**未設**）·同上                                         得 1.0000000000       期 1.0000000000       ✅

── 造 `b`：旗標 **on** ∧ `s_geo > cum_S` ⇒ **須變為 `s_geo`**（判別力·證非死碼）──
  on·`cum_S ＝ 1.0` ⇒ 須 `7.25`                                得 7.2500000000       期 7.2500000000       ✅

── 造 `c`：旗標 **on** ∧ `s_geo < cum_S` ⇒ **取 `max` ⇒ ⛔ 後退**──
  on·`cum_S ＝ 9.0` ⇒ 須仍 `9.0`                                得 9.0000000000       期 9.0000000000       ✅

── 造 `d`：旗標 **on** ∧ 幾何缺 ⇒ 原值（⛔ 靜默造值）──
  on·`cut_coords ＝ []`                                       得 3.5000000000       期 3.5000000000       ✅
  on·`cut_coords ＝ None`                                     得 3.5000000000       期 3.5000000000       ✅
  on·`d_hat ＝ None`                                          得 3.5000000000       期 3.5000000000       ✅
  on·`base_pt ＝ None`                                        得 3.5000000000       期 3.5000000000       ✅

── 造 `e`：旗標 **on** ∧ 帶軸退化（切線 ∥ 推進向）⇒ **須 raise**（no-silent-fallback）──
  退化 ⇒ raise（loud）                                           🔴 _strip_axis：d_hat·m_hat ≈ 0（切線 ∥ 推進向 →… ✅

======================================================================================================================
【§三】四呼叫點之 **AST 實查**（⛔ 硬編行號·⛔ 以 grep 代）
======================================================================================================================
  app.py                       `def main` 區間 ＝ (14918, 24498)
      :22136  引數 5 ＝ ('left_cum_S', "res.get('cut_coords')", 'd_hat', 'corner_pt', 'allocation_dir_block')   **在 `main()` 內 ＝ True**
      :22258  引數 5 ＝ ('right_cum_S', "res.get('cut_coords')", 'd_hat_rev', 'end_pt', 'allocation_dir_block')   **在 `main()` 內 ＝ True**
  verify/stepg_pipeline.py     `def main` 區間 ＝ None
      :855    引數 5 ＝ ('left_cum_S', "res.get('cut_coords')", 'd_hat', 'corner_pt', 'allocation_dir_block')   **在 `main()` 內 ＝ False**
      :964    引數 5 ＝ ('right_cum_S', "res.get('cut_coords')", 'd_hat_rev', 'end_pt', 'allocation_dir_block')   **在 `main()` 內 ＝ False**
  呼叫點總數 ＝ 4（須 4）✅
  引數形（去第 1 引數 `cum_S`）之相異形 ＝ 2：
      ("res.get('cut_coords')", 'd_hat', 'corner_pt', 'allocation_dir_block')
      ("res.get('cut_coords')", 'd_hat_rev', 'end_pt', 'allocation_dir_block')
  ⇒ 恰為「左鏈 `(d_hat, corner_pt)`／右鏈 `(d_hat_rev, end_pt)`」二形 ＝ True ✅
  🔴 **落於 `main()` 內者 ＝ 2 處**（＝ `run_all`／`run_verification` **從不執行**者）⇒ **本合成案即其唯一驗收路徑**

======================================================================================================================
✅ 合成案全綠：閉式自證 ⋀ 造 a（off 原值）⋀ 造 b（on 必變）⋀ 造 c（max 語意） ⋀ 造 d（缺值原值）⋀ 造 e（退化 raise）⋀ 四呼叫點 AST 實查
======================================================================================================================
