================================================================================================================
【`W-G.9-269` 補令九 `§二-3`】交接註「坑」索引（全倉·二系分列）
================================================================================================================
🔒 框（逐字）：定義處 ＝ `D-H` 標題形 ∪ `D-T` 坑表資料列（表頭含 `徵候` ⋀ `攔法`）；引用處 ＝ 文中「坑 ＋ 標籤」二形並取·⛔ 落於定義列

── 判別力二造（`rev` ＝ c32061b）────────────────────────────────────────────────────────────
   造甲[必有定義] 坑 `n`            ⇒ 定義處 4 ／ 期 ≥ 1 ⇒ ✅
   造乙[必為零] 人造之坑（**執行期組出**·字面⛔ 出艙）⇒ 定義 0 ／引用 0 ／ 期 0／0 ⇒ ✅
   ⇒ **器非紅** ✅

── 數字系 `1`〜`26` ── 母體 ＝ c32061b 之追蹤 `.md` **709** 檔
   | 坑 | 定義處 | 形／徵候／攔法 | 引用處 | 判 |
   |---|---|---|---|---|
   | `1` | `W-G.9-267_附件甲_審查窗報告與草稿.md:135`（D-T）＋18 | ✅✅✅ | `12` | ✅ 可解析 |
   | `2` | `W-G.9-267_附件甲_審查窗報告與草稿.md:136`（D-T）＋13 | ✅✅✅ | `4` | ✅ 可解析 |
   | `3` | `W-G.9-267_附件甲_審查窗報告與草稿.md:137`（D-T）＋11 | ✅✅✅ | `1` | ✅ 可解析 |
   | `4` | `W-G.9-267_附件甲_審查窗報告與草稿.md:138`（D-T）＋10 | ✅✅✅ | `4` | ✅ 可解析 |
   | `5` | `W-G.9-267R_三裁登記與GB156與逐街廓口徑.md:734`（D-T）＋7 | ✅✅✅ | `7` | ✅ 可解析 |
   | `6` | `W-G.9-268pR_c0-5新靶重得.md:229`（D-T）＋6 | ✅✅✅ | `5` | ✅ 可解析 |
   | `7` | `W-G.9-268pR_c0-5新靶重得.md:230`（D-T）＋2 | ✅✅✅ | `8` | ✅ 可解析 |
   | `8` | `W-G.9-268pR_補令五_記憶體側量測器.md:347`（D-H）＋2 | ✅✅✅ | `0` | ✅ 可解析 |
   | `9` | `W-G.9-268pR_補令十三_開工閘與停機上呈.md:40`（D-T）＋1 | ✅✅✅ | `3` | ✅ 可解析 |
   | `10` | `W-G.9-268pR_補令五_記憶體側量測器.md:358`（D-H）＋1 | ✅✅✅ | `13` | ✅ 可解析 |
   | `11` | `W-G.9-268pR_補令十二_序1_2_GB161與c1synth定位之修.md:138`（D-H）＋2 | ✅✅✅ | `4` | ✅ 可解析 |
   | `12` | `W-G.9-268pR_補令十三_開工閘與停機上呈.md:42`（D-T）＋2 | ✅✅✅ | `4` | ✅ 可解析 |
   | `13` | `W-G.9-268pR_補令十三_開工閘與停機上呈.md:43`（D-T）＋2 | ✅✅✅ | `4` | ✅ 可解析 |
   | `14` | `W-G.9-268pR_補令十三_開工閘與停機上呈.md:44`（D-T）＋2 | ✅✅✅ | `2` | ✅ 可解析 |
   | `15` | `W-G.9-268pR_補令十三_開工閘與停機上呈.md:45`（D-T）＋2 | ✅✅✅ | `5` | ✅ 可解析 |
   | `16` | `W-G.9-268pR_補令十三_開工閘與停機上呈.md:46`（D-T）＋2 | ✅✅✅ | `2` | ✅ 可解析 |
   | `17` | `W-G.9-268pR_補令十三_開工閘與停機上呈.md:47`（D-T）＋2 | ✅✅✅ | `0` | ✅ 可解析 |
   | `18` | `W-G.9-268pR_補令十三_開工閘與停機上呈.md:48`（D-T）＋2 | ✅✅✅ | `0` | ✅ 可解析 |
   | `19` | `W-G.9-268pR_補令十三_開工閘與停機上呈.md:49`（D-T）＋2 | ✅✅✅ | `1` | ✅ 可解析 |
   | `20` | `W-G.9-268pR_補令十四_序1_2_3_執行報告.md:101`（D-H）＋2 | ✅✅✅ | `2` | ✅ 可解析 |
   | `21` | `W-G.9-268pR_補令十四_序1_2_3_執行報告.md:118`（D-H）＋1 | ✅✅✅ | `5` | ✅ 可解析 |
   | `22` | `W-G.9-268pR_補令十五_十六_序1_2_執行報告.md:91`（D-H）＋1 | ✅✅✅ | `1` | ✅ 可解析 |
   | `23` | `W-G.9-268pR_補令十五_十六_序1_2_執行報告.md:106`（D-H）＋1 | ✅✅✅ | `7` | ✅ 可解析 |
   | `24` | `W-G.9-268pR_補令十七_序1_2_執行報告.md:158`（D-H）＋1 | ✅✅✅ | `0` | ✅ 可解析 |
   | `25` | `W-G.9-268pR_補令十七_序1_2_執行報告.md:172`（D-H）＋1 | ✅✅✅ | `3` | ✅ 可解析 |
   | `26` | `W-G.9-268pR_補令十八_序1_2_執行報告.md:103`（D-H）＋1 | ✅✅✅ | `4` | ✅ 可解析 |

── 字母系 `a`〜`z` ＋ `aa`〜`ac` ── 母體 ＝ c32061b 之追蹤 `.md` **709** 檔
   | 坑 | 定義處 | 形／徵候／攔法 | 引用處 | 判 |
   |---|---|---|---|---|
   | `a` | `W-G.9-268pR_補令十二_序1_2_GB161與c1synth定位之修.md:251`（D-T）＋3 | ✅✅✅ | `12` | ✅ 可解析 |
   | `b` | `W-G.9-268pR_補令十二_序1_2_GB161與c1synth定位之修.md:252`（D-T）＋2 | ✅✅✅ | `1` | ✅ 可解析 |
   | `c` | `W-G.9-268pR_補令十二_序1_2_GB161與c1synth定位之修.md:253`（D-T）＋2 | ✅✅✅ | `1` | ✅ 可解析 |
   | `d` | `W-G.9-268pR_補令十二_序1_2_GB161與c1synth定位之修.md:254`（D-T）＋2 | ✅✅✅ | `2` | ✅ 可解析 |
   | `e` | `W-G.9-268pR_補令十二_序1_2_GB161與c1synth定位之修.md:255`（D-T）＋2 | ✅✅✅ | `3` | ✅ 可解析 |
   | `f` | `W-G.9-268pR_補令十二_序1_2_GB161與c1synth定位之修.md:256`（D-T）＋2 | ✅✅✅ | `0` | ✅ 可解析 |
   | `g` | `W-G.9-268pR_補令十二_序1_2_GB161與c1synth定位之修.md:257`（D-T）＋2 | ✅✅✅ | `1` | ✅ 可解析 |
   | `h` | `W-G.9-268pR_補令十二_序1_2_GB161與c1synth定位之修.md:258`（D-T）＋2 | ✅✅✅ | `1` | ✅ 可解析 |
   | `i` | `W-G.9-269R_前置階.md:865`（D-T）＋1 | ✅✅✅ | `2` | ✅ 可解析 |
   | `j` | `W-G.9-269R_本體階_新窗開工與c2前置.md:799`（D-H）＋2 | ✅✅✅ | `4` | ✅ 可解析 |
   | `k` | `W-G.9-269R_本體階_新窗開工與c2前置.md:819`（D-H）＋1 | ✅✅✅ | `4` | ✅ 可解析 |
   | `l` | `W-G.9-269R_本體階_新窗開工與c2前置.md:832`（D-H）＋1 | ✅✅✅ | `1` | ✅ 可解析 |
   | `m` | `W-G.9-269R_本體階_新窗開工與c2前置.md:843`（D-H）＋1 | ✅✅✅ | `8` | ✅ 可解析 |
   | `n` | `W-G.9-269R_本體階_新窗開工與c2前置.md:195`（D-H）＋3 | ✅✅✅ | `12` | ✅ 可解析 |
   | `o` | `W-G.9-269R_本體階_新窗開工與c2前置.md:200`（D-T）＋1 | ✅✅✅ | `0` | ✅ 可解析 |
   | `p` | `W-G.9-269R_本體階_新窗開工與c2前置.md:201`（D-T）＋1 | ✅✅✅ | `0` | ✅ 可解析 |
   | `q` | `W-G.9-269R_本體階_新窗開工與c2前置.md:202`（D-T）＋1 | ✅✅✅ | `0` | ✅ 可解析 |
   | `r` | `W-G.9-269R_本體階_新窗開工與c2前置.md:203`（D-T）＋1 | ✅✅✅ | `4` | ✅ 可解析 |
   | `s` | `W-G.9-269R_本體階_新窗開工與c2前置.md:204`（D-T）＋1 | ✅✅✅ | `2` | ✅ 可解析 |
   | `t` | `W-G.9-269R_本體階_新窗開工與c2前置.md:205`（D-T）＋1 | ✅✅✅ | `0` | ✅ 可解析 |
   | `u` | `W-G.9-269R_本體階_新窗開工與c2前置.md:206`（D-T）＋1 | ✅✅✅ | `3` | ✅ 可解析 |
   | `v` | `W-G.9-269R_本體階_新窗開工與c2前置.md:207`（D-T）＋1 | ✅✅✅ | `3` | ✅ 可解析 |
   | `w` | `W-G.9-269R_本體階_新窗開工與c2前置.md:208`（D-T）＋1 | ✅✅✅ | `0` | ✅ 可解析 |
   | `x` | `W-G.9-269R_本體階_新窗開工與c2前置.md:209`（D-T）＋1 | ✅✅✅ | `5` | ✅ 可解析 |
   | `y` | `W-G.9-269R_本體階_新窗開工與c2前置.md:1339`（D-T） | ✅✅✅ | `2` | ✅ 可解析 |
   | `z` | `W-G.9-269R_本體階_新窗開工與c2前置.md:1340`（D-T） | ✅✅✅ | `1` | ✅ 可解析 |
   | `aa` | `W-G.9-269R_本體階_新窗開工與c2前置.md:1341`（D-T） | ✅✅✅ | `0` | ✅ 可解析 |
   | `ab` | `W-G.9-269R_本體階_新窗開工與c2前置.md:1342`（D-T） | ✅✅✅ | `0` | ✅ 可解析 |
   | `ac` | `W-G.9-269R_本體階_新窗開工與c2前置.md:1343`（D-T） | ✅✅✅ | `0` | ✅ 可解析 |

── 二框對照：數字系 `1`〜`26`（母體同上·**列框**）──────────────────────────────
   | 框 | 定義處合計 | 得 `0` 之標籤 |
   |---|---|---|
   | 補令九 `§二-1` 之框（`#### 坑 X` ∪ `\| **坑 X**`） | `0` | **全部 26 個** |
   | 前窗之框（字串 `坑 ` ＋ 標籤） | `129` | （無） |

── 二框對照：字母系 `a`〜`z` ＋ `aa`〜`ac`（母體同上·**列框**）──────────────────────────────
   | 框 | 定義處合計 | 得 `0` 之標籤 |
   |---|---|---|
   | 補令九 `§二-1` 之框（`#### 坑 X` ∪ `\| **坑 X**`） | `1` | `a, b, c, d, e, f, g, h, i, j, k, l, n, o, p, q, r, s, t, u, v, w, x, y, z, aa, ab, ac` |
   | 前窗之框（字串 `坑 ` ＋ 標籤） | `69` | `c, e, f, g, h, aa, ab, ac` |
