========================================================================================================
【`W-G.9-270` 補令五 `§二-B` 款 `3`】**三路逐一判**（⛔ 擇一書之）
========================================================================================================
🛑 ⛔ 歸因逾此（`§七` 款 `7`）。

── 路 `(b)`　`mina[街廓]` 之二態並列（全街廓） ───────────────────────────────────────────────────────────────────────
   | 街廓 | 舊態 | 現態 | 判 |
   |---|---|---|---|
   | `R1` | `116.02` | `116.02` | 同 |
   | `R2` | `155.64` | `155.64` | 同 |
   | `R3` | `155.19` | `155.19` | 同 |
   | `R4` | `115.85` | `115.88` | 🔴 升 |
   | `R5` | `159.99` | `159.99` | 同 |
   | `R6` | `159.28` | `159.28` | 同 |
   ⇒ **`mina` 下降之街廓 ＝ （無）**
   ⇒ 🔒 路 `(b)` **⛔ 成立**——無一街廓之 `mina` 降

── 情境 `退縮 0m`　歸戶 `G010`　逐宗四欄（⛔ 強行配對·二態宗集相異） ────────────────────────────────────────────────────────────
   **舊態**（2 宗）
   | 暫編地號 | 所屬街廓 | `G(㎡)` | `mina[街廓]` | `G ≥ mina`? | 畸零地旗標 | `_qual` |
   |---|---|---|---|---|---|---|
   | `628-40(1)` | `R2` | `293.88` | `155.64` | ✅ | `（無）` | ✅ |
   | `628-43(1)` | `R2` | `0.26` | `155.64` | 🔴 **否** | `⚠️移出/第1調配順位` | 🔴 **否** |
   ⇒ `all_qual` ＝ **False**
   **現態**（1 宗）
   | 暫編地號 | 所屬街廓 | `G(㎡)` | `mina[街廓]` | `G ≥ mina`? | 畸零地旗標 | `_qual` |
   |---|---|---|---|---|---|---|
   | `628-40(1)+` | `R2` | `285.56` | `155.64` | ✅ | `（無）` | ✅ |
   ⇒ `all_qual` ＝ **True**

   🔑 **舊態⛔ `_qual` 之宗 ＝ 1**
     · `628-43(1)`（`R2`）⛔ qual 之由 ＝ `G 0.26 < mina 155.64` ⋀ **畸零地旗標 ＝ `⚠️移出/第1調配順位`**

── 情境 `退縮 0m`　歸戶 `G017`　逐宗四欄（⛔ 強行配對·二態宗集相異） ────────────────────────────────────────────────────────────
   **舊態**（6 宗）
   | 暫編地號 | 所屬街廓 | `G(㎡)` | `mina[街廓]` | `G ≥ mina`? | 畸零地旗標 | `_qual` |
   |---|---|---|---|---|---|---|
   | `628-22(1)` | `R6` | `152.21` | `159.28` | 🔴 **否** | `⚠️移出/第1調配順位` | 🔴 **否** |
   | `628-22(2)` | `R5` | `520.36` | `159.99` | ✅ | `（無）` | ✅ |
   | `628-21(1)` | `R6` | `210.48` | `159.28` | ✅ | `（無）` | ✅ |
   | `628-21(2)` | `R5` | `470.6` | `159.99` | ✅ | `（無）` | ✅ |
   | `628-23(1)` | `R6` | `71.03` | `159.28` | 🔴 **否** | `⚠️移出/第1調配順位` | 🔴 **否** |
   | `628-23(2)` | `R5` | `423.55` | `159.99` | ✅ | `（無）` | ✅ |
   ⇒ `all_qual` ＝ **False**
   **現態**（2 宗）
   | 暫編地號 | 所屬街廓 | `G(㎡)` | `mina[街廓]` | `G ≥ mina`? | 畸零地旗標 | `_qual` |
   |---|---|---|---|---|---|---|
   | `628-21(2)+` | `R5` | `1415.25` | `159.99` | ✅ | `（無）` | ✅ |
   | `628-23(1)+` | `R6` | `433.68` | `159.28` | ✅ | `（無）` | ✅ |
   ⇒ `all_qual` ＝ **True**

   🔑 **舊態⛔ `_qual` 之宗 ＝ 2**
     · `628-22(1)`（`R6`）⛔ qual 之由 ＝ `G 152.21 < mina 159.28` ⋀ **畸零地旗標 ＝ `⚠️移出/第1調配順位`**
     · `628-23(1)`（`R6`）⛔ qual 之由 ＝ `G 71.03 < mina 159.28` ⋀ **畸零地旗標 ＝ `⚠️移出/第1調配順位`**

── 情境 `退縮 3.5m`　歸戶 `G010`　逐宗四欄（⛔ 強行配對·二態宗集相異） ──────────────────────────────────────────────────────────
   **舊態**（2 宗）
   | 暫編地號 | 所屬街廓 | `G(㎡)` | `mina[街廓]` | `G ≥ mina`? | 畸零地旗標 | `_qual` |
   |---|---|---|---|---|---|---|
   | `628-40(1)` | `R2` | `299.27` | `155.64` | ✅ | `（無）` | ✅ |
   | `628-43(1)` | `R2` | `0.27` | `155.64` | 🔴 **否** | `⚠️移出/第1調配順位` | 🔴 **否** |
   ⇒ `all_qual` ＝ **False**
   **現態**（1 宗）
   | 暫編地號 | 所屬街廓 | `G(㎡)` | `mina[街廓]` | `G ≥ mina`? | 畸零地旗標 | `_qual` |
   |---|---|---|---|---|---|---|
   | `628-40(1)+` | `R2` | `299.51` | `155.64` | ✅ | `（無）` | ✅ |
   ⇒ `all_qual` ＝ **True**

   🔑 **舊態⛔ `_qual` 之宗 ＝ 1**
     · `628-43(1)`（`R2`）⛔ qual 之由 ＝ `G 0.27 < mina 155.64` ⋀ **畸零地旗標 ＝ `⚠️移出/第1調配順位`**

── 情境 `退縮 3.5m`　歸戶 `G017`　逐宗四欄（⛔ 強行配對·二態宗集相異） ──────────────────────────────────────────────────────────
   **舊態**（6 宗）
   | 暫編地號 | 所屬街廓 | `G(㎡)` | `mina[街廓]` | `G ≥ mina`? | 畸零地旗標 | `_qual` |
   |---|---|---|---|---|---|---|
   | `628-22(1)` | `R6` | `152.21` | `159.28` | 🔴 **否** | `⚠️移出/第1調配順位` | 🔴 **否** |
   | `628-22(2)` | `R5` | `520.36` | `159.99` | ✅ | `（無）` | ✅ |
   | `628-21(1)` | `R6` | `210.48` | `159.28` | ✅ | `（無）` | ✅ |
   | `628-21(2)` | `R5` | `470.74` | `159.99` | ✅ | `（無）` | ✅ |
   | `628-23(1)` | `R6` | `71.03` | `159.28` | 🔴 **否** | `⚠️移出/第1調配順位` | 🔴 **否** |
   | `628-23(2)` | `R5` | `423.55` | `159.99` | ✅ | `（無）` | ✅ |
   ⇒ `all_qual` ＝ **False**
   **現態**（2 宗）
   | 暫編地號 | 所屬街廓 | `G(㎡)` | `mina[街廓]` | `G ≥ mina`? | 畸零地旗標 | `_qual` |
   |---|---|---|---|---|---|---|
   | `628-21(2)+` | `R5` | `1415.25` | `159.99` | ✅ | `（無）` | ✅ |
   | `628-23(1)+` | `R6` | `433.68` | `159.28` | ✅ | `（無）` | ✅ |
   ⇒ `all_qual` ＝ **True**

   🔑 **舊態⛔ `_qual` 之宗 ＝ 2**
     · `628-22(1)`（`R6`）⛔ qual 之由 ＝ `G 152.21 < mina 159.28` ⋀ **畸零地旗標 ＝ `⚠️移出/第1調配順位`**
     · `628-23(1)`（`R6`）⛔ qual 之由 ＝ `G 71.03 < mina 159.28` ⋀ **畸零地旗標 ＝ `⚠️移出/第1調配順位`**
