====================================================================================================================
【`W-G.9-270` 補令二 序 `3`】**抵費地面積分布表**（二情境 × 全片·依面積升冪）
====================================================================================================================
🛑 **本器⛔ 作任何處置主張**——其實務性質**候 KL 答**。
🛑 **⛔ 逕刪任何片**（`GB-165`：其為量測之受詞，刪之即滅證）。

────────────────────────────────────────────────────────────────────────────────────────────────────────────────────
【情境 `退縮 0m`】
────────────────────────────────────────────────────────────────────────────────────────────────────────────────────
🔒 母體 ＝ 記憶體側 `to_csv_like(g_rows)` **56** 列（靜默丟列 0 ⇒ ✅）
🔒 **`MinA_區`（逕呼生產側 `wd4_tier_list._mina_by_block`·⛔ 憑記憶·⛔ baseline）** ＝ **115.88**
   其逐街廓之 `MinA_i` ＝ R1 116.02／R2 155.64／R3 155.19／R4 115.88／R5 159.99／R6 159.28
🔒 **先印值分布再定框**（坑 `y`）——`推進側別` 之全體值分布：right 22／left 21／抵費地 13
🔒 抵費地之片 ＝ **13**（＝ 值分布之 `抵費地` 13 ⇒ ✅ 相符）
🔒 **面積二源對拍**：`(A)` 生產所寫之 `幾何面積(㎡)` ↔ `(B)` 自 `cut_coords` 現算（容差**具名** ＝ `0.005 ㎡`·＝ 落檔 `2dp` 之半個單位）
   相異或不可得者 ＝ **0**／13 ⇒ ✅

   ── **全片·依面積升冪**（`13` 片）──
   #    暫編地號                   街廓       (A) 幾何面積(㎡)      (B) 現算(㎡)        解法               類
   1    R1-抵費地-2               R1       0.000000         0.004600         幾何剩餘             零面積
   2    R4-抵費地-4               R4       26.090000        26.085762        幾何剩餘             非零但 < MinA_區
   3    R4-抵費地-3               R4       26.110000        26.111604        幾何剩餘             非零但 < MinA_區
   4    R6-抵費地-2               R6       85.710000        85.706388        幾何剩餘             非零但 < MinA_區
   5    R4-抵費地-2               R4       116.080000       116.079994       幾何剩餘             其餘
   6    R5-抵費地-2               R5       145.170000       145.170260       幾何剩餘             其餘
   7    R2-抵費地-2               R2       152.360000       152.355130       幾何剩餘             其餘
   8    R4-抵費地-1               R4       1022.050000      1022.046201      幾何剩餘             其餘
   9    R1-抵費地-1               R1       1175.490000      1175.493745      幾何剩餘             其餘
   10   R6-抵費地-1               R6       1543.010000      1543.006306      幾何剩餘             其餘
   11   R5-抵費地-1               R5       1621.800000      1621.801031      幾何剩餘             其餘
   12   R2-抵費地-1               R2       1682.740000      1682.744453      幾何剩餘             其餘
   13   R3-抵費地                 R3       1795.130000      1795.132785      幾何剩餘             其餘

   ── **三分類**（三者和須 ＝ 該情境之片數）──
   零面積 **1** ／ 非零但 `< MinA_區`(115.88) **3** ／ 其餘 **9**  ⇒ 和 ＝ **13** ✅ ＝ 13
   🛑 **與 KL 序改令所引之數二數並報**（坑 `an`·⛔ 逕採單所引之數）：
      令所引 零面積 `1`／`< MinA_區` `3`／其餘 `9`；
      當場復算 零面積 **1**／`< MinA_區` **3**／其餘 **9** ⇒ ✅ 逐數相符
   🔒 **Σ抵費地面積（`(A)` 源）＝ 9391.74 ㎡**；補令二 `§四-2` 所引之分母 ＝ `9391.74` ⇒ ✅ 相符（2dp）

   ── 判別力二造（證該分類法**⛔ 恆歸一類**）──
      造甲［人造一零面積片 `A = 0.0`］⇒ 歸 零面積 ⇒ ✅
      造乙［一 `5.38 ㎡` 之真實小片］⇒ 歸 **非零但 < MinA_區**（⛔ 零面積）⇒ ✅
      造丙［一 `MinA_區 + 1` ＝ `116.88 ㎡`］⇒ 歸 **其餘** ⇒ ✅
      ⇒ **器非紅**（三造異類 ⇒ 本分類法⛔ 恆歸一類）✅

────────────────────────────────────────────────────────────────────────────────────────────────────────────────────
【情境 `退縮 3.5m`】
────────────────────────────────────────────────────────────────────────────────────────────────────────────────────
🔒 母體 ＝ 記憶體側 `to_csv_like(g_rows)` **59** 列（靜默丟列 0 ⇒ ✅）
🔒 **`MinA_區`（逕呼生產側 `wd4_tier_list._mina_by_block`·⛔ 憑記憶·⛔ baseline）** ＝ **115.88**
   其逐街廓之 `MinA_i` ＝ R1 116.02／R2 155.64／R3 155.19／R4 115.88／R5 159.99／R6 159.28
🔒 **先印值分布再定框**（坑 `y`）——`推進側別` 之全體值分布：right 23／left 22／抵費地 14
🔒 抵費地之片 ＝ **14**（＝ 值分布之 `抵費地` 14 ⇒ ✅ 相符）
🔒 **面積二源對拍**：`(A)` 生產所寫之 `幾何面積(㎡)` ↔ `(B)` 自 `cut_coords` 現算（容差**具名** ＝ `0.005 ㎡`·＝ 落檔 `2dp` 之半個單位）
   相異或不可得者 ＝ **0**／14 ⇒ ✅

   ── **全片·依面積升冪**（`14` 片）──
   #    暫編地號                   街廓       (A) 幾何面積(㎡)      (B) 現算(㎡)        解法               類
   1    R1-抵費地-3               R1       0.000000         0.004575         幾何剩餘             零面積
   2    R1-抵費地-2               R1       5.380000         5.383510         幾何剩餘             非零但 < MinA_區
   3    R4-抵費地-4               R4       26.080000        26.084297        幾何剩餘             非零但 < MinA_區
   4    R4-抵費地-3               R4       26.110000        26.110214        幾何剩餘             非零但 < MinA_區
   5    R6-抵費地-2               R6       85.710000        85.706388        幾何剩餘             非零但 < MinA_區
   6    R5-抵費地-2               R5       146.180000       146.180629       幾何剩餘             其餘
   7    R4-抵費地-2               R4       226.010000       226.009994       幾何剩餘             其餘
   8    R2-抵費地-2               R2       308.170000       308.170000       幾何剩餘             其餘
   9    R4-抵費地-1               R4       906.320000       906.324680       幾何剩餘             其餘
   10   R1-抵費地-1               R1       1169.710000      1169.708187      幾何剩餘             其餘
   11   R2-抵費地-1               R2       1466.260000      1466.258357      幾何剩餘             其餘
   12   R6-抵費地-1               R6       1543.010000      1543.006306      幾何剩餘             其餘
   13   R5-抵費地-1               R5       1620.790000      1620.789249      幾何剩餘             其餘
   14   R3-抵費地                 R3       1795.130000      1795.132785      幾何剩餘             其餘

   ── **三分類**（三者和須 ＝ 該情境之片數）──
   零面積 **1** ／ 非零但 `< MinA_區`(115.88) **4** ／ 其餘 **9**  ⇒ 和 ＝ **14** ✅ ＝ 14
   🛑 **與 KL 序改令所引之數二數並報**（坑 `an`·⛔ 逕採單所引之數）：
      令所引 零面積 `1`／`< MinA_區` `4`／其餘 `9`；
      當場復算 零面積 **1**／`< MinA_區` **4**／其餘 **9** ⇒ ✅ 逐數相符
   🔒 **Σ抵費地面積（`(A)` 源）＝ 9324.86 ㎡**；補令二 `§四-2` 所引之分母 ＝ `9324.86` ⇒ ✅ 相符（2dp）

   ── 判別力二造（證該分類法**⛔ 恆歸一類**）──
      造甲［人造一零面積片 `A = 0.0`］⇒ 歸 零面積 ⇒ ✅
      造乙［一 `5.38 ㎡` 之真實小片］⇒ 歸 **非零但 < MinA_區**（⛔ 零面積）⇒ ✅
      造丙［一 `MinA_區 + 1` ＝ `116.88 ㎡`］⇒ 歸 **其餘** ⇒ ✅
      ⇒ **器非紅**（三造異類 ⇒ 本分類法⛔ 恆歸一類）✅

====================================================================================================================
🛑 **本器⛔ 作任何處置主張**——上表僅為分布之出艙；其實務性質**候 KL 答**。
