
################################################################################################################
# 器之載入與其**框逐字**（`W-G.9-15` 甲組·⛔ 另寫第二份判準）
################################################################################################################
  器 ＝ verify/tools/wg915_ruling_provenance.py
  🔒 所 import 之符號：build_blocks／classify／is_quote／KL_MARKS
  框（逐字·自該器之 docstring 抽取·⛔ 重寫）：
     | 1. **引文行** ＝ 行首符合 `^>`（含單獨 `>` 與 `> …`）。
     | 2. **引文區塊** ＝ 極大之連續引文行段。
     | 3. **條目落在引文區塊內** ＝ **該條目所在之行本身為引文行**。
     | 4. **引言** ＝ 區塊起點往上最近之**非空白且非引文**之行。
     | 5. **分層**：
     |    - **KL 逐字** ＝ 在區塊內 **且** 引言含 `KL 逐字` 或 `KL 裁`。
     |    - **助手側補充** ＝ **不在**任何引文區塊內。
     |    - **無法判定** ＝ 在區塊內但引言不含上開字樣。
  KL_MARKS 逐字 ＝ ('KL 逐字', 'KL 裁')
  is_quote 之逐字 ＝ "return line.startswith(`'>')"

################################################################################################################
# 🛑 **該器之受詞與本項之不合**（loud·⛔ 逕自改寫）
################################################################################################################
  該器之**條目母體** ＝ 「含 🔒 之行」（其 main() 內逐字 ＝
     pop = [i for i, x in enumerate(lines) if "\U0001f512" in x]）；
  本項之受詞 ＝ 一**不含 🔒** 之行 ⇒ **⛔ 落於該器之條目母體內**。
  🔒 **處置**：本器**只沿用其機械規則之四符號**，**⛔ 沿用其條目母體**；
     受詞由本單 §三-3 款 1 之字樣錨界定 ⇒ **⛔ 改該器一字**（其 blob 期初＝期末·見收工閘）。

################################################################################################################
# 母體之三軸
################################################################################################################
  (1) 來源 commit ＝ f5e9ca08849a99ae3972537acfbd1e044f07eca0
  (2) 母體 ＝ docs/rulings/K-6_街角地分配程序與可分配判準.md **單檔**｜299931 B / 4125 列｜core.quotePath=false（該器之 git 包裝所釘）
  (3) 粒度框 ＝ **列框**
  引文行 ＝ 703｜引文區塊 ＝ 141 段

################################################################################################################
# 款 1　受詞行逐字 ＋ 其引文區塊之起迄 ＋ 該區塊之**引言逐字**
################################################################################################################
  錨（無 ^ 錨·**二數並報**）＝ 失效加註 ⇒ 命中檔數 1 / 命中列數 3
  受詞：字樣錨（grep -F 固定字串）⇒ **命中列數 = 1**（須 1）

  受詞行（逐字·列號作佐證·⛔ 作錨）：
     [914]   > ⇒ `forced` 時之起算**不再取「其 buffer 起算點」**（該點即「面積換算出來的替身線」）。
  是否為引文行（is_quote·規則第 1 款「行首符合 ^>」）＝ False

  🛑 **受詞行⛔ 落於任何引文區塊內**（其 BID ＝ None）
     由 ＝ 機械規則第 1 款以 **行首** 為準，而本行**以空白起首**：
     前 8 個字元之 repr ＝ '  > ⇒ `f'
     LINES[I].startswith('>')          ＝ False
     LINES[I].lstrip().startswith('>') ＝ True
  🔒 **⛔ 逕自改寫該規則**（單 §三-2 明令）——照實出艙即止。
  其**往上最近之六個非空白行**（逐字·供發單側判讀）：
     [908]   > 是否因此消滅，**須 KL 確認**，⛔ 本批不順手撤。
     [909]   >
     [910]   > 🛑 **失效加註（`K-9-5-13`·KL 裁定二·2026-08-12·⛔ 上文原句一字未刪）**
     [911]   >
     [912]   > 上開「後半句」**自本批起失效**。KL 裁定二逐字：
     [913]   > 「是 ⇒ 起算一律用真正的地界，那條面積換算出來的替身線在側街負擔上不再有角色。」

################################################################################################################
# 款 2　受詞行與其**前一行**之分界 ＋ 受詞是否落於「」引號對內
################################################################################################################
  二行並列（逐字）：
     前一行 [913]   > 「是 ⇒ 起算一律用真正的地界，那條面積換算出來的替身線在側街負擔上不再有角色。」
     受詞行 [914]   > ⇒ `forced` 時之起算**不再取「其 buffer 起算點」**（該點即「面積換算出來的替身線」）。

  框 ＝ 該列內 「[^」]* 」 之比對（**逐列**）
     前一行之引號對 = ['「是 ⇒ 起算一律用真正的地界，那條面積換算出來的替身線在側街負擔上不再有角色。」']
     受詞行之引號對 = ['「其 buffer 起算點」', '「面積換算出來的替身線」']
  受詞（括號子句之全文）是否落於**任一**引號對之內？ False
  🔒 併報：受詞行之括號子句**本身**含一引號對（「面積換算出來的替身線」）
     ——其為**子句之內部**，⛔ 使該子句落於某引號對之內。

################################################################################################################
# 款 3　引入 commit 與日期（git log -S 之**字面**·⛔ regex）
################################################################################################################
  ── 受詞（括號子句）
     git log -S <字面> -- <K-6> ⇒ 命中 commit 數 = 1
       34b01aa724012692218b51e4613b5340b43f3483|2026-08-13 01:58:45 +0800
  ── K-9-5-13 節之節題
     git log -S <字面> -- <K-6> ⇒ 命中 commit 數 = 1
       34b01aa724012692218b51e4613b5340b43f3483|2026-08-13 01:58:45 +0800

  merge-base --is-ancestor <K-9-5-13 引入> <受詞引入> ⇒ rc = 0
  **反向同式**（判別力自檢）⇒ rc = 0
  二 commit 是否**同一**？ True
  🔒 **二者係<u>同一</u> commit** ⇒ 反向同式必同得 rc = 0
     ——此係**受詞之事實**（同批引入），**⛔ 該檢之缺陷**；
     其判別力另由下式證：對一**必非祖先**之 rev 施同式須得 rc ≠ 0。
     [判別力必非祖先] p3a ⇒ rc = 1（期 ≠ 0） ⇒ ✅
  🔒 二者之日期見上（%ad·iso）。

################################################################################################################
# 款 4　器之判（三類之一·依 §三-2 之**引言**判之·⛔ 以「在 > 內」充「KL 逐字」）
################################################################################################################
  受詞行之判 ＝ **助手側補充**
  其由（器之逐字輸出）＝ 不在任何引文區塊內

################################################################################################################
# 款 5　判別力二造（經**同一器**須得**相異**之判）
################################################################################################################
  ── [必為 KL 逐字] K-9-5-13（二）所答 之裁定二該行
      錨：字樣錨（grep -F 固定字串）⇒ **命中列數 = 1**（須 1）
     [2026] 逐字 = > **裁定二**：「是 ⇒ 起算一律用真正的地界，那條面積換算出來的替身線在側街負擔上不再有角色。」
     判 = **KL 逐字**｜引言含 ['KL 逐字']｜引言＝#### （二）所答　**✅ KL 逐字**
     期 = KL 逐字｜實 = KL 逐字 ⇒ ✅
  ── [必為助手側] K-9-5-12（六）已判之「首宗起點」行
      錨：字樣錨（grep -F 固定字串）⇒ **命中列數 = 1**（須 1）
     [892] 逐字 = - 🔒 **首宗起點**：`W_0` ＝ MP→corner（**照實可負·⛔ 禁 clamp**）；forced 時為其 buffer 起算點。
     判 = **助手側補充**｜不在任何引文區塊內
     期 = 助手側補充｜實 = 助手側補充 ⇒ ✅

  二造之判 ＝ ['KL 逐字', '助手側補充']
  ⇒ 二造**相異** ⇒ **器非紅** ✅

################################################################################################################
# 併查（照實·出艙即止）：`失效加註` 三處之逐行判
################################################################################################################
  ── 加註列 [252]｜is_quote = True｜判 = 無法判定
     逐字 = > 🛑 **失效加註（`K-9-5-13`·KL 裁定六·2026-08-12·⛔ 上列原句一字未刪）**
  ── 加註列 [276]｜is_quote = True｜判 = 無法判定
     逐字 = > 🛑 **失效加註（`K-9-5-13`·KL 裁定四、五·2026-08-12·⛔ 上列原句一字未刪）**
  ── 加註列 [910]｜is_quote = False｜判 = 助手側補充
     逐字 =   > 🛑 **失效加註（`K-9-5-13`·KL 裁定二·2026-08-12·⛔ 上文原句一字未刪）**

################################################################################################################
🛑 **出艙即止**：⛔ 判該等同成立與否、⛔ 判碼面是否違反 K-9-5-13／K-9-5-12（四）、
⛔ 鑄 GB、⛔ 解除或收窄 GB-168／GB-169、⛔ 提修法主張、⛔ 呈 KL。
################################################################################################################
