========================================================================================================
取最大號（母體 = 自誤登記表 **單檔**·803492 B / 9482 列·**列框**）
========================================================================================================
  定義框列命中 = 379｜範圍框列命中 = 9
  相異 = 372｜MIN = 7｜**MAX = 382**｜缺號 = [106, 355, 356, 357]
  ⇒ **次號 = 383**

========================================================================================================
查占用（母體 = **全倉追蹤檔**·**列框 ＋ 檔框**）
========================================================================================================
  口徑對照（坑 `bc`）：
    · `-z`（原始位元組·**本批所採**）⇒ 檔 2199｜其中 `.md` = **763**
    · `core.quotePath` **預設**（引號＋八進位跳脫）⇒ 檔 2199｜`p.endswith('.md')` 得 **32**
    🔴 二數相異 ⇒ 前一版之母體**結構上排除含 CJK 之檔**（含自誤登記表自身）
  可讀之檔 = 2177（讀不到 22 ＝ 二進位等）
  哨兵：**執行期組出**·已先驗其於現母體三形命中皆 `0`（**字面⛔ 出艙**）⇒ 已取得

  | 角色 | 鬆框 檔／列 | B 形 檔／列 | C 形 檔／列 |
  |---|---|---|---|
  | **受詢 `383`** | 1／5 | 0／0 | 1／5 |
  | **受詢 `384`** | 1／4 | 0／0 | 1／4 |
  | **受詢 `385`** | 1／2 | 0／0 | 1／2 |
  | 對照組甲 `382`（已鑄·須 `>0`） | 3／13 | 1／1 | 3／13 |
  | 對照組甲2 `381`（已鑄·須 `>0`） | 6／19 | 2／2 | 6／19 |
  | 對照組乙（人造哨兵·字面⛔ 出艙·須 `0`） | 0／0 | 0／0 | 0／0 |

  判別力：B 形使二對照組皆 `>0`？True｜C 形使二對照組皆 `>0`？True
  🛑 `GB-158`：對照組全 `0` 之形⛔ 單獨採信；其判由另一形承擔。
  哨兵三形命中皆 `0`？True
========================================================================================================
