================================================================================================================
【`W-G.9-269` 補令九 `§二-3`】交接註「坑」索引（全倉·二系分列）
================================================================================================================
🔒 框（逐字）：定義處 ＝ `D-H` 標題形 ∪ `D-T` 坑表資料列（表頭含 `徵候` ⋀ `攔法`）；引用處 ＝ 文中「坑 ＋ 標籤」二形並取·⛔ 落於定義列

── 判別力二造（`rev` ＝ 51d6a93）────────────────────────────────────────────────────────────
   造甲[必有定義] 坑 `n`            ⇒ 定義處 6 ／ 期 ≥ 1 ⇒ ✅
   造乙[必為零] 人造之坑（**執行期組出**·字面⛔ 出艙）⇒ 定義 0 ／引用 0 ／ 期 0／0 ⇒ ✅
   ⇒ **器非紅** ✅

── 數字系 `1`〜`26` ── 母體 ＝ 51d6a93 之追蹤 `.md` **727** 檔
   | 坑 | 定義處 | 形／徵候／攔法 | 引用處 | 判 |
   |---|---|---|---|---|
   | `1` | `W-G.9-267_附件甲_審查窗報告與草稿.md:135`（D-T）＋24 | ✅✅✅ | `13` | ✅ 可解析 |
   | `2` | `W-G.9-267_附件甲_審查窗報告與草稿.md:136`（D-T）＋19 | ✅✅✅ | `6` | ✅ 可解析 |
   | `3` | `W-G.9-267_附件甲_審查窗報告與草稿.md:137`（D-T）＋16 | ✅✅✅ | `1` | ✅ 可解析 |
   | `4` | `W-G.9-267_附件甲_審查窗報告與草稿.md:138`（D-T）＋15 | ✅✅✅ | `4` | ✅ 可解析 |
   | `5` | `W-G.9-267R_三裁登記與GB156與逐街廓口徑.md:734`（D-T）＋11 | ✅✅✅ | `7` | ✅ 可解析 |
   | `6` | `W-G.9-268pR_c0-5新靶重得.md:229`（D-T）＋10 | ✅✅✅ | `5` | ✅ 可解析 |
   | `7` | `W-G.9-268pR_c0-5新靶重得.md:230`（D-T）＋5 | ✅✅✅ | `9` | ✅ 可解析 |
   | `8` | `W-G.9-268pR_補令五_記憶體側量測器.md:347`（D-H）＋5 | ✅✅✅ | `0` | ✅ 可解析 |
   | `9` | `W-G.9-268pR_補令十三_開工閘與停機上呈.md:40`（D-T）＋4 | ✅✅✅ | `3` | ✅ 可解析 |
   | `10` | `W-G.9-268pR_補令五_記憶體側量測器.md:358`（D-H）＋2 | ✅✅✅ | `13` | ✅ 可解析 |
   | `11` | `W-G.9-268pR_補令十二_序1_2_GB161與c1synth定位之修.md:138`（D-H）＋3 | ✅✅✅ | `4` | ✅ 可解析 |
   | `12` | `W-G.9-268pR_補令十三_開工閘與停機上呈.md:42`（D-T）＋5 | ✅✅✅ | `5` | ✅ 可解析 |
   | `13` | `W-G.9-268pR_補令十三_開工閘與停機上呈.md:43`（D-T）＋4 | ✅✅✅ | `4` | ✅ 可解析 |
   | `14` | `W-G.9-268pR_補令十三_開工閘與停機上呈.md:44`（D-T）＋4 | ✅✅✅ | `3` | ✅ 可解析 |
   | `15` | `W-G.9-268pR_補令十三_開工閘與停機上呈.md:45`（D-T）＋4 | ✅✅✅ | `5` | ✅ 可解析 |
   | `16` | `W-G.9-268pR_補令十三_開工閘與停機上呈.md:46`（D-T）＋4 | ✅✅✅ | `2` | ✅ 可解析 |
   | `17` | `W-G.9-268pR_補令十三_開工閘與停機上呈.md:47`（D-T）＋4 | ✅✅✅ | `0` | ✅ 可解析 |
   | `18` | `W-G.9-268pR_補令十三_開工閘與停機上呈.md:48`（D-T）＋4 | ✅✅✅ | `1` | ✅ 可解析 |
   | `19` | `W-G.9-268pR_補令十三_開工閘與停機上呈.md:49`（D-T）＋4 | ✅✅✅ | `3` | ✅ 可解析 |
   | `20` | `W-G.9-268pR_補令十四_序1_2_3_執行報告.md:101`（D-H）＋4 | ✅✅✅ | `3` | ✅ 可解析 |
   | `21` | `W-G.9-268pR_補令十四_序1_2_3_執行報告.md:118`（D-H）＋3 | ✅✅✅ | `11` | ✅ 可解析 |
   | `22` | `W-G.9-268pR_補令十五_十六_序1_2_執行報告.md:91`（D-H）＋3 | ✅✅✅ | `1` | ✅ 可解析 |
   | `23` | `W-G.9-268pR_補令十五_十六_序1_2_執行報告.md:106`（D-H）＋3 | ✅✅✅ | `9` | ✅ 可解析 |
   | `24` | `W-G.9-268pR_補令十七_序1_2_執行報告.md:158`（D-H）＋3 | ✅✅✅ | `0` | ✅ 可解析 |
   | `25` | `W-G.9-268pR_補令十七_序1_2_執行報告.md:172`（D-H）＋3 | ✅✅✅ | `5` | ✅ 可解析 |
   | `26` | `W-G.9-268pR_補令十八_序1_2_執行報告.md:103`（D-H）＋3 | ✅✅✅ | `6` | ✅ 可解析 |

── 字母系 `a`〜`z` ＋ `aa`〜`ak` ── 母體 ＝ 51d6a93 之追蹤 `.md` **727** 檔
   | 坑 | 定義處 | 形／徵候／攔法 | 引用處 | 判 |
   |---|---|---|---|---|
   | `a` | `W-G.9-268pR_補令十二_序1_2_GB161與c1synth定位之修.md:251`（D-T）＋5 | ✅✅✅ | `14` | ✅ 可解析 |
   | `b` | `W-G.9-268pR_補令十二_序1_2_GB161與c1synth定位之修.md:252`（D-T）＋4 | ✅✅✅ | `5` | ✅ 可解析 |
   | `c` | `W-G.9-268pR_補令十二_序1_2_GB161與c1synth定位之修.md:253`（D-T）＋4 | ✅✅✅ | `2` | ✅ 可解析 |
   | `d` | `W-G.9-268pR_補令十二_序1_2_GB161與c1synth定位之修.md:254`（D-T）＋4 | ✅✅✅ | `2` | ✅ 可解析 |
   | `e` | `W-G.9-268pR_補令十二_序1_2_GB161與c1synth定位之修.md:255`（D-T）＋4 | ✅✅✅ | `3` | ✅ 可解析 |
   | `f` | `W-G.9-268pR_補令十二_序1_2_GB161與c1synth定位之修.md:256`（D-T）＋4 | ✅✅✅ | `1` | ✅ 可解析 |
   | `g` | `W-G.9-268pR_補令十二_序1_2_GB161與c1synth定位之修.md:257`（D-T）＋4 | ✅✅✅ | `7` | ✅ 可解析 |
   | `h` | `W-G.9-268pR_補令十二_序1_2_GB161與c1synth定位之修.md:258`（D-T）＋4 | ✅✅✅ | `1` | ✅ 可解析 |
   | `i` | `W-G.9-269R_c2.md:79`（D-T）＋3 | ✅✅✅ | `2` | ✅ 可解析 |
   | `j` | `W-G.9-269R_c2.md:85`（D-T）＋4 | ✅✅✅ | `5` | ✅ 可解析 |
   | `k` | `W-G.9-269R_c2.md:86`（D-T）＋3 | ✅✅✅ | `7` | ✅ 可解析 |
   | `l` | `W-G.9-269R_c2.md:87`（D-T）＋3 | ✅✅✅ | `1` | ✅ 可解析 |
   | `m` | `W-G.9-269R_c2.md:88`（D-T）＋3 | ✅✅✅ | `12` | ✅ 可解析 |
   | `n` | `W-G.9-269R_c2.md:94`（D-T）＋5 | ✅✅✅ | `20` | ✅ 可解析 |
   | `o` | `W-G.9-269R_c2.md:95`（D-T）＋3 | ✅✅✅ | `0` | ✅ 可解析 |
   | `p` | `W-G.9-269R_c2.md:96`（D-T）＋3 | ✅✅✅ | `0` | ✅ 可解析 |
   | `q` | `W-G.9-269R_c2.md:97`（D-T）＋3 | ✅✅✅ | `3` | ✅ 可解析 |
   | `r` | `W-G.9-269R_c2.md:98`（D-T）＋3 | ✅✅✅ | `12` | ✅ 可解析 |
   | `s` | `W-G.9-269R_c2.md:99`（D-T）＋3 | ✅✅✅ | `2` | ✅ 可解析 |
   | `t` | `W-G.9-269R_c2.md:100`（D-T）＋3 | ✅✅✅ | `8` | ✅ 可解析 |
   | `u` | `W-G.9-269R_c2.md:101`（D-T）＋3 | ✅✅✅ | `11` | ✅ 可解析 |
   | `v` | `W-G.9-269R_c2.md:102`（D-T）＋3 | ✅✅✅ | `4` | ✅ 可解析 |
   | `w` | `W-G.9-269R_c2.md:103`（D-T）＋3 | ✅✅✅ | `0` | ✅ 可解析 |
   | `x` | `W-G.9-269R_c2.md:104`（D-T）＋3 | ✅✅✅ | `5` | ✅ 可解析 |
   | `y` | `W-G.9-269R_c2.md:106`（D-H）＋3 | ✅✅✅ | `10` | ✅ 可解析 |
   | `z` | `W-G.9-269R_c2.md:111`（D-T）＋2 | ✅✅✅ | `7` | ✅ 可解析 |
   | `aa` | `W-G.9-269R_c2.md:112`（D-T）＋2 | ✅✅✅ | `2` | ✅ 可解析 |
   | `ab` | `W-G.9-269R_c2.md:113`（D-T）＋2 | ✅✅✅ | `0` | ✅ 可解析 |
   | `ac` | `W-G.9-269R_c2.md:114`（D-T）＋2 | ✅✅✅ | `0` | ✅ 可解析 |
   | `ad` | `W-G.9-269R_c2.md:842`（D-T）＋1 | ✅✅✅ | `4` | ✅ 可解析 |
   | `ae` | `W-G.9-269R_c2.md:843`（D-T）＋1 | ✅✅✅ | `1` | ✅ 可解析 |
   | `af` | `W-G.9-269R_c2.md:844`（D-T）＋1 | ✅✅✅ | `0` | ✅ 可解析 |
   | `ag` | `W-G.9-269R_c2.md:845`（D-T）＋1 | ✅✅✅ | `0` | ✅ 可解析 |
   | `ah` | `W-G.9-269R_c2.md:846`（D-T）＋1 | ✅✅✅ | `0` | ✅ 可解析 |
   | `ai` | `W-G.9-269R_c2.md:847`（D-T）＋1 | ✅✅✅ | `1` | ✅ 可解析 |
   | `aj` | `W-G.9-269R_c2.md:848`（D-T）＋1 | ✅✅✅ | `4` | ✅ 可解析 |
   | `ak` | `W-G.9-269R_c2.md:851`（D-H）＋2 | ✅✅✅ | `0` | ✅ 可解析 |
   | `al` | `W-G.9-269R_c4_執行報告.md:354`（D-H）＋1 | ✅✅✅ | `4` | ✅ 可解析 |
   | `am` | `W-G.9-269R_c4_執行報告.md:366`（D-T） | ✅✅✅ | `1` | ✅ 可解析 |
   | `an` | `W-G.9-269R_c4_執行報告.md:367`（D-T） | ✅✅✅ | `6` | ✅ 可解析 |
   | `ao` | `W-G.9-269R_c4_執行報告.md:368`（D-T） | ✅✅✅ | `6` | ✅ 可解析 |
   | `ap` | `W-G.9-270R2_補令二_結案報告.md:429`（D-H）＋3 | ✅✅✅ | `5` | ✅ 可解析 |
   | `aq` | `W-G.9-270R2_補令二_結案報告.md:434`（D-T）＋1 | ✅✅✅ | `2` | ✅ 可解析 |
   | `ar` | `W-G.9-270R2_補令二_結案報告.md:435`（D-T）＋1 | ✅✅✅ | `4` | ✅ 可解析 |

── 二框對照：數字系 `1`〜`26`（母體同上·**列框**）──────────────────────────────
   | 框 | 定義處合計 | 得 `0` 之標籤 |
   |---|---|---|
   | 補令九 `§二-1` 之框（`#### 坑 X` ∪ `\| **坑 X**`） | `0` | **全部 26 個** |
   | 前窗之框（字串 `坑 ` ＋ 標籤） | `146` | （無） |

── 二框對照：字母系 `a`〜`z` ＋ `aa`〜`ak`（母體同上·**列框**）──────────────────────────────
   | 框 | 定義處合計 | 得 `0` 之標籤 |
   |---|---|---|
   | 補令九 `§二-1` 之框（`#### 坑 X` ∪ `\| **坑 X**`） | `3` | `b, c, d, e, f, g, h, i, j, k, l, n, o, p, q, r, s, t, u, v, w, x, y, z, aa, ab, ac, ad, ae, af, ag, ah, ai, aj, al, am, an, ao, ap, aq, ar` |
   | 前窗之框（字串 `坑 ` ＋ 標籤） | `147` | `c, e, h, ab, ac, af, ag, ah` |
