【GB-159 判據】G011／G025 之四梯分級列：重烤前（現行 baseline）vs 重烤後（側烤）
🛑 標「舊錨態·待重烤」者 ＝ 改前欄；改後欄係**側烤**之值（⛔ 已入庫·⛔ 複製）

=== 情境 0m ===
  欄                      改前（舊錨態）              改後（側烤）               異動
  -- 歸戶 G011 --
  增配a′(㎡)                '24.3'               '25.69'              🔴 異
  差額地價(元)§52-1           '1852777'            '1958759'            🔴 異
  放棄改領(元)§53-2           '6502371'            '6532793'            🔴 異
  補償_本文式(元)§53-1         ''                   ''                   ✅ 同
  補償_但書式(元)              ''                   ''                   ✅ 同
  -- 歸戶 G025 --
  增配a′(㎡)                ''                   ''                   ✅ 同
  差額地價(元)§52-1           ''                   ''                   ✅ 同
  放棄改領(元)§53-2           ''                   ''                   ✅ 同
  補償_本文式(元)§53-1         '231559'             '231559'             ✅ 同
  補償_但書式(元)              '120180'             '120180'             ✅ 同

=== 情境 3.5m ===
  欄                      改前（舊錨態）              改後（側烤）               異動
  -- 歸戶 G011 --
  增配a′(㎡)                '23.73'              '21.15'              🔴 異
  差額地價(元)§52-1           '1809317'            '1612602'            🔴 異
  放棄改領(元)§53-2           '6543659'            '6861642'            🔴 異
  補償_本文式(元)§53-1         ''                   ''                   ✅ 同
  補償_但書式(元)              ''                   ''                   ✅ 同
  -- 歸戶 G025 --
  增配a′(㎡)                ''                   ''                   ✅ 同
  差額地價(元)§52-1           ''                   ''                   ✅ 同
  放棄改領(元)§53-2           ''                   ''                   ✅ 同
  補償_本文式(元)§53-1         '231559'             '231559'             ✅ 同
  補償_但書式(元)              '120180'             '120180'             ✅ 同
