======================================================================================================================
【`W-G.9-271` `§二-3`】**`R6` 起點端之成因**（**出艙即止**）
======================================================================================================================
🛑 **⛔ 判其為缺陷、⛔ 提任何處置主張**——候發單側與 KL。

──────────────────────────────────────────────────────────────────────────────────────────────────────────────────────
【情境 `退縮 0m`】
──────────────────────────────────────────────────────────────────────────────────────────────────────────────────────
🔒 間諜所錄之 `R6` 呼叫次數 ＝ **1**（⇒ 取末一次；其餘逐次之片數 ＝ [2]）
   判別力[必非零] `s_max - s_min` ＝ **89.461740602** ⇒ ✅
   判別力[必為零] 同一 `block_poly` **自比**之 `s_min` 差 ＝ **0.000000000000** ⇒ ✅

   `1`　`s` 域（`block_poly` 之 `(s_min, s_max)`·**未捨入**）
        `s_min` ＝ **-3.606791806**｜`s_max` ＝ **85.854948797**｜長 ＝ 89.461740602

   `2`　鏈頭第一宗（`s` 起最小之配地宗）·母體 ＝ **8** 宗（`s` 不可得 0）
        暫編地號 ＝ `628(2)+`｜`s` 起 ＝ **-0.000000000**｜`s` 迄 ＝ 3.228599796｜面積 ＝ 153.1791 ㎡
        （次三宗：`628-4(1)` s起 3.228600；`628-23(1)+` s起 17.955117；`628-20(1)` s起 61.354566）

   `3`　`2` − `1` 之差（**未捨入值**·落檔 `2dp` 僅為顯示）
        `s起(鏈頭) - s_min` ＝ **3.606791806** m（2dp 顯示 ＝ 3.61）

   `4`　`R6` 之池片逐片（`s` 不可得 0）
        | 池片 | `s` 起 | `s` 迄 | `s` 長 | 面積(㎡) |
        |---|---|---|---|---|
        | `R6-池#1` | 27.302533319 | 61.354566236 | 34.052032917 | **1543.0063** |
        | `R6-池#2` | -3.606791806 | -0.000000000 | 3.606791805 | **85.7064** |

   🔒 **照實並列已登記之錨移二值**（🛑 **⛔ 判其為同一量**——先對齊母體／受詞再判）
        | 出處之情境 | 街廓 | 側 | 錨移值 (m) | 本量之受詞 |
        |---|---|---|---|---|
        | `0m` | `R2` | `left` | `+3.39` | 本量 ＝ `R6` 之「鏈頭 `s` 起 − `s_min`」＝ 3.606792 |
        | `3.5m` | `R5` | `left` | `+3.32` | 本量 ＝ `R6` 之「鏈頭 `s` 起 − `s_min`」＝ 3.606792 |
        🛑 二者之**街廓相異**（`R6` vs `R2`／`R5`）、**側之受詞相異**（本量⛔ 分側）
           ⇒ **⛔ 得逕判為同一量**；照實具名，其裁候發單側。

──────────────────────────────────────────────────────────────────────────────────────────────────────────────────────
【情境 `退縮 3.5m`】
──────────────────────────────────────────────────────────────────────────────────────────────────────────────────────
🔒 間諜所錄之 `R6` 呼叫次數 ＝ **1**（⇒ 取末一次；其餘逐次之片數 ＝ [2]）
   判別力[必非零] `s_max - s_min` ＝ **89.461740602** ⇒ ✅
   判別力[必為零] 同一 `block_poly` **自比**之 `s_min` 差 ＝ **0.000000000000** ⇒ ✅

   `1`　`s` 域（`block_poly` 之 `(s_min, s_max)`·**未捨入**）
        `s_min` ＝ **-3.606791806**｜`s_max` ＝ **85.854948797**｜長 ＝ 89.461740602

   `2`　鏈頭第一宗（`s` 起最小之配地宗）·母體 ＝ **8** 宗（`s` 不可得 0）
        暫編地號 ＝ `628(2)+`｜`s` 起 ＝ **-0.000000000**｜`s` 迄 ＝ 3.228599796｜面積 ＝ 153.1791 ㎡
        （次三宗：`628-4(1)` s起 3.228600；`628-23(1)+` s起 17.955117；`628-20(1)` s起 61.354566）

   `3`　`2` − `1` 之差（**未捨入值**·落檔 `2dp` 僅為顯示）
        `s起(鏈頭) - s_min` ＝ **3.606791806** m（2dp 顯示 ＝ 3.61）

   `4`　`R6` 之池片逐片（`s` 不可得 0）
        | 池片 | `s` 起 | `s` 迄 | `s` 長 | 面積(㎡) |
        |---|---|---|---|---|
        | `R6-池#1` | 27.302533319 | 61.354566236 | 34.052032917 | **1543.0063** |
        | `R6-池#2` | -3.606791806 | -0.000000000 | 3.606791805 | **85.7064** |

   🔒 **照實並列已登記之錨移二值**（🛑 **⛔ 判其為同一量**——先對齊母體／受詞再判）
        | 出處之情境 | 街廓 | 側 | 錨移值 (m) | 本量之受詞 |
        |---|---|---|---|---|
        | `0m` | `R2` | `left` | `+3.39` | 本量 ＝ `R6` 之「鏈頭 `s` 起 − `s_min`」＝ 3.606792 |
        | `3.5m` | `R5` | `left` | `+3.32` | 本量 ＝ `R6` 之「鏈頭 `s` 起 − `s_min`」＝ 3.606792 |
        🛑 二者之**街廓相異**（`R6` vs `R2`／`R5`）、**側之受詞相異**（本量⛔ 分側）
           ⇒ **⛔ 得逕判為同一量**；照實具名，其裁候發單側。
