
====================================================================================================================================
【`SB` ＝ 0.0 m·態甲】**逐閘執行次數**：`solve_G_binary` **149** 次／`_mp_base_W0` **0** 次／`_advance_block_with_split` **11** 次
　`_build_corner_range_v3` **24** 次（段 **8**）／`_corner_buffer_S` **1** 次（段內 **1**）／`run_step_g` 終局 ＝ （未拋）
　`solve_G_binary` 所見之 `side_label` 相異值 ＝ ['右側', '左側']
　`(甲)` 之上溯：深度相異值 ＝ [3, None]（`None` ＝ `15` 層內查無）；命中率 ＝ `97`／`149`；呼叫鏈（首筆·節略 8 層）＝ ('_solve_G_one', '_corner_first_lot_G', '_corner_block_true_G', 'run_corner_pk', 'drive', 'drive_traced', 'main', '<module>')
　`f_locals` 鍵之自證（`§零` 新附款）：`blk_label` 存在率 ＝ `97`／`149`（甲）·`0`／`0`（乙）·`11`／`11`（守衛）；`_degenerate_order` ＝ `11`／`11`；`_N` ＝ `11`／`11`
====================================================================================================================================
🔒 `forced` 格 ＝ **1**（R4/left）

────────────────────────────────────────────────────────────────────────────────────────────────────────────────────────────────────
### `R4`／`left`＠`SB = 0.0`
  **款 `4`**　`_mp_base_W0` 之守衛 `not _degenerate_order and _N > 1` 之**各分項**
      `_degenerate_order` ＝ `False`（鍵存在 True）／`_N` ＝ `1`（鍵存在 True）／`_commit` ＝ `True`／呼叫列 ＝ `1017`
      ⇒ 分項：`not _degenerate_order` ＝ **True**／`_N > 1` ＝ **False** ⇒ 合取 ＝ **False**
  **款 `1`**　**`(甲)`** `_W_near_out`（`app.py` `solve_G_binary`）
      **二鍵並報**：鍵甲（上溯之 `blk_label`＋`side_label`）＝ **1** 筆／鍵乙（`side_mid` 逐位相等·`(310506.137745, 2651928.673455)`）＝ **2** 筆·一致 ＝ False
      🟡 **二鍵不一致（loud）**——採**交集**；上溯深度之相異值 ＝ [3, None]
      本格之 `solve_G_binary` 錄 ＝ **1** 筆（其中鏈頭 `is_corner ∨ is_chain_head` ＝ **1** 筆）
      鏈頭：`is_corner` ＝ `True`／`is_chain_head` ＝ `True`／`W_prev` ＝ `0.0`／`side_label` ＝ `'左側'`
      **`(甲)` `_W_near_out` ＝ `4.4804447557822895`**；其 `_rw_start` ＝ `4.4804447557822895`／`W`（遠側）＝ `65.14394336216473`／`Rw` ＝ `0.5922124251414981`
      🔑 **消費之賦值鏈（逐字·`app.py` `solve_G_binary`）**：
         `_W_near = float(np.dot(_bp_w - _mp_w, _ahat))` → `_W_near_out = _W_near`
         `_rw_start = _W_near if (is_corner or is_chain_head) else float(W_prev)`
         `Rw = rw_increment(_rw_start, W)` → `Rw_pct = Rw * 100.0`
         `G_target = max(0.0, (a * (1.0 - A * B) - Rw * F * l_side …`
      ⇒ **本格之 `Rw`／`G` 實際所取者 ＝ `_rw_start` ＝ ``(甲)` `_W_near`（鏈頭）`**
  **款 `2`**　**`(乙)`** `_mp_base_W0` → `k956_W_from_mp`（`verify/stepg_pipeline.py`）
      🟡 **不可得（loud）**——本格於生產路徑**⛔ 呼叫** `_mp_base_W0`（其定義與呼叫皆在 `not _degenerate_order and _N > 1` 之分支內）·**⛔ 判為 `0`**
  **款 `6`**　`R(·)`（一律取 `ns["rw_from_width"]`·⛔ 器內另算）與二組差（**帶號／絕對值並列**）
      `S1_perp` ＝ `3.6954999940774775`（`_build_corner_range_v3` 錄 3 筆）
      `R((甲))` ＝ `40.77875748585019`／`R((乙))` ＝ `None`／`R(S1_perp)` ＝ `35.8207499615036`
      `R((甲)) − R(S1_perp)` ＝ 帶號 `4.958007524346591`／絕對值 `4.958007524346591`
      `R((乙)) − R(S1_perp)` ＝ 帶號 `None`／絕對值 `None`
      `(甲) − (乙)` ＝ 帶號 `None`／絕對值 `None`

====================================================================================================================================
【`SB` ＝ 3.5 m·態甲】**逐閘執行次數**：`solve_G_binary` **149** 次／`_mp_base_W0` **1** 次／`_advance_block_with_split` **11** 次
　`_build_corner_range_v3` **24** 次（段 **8**）／`_corner_buffer_S` **2** 次（段內 **2**）／`run_step_g` 終局 ＝ （未拋）
　`solve_G_binary` 所見之 `side_label` 相異值 ＝ ['右側', '左側']
　`(甲)` 之上溯：深度相異值 ＝ [3, None]（`None` ＝ `15` 層內查無）；命中率 ＝ `97`／`149`；呼叫鏈（首筆·節略 8 層）＝ ('_solve_G_one', '_corner_first_lot_G', '_corner_block_true_G', 'run_corner_pk', 'drive', 'drive_traced', 'main', '<module>')
　`f_locals` 鍵之自證（`§零` 新附款）：`blk_label` 存在率 ＝ `97`／`149`（甲）·`1`／`1`（乙）·`11`／`11`（守衛）；`_degenerate_order` ＝ `11`／`11`；`_N` ＝ `11`／`11`
====================================================================================================================================
🔒 `forced` 格 ＝ **2**（R2/left、R4/left）

────────────────────────────────────────────────────────────────────────────────────────────────────────────────────────────────────
### `R2`／`left`＠`SB = 3.5`
  **款 `4`**　`_mp_base_W0` 之守衛 `not _degenerate_order and _N > 1` 之**各分項**
      `_degenerate_order` ＝ `False`（鍵存在 True）／`_N` ＝ `14`（鍵存在 True）／`_commit` ＝ `False`／呼叫列 ＝ `1019`
      ⇒ 分項：`not _degenerate_order` ＝ **True**／`_N > 1` ＝ **True** ⇒ 合取 ＝ **True**
      `_degenerate_order` ＝ `False`（鍵存在 True）／`_N` ＝ `14`（鍵存在 True）／`_commit` ＝ `True`／呼叫列 ＝ `1063`
      ⇒ 分項：`not _degenerate_order` ＝ **True**／`_N > 1` ＝ **True** ⇒ 合取 ＝ **True**
  **款 `1`**　**`(甲)`** `_W_near_out`（`app.py` `solve_G_binary`）
      **二鍵並報**：鍵甲（上溯之 `blk_label`＋`side_label`）＝ **28** 筆／鍵乙（`side_mid` 逐位相等·`(310378.15828, 2651897.072295)`）＝ **28** 筆·一致 ＝ True
      本格之 `solve_G_binary` 錄 ＝ **28** 筆（其中鏈頭 `is_corner ∨ is_chain_head` ＝ **4** 筆）
      鏈頭：`is_corner` ＝ `False`／`is_chain_head` ＝ `True`／`W_prev` ＝ `0.0`／`side_label` ＝ `'左側'`
      **`(甲)` `_W_near_out` ＝ `6.98048044737404`**；其 `_rw_start` ＝ `6.98048044737404`／`W`（遠側）＝ `7.0864779911520355`／`Rw` ＝ `0.005782426021889577`
      🔑 **消費之賦值鏈（逐字·`app.py` `solve_G_binary`）**：
         `_W_near = float(np.dot(_bp_w - _mp_w, _ahat))` → `_W_near_out = _W_near`
         `_rw_start = _W_near if (is_corner or is_chain_head) else float(W_prev)`
         `Rw = rw_increment(_rw_start, W)` → `Rw_pct = Rw * 100.0`
         `G_target = max(0.0, (a * (1.0 - A * B) - Rw * F * l_side …`
      ⇒ **本格之 `Rw`／`G` 實際所取者 ＝ `_rw_start` ＝ ``(甲)` `_W_near`（鏈頭）`**
  **款 `2`**　**`(乙)`** `_mp_base_W0` → `k956_W_from_mp`（`verify/stepg_pipeline.py`）
      **二鍵並報**：鍵甲（`blk_label`＋側）＝ **1**／鍵乙（`_buf` 逐位相等）＝ **1**·一致 ＝ True
      **`(乙)` ＝ `6.98048044737404`**；實參 `_gs` ＝ `(310361.51526, 2651912.18005)`／`_buf` ＝ `8.696079893776137`／`_dv` ＝ `(0.6756855318673246, 0.7371899768887057)`／`_mp` ＝ `(310378.15828, 2651897.072295)`
      產生式（逐字）＝ `_bp0 = _gs + _buf·_du`；`return float(_k956_W_from_mp(_bp0, _mp, _adir, _dv))`
  **款 `6`**　`R(·)`（一律取 `ns["rw_from_width"]`·⛔ 器內另算）與二組差（**帶號／絕對值並列**）
      `S1_perp` ＝ `7.0`（`_build_corner_range_v3` 錄 3 筆）
      `R((甲))` ＝ `55.58873855003203`／`R((乙))` ＝ `55.58873855003203`／`R(S1_perp)` ＝ `55.7`
      `R((甲)) − R(S1_perp)` ＝ 帶號 `-0.11126144996796938`／絕對值 `0.11126144996796938`
      `R((乙)) − R(S1_perp)` ＝ 帶號 `-0.11126144996796938`／絕對值 `0.11126144996796938`
      `(甲) − (乙)` ＝ 帶號 `0.0`／絕對值 `0.0`

────────────────────────────────────────────────────────────────────────────────────────────────────────────────────────────────────
### `R4`／`left`＠`SB = 3.5`
  **款 `4`**　`_mp_base_W0` 之守衛 `not _degenerate_order and _N > 1` 之**各分項**
      `_degenerate_order` ＝ `False`（鍵存在 True）／`_N` ＝ `1`（鍵存在 True）／`_commit` ＝ `True`／呼叫列 ＝ `1017`
      ⇒ 分項：`not _degenerate_order` ＝ **True**／`_N > 1` ＝ **False** ⇒ 合取 ＝ **False**
  **款 `1`**　**`(甲)`** `_W_near_out`（`app.py` `solve_G_binary`）
      **二鍵並報**：鍵甲（上溯之 `blk_label`＋`side_label`）＝ **1** 筆／鍵乙（`side_mid` 逐位相等·`(310506.137745, 2651928.673455)`）＝ **2** 筆·一致 ＝ False
      🟡 **二鍵不一致（loud）**——採**交集**；上溯深度之相異值 ＝ [3, None]
      本格之 `solve_G_binary` 錄 ＝ **1** 筆（其中鏈頭 `is_corner ∨ is_chain_head` ＝ **1** 筆）
      鏈頭：`is_corner` ＝ `True`／`is_chain_head` ＝ `True`／`W_prev` ＝ `0.0`／`side_label` ＝ `'左側'`
      **`(甲)` `_W_near_out` ＝ `7.785015718090257`**；其 `_rw_start` ＝ `7.785015718090257`／`W`（遠側）＝ `68.62440261125273`／`Rw` ＝ `0.40060915122312607`
      🔑 **消費之賦值鏈（逐字·`app.py` `solve_G_binary`）**：
         `_W_near = float(np.dot(_bp_w - _mp_w, _ahat))` → `_W_near_out = _W_near`
         `_rw_start = _W_near if (is_corner or is_chain_head) else float(W_prev)`
         `Rw = rw_increment(_rw_start, W)` → `Rw_pct = Rw * 100.0`
         `G_target = max(0.0, (a * (1.0 - A * B) - Rw * F * l_side …`
      ⇒ **本格之 `Rw`／`G` 實際所取者 ＝ `_rw_start` ＝ ``(甲)` `_W_near`（鏈頭）`**
  **款 `2`**　**`(乙)`** `_mp_base_W0` → `k956_W_from_mp`（`verify/stepg_pipeline.py`）
      🟡 **不可得（loud）**——本格於生產路徑**⛔ 呼叫** `_mp_base_W0`（其定義與呼叫皆在 `not _degenerate_order and _N > 1` 之分支內）·**⛔ 判為 `0`**
  **款 `6`**　`R(·)`（一律取 `ns["rw_from_width"]`·⛔ 器內另算）與二組差（**帶號／絕對值並列**）
      `S1_perp` ＝ `7.0`（`_build_corner_range_v3` 錄 3 筆）
      `R((甲))` ＝ `59.93908487768739`／`R((乙))` ＝ `None`／`R(S1_perp)` ＝ `55.7`
      `R((甲)) − R(S1_perp)` ＝ 帶號 `4.2390848776873895`／絕對值 `4.2390848776873895`
      `R((乙)) − R(S1_perp)` ＝ 帶號 `None`／絕對值 `None`
      `(甲) − (乙)` ＝ 帶號 `None`／絕對值 `None`

====================================================================================================================================
## 款 `3`　負擔計算之**實際消費者**（逐處具名 `檔:函式`·⛔ 推定）
====================================================================================================================================
   | # | `檔:函式` | 賦值（逐字） | 受詞 |
   |---|---|---|---|
   | `1` | `app.py:solve_G_binary` | `_rw_start = _W_near if (is_corner or is_chain_head) else float(W_prev)` | **鏈頭取 `(甲)` `_W_near`**；非鏈頭取 `W_prev`（＝前一宗之 `W_far`） |
   | `2` | `app.py:solve_G_binary` | `Rw = rw_increment(_rw_start, W)` | `Rw` 之**唯一**產生處 |
   | `3` | `app.py:solve_G_binary` | `G_target = max(0.0, (a * (1.0 - A * B) - Rw * F * l_side …` | `G` 消費 `Rw` |
   | `4` | `verify/stepg_pipeline.py:_run_step_g_impl` | `_b_L0 = _mp_base_W0(corner_pt, _left_buffer_S, d_hat, _side_mid_left, allocation_dir_block) if _fo_left else 0.0` | **`(乙)` 之唯一消費端 ＝ `_select_pool_slot` 之 `'b'` 槽**（選槽理論·⛔ `Rw`／`G` 之鏈） |
   | `5` | `verify/stepg_pipeline.py:_run_step_g_impl` | `_slot_res = _select_pool_slot(…, {'has': …, 'F': …, 'l1': …, 'b': _b_L0}, …)` | 同上 |
   ⇒ **消費處數 ＝ `5`**（`(甲)` 之鏈 `3` 處／`(乙)` 之鏈 `2` 處）·`solve_G_binary` 之 `_rw_start` 實際賦值次數（全情境）＝ **298**

====================================================================================================================================
## 款 `7`　判別力三造之判
====================================================================================================================================
   | 造 | 判準 | 實測 | 判 |
   |---|---|---|---|
   | （母體） | `forced` 格數 `≥ 1` | **3** | ✅ |
   | **[必相異]** | `(甲)` 與 `(乙)` 於至少一格須相異（證二者⛔ 同物） | 6.98048044737404 vs 6.98048044737404 ⇒ 🔴 全同（判定組 **1**／3 格） | 🔴 |
   | **[必非零]** | 款 `3` 之消費處數 `≥ 1` | 消費處 `5` 處·`_rw_start` 賦值 **298** 次 | ✅ |
   | **[必為零]** | 同一量自比之差 ＝ `0`（**先自證可滿足**） | 0.0／0.0／0.0（判定組 **3**） | ✅ |
🔴 **量測器紅**：判別力三造未全數成立 ⇒ **判器紅、停、上呈**

====================================================================================================================================
## 總表
====================================================================================================================================
   | `SB` | 格 | **`(甲)`** `_W_near_out` | **`(乙)`** `_b_L0` | `S1_perp` | `R((甲))` | `R((乙))` | `R(S1_perp)` | `R((甲))−R(S1)` | `R((乙))−R(S1)` |
   |---|---|---|---|---|---|---|---|---|---|
   | `0.0` | `R4/left` | `4.4804447557822895` | 🟡 不可得 | `3.6954999940774775` | `40.77875748585019` | 🟡 不可得 | `35.8207499615036` | `4.958007524346591` | 🟡 不可得 |
   | `3.5` | `R2/left` | `6.98048044737404` | `6.98048044737404` | `7.0` | `55.58873855003203` | `55.58873855003203` | `55.7` | `-0.11126144996796938` | `-0.11126144996796938` |
   | `3.5` | `R4/left` | `7.785015718090257` | 🟡 不可得 | `7.0` | `59.93908487768739` | 🟡 不可得 | `55.7` | `4.2390848776873895` | 🟡 不可得 |

🛑 **出艙即止**：本器⛔ 判 `A′` 應繫於何者、⛔ 判路丙成立與否、⛔ 判前批呈 KL 之數孰是、
   ⛔ 擬實作、⛔ 改碼一字、⛔ 開分支、⛔ 動用 KL 之放行、⛔ 解除或收窄 `GB-170`、⛔ 呈 KL。
🔒 `rc` ＝ `5`（`5` ＝ **量測器紅**）
====================================================================================================================================
