================================================================================================================
【補令十七 `§一` 四簿之數】先對齊框再判孰誤（三軸：blob@6666f6e／各簿單檔／列框）
================================================================================================================

── `自誤` ── 母體 `docs/reports/W-G.9波_claude.ai側自誤登記.md`（8579 列）
   標題形      相異  340 ／ MAX 363 ／ 缺號 17 個
   表列形      相異    1 ／ MAX 108 ／ 缺號 101 個
   聯集       相異  353 ／ MAX 363 ／ 缺號 4 個  ⇐ **與單相符**
            缺號集 ＝ [106, 355, 356, 357]
   🔒 單所載：相異 **353**／MAX **363**／缺號 [106, 355, 356, 357]
   ⇒ MAX 之判：聯集 MAX ＝ 363 ✅ 與單相符

── `GB` ── 母體 `docs/reports/W-G.4_泛用阻塞項登記表.md`（6462 列）
   標題形      相異   77 ／ MAX 163 ／ 缺號 15 個
   表列形      相異  135 ／ MAX 161 ／ 缺號 26 個
   聯集       相異  161 ／ MAX 163 ／ 缺號 2 個  ⇐ **與單相符**
            缺號集 ＝ [12, 87]
   🔒 單所載：相異 **161**／MAX **163**／缺號 [12, 87]
   ⇒ MAX 之判：聯集 MAX ＝ 163 ✅ 與單相符

── `VR` ── 母體 `docs/驗證裁定登記表.md`（5124 列）
   標題形      相異   80 ／ MAX  95 ／ 缺號 2 個  ⇐ **與單相符**
            缺號集 ＝ [73, 75]
   表列形      相異   14 ／ MAX  37 ／ 缺號 23 個
   聯集       相異   93 ／ MAX  95 ／ 缺號 2 個
            缺號集 ＝ [73, 75]
   🔒 單所載：相異 **80**／MAX **95**
   ⇒ MAX 之判：聯集 MAX ＝ 95 ✅ 與單相符

── `K-9` ── 母體 `docs/rulings/K-6_街角地分配程序與可分配判準.md`（4057 列）
   標題形      相異   28 ／ MAX  29 ／ 缺號 0 個  ⇐ **與單相符**
            缺號集 ＝ []
   表列形      相異    8 ／ MAX   8 ／ 缺號 0 個
            缺號集 ＝ []
   聯集       相異   29 ／ MAX  29 ／ 缺號 0 個
            缺號集 ＝ []
   🔒 單所載：相異 **28**／MAX **29**
   ⇒ MAX 之判：聯集 MAX ＝ 29 ✅ 與單相符
================================================================================================================
