====================================================================================================================================
【`W-G.9-290` `§三`】winner 側之第 1 宗如何取得其**近側界** ／ 二態之路徑分歧點 —— 🛑 **純現查·出艙即止**
====================================================================================================================================
🔒 **包裹點**（自碼面現查·⛔ 推定）＝ `ns["_solve_G_one"]`——`_alloc_dir_used` 係於該函式內設於其回傳上（`app.py:14014`／`:14029`），`solve_G_binary` 之回傳**尚無**該欄。

====================================================================================================================================
【SB ＝ 0.0 m·態甲】`_solve_G_one` 149 次（`run_step_g` 段 97）／`_first_corner_alloc_dir` 65 次／`_build_corner_range_v3` 24 次
　`run_step_g` 之終局 ＝ （未拋）
====================================================================================================================================
🔒 **自我驗證閘 `(ii)`**：`is_corner=True` 之筆 ＝ 13；其 `_alloc_dir_used` 逐位等於 `_first_corner_alloc_dir` 之回傳者 ＝ **13**／不符 ＝ **0** ⇒ ✅
🔒 **`forced` 側（當場重量）** ＝ 1 格：[('R4', 'left')]
🔒 **自我驗證閘 `(iii)`**（鏈側之歸屬·**⛔ 取 `_solve_G_one` 之 `side` 參數**——其為**街角側別**·`stepg:804`）：`run_step_g` 段之筆 ＝ **97**；歸入 `left`／`right` 者 ＝ **97**／二者皆非 ＝ **0** ⇒ ✅

**款 `4`　二態之逐宗分項表**（⛔ 只報合取·逐分項）
   | 格 | idx | 暫編地號 | `forced` | `marker` | `is_corner` | `is_chain_head` | `near_dir` 入 | `alloc_dir_used` | `solver` |
   |---|---|---|---|---|---|---|---|---|---|
   | `R1/left` | 0 | `628-37(1)` | False | True | **True** | True | None | (-0.737181719516621, 0.6756945407582613) | 幾何二分法 |
   | `R1/left` | 1 | `628-35(2)` | False | False | **False** | False | (-0.737181719516621, 0.6756945407582613) | (-0.7437266267097206, 0.6684838851632701) | 幾何二分法 |
   | `R1/left` | 2 | `628-36(1)` | False | False | **False** | False | (-0.7437266267097206, 0.6684838851632701) | (-0.7437266267097206, 0.6684838851632701) | 幾何二分法 |
   | `R1/left` | 0 | `628-37(1)` | False | True | **True** | True | None | (-0.737181719516621, 0.6756945407582613) | 幾何二分法 |
   | `R1/right` | 0 | `628(5)` | False | True | **True** | True | None | (-0.7517325397029704, 0.6594681104888407) | 幾何二分法 |
   | `R1/right` | 1 | `628-34(3)` | False | False | **False** | False | (-0.7517325397029704, 0.6594681104888407) | (-0.7437266267097206, 0.6684838851632701) | 幾何二分法 |
   | `R1/right` | 0 | `628(5)` | False | True | **True** | True | None | (-0.7517325397029704, 0.6594681104888407) | 幾何二分法 |
   | `R1/right` | 1 | `628-34(3)` | False | False | **False** | False | (-0.7517325397029704, 0.6594681104888407) | (-0.7437266267097206, 0.6684838851632701) | 幾何二分法 |
   | `R2/left` | 0 | `628-41(1)` | False | True | **True** | True | None | (-0.6721303204856223, -0.7404328681817782) | 幾何二分法 |
   | `R2/left` | 1 | `628-42(1)` | False | False | **False** | False | (-0.6721303204856223, -0.7404328681817782) | (0.7260188428756796, 0.6876748067142342) | 幾何二分法 |
   | `R2/left` | 1 | `628-27(1)` | False | False | **False** | False | (-0.6721303204856223, -0.7404328681817782) | (0.7260188428756796, 0.6876748067142342) | 幾何二分法 |
   | `R2/left` | 1 | `628-40(1)+` | False | False | **False** | False | (-0.6721303204856223, -0.7404328681817782) | (0.7260188428756796, 0.6876748067142342) | 幾何二分法 |
   | `R2/right` | 0 | `628-35(1)` | False | False | **False** | True | None | (0.7260188428756796, 0.6876748067142342) | 幾何二分法 |
   | `R2/right` | 1 | `628-34(1)` | False | False | **False** | False | (0.7260188428756796, 0.6876748067142342) | (0.7260188428756796, 0.6876748067142342) | 幾何二分法 |
   | `R2/right` | 2 | `628-49(1)` | False | False | **False** | False | (0.7260188428756796, 0.6876748067142342) | (0.7260188428756796, 0.6876748067142342) | 幾何二分法 |
   | `R2/right` | 3 | `628-50(1)` | False | False | **False** | False | (0.7260188428756796, 0.6876748067142342) | (0.7260188428756796, 0.6876748067142342) | 幾何二分法 |
   | `R3/left` | 0 | `628(4)` | False | False | **False** | True | None | (0.7260187095613652, 0.6876749474619896) | 幾何二分法 |
   | `R3/left` | 1 | `628-34(2)` | False | False | **False** | False | (0.7260187095613652, 0.6876749474619896) | (0.7260187095613652, 0.6876749474619896) | 幾何二分法 |
   | `R3/left` | 2 | `628-46(1)` | False | False | **False** | False | (0.7260187095613652, 0.6876749474619896) | (0.7260187095613652, 0.6876749474619896) | 幾何二分法 |
   | `R3/left` | 3 | `628-47(1)+` | False | False | **False** | False | (0.7260187095613652, 0.6876749474619896) | (0.7260187095613652, 0.6876749474619896) | 幾何二分法 |
   | `R3/right` | 0 | `628-30(3)+` | False | True | **True** | True | None | (0.6721303626889327, 0.7404328298715852) | 幾何二分法 |
   | `R3/right` | 1 | `628-42(2)` | False | False | **False** | False | (0.6721303626889327, 0.7404328298715852) | (0.7260187095613652, 0.6876749474619896) | 幾何二分法 |
   | `R3/right` | 2 | `628-27(2)` | False | False | **False** | False | (0.7260187095613652, 0.6876749474619896) | (0.7260187095613652, 0.6876749474619896) | 幾何二分法 |
   | `R3/right` | 3 | `628-29(1)+` | False | False | **False** | False | (0.7260187095613652, 0.6876749474619896) | (0.7260187095613652, 0.6876749474619896) | 幾何二分法 |
   | `R4/left` | 0 | `628(1)+` | True | True | **True** | True | None | (-0.7517327519688664, 0.6594678685253096) | 幾何二分法 |
   | `R5/left` | 0 | `628-18(2)` | False | True | **True** | True | None | (-0.6721303564597121, -0.7404328355261808) | 幾何二分法 |
   | `R5/left` | 1 | `628-53(2)` | False | False | **False** | False | (-0.6721303564597121, -0.7404328355261808) | (0.7260188263934941, 0.6876748241154488) | 幾何二分法 |
   | `R5/left` | 1 | `628-7(2)` | False | False | **False** | False | (-0.6721303564597121, -0.7404328355261808) | (0.7260188263934941, 0.6876748241154488) | 幾何二分法 |
   | `R5/left` | 2 | `628-45(1)+` | False | False | **False** | False | (0.7260188263934941, 0.6876748241154488) | (0.7260188263934941, 0.6876748241154488) | 幾何二分法 |
   | `R5/right` | 0 | `628(3)` | False | False | **False** | True | None | (0.7260188263934941, 0.6876748241154488) | 幾何二分法 |
   | `R5/right` | 1 | `628-21(2)+` | False | False | **False** | False | (0.7260188263934941, 0.6876748241154488) | (0.7260188263934941, 0.6876748241154488) | 幾何二分法 |
   | `R5/right` | 2 | `628-32(1)` | False | False | **False** | False | (0.7260188263934941, 0.6876748241154488) | (0.7260188263934941, 0.6876748241154488) | 幾何二分法 |
   | `R5/right` | 3 | `628-31(1)` | False | False | **False** | False | (0.7260188263934941, 0.6876748241154488) | (0.7260188263934941, 0.6876748241154488) | 幾何二分法 |
   | `R6/left` | 0 | `628(2)+` | False | False | **False** | True | None | (-0.6721304454989524, -0.7404327547005061) | 幾何二分法 |
   | `R6/left` | 1 | `628-4(1)` | False | False | **False** | False | (-0.6721304454989524, -0.7404327547005061) | (-0.6721304454989524, -0.7404327547005061) | 幾何二分法 |
   | `R6/left` | 2 | `628-23(1)+` | False | False | **False** | False | (-0.6721304454989524, -0.7404327547005061) | (-0.6721304454989524, -0.7404327547005061) | 幾何二分法 |
   | `R6/left` | 3 | `628-20(1)` | False | False | **False** | False | (-0.6721304454989524, -0.7404327547005061) | (-0.6721304454989524, -0.7404327547005061) | 幾何二分法 |
   | `R6/right` | 0 | `628-18(1)` | False | True | **True** | True | None | (0.6721304103899353, 0.7404327865708388) | 幾何二分法 |
   | `R6/right` | 1 | `628-53(1)` | False | False | **False** | False | (0.6721304103899353, 0.7404327865708388) | (-0.6721304454989524, -0.7404327547005061) | 幾何二分法 |
   | `R6/right` | 1 | `628-53(1)` | False | False | **False** | False | (0.6721304103899353, 0.7404327865708388) | (-0.6721304454989524, -0.7404327547005061) | 幾何二分法 |
   | `R6/right` | 1 | `628-53(1)` | False | False | **False** | False | (0.6721304103899353, 0.7404327865708388) | (-0.6721304454989524, -0.7404327547005061) | 幾何二分法 |

════════════════════════════════════════════════════════════════════════════════════════════════════════════════════════════════════
── 格 `R2/left@0.0m`（🔑 **真正之 winner 態**（`forced` ＝ `False`·當場重量））──
════════════════════════════════════════════════════════════════════════════════════════════════════════════════════════════════════
   🔒 **自我驗證閘 `(i)`**　`|S1_par·sinθ − S1_perp|` ＝ 0.0（須 ≤ 1e-9）⇒ ✅
   `corner_range_polys['left']` 之**遠側境界線**：錨 `_Tp` ＝ (310363.9100372852, 2651914.7928124885) ／ 方向單位向量 ＝ (0.7404328681817783, -0.6721303204856224) ／ `S1_perp` ＝ 3.5441776472150175

   ── idx `0`　`628-41(1)`（`is_corner`＝True／`is_chain_head`＝True／`forced`＝False）
      **款 `3`**　`cum_S`（入）＝ 0.0 ／ `W_prev` ＝ 0.0 ／ `W_near`（回傳）＝ 0.0 ／ `G` ＝ 175.95 ／ `S` ＝ 4.06 ／ 解法 ＝ 幾何二分法
      　`baseline_pt`（＝ 起算點）＝ (310361.51526, 2651912.18005)
      **款 `2`**　`near_dir`（入·**`allocation_dir` 槽**）＝ None ／ `allocation_dir`（入）＝ (0.7260188428756796, 0.6876748067142342) ／ `_alloc_dir_used`（出）＝ (-0.6721303204856223, -0.7404328681817782)
      　🔒 **閘 `(iv)`**　`rot90(_alloc_dir_used)` ＝ (0.7404328681817783, -0.6721303204856224) ／ 與該宗 `cut_coords`（7 點）之**實邊**最平行者之 `|cos|` ＝ **1.0000000000000002**（須 ≥ 1 − 1e-6）⇒ ✅
      　🔑 `near_dir` ＝ **`None`** ⇒ `_block_strip` 走**單線路徑**（二切邊共用 `n_hat = rot90(allocation_dir)`）⇒ **近側界 ∥ALLOCLINE**

   ── idx `1`　`628-42(1)`（`is_corner`＝False／`is_chain_head`＝False／`forced`＝False）
      **款 `3`**　`cum_S`（入）＝ 7.448704378836619 ／ `W_prev` ＝ 4.06 ／ `W_near`（回傳）＝ 5.74 ／ `G` ＝ 0.23 ／ `S` ＝ 0.18 ／ 解法 ＝ 幾何二分法
      　`baseline_pt`（＝ 起算點）＝ (310366.54824177996, 2651917.671160209)
      **款 `2`**　`near_dir`（入·**`allocation_dir` 槽**）＝ (-0.6721303204856223, -0.7404328681817782) ／ `allocation_dir`（入）＝ (0.7260188428756796, 0.6876748067142342) ／ `_alloc_dir_used`（出）＝ (0.7260188428756796, 0.6876748067142342)
      　🔒 **閘 `(iv)`**　`rot90(_alloc_dir_used)` ＝ (-0.6876748067142342, 0.7260188428756796) ／ 與該宗 `cut_coords`（4 點）之**實邊**最平行者之 `|cos|` ＝ **1.0**（須 ≥ 1 − 1e-6）⇒ ✅
      　**近側界之線**：錨 ＝ `baseline_pt` (310366.54824177996, 2651917.671160209) ／ **線向** ＝ `rot90(near_dir)` ＝ (0.7404328681817783, -0.6721303204856224)（⛔ 逕取 `near_dir` ＝ (-0.6721303204856224, -0.7404328681817783)·其為槽向量）
      　二端點：∩FRONT∞ ＝ (310366.54824177996, 2651917.671160209) ／ ∩BASELINE∞ ＝ (310399.78064124414, 2651887.504342578)
      　**與遠側境界線之逐位對拍**：`|cos|` ＝ **1.0000000000000002** ／ `|cos| − 1` ＝ **2.220446049250313e-16**
      　垂距（近側界之錨 → 遠側境界線）＝ **3.904440490887934**
      　端點差 ∩FRONT ＝ (2.6382044946658425, 2.8783477204851806)
      　端點差 ∩BASELINE ＝ (2.610087026958354, 2.9038714421913028)

   ── idx `1`　`628-27(1)`（`is_corner`＝False／`is_chain_head`＝False／`forced`＝False）
      **款 `3`**　`cum_S`（入）＝ 7.448704378836619 ／ `W_prev` ＝ 4.06 ／ `W_near`（回傳）＝ 5.74 ／ `G` ＝ 20.52 ／ `S` ＝ 1.76 ／ 解法 ＝ 幾何二分法
      　`baseline_pt`（＝ 起算點）＝ (310366.54824177996, 2651917.671160209)
      **款 `2`**　`near_dir`（入·**`allocation_dir` 槽**）＝ (-0.6721303204856223, -0.7404328681817782) ／ `allocation_dir`（入）＝ (0.7260188428756796, 0.6876748067142342) ／ `_alloc_dir_used`（出）＝ (0.7260188428756796, 0.6876748067142342)
      　🔒 **閘 `(iv)`**　`rot90(_alloc_dir_used)` ＝ (-0.6876748067142342, 0.7260188428756796) ／ 與該宗 `cut_coords`（4 點）之**實邊**最平行者之 `|cos|` ＝ **1.0**（須 ≥ 1 − 1e-6）⇒ ✅
      　**近側界之線**：錨 ＝ `baseline_pt` (310366.54824177996, 2651917.671160209) ／ **線向** ＝ `rot90(near_dir)` ＝ (0.7404328681817783, -0.6721303204856224)（⛔ 逕取 `near_dir` ＝ (-0.6721303204856224, -0.7404328681817783)·其為槽向量）
      　二端點：∩FRONT∞ ＝ (310366.54824177996, 2651917.671160209) ／ ∩BASELINE∞ ＝ (310399.78064124414, 2651887.504342578)
      　**與遠側境界線之逐位對拍**：`|cos|` ＝ **1.0000000000000002** ／ `|cos| − 1` ＝ **2.220446049250313e-16**
      　垂距（近側界之錨 → 遠側境界線）＝ **3.904440490887934**
      　端點差 ∩FRONT ＝ (2.6382044946658425, 2.8783477204851806)
      　端點差 ∩BASELINE ＝ (2.610087026958354, 2.9038714421913028)

════════════════════════════════════════════════════════════════════════════════════════════════════════════════════════════════════
── 格 `R4/left@0.0m`（**`forced` 態**）──
════════════════════════════════════════════════════════════════════════════════════════════════════════════════════════════════════
   🔒 **自我驗證閘 `(i)`**　`|S1_par·sinθ − S1_perp|` ＝ 0.0（須 ≤ 1e-9）⇒ ✅
   `corner_range_polys['left']` 之**遠側境界線**：錨 `_Tp` ＝ (310519.65862709616, 2651938.4822572507) ／ 方向單位向量 ＝ (-0.6594678685253096, -0.7517327519688664) ／ `S1_perp` ＝ 3.6954999940774775

   ── idx `0`　`628(1)+`（`is_corner`＝True／`is_chain_head`＝True／`forced`＝True）
      **款 `3`**　`cum_S`（入）＝ 4.49975224003872 ／ `W_prev` ＝ 0.0 ／ `W_near`（回傳）＝ 4.48 ／ `G` ＝ 2017.54 ／ `S` ＝ 60.92 ／ 解法 ＝ 幾何二分法
      　`baseline_pt`（＝ 起算點）＝ (310520.20058777306, 2651937.9097726936)
      **款 `2`**　`near_dir`（入·**`allocation_dir` 槽**）＝ None ／ `allocation_dir`（入）＝ (0.7196670499348666, -0.694319333763684) ／ `_alloc_dir_used`（出）＝ (-0.7517327519688664, 0.6594678685253096)
      　🔒 **閘 `(iv)`**　`rot90(_alloc_dir_used)` ＝ (-0.6594678685253096, -0.7517327519688664) ／ 與該宗 `cut_coords`（6 點）之**實邊**最平行者之 `|cos|` ＝ **1.0000000000000002**（須 ≥ 1 − 1e-6）⇒ ✅
      　🔑 `near_dir` ＝ **`None`** ⇒ `_block_strip` 走**單線路徑**（二切邊共用 `n_hat = rot90(allocation_dir)`）⇒ **近側界 ∥ALLOCLINE**

====================================================================================================================================
【SB ＝ 3.5 m·態甲】`_solve_G_one` 149 次（`run_step_g` 段 97）／`_first_corner_alloc_dir` 63 次／`_build_corner_range_v3` 24 次
　`run_step_g` 之終局 ＝ （未拋）
====================================================================================================================================
🔒 **自我驗證閘 `(ii)`**：`is_corner=True` 之筆 ＝ 11；其 `_alloc_dir_used` 逐位等於 `_first_corner_alloc_dir` 之回傳者 ＝ **11**／不符 ＝ **0** ⇒ ✅
🔒 **`forced` 側（當場重量）** ＝ 2 格：[('R2', 'left'), ('R4', 'left')]
🔒 **自我驗證閘 `(iii)`**（鏈側之歸屬·**⛔ 取 `_solve_G_one` 之 `side` 參數**——其為**街角側別**·`stepg:804`）：`run_step_g` 段之筆 ＝ **97**；歸入 `left`／`right` 者 ＝ **97**／二者皆非 ＝ **0** ⇒ ✅

**款 `4`　二態之逐宗分項表**（⛔ 只報合取·逐分項）
   | 格 | idx | 暫編地號 | `forced` | `marker` | `is_corner` | `is_chain_head` | `near_dir` 入 | `alloc_dir_used` | `solver` |
   |---|---|---|---|---|---|---|---|---|---|
   | `R1/left` | 0 | `628-36(1)` | False | True | **True** | True | None | (-0.737181719516621, 0.6756945407582613) | 幾何二分法 |
   | `R1/left` | 1 | `628-35(2)` | False | False | **False** | False | (-0.737181719516621, 0.6756945407582613) | (-0.7437266267097206, 0.6684838851632701) | 幾何二分法 |
   | `R1/left` | 2 | `628-37(1)` | False | False | **False** | False | (-0.7437266267097206, 0.6684838851632701) | (-0.7437266267097206, 0.6684838851632701) | 幾何二分法 |
   | `R1/left` | 0 | `628-36(1)` | False | True | **True** | True | None | (-0.737181719516621, 0.6756945407582613) | 幾何二分法 |
   | `R1/right` | 0 | `628(5)` | False | True | **True** | True | None | (-0.7517325397029704, 0.6594681104888407) | 幾何二分法 |
   | `R1/right` | 1 | `628-34(3)` | False | False | **False** | False | (-0.7517325397029704, 0.6594681104888407) | (-0.7437266267097206, 0.6684838851632701) | 幾何二分法 |
   | `R1/right` | 0 | `628(5)` | False | True | **True** | True | None | (-0.7517325397029704, 0.6594681104888407) | 幾何二分法 |
   | `R1/right` | 1 | `628-34(3)` | False | False | **False** | False | (-0.7517325397029704, 0.6594681104888407) | (-0.7437266267097206, 0.6684838851632701) | 幾何二分法 |
   | `R2/left` | 0 | `628-42(1)` | True | False | **False** | True | None | (0.7260188428756796, 0.6876748067142342) | 幾何二分法 |
   | `R2/left` | 1 | `628-41(1)` | True | False | **False** | False | (0.7260188428756796, 0.6876748067142342) | (0.7260188428756796, 0.6876748067142342) | 幾何二分法 |
   | `R2/left` | 2 | `628-27(1)` | True | False | **False** | False | (0.7260188428756796, 0.6876748067142342) | (0.7260188428756796, 0.6876748067142342) | 幾何二分法 |
   | `R2/left` | 3 | `628-40(1)+` | True | False | **False** | False | (0.7260188428756796, 0.6876748067142342) | (0.7260188428756796, 0.6876748067142342) | 幾何二分法 |
   | `R2/right` | 0 | `628-35(1)` | False | False | **False** | True | None | (0.7260188428756796, 0.6876748067142342) | 幾何二分法 |
   | `R2/right` | 1 | `628-34(1)` | False | False | **False** | False | (0.7260188428756796, 0.6876748067142342) | (0.7260188428756796, 0.6876748067142342) | 幾何二分法 |
   | `R2/right` | 2 | `628-49(1)` | False | False | **False** | False | (0.7260188428756796, 0.6876748067142342) | (0.7260188428756796, 0.6876748067142342) | 幾何二分法 |
   | `R2/right` | 3 | `628-50(1)` | False | False | **False** | False | (0.7260188428756796, 0.6876748067142342) | (0.7260188428756796, 0.6876748067142342) | 幾何二分法 |
   | `R3/left` | 0 | `628(4)` | False | False | **False** | True | None | (0.7260187095613652, 0.6876749474619896) | 幾何二分法 |
   | `R3/left` | 1 | `628-34(2)` | False | False | **False** | False | (0.7260187095613652, 0.6876749474619896) | (0.7260187095613652, 0.6876749474619896) | 幾何二分法 |
   | `R3/left` | 2 | `628-46(1)` | False | False | **False** | False | (0.7260187095613652, 0.6876749474619896) | (0.7260187095613652, 0.6876749474619896) | 幾何二分法 |
   | `R3/left` | 3 | `628-47(1)+` | False | False | **False** | False | (0.7260187095613652, 0.6876749474619896) | (0.7260187095613652, 0.6876749474619896) | 幾何二分法 |
   | `R3/right` | 0 | `628-30(3)+` | False | True | **True** | True | None | (0.6721303626889327, 0.7404328298715852) | 幾何二分法 |
   | `R3/right` | 1 | `628-42(2)` | False | False | **False** | False | (0.6721303626889327, 0.7404328298715852) | (0.7260187095613652, 0.6876749474619896) | 幾何二分法 |
   | `R3/right` | 2 | `628-27(2)` | False | False | **False** | False | (0.7260187095613652, 0.6876749474619896) | (0.7260187095613652, 0.6876749474619896) | 幾何二分法 |
   | `R3/right` | 3 | `628-29(1)+` | False | False | **False** | False | (0.7260187095613652, 0.6876749474619896) | (0.7260187095613652, 0.6876749474619896) | 幾何二分法 |
   | `R4/left` | 0 | `628(1)+` | True | True | **True** | True | None | (-0.7517327519688664, 0.6594678685253096) | 幾何二分法 |
   | `R5/left` | 0 | `628-45(1)+` | False | True | **True** | True | None | (-0.6721303564597121, -0.7404328355261808) | 幾何二分法 |
   | `R5/left` | 1 | `628-53(2)` | False | False | **False** | False | (-0.6721303564597121, -0.7404328355261808) | (0.7260188263934941, 0.6876748241154488) | 幾何二分法 |
   | `R5/left` | 1 | `628-18(2)` | False | False | **False** | False | (-0.6721303564597121, -0.7404328355261808) | (0.7260188263934941, 0.6876748241154488) | 幾何二分法 |
   | `R5/left` | 2 | `628-7(2)` | False | False | **False** | False | (0.7260188263934941, 0.6876748241154488) | (0.7260188263934941, 0.6876748241154488) | 幾何二分法 |
   | `R5/right` | 0 | `628(3)` | False | False | **False** | True | None | (0.7260188263934941, 0.6876748241154488) | 幾何二分法 |
   | `R5/right` | 1 | `628-21(2)+` | False | False | **False** | False | (0.7260188263934941, 0.6876748241154488) | (0.7260188263934941, 0.6876748241154488) | 幾何二分法 |
   | `R5/right` | 2 | `628-32(1)` | False | False | **False** | False | (0.7260188263934941, 0.6876748241154488) | (0.7260188263934941, 0.6876748241154488) | 幾何二分法 |
   | `R5/right` | 3 | `628-31(1)` | False | False | **False** | False | (0.7260188263934941, 0.6876748241154488) | (0.7260188263934941, 0.6876748241154488) | 幾何二分法 |
   | `R6/left` | 0 | `628(2)+` | False | False | **False** | True | None | (-0.6721304454989524, -0.7404327547005061) | 幾何二分法 |
   | `R6/left` | 1 | `628-4(1)` | False | False | **False** | False | (-0.6721304454989524, -0.7404327547005061) | (-0.6721304454989524, -0.7404327547005061) | 幾何二分法 |
   | `R6/left` | 2 | `628-23(1)+` | False | False | **False** | False | (-0.6721304454989524, -0.7404327547005061) | (-0.6721304454989524, -0.7404327547005061) | 幾何二分法 |
   | `R6/left` | 3 | `628-20(1)` | False | False | **False** | False | (-0.6721304454989524, -0.7404327547005061) | (-0.6721304454989524, -0.7404327547005061) | 幾何二分法 |
   | `R6/right` | 0 | `628-18(1)` | False | True | **True** | True | None | (0.6721304103899353, 0.7404327865708388) | 幾何二分法 |
   | `R6/right` | 1 | `628-53(1)` | False | False | **False** | False | (0.6721304103899353, 0.7404327865708388) | (-0.6721304454989524, -0.7404327547005061) | 幾何二分法 |
   | `R6/right` | 1 | `628-53(1)` | False | False | **False** | False | (0.6721304103899353, 0.7404327865708388) | (-0.6721304454989524, -0.7404327547005061) | 幾何二分法 |
   | `R6/right` | 1 | `628-53(1)` | False | False | **False** | False | (0.6721304103899353, 0.7404327865708388) | (-0.6721304454989524, -0.7404327547005061) | 幾何二分法 |

════════════════════════════════════════════════════════════════════════════════════════════════════════════════════════════════════
── 格 `R2/left@3.5m`（🔴 **單 `§三-1` 所稱之「winner 側」——當場重量得其 `forced` ＝ `True`**）──
════════════════════════════════════════════════════════════════════════════════════════════════════════════════════════════════════
   🔒 **自我驗證閘 `(i)`**　`|S1_par·sinθ − S1_perp|` ＝ 0.0（須 ≤ 1e-9）⇒ ✅
   `corner_range_polys['left']` 之**遠側境界線**：錨 `_Tp` ＝ (310366.245113485, 2651917.340439585) ／ 方向單位向量 ＝ (0.7404328681817783, -0.6721303204856224) ／ `S1_perp` ＝ 7.0

   ── idx `0`　`628-42(1)`（`is_corner`＝False／`is_chain_head`＝True／`forced`＝True）
      **款 `3`**　`cum_S`（入）＝ 8.696079893776137 ／ `W_prev` ＝ 0.0 ／ `W_near`（回傳）＝ 6.98 ／ `G` ＝ 4.77 ／ `S` ＝ 0.11 ／ 解法 ＝ 幾何二分法
      　`baseline_pt`（＝ 起算點）＝ (310367.3910753682, 2651918.590712936)
      **款 `2`**　`near_dir`（入·**`allocation_dir` 槽**）＝ None ／ `allocation_dir`（入）＝ (0.7260188428756796, 0.6876748067142342) ／ `_alloc_dir_used`（出）＝ (0.7260188428756796, 0.6876748067142342)
      　🔒 **閘 `(iv)`**　`rot90(_alloc_dir_used)` ＝ (-0.6876748067142342, 0.7260188428756796) ／ 與該宗 `cut_coords`（5 點）之**實邊**最平行者之 `|cos|` ＝ **1.0**（須 ≥ 1 − 1e-6）⇒ ✅
      　🔑 `near_dir` ＝ **`None`** ⇒ `_block_strip` 走**單線路徑**（二切邊共用 `n_hat = rot90(allocation_dir)`）⇒ **近側界 ∥ALLOCLINE**

   ── idx `1`　`628-41(1)`（`is_corner`＝False／`is_chain_head`＝False／`forced`＝True）
      **款 `3`**　`cum_S`（入）＝ 8.802342306944828 ／ `W_prev` ＝ 7.09 ／ `W_near`（回傳）＝ 7.09 ／ `G` ＝ 183.23 ／ `S` ＝ 4.08 ／ 解法 ＝ 幾何二分法
      　`baseline_pt`（＝ 起算點）＝ (310367.46287534334, 2651918.669048522)
      **款 `2`**　`near_dir`（入·**`allocation_dir` 槽**）＝ (0.7260188428756796, 0.6876748067142342) ／ `allocation_dir`（入）＝ (0.7260188428756796, 0.6876748067142342) ／ `_alloc_dir_used`（出）＝ (0.7260188428756796, 0.6876748067142342)
      　🔒 **閘 `(iv)`**　`rot90(_alloc_dir_used)` ＝ (-0.6876748067142342, 0.7260188428756796) ／ 與該宗 `cut_coords`（5 點）之**實邊**最平行者之 `|cos|` ＝ **1.0**（須 ≥ 1 − 1e-6）⇒ ✅
      　**近側界之線**：錨 ＝ `baseline_pt` (310367.46287534334, 2651918.669048522) ／ **線向** ＝ `rot90(near_dir)` ＝ (-0.6876748067142342, 0.7260188428756796)（⛔ 逕取 `near_dir` ＝ (0.7260188428756796, 0.6876748067142342)·其為槽向量）
      　二端點：∩FRONT∞ ＝ (310367.46287534345, 2651918.669048522) ／ ∩BASELINE∞ ＝ (310398.41780263156, 2651885.988106496)
      　**與遠側境界線之逐位對拍**：`|cos|` ＝ **0.9971563070524017** ／ `|cos| − 1` ＝ **-0.002843692947598342**
      　垂距（近側界之錨 → 遠側境界線）＝ **1.802240394085697**
      　端點差 ∩FRONT ＝ (1.2177618583664298, 1.3286089370958507)
      　端點差 ∩BASELINE ＝ (-1.0629409998073243, -1.1825827956199646)

   ── idx `2`　`628-27(1)`（`is_corner`＝False／`is_chain_head`＝False／`forced`＝True）
      **款 `3`**　`cum_S`（入）＝ 12.884683327298482 ／ `W_prev` ＝ 11.16 ／ `W_near`（回傳）＝ 11.16 ／ `G` ＝ 29.61 ／ `S` ＝ 0.66 ／ 解法 ＝ 幾何二分法
      　`baseline_pt`（＝ 起算點）＝ (310370.22125410696, 2651921.6785094044)
      **款 `2`**　`near_dir`（入·**`allocation_dir` 槽**）＝ (0.7260188428756796, 0.6876748067142342) ／ `allocation_dir`（入）＝ (0.7260188428756796, 0.6876748067142342) ／ `_alloc_dir_used`（出）＝ (0.7260188428756796, 0.6876748067142342)
      　🔒 **閘 `(iv)`**　`rot90(_alloc_dir_used)` ＝ (-0.6876748067142342, 0.7260188428756796) ／ 與該宗 `cut_coords`（5 點）之**實邊**最平行者之 `|cos|` ＝ **1.0**（須 ≥ 1 − 1e-6）⇒ ✅
      　**近側界之線**：錨 ＝ `baseline_pt` (310370.22125410696, 2651921.6785094044) ／ **線向** ＝ `rot90(near_dir)` ＝ (-0.6876748067142342, 0.7260188428756796)（⛔ 逕取 `near_dir` ＝ (0.7260188428756796, 0.6876748067142342)·其為槽向量）
      　二端點：∩FRONT∞ ＝ (310370.221254107, 2651921.6785094044) ／ ∩BASELINE∞ ＝ (310401.14878981106, 2651889.0264862888)
      　**與遠側境界線之逐位對拍**：`|cos|` ＝ **0.9971563070524017** ／ `|cos| − 1` ＝ **-0.002843692947598342**
      　垂距（近側界之錨 → 遠側境界線）＝ **5.884534149251879**
      　端點差 ∩FRONT ＝ (3.9761406219331548, 4.338069819379598)
      　端點差 ∩BASELINE ＝ (1.6680461796931922, 1.8557969969697297)

════════════════════════════════════════════════════════════════════════════════════════════════════════════════════════════════════
── 格 `R4/left@3.5m`（**`forced` 態**）──
════════════════════════════════════════════════════════════════════════════════════════════════════════════════════════════════════
   🔒 **自我驗證閘 `(i)`**　`|S1_par·sinθ − S1_perp|` ＝ 0.0（須 ≤ 1e-9）⇒ ✅
   `corner_range_polys['left']` 之**遠側境界線**：錨 `_Tp` ＝ (310521.9402004591, 2651936.0721829184) ／ 方向單位向量 ＝ (-0.6594678685253096, -0.7517327519688664) ／ `S1_perp` ＝ 7.0

   ── idx `0`　`628(1)+`（`is_corner`＝True／`is_chain_head`＝True／`forced`＝True）
      **款 `3`**　`cum_S`（入）＝ 7.8185635189090075 ／ `W_prev` ＝ 0.0 ／ `W_near`（回傳）＝ 7.79 ／ `G` ＝ 2023.33 ／ `S` ＝ 61.1 ／ 解法 ＝ 幾何二分法
      　`baseline_pt`（＝ 起算點）＝ (310522.48221012746, 2651935.4996466106)
      **款 `2`**　`near_dir`（入·**`allocation_dir` 槽**）＝ None ／ `allocation_dir`（入）＝ (0.7196670499348666, -0.694319333763684) ／ `_alloc_dir_used`（出）＝ (-0.7517327519688664, 0.6594678685253096)
      　🔒 **閘 `(iv)`**　`rot90(_alloc_dir_used)` ＝ (-0.6594678685253096, -0.7517327519688664) ／ 與該宗 `cut_coords`（6 點）之**實邊**最平行者之 `|cos|` ＝ **1.0**（須 ≥ 1 − 1e-6）⇒ ✅
      　🔑 `near_dir` ＝ **`None`** ⇒ `_block_strip` 走**單線路徑**（二切邊共用 `n_hat = rot90(allocation_dir)`）⇒ **近側界 ∥ALLOCLINE**

====================================================================================================================================
【判別力二造（`§三` 款 `7`）】
====================================================================================================================================
   `(1)` [必命中] `is_second_after_corner` 為真之格數（＝ 碼側 idx `1` 之筆）＝ **59**（須 ≥ 1）⇒ ✅
   `(2)` [必為零] 一**執行期組出**之人造名（字面⛔ 出艙·`GB-147`·**已先驗其於現母體命中為 `0`**） ⇒ 命中 **0**（須 `0`）⇒ ✅

🛑 **出艙即止**：⛔ 判 `forced` 側應否走同一路、⛔ 擬任何實作形、⛔ 改碼一字、⛔ 鑄任何號、⛔ 解除或收窄 `GB-170`、⛔ 提修法主張、⛔ 呈 KL。
