====================================================================================================================================
【`W-G.9-272` `§三-1`】**池片產生分支之歸屬**（本批主檢·**出艙即止**）
====================================================================================================================================
🛑 **⛔ 判其為缺陷、⛔ 判 `p6` 之結論、⛔ 提任何處置主張。**
🛑 **⛔ 逕稱「⛔ 步驟 `5`」者為「步驟 `5b`」**——本器只證其⛔ 為步驟 `5`。
🔒 判準 ＝ `equals_exact(tol=0)`（**⛔ 以面積代幾何**）；包裹 ＝ `ns["_block_strip"]` 之每次回傳。

────────────────────────────────────────────────────────────────────────────────────────────────────────────────────────────────────
【情境 `退縮 0m`】
────────────────────────────────────────────────────────────────────────────────────────────────────────────────────────────────────
🔒 間諜所錄之 `_label` ＝ **6** 個：R1／R2／R3／R4／R5／R6｜`g_rows` ＝ **56** 列

   ══ `R1` ══  池片 2｜本次呼叫內之 `_block_strip` 回傳 1｜配地宗 5（`s` 不可得 0）
   | 池片 | 面積(㎡) | `s` 起 | `s` 迄 | **分支判** | 其所落入之宗 | 該宗之 `s` 帶全深度面積 − 其多邊形面積 (㎡) |
   |---|---|---|---|---|---|---|
   | `R1-池#1` | 1175.4937 | 24.410452 | 59.875134 | **步驟 5** | —— | —— |
   | `R1-池#2` | 0.0046 | -0.324813 | -0.035835 | **⛔ 步驟 5** | `628-37(1)` | **+5.3896** |

   ══ `R2` ══  池片 2｜本次呼叫內之 `_block_strip` 回傳 1｜配地宗 12（`s` 不可得 0）
   | 池片 | 面積(㎡) | `s` 起 | `s` 迄 | **分支判** | 其所落入之宗 | 該宗之 `s` 帶全深度面積 − 其多邊形面積 (㎡) |
   |---|---|---|---|---|---|---|
   | `R2-池#1` | 1682.7445 | 31.440822 | 69.257573 | **步驟 5** | —— | —— |
   | `R2-池#2` | 152.3551 | 4.055372 | 10.839544 | **⛔ 步驟 5** | `628-41(1)` | **+76.2056** |

   ══ `R3` ══  池片 1｜本次呼叫內之 `_block_strip` 回傳 1｜配地宗 10（`s` 不可得 0）
   | 池片 | 面積(㎡) | `s` 起 | `s` 迄 | **分支判** | 其所落入之宗 | 該宗之 `s` 帶全深度面積 − 其多邊形面積 (㎡) |
   |---|---|---|---|---|---|---|
   | `R3-池#1` | 1795.1328 | 26.322686 | 66.856401 | **步驟 5** | —— | —— |

   ══ `R4` ══  池片 4｜本次呼叫內之 `_block_strip` 回傳 2｜配地宗 1（`s` 不可得 0）
   | 池片 | 面積(㎡) | `s` 起 | `s` 迄 | **分支判** | 其所落入之宗 | 該宗之 `s` 帶全深度面積 − 其多邊形面積 (㎡) |
   |---|---|---|---|---|---|---|
   | `R4-池#1` | 1022.0462 | 67.000505 | 98.716330 | **步驟 5** | —— | —— |
   | `R4-池#2` | 116.0800 | 0.175903 | 4.499752 | **步驟 5** | —— | —— |
   | `R4-池#3` | 26.1116 | 1.576666 | 49.529873 | **⛔ 步驟 5** | `628(1)+` | **+52.1974** |
   | `R4-池#4` | 26.0858 | 49.529873 | 97.236015 | **⛔ 步驟 5** | `628(1)+` | **+52.1974** |

   ══ `R5` ══  池片 2｜本次呼叫內之 `_block_strip` 回傳 1｜配地宗 7（`s` 不可得 0）
   | 池片 | 面積(㎡) | `s` 起 | `s` 迄 | **分支判** | 其所落入之宗 | 該宗之 `s` 帶全深度面積 − 其多邊形面積 (㎡) |
   |---|---|---|---|---|---|---|
   | `R5-池#1` | 1621.8010 | 23.721295 | 59.497115 | **步驟 5** | —— | —— |
   | `R5-池#2` | 145.1703 | 4.849830 | 11.485592 | **⛔ 步驟 5** | `628-7(2)` | **+72.7150** |

   ══ `R6` ══  池片 2｜本次呼叫內之 `_block_strip` 回傳 2｜配地宗 8（`s` 不可得 0）
   | 池片 | 面積(㎡) | `s` 起 | `s` 迄 | **分支判** | 其所落入之宗 | 該宗之 `s` 帶全深度面積 − 其多邊形面積 (㎡) |
   |---|---|---|---|---|---|---|
   | `R6-池#1` | 1543.0063 | 27.302533 | 61.354566 | **步驟 5** | —— | —— |
   | `R6-池#2` | 85.7064 | -3.606792 | -0.000000 | **步驟 5** | —— | —— |

────────────────────────────────────────────────────────────────────────────────────────────────────────────────────────────────────
【情境 `退縮 3.5m`】
────────────────────────────────────────────────────────────────────────────────────────────────────────────────────────────────────
🔒 間諜所錄之 `_label` ＝ **6** 個：R1／R2／R3／R4／R5／R6｜`g_rows` ＝ **59** 列

   ══ `R1` ══  池片 3｜本次呼叫內之 `_block_strip` 回傳 1｜配地宗 5（`s` 不可得 0）
   | 池片 | 面積(㎡) | `s` 起 | `s` 迄 | **分支判** | 其所落入之宗 | 該宗之 `s` 帶全深度面積 − 其多邊形面積 (㎡) |
   |---|---|---|---|---|---|---|
   | `R1-池#1` | 1169.7082 | 17.564931 | 52.852024 | **步驟 5** | —— | —— |
   | `R1-池#2` | 5.3835 | 17.240188 | 17.564931 | **⛔ 步驟 5** | `628-36(1)` | **+5.3881** |
   | `R1-池#3` | 0.0046 | -0.324813 | -0.035837 | **⛔ 步驟 5** | `628-36(1)` | **+5.3881** |

   ══ `R2` ══  池片 2｜本次呼叫內之 `_block_strip` 回傳 2｜配地宗 14（`s` 不可得 0）
   | 池片 | 面積(㎡) | `s` 起 | `s` 迄 | **分支判** | 其所落入之宗 | 該宗之 `s` 帶全深度面積 − 其多邊形面積 (㎡) |
   |---|---|---|---|---|---|---|
   | `R2-池#1` | 1466.2584 | 36.288876 | 69.257961 | **步驟 5** | —— | —— |
   | `R2-池#2` | 308.1700 | 0.267742 | 8.696080 | **步驟 5** | —— | —— |

   ══ `R3` ══  池片 1｜本次呼叫內之 `_block_strip` 回傳 1｜配地宗 10（`s` 不可得 0）
   | 池片 | 面積(㎡) | `s` 起 | `s` 迄 | **分支判** | 其所落入之宗 | 該宗之 `s` 帶全深度面積 − 其多邊形面積 (㎡) |
   |---|---|---|---|---|---|---|
   | `R3-池#1` | 1795.1328 | 26.322686 | 66.856401 | **步驟 5** | —— | —— |

   ══ `R4` ══  池片 4｜本次呼叫內之 `_block_strip` 回傳 2｜配地宗 1（`s` 不可得 0）
   | 池片 | 面積(㎡) | `s` 起 | `s` 迄 | **分支判** | 其所落入之宗 | 該宗之 `s` 帶全深度面積 − 其多邊形面積 (㎡) |
   |---|---|---|---|---|---|---|
   | `R4-池#1` | 906.3247 | 70.495919 | 98.716330 | **步驟 5** | —— | —— |
   | `R4-池#2` | 226.0100 | 0.175903 | 7.818563 | **步驟 5** | —— | —— |
   | `R4-池#3` | 26.1102 | 7.818563 | 9.395131 | **⛔ 步驟 5** | `628(1)+` | **+52.1945** |
   | `R4-池#4` | 26.0843 | 68.920124 | 70.495919 | **⛔ 步驟 5** | `628(1)+` | **+52.1945** |

   ══ `R5` ══  池片 2｜本次呼叫內之 `_block_strip` 回傳 1｜配地宗 7（`s` 不可得 0）
   | 池片 | 面積(㎡) | `s` 起 | `s` 迄 | **分支判** | 其所落入之宗 | 該宗之 `s` 帶全深度面積 − 其多邊形面積 (㎡) |
   |---|---|---|---|---|---|---|
   | `R5-池#1` | 1620.7892 | 23.743681 | 59.496771 | **步驟 5** | —— | —— |
   | `R5-池#2` | 146.1806 | 8.059214 | 14.718028 | **⛔ 步驟 5** | `628-18(2)` | **+73.2211** |

   ══ `R6` ══  池片 2｜本次呼叫內之 `_block_strip` 回傳 2｜配地宗 8（`s` 不可得 0）
   | 池片 | 面積(㎡) | `s` 起 | `s` 迄 | **分支判** | 其所落入之宗 | 該宗之 `s` 帶全深度面積 − 其多邊形面積 (㎡) |
   |---|---|---|---|---|---|---|
   | `R6-池#1` | 1543.0063 | 27.302533 | 61.354566 | **步驟 5** | —— | —— |
   | `R6-池#2` | 85.7064 | -3.606792 | -0.000000 | **步驟 5** | —— | —— |

────────────────────────────────────────────────────────────────────────────────────────────────────────────────────────────────────
【判別力二造】（單 `§三-1`·二造同判 ⇒ `rc = 5` loud 拒測）
────────────────────────────────────────────────────────────────────────────────────────────────────────────────────────────────────
   造甲[必為步驟 `5`] ＝ `R3` 之片（二情境）⇒ 判 ['步驟 5', '步驟 5'] ⇒ ✅
   造乙[必⛔ 步驟 `5`] ＝ `R1-池#2`（二情境）⇒ 判 ['⛔ 步驟 5', '⛔ 步驟 5'] ⇒ ✅
   ⇒ **器非紅**（二造異判）✅

────────────────────────────────────────────────────────────────────────────────────────────────────────────────────────────────────
【「⛔ 步驟 `5`」之片之面積合計】（🛑 **⛔ 判孰誤、⛔ 追改生產碼註解一字**）
────────────────────────────────────────────────────────────────────────────────────────────────────────────────────────────────────
   | 情境 | 「⛔ 步驟 `5`」之片數 | 面積合計(㎡) |
   |---|---|---|
   | `0m` | **5** | **349.7274** |
   | `3.5m` | **5** | **203.7632** |

   🔒 **生產碼註解所載（逐字·照實並列）**：實測 `0m/3.5m R4` 各 `58.4792㎡`、`3.5m R1` `5.3881㎡`
   🛑 **受詞可能相異** ⇒ **⛔ 判孰誤、⛔ 追改該註解一字**；照實具名。
