============================================================================================================================
【補令四 `§二`／`§三`】`D-1`／`D-2`／`D-3` 三分表 ＋ 二殘留對帳（唯讀）
============================================================================================================================

  情境 0m     off 落檔 got_G值_退縮0m_partial.csv           21 列  ／  on 落檔 got_G值_退縮0m.csv             59 列
  情境 3.5m   off 落檔 got_G值_退縮3.5m_partial.csv         47 列  ／  on 落檔 got_G值_退縮3.5m.csv           60 列

============================================================================================================================
【`D-2`】最終態之位置變動（**級聯**）：`Δ累積S` ＝ on − off（**共同鍵** ＝ 同情境同暫編地號）
============================================================================================================================
  🔒 母體 ＝ 二態**皆有**之格；粒度框 ＝ **長度（公尺）**。
  🛑 **⛔ 以本表之列數與 `D-1` 相比**——二者係不同之量（`自誤 340`）。

  情境     暫編地號             驗_宗序           off 累積S      on 累積S        Δ累積S |Δ|>0.01
  0m     628-41(1)        街角第1宗           4.0600      7.4500     +3.3900 🔴 是
  0m     628-42(1)        第2宗             4.8100      7.6300     +2.8200 🔴 是
  0m     628-27(1)        其後              5.4600      8.2800     +2.8200 🔴 是
  0m     628-40(1)+       其後             12.0000     14.8700     +2.8700 🔴 是
  0m     628-30(2)        其後             13.9300     16.8100     +2.8800 🔴 是
  0m     628-39(1)        其後             19.0500     22.0200     +2.9700 🔴 是
  0m     628-31(2)        其後             27.7900     30.7800     +2.9900 🔴 是
  3.5m   628-45(1)+       街角第1宗           8.0600     11.3800     +3.3200 🔴 是
  3.5m   628-53(2)        第2宗             8.4400     11.4000     +2.9600 🔴 是
  3.5m   628-18(2)        其後             13.3000     16.2800     +2.9800 🔴 是
  3.5m   628-7(2)         其後             18.9000     21.9400     +3.0400 🔴 是
  3.5m   628-31(1)        其後             19.1400     22.1800     +3.0400 🔴 是
  3.5m   628-32(1)        其後             19.2100     22.2500     +3.0400 🔴 是
  3.5m   628(1)+          街角第1宗          68.9200     70.5000     +1.5800 🔴 是
  母體基數（共同鍵）＝ 68 格；`|Δ累積S| > 0.01` 者 ＝ **14** 格
  **Σ Δ累積S（帶號）＝ +40.7000 m** ／ **Σ|Δ累積S| ＝ 40.7000 m**

============================================================================================================================
【`D-3`】**鏈頭之對位**（`驗_宗序 == '街角第1宗'` ＝ `j = 0`·**⛔ 上游可級聯**）
============================================================================================================================
  🔒 判準（補令四 `§二`）：鏈頭格之 `Δ累積S` 須**等於**該格 `D-1` 之 `δ`（容差 0.01 m）。
  🔑 **本表即 `自誤 340` 通則所稱之「不受級聯影響之子母體」**。

  情境     暫編地號             街廓     側          off 累積S      on 累積S        Δ累積S
  0m     628-37(1)        R1     left        6.4800      6.4800     +0.0000
  0m     628(5)           R1     right       7.4500      7.4500     +0.0000
  0m     628-41(1)        R2     left        4.0600      7.4500     +3.3900
  3.5m   628-36(1)        R1     left       17.5600     17.5600     +0.0000
  3.5m   628(5)           R1     right       7.4500      7.4500     +0.0000
  3.5m   628(1)+          R4     left       68.9200     70.5000     +1.5800
  3.5m   628-45(1)+       R5     left        8.0600     11.3800     +3.3200
  3.5m   628-18(1)        R6     right       7.2200      7.2200     +0.0000
  鏈頭母體基數 ＝ 8 格（`D-3` 之判定集）

============================================================================================================================
【`§三`】二殘留之現查
============================================================================================================================
  殘-1    3.5m·R4·left `628(1)+`（街角第1宗）：68.9200 → 70.5000 ⇒ **Δ ＝ +1.5800**

  🔒 `D-2` 之全表已落檔（供 `D-1` 對位）：D_recon.json
