================================================================================================================
【補令六 序 1】取號現查（框 ＝ 標題形 ∪ 表列形·母體 ＝ 各該登記表單檔）
================================================================================================================
  自誤     主線 8677e96     相異 347 ／ MAX 354 ／ 缺號 [106]
  自誤     側支 05a11bd     相異 350 ／ MAX 357 ／ 缺號 [106]
       側支∖主線 ＝ [355, 356, 357] ／ 主線∖側支 ＝ []

  GB     主線 8677e96     相異 159 ／ MAX 161 ／ 缺號 [12, 87]
  GB     側支 05a11bd     相異 159 ／ MAX 161 ／ 缺號 [12, 87]
       側支∖主線 ＝ [] ／ 主線∖側支 ＝ []

── 意指占用（母體 ＝ 各 rev 之全倉追蹤檔·錨定框·二形並取·GB-158）──
  【主線 8677e96】母體 ＝ 1895 檔
     GB-162 〔受詢·須 0〕                  B形  0 檔／  0 列   C形  0 檔／  0 列
     GB-161 〔對照甲·須 ≥1〕                B形 37 檔／126 列   C形 33 檔／113 列
     自誤 358 〔受詢〕                      B形  0 檔／  0 列   C形  0 檔／  0 列
     自誤 357 〔?〕                       B形  0 檔／  0 列   C形  0 檔／  0 列
     自誤 356 〔?〕                       B形  0 檔／  0 列   C形  0 檔／  0 列
     自誤 355 〔?〕                       B形  0 檔／  0 列   C形  0 檔／  0 列
     自誤 354 〔對照甲·須 ≥1〕                B形  3 檔／ 14 列   C形  3 檔／ 11 列
     ⟨NEG⟩（執行期自倉掃出）                   B形  0 檔／  0 列   C形  0 檔／  0 列  〔對照乙·須 0〕

  【側支 05a11bd】母體 ＝ 1947 檔
     GB-162 〔受詢·須 0〕                  B形  0 檔／  0 列   C形  0 檔／  0 列
     GB-161 〔對照甲·須 ≥1〕                B形 39 檔／130 列   C形 35 檔／117 列
     自誤 358 〔受詢〕                      B形  0 檔／  0 列   C形  0 檔／  0 列
     自誤 357 〔?〕                       B形  3 檔／  8 列   C形  3 檔／  8 列
     自誤 356 〔?〕                       B形  3 檔／  6 列   C形  3 檔／  6 列
     自誤 355 〔?〕                       B形  3 檔／  9 列   C形  3 檔／  9 列
     自誤 354 〔對照甲·須 ≥1〕                B形  4 檔／ 15 列   C形  4 檔／ 12 列
     ⟨NEG⟩（執行期自倉掃出）                   B形  0 檔／  0 列   C形  0 檔／  0 列  〔對照乙·須 0〕

