====================================================================================================================================
## `§S`　款 `1`（賦值鏈·碼面端）／款 `5`（捨入）之**靜態現查**
====================================================================================================================================
   🔒 **母體正面列舉** ＝ `app.py`／`verify/stepg_pipeline.py`／`verify/run_verification.py`／`verify/selection_pipeline.py`（**四檔**）

   | # | 錨（逐字·`grep -F`） | 檔 | 命中 | 判 | 該處逐字 |
   |---|---|---|---|---|---|
   | `1` | `_l_min = _row_for_buffer.get('【左】街角最小面積(㎡)')` | `verify/stepg_pipeline.py` | **1** | ✅ 唯一 | `verify/stepg_pipeline.py:656` |
   | `2` | `float(_l_min), 'left', _label=blk_label)` | `verify/stepg_pipeline.py` | **1** | ✅ 唯一 | `verify/stepg_pipeline.py:661` |
   | `3` | `"【左】街角最小面積(㎡)": (rng("left") if has_l else None),` | `verify/run_verification.py` | **1** | ✅ 唯一 | `verify/run_verification.py:261` |
   | `4` | `return round(float(r.area), 2) if r is not None else None` | `verify/run_verification.py` | **1** | ✅ 唯一 | `verify/run_verification.py:250` |
   | `5` | `_left_min = round(float(_rng_cr.area), 2)` | `app.py` | **1** | ✅ 唯一 | `app.py:20439` |
   | `6` | `'【左】街角最小面積(㎡)': _left_min,` | `app.py` | **1** | ✅ 唯一 | `app.py:20467` |
   🔑 **判別力自檢**（寬字樣·須 `> 1` ⇒ 該檢⛔ 恆為 `1`）：
       寬字樣 `街角最小面積` @ `verify/run_verification.py` ⇒ **3** 列
       寬字樣 `街角最小面積` @ `app.py` ⇒ **10** 列
       寬字樣 `round(` @ `verify/run_verification.py` ⇒ **32** 列

   🔒 **款 `5` 之判：`range_area` 之產生式<u>含捨入</u>**——二產生處逐字皆為 `round(float(<poly>.area), 2)`（**位數 ＝ `2`**）：
       `verify/run_verification.py` 之 `def rng(which)` 內 `return round(float(r.area), 2) …`
       `app.py` 之 `_left_min = round(float(_rng_cr.area), 2)`／`_right_min = round(float(_rng_cr.area), 2)`
   🛑 **⛔ 書「查無」**——本項為**有**，其母體（四檔）與字樣已逐項列舉於上。

====================================================================================================================================
## `§M`（`SB = 0.0`）　款 `1`–`3`／`6`
====================================================================================================================================
   `run_step_g` 之終局 ＝ （未拋）｜`corner_range_polys` 鍵 ＝ 8 個
   `forced` 格 ＝ **1**（R4/left）

────────────────────────────────────────────────────────────────────────────────────────────────────────────────────────────────────
### `R4`／`left`＠`SB = 0.0`
  **閘 `(i)`**（第 `1` 次執行）`corner_range_polys[('R4', 'left')]` **`is`** `_build_corner_range_v3` 之回傳 ⇒ **True**
  **款 `1`**　`range_area` **實參之當場值**（`repr` 全位）＝ `116.08`
      其**直接來源欄**（參數表·當場列）`【左】街角最小面積(㎡)` ＝ `116.08`（與實參相等 ＝ **True**）
  **款 `2`**　`corner_range_polys[('R4', 'left')].area`（`repr` 全位）＝ `116.07949125015402`
  🔑 **款 `3`**　`range_area − area(poly)` ＝ `0.0005087498459772632`（含正負號·`repr` 全位）
  **閘 `(ii)`**（第 `1` 次執行）帶之**重建**（**當場之** `allocation_dir`／`buf`）：面積 `116.08000000450889`／`range_area` `116.08`／`|Δ|` `4.508891038312868e-09`（`tol` `0.01`）⇒ ✅
  **閘 `(iii)`**（第 `1` 次執行·＝ 款 `6` [必為零]）同一多邊形之面積與其自身之差 ＝ `0.0` ⇒ ✅
  **款 `6` [必非零]**　**現行** `buf` 所生之帶（**重建**·⛔ 設計驗算）與規定範圍之對稱差 ＝ `13.055879754480518`（`甲∖乙` `6.5281919472685885`／`乙∖甲` `6.527687807211929`）⇒ ✅ > 0

====================================================================================================================================
## `§M`（`SB = 3.5`）　款 `1`–`3`／`6`
====================================================================================================================================
   `run_step_g` 之終局 ＝ （未拋）｜`corner_range_polys` 鍵 ＝ 8 個
   `forced` 格 ＝ **2**（R2/left、R4/left）

────────────────────────────────────────────────────────────────────────────────────────────────────────────────────────────────────
### `R2`／`left`＠`SB = 3.5`
  **閘 `(i)`**（第 `2` 次執行）`corner_range_polys[('R2', 'left')]` **`is`** `_build_corner_range_v3` 之回傳 ⇒ **True**
  **款 `1`**　`range_area` **實參之當場值**（`repr` 全位）＝ `308.17`
      其**直接來源欄**（參數表·當場列）`【左】街角最小面積(㎡)` ＝ `308.17`（與實參相等 ＝ **True**）
  **款 `2`**　`corner_range_polys[('R2', 'left')].area`（`repr` 全位）＝ `308.1653997358061`
  🔑 **款 `3`**　`range_area − area(poly)` ＝ `0.004600264193925341`（含正負號·`repr` 全位）
  **閘 `(ii)`**（第 `2` 次執行）帶之**重建**（**當場之** `allocation_dir`／`buf`）：面積 `308.1699999967815`／`range_area` `308.17`／`|Δ|` `3.2185312193178106e-09`（`tol` `0.01`）⇒ ✅
  **閘 `(iii)`**（第 `2` 次執行·＝ 款 `6` [必為零]）同一多邊形之面積與其自身之差 ＝ `0.0` ⇒ ✅
  **款 `6` [必非零]**　**現行** `buf` 所生之帶（**重建**·⛔ 設計驗算）與規定範圍之對稱差 ＝ `38.06818855324997`（`甲∖乙` `19.036394407279545`／`乙∖甲` `19.031794145970423`）⇒ ✅ > 0

────────────────────────────────────────────────────────────────────────────────────────────────────────────────────────────────────
### `R4`／`left`＠`SB = 3.5`
  **閘 `(i)`**（第 `3` 次執行）`corner_range_polys[('R4', 'left')]` **`is`** `_build_corner_range_v3` 之回傳 ⇒ **True**
  **款 `1`**　`range_area` **實參之當場值**（`repr` 全位）＝ `226.01`
      其**直接來源欄**（參數表·當場列）`【左】街角最小面積(㎡)` ＝ `226.01`（與實參相等 ＝ **True**）
  **款 `2`**　`corner_range_polys[('R4', 'left')].area`（`repr` 全位）＝ `226.00643589362406`
  🔑 **款 `3`**　`range_area − area(poly)` ＝ `0.0035641063759328517`（含正負號·`repr` 全位）
  **閘 `(ii)`**（第 `3` 次執行）帶之**重建**（**當場之** `allocation_dir`／`buf`）：面積 `226.0099999990639`／`range_area` `226.01`／`|Δ|` `9.360974217997864e-10`（`tol` `0.01`）⇒ ✅
  **閘 `(iii)`**（第 `3` 次執行·＝ 款 `6` [必為零]）同一多邊形之面積與其自身之差 ＝ `0.0` ⇒ ✅
  **款 `6` [必非零]**　**現行** `buf` 所生之帶（**重建**·⛔ 設計驗算）與規定範圍之對稱差 ＝ `13.05518976183967`（`甲∖乙` `6.529376933853159`／`乙∖甲` `6.525812827986511`）⇒ ✅ > 0

====================================================================================================================================
## 總表（款 `1`–`3`·`repr` 全位）
====================================================================================================================================
   | `SB` | 格 | 款 `1` `range_area`（實參） | 款 `2` `area(poly)`（實算） | 🔑 款 `3` **逐位差** | 款 `6`[必非零] 現行帶之對稱差 | 閘 `(iii)`[必為零] |
   |---|---|---|---|---|---|---|
   | `0.0` | `R4/left` | `116.08` | `116.07949125015402` | **`0.0005087498459772632`** | `13.055879754480518` | `0.0` |
   | `3.5` | `R2/left` | `308.17` | `308.1653997358061` | **`0.004600264193925341`** | `38.06818855324997` | `0.0` |
   | `3.5` | `R4/left` | `226.01` | `226.00643589362406` | **`0.0035641063759328517`** | `13.05518976183967` | `0.0` |

====================================================================================================================================
## 🛑 款 `4`：**單內互斥 ⇒ 依 `常規二` 取保守項**（⛔ 跑設計驗算）
====================================================================================================================================
   `§三-2` 款 `4` 令「路丙之對稱差（**當場重得**·⛔ 轉引）」；
   而重得路丙之帶須以**假設之輸入**（`_first_corner_alloc_dir(side_mid)` 取代當場之 `allocation_dir`）複算，
   依 `W-G.9-292 §三-2` 之界定**即設計驗算**；而 `§六` 逐字：「⛔ 驅動生產路徑之替身（本批**⛔ 含設計驗算**）」。
   ⇒ 依 `常規二` **取保守項**（遵 `§六` 之禁）：本器**⛔ 跑設計驗算**，
      **款 `4` 之逐格比值 ⇒ 🟡 不可得（loud）**；其互斥已逐字回報。
   🛑 **「不可得」⛔ 等同「比值為零」或「款 `4` 已辦」**（`序 11` 之一般化 款 `三`）。

====================================================================================================================================
## 🔒 自我驗證閘之**執行次數**（⛔ 以 `rc = 0` 充其已跑）
====================================================================================================================================
   閘 `(i)` ⇒ **3** 次
   閘 `(ii)` ⇒ **3** 次
   閘 `(iii)` ⇒ **3** 次

🛑 **出艙即止**：⛔ 判殘差之成因、⛔ 訂任何取代之準據界、⛔ 判路丙成立與否、⛔ 擬路丁、
   ⛔ 改碼一字、⛔ 開分支、⛔ 動用 KL 之放行、⛔ 鑄任何號、⛔ 解除或收窄 `GB-170`、⛔ 呈 KL。
====================================================================================================================================
