====================================================================================================
【`W-G.9-270` 補令五 `§二-B` 款 `2`】**翻梯之戶之具名**（值空間定位·⛔ commit 空間）
====================================================================================================
🛑 ⛔ 歸因、⛔ 提處置——照實出艙即止（補令五 `§七` 款 `7`）。

── 情境 `退縮 0m` ──────────────────────────────────────────────────────────────────────────────────────
   母體：舊態 33 戶 ／ 現態 33 戶 ／ 交集 33 ／ 僅舊 （無） ／ 僅現 （無）
   `tiers`：舊 {"0": 13, "1": 7, "—": 8, "2": 3, "3": 2} ／ 現 {"0": 11, "1": 9, "—": 8, "2": 3, "3": 2}
   `flagged_ct`：舊 31 ／ 現 18
   `mina_qu`：舊 115.85 ／ 現 115.88

   **翻梯之戶 ＝ 2 戶**
   | 歸戶 | 舊梯 | 現梯 | 舊宗數→現宗數 | 舊 ΣG_戶→現 ΣG_戶 | 舊旗標→現旗標 | 舊宗清單 → 現宗清單 |
   |---|---|---|---|---|---|---|
   | `G010` | `0` | `1` | 2→1 | 294.14→285.56 | 1→0 | `628-40(1);628-43(1)` → `628-40(1)+` |
   | `G017` | `0` | `1` | 6→2 | 1848.23→1848.93 | 2→0 | `628-22(1);628-22(2);628-21(1);628-21(2);628-23(1);628-23(2)` → `628-21(2)+;628-23(1)+` |

   款 `2` 之判準：戶數 ＝ `2`？ **True**（實 2）／方向 ＝ `0 → 1`？ **True**（實 ['0→1']）

── 情境 `退縮 3.5m` ────────────────────────────────────────────────────────────────────────────────────
   母體：舊態 33 戶 ／ 現態 33 戶 ／ 交集 33 ／ 僅舊 （無） ／ 僅現 （無）
   `tiers`：舊 {"0": 13, "1": 7, "—": 8, "2": 3, "3": 2} ／ 現 {"0": 11, "1": 9, "—": 8, "2": 3, "3": 2}
   `flagged_ct`：舊 31 ／ 現 20
   `mina_qu`：舊 115.85 ／ 現 115.88

   **翻梯之戶 ＝ 2 戶**
   | 歸戶 | 舊梯 | 現梯 | 舊宗數→現宗數 | 舊 ΣG_戶→現 ΣG_戶 | 舊旗標→現旗標 | 舊宗清單 → 現宗清單 |
   |---|---|---|---|---|---|---|
   | `G010` | `0` | `1` | 2→1 | 299.54→299.51 | 1→0 | `628-40(1);628-43(1)` → `628-40(1)+` |
   | `G017` | `0` | `1` | 6→2 | 1848.37→1848.93 | 2→0 | `628-22(1);628-22(2);628-21(1);628-21(2);628-23(1);628-23(2)` → `628-21(2)+;628-23(1)+` |

   款 `2` 之判準：戶數 ＝ `2`？ **True**（實 2）／方向 ＝ `0 → 1`？ **True**（實 ['0→1']）

── 全戶梯次對拍（二情境·⛔ 只列翻者） ──────────────────────────────────────────────────────────────────────────────
   [0m] 逐戶相同 31 ／ 相異 2 ／ 合計 33
   [3.5m] 逐戶相同 31 ／ 相異 2 ／ 合計 33

── 旗標（`含旗標宗數`）之逐戶差（款 `3` 路 `(c)` 之材料·🛑 ⛔ 歸因） ───────────────────────────────────────────────────────
   [0m] 旗標數相異之戶 ＝ 9 ／ Σ舊 31 → Σ現 18
     · `G006`  4 → 1
     · `G007`  3 → 1
     · `G009`  4 → 3
     · `G010`  1 → 0
     · `G011`  2 → 1
     · `G014`  2 → 1
     · `G017`  2 → 0
     · `G025`  2 → 1
     · `G030`  2 → 1
   [3.5m] 旗標數相異之戶 ＝ 7 ／ Σ舊 31 → Σ現 20
     · `G006`  4 → 1
     · `G007`  3 → 1
     · `G009`  4 → 3
     · `G010`  1 → 0
     · `G014`  2 → 1
     · `G017`  2 → 0
     · `G025`  2 → 1
