態 ＝ c02d593499671fd9abb4ef8f800e9db5098ba8b3

【一】定義列式（**實體占用**·母體 ＝ 各該登記表單檔）
  自誤：相異 312 ／ MAX 332 ／ 333-339 之實體命中 ＝ 無
  GB  ：相異 80 ／ MAX 156 ／ 157 之實體命中 ＝ 無
  🔒 對照組（須有）：自誤 332 ∈ 集合 ＝ True ／ GB-156 ∈ 集合 ＝ True

【二】裸框命中之**逐筆歸類**（母體 ＝ 全倉 .md 658 檔）
  GB-157     命中  6 列／其中**第三方** 4 列 🔴
      🔴 docs/reports/W-G.9-267R_三裁登記與GB156與逐街廓口徑.md:303  | `GB-157` 之命中（`V-d`）| **`0`** ✅（`MAX` ＝ `156` ⇒ `157` 不存在）|
      🔴 docs/reports/W-G.9-267R_三裁登記與GB156與逐街廓口徑.md:306  | 對照乙（次一號）`GB-157` | `0` 列 ✅ |
      🔴 docs/reports/W-G.9-267R_三裁登記與GB156與逐街廓口徑.md:408  > **判別力（證此檢⛔ 恆綠）**：人造插入 `` ### \`GB-157\` 人造 `` ⇒ `GB` 式B 差集得 `[157]`（非空）✅。
      🔴 docs/reports/W-G.9-267R_三裁登記與GB156與逐街廓口徑.md:737  判別力三反例（`` ## `VR-001`　反例 ``／`` ### `GB-157` 反例 ``／`## 🔒 K-9-30　反例`）**皆被對應框咬中** ✅。
  自誤 333     命中  5 列／其中**第三方** 1 列 🔴
      🔴 docs/reports/W-G.9-267R_三裁登記與GB156與逐街廓口徑.md:425  `自誤 333` 命中 **`0`** ✅（`V-g`）；落地後 **`325`／`332`／`[106]`** ✅（＝ `V-g` 所令之值）。
  自誤 334     命中  8 列／其中**第三方** 0 列 🟢
  自誤 335     命中  3 列／其中**第三方** 0 列 🟢
  自誤 336     命中  3 列／其中**第三方** 0 列 🟢
  自誤 337     命中  2 列／其中**第三方** 0 列 🟢
  自誤 338     命中  2 列／其中**第三方** 0 列 🟢
  自誤 339     命中  2 列／其中**第三方** 0 列 🟢

🔒 **歸類之準**：`OWN`（本單族 8 檔）內之命中 ＝ 〔授權〕或〔本單之產物〕⇒ 依 `常規四（七）` 補款 ②〔計算式／引用／對照表〕與『零對照之出艙⛔ 構成意指占用』**⛔ 構成占用**。
