======================================================================================================================
【`W-G.9-270` `p1`】`GB-163`：`P-3` 判定集**擴至全部留存宗**
======================================================================================================================
🔒 真相源 ＝ 生產碼 `_k923_touch_len`（`app.py`）｜輸入以**間諜法**取自 `ns['_lot_gate']`
🔒 ⛔ 自 `驗_B_臨正街`／`驗_B_臨屁股` 欄取（該二欄正為 `—` 之來源·單 `§二-1`）

──────────────────────────────────────────────────────────────────────────────────────────────────────────────────────
【情境 `退縮 0m`】
──────────────────────────────────────────────────────────────────────────────────────────────────────────────────────
🔒 間諜所錄 `_lot_gate` 呼叫 ＝ **91** 次（**⛔ 母體**——含被 `K-9-17` 剔除者 ⋀ 二呼叫點之重複）
🔒 **母體 ＝ 留存宗** ＝ `to_csv_like(g_rows)` ＝ **56** 列（靜默丟列 0 ⇒ ✅）
🔒 二線之實參（間諜法自 `blk_ctx` 取·⛔ 器內重導）＝ **11** 組 `(街廓, 側)`：R1·left／R1·right／R2·left／R2·right／R3·left／R3·right／R4·left／R5·left／R5·right／R6·left／R6·right
   🔑 **街廓級之驗**：可比之左右對 **5** 組 ⇒ 逐位相同 ✅（⇒ 二線係街廓級·抵費地得用同一線量之）
      判別力：`repr` 比對之非恆真 ⇒ 對一人造之擾動須轉紅——實測 `R1` 之線加 `+1.0` ⇒ 相異 ✅
🔒 歸戶之取：✅ 自 `got_W-D.4_清單_退縮0m.csv` 取得 `宗清單`→`歸戶鍵Gxxx` 映射 **43** 筆（非空列 33／33）

   ── `§二-2` **自我驗證閘（硬）**：於第一關**已評估**之宗，新器須與既有欄逐位相同 ──
      🔒 容差之具名：既有欄經 `_n6` ＝ `round(x, 6)` ⇒ 比較端取 `round(mine, 6)`，判準 ＝ **相等**（容差 `0`·⛔ 放寬）
      判定集（第一關已評估者）＝ **6** 宗
      宗                  既有 臨正街           既有 臨屁股           新器 臨正街           新器 臨屁股           逐位
      628-35(2)          17.932855        18.257042        17.932855        18.257042        ✅
      628-34(3)          2.396449         2.798839         2.396449         2.798839         ✅
      628-40(1)+         8.062513         4.675117         8.062513         4.675117         ✅
      628-53(1)          0.00787          0.007858         0.00787          0.007858         ✅
      628-7(2)           7.018238         3.682397         7.018238         3.682397         ✅
      628-42(2)          0.32309          3.704416         0.32309          3.704416         ✅
      ⇒ **6／6 逐位相同** ✅ ⇒ 新器之量與第一關**同源可比**

   ── `§二-3` **判別力二造**（二造同色 ⇒ 閘失能·停機）──
      造甲［二者皆 `> 0`·取實宗 `628-37(1)`＠`R1·left`］⇒ 臨正街 2.813767217 ／ 臨屁股 6.481421062 ⇒ 🟢 綠
      造乙［同宗沿 FRONTLINE **法向**平移 `+1000 m`］⇒ 臨正街 0.000000000 ／ 臨屁股 0.000000000 ⇒ 🔴 紅
      ⇒ **器非紅**（一造綠、一造紅 ⇒ 本判⛔ 恆綠亦⛔ 恆紅）✅

   ── `§二-4` **三分類**（三者和須 ＝ 留存宗數）──
      留存宗數（＝ `g_rows` 之列數）＝ **56**
      成立 **55** ／ 不成立 **1** ／ ⛔ 可量 **0**   ⇒ 和 ＝ **56** ✅ ＝ 留存宗數
      🔑 **判定集基數 ＝ 56／56**（＝ 成立 ＋ 不成立·⛔ 含「⛔ 可量」）

      ── 二類分列（🛑 「抵費地是否落於 `P-3` 之受詞內」＝ **域問題**·⛔ CC 自裁）──
      配地宗      母體 43   ｜ 成立 43   不成立 0    ⛔ 可量 0    ｜ 判定集 43／43
      抵費地      母體 13   ｜ 成立 12   不成立 1    ⛔ 可量 0    ｜ 判定集 13／13

      ── **不成立者逐宗具名**（地號 ⋀ 歸戶·單 `§二-4` 明令）──
      街廓     側       暫編地號                 歸戶         臨正街(m)             臨屁股(m)            
      R1     抵費地     R1-抵費地-2             ⛔ 可得       0.000000000        0.002011201       

──────────────────────────────────────────────────────────────────────────────────────────────────────────────────────
【情境 `退縮 3.5m`】
──────────────────────────────────────────────────────────────────────────────────────────────────────────────────────
🔒 間諜所錄 `_lot_gate` 呼叫 ＝ **91** 次（**⛔ 母體**——含被 `K-9-17` 剔除者 ⋀ 二呼叫點之重複）
🔒 **母體 ＝ 留存宗** ＝ `to_csv_like(g_rows)` ＝ **59** 列（靜默丟列 0 ⇒ ✅）
🔒 二線之實參（間諜法自 `blk_ctx` 取·⛔ 器內重導）＝ **11** 組 `(街廓, 側)`：R1·left／R1·right／R2·left／R2·right／R3·left／R3·right／R4·left／R5·left／R5·right／R6·left／R6·right
   🔑 **街廓級之驗**：可比之左右對 **5** 組 ⇒ 逐位相同 ✅（⇒ 二線係街廓級·抵費地得用同一線量之）
      判別力：`repr` 比對之非恆真 ⇒ 對一人造之擾動須轉紅——實測 `R1` 之線加 `+1.0` ⇒ 相異 ✅
🔒 歸戶之取：✅ 自 `got_W-D.4_清單_退縮3.5m.csv` 取得 `宗清單`→`歸戶鍵Gxxx` 映射 **45** 筆（非空列 33／33）

   ── `§二-2` **自我驗證閘（硬）**：於第一關**已評估**之宗，新器須與既有欄逐位相同 ──
      🔒 容差之具名：既有欄經 `_n6` ＝ `round(x, 6)` ⇒ 比較端取 `round(mine, 6)`，判準 ＝ **相等**（容差 `0`·⛔ 放寬）
      判定集（第一關已評估者）＝ **5** 宗
      宗                  既有 臨正街           既有 臨屁股           新器 臨正街           新器 臨屁股           逐位
      628-34(3)          2.396671         2.79906          2.396671         2.79906          ✅
      628-41(1)          4.084339         4.087351         4.084339         4.087351         ✅
      628-53(1)          0.00787          0.007858         0.00787          0.007858         ✅
      628-18(2)          6.356177         3.010982         6.356177         3.010982         ✅
      628-42(2)          0.32309          3.704416         0.32309          3.704416         ✅
      ⇒ **5／5 逐位相同** ✅ ⇒ 新器之量與第一關**同源可比**

   ── `§二-3` **判別力二造**（二造同色 ⇒ 閘失能·停機）──
      造甲［二者皆 `> 0`·取實宗 `628-36(1)`＠`R1·left`］⇒ 臨正街 13.899098443 ／ 臨屁股 17.566427694 ⇒ 🟢 綠
      造乙［同宗沿 FRONTLINE **法向**平移 `+1000 m`］⇒ 臨正街 0.000000000 ／ 臨屁股 0.000000000 ⇒ 🔴 紅
      ⇒ **器非紅**（一造綠、一造紅 ⇒ 本判⛔ 恆綠亦⛔ 恆紅）✅

   ── `§二-4` **三分類**（三者和須 ＝ 留存宗數）──
      留存宗數（＝ `g_rows` 之列數）＝ **59**
      成立 **58** ／ 不成立 **1** ／ ⛔ 可量 **0**   ⇒ 和 ＝ **59** ✅ ＝ 留存宗數
      🔑 **判定集基數 ＝ 59／59**（＝ 成立 ＋ 不成立·⛔ 含「⛔ 可量」）

      ── 二類分列（🛑 「抵費地是否落於 `P-3` 之受詞內」＝ **域問題**·⛔ CC 自裁）──
      配地宗      母體 45   ｜ 成立 45   不成立 0    ⛔ 可量 0    ｜ 判定集 45／45
      抵費地      母體 14   ｜ 成立 13   不成立 1    ⛔ 可量 0    ｜ 判定集 14／14

      ── **不成立者逐宗具名**（地號 ⋀ 歸戶·單 `§二-4` 明令）──
      街廓     側       暫編地號                 歸戶         臨正街(m)             臨屁股(m)            
      R1     抵費地     R1-抵費地-3             ⛔ 可得       0.000000000        0.002011201       

======================================================================================================================
【總結】逐情境
   情境       留存宗        成立       不成立        ⛔ 可量         自我驗證閘            判定集
   0m       56         55       1          0            6／6 ✅            56／56
   3.5m     59         58       1          0            5／5 ✅            59／59

🛑 **本器⛔ 作成 `GB-163` 之結清裁**——判定集達全部留存宗 ⋀ 不成立為 `0` 方得判其**可結清**，
   而**其結清之裁歸發單側**（單 `§二` 逐字·⛔ CC 自裁）。
