三軸：(1) 來源 commit = be69045e09dcc255f95b2393ababfe9426427f83
      (2) 母體：
          docs/rulings/K-6_街角地分配程序與可分配判準.md　299931 B / 4125 列
          verify/stepg_pipeline.py　111526 B / 1671 列
          app.py　1464014 B / 24582 列
      (3) 粒度框 = 列框

################################################################################################################
# 款 1　`K-9-5-13（二）所答` 之裁定二逐字 ＋ `K-9-5-6` 失效加註全段逐字
################################################################################################################
  框甲（有 `^` 錨）= `^### 🔒 K-9-5-13 `　⇒ 命中列 = 1
  框乙（無 `^` 錨·二數並報）= `失效加註`　⇒ 命中檔數 = 1 / 命中列數 = 3

  ── `K-9-5-13（二）所答` 之裁定二（逐字）
     [K-6_街角地分配程序與可分配判準.md:2026] > **裁定二**：「是 ⇒ 起算一律用真正的地界，那條面積換算出來的替身線在側街負擔上不再有角色。」
     [K-6_街角地分配程序與可分配判準.md:2048] 2. **起算一律用真正的地界**；「面積換算出來的替身線」**在側街負擔上不再有角色**（裁定二）。

  ── `K-9-5-6` 節內之**失效加註**全段（逐字·框 = 該加註列起至其引言塊結束）
     所屬之節 = ### 🔒 K-9-5-6 W 鏈定式：每條界線只量一次·Rw 逐宗累積（KL **追認** 2026-08-08·D-2b-4·canonical·**逐字**）
     [910]   > 🛑 **失效加註（`K-9-5-13`·KL 裁定二·2026-08-12·⛔ 上文原句一字未刪）**
     [911]   >
     [912]   > 上開「後半句」**自本批起失效**。KL 裁定二逐字：
     [913]   > 「是 ⇒ 起算一律用真正的地界，那條面積換算出來的替身線在側街負擔上不再有角色。」
     [914]   > ⇒ `forced` 時之起算**不再取「其 buffer 起算點」**（該點即「面積換算出來的替身線」）。
     [915]   > 依據見 `grep -n "^### 🔒 K-9-5-13 " 本檔`。
     ── 其**上一行**（被加註之原句·逐字·⛔ 追改）
     [909]   >

################################################################################################################
# 款 2　`left_cum_S`／`right_cum_S` 之**賦值式逐字**（框有 `^` 錨·母體 = stepg 單檔）
################################################################################################################
  框（逐字）= `^\s*left_cum_S`　⇒ **命中檔數 1 / 命中列數 4**
     [stepg_pipeline.py:776]             left_cum_S = float(_left_buffer_S)
     [stepg_pipeline.py:862]                 left_cum_S += _S_actual
     [stepg_pipeline.py:865]                 left_cum_S = _wg9268p_anchor_advance(
              |                     left_cum_S, res.get('cut_coords'), d_hat, corner_pt, allocation_dir_block)
     [stepg_pipeline.py:866]                     left_cum_S, res.get('cut_coords'), d_hat, corner_pt, allocation_dir_block)

  框（逐字）= `^\s*right_cum_S`　⇒ **命中檔數 1 / 命中列數 4**
     [stepg_pipeline.py:777]             right_cum_S = float(_right_buffer_S)
     [stepg_pipeline.py:980]                 right_cum_S += _S_actual
     [stepg_pipeline.py:983]                 right_cum_S = _wg9268p_anchor_advance(
              |                     right_cum_S, res.get('cut_coords'), d_hat_rev, end_pt, allocation_dir_block)
     [stepg_pipeline.py:984]                     right_cum_S, res.get('cut_coords'), d_hat_rev, end_pt, allocation_dir_block)


################################################################################################################
# 款 3　`_corner_buffer_S` 之**產生式逐字**：其解算之**目標量**為何
################################################################################################################
  框（無 `^` 錨·二數並報）= `_corner_buffer_S`　⇒ 命中檔數 = 2 / 命中列數 = 19
     [app.py:9332] def _corner_buffer_S(block_poly, d_hat, front_p1, allocation_dir, range_area, side,
     [app.py:9371]         raise RuntimeError(f"🔴 _corner_buffer_S[{_label}]：side 須為 'left'/'right'，得 {side!r}")
     [app.py:9376]             f"🔴 _corner_buffer_S[{_label}]：缺 allocation_dir → `_block_strip` 將退 rot90(d_hat) "
     [app.py:9380]         raise RuntimeError(f"🔴 _corner_buffer_S[{_label}]：allocation_dir 為零向量（同上·禁正交退路），停")
     [app.py:9384]         raise RuntimeError(f"🔴 _corner_buffer_S[{_label}]：d_hat 非單位向量（方位契約·須傳 FRONT p1→p2 之 +d̂），停")
     [app.py:9388]         raise RuntimeError(f"🔴 _corner_buffer_S[{_label}]：街廓 s 域不可定義（退化幾何），停")
     [app.py:9392]             f"🔴 _corner_buffer_S[{_label}·{side}]：s_max={s_max:.4f} ≤0——方位契約疑破"
     [app.py:9399]         print(f"🟡 _corner_buffer_S[{_label}·left]：s_min={s_min:.4f} <0，左帶下界夾 0 "
     [app.py:9418]             f"🔴 _corner_buffer_S[{_label}·{side}]：帶吃滿全街廓仍不足 range"
     [app.py:9433]             f"🔴 _corner_buffer_S[{_label}·{side}]：bisect 未收斂至 tol"
     [app.py:14463]     "_strip_s_range", "_corner_buffer_S",
     [app.py:14482]     #   函式置 app module 級、stepg 經 ns 取用（同 `_oblique_s_max`／`_corner_buffer_S` 先例·**禁 fork**）。
     [app.py:21896]                             # 🆕 §3（plan v3 §3·補丁九）：廢矩形近似 `range ÷ avg_depth`，改 `_corner_buffer_S`
     [app.py:21903]                                         _left_buffer_S = _corner_buffer_S(
     [app.py:21914]                                         _right_buffer_S = _corner_buffer_S(
     [stepg_pipeline.py:389]     _corner_buffer_S = ns["_corner_buffer_S"]               # §3 街角 band 幾何 bisect·side 參數化·單一真相源·#20
     [stepg_pipeline.py:653]             # 🆕 §3（plan v3 §3·補丁九）：廢矩形近似 `range ÷ avg_depth` → `_corner_buffer_S`
     [stepg_pipeline.py:659]                         _left_buffer_S = _corner_buffer_S(
     [stepg_pipeline.py:670]                         _right_buffer_S = _corner_buffer_S(

  ── `def _corner_buffer_S` 之全體（逐字·框 = 其 def 列起至次一頂層 def 前）
     框（有 `^` 錨）= `^def _corner_buffer_S` ⇒ 命中列 = 1
     [9332] def _corner_buffer_S(block_poly, d_hat, front_p1, allocation_dir, range_area, side,
     [9333]                      tol=0.01, _label=''):
     [9334]     """
     [9335]     §3 街角 forced band（plan v3 §3·補丁九）：**bisect 解 `buf` 使「真實池帶面積 == range_area」**
     [9336]     （|Δ| ≤ tol）。**全精度回傳**（N0-18a·不 round）。取代舊矩形近似 `range_area ÷ avg_depth`
     [9337]     （四處同族病灶·#20：app／stepg／wf_f1／wf_f4）。
     [9338] 
     [9339]     ── 🔴 方位契約（BLOCKED-2·**釘死·勿違**）────────────────────────────────────
     [9340]     `front_p1`／`d_hat` **一律**傳 FRONT_LINE 之 **p1** 與 **+d̂**（p1→p2 單位向量），**左右側皆同**；
     [9341]     **端之選擇只由 `side` 決定**。⚠️ **禁傳 reversed 對**（如 `wf_f4` 局部 scope 之
     [9342]     `corner = p1 + s_max·d̂`／`dh = −d̂`）——傳入後帶會整個跑到街廓**另一端**（實測 R1/R3/R6 皆落 p1 端）
     [9343]     ＝失敗考古 **#25 全額重演**。s 域對此**無法自證**（正反兩框之 (s_min,s_max) 量級相同），
     [9344]     故本契約靠**呼叫端正確**＋下列 assert 之粗篩，**不可倚賴函式自行糾正**。
     [9345] 
     [9346]     ── 帶之構造（side 參數化＝#25 之修·補丁九 約束 2）────────────────────────────
     [9347]       `side='left'`  → 帶 `s ∈ [max(s_min, 0), buf]`   ← **上界＝`buf`**（**非** `lo+buf`·BLOCKED-1）
     [9348]                         ∵ 消費端 `left_cum_S = buf` ⇒ 首宗自 `s=buf` 起 ⇒ 保留區恆為 `[s_min, buf]`
     [9349]       `side='right'` → 帶 `s ∈ [s_max − buf, s_max]`   ← step 0 後 `amp == s_max`（`_oblique_s_max`）
     [9350]     兩側語意**刻意不對稱**（左 `buf`＝絕對 s 上界／右 `buf`＝自 `s_max` 起之寬），**與消費端逐位對映**。
     [9351] 
     [9352]     ── 斜交（補丁九 約束 1·施工核已驗）──────────────────────────────────────────
     [9353]     ⚠️ **D-2b-11【a-1】交叉引用**：`_block_strip` 已加雙線形式 `n_hat_far`；本函式**未傳**該參數
     [9354]     ⇒ 走 `None` 分支 ＝ **現行單線行為·逐位不變**。⛔ 本批僅加註，未改本函式之碼。
     [9355]     s 座標與切帶一律走 `_strip_s_range`／`_block_strip`＝**∥ALLOC 斜交**（`n_hat = rot90(allocation_dir)`）；
     [9356]     **禁垂直投影**（`_strip_axis` docstring 載實測：正交式殘差 346.89㎡／93.21㎡ → 斜交後 0.0000）。
     [9357]     `allocation_dir` 缺值/零向量時 `_strip_axis`/`_block_strip` 會**退 `rot90(d_hat)` 正交近似**——
     [9358]     依約束 1「禁假設 `d̂ ⊥ â`」，本函式**不走該退路**：缺值即 **loud raise**（no-silent-fallback）。
     [9359] 
     [9360]     ── 泛用（補丁九 §二·禁本案常數）────────────────────────────────────────────
     [9361]     `range_area`（逐案由 `_build_corner_range_v3` 算）／`allocation_dir`（逐塊自該塊 ALLOC）／
     [9362]     `side`（由該塊實際側街定）**皆為參數**——碼內**無**任何本案值（309.05／43.9／「R2左R3右」等）。
     [9363]     """
     [9364]     import numpy as np
     [9365] 
     [9366]     if range_area is None or float(range_area) <= 0:
     [9367]         return 0.0                      # 無 forced（該側無強制抵費地）→ 不進 bisect
     [9368]     range_area = float(range_area)
     [9369] 
     [9370]     if side not in ('left', 'right'):
     [9371]         raise RuntimeError(f"🔴 _corner_buffer_S[{_label}]：side 須為 'left'/'right'，得 {side!r}")
     [9372] 
     [9373]     # 約束 1：禁靜默走正交退路
     [9374]     if allocation_dir is None:
     [9375]         raise RuntimeError(
     [9376]             f"🔴 _corner_buffer_S[{_label}]：缺 allocation_dir → `_block_strip` 將退 rot90(d_hat) "
     [9377]             f"正交近似（補丁九 約束 1 禁假設 d̂⊥â·本案實測偏離垂直 4–5°、殘差 7–14㎡），停")
     [9378]     _ad = np.asarray(allocation_dir, dtype=float)
     [9379]     if float(np.linalg.norm(_ad)) < 1e-9:
     [9380]         raise RuntimeError(f"🔴 _corner_buffer_S[{_label}]：allocation_dir 為零向量（同上·禁正交退路），停")
     [9381] 
     [9382]     _d = np.asarray(d_hat, dtype=float)
     [9383]     if abs(float(np.linalg.norm(_d)) - 1.0) > 1e-6:
     [9384]         raise RuntimeError(f"🔴 _corner_buffer_S[{_label}]：d_hat 非單位向量（方位契約·須傳 FRONT p1→p2 之 +d̂），停")
     [9385] 
     [9386]     _dom = _strip_s_range(block_poly, d_hat, front_p1, allocation_dir)
     [9387]     if _dom is None:
     [9388]         raise RuntimeError(f"🔴 _corner_buffer_S[{_label}]：街廓 s 域不可定義（退化幾何），停")
     [9389]     s_min, s_max = float(_dom[0]), float(_dom[1])
     [9390]     if not (s_max > 0):
     [9391]         raise RuntimeError(
     [9392]             f"🔴 _corner_buffer_S[{_label}·{side}]：s_max={s_max:.4f} ≤0——方位契約疑破"
     [9393]             f"（front_p1/d_hat 應為 FRONT p1 與 +d̂），停")
     [9394] 
     [9395]     _lo = max(s_min, 0.0)               # W-8：左帶下界夾 0·防吞 p1 楔形
     [9396]     if side == 'left' and s_min < 0:
     [9397]         # 補丁九 裁 2：`s_min<0` 段歸 §4 N0-20（末端 ALLOCLINE 半平面判別）·不歸 forced band。
     [9398]         # 中間態（§3 先於 §4 落地）為內部態·可接受；惟**禁靜默夾 0**（#18④ 未證分支）→ loud 記錄。
     [9399]         print(f"🟡 _corner_buffer_S[{_label}·left]：s_min={s_min:.4f} <0，左帶下界夾 0 "
     [9400]               f"（p1 楔形 {abs(s_min):.4f}m 段待 §4 N0-20 切出·補丁九 裁 2 中間態·非靜默吞差）")
     [9401] 
     [9402]     def _band_area(buf):
     [9403]         """真實池帶面積（∥ALLOC 斜交·與 `_pool_strips_for_block` 逐字同源之 s 區間→實帶式）。"""
     [9404]         a, b = (_lo, float(buf)) if side == 'left' else (s_max - float(buf), s_max)
     [9405]         w = b - a
     [9406]         if w <= 0:
     [9407]             return 0.0
     [9408]         bp = np.asarray(front_p1, dtype=float) + a * _d
     [9409]         _g, _ar = _block_strip(block_poly, d_hat, bp, w, allocation_dir=allocation_dir)
     [9410]         return float(_ar or 0.0)
     [9411] 
     [9412]     # bisect 區間：左＝buf 為絕對 s 上界 [lo, s_max]／右＝buf 為寬 [0, s_max−s_min]
     [9413]     b_lo, b_hi = (_lo, s_max) if side == 'left' else (0.0, s_max - s_min)
     [9414]     # **刪 f(lo)==0 前置**（恆真式·`_block_strip` 於 S≤0 即回 (None,0.0)）——#21/BLOCKED-0：恆真閘零舉證力。
     [9415]     _f_hi = _band_area(b_hi)
     [9416]     if _f_hi < range_area:
     [9417]         raise RuntimeError(
     [9418]             f"🔴 _corner_buffer_S[{_label}·{side}]：帶吃滿全街廓仍不足 range"
     [9419]             f"（f(hi)={_f_hi:.4f} < range={range_area:.4f}）——幾何前提破（range 大於可用 s 域），停")
     [9420] 
     [9421]     for _ in range(200):                # 單調遞增（reviewer 已 6 塊×兩側×4000 點復現·遞減 0）
     [9422]         mid = (b_lo + b_hi) / 2.0
     [9423]         if _band_area(mid) < range_area:
     [9424]             b_lo = mid
     [9425]         else:
     [9426]             b_hi = mid
     [9427]         if (b_hi - b_lo) < 1e-12:
     [9428]             break
     [9429]     buf = (b_lo + b_hi) / 2.0
     [9430]     _resid = abs(_band_area(buf) - range_area)
     [9431]     if _resid > float(tol):
     [9432]         raise RuntimeError(
     [9433]             f"🔴 _corner_buffer_S[{_label}·{side}]：bisect 未收斂至 tol"
     [9434]             f"（|band−range|={_resid:.6f} > {tol}），停")
     [9435]     return float(buf)                   # 全精度（N0-18a·呼叫端勿 round）
     [9436] 
     [9437] 

################################################################################################################
# 款 5　碼面**是否產生**「抵費地之實際配地多邊形」（母體與字樣**逐項正面列舉**）
################################################################################################################
  母體（**正面列舉**·三檔）：
     · app.py　24582 列
     · verify/stepg_pipeline.py　1671 列
     · verify/selection_pipeline.py　629 列
  所查之字樣（**逐項具名**·⛔ 只書「查無」）：
     · `抵費地`
     · `強制抵費地`
     · `抵費地面積`
     · `offset_poly`
     · `_off_poly`
     · `抵費地多邊形`
     · `抵費地_poly`
     · `range_poly`
     · `forced_poly`
     · `抵費地.*Polygon`
     · `指配`

  逐字樣之命中（檔數 / 列數）：
     · `抵費地               ` ⇒ 檔數 3 / 列數 192
     · `強制抵費地             ` ⇒ 檔數 2 / 列數 27
     · `抵費地面積             ` ⇒ 檔數 2 / 列數 15
     · `offset_poly       ` ⇒ 檔數 0 / 列數 0
     · `_off_poly         ` ⇒ 檔數 0 / 列數 0
     · `抵費地多邊形            ` ⇒ 檔數 0 / 列數 0
     · `抵費地_poly          ` ⇒ 檔數 0 / 列數 0
     · `range_poly        ` ⇒ 檔數 2 / 列數 16
     · `forced_poly       ` ⇒ 檔數 0 / 列數 0
     · `抵費地.*Polygon      ` ⇒ 檔數 1 / 列數 1
     · `指配                ` ⇒ 檔數 2 / 列數 30

  ── 含 `抵費地` 且含幾何字樣（`Polygon`／`poly`／`shapely`／`buffer`／`intersection`）之列：
     [app.py:20937] # 🆕 Phase B-1：寫入 forced_offset 供 Step G 雙端鎖定 + Phase C 抵費地 buffer 邏輯使用
     [app.py:21589] + "\n\n💡 強制抵費地之街角範圍將於 **Phase C（公設地調配 / 抵費地 buffer）"
     [app.py:21880] # ── 🆕 Phase C：forced_offset 預留（街角強制抵費地 buffer）──
     [app.py:21929] f"🟡 街廓 {blk_label}：強制抵費地 buffer 預留 "
     [app.py:21932] # 🆕 W-C §0.5-F.3：記錄強制街角抵費地狀態（供診斷；該 buffer 區應 render 成橘色抵費地）
     [app.py:22836] f"⚠️ Phase 8 抵費地碎片合併產生 MultiPolygon"
     [app.py:23194] # ⑦ 強制街角抵費地（§0.5-F.3：該 buffer 區應 render 成橘色抵費地；白色=漏上色）
     [app.py:23200] st.caption("該 buffer 區（街角最小面積÷D_avg）不參與分配、應顯示為橘色抵費地；"
     [app.py:23211] # 🔬 W-C 一次性唯讀診斷（白縫量 / Tier3 對照 / 抵費地重疊或縫 / forced buffer 落點）
     [app.py:23213] with st.expander("🔬 W-C 白縫診斷（唯讀：blk−lot−抵費地 gap / Tier3 / forced buffer 落點）",
  ⇒ 交集之列數 = 10
  [判別力必命中] 字樣 `def ` ⇒ 檔數 3 / 列數 366
  [判別力必為零] 人造字樣（**執行期組出**·字面⛔ 出艙）⇒ 檔數 0 / 列數 0
  ⇒ 器 非紅 ✅
################################################################################################################
