… ownership（tab1 歸戶指紋複刻，讀 匿名版 xlsx）
    重劃區地籍 53 筆｜U_LAND 64453 筆｜失敗 0｜歸戶群組 33 組
    ✅ 靶 628-18 → G005（預期 G005）
    ✅ 靶 628-45 → G007（預期 G007）
    ✅ 靶 628 → G009（預期 G009）
    ✅ 靶 628-37 → G019（預期 G019）
    ✅ 靶 628-41 → G023（預期 G023）
    ✅ 靶 628-36 → G029（預期 G029）
… parcels：temp 126 筆｜可建築 build 61 筆｜面積交叉換位 2 對
… Step G headless（0m；v3 真值財務＋結構不變量永久閘）
🟢 [配餘] 街廓 R1：幾何餘 0.0046㎡ 入抵費地（`K-9-5-7` 配餘·s∈[-0.3248,-0.0358]）——原為「非宗亦非池帶」之無主空間
[T2-DIAG] 街廓 R1｜宗數 5｜池帶 2 片｜池帶 s 寬 [35.4647  0.2890]｜池帶面積 [1175.4937  0.0046]｜Σ池 1175.4983｜覆蓋殘差 0.0000｜Σ 殘差 -0.0000｜宗-宗疊 0.0000（上界 0.6630）｜內部縫 0 帶／0.0000㎡｜退化帶 0 個｜s 域 [-0.3248,87.7155]
[Δ_i·R1·left·總量] 628-37(1)→628-35(2): W_far=6.4600／W_near=6.6200／W_start=6.4600／Δ=+0.0000／Δ_self=+0.9120／🔄方向改變
[Δ_i·R1·right·總量] 628(5)→628-34(3): W_far=7.0200／W_near=7.2300／W_start=7.0200／Δ=+0.0000／Δ_self=+1.1340／🔄方向改變　628-34(3)→628-36(1): W_far=9.6100／W_near=9.6100／W_start=9.6100／Δ=+0.0000／Δ_self=+0.0000
[Δ_i·R1·left·階段2] （無界面）
[Δ_i·R1·right·階段2] （無界面）
[Δ_i·R1·left·階段1] 628-37(1)→628-35(2): W_far=6.4600／W_near=6.6200／W_start=6.4600／Δ=+0.0000／Δ_self=+0.9120／🔄方向改變
[Δ_i·R1·right·階段1] 628(5)→628-34(3): W_far=7.0200／W_near=7.2300／W_start=7.0200／Δ=+0.0000／Δ_self=+1.1340／🔄方向改變　628-34(3)→628-36(1): W_far=9.6100／W_near=9.6100／W_start=9.6100／Δ=+0.0000／Δ_self=+0.0000
🟢 [配餘] 街廓 R2：幾何餘 152.3551㎡ 入抵費地（`K-9-5-7` 配餘·s∈[4.0554,10.8395]）——原為「非宗亦非池帶」之無主空間
[T2-DIAG] 街廓 R2｜宗數 13｜池帶 2 片｜池帶 s 寬 [37.8174  6.7842]｜池帶面積 [1682.7715  152.3551]｜Σ池 1835.1267｜覆蓋殘差 0.0000｜Σ 殘差 -0.0000｜宗-宗疊 0.0000（上界 2.6682）｜內部縫 0 帶／0.0000㎡｜退化帶 4 個（s 寬 2.67e-07, 2.42e-11, 4.24e-11, 4.23e-11）｜s 域 [0.2677,100.0274]
[Δ_i·R2·left·總量] 628-41(1)→628-40(1): W_far=4.0600／W_near=5.7400／W_start=4.0600／Δ=+0.0000／Δ_self=+10.2680／🔄方向改變　628-40(1)→628-43(1): W_far=13.7700／W_near=13.7700／W_start=13.7700／Δ=+0.0000／Δ_self=+0.0000　628-43(1)→628-30(2): W_far=13.7800／W_near=13.7800／W_start=13.7800／Δ=+0.0000／Δ_self=+0.0000　628-30(2)→628-39(1): W_far=15.7200／W_near=15.7200／W_start=15.7200／Δ=+0.0000／Δ_self=+0.0000　628-39(1)→628-31(2): W_far=20.9300／W_near=20.9300／W_start=20.9300／Δ=+0.0000／Δ_self=+0.0000
[Δ_i·R2·left·階段2] （無界面）
[Δ_i·R2·left·階段1] 628-41(1)→628-40(1): W_far=4.0600／W_near=5.7400／W_start=4.0600／Δ=+0.0000／Δ_self=+10.2680／🔄方向改變　628-40(1)→628-43(1): W_far=13.7700／W_near=13.7700／W_start=13.7700／Δ=+0.0000／Δ_self=+0.0000　628-43(1)→628-30(2): W_far=13.7800／W_near=13.7800／W_start=13.7800／Δ=+0.0000／Δ_self=+0.0000　628-30(2)→628-39(1): W_far=15.7200／W_near=15.7200／W_start=15.7200／Δ=+0.0000／Δ_self=+0.0000　628-39(1)→628-31(2): W_far=20.9300／W_near=20.9300／W_start=20.9300／Δ=+0.0000／Δ_self=+0.0000
[Δ_i·R2·right·階段1] （無界面）
🟢 [配餘] 街廓 R4：幾何餘 26.0938㎡ 入抵費地（`K-9-5-7` 配餘·s∈[3.7114,47.7107]）——原為「非宗亦非池帶」之無主空間
🟢 [配餘] 街廓 R4：幾何餘 27.4425㎡ 入抵費地（`K-9-5-7` 配餘·s∈[79.5270,84.6948]）——原為「非宗亦非池帶」之無主空間
🟢 [配餘] 街廓 R4：幾何餘 4.9632㎡ 入抵費地（`K-9-5-7` 配餘·s∈[49.5299,98.5477]）——原為「非宗亦非池帶」之無主空間
[T2-DIAG] 街廓 R4｜宗數 2｜池帶 5 片｜池帶 s 寬 [35.3260  0.1686  43.9993  5.1677  49.0178]｜池帶面積 [1169.5588  0.2988  26.0938  27.4425  4.9632]｜Σ池 1228.3571｜覆蓋殘差 0.0000｜Σ 殘差 +0.0000｜宗-宗疊 0.0000（上界 0.1656）｜內部縫 0 帶／0.0000㎡｜退化帶 0 個｜s 域 [0.1759,98.7163]
[Δ_i·R4·left·總量] （無界面）
[Δ_i·R4·right·總量] （無界面）
[Δ_i·R4·left·階段2] （無界面）
[Δ_i·R4·right·階段2] （無界面）
[Δ_i·R4·left·階段1] （無界面）
[Δ_i·R4·right·階段1] （無界面）
  🟡 [StepG0m] 部分落檔 29 列 → C:\Users\admin\AppData\Local\Temp\wg318c\verify\out\got_G值_退縮0m_partial.csv（中止街廓 'R4'）
  🟡 [StepG0m] eff_keys = []
  🟡 [StepG0m] corner_range_keys = ['R1/left', 'R1/right', 'R2/left', 'R3/right', 'R4/left', 'R4/right', 'R5/left', 'R6/right']
  🟡 [StepG0m] corner_range_areas = {'R4/left': 116.079491, 'R4/right': 111.023779, 'R6/right': 146.376462, 'R5/left': 146.5038, 'R2/left': 152.986677, 'R3/right': 153.803947, 'R1/left': 114.939693, 'R1/right': 110.676142}
… Step G headless（3.5m；v3 真值財務＋結構不變量永久閘）
🟢 [配餘] 街廓 R1：幾何餘 5.3835㎡ 入抵費地（`K-9-5-7` 配餘·s∈[17.2402,17.5649]）——原為「非宗亦非池帶」之無主空間
🟢 [配餘] 街廓 R1：幾何餘 0.0046㎡ 入抵費地（`K-9-5-7` 配餘·s∈[-0.3248,-0.0358]）——原為「非宗亦非池帶」之無主空間
[T2-DIAG] 街廓 R1｜宗數 5｜池帶 3 片｜池帶 s 寬 [35.2871  0.3247  0.2890]｜池帶面積 [1169.7082  5.3835  0.0046]｜Σ池 1175.0963｜覆蓋殘差 0.0000｜Σ 殘差 -0.0000｜宗-宗疊 0.0000（上界 0.6630）｜內部縫 0 帶／0.0000㎡｜退化帶 0 個｜s 域 [-0.3248,87.7155]
[Δ_i·R1·left·總量] （無界面）
[Δ_i·R1·right·總量] 628(5)→628-34(3): W_far=7.0200／W_near=7.2300／W_start=7.0200／Δ=+0.0000／Δ_self=+1.1340／🔄方向改變　628-34(3)→628-37(1): W_far=9.6100／W_near=9.6100／W_start=9.6100／Δ=+0.0000／Δ_self=+0.0000　628-37(1)→628-35(2): W_far=16.1200／W_near=16.1200／W_start=16.1200／Δ=+0.0000／Δ_self=+0.0000
[Δ_i·R1·left·階段2] （無界面）
[Δ_i·R1·right·階段2] （無界面）
[Δ_i·R1·left·階段1] （無界面）
[Δ_i·R1·right·階段1] 628(5)→628-34(3): W_far=7.0200／W_near=7.2300／W_start=7.0200／Δ=+0.0000／Δ_self=+1.1340／🔄方向改變　628-34(3)→628-37(1): W_far=9.6100／W_near=9.6100／W_start=9.6100／Δ=+0.0000／Δ_self=+0.0000　628-37(1)→628-35(2): W_far=16.1200／W_near=16.1200／W_start=16.1200／Δ=+0.0000／Δ_self=+0.0000
[T2-DIAG] 街廓 R2｜宗數 15｜池帶 2 片｜池帶 s 寬 [8.4283  32.9690]｜池帶面積 [308.1700  1466.2556]｜Σ池 1774.4256｜覆蓋殘差 0.0000｜Σ 殘差 -0.0000｜宗-宗疊 0.0000（上界 3.1129）｜內部縫 0 帶／0.0000㎡｜退化帶 2 個（s 寬 1.69e-10, 4.23e-11）｜s 域 [0.2677,100.0274]
[Δ_i·R2·left·總量] 628-42(1)→628-41(1): W_far=7.0900／W_near=7.0900／W_start=7.0900／Δ=+0.0000／Δ_self=+0.0000　628-41(1)→628-27(1): W_far=11.1600／W_near=11.1600／W_start=11.1600／Δ=+0.0000／Δ_self=+0.0000　628-27(1)→628-40(1): W_far=11.8200／W_near=11.8200／W_start=11.8200／Δ=+0.0000／Δ_self=+0.0000　628-40(1)→628-43(1): W_far=18.4800／W_near=18.4800／W_start=18.4800／Δ=+0.0000／Δ_self=+0.0000　628-43(1)→628-30(2): W_far=18.4800／W_near=18.4800／W_start=18.4800／Δ=+0.0000／Δ_self=+0.0000　628-30(2)→628-39(1): W_far=20.4900／W_near=20.4900／W_start=20.4900／Δ=+0.0000／Δ_self=+0.0000　628-39(1)→628-31(2): W_far=25.7600／W_near=25.7600／W_start=25.7600／Δ=+0.0000／Δ_self=+0.0000
[Δ_i·R2·left·階段2] （無界面）
[Δ_i·R2·left·階段1] 628-42(1)→628-41(1): W_far=7.0900／W_near=7.0900／W_start=7.0900／Δ=+0.0000／Δ_self=+0.0000　628-41(1)→628-27(1): W_far=11.1600／W_near=11.1600／W_start=11.1600／Δ=+0.0000／Δ_self=+0.0000　628-27(1)→628-40(1): W_far=11.8200／W_near=11.8200／W_start=11.8200／Δ=+0.0000／Δ_self=+0.0000　628-40(1)→628-43(1): W_far=18.4800／W_near=18.4800／W_start=18.4800／Δ=+0.0000／Δ_self=+0.0000　628-43(1)→628-30(2): W_far=18.4800／W_near=18.4800／W_start=18.4800／Δ=+0.0000／Δ_self=+0.0000　628-30(2)→628-39(1): W_far=20.4900／W_near=20.4900／W_start=20.4900／Δ=+0.0000／Δ_self=+0.0000　628-39(1)→628-31(2): W_far=25.7600／W_near=25.7600／W_start=25.7600／Δ=+0.0000／Δ_self=+0.0000
[Δ_i·R2·right·階段1] （無界面）
🟢 [配餘] 街廓 R4：幾何餘 26.0938㎡ 入抵費地（`K-9-5-7` 配餘·s∈[3.7114,47.7107]）——原為「非宗亦非池帶」之無主空間
🟢 [配餘] 街廓 R4：幾何餘 27.4425㎡ 入抵費地（`K-9-5-7` 配餘·s∈[79.5270,84.6948]）——原為「非宗亦非池帶」之無主空間
🟢 [配餘] 街廓 R4：幾何餘 4.9632㎡ 入抵費地（`K-9-5-7` 配餘·s∈[49.5299,98.5477]）——原為「非宗亦非池帶」之無主空間
[T2-DIAG] 街廓 R4｜宗數 2｜池帶 5 片｜池帶 s 寬 [35.3260  0.1686  43.9993  5.1677  49.0178]｜池帶面積 [1169.5588  0.2988  26.0938  27.4425  4.9632]｜Σ池 1228.3571｜覆蓋殘差 0.0000｜Σ 殘差 +0.0000｜宗-宗疊 0.0000（上界 0.1656）｜內部縫 0 帶／0.0000㎡｜退化帶 0 個｜s 域 [0.1759,98.7163]
[Δ_i·R4·left·總量] （無界面）
[Δ_i·R4·right·總量] （無界面）
[Δ_i·R4·left·階段2] （無界面）
[Δ_i·R4·right·階段2] （無界面）
[Δ_i·R4·left·階段1] （無界面）
[Δ_i·R4·right·階段1] （無界面）
  🟡 [StepG3.5m] 部分落檔 32 列 → C:\Users\admin\AppData\Local\Temp\wg318c\verify\out\got_G值_退縮3.5m_partial.csv（中止街廓 'R4'）
  🟡 [StepG3.5m] eff_keys = []
  🟡 [StepG3.5m] corner_range_keys = ['R1/left', 'R1/right', 'R2/left', 'R3/right', 'R4/left', 'R4/right', 'R5/left', 'R6/right']
  🟡 [StepG3.5m] corner_range_areas = {'R4/left': 226.006436, 'R4/right': 225.423232, 'R6/right': 299.134509, 'R5/left': 299.730991, 'R2/left': 308.1654, 'R3/right': 307.793779, 'R1/left': 226.0114, 'R1/right': 227.128484}
… v3 財務接線閘（B/C 錨・中繼錨・C 兩形等價・A 逐宗全查・雙 reverse-test）
… W-D.3 碎片幾何/分類/逐邊 CAD 對拍
🟢 [配餘] 街廓 R1：幾何餘 0.0046㎡ 入抵費地（`K-9-5-7` 配餘·s∈[-0.3248,-0.0358]）——原為「非宗亦非池帶」之無主空間
[T2-DIAG] 街廓 R1｜宗數 5｜池帶 2 片｜池帶 s 寬 [35.4647  0.2890]｜池帶面積 [1175.4937  0.0046]｜Σ池 1175.4983｜覆蓋殘差 0.0000｜Σ 殘差 -0.0000｜宗-宗疊 0.0000（上界 0.6630）｜內部縫 0 帶／0.0000㎡｜退化帶 0 個｜s 域 [-0.3248,87.7155]
[Δ_i·R1·left·總量] 628-37(1)→628-35(2): W_far=6.4600／W_near=6.6200／W_start=6.4600／Δ=+0.0000／Δ_self=+0.9120／🔄方向改變
[Δ_i·R1·right·總量] 628(5)→628-34(3): W_far=7.0200／W_near=7.2300／W_start=7.0200／Δ=+0.0000／Δ_self=+1.1340／🔄方向改變　628-34(3)→628-36(1): W_far=9.6100／W_near=9.6100／W_start=9.6100／Δ=+0.0000／Δ_self=+0.0000
[Δ_i·R1·left·階段2] （無界面）
[Δ_i·R1·right·階段2] （無界面）
[Δ_i·R1·left·階段1] 628-37(1)→628-35(2): W_far=6.4600／W_near=6.6200／W_start=6.4600／Δ=+0.0000／Δ_self=+0.9120／🔄方向改變
[Δ_i·R1·right·階段1] 628(5)→628-34(3): W_far=7.0200／W_near=7.2300／W_start=7.0200／Δ=+0.0000／Δ_self=+1.1340／🔄方向改變　628-34(3)→628-36(1): W_far=9.6100／W_near=9.6100／W_start=9.6100／Δ=+0.0000／Δ_self=+0.0000
🟢 [配餘] 街廓 R2：幾何餘 152.3551㎡ 入抵費地（`K-9-5-7` 配餘·s∈[4.0554,10.8395]）——原為「非宗亦非池帶」之無主空間
[T2-DIAG] 街廓 R2｜宗數 13｜池帶 2 片｜池帶 s 寬 [37.8174  6.7842]｜池帶面積 [1682.7715  152.3551]｜Σ池 1835.1267｜覆蓋殘差 0.0000｜Σ 殘差 -0.0000｜宗-宗疊 0.0000（上界 2.6682）｜內部縫 0 帶／0.0000㎡｜退化帶 4 個（s 寬 2.67e-07, 2.42e-11, 4.24e-11, 4.23e-11）｜s 域 [0.2677,100.0274]
[Δ_i·R2·left·總量] 628-41(1)→628-40(1): W_far=4.0600／W_near=5.7400／W_start=4.0600／Δ=+0.0000／Δ_self=+10.2680／🔄方向改變　628-40(1)→628-43(1): W_far=13.7700／W_near=13.7700／W_start=13.7700／Δ=+0.0000／Δ_self=+0.0000　628-43(1)→628-30(2): W_far=13.7800／W_near=13.7800／W_start=13.7800／Δ=+0.0000／Δ_self=+0.0000　628-30(2)→628-39(1): W_far=15.7200／W_near=15.7200／W_start=15.7200／Δ=+0.0000／Δ_self=+0.0000　628-39(1)→628-31(2): W_far=20.9300／W_near=20.9300／W_start=20.9300／Δ=+0.0000／Δ_self=+0.0000
[Δ_i·R2·left·階段2] （無界面）
[Δ_i·R2·left·階段1] 628-41(1)→628-40(1): W_far=4.0600／W_near=5.7400／W_start=4.0600／Δ=+0.0000／Δ_self=+10.2680／🔄方向改變　628-40(1)→628-43(1): W_far=13.7700／W_near=13.7700／W_start=13.7700／Δ=+0.0000／Δ_self=+0.0000　628-43(1)→628-30(2): W_far=13.7800／W_near=13.7800／W_start=13.7800／Δ=+0.0000／Δ_self=+0.0000　628-30(2)→628-39(1): W_far=15.7200／W_near=15.7200／W_start=15.7200／Δ=+0.0000／Δ_self=+0.0000　628-39(1)→628-31(2): W_far=20.9300／W_near=20.9300／W_start=20.9300／Δ=+0.0000／Δ_self=+0.0000
[Δ_i·R2·right·階段1] （無界面）
🟢 [配餘] 街廓 R4：幾何餘 26.0938㎡ 入抵費地（`K-9-5-7` 配餘·s∈[3.7114,47.7107]）——原為「非宗亦非池帶」之無主空間
🟢 [配餘] 街廓 R4：幾何餘 27.4425㎡ 入抵費地（`K-9-5-7` 配餘·s∈[79.5270,84.6948]）——原為「非宗亦非池帶」之無主空間
🟢 [配餘] 街廓 R4：幾何餘 4.9632㎡ 入抵費地（`K-9-5-7` 配餘·s∈[49.5299,98.5477]）——原為「非宗亦非池帶」之無主空間
[T2-DIAG] 街廓 R4｜宗數 2｜池帶 5 片｜池帶 s 寬 [35.3260  0.1686  43.9993  5.1677  49.0178]｜池帶面積 [1169.5588  0.2988  26.0938  27.4425  4.9632]｜Σ池 1228.3571｜覆蓋殘差 0.0000｜Σ 殘差 +0.0000｜宗-宗疊 0.0000（上界 0.1656）｜內部縫 0 帶／0.0000㎡｜退化帶 0 個｜s 域 [0.1759,98.7163]
[Δ_i·R4·left·總量] （無界面）
[Δ_i·R4·right·總量] （無界面）
[Δ_i·R4·left·階段2] （無界面）
[Δ_i·R4·right·階段2] （無界面）
[Δ_i·R4·left·階段1] （無界面）
[Δ_i·R4·right·階段1] （無界面）
… W-D.4 四梯分級清單（Gxxx 群組·31 旗標消費·遞補錨·fixture·v3 半實算）
🟢 [配餘] 街廓 R1：幾何餘 0.0046㎡ 入抵費地（`K-9-5-7` 配餘·s∈[-0.3248,-0.0358]）——原為「非宗亦非池帶」之無主空間
[T2-DIAG] 街廓 R1｜宗數 5｜池帶 2 片｜池帶 s 寬 [35.4647  0.2890]｜池帶面積 [1175.4937  0.0046]｜Σ池 1175.4983｜覆蓋殘差 0.0000｜Σ 殘差 -0.0000｜宗-宗疊 0.0000（上界 0.6630）｜內部縫 0 帶／0.0000㎡｜退化帶 0 個｜s 域 [-0.3248,87.7155]
[Δ_i·R1·left·總量] 628-37(1)→628-35(2): W_far=6.4600／W_near=6.6200／W_start=6.4600／Δ=+0.0000／Δ_self=+0.9120／🔄方向改變
[Δ_i·R1·right·總量] 628(5)→628-34(3): W_far=7.0200／W_near=7.2300／W_start=7.0200／Δ=+0.0000／Δ_self=+1.1340／🔄方向改變　628-34(3)→628-36(1): W_far=9.6100／W_near=9.6100／W_start=9.6100／Δ=+0.0000／Δ_self=+0.0000
[Δ_i·R1·left·階段2] （無界面）
[Δ_i·R1·right·階段2] （無界面）
[Δ_i·R1·left·階段1] 628-37(1)→628-35(2): W_far=6.4600／W_near=6.6200／W_start=6.4600／Δ=+0.0000／Δ_self=+0.9120／🔄方向改變
[Δ_i·R1·right·階段1] 628(5)→628-34(3): W_far=7.0200／W_near=7.2300／W_start=7.0200／Δ=+0.0000／Δ_self=+1.1340／🔄方向改變　628-34(3)→628-36(1): W_far=9.6100／W_near=9.6100／W_start=9.6100／Δ=+0.0000／Δ_self=+0.0000
🟢 [配餘] 街廓 R2：幾何餘 152.3551㎡ 入抵費地（`K-9-5-7` 配餘·s∈[4.0554,10.8395]）——原為「非宗亦非池帶」之無主空間
[T2-DIAG] 街廓 R2｜宗數 13｜池帶 2 片｜池帶 s 寬 [37.8174  6.7842]｜池帶面積 [1682.7715  152.3551]｜Σ池 1835.1267｜覆蓋殘差 0.0000｜Σ 殘差 -0.0000｜宗-宗疊 0.0000（上界 2.6682）｜內部縫 0 帶／0.0000㎡｜退化帶 4 個（s 寬 2.67e-07, 2.42e-11, 4.24e-11, 4.23e-11）｜s 域 [0.2677,100.0274]
[Δ_i·R2·left·總量] 628-41(1)→628-40(1): W_far=4.0600／W_near=5.7400／W_start=4.0600／Δ=+0.0000／Δ_self=+10.2680／🔄方向改變　628-40(1)→628-43(1): W_far=13.7700／W_near=13.7700／W_start=13.7700／Δ=+0.0000／Δ_self=+0.0000　628-43(1)→628-30(2): W_far=13.7800／W_near=13.7800／W_start=13.7800／Δ=+0.0000／Δ_self=+0.0000　628-30(2)→628-39(1): W_far=15.7200／W_near=15.7200／W_start=15.7200／Δ=+0.0000／Δ_self=+0.0000　628-39(1)→628-31(2): W_far=20.9300／W_near=20.9300／W_start=20.9300／Δ=+0.0000／Δ_self=+0.0000
[Δ_i·R2·left·階段2] （無界面）
[Δ_i·R2·left·階段1] 628-41(1)→628-40(1): W_far=4.0600／W_near=5.7400／W_start=4.0600／Δ=+0.0000／Δ_self=+10.2680／🔄方向改變　628-40(1)→628-43(1): W_far=13.7700／W_near=13.7700／W_start=13.7700／Δ=+0.0000／Δ_self=+0.0000　628-43(1)→628-30(2): W_far=13.7800／W_near=13.7800／W_start=13.7800／Δ=+0.0000／Δ_self=+0.0000　628-30(2)→628-39(1): W_far=15.7200／W_near=15.7200／W_start=15.7200／Δ=+0.0000／Δ_self=+0.0000　628-39(1)→628-31(2): W_far=20.9300／W_near=20.9300／W_start=20.9300／Δ=+0.0000／Δ_self=+0.0000
[Δ_i·R2·right·階段1] （無界面）
🟢 [配餘] 街廓 R4：幾何餘 26.0938㎡ 入抵費地（`K-9-5-7` 配餘·s∈[3.7114,47.7107]）——原為「非宗亦非池帶」之無主空間
🟢 [配餘] 街廓 R4：幾何餘 27.4425㎡ 入抵費地（`K-9-5-7` 配餘·s∈[79.5270,84.6948]）——原為「非宗亦非池帶」之無主空間
🟢 [配餘] 街廓 R4：幾何餘 4.9632㎡ 入抵費地（`K-9-5-7` 配餘·s∈[49.5299,98.5477]）——原為「非宗亦非池帶」之無主空間
[T2-DIAG] 街廓 R4｜宗數 2｜池帶 5 片｜池帶 s 寬 [35.3260  0.1686  43.9993  5.1677  49.0178]｜池帶面積 [1169.5588  0.2988  26.0938  27.4425  4.9632]｜Σ池 1228.3571｜覆蓋殘差 0.0000｜Σ 殘差 +0.0000｜宗-宗疊 0.0000（上界 0.1656）｜內部縫 0 帶／0.0000㎡｜退化帶 0 個｜s 域 [0.1759,98.7163]
[Δ_i·R4·left·總量] （無界面）
[Δ_i·R4·right·總量] （無界面）
[Δ_i·R4·left·階段2] （無界面）
[Δ_i·R4·right·階段2] （無界面）
[Δ_i·R4·left·階段1] （無界面）
[Δ_i·R4·right·階段1] （無界面）
… W-F F.0（級0/0' 合併＋梯3 釋池；trunk B 終態）
… W-F F.1（R1 楔形等 G 吞納＋前移；R3/R6 標記待 F.4）
… W-F F.2（跨街廓搬 a′ 模式一；五群 G009/G001/G021/G026/G027）
… W-F F.3（公設地調配：RD 五則①切半5/③集中30＋PF6；轉7-4 24筆）
… W-F F.4（7-4 三級調配＋7-5 批次最佳化＋終態整形＋33 群總決算；trunk E）
… W-G G.1 接線層 ctx-builder 同源（app _build_wf_ctx vs native _ctx；0m）
… W-G G.2 世代幾何曝出契約＋只寫不讀（0m）
============================================================
  🔴 FAIL  參數0m
        [參數0m] ('R1',) 欄「街廓分配深度(m)」: baseline='32.97' got=33.15
        [參數0m] ('R1',) 欄「【左】街角最小面積(㎡)」: baseline='109.79' got=114.94
        [參數0m] ('R1',) 欄「【右】街角最小面積(㎡)」: baseline='110.56' got=110.68
        [參數0m] ('R2',) 欄「街廓分配深度(m)」: baseline='43.9' got=44.47
        [參數0m] ('R2',) 欄「【左】街角最小面積(㎡)」: baseline='151.44' got=152.99
        [參數0m] ('R3',) 欄「街廓分配深度(m)」: baseline='43.64' got=44.34
        [參數0m] ('R3',) 欄「【右】街角最小面積(㎡)」: baseline='152.82' got=153.8
        [參數0m] ('R4',) 欄「街廓分配深度(m)」: baseline='32.59' got=33.11
        [參數0m] ('R4',) 欄「【右】截角(㎡)」: baseline='6.25' got=6.28
        [參數0m] ('R4',) 欄「【左】街角最小面積(㎡)」: baseline='109.2' got=116.08
        [參數0m] ('R4',) 欄「【右】街角最小面積(㎡)」: baseline='109.7' got=111.02
        [參數0m] ('R5',) 欄「街廓分配深度(m)」: baseline='45.04' got=45.71
        …（**另 2 列未顯示**·本閘違規總計 14 列）
  🔴 FAIL  參數3.5m
        [參數3.5m] ('R1',) 欄「街廓分配深度(m)」: baseline='32.97' got=33.15
        [參數3.5m] ('R1',) 欄「【左】街角最小面積(㎡)」: baseline='226.18' got=226.01
        [參數3.5m] ('R1',) 欄「【右】街角最小面積(㎡)」: baseline='226.88' got=227.13
        [參數3.5m] ('R2',) 欄「街廓分配深度(m)」: baseline='43.9' got=44.47
        [參數3.5m] ('R2',) 欄「【左】街角最小面積(㎡)」: baseline='309.05' got=308.17
        [參數3.5m] ('R3',) 欄「街廓分配深度(m)」: baseline='43.64' got=44.34
        [參數3.5m] ('R3',) 欄「【右】街角最小面積(㎡)」: baseline='308.93' got=307.79
        [參數3.5m] ('R4',) 欄「街廓分配深度(m)」: baseline='32.59' got=33.11
        [參數3.5m] ('R4',) 欄「【右】截角(㎡)」: baseline='6.25' got=6.28
        [參數3.5m] ('R4',) 欄「【左】街角最小面積(㎡)」: baseline='225.25' got=226.01
        [參數3.5m] ('R4',) 欄「【右】街角最小面積(㎡)」: baseline='225.67' got=225.42
        [參數3.5m] ('R5',) 欄「街廓分配深度(m)」: baseline='45.04' got=45.71
        …（**另 2 列未顯示**·本閘違規總計 14 列）
  ✅ PASS  -a診斷0m
  ✅ PASS  -a診斷3.5m
  ✅ PASS  ownership Gxxx 靶組（三環定理鏈）
  ✅ PASS  W-D.3 ghost 零面積不變量（8 筆全零）
  ✅ PASS  F.0-pre 15.73㎡ 歸因（公設 15.73 ＋ 可建築 13.34 = 29.07 ＝ ghost 真面積 29.09）
  🔴 FAIL  v3·診斷0m（全欄逐格·無豁免）
        [v3·診斷0m] 缺列 ('R3', '右', '628-28(1)')
        [v3·診斷0m] ('R4', '左', '628(1)') 欄「真交集(㎡)」: baseline='109.15' got=116.08
        [v3·診斷0m] ('R4', '左', '628(1)') 欄「範圍面積(㎡)」: baseline='109.2' got=116.08
        [v3·診斷0m] ('R4', '左', '628(1)') 欄「門檻(㎡)」: baseline='109.2' got=116.08
        [v3·診斷0m] ('R4', '右', '628-1(1)') 欄「真交集(㎡)」: baseline='109.65' got=111.02
        [v3·診斷0m] ('R4', '右', '628-1(1)') 欄「範圍面積(㎡)」: baseline='109.7' got=111.02
        [v3·診斷0m] ('R4', '右', '628-1(1)') 欄「門檻(㎡)」: baseline='109.7' got=111.02
        [v3·診斷0m] ('R4', '右', '628-1(1)') 欄「原位次(投影序)」: baseline='3' got=2
        [v3·診斷0m] ('R6', '右', '628-38(1)') 欄「正街角分(0.4)」: baseline='—' got=0.4
        [v3·診斷0m] ('R6', '右', '628-38(1)') 欄「側街分(0.2)」: baseline='—' got=0.1973
        [v3·診斷0m] ('R6', '右', '628-38(1)') 欄「跨占分(0.4)」: baseline='—' got=0.3529
        [v3·診斷0m] ('R6', '右', '628-38(1)') 欄「總分」: baseline='—' got=0.9502
        …（**另 92 列未顯示**·本閘違規總計 104 列）
  🔴 FAIL  率接線無串聯0m（vs v1 原錨，豁免 G估 後逐格全等）
        [無串聯0m] 缺列 ('R3', '右', '628-28(1)')
        [無串聯0m] ('R4', '左', '628(1)') 欄「真交集(㎡)」: baseline='109.15' got=116.08
        [無串聯0m] ('R4', '左', '628(1)') 欄「範圍面積(㎡)」: baseline='109.2' got=116.08
        [無串聯0m] ('R4', '左', '628(1)') 欄「門檻(㎡)」: baseline='109.2' got=116.08
        [無串聯0m] ('R4', '右', '628-1(1)') 欄「真交集(㎡)」: baseline='109.65' got=111.02
        [無串聯0m] ('R4', '右', '628-1(1)') 欄「範圍面積(㎡)」: baseline='109.7' got=111.02
        [無串聯0m] ('R4', '右', '628-1(1)') 欄「門檻(㎡)」: baseline='109.7' got=111.02
        [無串聯0m] ('R4', '右', '628-1(1)') 欄「原位次(投影序)」: baseline='3' got=2
        [無串聯0m] ('R6', '右', '628-38(1)') 欄「正街角分(0.4)」: baseline='—' got=0.4
        [無串聯0m] ('R6', '右', '628-38(1)') 欄「側街分(0.2)」: baseline='—' got=0.1973
        [無串聯0m] ('R6', '右', '628-38(1)') 欄「跨占分(0.4)」: baseline='—' got=0.3529
        [無串聯0m] ('R6', '右', '628-38(1)') 欄「總分」: baseline='—' got=0.9502
        …（**另 92 列未顯示**·本閘違規總計 104 列）
  🔴 FAIL  率接線 G估 欄變動0m 1 格（期 0·Y 波後 baseline 同源）
        實得 1 格＝值異動 0＋新候選 0＋消失候選 1
        消失候選 ('R3', '右', '628-28(1)')
  🔴 FAIL  指配0m
        [指配0m] ('R4',) 欄「【左】最小面積(㎡)」: baseline='109.2' got='116.08'
        [指配0m] ('R4',) 欄「【右】最小面積(㎡)」: baseline='109.7' got='111.02'
        [指配0m] ('R5',) 欄「【左】最小面積(㎡)」: baseline='146.93' got='146.5'
        [指配0m] ('R5',) 欄「【左】優先權指數」: baseline='0.5247' got=0.5412
        [指配0m] ('R2',) 欄「【左】最小面積(㎡)」: baseline='151.44' got='152.99'
        [指配0m] ('R2',) 欄「【左】優先權指數」: baseline='0.9309' got=0.9146
        [指配0m] ('R3',) 欄「【右】最小面積(㎡)」: baseline='152.82' got='153.8'
        [指配0m] ('R3',) 欄「【右】優先權指數」: baseline='0.5585' got=0.6031
        [指配0m] ('R1',) 欄「【左】最小面積(㎡)」: baseline='109.79' got='114.94'
        [指配0m] ('R1',) 欄「【右】最小面積(㎡)」: baseline='110.56' got='110.68'
        [指配0m] ('R1',) 欄「【右】優先權指數」: baseline='1.0' got=0.9919
  ✅ PASS  抵費地0m(應空)
  🔴 FAIL  v3·StepG0m（結構閘/看守觸發）
        [StepG0m] 🔴 結構閘 理論＝實跑 破：街廓 R4 right 側 理論@k*=87.83 ≠ 實跑(階段1)=85.41（Δ=2.425 >0.1）｜參考 ΣΔ_i=+0.000（**⛔ 未用於本式**·實測反證見碼註）｜逐界面：[Δ_i·R4·right] （無界面）
  🔴 FAIL  v3·診斷3.5m（全欄逐格·無豁免）
        [v3·診斷3.5m] ('R4', '左', '628(1)') 欄「真交集(㎡)」: baseline='224.94' got=225.76
        [v3·診斷3.5m] ('R4', '左', '628(1)') 欄「範圍面積(㎡)」: baseline='225.25' got=226.01
        [v3·診斷3.5m] ('R4', '左', '628(1)') 欄「門檻(㎡)」: baseline='225.25' got=226.01
        [v3·診斷3.5m] ('R4', '右', '628-1(1)') 欄「真交集(㎡)」: baseline='225.38' got=225.19
        [v3·診斷3.5m] ('R4', '右', '628-1(1)') 欄「範圍面積(㎡)」: baseline='225.67' got=225.42
        [v3·診斷3.5m] ('R4', '右', '628-1(1)') 欄「門檻(㎡)」: baseline='225.67' got=225.42
        [v3·診斷3.5m] ('R4', '右', '628-1(1)') 欄「原位次(投影序)」: baseline='3' got=2
        [v3·診斷3.5m] ('R6', '右', '628-38(1)') 欄「正街角分(0.4)」: baseline='—' got=0.4
        [v3·診斷3.5m] ('R6', '右', '628-38(1)') 欄「側街分(0.2)」: baseline='—' got=0.1973
        [v3·診斷3.5m] ('R6', '右', '628-38(1)') 欄「跨占分(0.4)」: baseline='—' got=0.2683
        [v3·診斷3.5m] ('R6', '右', '628-38(1)') 欄「總分」: baseline='—' got=0.8656
        [v3·診斷3.5m] ('R5', '左', '628-7(2)') 欄「真交集(㎡)」: baseline='12.8' got=4.05
        …（**另 117 列未顯示**·本閘違規總計 129 列）
  🔴 FAIL  率接線無串聯3.5m（vs v1 原錨，豁免 G估 後逐格全等）
        [無串聯3.5m] ('R4', '左', '628(1)') 欄「真交集(㎡)」: baseline='224.94' got=225.76
        [無串聯3.5m] ('R4', '左', '628(1)') 欄「範圍面積(㎡)」: baseline='225.25' got=226.01
        [無串聯3.5m] ('R4', '左', '628(1)') 欄「門檻(㎡)」: baseline='225.25' got=226.01
        [無串聯3.5m] ('R4', '右', '628-1(1)') 欄「真交集(㎡)」: baseline='225.38' got=225.19
        [無串聯3.5m] ('R4', '右', '628-1(1)') 欄「範圍面積(㎡)」: baseline='225.67' got=225.42
        [無串聯3.5m] ('R4', '右', '628-1(1)') 欄「門檻(㎡)」: baseline='225.67' got=225.42
        [無串聯3.5m] ('R4', '右', '628-1(1)') 欄「原位次(投影序)」: baseline='3' got=2
        [無串聯3.5m] ('R6', '右', '628-38(1)') 欄「正街角分(0.4)」: baseline='—' got=0.4
        [無串聯3.5m] ('R6', '右', '628-38(1)') 欄「側街分(0.2)」: baseline='—' got=0.1973
        [無串聯3.5m] ('R6', '右', '628-38(1)') 欄「跨占分(0.4)」: baseline='—' got=0.2683
        [無串聯3.5m] ('R6', '右', '628-38(1)') 欄「總分」: baseline='—' got=0.8656
        [無串聯3.5m] ('R5', '左', '628-7(2)') 欄「真交集(㎡)」: baseline='12.8' got=4.05
        …（**另 117 列未顯示**·本閘違規總計 129 列）
  ✅ PASS  率接線 G估 欄變動3.5m 0 格（期 0·Y 波後 baseline 同源）
  🔴 FAIL  指配3.5m
        [指配3.5m] ('R4',) 欄「【左】最小面積(㎡)」: baseline='225.25' got='226.01'
        [指配3.5m] ('R4',) 欄「【右】最小面積(㎡)」: baseline='225.67' got='225.42'
        [指配3.5m] ('R5',) 欄「【左】最小面積(㎡)」: baseline='300.52' got='299.73'
        [指配3.5m] ('R2',) 欄「【左】最小面積(㎡)」: baseline='309.05' got='308.17'
        [指配3.5m] ('R3',) 欄「【右】最小面積(㎡)」: baseline='308.93' got='307.79'
        [指配3.5m] ('R1',) 欄「【左】最小面積(㎡)」: baseline='226.18' got='226.01'
        [指配3.5m] ('R1',) 欄「【右】最小面積(㎡)」: baseline='226.88' got='227.13'
  🔴 FAIL  抵費地3.5m
        [抵費地3.5m] ('R5', '左') 欄「抵費地面積＝range(㎡)」: baseline='300.52' got='299.73'
        [抵費地3.5m] ('R2', '左') 欄「抵費地面積＝range(㎡)」: baseline='309.05' got='308.17'
        [抵費地3.5m] ('R3', '右') 欄「抵費地面積＝range(㎡)」: baseline='308.93' got='307.79'
  🔴 FAIL  v3·StepG3.5m（結構閘/看守觸發）
        [StepG3.5m] 🔴 結構閘 理論＝實跑 破：街廓 R4 right 側 理論@k*=87.83 ≠ 實跑(階段1)=85.41（Δ=2.425 >0.1）｜參考 ΣΔ_i=+0.000（**⛔ 未用於本式**·實測反證見碼註）｜逐界面：[Δ_i·R4·right] （無界面）
  ✅ PASS  v3 財務錨 B == 0.171043（獨立輸入現算 → 0.171043）
  ✅ PASS  v3 財務錨 C == 0.091319（加總形分母 1,643,176,255.06）
  ✅ PASS  v3 中繼錨 工程費/重劃費/費用總額 == 122324608/22717427/150053099
  ✅ PASS  v3 C 兩形等價（加總形 vs app calc_C_value 均價形）|Δ|=2.92e-10 <1e-8
  ✅ PASS  v3 A 逐宗全查（0 列＝後街廓單價/重劃前區段單價）
  🔴 FAIL  v3 財務接線閘
        [財務閘] '0m'
        Traceback (most recent call last):
  File "C:\Users\admin\AppData\Local\Temp\wg318c\verify\run_verification.py", line 785, in main
    _ctx = stepg_ctx["0m"]
           ~~~~~~~~~^^^^^^
KeyError: '0m'

  🔴 FAIL  W-D.3 碎片
        [碎片] compute 失敗：🔴 結構閘 理論＝實跑 破：街廓 R4 right 側 理論@k*=87.83 ≠ 實跑(階段1)=85.41（Δ=2.425 >0.1）｜參考 ΣΔ_i=+0.000（**⛔ 未用於本式**·實測反證見碼註）｜逐界面：[Δ_i·R4·right] （無界面）
  🔴 FAIL  W-D.4
        [W-D.4] compute 失敗：🔴 結構閘 理論＝實跑 破：街廓 R4 right 側 理論@k*=87.83 ≠ 實跑(階段1)=85.41（Δ=2.425 >0.1）｜參考 ΣΔ_i=+0.000（**⛔ 未用於本式**·實測反證見碼註）｜逐界面：[Δ_i·R4·right] （無界面）
        18c\verify\stepg_pipeline.py", line 1584, in _run_step_g_impl
    raise RuntimeError(
    ...<4 lines>...
        f"｜逐界面：{_fmt_ifaces(_sd_tag2, _ifs_c)}")
RuntimeError: 🔴 結構閘 理論＝實跑 破：街廓 R4 right 側 理論@k*=87.83 ≠ 實跑(階段1)=85.41（Δ=2.425 >0.1）｜參考 ΣΔ_i=+0.000（**⛔ 未用於本式**·實測反證見碼註）｜逐界面：[Δ_i·R4·right] （無界面）

  🔴 FAIL  W-F F.0
        [F.0] stepg_ctx[0m] 缺（trunk A 未成功？）
        Traceback (most recent call last):
  File "C:\Users\admin\AppData\Local\Temp\wg318c\verify\run_verification.py", line 994, in main
    raise RuntimeError(f"stepg_ctx[{tag}] 缺（trunk A 未成功？）")
RuntimeError: stepg_ctx[0m] 缺（trunk A 未成功？）

  🔴 FAIL  W-F F.1
        [F.1] F.0 未成功，F.1 跳過（W5 守衛）
        Traceback (most recent call last):
  File "C:\Users\admin\AppData\Local\Temp\wg318c\verify\run_verification.py", line 1071, in main
    raise RuntimeError("F.0 未成功，F.1 跳過（W5 守衛）")
RuntimeError: F.0 未成功，F.1 跳過（W5 守衛）

  🔴 FAIL  W-F F.2
        [F.2] F.0 未成功，F.2 跳過（存在性守衛）
        Traceback (most recent call last):
  File "C:\Users\admin\AppData\Local\Temp\wg318c\verify\run_verification.py", line 1122, in main
    raise RuntimeError("F.0 未成功，F.2 跳過（存在性守衛）")
RuntimeError: F.0 未成功，F.2 跳過（存在性守衛）

  🔴 FAIL  W-F F.3
        [F.3] F.2 未成功，F.3 跳過（存在性守衛）
        Traceback (most recent call last):
  File "C:\Users\admin\AppData\Local\Temp\wg318c\verify\run_verification.py", line 1188, in main
    raise RuntimeError("F.2 未成功，F.3 跳過（存在性守衛）")
RuntimeError: F.2 未成功，F.3 跳過（存在性守衛）

  🔴 FAIL  W-F F.4
        [F.4] F.3 未成功，F.4 跳過（存在性守衛）
        Traceback (most recent call last):
  File "C:\Users\admin\AppData\Local\Temp\wg318c\verify\run_verification.py", line 1255, in main
    raise RuntimeError("F.3 未成功，F.4 跳過（存在性守衛）")
RuntimeError: F.3 未成功，F.4 跳過（存在性守衛）

  🔴 FAIL  W-G G.1 接線層 ctx-builder 同源
        [G.1] '0m'
        Traceback (most recent call last):
  File "C:\Users\admin\AppData\Local\Temp\wg318c\verify\run_verification.py", line 1354, in main
    _nat = _ctx["0m"]
           ~~~~^^^^^^
KeyError: '0m'

  🔴 FAIL  W-G G.2 世代幾何曝出契約
        [G.2] 上游世代未產出：['trunkA(_ctx)', 'F.0', 'F.1', 'F.2', 'F.3', 'F.4']（0m）——G.2 係**純呈現層契約檢**，其資料前提為 v3/f0/f2/f3/E 各代皆已成功；上列世代失敗（見其自身 FAIL 列）⇒ G.2 **無從檢查**、非 G.2 自身破。修上游後本列自動恢復。
        Traceback (most recent call last):
  File "C:\Users\admin\AppData\Local\Temp\wg318c\verify\run_verification.py", line 1453, in main
    raise RuntimeError(
    ...<2 lines>...
        f"⇒ G.2 **無從檢查**、非 G.2 自身破。修上游後本列自動恢復。")
RuntimeError: 上游世代未產出：['trunkA(_ctx)', 'F.0', 'F.1', 'F.2', 'F.3', 'F.4']（0m）——G.2 係**純呈現層契約檢**，其資料前提為 v3/f0/f2/f3/E 各代皆已成功；上列世代失敗（見其自身 FAIL 列）⇒ G.2 **無從檢查**、非 G.2 自身破。修上游後本列自動恢復。

============================================================
嫌犯序：快照漏參 > dtype 1.5（法人統編 '.0'）> driver orchestration 漂移 > 引擎（勿動 app）
RESULT: FAIL
