態 ＝ `549121b27beb6a34b3a6c823af43c78e37b0c7ee`／受詞 ＝ 簿 `§三` 之 `25` 款

逐款之判：
  `a `  ② 區塊「（x）條文」形            W-G.9-308_補令一_K-9-38與K-9-39之鑄及自誤420至421與:82
  `b `  ② 區塊「（x）條文」形            W-G.9-308_補令一_K-9-38與K-9-39之鑄及自誤420至421與:83
  `c `  ② 區塊「（x）條文」形            W-G.9-308_補令一_K-9-38與K-9-39之鑄及自誤420至421與:84
  `d `  ④ 行內「本單所增（x…）」形         W-G.9-310_施工單_K-9-40之鑄與三則末端註記及自誤422.md:83
  `e `  ② 區塊「（x）條文」形            W-G.9-311_施工單_修批前置之現態診斷與自誤423_424.md:89
  `f `  ② 區塊「（x）條文」形            W-G.9-311_施工單_修批前置之現態診斷與自誤423_424.md:90
  `g `  ④ 行內「本單所增（x…）」形         W-G.9-312_施工單_步驟0二態對拍與自誤425.md:90
  `h `  ② 區塊「（x）條文」形            W-G.9-313_施工單_自誤426與312二態對拍之登記.md:82
  `i `  ② 區塊「（x）條文」形            W-G.9-313_施工單_自誤426與312二態對拍之登記.md:83
  `j `  ② 區塊「（x）條文」形            W-G.9-314_施工單_自誤427與428之鑄及恆常附款jk之立.md:96
  `k `  ② 區塊「（x）條文」形            W-G.9-314_施工單_自誤427與428之鑄及恆常附款jk之立.md:101
  `l `  ④ 行內「本單所增（x…）」形         W-G.9-315_施工單_K-9-5-12反事實之態乙驅動與自誤429.md:98
  `m `  ② 區塊「（x）條文」形            W-G.9-316_施工單_W0消費者定位與項5補測及自誤430_431.md:99
  `n `  ② 區塊「（x）條文」形            W-G.9-316_施工單_W0消費者定位與項5補測及自誤430_431.md:100
  `o `  ④ 行內「本單所增（x…）」形         W-G.9-317_施工單_K-9-41之鑄與落地前最後定位及自誤432.md:99
  `p `  ③ 攔法形                   W-G.9波_claude.ai側自誤登記.md:10659
  `q `  ③ 攔法形                   W-G.9-318_補令一_forced側之避讓與自誤434至438.md:109
  `r `  ③ 攔法形                   W-G.9-318_補令一_forced側之避讓與自誤434至438.md:114
  `s `  ③ 攔法形                   W-G.9-318_補令一_forced側之避讓與自誤434至438.md:118
  `t `  ③ 攔法形                   W-G.9-318_補令一_forced側之避讓與自誤434至438.md:122
  `u `  ③ 攔法形                   W-G.9-318_補令一_forced側之避讓與自誤434至438.md:129
  `v `  ③ 攔法形                   W-G.9波_claude.ai側自誤登記.md:10701
  `w `  ③ 攔法形                   W-G.9波_claude.ai側自誤登記.md:10727
  `x `  🔴 ⛔ 歸類                  W-G.9-318_補令四_復驗受領與恆常附款簿及自誤442.md:144
  `y `  ③ 攔法形                   W-G.9-318_補令四_復驗受領與恆常附款簿及自誤442.md:139

形之分佈：
  ① 指向形                  `0` 款  
  ② 區塊「（x）條文」形           `11` 款  a,b,c,e,f,h,i,j,k,m,n
  ③ 攔法形                  `9` 款  p,q,r,s,t,u,v,w,y
  ④ 行內「本單所增（x…）」形        `4` 款  d,g,l,o
  ⑨ 哨兵形［必為零］             `0` 款  
  🔴 ⛔ 歸類                 `1` 款  ['x']

判別力二造：
  ［必命中］形 ①〜④ 中有款者 ＝ `3` 種（須 `> 0`）⇒ ['② 區塊「（x）條文」形', '③ 攔法形', '④ 行內「本單所增（x…）」形']
  ［必為零］哨兵形之命中 ＝ `0` 款（須 `0`）
  合計 ＝ `25`（須 ＝ 受詞數 `25`）🟢
