── 所繫自誤號之機械導出 ──
  款 `a` → 自誤 420
  款 `b` → 自誤 421
  款 `c` → ⛔ 繫自誤號
  款 `d` → 自誤 422
  款 `e` → 自誤 423
  款 `f` → 自誤 424
  款 `g` → 自誤 425
  款 `h` → `W-G.9-312R` 自捕 `5`
  款 `i` → 自誤 426
  款 `j` → 自誤 427
  款 `k` → 自誤 428
  款 `l` → 自誤 429
  款 `m` → 自誤 430
  款 `n` → 自誤 431
  款 `o` → 自誤 432
  款 `p` → 自誤 433
  款 `q` → ⛔ 繫自誤號
  款 `r` → ⛔ 繫自誤號
  款 `s` → ⛔ 繫自誤號
  款 `t` → ⛔ 繫自誤號
  款 `u` → ⛔ 繫自誤號
  款 `v` → 自誤 440
  款 `w` → 自誤 441

逐字塊已落檔 ＝ verify/out/WG9318p4_clauses_verbatim.txt（91 列）
自誤 442 payload 已落檔（7 列·剝 `> ` 前綴）
  首列 ＝ ### 🩸 `自誤 442`　**待放行清單依「何者為現行碼面」而列，⛔ 依「何者動生產碼且將隨快轉落入主線」而列，致漏列一筆被取代之中間態
款 `x` 逐字已落檔：**`x`**：`append-only` 之判準⛔ 寫為二值合取（`前綴 ⋀ 嚴格增長`），須**三值化**——🟢 前綴且增長／🔵 前綴且
