# `W-G.9-318` 補令五　輕級開工閘（唯讀）
開工態 ＝ `549121b27beb6a34b3a6c823af43c78e37b0c7ee`
母體 ＝ 全倉追蹤 `.md` **`860`** 檔（讀不到 `0`）

══ 閘 `②`　號占用 ══

【受詞一】`自誤 443`
  🔒 `恆常附款 z` 之定義域列舉：自誤簿之**已鑄集**（正典框）
     基數 ＝ `432`／`MIN` ＝ `7`／`MAX` ＝ `442`／缺號 ＝ [106, 355, 356, 357]
     ⇒ `443` ∈ 定義域？ **False**（須 `False` ⇒ 可鑄）
  受詢                     `自誤 443`：B 形 `0` 列／C 形 `0` 列／聯集 `0` 列
      ⇒ 除本補令自身之產物外 ＝ **`0`** 列（須 ＝ 0）[]
  對照甲［必命中·同形族］           `自誤 442`：B 形 `18` 列／C 形 `18` 列／聯集 `18` 列
      ⇒ 除本補令自身之產物外 ＝ **`18`** 列（須 > 0）['docs/orders/W-G.9-318_補令四_復驗受領與恆常附款簿及自誤442.md:1', 'docs/orders/W-G.9-318_補令四_復驗受領與恆常附款簿及自誤442.md:44', 'docs/orders/W-G.9-318_補令四_復驗受領與恆常附款簿及自誤442.md:58']
  對照乙［必為零］：哨兵（字面⛔ 出艙）
      🔒 `z` 之自證：該值 ∈ 已鑄集？ **False**（枚舉 `432` 個成員後判·⛔ 以「執行期組出」充證）
      ⇒ 全倉命中 B 形 `0`／C 形 `0` 列（須 `0`／`0`）

【受詞二·三】`恆常附款 z` ／ `恆常附款 aa`
  🔒 `z` 之定義域列舉：本簿 `§一` 表之款名 ＝ `25` 個 ⇒ ['a', 'b', 'c', 'd', 'e', 'f', 'g', 'h', 'i', 'j', 'k', 'l', 'm', 'n', 'o', 'p', 'q', 'r', 's', 't', 'u', 'v', 'w', 'x', 'y']
     ⇒ `z` ∈ 定義域？ **False**（須 `False` ⇒ 可立）
     ⇒ `aa` ∈ 定義域？ **False**（須 `False` ⇒ 可立）
  受詢                     `恆常附款 z`：定義形之檔命中 ＝ **`0`**（須 ＝ 0）[]
  受詢                     `恆常附款 aa`：定義形之檔命中 ＝ **`0`**（須 ＝ 0）[]
  對照甲［必命中·同形族］           `恆常附款 y`：定義形之檔命中 ＝ **`4`**（須 > 0）['docs/orders/W-G.9-318_補令四_復驗受領與恆常附款簿及自誤442.md', 'docs/reports/W-G.9-318R5_補令四_復驗受領與恆常附款簿及自誤442_執行報告.md']
  對照乙［必為零］：哨兵（字面⛔ 出艙）
      🔒 `z` 之自證：該名 ∈ 定義域（含本批將立之 `z`／`aa`）？ **False**
      ⇒ 定義形之檔命中 ＝ `0`（須 `0`）

══ 閘 `③`　被追加之簿（⛔ 數他簿） ══
  自誤簿　相異 ＝ `432`／MAX ＝ `442`
  恆常附款簿　`§一` 表之款數 ＝ `25`（abcdefghijklmnopqrstuvwxy）
  🩸 **與單 `§一` 閘所載之相異**：單載「款數 `23` → `25`（增 `z`／`aa`）」，
     而本簿現有 **`25`** 款（`a`〜`y`·含補令四 `§四` 所立之 `x`／`y`）
     ⇒ 依 **恆常附款 `f`**（不符者以**列舉**為準並具名）：期末 ＝ `25` ＋ `2` ＝ **`27`**

══ 閘 `④`　append-only 之期初（**三值化**·恆常附款 `x`） ══
  W-G.9波_恆常附款登記表.md                            倉側 `26270` B／工作區 `26270` B／相同 True
  W-G.9波_claude.ai側自誤登記.md                     倉側 `936618` B／工作區 `936618` B／相同 True
  W-G.9-318_CC側換手_一.md                         倉側 `22883` B／工作區 `22883` B／相同 True
