============================================================================================================================
【`W-G.9-319` `§三`】`GB-170` 三釘紅格於現態之現查（唯讀）
============================================================================================================================
🛑 ⛔ 判其對 `GB-170` 失效條件之影響、⛔ 解除、⛔ 收窄、⛔ 提修法主張——出艙即止。

── `forced_map` 之形（當場出艙·⛔ 推定）──
   type ＝ dict；鍵數 ＝ 6
   · 'R4' → {'left_forced_offset': True, 'right_forced_offset': False, 'left_has_side': True, 'right_has_side': True, 'left_corner_min_area': 116.08, 'right_corner_min_area': 0.0}
   · 'R6' → {'left_forced_offset': False, 'right_forced_offset': False, 'left_has_side': False, 'right_has_side': True, 'left_corner_min_area': 0.0, 'right_corner_min_area': 0.0}
   · 'R5' → {'left_forced_offset': False, 'right_forced_offset': False, 'left_has_side': True, 'right_has_side': False, 'left_corner_min_area': 0.0, 'right_corner_min_area': 0.0}
   · 'R2' → {'left_forced_offset': False, 'right_forced_offset': False, 'left_has_side': True, 'right_has_side': False, 'left_corner_min_area': 0.0, 'right_corner_min_area': 0.0}
   · 'R3' → {'left_forced_offset': False, 'right_forced_offset': False, 'left_has_side': False, 'right_has_side': True, 'left_corner_min_area': 0.0, 'right_corner_min_area': 0.0}
   · 'R1' → {'left_forced_offset': False, 'right_forced_offset': False, 'left_has_side': True, 'right_has_side': True, 'left_corner_min_area': 0.0, 'right_corner_min_area': 0.0}

────────────────────────────────────────────────────────────────────────────────────────────────────────────────────────────
【格】`R4/left@0.0m`（`GB` 簿所載 `range_area` ＝ `116.08`）
────────────────────────────────────────────────────────────────────────────────────────────────────────────────────────────
  態甲：管線**達**該街廓（`g_rows` 內 `R4` 之列 ＝ `5`）
        **`left_forced_offset` ＝ True**（⇒ 🔴 **仍為強制抵費地**）／`left_corner_min_area` ＝ **116.08**
        `right_forced_offset` ＝ False（併出·⛔ 本格之受詞）
        該側 `_lot_gate` 之筆數（`街角側別` ＝ `左側` 之列）＝ **`1`**
        街角第 `1` 宗 ＝ `628(1)+`／`驗_宗序` ＝ `街角第1宗`／`G(㎡)` ＝ `2017.54`
        該街廓之**抵費地**列 ＝ `4` 筆：[('R4-抵費地-1', 0.0, '—'), ('R4-抵費地-2', 0.0, '—'), ('R4-抵費地-3', 0.0, '—'), ('R4-抵費地-4', 0.0, '—')]
  態乙：管線**達**該街廓（`g_rows` 內 `R4` 之列 ＝ `7`）
        🩸 中止（逐字）：🔴 結構閘 理論＝實跑 破：街廓 R4 right 側 理論@k*=87.72 ≠ 實跑(階段1)=88.40（Δ=0.676 >0.1）｜參考 ΣΔ_i=+0.000（**⛔ 未用於本式**·實測反證見碼註）｜逐界面：[Δ_i·R4·right] （無界面）
        **`left_forced_offset` ＝ False**（⇒ 🟢 **已⛔ 為強制抵費地**）／`left_corner_min_area` ＝ **0.0**
        `right_forced_offset` ＝ False（併出·⛔ 本格之受詞）
        該側 `_lot_gate` 之筆數（`街角側別` ＝ `左側` 之列）＝ **`1`**
        街角第 `1` 宗 ＝ `628(1)`／`驗_宗序` ＝ `街角第1宗`／`G(㎡)` ＝ `1521.05`
        該街廓之**抵費地**列 ＝ `5` 筆：[('R4-抵費地-1', 0.0, '—'), ('R4-抵費地-2', 0.0, '—'), ('R4-抵費地-3', 0.0, '—'), ('R4-抵費地-4', 0.0, '—'), ('R4-抵費地-5', 0.0, '—')]

────────────────────────────────────────────────────────────────────────────────────────────────────────────────────────────
【格】`R2/left@3.5m`（`GB` 簿所載 `range_area` ＝ `308.17`）
────────────────────────────────────────────────────────────────────────────────────────────────────────────────────────────
  態甲：管線**達**該街廓（`g_rows` 內 `R2` 之列 ＝ `16`）
        **`left_forced_offset` ＝ True**（⇒ 🔴 **仍為強制抵費地**）／`left_corner_min_area` ＝ **308.17**
        `right_forced_offset` ＝ False（併出·⛔ 本格之受詞）
        該側 `_lot_gate` 之筆數（`街角側別` ＝ `左側` 之列）＝ **`0`**
        街角第 `1` 宗 ＝ 【該側⛔ 有 `第1筆街角` ＝ `是` 之列】
        該街廓之**抵費地**列 ＝ `2` 筆：[('R2-抵費地-1', 0.0, '—'), ('R2-抵費地-2', 0.0, '—')]
  態乙：管線**達**該街廓（`g_rows` 內 `R2` 之列 ＝ `17`）
        🩸 中止（逐字）：🔴 結構閘 理論＝實跑 破：街廓 R4 right 側 理論@k*=87.72 ≠ 實跑(階段1)=88.40（Δ=0.676 >0.1）｜參考 ΣΔ_i=+0.000（**⛔ 未用於本式**·實測反證見碼註）｜逐界面：[Δ_i·R4·right] （無界面）
        **`left_forced_offset` ＝ True**（⇒ 🔴 **仍為強制抵費地**）／`left_corner_min_area` ＝ **308.17**
        `right_forced_offset` ＝ False（併出·⛔ 本格之受詞）
        該側 `_lot_gate` 之筆數（`街角側別` ＝ `左側` 之列）＝ **`0`**
        街角第 `1` 宗 ＝ 【該側⛔ 有 `第1筆街角` ＝ `是` 之列】
        該街廓之**抵費地**列 ＝ `2` 筆：[('R2-抵費地-1', 0.0, '—'), ('R2-抵費地-2', 0.0, '—')]

────────────────────────────────────────────────────────────────────────────────────────────────────────────────────────────
【格】`R4/left@3.5m`（`GB` 簿所載 `range_area` ＝ `226.01`）
────────────────────────────────────────────────────────────────────────────────────────────────────────────────────────────
  態甲：管線**達**該街廓（`g_rows` 內 `R4` 之列 ＝ `5`）
        **`left_forced_offset` ＝ True**（⇒ 🔴 **仍為強制抵費地**）／`left_corner_min_area` ＝ **226.01**
        `right_forced_offset` ＝ False（併出·⛔ 本格之受詞）
        該側 `_lot_gate` 之筆數（`街角側別` ＝ `左側` 之列）＝ **`1`**
        街角第 `1` 宗 ＝ `628(1)+`／`驗_宗序` ＝ `街角第1宗`／`G(㎡)` ＝ `2023.33`
        該街廓之**抵費地**列 ＝ `4` 筆：[('R4-抵費地-1', 0.0, '—'), ('R4-抵費地-2', 0.0, '—'), ('R4-抵費地-3', 0.0, '—'), ('R4-抵費地-4', 0.0, '—')]
  態乙：管線**達**該街廓（`g_rows` 內 `R4` 之列 ＝ `7`）
        🩸 中止（逐字）：🔴 結構閘 理論＝實跑 破：街廓 R4 right 側 理論@k*=87.72 ≠ 實跑(階段1)=88.40（Δ=0.676 >0.1）｜參考 ΣΔ_i=+0.000（**⛔ 未用於本式**·實測反證見碼註）｜逐界面：[Δ_i·R4·right] （無界面）
        **`left_forced_offset` ＝ False**（⇒ 🟢 **已⛔ 為強制抵費地**）／`left_corner_min_area` ＝ **0.0**
        `right_forced_offset` ＝ False（併出·⛔ 本格之受詞）
        該側 `_lot_gate` 之筆數（`街角側別` ＝ `左側` 之列）＝ **`1`**
        街角第 `1` 宗 ＝ `628(1)`／`驗_宗序` ＝ `街角第1宗`／`G(㎡)` ＝ `1521.05`
        該街廓之**抵費地**列 ＝ `5` 筆：[('R4-抵費地-1', 0.0, '—'), ('R4-抵費地-2', 0.0, '—'), ('R4-抵費地-3', 0.0, '—'), ('R4-抵費地-4', 0.0, '—'), ('R4-抵費地-5', 0.0, '—')]

============================================================================================================================
【判別力二造】
============================================================================================================================
[必非零] 態甲 `R4 left` 之 `forced`（`GB` 簿 `:8293` 逐字「態甲 `R4` 左 ＝ ⚠️ 強制抵費地」）
         實得 ＝ **True**（期 `True`）🟢
[必為零] **選法之具名**：候選 ＝ 態甲 `0m` 之全部 `(街廓, 側)` 對 **`12`** 個；濾去該側有 `街角地 ＝ 是` 之列者 ⇒ **非街角側 `5`** 個
         候選之列舉（前 `6`）＝ [('R2', 'right'), ('R4', 'right'), ('R6', 'left'), ('R5', 'right'), ('R3', 'left')]
         （街廓之全體 ＝ ['R1', 'R2', 'R4', 'R6', 'R5', 'R3']；其中有街角地者 ＝ ['R1', 'R2', 'R3', 'R4', 'R5', 'R6']）
         **所選（取候選之首·⛔ 以「看起來不是街角」充之）** ＝ `R2/right` ⇒ `forced` ＝ **False**
         ⇒ 期 `False`／實得 False 🟢
