# `W-G.9-318` 補令四　開工閘之量測（唯讀）
態 ＝ `bc97c9d72d1680e820872aba787ecc453fa3a509`

══ 閘 `7`　生產碼 `34` 檔之 blob 錨 ══
母體 ＝ 正面列舉 **`34`** 檔（⛔ 空 pathspec）
存在 ＝ `34`／缺 ＝ `0`  
  app.py                           8466f7493082bf84…   1465843 B
  verify/run_all.py                e5cf9a224517533b…     24681 B
  verify/run_verification.py       13e348c7dd4165eb…     99802 B
  verify/stepg_pipeline.py         866dd3cb3dc2ca7c…    111891 B
🔒 `34` 檔 blob 清單之聚合 `sha256` ＝ `e7080c4b64964b09f6711c34e078224e0199fce49ca251805b75c302816f3420`

══ 閘 `8`　四簿（**二框並報**·母體逐簿單檔）══
  自誤    ／定義框〔⛔ 併範圍框〕                相異 `418`／MIN `7`／MAX `441`／缺號 (17 個)
  自誤    ／正典框〔定義框＋範圍框〕               相異 `431`／MIN `7`／MAX `441`／缺號 [106, 355, 356, 357]
        （範圍標題命中 `9` 條）
  GB    ／標題錨定框 `^#{2,4}…GB-N`       相異 `96`／MIN `7`／MAX `171`／缺號 (69 個)
  GB    ／裸錨定框 `(?<![0-9-])GB-N(?!\d)` 相異 `176`／MIN `1`／MAX `8461`／缺號 (8285 個)
  VR    ／標題錨定框 `^#+ `?VR-N`?`       相異 `80`／MIN `14`／MAX `95`／缺號 [73, 75]
  K-9   ／標題錨定框 `^#{2,4}…K-9-N`      相異 `40`／MIN `2`／MAX `41`／缺號 []

══ 閘 `10`　取號現查（母體 ＝ **全倉追蹤 `.md`**·`常規四（七）二`）══
母體 ＝ 全倉追蹤 `.md` **`857`** 檔（讀不到 `0`）

  受詞 `自誤 442`　（受詢【須 0】）
    B 形〔`自誤 N`〕：列 `0`／檔 `0`／**除本補令自身之產物外 檔 `0`**
    C 形〔`` `自誤 N` ``〕：列 `0`／檔 `0`／**除本補令自身之產物外 檔 `0`**
    ⇒ 二形聯集：列 `0`／**除本補令自身之產物外 列 `0`**

  受詞 `自誤 441`　（對照甲【必非零】）
    B 形〔`自誤 N`〕：列 `13`／檔 `4`／**除本補令自身之產物外 檔 `4`**
    C 形〔`` `自誤 N` ``〕：列 `13`／檔 `4`／**除本補令自身之產物外 檔 `4`**
    ⇒ 二形聯集：列 `13`／**除本補令自身之產物外 列 `13`**
      · docs/orders/W-G.9-318_補令三_保全push之授權與四簿期值更正及自誤441.md:1
      · docs/orders/W-G.9-318_補令三_保全push之授權與四簿期值更正及自誤441.md:7
      · docs/orders/W-G.9-318_補令三_保全push之授權與四簿期值更正及自誤441.md:32
      · docs/orders/W-G.9-318_補令三_保全push之授權與四簿期值更正及自誤441.md:73
      · docs/orders/W-G.9-318_補令三_保全push之授權與四簿期值更正及自誤441.md:75
      · docs/reports/W-G.9-318R4_補令三_保全push之授權與四簿期值更正及自誤441_執行報告.md:1
      · docs/reports/W-G.9-318R4_補令三_保全push之授權與四簿期值更正及自誤441_執行報告.md:15
      · docs/reports/W-G.9-318R4_補令三_保全push之授權與四簿期值更正及自誤441_執行報告.md:59

  受詞 `〔哨兵·字面⛔ 出艙〕`　（對照乙【必為零·執行期組出】）
    B 形〔`自誤 N`〕：列 `0`／檔 `0`／**除本補令自身之產物外 檔 `0`**
    C 形〔`` `自誤 N` ``〕：列 `0`／檔 `0`／**除本補令自身之產物外 檔 `0`**
    ⇒ 二形聯集：列 `0`／**除本補令自身之產物外 列 `0`**

  ── 恆常附款之字母框（裁 `3` 之二形並取）──
    `a`　定義 `0`／引用 `1`
    `b`　定義 `0`／引用 `2`
    `c`　定義 `1`／引用 `0`
    `d`　定義 `1`／引用 `0`
    `e`　定義 `0`／引用 `8`
    `f`　定義 `0`／引用 `0`
    `g`　定義 `0`／引用 `5`
    `h`　定義 `0`／引用 `7`
    `i`　定義 `0`／引用 `2`
    `j`　定義 `2`／引用 `12`
    `k`　定義 `2`／引用 `3`
    `l`　定義 `2`／引用 `4`
    `m`　定義 `2`／引用 `3`
    `n`　定義 `2`／引用 `11`
    `o`　定義 `2`／引用 `7`
    `p`　定義 `2`／引用 `5`
    `q`　定義 `2`／引用 `2`
    `r`　定義 `2`／引用 `2`
    `s`　定義 `2`／引用 `2`
    `t`　定義 `2`／引用 `2`
    `u`　定義 `2`／引用 `5`
    `v`　定義 `2`／引用 `3`
    `w`　定義 `2`／引用 `7`
    `x`　定義 `0`／引用 `3`　◀ 受詢：真占用 ＝ `0`（扣**框之後設變數**引用 `3`）
    `y`　定義 `0`／引用 `0`　◀ 受詢：真占用 ＝ `0`（扣**框之後設變數**引用 `0`）
    對照乙【必為零】字母 `z`：定義 `0`／引用 `0`
    對照甲【必非零】字母 `u`：定義 `2`／引用 `5`
      · `x` 之命中 docs/reports/W-G.9-318R4_補令三_保全push之授權與四簿期值更正及自誤441_執行報告.md:86　〔框之後設變數〕
      · `x` 之命中 docs/reports/W-G.9-318_CC側換手_一.md:137　〔框之後設變數〕
      · `x` 之命中 docs/reports/W-G.9-318_CC側換手_一.md:159　〔框之後設變數〕

🔒 本器唯讀：⛔ 改任何既有檔一字。
