======================================================================================================================
【`W-G.9-318` `§五`（工項三）】落地後之二態對拍
======================================================================================================================
🔒 驅動 ＝ **四次**（`0m`／`3.5m` × 態甲／態乙）——`run_verification.py` 一次即含 `0m` ⋀ `3.5m`
   ⇒ **二次呼叫涵蓋四格**；基座二次於拋棄式 clone（`4037570`），改後二次於本工作樹（`b1141a3`）
🔒 三軸（`VR-091`）：來源 commit 逐列具名／母體 ＝ 各該 log 與 `verify/out/got_*.csv`／粒度框 ＝ **列框**（閘）·**逐宗**（土地）

──────────────────────────────────────────────────────────────────────────────────────────────────────────────────────
【`§五-2`】二結構閘之**三值判**（逐格分列·次序 ＝ `telescoping` **先**、`理論＝實跑` **後**）
──────────────────────────────────────────────────────────────────────────────────────────────────────────────────────

▍基座 4037570·態甲　｜ 到達之街廓（出現序）＝ ['R1', 'R2', 'R4', 'R6', 'R5', 'R3']
| 街廓·側 | `telescoping`（先） | `理論＝實跑`（後） |
|---|---|---|
| `R1`·left | 🟢 已執行且通過 | 🟢 已執行且通過 |
| `R1`·right | 🟢 已執行且通過 | 🟢 已執行且通過 |
| `R2`·left | 🟢 已執行且通過 | 🟢 已執行且通過 |
| `R2`·right | 🛑 未執行 | 🟢 已執行且通過 |
| `R3`·left | 🛑 未執行 | 🟢 已執行且通過 |
| `R3`·right | 🟢 已執行且通過 | 🟢 已執行且通過 |
| `R4`·left | 🟢 已執行且通過 | 🛑 未執行 |
| `R4`·right | 🟢 已執行且通過 | 🛑 未執行 |
| `R5`·left | 🟢 已執行且通過 | 🟢 已執行且通過 |
| `R5`·right | 🛑 未執行 | 🟢 已執行且通過 |
| `R6`·left | 🛑 未執行 | 🟢 已執行且通過 |
| `R6`·right | 🟢 已執行且通過 | 🟢 已執行且通過 |

▍改後 b1141a3·態甲　｜ 到達之街廓（出現序）＝ ['R1', 'R2', 'R4', 'R6', 'R5', 'R3']
| 街廓·側 | `telescoping`（先） | `理論＝實跑`（後） |
|---|---|---|
| `R1`·left | 🟢 已執行且通過 | 🟢 已執行且通過 |
| `R1`·right | 🟢 已執行且通過 | 🟢 已執行且通過 |
| `R2`·left | 🟢 已執行且通過 | 🟢 已執行且通過 |
| `R2`·right | 🛑 未執行 | 🟢 已執行且通過 |
| `R3`·left | 🛑 未執行 | 🟢 已執行且通過 |
| `R3`·right | 🟢 已執行且通過 | 🟢 已執行且通過 |
| `R4`·left | 🟢 已執行且通過 | 🛑 未執行 |
| `R4`·right | 🟢 已執行且通過 | 🛑 未執行 |
| `R5`·left | 🟢 已執行且通過 | 🟢 已執行且通過 |
| `R5`·right | 🛑 未執行 | 🟢 已執行且通過 |
| `R6`·left | 🛑 未執行 | 🟢 已執行且通過 |
| `R6`·right | 🟢 已執行且通過 | 🟢 已執行且通過 |

▍基座 4037570·態乙　｜ 到達之街廓（出現序）＝ ['R1', 'R2', 'R4']
| 街廓·側 | `telescoping`（先） | `理論＝實跑`（後） |
|---|---|---|
| `R1`·left | 🟢 已執行且通過 | 🟢 已執行且通過 |
| `R1`·right | 🟢 已執行且通過 | 🟢 已執行且通過 |
| `R2`·left | 🟢 已執行且通過 | 🟢 已執行且通過 |
| `R2`·right | 🛑 未執行 | 🟢 已執行且通過 |
| `R3`·left | 🛑 未執行 | 🛑 未執行 |
| `R3`·right | 🛑 未執行 | 🛑 未執行 |
| `R4`·left | 🟢 已執行且通過 | 🟢 已執行且通過 |
| `R4`·right | 🟢 已執行且通過 | 🔴 已執行且破 |
| `R5`·left | 🛑 未執行 | 🛑 未執行 |
| `R5`·right | 🛑 未執行 | 🛑 未執行 |
| `R6`·left | 🛑 未執行 | 🛑 未執行 |
| `R6`·right | 🛑 未執行 | 🛑 未執行 |
  🔴 `理論＝實跑` 破 ('R4', 'right') ｜逐字 ＝ RuntimeError: 🔴 結構閘 理論＝實跑 破：街廓 R4 right 側 理論@k*=87.83 ≠ 實跑(階段1)=85.41（Δ=2.425 >0.1）｜參考 ΣΔ_i=+0.000（**⛔ 未用於本式**·實測反證見碼註）｜逐界面：[Δ_i·R4·right] （無界面）

▍改後 b1141a3·態乙　｜ 到達之街廓（出現序）＝ ['R1', 'R2', 'R4']
| 街廓·側 | `telescoping`（先） | `理論＝實跑`（後） |
|---|---|---|
| `R1`·left | 🟢 已執行且通過 | 🟢 已執行且通過 |
| `R1`·right | 🟢 已執行且通過 | 🟢 已執行且通過 |
| `R2`·left | 🟢 已執行且通過 | 🟢 已執行且通過 |
| `R2`·right | 🛑 未執行 | 🟢 已執行且通過 |
| `R3`·left | 🛑 未執行 | 🛑 未執行 |
| `R3`·right | 🛑 未執行 | 🛑 未執行 |
| `R4`·left | 🟢 已執行且通過 | 🟢 已執行且通過 |
| `R4`·right | 🟢 已執行且通過 | 🔴 已執行且破 |
| `R5`·left | 🛑 未執行 | 🛑 未執行 |
| `R5`·right | 🛑 未執行 | 🛑 未執行 |
| `R6`·left | 🛑 未執行 | 🛑 未執行 |
| `R6`·right | 🛑 未執行 | 🛑 未執行 |
  🔴 `理論＝實跑` 破 ('R4', 'right') ｜逐字 ＝ RuntimeError: 🔴 結構閘 理論＝實跑 破：街廓 R4 right 側 理論@k*=87.72 ≠ 實跑(階段1)=88.40（Δ=0.676 >0.1）｜參考 ΣΔ_i=+0.000（**⛔ 未用於本式**·實測反證見碼註）｜逐界面：[Δ_i·R4·right] （無界面）

──────────────────────────────────────────────────────────────────────────────────────────────────────────────────────
【`§五-3`】土地後果（恆常附款 `o`·三款俱載）
──────────────────────────────────────────────────────────────────────────────────────────────────────────────────────
🛑 態乙之管線中止 ⇒ `got_G值_退縮*.csv` **未被改寫**（同目錄殘留前一趟態甲之檔）
   ⇒ 態乙一律取 `got_G值_退縮*_partial.csv`（本項為 CC 之**自捕**·首版曾比到殘檔）

▍態甲 ｜ 0m ｜ 受詞 ＝ `got_G值_退縮0m.csv`
  母體：改前 **56** 宗／改後 **56** 宗｜共有 **56**／只在改前 **0**／只在改後 **0**
  可比性判 ＝ **可比**
  逐宗非零差之宗數 ＝ **1**（共有 56 宗）
    · ('R4', 'left', '628(1)+')
        Rw(%)        改前 59.2200000000 → 改後 64.1000000000 ｜ Δ +4.8800000000
        G(㎡)         改前 2017.5400000000 → 改後 2016.0600000000 ｜ Δ -1.4800000000
        S(m)         改前 60.9200000000 → 改後 60.8800000000 ｜ Δ -0.0400000000
        宗地寬度(m)      改前 60.8600000000 → 改後 60.8200000000 ｜ Δ -0.0400000000
  合計 Rw(%)        **ΣΔ ＝ +4.8800000000**（帶號）｜**Σ|Δ| ＝ 4.8800000000**（絕對值）｜非零 1 宗
  合計 G(㎡)         **ΣΔ ＝ -1.4800000000**（帶號）｜**Σ|Δ| ＝ 1.4800000000**（絕對值）｜非零 1 宗
  合計 S(m)         **ΣΔ ＝ -0.0400000000**（帶號）｜**Σ|Δ| ＝ 0.0400000000**（絕對值）｜非零 1 宗
  合計 宗地寬度(m)      **ΣΔ ＝ -0.0400000000**（帶號）｜**Σ|Δ| ＝ 0.0400000000**（絕對值）｜非零 1 宗
  ── 抵費地（got_抵費地_退縮0m.csv）：改前 1 列／改後 1 列｜逐列 [(('R4', '左'), 116.08, 116.08)]
     `ΔΣ抵費地面積` **ΣΔ ＝ +0.0000000000**｜**Σ|Δ| ＝ 0.0000000000**｜非零列 0
  ── 守恆（`R4`）：ΣG 改前 2017.5400 → 改後 2016.0600 ｜ Δ -1.4800 ｜街廓面積 {'3207.87'}（未變）
     ⇒ 依守恆式 `ΣG ＋ 調配池 ＝ 街廓 DXF 面積`，調配池之變動 ＝ **+1.4800** ㎡

▍態甲 ｜ 3.5m ｜ 受詞 ＝ `got_G值_退縮3.5m.csv`
  母體：改前 **59** 宗／改後 **59** 宗｜共有 **59**／只在改前 **0**／只在改後 **0**
  可比性判 ＝ **可比**
  逐宗非零差之宗數 ＝ **1**（共有 59 宗）
    · ('R4', 'left', '628(1)+')
        Rw(%)        改前 40.0600000000 → 改後 44.1800000000 ｜ Δ +4.1200000000
        G(㎡)         改前 2023.3300000000 → 改後 2022.0800000000 ｜ Δ -1.2500000000
        S(m)         改前 61.1000000000 → 改後 61.0600000000 ｜ Δ -0.0400000000
        宗地寬度(m)      改前 61.0400000000 → 改後 61.0000000000 ｜ Δ -0.0400000000
  合計 Rw(%)        **ΣΔ ＝ +4.1200000000**（帶號）｜**Σ|Δ| ＝ 4.1200000000**（絕對值）｜非零 1 宗
  合計 G(㎡)         **ΣΔ ＝ -1.2500000000**（帶號）｜**Σ|Δ| ＝ 1.2500000000**（絕對值）｜非零 1 宗
  合計 S(m)         **ΣΔ ＝ -0.0400000000**（帶號）｜**Σ|Δ| ＝ 0.0400000000**（絕對值）｜非零 1 宗
  合計 宗地寬度(m)      **ΣΔ ＝ -0.0400000000**（帶號）｜**Σ|Δ| ＝ 0.0400000000**（絕對值）｜非零 1 宗
  ── 抵費地（got_抵費地_退縮3.5m.csv）：改前 2 列／改後 2 列｜逐列 [(('R2', '左'), 308.17, 308.17), (('R4', '左'), 226.01, 226.01)]
     `ΔΣ抵費地面積` **ΣΔ ＝ +0.0000000000**｜**Σ|Δ| ＝ 0.0000000000**｜非零列 0
  ── 守恆（`R4`）：ΣG 改前 2023.3300 → 改後 2022.0800 ｜ Δ -1.2500 ｜街廓面積 {'3207.87'}（未變）
     ⇒ 依守恆式 `ΣG ＋ 調配池 ＝ 街廓 DXF 面積`，調配池之變動 ＝ **+1.2500** ㎡

▍態乙 ｜ 0m ｜ 受詞 ＝ `got_G值_退縮0m_partial.csv`
  母體：改前 **29** 宗／改後 **29** 宗｜共有 **29**／只在改前 **0**／只在改後 **0**
  可比性判 ＝ **可比**
  逐宗非零差之宗數 ＝ **1**（共有 29 宗）
    · ('R4', 'right', '628-1(1)')
        Rw(%)        改前 85.4100000000 → 改後 88.4000000000 ｜ Δ +2.9900000000
        G(㎡)         改前 458.4700000000 → 改後 457.5700000000 ｜ Δ -0.9000000000
        S(m)         改前 14.0200000000 → 改後 13.9900000000 ｜ Δ -0.0300000000
        宗地寬度(m)      改前 14.0100000000 → 改後 13.9800000000 ｜ Δ -0.0300000000
  合計 Rw(%)        **ΣΔ ＝ +2.9900000000**（帶號）｜**Σ|Δ| ＝ 2.9900000000**（絕對值）｜非零 1 宗
  合計 G(㎡)         **ΣΔ ＝ -0.9000000000**（帶號）｜**Σ|Δ| ＝ 0.9000000000**（絕對值）｜非零 1 宗
  合計 S(m)         **ΣΔ ＝ -0.0300000000**（帶號）｜**Σ|Δ| ＝ 0.0300000000**（絕對值）｜非零 1 宗
  合計 宗地寬度(m)      **ΣΔ ＝ -0.0300000000**（帶號）｜**Σ|Δ| ＝ 0.0300000000**（絕對值）｜非零 1 宗
  ── 抵費地（got_抵費地_退縮0m.csv）：改前 0 列／改後 0 列｜逐列 []
     `ΔΣ抵費地面積` **ΣΔ ＝ +0.0000000000**｜**Σ|Δ| ＝ 0.0000000000**｜非零列 0
  ── 守恆（`R4`）：ΣG 改前 1979.5200 → 改後 1978.6200 ｜ Δ -0.9000 ｜街廓面積 {'3207.87'}（未變）
     ⇒ 依守恆式 `ΣG ＋ 調配池 ＝ 街廓 DXF 面積`，調配池之變動 ＝ **+0.9000** ㎡

▍態乙 ｜ 3.5m ｜ 受詞 ＝ `got_G值_退縮3.5m_partial.csv`
  母體：改前 **32** 宗／改後 **32** 宗｜共有 **32**／只在改前 **0**／只在改後 **0**
  可比性判 ＝ **可比**
  逐宗非零差之宗數 ＝ **1**（共有 32 宗）
    · ('R4', 'right', '628-1(1)')
        Rw(%)        改前 85.4100000000 → 改後 88.4000000000 ｜ Δ +2.9900000000
        G(㎡)         改前 458.4700000000 → 改後 457.5700000000 ｜ Δ -0.9000000000
        S(m)         改前 14.0200000000 → 改後 13.9900000000 ｜ Δ -0.0300000000
        宗地寬度(m)      改前 14.0100000000 → 改後 13.9800000000 ｜ Δ -0.0300000000
  合計 Rw(%)        **ΣΔ ＝ +2.9900000000**（帶號）｜**Σ|Δ| ＝ 2.9900000000**（絕對值）｜非零 1 宗
  合計 G(㎡)         **ΣΔ ＝ -0.9000000000**（帶號）｜**Σ|Δ| ＝ 0.9000000000**（絕對值）｜非零 1 宗
  合計 S(m)         **ΣΔ ＝ -0.0300000000**（帶號）｜**Σ|Δ| ＝ 0.0300000000**（絕對值）｜非零 1 宗
  合計 宗地寬度(m)      **ΣΔ ＝ -0.0300000000**（帶號）｜**Σ|Δ| ＝ 0.0300000000**（絕對值）｜非零 1 宗
  ── 抵費地（got_抵費地_退縮3.5m.csv）：改前 3 列／改後 3 列｜逐列 [(('R2', '左'), 308.17, 308.17), (('R3', '右'), 307.79, 307.79), (('R5', '左'), 299.73, 299.73)]
     `ΔΣ抵費地面積` **ΣΔ ＝ +0.0000000000**｜**Σ|Δ| ＝ 0.0000000000**｜非零列 0
  ── 守恆（`R4`）：ΣG 改前 1979.5200 → 改後 1978.6200 ｜ Δ -0.9000 ｜街廓面積 {'3207.87'}（未變）
     ⇒ 依守恆式 `ΣG ＋ 調配池 ＝ 街廓 DXF 面積`，調配池之變動 ＝ **+0.9000** ㎡

──────────────────────────────────────────────────────────────────────────────────────────────────────────────────────
【`§五-4`】其他必出之量
──────────────────────────────────────────────────────────────────────────────────────────────────────────────────────
· `iterate_G_S` fallback 之 loud 閘命中（`WG9318_post_A_runverif.log`）＝ **0**（期值 `0`）
    判別力[必非零] 同框 `RESULT:` ＝ 1 ／ [必為零] 人造字樣（執行期組出）＝ 0
· `iterate_G_S` fallback 之 loud 閘命中（`WG9318_post_B_runverif.log`）＝ **0**（期值 `0`）
    判別力[必非零] 同框 `RESULT:` ＝ 1 ／ [必為零] 人造字樣（執行期組出）＝ 0
· 態甲退化枝街廓（`R4`·`_N == 1`）之 `g_rows` 改前改後逐位相同 ⇒ **🟢**
    其證 ＝ 閘 `c5-2`：`c3`＋`c4`＋`c5` 之態，`got_*.csv` **18 檔 sha256 逐檔相同**（相異 `0`）
    🛑 `c7` 落地**之後**該街廓之 `g_rows` **已變**（見 `§五-3` 態甲之逐宗表）——二者⛔ 混同
· `GB-170` 三格 `range_area` 與三對稱差之逐位對拍：
    改前（`verify/out/WG9287R_landeffect.log`·倉內【倉】）＝ ['13.055884224441684', '38.06818855324997', '13.05518976183967']
    改後（`verify/out/WG9318_gb170_post.log`）           ＝ ['13.055884224441684', '38.06818855324997', '13.05518976183967']
    逐位相同 ＝ **True**
    二 log 全檔 sha256：改前 129942bc04ea6587 ／ 改後 5bb11fd06163e6d4 ｜全檔逐位相同 ＝ False
· `F.0` `GSA` 六鍵（`G006`／`G007`／`G009`／`G010`／`G014`／`G017`）之決策現況：
    基座·態甲 ⇒ ['G006', 'G007', 'G009', 'G010', 'G014', 'G017']｜G006→[該情境無任何決策列]｜G007→[該情境無任何決策列]｜G009→[該情境無任何決策列]｜G010→[該情境無任何決策列]｜G014→[該情境無任何決策列]｜G017→[該情境無任何決策列]
    改後·態甲 ⇒ ['G006', 'G007', 'G009', 'G010', 'G014', 'G017']｜G006→[該情境無任何決策列]｜G007→[該情境無任何決策列]｜G009→[該情境無任何決策列]｜G010→[該情境無任何決策列]｜G014→[該情境無任何決策列]｜G017→[該情境無任何決策列]
