# `W-G.9-319 補令一`　輕級開工閘（唯讀·本器即 `w②①` 之首次施行）
開工態（**器所跑之 `commit`**）＝ `51a641d334847d285f323257909748acdf7052e1`
單所載之開工態                 ＝ `51a641d334847d285f323257909748acdf7052e1`
⇒ **同一：True** 🟢

══ 閘 `②`　號占用（`自誤 446`／`447`／`448`） ══
🔒 `z` 之定義域列舉 ＝ 自誤簿之已鑄集：基數 **`435`**／`MIN` `7`／`MAX` `445`／缺號 [106, 355, 356, 357]
  受詢 `自誤 446`：∈ 已鑄集？ **False**（須 `False`）｜B `0`／C `0`／並取 `0` ⇒ **除本補令自身之產物外 `0`**（須 `0`）🟢
  受詢 `自誤 447`：∈ 已鑄集？ **False**（須 `False`）｜B `0`／C `0`／並取 `0` ⇒ **除本補令自身之產物外 `0`**（須 `0`）🟢
  受詢 `自誤 448`：∈ 已鑄集？ **False**（須 `False`）｜B `0`／C `0`／並取 `0` ⇒ **除本補令自身之產物外 `0`**（須 `0`）🟢
  對照甲［必命中·同形族］`自誤 445`：並取 `15`（須 `> 0`）🟢
  對照乙［必為零］哨兵（字面⛔ 出艙）：∈ 已鑄集？ **False**（枚舉 `435` 成員後判）｜並取 `0`（須 `0`）🟢

══ 閘 `③`　生產碼 ══
  `verify/` 頂層 `*.py` ＝ **`33`** ＋ `app.py` ⇒ **`34`** 檔
  `app.py` blob ＝ **`8466f7493082bf84aa4f02d6c1c6e55ff746fc4a`**（絕對值出艙）

══ 閘 `④`　四簿期初（**二框並報**） ══
  自誤〔CC 正典框〕 相異 **`435`**／MAX **`445`**／缺 [106, 355, 356, 357]
  VR  〔標題錨定框〕 相異 **`80`**／MAX **`95`**
  K-9 〔標題錨定框〕 相異 **`40`**／MAX **`41`**
  〔自擬框〕自誤 : {'相異': 431, 'MAX': 445, 'MIN': 7, '缺號': [106, 355, 356, 357, 434, 435, 436, 437]}
  〔自擬框〕GB   : {'相異': 169, 'MAX': 171, 'MIN': 1, '缺號': [12, 87]}   （997 在聯集內？ False ⇒ 扣哨兵為空操作： True ）
  〔自擬框〕VR   : {'相異': 80, 'MAX': 95, 'MIN': 14, '缺號': [73, 75]}   （999 在定義框內？ True ）
  〔自擬框〕K-9  : {'相異': 40, 'MAX': 41, 'MIN': 2, '缺號': []}

══ 閘 `⑤`　`append-only` 之期初（**三值化**·`恆常附款 x`） ══
  W-G.9波_claude.ai側自誤登記.md                     倉側 `942547` B／`3b8e63e3fd9ad30c…`／工作區 ＝ 倉側 **True**
  W-G.9波_恆常附款登記表.md                            倉側 `41910` B／`6831ff5e592bf25f…`／工作區 ＝ 倉側 **True**
  W-G.9-319R_二寬度之量差與GB170三格現查及自誤445_執行報告.md    倉側 `22410` B／`95b2fa981311956f…`／工作區 ＝ 倉側 **True**
  W-G.4_泛用阻塞項登記表.md                            倉側 `944120` B／`0a0f1ee56bcfbc8c…`／工作區 ＝ 倉側 **True**
  K-6_街角地分配程序與可分配判準.md                         倉側 `360462` B／`bf195413d2ab88d3…`／工作區 ＝ 倉側 **True**
  `GB` 簿 blob ＝ **`64e91c72779fe84e36a6b124711cdce7c6eba893`**（單 `§五` 閘 `5` 令其須仍為此值）

══ `§五` 期初錨之**當場重跑**（`w②①`·⛔ 以自述充） ══
  追蹤全檔         單載 `2566`／**實測 `2566`**  🟢
  `.md`        單載 `873`／**實測 `873`**  🟢
  `docs/`      單載 `844`／**實測 `844`**  🟢
  遠端總數 單載 `25`／**實測 `25`**  🟢；`verify/*` 單載 `20`／**實測 `20`**  🟢
  `preserve` 單載 `c286a79…`／**實測 `c286a79cc6a699c57c7763306c4beae9ef7b60a3`**  🟢（單已具名其「**已落後主線**」）

══ `§六` 三數之當場重算（`恆常附款 f` 後段） ══
  受掃之款  單載 `28`／**實測 `28`**  🟢
     列舉 ＝ a b c d e f g h i j k l m n o p q r s t u v w x y z aa ab
  🟢 施行   單載 `22`／**實測 `22`**  🟢
  ⚪ 不生   單載 `6`／**實測 `6`**  🟢（列舉 ＝ c d j s t y）
  `22 + 6` ＝ **`28`**；⚪ ⊆ 款名？ **True**；重疊 ＝ []
  索引（`ab②`）：具索引形 `出處` 者 **`28`**／缺 **`0`** 🟢
