── 期初（三值·`恆常附款 x`）──
  簿之工作區 bytes ＝ 935085
  簿之倉側 blob  bytes ＝ 935085（態 `bc97c9d`）
  工作區 ＝ blob ：True

── 標題形之複刻（`v①`）──
  該簿最近一則之標題形 ＝ ### 🩸 `自誤 441`　**單所設之期值與錨值未以本批之開工態…

── payload（自 `docs/orders/W-G.9-318_補令四_復驗受領與恆常附款簿及自誤442.md:135`–`:141` 抽·剝 `> ` 前綴）──
  列數 ＝ 7（⛔ 含前導分隔空列）
  bytes ＝ 1533（**含**前導分隔 `\n` `1` B 與末換行 `1` B·`恆常附款 l②`）
  sha256 ＝ bc76400b87114d5f7808002fa4a1abb967645bbfcc15c700e43cf3eb5726b422
  CR ＝ 0
  首列 ＝ ### 🩸 `自誤 442`　**待放行清單依「何者為現行碼面」而列，⛔ 依「何者動生產碼且將隨快轉落入主線」而列，致漏

── 期末之期值（算式·`恆常附款 w①`）──
  期末 bytes ＝ 期初 935085 ＋ payload 1533 ＝ **936618**

── 落檔後之機驗（`恆常附款 j③` 四造）──
  ① append-only 嚴格前綴逐位 ：True
  ② payload 逐位相符        ：True
  ③ 期末 bytes ＝ 期初 ＋ payload：True（936618）
  ④ 期末 sha256 ＝ 61a7689f8d42ba799336dd2a1d9ea662184b46367142ced96f1540826aad778d
  CR 全檔 ＝ 0
