
========================================================================================
### 款 `p`　定義處 ＝ `docs/reports/W-G.9波_claude.ai側自誤登記.md:10659`
========================================================================================
 10659| **攔法（三款·立為恆常附款 `p`）**：
 10660| ① 凡以「**倉內已有答案**」為由收窄、刪除或撤銷一個已立之工項者，出艙前須先**讀畢最近一批就該受詞所出之報告全文**（其 `§` 之逐字）——⛔ 以簿中之轉錄為足；
 10661| ② 凡引簿中一量為證者，須**同格具名其來源層級**（`CC 當場實測`／`發單側之單內自擬`／`他批轉錄`）**與其態之判據**；來源為發單側自擬者，**其態之標籤⛔ 充實測之證**；
 10662| ③ **交接文之開場序列⛔ 跳序**——凡於序未辦畢前出艙任何「發現」，一律先標【**未完序·待覆**】，並於序辦畢後逐項覆核。

========================================================================================
### 款 `v`　定義處 ＝ `docs/reports/W-G.9波_claude.ai側自誤登記.md:10701`
========================================================================================
 10701| **攔法（三款·立為恆常附款 `v`）**：
 10702| ① 凡新鑄之簿內條目，其**標題形須自該簿之最近一則逐字複刻**（`sed -n` 取其節題列為範本），⛔ 另擬；
 10703| ② 出單前須以該簿之**既有量測器**對 payload 自驗一次，出艙其命中；失配即改 payload、**⛔ 改器**；
 10704| ③ 二框相異而已入倉者，其後一律**二框並報**並同格具名相異之由，⛔ 擇一出艙。

========================================================================================
### 款 `w`　定義處 ＝ `docs/reports/W-G.9波_claude.ai側自誤登記.md:10727`
========================================================================================
 10727| **攔法（三款·立為恆常附款 `w`）**：
 10728| ① 凡單所設之**四簿期末期值**，須同格出艙其**算式**（`相異 ＝ 本批開工態之相異 ＋ 本批新鑄之號數`），並逐號列舉本批新鑄之號；⛔ 直接寫一個數；
 10729| ② 凡單所設之**blob／sha256 錨**，須同格載其**所繫之態**（`commit` 全 `40` 碼）；跨批沿用者一律先判**⛔ 可比**，須以本批開工態重取；
 10730| ③ 凡單內出現「⛔ 沿用他批」之禁語者，出單前須以該禁語為關鍵字**自檢同一節內之每一個數**是否即沿用而來——禁語與違禁同節，係本則之形。
