====================================================================================================================
【`W-G.9-318` `§七`】收工閘（**報告入倉後量**·嚴格末端追加）
====================================================================================================================
🔒 期初 ＝ `40375702378af4cefd2d11515fdf3f98c0791580`（`4037570`）／期末 ＝ `b5110caf53eee8bc5c7cce19c61746c31c53f3e8`
🔒 本表之 `→` ＝ **期初 → 期末**之**時序方向**（⛔ 幾何方向·⛔ 涉座標系）
🔒 框與時點同格具名（`VR-091` 三軸）

── 閘 `1`　逐 `commit` `git show --numstat --format=` 之刪除欄 ──
   判準：僅 `c3`／`c4` 之位移得非零（`36`／`30`），其餘全 `0`
   c1  0ee3c4a  新增   416／刪除   0（期 0）✅
   c2  596ea3f  新增   537／刪除   0（期 0）✅
   c3  7f43924  新增    36／刪除  36（期 36）✅
   c4  7c346b1  新增    30／刪除  30（期 30）✅
   c5  7c07a36  新增    15／刪除   0（期 0）✅
   c6  6cc51e6  新增    10／刪除   0（期 0）✅
   c7  b1141a3  新增     6／刪除   0（期 0）✅
   c8  fd02962  新增  4999／刪除   0（期 0）✅
   c9  f346f0c  新增   112／刪除   0（期 0）✅
   c10 b5110ca  新增   410／刪除   0（期 0）✅
   閘 `1` 判 ＝ ✅ 全符

── 閘 `2`　生產碼 `34` 檔（**正面列舉**·⛔ 空 `pathspec`）──
   判準：相異恰 **`2`**（`app.py`／`verify/stepg_pipeline.py`）；其餘 `32` 檔 blob 逐位相同
   母體 ＝ 34 檔（`app.py` ＋ `verify/` 頂層 `*.py` 33）
   相異 ＝ **2** 檔：['app.py', 'verify/stepg_pipeline.py']
   其餘 32 檔 blob 逐位相同 ＝ True
   `app.py` 期初 4379108a48567140 → 期末 b2ebae51f29c4a5e
   閘 `2` 判 ＝ ✅ 全符

── 閘 `3`　本批異動之 `.md` 之 `CR`（倉內 blob·取 bytes）──
   🩸 `numstat` 之 CJK 路徑帶八進位跳脫與引號 ⇒ `endswith('.md')` 必失配
      ⇒ **先解跳脫再判**；且**⛔ 以空集充綠**（受檢集為 `0` ⇒ 🔴 器紅）
   受檢集（已解跳脫·`core.quotepath=false`）＝ **4** 檔
     docs/orders/W-G.9-318_施工單_K-9-41①之落地與W0起算點之修及自誤433.md                    CR ＝ 0
     docs/reports/W-G.4_泛用阻塞項登記表.md                                           CR ＝ 0
     docs/reports/W-G.9-318R_K-9-41①之落地與W0起算點之修及自誤433_執行報告.md                 CR ＝ 0
     docs/reports/W-G.9波_claude.ai側自誤登記.md                                    CR ＝ 0
   判別力[⛔ 空集充綠]：受檢集基數 ＝ 4（須 `> 0`）
   閘 `3` 判 ＝ ✅ 全 0

── 閘 `4`　四簿期末 ──
   判準：自誤 `423`／`433`（缺 `[106, 355, 356, 357]`）｜`GB` `168`／`170`｜`VR` `80`／`95`｜`K-9` `40`／`41`
   【發單側自擬框·單檔母體·缺號 [MIN..MAX]】
     自誤 : {'相異': 423, 'MAX': 433, 'MIN': 7, '缺號': [106, 355, 356, 357]}
     GB   : {'相異': 168, 'MAX': 170, 'MIN': 1, '缺號': [12, 87]}   （997 在聯集內？ False ⇒ 扣哨兵為空操作： True ）
     VR   : {'相異': 80, 'MAX': 95, 'MIN': 14, '缺號': [73, 75]}   （999 在定義框內？ True ）
     K-9  : {'相異': 40, 'MAX': 41, 'MIN': 2, '缺號': []}

── 閘 `5`　`append-only`（自誤簿 ＋ `GB` 簿·逐檔）──
   判準：前綴逐位相符（**⛔ 用「自節題至檔末」之框**）
   W-G.9波_claude.ai側自誤登記.md                       期初  919874 B → 期末  922836 B｜嚴格前綴 ＝ True｜判別力（改末位元組之竄改本）＝ False（須 False）
   W-G.4_泛用阻塞項登記表.md                              期初  928354 B → 期末  935764 B｜嚴格前綴 ＝ True｜判別力（改末位元組之竄改本）＝ False（須 False）
   機檢器 `verify/tools/wg942_append_audit.py 4037570`：
     🔒 受檢 ＝ **77** 筆／不適用（已具名宣告）＝ **0** 筆／不適用（⛔ 未宣告·已判紅）＝ **0** 筆／合計 ＝ **77**（須 ＝ `TARGETS` 77）
     結論：✅ 全部成立
     `rc` ＝ 0

── 閘 `6`　自限復驗 ──
   `baselines` `sha256` ＝ a898f4e1bba8f8d230a9e279044f529175beb9186915aed1fa5590c1878a7ec9·298 列（期 `a898f4e1…`·`298`）
   `refs/heads/verify/*` ＝ **20** 支（期 `20`）〔框 ＝ `shell=False` 之 argv 直傳；🩸 `shell=True` 於 cmd.exe 得偽 `0`·已具名〕
   `verify/out/` 期初 **928** 檔 → 期末 **939** 檔（新增 11／移除 0）
   既有 928 檔 blob 相異 ＝ **0**（須 `0`）〔框 ＝ `git diff --name-only` ⋂ 期初之檔集〕
   判別力[必非零]：同框之「本批異動之 `verify/out/` 全集」＝ **11**（其與期初之交集即上數）
   `data/` 期初 3 檔 → 期末 3 檔｜相異 ＝ **0**（須 `0`·一字未動）

── 閘 `7`　母體（框與時點同格具名·`→` ＝ 期初→期末之**時序方向**·⛔ 幾何方向）──
   全 `docs/`       （框 ＝ `git ls-tree -r <rev> docs/` 之檔框）：**826** → **828**（＋2）
   `verify/out/`   （框 ＝ `git ls-tree -r <rev> verify/out/` 之檔框）：**928** → **939**（＋11）
   全倉追蹤            （框 ＝ `git ls-tree -r <rev> （全倉）` 之檔框）：**2447** → **2461**（＋14）
   全倉 `.md`（檔框）：**848** → **850**（＋2）

── 閘 `8`　標籤對照（**當場以程式自資料列計數**·⛔ 轉引單之自載數）──
   `probe_WG9269_pit_index.py`：資料列 ＝ **94**｜末欄「✅ 可解析」命中 ＝ **94**｜非之者 ＝ **0**
   `rc` ＝ 0

── 閘 `9`　`git ls-remote origin refs/heads/wip/s1-endpart`（`push` **後**）──
   **現態（`push` 前）** ＝ `40375702378af4cefd2d11515fdf3f98c0791580	refs/heads/wip/s1-endpart`
   🛑 **本批⛔ `push`** ⇒ 本閘之受詞（`push` **後**之全 `40` 碼）**【⛔ 可得】**，其由 ＝
      `c3`〜`c7` 五筆生產碼 `commit` 須 **KL 逐筆放行**（單 `§四` 通則 ＋ `§八-12`）

── 閘 `10`　**KL 放行之逐筆記錄**（`c3`〜`c7` 五筆·逐筆載其放行之時點與逐字）──
   **【⛔ 可得】**——本報告出艙之時，KL **尚未放行任何一筆** ⇒ 五列皆空。
     c3 `7f43924…`　放行時點 ＝ 【未放行】　逐字 ＝ 【未放行】
     c4 `7c346b1…`　放行時點 ＝ 【未放行】　逐字 ＝ 【未放行】
     c5 `7c07a36…`　放行時點 ＝ 【未放行】　逐字 ＝ 【未放行】
     c6 `6cc51e6…`　放行時點 ＝ 【未放行】　逐字 ＝ 【未放行】
     c7 `b1141a3…`　放行時點 ＝ 【未放行】　逐字 ＝ 【未放行】
