================================================================================================================================
【`W-G.9-319` `§二-1` 階段 `a`】二寬度之量差（**觀測·忠實·⛔ 替身**）
================================================================================================================================
🛑 ⛔ 判孰為 `K-9-41 ②` 所指之寬度、⛔ 判二軸孰為正典、⛔ 提修法主張——出艙即止。

────────────────────────────────────────────────────────────────────────────────────────────────────────────────────────────────
【態甲（`未設·現行預設`）·退縮 `0.0` m】母體 ＝ `g_rows` **`56`** 列／`_select_pool_slot` 呼叫 **`5`** 次
   可達街廓（出現序）＝ ['R1', 'R2', 'R4', 'R6', 'R5', 'R3']

────────────────────────────────────────────────────────────────────────────────────────────────────────────────────────────────
【態甲（`未設·現行預設`）·退縮 `3.5` m】母體 ＝ `g_rows` **`59`** 列／`_select_pool_slot` 呼叫 **`5`** 次
   可達街廓（出現序）＝ ['R1', 'R2', 'R4', 'R6', 'R5', 'R3']

────────────────────────────────────────────────────────────────────────────────────────────────────────────────────────────────
【態乙（`WV_K6_STEP0=off`）·退縮 `0.0` m】母體 ＝ `g_rows` **`29`** 列／`_select_pool_slot` 呼叫 **`3`** 次
🩸 **管線中止**（逐字）：🔴 結構閘 理論＝實跑 破：街廓 R4 right 側 理論@k*=87.72 ≠ 實跑(階段1)=88.40（Δ=0.676 >0.1）｜參考 ΣΔ_i=+0.000（**⛔ 未用於本式**·實測反證見碼註）｜逐界面：[Δ_i·R4·right] （無界面）
   可達街廓（出現序）＝ ['R1', 'R2', 'R4']

────────────────────────────────────────────────────────────────────────────────────────────────────────────────────────────────
【態乙（`WV_K6_STEP0=off`）·退縮 `3.5` m】母體 ＝ `g_rows` **`32`** 列／`_select_pool_slot` 呼叫 **`3`** 次
🩸 **管線中止**（逐字）：🔴 結構閘 理論＝實跑 破：街廓 R4 right 側 理論@k*=87.72 ≠ 實跑(階段1)=88.40（Δ=0.676 >0.1）｜參考 ΣΔ_i=+0.000（**⛔ 未用於本式**·實測反證見碼註）｜逐界面：[Δ_i·R4·right] （無界面）
   可達街廓（出現序）＝ ['R1', 'R2', 'R4']

================================================================================================================================
【逐宗之六量】`R(·)` ＝ `ns["rw_from_width"]`（⛔ 器內另算第二份）
================================================================================================================================
🔒 **所擇之 `W`（`§二-1` 令二者擇一並具名）** ＝ **碼面 `_res['W']` 之未捨入值**
   （取值點 ＝ `ns["_solve_G_one"]` 之回傳·即 `stepg_pipeline.py:492` 所 `round` 之同一物）；
   **⛔ 與 `k956_W_from_mp` 混用**。
🔴 **`_宗地寬度` 之「未捨入」於碼面<u>結構上不存在</u>**——其**賦值處**即
   `_res['_宗地寬度'] = round(_pw, 2)`（`app.py:22036`／`verify/stepg_pipeline.py:737`）
   ⇒ 本表該欄之值即**碼面之值**（`2dp`），⛔ 以任何外算之 `S × |cos|` 充其未捨入值（`§零-5`：⛔ 器內另算第二份）。

────────────────────────────────────────────────────────────────────────────────────────────────────────────────────────────────
【態甲·`0.0` m】`g_rows` `56` 列／`_solve_G_one` 回傳 `149` 次
🔒 **對齊自證閘**（判準 ＝ `round(W,2)` ⋀ `round(G,2)` 皆相符）：命中 **`43`／`56`**（跳過 `96` 次非列之回傳）🔴 **⛔ 採信未命中列**
────────────────────────────────────────────────────────────────────────────────────────────────────────────────────────────────
街廓    宗名                 宗地寬度(2dp)          W(未捨入)        R(宗地寬度)           R(W)      R(W)-R(寬)        寬÷W
R1    628-37(1)       🩸 二量非數：寬=None／W=6.46
R1    628-35(2)              17.87   24.4900000000      99.662000     100.000000      +0.338000   0.729686
R1    628(5)                  7.43    7.0200000000      58.022000      55.808000      -2.214000   1.058405
R1    628-34(3)               2.38    9.6100000000      27.022000      69.228000     +42.206000   0.247659
R1    628-36(1)              17.94   27.5500000000      99.844000     100.000000      +0.156000   0.651180
R1    R1-抵費地-1        🩸 **對齊未命中** ⇒ 本列⛔ 出艙其未捨入 `W`
R1    R1-抵費地-2        🩸 **對齊未命中** ⇒ 本列⛔ 出艙其未捨入 `W`
R2    628-41(1)               4.05    4.0600000000      38.110000      38.172000      +0.062000   0.997537
R2    628-40(1)+              8.04   13.7800000000      61.308000      86.964000     +25.656000   0.583454
R2    628-30(2)               1.95   15.7200000000      24.050000      93.532000     +69.482000   0.124046
R2    628-39(1)               5.21   20.9300000000      45.260000     100.000000     +54.740000   0.248925
R2    628-31(2)               8.74   29.6700000000      64.948000     100.000000     +35.052000   0.294574
R2    628-35(1)               1.34    0.0000000000      19.780000       0.000000     -19.780000          —
R2    628-34(1)               9.78    0.0000000000      70.044000       0.000000     -70.044000          —
R2    628-49(1)               1.48    0.0000000000      20.760000       0.000000     -20.760000          —
R2    628-50(1)               3.32    0.0000000000      33.380000       0.000000     -33.380000          —
R2    628-51(1)               3.31    0.0000000000      33.315000       0.000000     -33.315000          —
R2    628-52(1)               1.62    0.0000000000      21.740000       0.000000     -21.740000          —
R2    628-32(2)               9.85    0.0000000000      70.380000       0.000000     -70.380000          —
R2    R2-抵費地-1        🩸 **對齊未命中** ⇒ 本列⛔ 出艙其未捨入 `W`
R2    R2-抵費地-2        🩸 **對齊未命中** ⇒ 本列⛔ 出艙其未捨入 `W`
R4    628(1)+                60.86   65.1400000000     100.000000     100.000000      +0.000000   0.934295
R4    R4-抵費地-1        🩸 **對齊未命中** ⇒ 本列⛔ 出艙其未捨入 `W`
R4    R4-抵費地-2        🩸 **對齊未命中** ⇒ 本列⛔ 出艙其未捨入 `W`
R4    R4-抵費地-3        🩸 **對齊未命中** ⇒ 本列⛔ 出艙其未捨入 `W`
R4    R4-抵費地-4        🩸 **對齊未命中** ⇒ 本列⛔ 出艙其未捨入 `W`
R6    628(2)+                 3.22    0.0000000000      32.730000       0.000000     -32.730000          —
R6    628-4(1)               14.68    0.0000000000      90.180000       0.000000     -90.180000          —
R6    628-23(1)+              9.32    0.0000000000      67.836000       0.000000     -67.836000          —
R6    628-18(1)               7.20    7.2000000000      56.780000      56.780000      +0.000000   1.000000
R6    628-53(1)               0.01    7.2000000000       0.174000      56.780000     +56.606000   0.001389
R6    628-38(1)               2.69    9.8900000000      29.161000      70.572000     +41.411000   0.271992
R6    628-7(1)                6.88   16.7700000000      55.016000      96.710000     +41.694000   0.410256
R6    628-20(1)               7.66   24.4200000000      59.264000     100.000000     +40.736000   0.313677
R6    R6-抵費地-1        🩸 **對齊未命中** ⇒ 本列⛔ 出艙其未捨入 `W`
R6    R6-抵費地-2        🩸 **對齊未命中** ⇒ 本列⛔ 出艙其未捨入 `W`
R5    628-18(2)               4.83    4.8500000000      42.946000      43.070000      +0.124000   0.995876
R5    628-7(2)                6.99   13.4700000000      55.643000      85.786000     +30.143000   0.518931
R5    628-45(1)+              8.19   21.6700000000      62.088000     100.000000     +37.912000   0.377942
R5    628-31(1)               0.24   21.9100000000       4.176000     100.000000     +95.824000   0.010954
R5    628-32(1)               0.07   21.9800000000       1.218000     100.000000     +98.782000   0.003185
R5    628(3)                  3.11    0.0000000000      32.015000       0.000000     -32.015000          —
R5    628-21(2)+             30.05    0.0000000000     100.000000       0.000000    -100.000000          —
R5    R5-抵費地-1        🩸 **對齊未命中** ⇒ 本列⛔ 出艙其未捨入 `W`
R5    R5-抵費地-2        🩸 **對齊未命中** ⇒ 本列⛔ 出艙其未捨入 `W`
R3    628(4)                  1.03    0.0000000000      17.610000       0.000000     -17.610000          —
R3    628-34(2)               5.70    0.0000000000      48.200000       0.000000     -48.200000          —
R3    628-46(1)               1.65    0.0000000000      21.950000       0.000000     -21.950000          —
R3    628-47(1)+              8.30    0.0000000000      62.660000       0.000000     -62.660000          —
R3    628-32(3)               9.54    0.0000000000      68.892000       0.000000     -68.892000          —
R3    628-30(3)+             17.47   14.1400000000      98.622000      88.290000     -10.332000   1.235502
R3    628-42(2)               0.32   16.1000000000       5.568000      94.700000     +89.132000   0.019876
R3    628-27(2)               0.59   16.6900000000      10.266000      96.470000     +86.204000   0.035351
R3    628-29(1)+              2.94   19.6200000000      30.886000     100.000000     +69.114000   0.149847
R3    628-31(3)               8.50   28.1300000000      63.700000     100.000000     +36.300000   0.302169
R3    R3-抵費地          🩸 **對齊未命中** ⇒ 本列⛔ 出艙其未捨入 `W`
  🔒 出艙 `42` 宗｜`Σ(R(W)−R(寬))`（**帶號**）＝ **+127.656000**／`Σ|·|`（**絕對值**）＝ **1775.692000**

────────────────────────────────────────────────────────────────────────────────────────────────────────────────────────────────
【態甲·`3.5` m】`g_rows` `59` 列／`_solve_G_one` 回傳 `149` 次
🔒 **對齊自證閘**（判準 ＝ `round(W,2)` ⋀ `round(G,2)` 皆相符）：命中 **`45`／`59`**（跳過 `94` 次非列之回傳）🔴 **⛔ 採信未命中列**
────────────────────────────────────────────────────────────────────────────────────────────────────────────────────────────────
街廓    宗名                 宗地寬度(2dp)          W(未捨入)        R(宗地寬度)           R(W)      R(W)-R(寬)        寬÷W
R1    628-36(1)       🩸 二量非數：寬=None／W=17.52
R1    628(5)          🩸 二量非數：寬=None／W=7.02
R1    628-34(3)               2.38    9.6100000000      27.022000      69.228000     +42.206000   0.247659
R1    628-37(1)               6.51   16.1200000000      52.907000      94.760000     +41.853000   0.403846
R1    628-35(2)              18.43   34.5500000000     100.000000     100.000000      +0.000000   0.533430
R1    R1-抵費地-1        🩸 **對齊未命中** ⇒ 本列⛔ 出艙其未捨入 `W`
R1    R1-抵費地-2        🩸 **對齊未命中** ⇒ 本列⛔ 出艙其未捨入 `W`
R1    R1-抵費地-3        🩸 **對齊未命中** ⇒ 本列⛔ 出艙其未捨入 `W`
R2    628-42(1)               0.11    7.0900000000       1.914000      56.186000     +54.272000   0.015515
R2    628-41(1)               4.07   11.1600000000      38.234000      76.388000     +38.154000   0.364695
R2    628-27(1)               0.66   11.8200000000      11.484000      79.226000     +67.742000   0.055838
R2    628-40(1)+              6.66   18.4800000000      53.762000     100.000000     +46.238000   0.360390
R2    628-30(2)               2.00   20.4900000000      24.400000     100.000000     +75.600000   0.097609
R2    628-39(1)               5.28   25.7600000000      45.680000     100.000000     +54.320000   0.204969
R2    628-31(2)               8.75   34.5000000000      65.000000     100.000000     +35.000000   0.253623
R2    628-35(1)               1.34    0.0000000000      19.780000       0.000000     -19.780000          —
R2    628-34(1)               9.78    0.0000000000      70.044000       0.000000     -70.044000          —
R2    628-49(1)               1.48    0.0000000000      20.760000       0.000000     -20.760000          —
R2    628-50(1)               3.32    0.0000000000      33.380000       0.000000     -33.380000          —
R2    628-51(1)               3.31    0.0000000000      33.315000       0.000000     -33.315000          —
R2    628-52(1)               1.62    0.0000000000      21.740000       0.000000     -21.740000          —
R2    628-32(2)               9.85    0.0000000000      70.380000       0.000000     -70.380000          —
R2    R2-抵費地-1        🩸 **對齊未命中** ⇒ 本列⛔ 出艙其未捨入 `W`
R2    R2-抵費地-2        🩸 **對齊未命中** ⇒ 本列⛔ 出艙其未捨入 `W`
R4    628(1)+                61.04   68.6200000000     100.000000     100.000000      +0.000000   0.889537
R4    R4-抵費地-1        🩸 **對齊未命中** ⇒ 本列⛔ 出艙其未捨入 `W`
R4    R4-抵費地-2        🩸 **對齊未命中** ⇒ 本列⛔ 出艙其未捨入 `W`
R4    R4-抵費地-3        🩸 **對齊未命中** ⇒ 本列⛔ 出艙其未捨入 `W`
R4    R4-抵費地-4        🩸 **對齊未命中** ⇒ 本列⛔ 出艙其未捨入 `W`
R6    628(2)+                 3.22    0.0000000000      32.730000       0.000000     -32.730000          —
R6    628-4(1)               14.68    0.0000000000      90.180000       0.000000     -90.180000          —
R6    628-23(1)+              9.32    0.0000000000      67.836000       0.000000     -67.836000          —
R6    628-18(1)               7.20    7.2000000000      56.780000      56.780000      +0.000000   1.000000
R6    628-53(1)               0.01    7.2000000000       0.174000      56.780000     +56.606000   0.001389
R6    628-38(1)               2.69    9.8900000000      29.161000      70.572000     +41.411000   0.271992
R6    628-7(1)                6.88   16.7700000000      55.016000      96.710000     +41.694000   0.410256
R6    628-20(1)               7.66   24.4200000000      59.264000     100.000000     +40.736000   0.313677
R6    R6-抵費地-1        🩸 **對齊未命中** ⇒ 本列⛔ 出艙其未捨入 `W`
R6    R6-抵費地-2        🩸 **對齊未命中** ⇒ 本列⛔ 出艙其未捨入 `W`
R5    628-45(1)+              8.03    8.0600000000      61.256000      61.412000      +0.156000   0.996278
R5    628-18(2)               6.32   16.0200000000      51.824000      94.460000     +42.636000   0.394507
R5    628-7(2)                5.68   21.6900000000      48.080000     100.000000     +51.920000   0.261872
R5    628-31(1)               0.24   21.9300000000       4.176000     100.000000     +95.824000   0.010944
R5    628-32(1)               0.07   22.0000000000       1.218000     100.000000     +98.782000   0.003182
R5    628(3)                  3.11    0.0000000000      32.015000       0.000000     -32.015000          —
R5    628-21(2)+             30.05    0.0000000000     100.000000       0.000000    -100.000000          —
R5    R5-抵費地-1        🩸 **對齊未命中** ⇒ 本列⛔ 出艙其未捨入 `W`
R5    R5-抵費地-2        🩸 **對齊未命中** ⇒ 本列⛔ 出艙其未捨入 `W`
R3    628(4)                  1.03    0.0000000000      17.610000       0.000000     -17.610000          —
R3    628-34(2)               5.70    0.0000000000      48.200000       0.000000     -48.200000          —
R3    628-46(1)               1.65    0.0000000000      21.950000       0.000000     -21.950000          —
R3    628-47(1)+              8.30    0.0000000000      62.660000       0.000000     -62.660000          —
R3    628-32(3)               9.54    0.0000000000      68.892000       0.000000     -68.892000          —
R3    628-30(3)+             17.47   14.1400000000      98.622000      88.290000     -10.332000   1.235502
R3    628-42(2)               0.32   16.1000000000       5.568000      94.700000     +89.132000   0.019876
R3    628-27(2)               0.59   16.6900000000      10.266000      96.470000     +86.204000   0.035351
R3    628-29(1)+              2.94   19.6200000000      30.886000     100.000000     +69.114000   0.149847
R3    628-31(3)               8.50   28.1300000000      63.700000     100.000000     +36.300000   0.302169
R3    R3-抵費地          🩸 **對齊未命中** ⇒ 本列⛔ 出艙其未捨入 `W`
  🔒 出艙 `43` 宗｜`Σ(R(W)−R(寬))`（**帶號**）＝ **+384.096000**／`Σ|·|`（**絕對值**）＝ **2027.704000**

────────────────────────────────────────────────────────────────────────────────────────────────────────────────────────────────
【態乙·`0.0` m】`g_rows` `29` 列／`_solve_G_one` 回傳 `110` 次
🔒 **對齊自證閘**（判準 ＝ `round(W,2)` ⋀ `round(G,2)` 皆相符）：命中 **`20`／`29`**（跳過 `88` 次非列之回傳）🔴 **⛔ 採信未命中列**
────────────────────────────────────────────────────────────────────────────────────────────────────────────────────────────────
街廓    宗名                 宗地寬度(2dp)          W(未捨入)        R(宗地寬度)           R(W)      R(W)-R(寬)        寬÷W
R1    628-37(1)       🩸 二量非數：寬=None／W=6.46
R1    628-35(2)              17.87   24.4900000000      99.662000     100.000000      +0.338000   0.729686
R1    628(5)                  7.43    7.0200000000      58.022000      55.808000      -2.214000   1.058405
R1    628-34(3)               2.38    9.6100000000      27.022000      69.228000     +42.206000   0.247659
R1    628-36(1)              17.94   27.5500000000      99.844000     100.000000      +0.156000   0.651180
R1    R1-抵費地-1        🩸 **對齊未命中** ⇒ 本列⛔ 出艙其未捨入 `W`
R1    R1-抵費地-2        🩸 **對齊未命中** ⇒ 本列⛔ 出艙其未捨入 `W`
R2    628-41(1)               4.05    4.0600000000      38.110000      38.172000      +0.062000   0.997537
R2    628-40(1)               8.03   13.7700000000      61.256000      86.926000     +25.670000   0.583152
R2    628-43(1)               0.01   13.7800000000       0.174000      86.964000     +86.790000   0.000726
R2    628-30(2)               1.95   15.7200000000      24.050000      93.532000     +69.482000   0.124046
R2    628-39(1)               5.21   20.9300000000      45.260000     100.000000     +54.740000   0.248925
R2    628-31(2)               8.74   29.6700000000      64.948000     100.000000     +35.052000   0.294574
R2    628-35(1)               1.34    0.0000000000      19.780000       0.000000     -19.780000          —
R2    628-34(1)               9.78    0.0000000000      70.044000       0.000000     -70.044000          —
R2    628-49(1)               1.48    0.0000000000      20.760000       0.000000     -20.760000          —
R2    628-50(1)               3.32    0.0000000000      33.380000       0.000000     -33.380000          —
R2    628-51(1)               3.31    0.0000000000      33.315000       0.000000     -33.315000          —
R2    628-52(1)               1.62    0.0000000000      21.740000       0.000000     -21.740000          —
R2    628-32(2)               9.85    0.0000000000      70.380000       0.000000     -70.380000          —
R2    R2-抵費地-1        🩸 **對齊未命中** ⇒ 本列⛔ 出艙其未捨入 `W`
R2    R2-抵費地-2        🩸 **對齊未命中** ⇒ 本列⛔ 出艙其未捨入 `W`
R4    628(1)                 46.08   45.9400000000     100.000000     100.000000      +0.000000   1.003047
R4    628-1(1)               13.98   14.1700000000      87.724000      88.395000      +0.671000   0.986591
R4    R4-抵費地-1        🩸 **對齊未命中** ⇒ 本列⛔ 出艙其未捨入 `W`
R4    R4-抵費地-2        🩸 **對齊未命中** ⇒ 本列⛔ 出艙其未捨入 `W`
R4    R4-抵費地-3        🩸 **對齊未命中** ⇒ 本列⛔ 出艙其未捨入 `W`
R4    R4-抵費地-4        🩸 **對齊未命中** ⇒ 本列⛔ 出艙其未捨入 `W`
R4    R4-抵費地-5        🩸 **對齊未命中** ⇒ 本列⛔ 出艙其未捨入 `W`
  🔒 出艙 `19` 宗｜`Σ(R(W)−R(寬))`（**帶號**）＝ **+43.554000**／`Σ|·|`（**絕對值**）＝ **586.780000**

────────────────────────────────────────────────────────────────────────────────────────────────────────────────────────────────
【態乙·`3.5` m】`g_rows` `32` 列／`_solve_G_one` 回傳 `110` 次
🔒 **對齊自證閘**（判準 ＝ `round(W,2)` ⋀ `round(G,2)` 皆相符）：命中 **`22`／`32`**（跳過 `86` 次非列之回傳）🔴 **⛔ 採信未命中列**
────────────────────────────────────────────────────────────────────────────────────────────────────────────────────────────────
街廓    宗名                 宗地寬度(2dp)          W(未捨入)        R(宗地寬度)           R(W)      R(W)-R(寬)        寬÷W
R1    628-36(1)       🩸 二量非數：寬=None／W=17.52
R1    628(5)          🩸 二量非數：寬=None／W=7.02
R1    628-34(3)               2.38    9.6100000000      27.022000      69.228000     +42.206000   0.247659
R1    628-37(1)               6.51   16.1200000000      52.907000      94.760000     +41.853000   0.403846
R1    628-35(2)              18.43   34.5500000000     100.000000     100.000000      +0.000000   0.533430
R1    R1-抵費地-1        🩸 **對齊未命中** ⇒ 本列⛔ 出艙其未捨入 `W`
R1    R1-抵費地-2        🩸 **對齊未命中** ⇒ 本列⛔ 出艙其未捨入 `W`
R1    R1-抵費地-3        🩸 **對齊未命中** ⇒ 本列⛔ 出艙其未捨入 `W`
R2    628-42(1)               0.11    7.0900000000       1.914000      56.186000     +54.272000   0.015515
R2    628-41(1)               4.07   11.1600000000      38.234000      76.388000     +38.154000   0.364695
R2    628-27(1)               0.66   11.8200000000      11.484000      79.226000     +67.742000   0.055838
R2    628-40(1)               6.66   18.4800000000      53.762000     100.000000     +46.238000   0.360390
R2    628-43(1)               0.01   18.4800000000       0.174000     100.000000     +99.826000   0.000541
R2    628-30(2)               2.00   20.4900000000      24.400000     100.000000     +75.600000   0.097609
R2    628-39(1)               5.28   25.7600000000      45.680000     100.000000     +54.320000   0.204969
R2    628-31(2)               8.75   34.5000000000      65.000000     100.000000     +35.000000   0.253623
R2    628-35(1)               1.34    0.0000000000      19.780000       0.000000     -19.780000          —
R2    628-34(1)               9.78    0.0000000000      70.044000       0.000000     -70.044000          —
R2    628-49(1)               1.48    0.0000000000      20.760000       0.000000     -20.760000          —
R2    628-50(1)               3.32    0.0000000000      33.380000       0.000000     -33.380000          —
R2    628-51(1)               3.31    0.0000000000      33.315000       0.000000     -33.315000          —
R2    628-52(1)               1.62    0.0000000000      21.740000       0.000000     -21.740000          —
R2    628-32(2)               9.85    0.0000000000      70.380000       0.000000     -70.380000          —
R2    R2-抵費地-1        🩸 **對齊未命中** ⇒ 本列⛔ 出艙其未捨入 `W`
R2    R2-抵費地-2        🩸 **對齊未命中** ⇒ 本列⛔ 出艙其未捨入 `W`
R4    628(1)                 46.08   45.9400000000     100.000000     100.000000      +0.000000   1.003047
R4    628-1(1)               13.98   14.1700000000      87.724000      88.395000      +0.671000   0.986591
R4    R4-抵費地-1        🩸 **對齊未命中** ⇒ 本列⛔ 出艙其未捨入 `W`
R4    R4-抵費地-2        🩸 **對齊未命中** ⇒ 本列⛔ 出艙其未捨入 `W`
R4    R4-抵費地-3        🩸 **對齊未命中** ⇒ 本列⛔ 出艙其未捨入 `W`
R4    R4-抵費地-4        🩸 **對齊未命中** ⇒ 本列⛔ 出艙其未捨入 `W`
R4    R4-抵費地-5        🩸 **對齊未命中** ⇒ 本列⛔ 出艙其未捨入 `W`
  🔒 出艙 `20` 宗｜`Σ(R(W)−R(寬))`（**帶號**）＝ **+286.483000**／`Σ|·|`（**絕對值**）＝ **825.281000**

================================================================================================================================
【自我驗證閘】二造·須異色
================================================================================================================================
[必相符] `0m` 態乙 `R4` 之 `628-1(1)`（`GB` 簿 `:7359`–`:7360` 逐字：`宗地寬度(m)` `14.01` ⇒ `R` `87.835000`；`W(m)` `14.20` ⇒ `R` `88.500000`）
   實得：`宗地寬度(m)` ＝ 13.98 ⇒ `R` ＝ 87.724000｜`W(m)` ＝ 14.17 ⇒ `R` ＝ 88.395000
   ⇒ **逐位相符（`2dp` 顯示層）：False** 🔴 **停一**
[必為零] 任一宗之 `R(W) − R(W)` ＝ **0.0000000000**（須 `0.0000000000`）🟢

================================================================================================================================
【母體與可比性判】（`恆常附款 o`）
================================================================================================================================
態·情境            g_rows      對齊命中       出艙宗              Σ帶號             Σ絕對值
態甲·0.0m             56        43        42      +127.656000      1775.692000
態乙·0.0m             29        20        19       +43.554000       586.780000
態甲·3.5m             59        45        43      +384.096000      2027.704000
態乙·3.5m             32        22        20      +286.483000       825.281000
  `0.0m`：態甲 `56` 列 vs 態乙 `29` 列 ⇒ 母體**相異** ⇒ **🛑 **⛔ 可比**（其差⛔ 出艙為後果·僅得為附帶量）**
  `3.5m`：態甲 `59` 列 vs 態乙 `32` 列 ⇒ 母體**相異** ⇒ **🛑 **⛔ 可比**（其差⛔ 出艙為後果·僅得為附帶量）**
