====================================================================================================================================
【`W-G.9-318` `§三`（工項一）】態乙之 `forced` 旗標與 `W₀`／`Wf` 之一次唯讀驅動
====================================================================================================================================
🛑 **唯讀**：⛔ 改生產碼一字·⛔ 寫 `verify/baselines`·⛔ 設 `WV_BAKE`·⛔ 施替身（spy 逐位原樣回傳）
🔒 態乙 ＝ `WV_K6_STEP0=off`；態甲 ＝ `WV_K6_STEP0` **未設**（＝ 判別力造甲）
🔒 情境 ＝ ['0m', '3.5m']；街廓母體 ＝ ['R1', 'R2', 'R3', 'R4', 'R5', 'R6']（`6` 街廓）
🔒 一切浮點**未捨入**（`%%.10f`）·⛔ `2dp`

────────────────────────────────────────────────────────────────────────────────────────────────────────────────────────────────────
【表 1】`_forced_offset_map[<blk>]` 之 `left_forced_offset`／`right_forced_offset`
　　框 ＝ `run_corner_pk` 之**第五**回傳（`selection_pipeline.py:364` `_forced_offset_map`）
　　母體 ＝ 六街廓 × 二情境 ＝ **12** 格（逐態各 12 格）
────────────────────────────────────────────────────────────────────────────────────────────────────────────────────────────────────
| 態 | 情境 | 街廓 | left_forced_offset | right_forced_offset | left_has_side | right_has_side |
|---|---|---|---|---|---|---|
| 乙 | 0m | `R1` | `False` | `False` | `True` | `True` |
| 乙 | 0m | `R2` | `False` | `False` | `True` | `False` |
| 乙 | 0m | `R3` | `False` | `False` | `False` | `True` |
| 乙 | 0m | `R4` | `False` | `False` | `True` | `True` |
| 乙 | 0m | `R5` | `False` | `False` | `True` | `False` |
| 乙 | 0m | `R6` | `False` | `False` | `False` | `True` |
| 乙 | 3.5m | `R1` | `False` | `False` | `True` | `True` |
| 乙 | 3.5m | `R2` | `True` | `False` | `True` | `False` |
| 乙 | 3.5m | `R3` | `False` | `True` | `False` | `True` |
| 乙 | 3.5m | `R4` | `False` | `False` | `True` | `True` |
| 乙 | 3.5m | `R5` | `True` | `False` | `True` | `False` |
| 乙 | 3.5m | `R6` | `False` | `False` | `False` | `True` |
| 甲 | 0m | `R1` | `False` | `False` | `True` | `True` |
| 甲 | 0m | `R2` | `False` | `False` | `True` | `False` |
| 甲 | 0m | `R3` | `False` | `False` | `False` | `True` |
| 甲 | 0m | `R4` | `True` | `False` | `True` | `True` |
| 甲 | 0m | `R5` | `False` | `False` | `True` | `False` |
| 甲 | 0m | `R6` | `False` | `False` | `False` | `True` |
| 甲 | 3.5m | `R1` | `False` | `False` | `True` | `True` |
| 甲 | 3.5m | `R2` | `True` | `False` | `True` | `False` |
| 甲 | 3.5m | `R3` | `False` | `False` | `False` | `True` |
| 甲 | 3.5m | `R4` | `True` | `False` | `True` | `True` |
| 甲 | 3.5m | `R5` | `False` | `False` | `True` | `False` |
| 甲 | 3.5m | `R6` | `False` | `False` | `False` | `True` |

────────────────────────────────────────────────────────────────────────────────────────────────────────────────────────────────────
【表 2】`_fo_left`／`_fo_right`（`stepg:647`–`:648` 之區域名）＋ `_b_L0`／`_b_R0`
　　框 ＝ `_select_pool_slot` 之 spy 框內省 ＋ 其實參 `left['b']`／`right['b']`（`stepg:1048`–`:1049`）
　　🛑 `_select_pool_slot` **只在非退化枝**被呼叫（`_degenerate_order` 或 `_N <= 1` ⇒ ⛔ 呼叫）
　　　⇒ 未列之街廓一律 【⛔ 可得】 並載其由
────────────────────────────────────────────────────────────────────────────────────────────────────────────────────────────────────
| 態 | 情境 | 街廓 | _fo_left | _fo_right | _left_buffer_S | _right_buffer_S | _b_L0 | _b_R0 |
|---|---|---|---|---|---|---|---|---|
| 乙 | 0m | `R1` | `False` | `False` | `0.0000000000` | `0.0000000000` | `0.0000000000` | `0.0000000000` |
| 乙 | 0m | `R2` | `False` | `False` | `0.0000000000` | `0.0000000000` | `0.0000000000` | `0.0000000000` |
| 乙 | 0m | `R3` | 【⛔ 可得】 | 【⛔ 可得】 | 【⛔ 可得】 | 【⛔ 可得】 | 【⛔ 可得】 | 【⛔ 可得】 |
| 乙 | 0m | `R4` | `False` | `False` | `0.0000000000` | `0.0000000000` | `0.0000000000` | `0.0000000000` |
| 乙 | 0m | `R5` | 【⛔ 可得】 | 【⛔ 可得】 | 【⛔ 可得】 | 【⛔ 可得】 | 【⛔ 可得】 | 【⛔ 可得】 |
| 乙 | 0m | `R6` | 【⛔ 可得】 | 【⛔ 可得】 | 【⛔ 可得】 | 【⛔ 可得】 | 【⛔ 可得】 | 【⛔ 可得】 |
| 乙 | 3.5m | `R1` | `False` | `False` | `0.0000000000` | `0.0000000000` | `0.0000000000` | `0.0000000000` |
| 乙 | 3.5m | `R2` | `True` | `False` | `8.6960798938` | `0.0000000000` | `6.9804804474` | `0.0000000000` |
| 乙 | 3.5m | `R3` | 【⛔ 可得】 | 【⛔ 可得】 | 【⛔ 可得】 | 【⛔ 可得】 | 【⛔ 可得】 | 【⛔ 可得】 |
| 乙 | 3.5m | `R4` | `False` | `False` | `0.0000000000` | `0.0000000000` | `0.0000000000` | `0.0000000000` |
| 乙 | 3.5m | `R5` | 【⛔ 可得】 | 【⛔ 可得】 | 【⛔ 可得】 | 【⛔ 可得】 | 【⛔ 可得】 | 【⛔ 可得】 |
| 乙 | 3.5m | `R6` | 【⛔ 可得】 | 【⛔ 可得】 | 【⛔ 可得】 | 【⛔ 可得】 | 【⛔ 可得】 | 【⛔ 可得】 |
| 甲 | 0m | `R1` | `False` | `False` | `0.0000000000` | `0.0000000000` | `0.0000000000` | `0.0000000000` |
| 甲 | 0m | `R2` | `False` | `False` | `0.0000000000` | `0.0000000000` | `0.0000000000` | `0.0000000000` |
| 甲 | 0m | `R3` | `False` | `False` | `0.0000000000` | `0.0000000000` | `0.0000000000` | `0.0000000000` |
| 甲 | 0m | `R4` | 【⛔ 可得】 | 【⛔ 可得】 | 【⛔ 可得】 | 【⛔ 可得】 | 【⛔ 可得】 | 【⛔ 可得】 |
| 甲 | 0m | `R5` | `False` | `False` | `0.0000000000` | `0.0000000000` | `0.0000000000` | `0.0000000000` |
| 甲 | 0m | `R6` | `False` | `False` | `0.0000000000` | `0.0000000000` | `0.0000000000` | `0.0000000000` |
| 甲 | 3.5m | `R1` | `False` | `False` | `0.0000000000` | `0.0000000000` | `0.0000000000` | `0.0000000000` |
| 甲 | 3.5m | `R2` | `True` | `False` | `8.6960798938` | `0.0000000000` | `6.9804804474` | `0.0000000000` |
| 甲 | 3.5m | `R3` | `False` | `False` | `0.0000000000` | `0.0000000000` | `0.0000000000` | `0.0000000000` |
| 甲 | 3.5m | `R4` | 【⛔ 可得】 | 【⛔ 可得】 | 【⛔ 可得】 | 【⛔ 可得】 | 【⛔ 可得】 | 【⛔ 可得】 |
| 甲 | 3.5m | `R5` | `False` | `False` | `0.0000000000` | `0.0000000000` | `0.0000000000` | `0.0000000000` |
| 甲 | 3.5m | `R6` | `False` | `False` | `0.0000000000` | `0.0000000000` | `0.0000000000` | `0.0000000000` |

────────────────────────────────────────────────────────────────────────────────────────────────────────────────────────────────────
【表 3】`_adv_final['W0_left'／'W0_right'／'Wf_left'／'Wf_right']`（**未捨入**）
　　框 ＝ `_rw_from_width` 之 spy 框內省（只採 `_sd_tag` 已綁定者 ⇒ telescoping 迴圈內）
　　母體 ＝ **管線可達之街廓**；⛔ 可達者一律 【⛔ 可得】 並載其由
────────────────────────────────────────────────────────────────────────────────────────────────────────────────────────────────────
| 態 | 情境 | 街廓 | W0_left | W0_right | Wf_left | Wf_right |
|---|---|---|---|---|---|---|
| 乙 | 0m | `R1` | `-0.0000000000` | `-0.4000000000` | `24.4900000000` | `27.5500000000` |
| 乙 | 0m | `R2` | `0.0000000000` | `0.0000000000` | `29.6700000000` | `0.0000000000` |
| 乙 | 0m | `R3` | 【⛔ 可得】 | 【⛔ 可得】 | 【⛔ 可得】 | 【⛔ 可得】 |  ← 管線已於 `R4` 中止
| 乙 | 0m | `R4` | `-0.0000000000` | `0.1800000000` | `45.9400000000` | `14.2000000000` |
| 乙 | 0m | `R5` | 【⛔ 可得】 | 【⛔ 可得】 | 【⛔ 可得】 | 【⛔ 可得】 |  ← 管線已於 `R4` 中止
| 乙 | 0m | `R6` | 【⛔ 可得】 | 【⛔ 可得】 | 【⛔ 可得】 | 【⛔ 可得】 |  ← 管線已於 `R4` 中止
| 乙 | 3.5m | `R1` | `-0.0000000000` | `-0.4000000000` | `17.5200000000` | `34.5500000000` |
| 乙 | 3.5m | `R2` | `6.9800000000` | `0.0000000000` | `34.5000000000` | `0.0000000000` |
| 乙 | 3.5m | `R3` | 【⛔ 可得】 | 【⛔ 可得】 | 【⛔ 可得】 | 【⛔ 可得】 |  ← 管線已於 `R4` 中止
| 乙 | 3.5m | `R4` | `-0.0000000000` | `0.1800000000` | `45.9400000000` | `14.2000000000` |
| 乙 | 3.5m | `R5` | 【⛔ 可得】 | 【⛔ 可得】 | 【⛔ 可得】 | 【⛔ 可得】 |  ← 管線已於 `R4` 中止
| 乙 | 3.5m | `R6` | 【⛔ 可得】 | 【⛔ 可得】 | 【⛔ 可得】 | 【⛔ 可得】 |  ← 管線已於 `R4` 中止
| 甲 | 0m | `R1` | `-0.0000000000` | `-0.4000000000` | `24.4900000000` | `27.5500000000` |
| 甲 | 0m | `R2` | `0.0000000000` | `0.0000000000` | `29.6700000000` | `0.0000000000` |
| 甲 | 0m | `R3` | `0.0000000000` | `-3.4000000000` | `0.0000000000` | `28.1300000000` |
| 甲 | 0m | `R4` | `4.4800000000` | `0.0000000000` | `65.1400000000` | `0.0000000000` |
| 甲 | 0m | `R5` | `-0.0000000000` | `0.0000000000` | `21.9800000000` | `0.0000000000` |
| 甲 | 0m | `R6` | `0.0000000000` | `-0.0000000000` | `0.0000000000` | `24.4200000000` |
| 甲 | 3.5m | `R1` | `-0.0000000000` | `-0.4000000000` | `17.5200000000` | `34.5500000000` |
| 甲 | 3.5m | `R2` | `6.9800000000` | `0.0000000000` | `34.5000000000` | `0.0000000000` |
| 甲 | 3.5m | `R3` | `0.0000000000` | `-3.4000000000` | `0.0000000000` | `28.1300000000` |
| 甲 | 3.5m | `R4` | `7.7900000000` | `0.0000000000` | `68.6200000000` | `0.0000000000` |
| 甲 | 3.5m | `R5` | `-0.0000000000` | `0.0000000000` | `22.0000000000` | `0.0000000000` |
| 甲 | 3.5m | `R6` | `0.0000000000` | `-0.0000000000` | `0.0000000000` | `24.4200000000` |

────────────────────────────────────────────────────────────────────────────────────────────────────────────────────────────────────
【表 4】【左】／【右】**第 1 宗指配**之逐字（＝ `_l_forced`／`_r_forced` 之唯一判據）
　　框 ＝ `run_corner_pk` 之**第二**回傳 `_corner_select_results`（`selection_pipeline.py:571`／`:574`）
　　判準逐字 ＝ `'強制抵費地' in str(_r_pk.get('【左】第1宗指配', ''))`（`selection_pipeline.py:612`–`:613`）
────────────────────────────────────────────────────────────────────────────────────────────────────────────────────────────────────
| 態 | 情境 | 街廓 | 【左】第1宗指配 | 【右】第1宗指配 | 【左】最小面積(㎡) | 【右】最小面積(㎡) |
|---|---|---|---|---|---|---|
| 乙 | 0m | `R1` | `G019（628-37）[628-37(1)]` | `G009（628）[628(5)]` | `114.94` | `110.68` |
| 乙 | 0m | `R2` | `G023（628-41）[628-41(1)]` | `無此側` | `152.99` | `無此側` |
| 乙 | 0m | `R3` | `無此側` | `G007（628-45）[628-45(2)]` | `無此側` | `153.8` |
| 乙 | 0m | `R4` | `G009（628）[628(1)]` | `G009（628-1）[628-1(1)]` | `116.08` | `111.02` |
| 乙 | 0m | `R5` | `G005（628-18）[628-18(2)]` | `無此側` | `146.5` | `無此側` |
| 乙 | 0m | `R6` | `無此側` | `G005（628-18）[628-18(1)]` | `無此側` | `146.38` |
| 乙 | 3.5m | `R1` | `G029（628-36）[628-36(1)]` | `G009（628）[628(5)]` | `226.01` | `227.13` |
| 乙 | 3.5m | `R2` | `⚠️ 強制抵費地` | `無此側` | `308.17` | `無此側` |
| 乙 | 3.5m | `R3` | `無此側` | `⚠️ 強制抵費地` | `無此側` | `307.79` |
| 乙 | 3.5m | `R4` | `G009（628）[628(1)]` | `G009（628-1）[628-1(1)]` | `226.01` | `225.42` |
| 乙 | 3.5m | `R5` | `⚠️ 強制抵費地` | `無此側` | `299.73` | `無此側` |
| 乙 | 3.5m | `R6` | `無此側` | `G005（628-18）[628-18(1)]` | `無此側` | `299.13` |
| 甲 | 0m | `R1` | `G019（628-37）[628-37(1)]` | `G009（628）[628(5)]` | `114.94` | `110.68` |
| 甲 | 0m | `R2` | `G023（628-41）[628-41(1)]` | `無此側` | `152.99` | `無此側` |
| 甲 | 0m | `R3` | `無此側` | `G007（628-30）[628-30(3)+]` | `無此側` | `153.8` |
| 甲 | 0m | `R4` | `⚠️ 強制抵費地` | `G009（628）[628(1)+]` | `116.08` | `111.02` |
| 甲 | 0m | `R5` | `G005（628-18）[628-18(2)]` | `無此側` | `146.5` | `無此側` |
| 甲 | 0m | `R6` | `無此側` | `G005（628-18）[628-18(1)]` | `無此側` | `146.38` |
| 甲 | 3.5m | `R1` | `G029（628-36）[628-36(1)]` | `G009（628）[628(5)]` | `226.01` | `227.13` |
| 甲 | 3.5m | `R2` | `⚠️ 強制抵費地` | `無此側` | `308.17` | `無此側` |
| 甲 | 3.5m | `R3` | `無此側` | `G007（628-30）[628-30(3)+]` | `無此側` | `307.79` |
| 甲 | 3.5m | `R4` | `⚠️ 強制抵費地` | `G009（628）[628(1)+]` | `226.01` | `225.42` |
| 甲 | 3.5m | `R5` | `G007（628-45）[628-45(1)+]` | `無此側` | `299.73` | `無此側` |
| 甲 | 3.5m | `R6` | `無此側` | `G005（628-18）[628-18(1)]` | `無此側` | `299.13` |

────────────────────────────────────────────────────────────────────────────────────────────────────────────────────────────────────
【表 5】管線可達之街廓與中止閘（逐態逐情境）
────────────────────────────────────────────────────────────────────────────────────────────────────────────────────────────────────
· 態乙 0m ⇒ 可達 ['R1', 'R2', 'R4']｜中止閘逐字 ＝ 🔴 結構閘 理論＝實跑 破：街廓 R4 right 側 理論@k*=87.83 ≠ 實跑(階段1)=85.41（Δ=2.425 >0.1）｜參考 ΣΔ_i=+0.000（**⛔ 未用於本式**·實測反證見碼註）｜逐界面：[Δ_i·R4·right] （無界面）
· 態乙 3.5m ⇒ 可達 ['R1', 'R2', 'R4']｜中止閘逐字 ＝ 🔴 結構閘 理論＝實跑 破：街廓 R4 right 側 理論@k*=87.83 ≠ 實跑(階段1)=85.41（Δ=2.425 >0.1）｜參考 ΣΔ_i=+0.000（**⛔ 未用於本式**·實測反證見碼註）｜逐界面：[Δ_i·R4·right] （無界面）
· 態甲 0m ⇒ 可達 ['R1', 'R2', 'R4', 'R6', 'R5', 'R3']｜中止閘逐字 ＝ （無·跑完）
· 態甲 3.5m ⇒ 可達 ['R1', 'R2', 'R4', 'R6', 'R5', 'R3']｜中止閘逐字 ＝ （無·跑完）

────────────────────────────────────────────────────────────────────────────────────────────────────────────────────────────────────
【判別力二造】（單 `§三-2` 逐字）
────────────────────────────────────────────────────────────────────────────────────────────────────────────────────────────────────
· 造甲[必非零] 態甲 0m `R4` ⇒ left_forced_offset ＝ `True`（須 `True`）／right_forced_offset ＝ `False`（須 `False`）⇒ ✅
· 造甲[必非零] 態甲 3.5m `R4` ⇒ left_forced_offset ＝ `True`（須 `True`）／right_forced_offset ＝ `False`（須 `False`）⇒ ✅
· 造乙[必為零] 人造街廓名（執行期組出·字面⛔ 出艙）之命中 ＝ **0**（須 `0`）⇒ ✅
· 二造異色 ⇒ 器非紅 ＝ **✅ 是**

────────────────────────────────────────────────────────────────────────────────────────────────────────────────────────────────────
【`§三-3` 停機款之判】
────────────────────────────────────────────────────────────────────────────────────────────────────────────────────────────────────
· `停-1`（態乙 `R4` `right_forced_offset = True`）⇒ 觸發之情境 ＝ 無 ⇒ 🟢 **未觸發**
· `停-2`（態乙 `R4` 二旗標 【⛔ 可得】）⇒ 觸發之情境 ＝ 無 ⇒ 🟢 **未觸發**

────────────────────────────────────────────────────────────────────────────────────────────────────────────────────────────────────
【旁證·⛔ 充實測】`run_corner_pk` 之**第三**回傳 `_off`（＝ `_offset_diag_rows`）
　　🛑 單 `§三-3` 逐字：其與 `left/right_forced_offset` **⛔ 經證為同一物** ⇒ ⛔ 以之代實測
────────────────────────────────────────────────────────────────────────────────────────────────────────────────────────────────────
· 態乙 0m ⇒ `_off` 列數 ＝ 0
· 態乙 3.5m ⇒ `_off` 列數 ＝ 3
    {'街廓': 'R5', '端': '左', '抵費地面積＝range(㎡)': '299.73', '指配': '強制抵費地'}
    {'街廓': 'R2', '端': '左', '抵費地面積＝range(㎡)': '308.17', '指配': '強制抵費地'}
    {'街廓': 'R3', '端': '右', '抵費地面積＝range(㎡)': '307.79', '指配': '強制抵費地'}
· 態甲 0m ⇒ `_off` 列數 ＝ 1
    {'街廓': 'R4', '端': '左', '抵費地面積＝range(㎡)': '116.08', '指配': '強制抵費地'}
· 態甲 3.5m ⇒ `_off` 列數 ＝ 2
    {'街廓': 'R4', '端': '左', '抵費地面積＝range(㎡)': '226.01', '指配': '強制抵費地'}
    {'街廓': 'R2', '端': '左', '抵費地面積＝range(㎡)': '308.17', '指配': '強制抵費地'}
