========================================================================================================================
【`W-G.9-318 補令一` `§二`】閘 `c7′-1`〜`c7′-6`（彙整·唯讀）
========================================================================================================================
🔒 期初（基座）＝ `40375702378af4cefd2d11515fdf3f98c0791580`／期末（`c7′`）＝ `8e056b4c792bdbe164e94bd16601e58c608e9515`
🔒 三軸（`VR-091`）：來源 commit 逐列具名／母體 ＝ 各該 log 與 `got_*.csv`／粒度框 ＝ **列框**（閘）·**逐宗**（土地）

── 閘 `c7′-1`　`_w0_start=` 之列框 ＋ 左右群之 `test`（AST·包層 `for` 之 `iter` 為判據）──
   app.py                     :22184  群 left_group   `test` ＝ not _fo_left       真枝 ＝ 0.0  偽枝 ＝ None
   app.py                     :22299  群 right_group  `test` ＝ not _fo_right      真枝 ＝ 0.0  偽枝 ＝ None
   app.py                     :22316  群 right_group  `test` ＝ not _fo_right      真枝 ＝ 0.0  偽枝 ＝ None
   verify/stepg_pipeline.py   :823    群 left_group   `test` ＝ not _fo_left       真枝 ＝ 0.0  偽枝 ＝ None
   verify/stepg_pipeline.py   :925    群 right_group  `test` ＝ not _fo_right      真枝 ＝ 0.0  偽枝 ＝ None
   verify/stepg_pipeline.py   :941    群 right_group  `test` ＝ not _fo_right      真枝 ＝ 0.0  偽枝 ＝ None
   呼叫端之列框（`_w0_start=(0.0 if`）＝ **6**（補令載之 `6`）｜全字樣 `_w0_start=` ＝ **8**（另含 `c6` 之二簽章預設）
   判別力[必非零] 同框 `_is_chain_head=` ＝ **8**
   ⇒ 閘 `c7′-1` 判 ＝ **✅ 全符**

── 閘 `c7′-2`　`_b_L0`／`_b_R0` 之**讀取節點**（AST）──
   app.py:22461  `_b_L0`  包層 Call ＝ `_select_pool_slot`
   app.py:22463  `_b_R0`  包層 Call ＝ `_select_pool_slot`
   verify/stepg_pipeline.py:1058  `_b_L0`  包層 Call ＝ `_select_pool_slot`
   verify/stepg_pipeline.py:1060  `_b_R0`  包層 Call ＝ `_select_pool_slot`
   讀取節點總數 ＝ **4**（期 `4`·二檔各 `2`·皆在 `_select_pool_slot` 之實參內）
   出現於任何 `_solve_one` 呼叫端者 ＝ **0**（期 `0`）
   判別力[必非零]：`_b_L0` 之全檔字樣命中 ＝ **5**
   ⇒ 閘 `c7′-2` 判 ＝ **✅ 全符**

── 閘 `c7′-3`　**forced 側逐位不變**（態甲·全量·對拍改前基座）──
   🔒 改前基座之 `got_*.csv` ＝ `A_pre_got`（`c5` 之態），其與拋棄式 clone @ `4037570` 之
      `got_*.csv` **18 檔 `sha256` 逐檔相同**（閘 `c5-2` 已機驗）⇒ 得代基座
   受檢 ＝ **18** 檔（基座之全集）｜缺 ＝ 0｜**`sha256` 相異 ＝ 0** []
   🩸 具名：`c7′` 側之目錄另有 `2` 個 `got_G值_*_partial.csv`（態乙之產物）⇒ **⛔ 在基座之全集內**、已排除
   名目序列（判＋名目）逐位相同 ＝ **True**（基座 64／`c7′` 64）
   【對帳 WG9318p_postA_runverif.log】期望 FAIL 名單：**名目 ＋ 失敗原因**（`verify/wv_reconcile.py`）
   名目：凍存 40／現況 40
   類 I  （正規化後相同·自動視為同）＝ 40 項　其中 raw 即相同 35 項
   類 II （僅 traceback 行號不同·⛔ 須逐項具名確認）＝ 0 項　（**空**）
   類 III（訊息實質不同）＝ 0 項　（**空**）
   ✅ **對帳 PASS**——名目與失敗原因皆與凍存相符
   🛑 補令所載之「唯一得非零者 ＝ `0m` 態甲 `R2 left`（`ΔG < 1e-6 ㎡`）」
      ⇒ 實得 **`ΔG` ＝ `0`**（`got_G值` 之 `2dp` 框內·亦即 `< 1e-6` 之要求**滿足**）
   ⇒ 閘 `c7′-3` 判 ＝ **✅ 全符**

── 閘 `c7′-4`（態乙之受詞維持）＋ 閘 `c7′-6`（守恆）──

   ▍情境 0m ｜ 受詞 ＝ `got_G值_退縮0m_partial.csv`（🩸 態乙之管線中止 ⇒ `got_G值_退縮0m.csv` 未被改寫）
     母體：改前 **29**／改後 **29**｜共有 **29**｜只在一側 0／0 ⇒ **可比**
     逐宗非零差 ＝ **1** 宗（共有 29）
       · ('R4', 'right', '628-1(1)')
           Rw(%)        85.4100000000 → 88.4000000000 ｜ Δ +2.9900000000
           G(㎡)         458.4700000000 → 457.5700000000 ｜ Δ -0.9000000000
           S(m)         14.0200000000 → 13.9900000000 ｜ Δ -0.0300000000
           宗地寬度(m)      14.0100000000 → 13.9800000000 ｜ Δ -0.0300000000
     合計 Rw(%)        **ΣΔ ＝ +2.9900000000**（帶號）｜**Σ|Δ| ＝ 2.9900000000**（絕對值）｜非零 1 宗
     合計 G(㎡)         **ΣΔ ＝ -0.9000000000**（帶號）｜**Σ|Δ| ＝ 0.9000000000**（絕對值）｜非零 1 宗
     合計 S(m)         **ΣΔ ＝ -0.0300000000**（帶號）｜**Σ|Δ| ＝ 0.0300000000**（絕對值）｜非零 1 宗
     合計 宗地寬度(m)      **ΣΔ ＝ -0.0300000000**（帶號）｜**Σ|Δ| ＝ 0.0300000000**（絕對值）｜非零 1 宗
     守恆（`R4`）：`ΣG` 1979.5200 → 1978.6200｜Δ -0.9000｜街廓面積 {'3207.87'} **未變** ⇒ 調配池 **+0.9000** ㎡
     抵費地（`got_抵費地_退縮0m.csv`）：改前 0 列／改後 0 列｜逐列 []
       `ΣΔ` ＝ **+0.0000000000**（帶號）｜`Σ|Δ|` ＝ **0.0000000000**（絕對值）

   ▍情境 3.5m ｜ 受詞 ＝ `got_G值_退縮3.5m_partial.csv`（🩸 態乙之管線中止 ⇒ `got_G值_退縮3.5m.csv` 未被改寫）
     母體：改前 **32**／改後 **32**｜共有 **32**｜只在一側 0／0 ⇒ **可比**
     逐宗非零差 ＝ **1** 宗（共有 32）
       · ('R4', 'right', '628-1(1)')
           Rw(%)        85.4100000000 → 88.4000000000 ｜ Δ +2.9900000000
           G(㎡)         458.4700000000 → 457.5700000000 ｜ Δ -0.9000000000
           S(m)         14.0200000000 → 13.9900000000 ｜ Δ -0.0300000000
           宗地寬度(m)      14.0100000000 → 13.9800000000 ｜ Δ -0.0300000000
     合計 Rw(%)        **ΣΔ ＝ +2.9900000000**（帶號）｜**Σ|Δ| ＝ 2.9900000000**（絕對值）｜非零 1 宗
     合計 G(㎡)         **ΣΔ ＝ -0.9000000000**（帶號）｜**Σ|Δ| ＝ 0.9000000000**（絕對值）｜非零 1 宗
     合計 S(m)         **ΣΔ ＝ -0.0300000000**（帶號）｜**Σ|Δ| ＝ 0.0300000000**（絕對值）｜非零 1 宗
     合計 宗地寬度(m)      **ΣΔ ＝ -0.0300000000**（帶號）｜**Σ|Δ| ＝ 0.0300000000**（絕對值）｜非零 1 宗
     守恆（`R4`）：`ΣG` 1979.5200 → 1978.6200｜Δ -0.9000｜街廓面積 {'3207.87'} **未變** ⇒ 調配池 **+0.9000** ㎡
     抵費地（`got_抵費地_退縮3.5m.csv`）：改前 3 列／改後 3 列｜逐列 [(('R2', '左'), 308.17, 308.17), (('R3', '右'), 307.79, 307.79), (('R5', '左'), 299.73, 299.73)]
       `ΣΔ` ＝ **+0.0000000000**（帶號）｜`Σ|Δ|` ＝ **0.0000000000**（絕對值）

   🔒 **三者對拍**：`c7′` 之態乙 `R4 right 628-1(1)` ＝ `ΔRw +2.99`／`ΔG −0.90`；
      `c7`（`b1141a3`）之同格 ＝ **同值**；`W-G.9-316R` 替身 `α` 之同格 ＝ **同值** ⇒ **三者逐值相符**

── 閘 `c7′-5`　二結構閘之**三值判**（`telescoping` **先**／`理論＝實跑` **後**）──

   ▍基座 `4037570`·態甲
   | 街廓·側 | `telescoping`（先） | `理論＝實跑`（後） |
   |---|---|---|
   | `R1`·left | 🟢 已執行且通過 | 🟢 已執行且通過 |
   | `R1`·right | 🟢 已執行且通過 | 🟢 已執行且通過 |
   | `R2`·left | 🟢 已執行且通過 | 🟢 已執行且通過 |
   | `R2`·right | 🛑 未執行 | 🟢 已執行且通過 |
   | `R3`·left | 🛑 未執行 | 🟢 已執行且通過 |
   | `R3`·right | 🟢 已執行且通過 | 🟢 已執行且通過 |
   | `R4`·left | 🟢 已執行且通過 | 🛑 未執行 |
   | `R4`·right | 🟢 已執行且通過 | 🛑 未執行 |
   | `R5`·left | 🟢 已執行且通過 | 🟢 已執行且通過 |
   | `R5`·right | 🛑 未執行 | 🟢 已執行且通過 |
   | `R6`·left | 🛑 未執行 | 🟢 已執行且通過 |
   | `R6`·right | 🟢 已執行且通過 | 🟢 已執行且通過 |

   ▍`c7′` `8e056b4`·態甲
   | 街廓·側 | `telescoping`（先） | `理論＝實跑`（後） |
   |---|---|---|
   | `R1`·left | 🟢 已執行且通過 | 🟢 已執行且通過 |
   | `R1`·right | 🟢 已執行且通過 | 🟢 已執行且通過 |
   | `R2`·left | 🟢 已執行且通過 | 🟢 已執行且通過 |
   | `R2`·right | 🛑 未執行 | 🟢 已執行且通過 |
   | `R3`·left | 🛑 未執行 | 🟢 已執行且通過 |
   | `R3`·right | 🟢 已執行且通過 | 🟢 已執行且通過 |
   | `R4`·left | 🟢 已執行且通過 | 🛑 未執行 |
   | `R4`·right | 🟢 已執行且通過 | 🛑 未執行 |
   | `R5`·left | 🟢 已執行且通過 | 🟢 已執行且通過 |
   | `R5`·right | 🛑 未執行 | 🟢 已執行且通過 |
   | `R6`·left | 🛑 未執行 | 🟢 已執行且通過 |
   | `R6`·right | 🟢 已執行且通過 | 🟢 已執行且通過 |

   ▍基座 `4037570`·態乙
   | 街廓·側 | `telescoping`（先） | `理論＝實跑`（後） |
   |---|---|---|
   | `R1`·left | 🟢 已執行且通過 | 🟢 已執行且通過 |
   | `R1`·right | 🟢 已執行且通過 | 🟢 已執行且通過 |
   | `R2`·left | 🟢 已執行且通過 | 🟢 已執行且通過 |
   | `R2`·right | 🛑 未執行 | 🟢 已執行且通過 |
   | `R3`·left | 🛑 未執行 | 🛑 未執行 |
   | `R3`·right | 🛑 未執行 | 🛑 未執行 |
   | `R4`·left | 🟢 已執行且通過 | 🟢 已執行且通過 |
   | `R4`·right | 🟢 已執行且通過 | 🔴 已執行且破 |
   | `R5`·left | 🛑 未執行 | 🛑 未執行 |
   | `R5`·right | 🛑 未執行 | 🛑 未執行 |
   | `R6`·left | 🛑 未執行 | 🛑 未執行 |
   | `R6`·right | 🛑 未執行 | 🛑 未執行 |
     🔴 `理論＝實跑` 破 ('R4', 'right') ｜ RuntimeError: 🔴 結構閘 理論＝實跑 破：街廓 R4 right 側 理論@k*=87.83 ≠ 實跑(階段1)=85.41（Δ=2.425 >0.1）｜參考 ΣΔ_i=+0.000（**⛔ 未用於本式**·實測反證見碼註）｜逐界面：[Δ_i·R4·right] （無界面）

   ▍`c7′` `8e056b4`·態乙
   | 街廓·側 | `telescoping`（先） | `理論＝實跑`（後） |
   |---|---|---|
   | `R1`·left | 🟢 已執行且通過 | 🟢 已執行且通過 |
   | `R1`·right | 🟢 已執行且通過 | 🟢 已執行且通過 |
   | `R2`·left | 🟢 已執行且通過 | 🟢 已執行且通過 |
   | `R2`·right | 🛑 未執行 | 🟢 已執行且通過 |
   | `R3`·left | 🛑 未執行 | 🛑 未執行 |
   | `R3`·right | 🛑 未執行 | 🛑 未執行 |
   | `R4`·left | 🟢 已執行且通過 | 🟢 已執行且通過 |
   | `R4`·right | 🟢 已執行且通過 | 🔴 已執行且破 |
   | `R5`·left | 🛑 未執行 | 🛑 未執行 |
   | `R5`·right | 🛑 未執行 | 🛑 未執行 |
   | `R6`·left | 🛑 未執行 | 🛑 未執行 |
   | `R6`·right | 🛑 未執行 | 🛑 未執行 |
     🔴 `理論＝實跑` 破 ('R4', 'right') ｜ RuntimeError: 🔴 結構閘 理論＝實跑 破：街廓 R4 right 側 理論@k*=87.72 ≠ 實跑(階段1)=88.40（Δ=0.676 >0.1）｜參考 ΣΔ_i=+0.000（**⛔ 未用於本式**·實測反證見碼註）｜逐界面：[Δ_i·R4·right] （無界面）

   🔒 **態甲之十二格三值判 基座 vs `c7′` 逐格相同 ＝ True**
   🩸 **照實（⛔ 追改期值）**：態乙 `R4 right` 之 `理論＝實跑` `Δ` 由 **`2.425`**（基座）
      轉 **`0.676`**（`c7′`）——與 `c7`（`b1141a3`）**同值**；`telescoping` 於**基座即已 🟢**
