態 ＝ `bc97c9d72d1680e820872aba787ecc453fa3a509`／母體 ＝ 全倉追蹤 `.md` `857` 檔

==============================================================================
## 款 `a`　定義形命中 ＝ 0
  🔴 ⛔ 定義形；引用 ＝ 1，逐列如下（供判可重建與否）：
    · docs/reports/W-G.9-318R4_補令三_保全push之授權與四簿期值更正及自誤441_執行報告.md:115
      | `1` | 🔴 **恆常附款 `a`〜`i` 之逐字**——倉內⛔ 可得（`a`–`d`／`f` 命中 `0`；`e`／`g`／`h`／`i` 僅見引用）。交接文已逐款標【⛔ 可得】；**請補其定義列**，俾新窗之 `§6` 表完整 |

==============================================================================
## 款 `b`　定義形命中 ＝ 0
  🔴 ⛔ 定義形；引用 ＝ 2，逐列如下（供判可重建與否）：
    · docs/orders/W-G.9-313_施工單_自誤426與312二態對拍之登記.md:109
      **根因**：假說之受詞（步驟 0 之開關 × `F.0` 之驅動）與既有阻塞項之受詞（同一開關 × `run_step_g` 之中止）**重疊而未被辨識**——新窗於前一批（`W-G.9-311`）只以 `F.0`／`七級調配`／`錨檢破` 為鍵搜正典，**未以「開關之名」與「街廓·側」為鍵搜 `GB` 簿**；且 `恆常附款 b`（擬鑄之裁須全倉查既有之裁）之受詞僅及於「**裁**」，**未及於「量測」**。
    · docs/reports/W-G.9波_claude.ai側自誤登記.md:10529
      **根因**：假說之受詞（步驟 0 之開關 × `F.0` 之驅動）與既有阻塞項之受詞（同一開關 × `run_step_g` 之中止）**重疊而未被辨識**——新窗於前一批（`W-G.9-311`）只以 `F.0`／`七級調配`／`錨檢破` 為鍵搜正典，**未以「開關之名」與「街廓·側」為鍵搜 `GB` 簿**；且 `恆常附款 b`（擬鑄之裁須全倉查既有之裁）之受詞僅及於「**裁**」，**未及於「量測」**。

==============================================================================
## 款 `c`　定義形命中 ＝ 1
--- 定義處 docs/orders/W-G.9-308_補令一_K-9-38與K-9-39之鑄及自誤420至421與款4之靜態結案.md:38
    - ⇒ 以工項四之探針對**生產碼 `34` 檔之全部呼叫**全證之，並立為恆常附款（`§一-1` 款 `c`）。
    ↳ 指向該單 `§一-1` 之款 `c` 列，逐字抽取如下：

==============================================================================
## 款 `d`　定義形命中 ＝ 1
--- 定義處 docs/orders/W-G.9-310_施工單_K-9-40之鑄與三則末端註記及自誤422.md:43
    6. **恆常附款之增補**：`自誤 422` 之攔法立為恆常附款（`§一-1` 款 `d`）。
    ↳ 指向該單 `§一-1` 之款 `d` 列，逐字抽取如下：

==============================================================================
## 款 `e`　定義形命中 ＝ 0
  🔴 ⛔ 定義形；引用 ＝ 8，逐列如下（供判可重建與否）：
    · docs/orders/W-G.9-314_施工單_自誤427與428之鑄及恆常附款jk之立.md:98
      ② **`恆常附款 e` 之射程擴及「落地後之機驗」**——凡期值之母體含本單自身之產物者，一律寫為「**除本單自身之產物外 ＝ `N`**」，⛔ 只施於開工閘；
    · docs/orders/W-G.9-314_施工單_自誤427與428之鑄及恆常附款jk之立.md:136
      **根因**：① 期值之設未以既例坐實，而以「哨兵應可見於受改檔」之**自洽直覺**代之（`ways-of-working` 所載「自洽而直覺上有說服力之論證最危險」之形）；② `恆常附款 e`（`自誤 423` 之攔法：期值之母體含本單自身之產物 ⇒ 寫為「除本單自身之產物外 ＝ `N`」）**之射程僅及於開工閘之未占查**——該款於同單 `§一` 閘 `9` 確已生效，**卻未及於「落地後之機驗」**；③ `考古 81` 之自問（「這份單裡有沒有兩句話，照 A 辦會違反 B？」）於 `§四` 未施行。
    · docs/orders/W-G.9-314_施工單_自誤427與428之鑄及恆常附款jk之立.md:142
      ② **`恆常附款 e` 之射程擴及「落地後之機驗」**：凡期值之母體含本單自身之產物者，一律寫為「除本單自身之產物外 ＝ `N`」，⛔ 只施於開工閘；
    · docs/orders/W-G.9-315_施工單_K-9-5-12反事實之態乙驅動與自誤429.md:175
      **根因**：既規「凡出艙之數，同格載其框、母體與產生指令」逐字載於單之 `§六`（**報告之格**），**其受詞僅及於 CC 之報告，未及於單自身所設之期值**——射程之漏，與 `自誤 427` 之「`恆常附款 e` 之射程僅及開工閘」同族（**款之射程未涵蓋單自身**）。
    · docs/orders/W-G.9-318_施工單_K-9-41①之落地與W0起算點之修及自誤433.md:78
      | `9` | 取號現查 `自誤 433`（錨定框·B 形 ⋀ C 形並取·母體 ＝ HEAD 追蹤 `.md`） | **除本單自身之產物外 ＝ `0`**（恆常附款 `e`·`j②` 之射程含本閘與落地後之機驗）；對照甲 `自誤 432` `> 0`；對照乙 人造哨兵（執行期組出·字面⛔ 出艙）＝ `0` |
    · docs/reports/W-G.9波_claude.ai側自誤登記.md:10547
      **根因**：① 期值之設未以既例坐實，而以「哨兵應可見於受改檔」之**自洽直覺**代之（`ways-of-working` 所載「自洽而直覺上有說服力之論證最危險」之形）；② `恆常附款 e`（`自誤 423` 之攔法：期值之母體含本單自身之產物 ⇒ 寫為「除本單自身之產物外 ＝ `N`」）**之射程僅及於開工閘之未占查**——該款於同單 `§一` 閘 `9` 確已生效，**卻未及於「落地後之機驗」**；③ `考古 81` 之自問（「這份單裡有沒有兩句話，照 A 辦會違反 B？」）於 `§四` 未施行。
    · docs/reports/W-G.9波_claude.ai側自誤登記.md:10553
      ② **`恆常附款 e` 之射程擴及「落地後之機驗」**：凡期值之母體含本單自身之產物者，一律寫為「除本單自身之產物外 ＝ `N`」，⛔ 只施於開工閘；
    · docs/reports/W-G.9波_claude.ai側自誤登記.md:10582
      **根因**：既規「凡出艙之數，同格載其框、母體與產生指令」逐字載於單之 `§六`（**報告之格**），**其受詞僅及於 CC 之報告，未及於單自身所設之期值**——射程之漏，與 `自誤 427` 之「`恆常附款 e` 之射程僅及開工閘」同族（**款之射程未涵蓋單自身**）。

==============================================================================
## 款 `f`　定義形命中 ＝ 0
  🔴 ⛔ 定義形；引用 ＝ 0，逐列如下（供判可重建與否）：

==============================================================================
## 款 `g`　定義形命中 ＝ 0
  🔴 ⛔ 定義形；引用 ＝ 5，逐列如下（供判可重建與否）：
    · docs/orders/W-G.9-314_施工單_自誤427與428之鑄及恆常附款jk之立.md:67
      | `.gitignore`（恆常附款 `g`） | `.gitignore` `31` 列 | 及於 `docs/` 或 `*.md` 者 ＝ **`0`** | 本批三入倉對象（單／自誤簿／報告）**皆非忽略族** |
    · docs/orders/W-G.9-315_施工單_K-9-5-12反事實之態乙驅動與自誤429.md:70
      | `.gitignore`（恆常附款 `g`） | `:30` `verify/out/got_*`／`:31` `verify/out/W-D.4_*` | 本批落檔**⛔ 取 `got_` 或 `W-D.4_` 起首之名** | 見 `§四` |
    · docs/orders/W-G.9-315_施工單_K-9-5-12反事實之態乙驅動與自誤429.md:91
      | `12` | `python -c` 讀 `.gitignore` 之 `:30`／`:31` 逐字 | `verify/out/got_*`／`verify/out/W-D.4_*`；本批落檔之名⛔ 落入該二族（恆常附款 `g`） |
    · docs/orders/W-G.9-316_施工單_W0消費者定位與項5補測及自誤430_431.md:69
      | `.gitignore`（恆常附款 `g`） | `:30` `verify/out/got_*`／`:31` `verify/out/W-D.4_*` | 本批落檔名 `WG9316_*` ⛔ 落入該二族 |
    · docs/orders/W-G.9-316_施工單_W0消費者定位與項5補測及自誤430_431.md:91
      | `13` | `.gitignore` 之 `:30`／`:31` 逐字 | `verify/out/got_*`／`verify/out/W-D.4_*`；本批落檔名 `WG9316_*` ⛔ 落入該二族（恆常附款 `g`） |

==============================================================================
## 款 `h`　定義形命中 ＝ 0
  🔴 ⛔ 定義形；引用 ＝ 7，逐列如下（供判可重建與否）：
    · docs/orders/W-G.9-314_施工單_自誤427與428之鑄及恆常附款jk之立.md:122
      🛑 **凡含反引號之文字一律以檔案管線為之**（恆常附款 `h`）。
    · docs/orders/W-G.9-314_施工單_自誤427與428之鑄及恆常附款jk之立.md:207
      🛑 **⛔ 以 shell 命令列傳遞含反引號之文字**——凡含反引號之文字一律**以檔案管線**為之（恆常附款 `h`）；
    · docs/orders/W-G.9-315_施工單_K-9-5-12反事實之態乙驅動與自誤429.md:165
      🛑 凡含反引號之文字一律**以檔案管線**為之（恆常附款 `h`）。
    · docs/orders/W-G.9-315_施工單_K-9-5-12反事實之態乙驅動與自誤429.md:224
      🛑 **⛔ 以 shell 命令列傳遞含反引號之文字**（恆常附款 `h`）；
    · docs/orders/W-G.9-316_施工單_W0消費者定位與項5補測及自誤430_431.md:162
      🛑 凡含反引號之文字一律**以檔案管線**為之（恆常附款 `h`）。
    · docs/orders/W-G.9-316_施工單_W0消費者定位與項5補測及自誤430_431.md:287
      🛑 **⛔ 以 shell 命令列傳遞含反引號之文字**（恆常附款 `h`）；
    · docs/reports/W-G.9-314R_自誤427與428之鑄及恆常附款jk之立_執行報告.md:7
      > 🛑 **⛔ 以 shell 命令列傳遞含反引號之文字**——本批一切含反引號之樣式皆以**檔案管線**為之（恆常附款 `h`）。

==============================================================================
## 款 `i`　定義形命中 ＝ 0
  🔴 ⛔ 定義形；引用 ＝ 2，逐列如下（供判可重建與否）：
    · docs/orders/W-G.9-314_施工單_自誤427與428之鑄及恆常附款jk之立.md:66
      | `GB` 簿之阻塞項（恆常附款 `i`） | `GB` 簿全文 | 本批之受詞（二則自誤之鑄）**非量測** ⇒ ⛔ 相關阻塞項 | 本批⛔ 涉任何 `GB` |
    · docs/orders/W-G.9-315_施工單_K-9-5-12反事實之態乙驅動與自誤429.md:48
      🔒 **`W-G.9-278` 之替身僅施於 `α`**，且其驅動母體為**態甲 ∩ 情形甲**（其 `W_prev` 皆 `≤ 0` ⇒ 結構上為空操作）而**停機上呈**（`W-G.9-278R` `§二`）；`W-G.9-279` 將受詞改繫於 `R(W_0)` 之性質量測並**收窄 `GB-169`**，其 `§二-7` 所列之方向 `(a)`（**改以態乙為驅動母體**）**迄 `W-G.9-314` 未取**。⇒ 依恆常附款 `i`，本批與既有登記之關係 ＝ **擴充**（⛔ 復現、⛔ 新題）。

==============================================================================
## 款 `j`　定義形命中 ＝ 2
--- 定義處 docs/orders/W-G.9-314_施工單_自誤427與428之鑄及恆常附款jk之立.md:140
    **攔法（三款·立為恆常附款 `j`）**：
--- 定義處 docs/reports/W-G.9波_claude.ai側自誤登記.md:10551
    **攔法（三款·立為恆常附款 `j`）**：

==============================================================================
## 款 `k`　定義形命中 ＝ 2
--- 定義處 docs/orders/W-G.9-314_施工單_自誤427與428之鑄及恆常附款jk之立.md:163
    **攔法（三款·立為恆常附款 `k`）**：
--- 定義處 docs/reports/W-G.9波_claude.ai側自誤登記.md:10569
    **攔法（三款·立為恆常附款 `k`）**：

==============================================================================
## 款 `l`　定義形命中 ＝ 2
--- 定義處 docs/orders/W-G.9-315_施工單_K-9-5-12反事實之態乙驅動與自誤429.md:181
    **攔法（四款·立為恆常附款 `l`）**：
--- 定義處 docs/reports/W-G.9波_claude.ai側自誤登記.md:10588
    **攔法（四款·立為恆常附款 `l`）**：

==============================================================================
## 款 `m`　定義形命中 ＝ 2
--- 定義處 docs/orders/W-G.9-316_施工單_W0消費者定位與項5補測及自誤430_431.md:178
    **攔法（三款·立為恆常附款 `m`）**：
--- 定義處 docs/reports/W-G.9波_claude.ai側自誤登記.md:10607
    **攔法（三款·立為恆常附款 `m`）**：

==============================================================================
## 款 `n`　定義形命中 ＝ 2
--- 定義處 docs/orders/W-G.9-316_施工單_W0消費者定位與項5補測及自誤430_431.md:197
    **攔法（二款·立為恆常附款 `n`）**：
--- 定義處 docs/reports/W-G.9波_claude.ai側自誤登記.md:10623
    **攔法（二款·立為恆常附款 `n`）**：

==============================================================================
## 款 `o`　定義形命中 ＝ 2
--- 定義處 docs/orders/W-G.9-317_施工單_K-9-41之鑄與落地前最後定位及自誤432.md:188
    **攔法（三款·立為恆常附款 `o`）**：
--- 定義處 docs/reports/W-G.9波_claude.ai側自誤登記.md:10640
    **攔法（三款·立為恆常附款 `o`）**：

==============================================================================
## 款 `p`　定義形命中 ＝ 2
--- 定義處 docs/orders/W-G.9-318_施工單_K-9-41①之落地與W0起算點之修及自誤433.md:299
    > **攔法（三款·立為恆常附款 `p`）**：
--- 定義處 docs/reports/W-G.9波_claude.ai側自誤登記.md:10659
    **攔法（三款·立為恆常附款 `p`）**：

==============================================================================
## 款 `q`　定義形命中 ＝ 2
--- 定義處 docs/orders/W-G.9-318_補令一_forced側之避讓與自誤434至438.md:109
    **攔法（立為恆常附款 `q`）**：① 凡呈 KL 之【對土地的影響】，須**逐態並列**（含現行預設之態），各載其受影響之宗集合、母體基數與未變之宗數；② 其值若取自**替身**，須同格具名「替身·非忠實·⛔ 確值」；③ 二態之受影響宗**不同一**時，須明列為二列，⛔ 合併為一數。
--- 定義處 docs/reports/W-G.9波_claude.ai側自誤登記.md:10667
    **攔法（立為恆常附款 `q`）**：① 凡呈 KL 之【對土地的影響】，須**逐態並列**（含現行預設之態），各載其受影響之宗集合、母體基數與未變之宗數；② 其值若取自**替身**，須同格具名「替身·非忠實·⛔ 確值」；③ 二態之受影響宗**不同一**時，須明列為二列，⛔ 合併為一數。

==============================================================================
## 款 `r`　定義形命中 ＝ 2
--- 定義處 docs/orders/W-G.9-318_補令一_forced側之避讓與自誤434至438.md:114
    **攔法（立為恆常附款 `r`）**：凡單所設之閘之期值，須**同格載該閘之基線態（三值）並附其倉內出處逐字**；⛔ 只寫改後之態。
--- 定義處 docs/reports/W-G.9波_claude.ai側自誤登記.md:10672
    **攔法（立為恆常附款 `r`）**：凡單所設之閘之期值，須**同格載該閘之基線態（三值）並附其倉內出處逐字**；⛔ 只寫改後之態。

==============================================================================
## 款 `s`　定義形命中 ＝ 2
--- 定義處 docs/orders/W-G.9-318_補令一_forced側之避讓與自誤434至438.md:118
    **攔法（立為恆常附款 `s`）**：凡設殘差之期值帶者，出單前須先判「本修是否回授至該殘差之輸入」；**有回授者⛔ 以改前之輸入值定帶**，改以「**方向 ＋ 量級 ＋ 排除帶**」設期值（本案之排除帶 ＝ `2.42`〜`2.43` ⇒ 該形已生效，故未誤停機）。
--- 定義處 docs/reports/W-G.9波_claude.ai側自誤登記.md:10676
    **攔法（立為恆常附款 `s`）**：凡設殘差之期值帶者，出單前須先判「本修是否回授至該殘差之輸入」；**有回授者⛔ 以改前之輸入值定帶**，改以「**方向 ＋ 量級 ＋ 排除帶**」設期值（本案之排除帶 ＝ `2.42`〜`2.43` ⇒ 該形已生效，故未誤停機）。

==============================================================================
## 款 `t`　定義形命中 ＝ 2
--- 定義處 docs/orders/W-G.9-318_補令一_forced側之避讓與自誤434至438.md:122
    **攔法（立為恆常附款 `t`）**：凡令「純插入」且以既有文字為錨者，出單前須自倉現查**該錨是否獨占一列**；否則須明載「本處得增 `1` 刪 `1`」並於收工閘之刪除欄**預先具名豁免**。
--- 定義處 docs/reports/W-G.9波_claude.ai側自誤登記.md:10680
    **攔法（立為恆常附款 `t`）**：凡令「純插入」且以既有文字為錨者，出單前須自倉現查**該錨是否獨占一列**；否則須明載「本處得增 `1` 刪 `1`」並於收工閘之刪除欄**預先具名豁免**。

==============================================================================
## 款 `u`　定義形命中 ＝ 2
--- 定義處 docs/orders/W-G.9-318_補令一_forced側之避讓與自誤434至438.md:129
    **攔法（立為恆常附款 `u`）**：① 凡單令將**任一既有之量接入新路徑**者，出單前須以該量之**產生式**（⛔ 其名）逐一比對 `GB` 簿之**未解除項之受詞**，並於單內同格具名「該量⛔ 為任何未解除 `GB` 項之受詞」或「係 `GB-N` 之受詞 ⇒ 本單⛔ 接之」；② 交接文所令之「讀至檔末」⛔ 以「讀節題 ＋ 失效條件」代之，須逐段具名已讀；③ 凡新接之量其土地後果與某未解除 `GB` 項之既載量**同量級同格**者，**一律先判為該項之引入**，舉證責任在「主張其非」之一方。
--- 定義處 docs/reports/W-G.9波_claude.ai側自誤登記.md:10687
    **攔法（立為恆常附款 `u`）**：① 凡單令將**任一既有之量接入新路徑**者，出單前須以該量之**產生式**（⛔ 其名）逐一比對 `GB` 簿之**未解除項之受詞**，並於單內同格具名「該量⛔ 為任何未解除 `GB` 項之受詞」或「係 `GB-N` 之受詞 ⇒ 本單⛔ 接之」；② 交接文所令之「讀至檔末」⛔ 以「讀節題 ＋ 失效條件」代之，須逐段具名已讀；③ 凡新接之量其土地後果與某未解除 `GB` 項之既載量**同量級同格**者，**一律先判為該項之引入**，舉證責任在「主張其非」之一方。

==============================================================================
## 款 `v`　定義形命中 ＝ 2
--- 定義處 docs/orders/W-G.9-318_補令二_換窗前之保全與GB-171及自誤439_440.md:122
    > **攔法（三款·立為恆常附款 `v`）**：
--- 定義處 docs/reports/W-G.9波_claude.ai側自誤登記.md:10701
    **攔法（三款·立為恆常附款 `v`）**：

==============================================================================
## 款 `w`　定義形命中 ＝ 2
--- 定義處 docs/orders/W-G.9-318_補令三_保全push之授權與四簿期值更正及自誤441.md:79
    > **攔法（三款·立為恆常附款 `w`）**：
--- 定義處 docs/reports/W-G.9波_claude.ai側自誤登記.md:10727
    **攔法（三款·立為恆常附款 `w`）**：
