【`W-G.9-302` 工項二｜側界資料之來源現查】
態 ＝ 7ca8e3adbf459bbf928d3a2fc1fc7e458c0c1a1d
母體（**產生指令** ＝ `git ls-tree HEAD --name-only verify/` ⋂ `*.py` ＋ `app.py`）　基數 ＝ **34**　外部錨（`§零` 閘 `7`）＝ **34** ⇒ ✅ 相符

================================================================================================================
款 `1`　**側界符號之全量現查**（母體 ＝ `ns` 之全部鍵·**四字樣分列並報**·⛔ 合併）
================================================================================================================
🔒 母體之**產生指令** ＝ `app.py` 之 `ast.parse(...).body` 頂層名之集　基數 ＝ **286**
   （🛑 **本批自行重得**·`W-G.9-301R` 實測 `286` ⇒ 相符）

── 字樣 `f3_cad_side_lines_by_side` ── 命中之鍵 ＝ **7** 個（**全量列舉**·⛔ 只報基數）：
      `_anchor_chamfers_topology`
      `_annotate_temp_parcel_cut_type`
      `_build_burden_range`
      `_build_wf_ctx`
      `_first_corner_alloc_dir`
      `main`
      `select_corner_lots_both_sides_v12`
── 字樣 `side_line` ── 命中之鍵 ＝ **20** 個（**全量列舉**·⛔ 只報基數）：
      `_anchor_chamfers_topology`
      `_annotate_temp_parcel_cut_type`
      `_build_burden_range`
      `_build_corner_range_v3`
      `_build_wf_ctx`
      `_chamfer_line_for_side`
      `_compute_per_end_cutoff_areas`
      `_extract_corner_cut_line`
      `_first_corner_alloc_dir`
      `_make_chamfer_tri_wb`
      `_pk_one_side_v12`
      `_rebuild_corners_topology`
      `_split_cutoffs_by_side`
      `build_cad_binding_table`
      `k6_step0_block_locked`
      `k6_step0_merge`
      `k97_solve_alloc_t`
      `main`
      `parse_cad_precision_layers`
      `select_corner_lots_both_sides_v12`
── 字樣 `SIDE_LINE` ── 命中之鍵 ＝ **17** 個（**全量列舉**·⛔ 只報基數）：
      `_annotate_block_corner_flags`
      `_build_burden_range`
      `_build_corner_range_v3`
      `_corner_block_true_G`
      `_corner_first_lot_G`
      `_extract_corner_cut_line`
      `_first_corner_alloc_dir`
      `_is_excluded_from_cadastral`
      `_place_pool_parcels`
      `_pool_overlap_len_s`
      `_rebuild_corners_topology`
      `_select_pool_slot`
      `_shift_cut_block_range`
      `k97_solve_alloc_t`
      `k98_virtual_measure_block`
      `main`
      `parse_cad_precision_layers`
── 字樣 `side_mid` ── 命中之鍵 ＝ **12** 個（**全量列舉**·⛔ 只報基數）：
      `_blue_shadow_tri`
      `_build_burden_range`
      `_corner_block_true_G`
      `_corner_first_lot_G`
      `_first_corner_alloc_dir`
      `_lot_gate`
      `_place_pool_parcels`
      `_shift_cut_block_range`
      `_solve_G_one`
      `k956_W_from_mp`
      `main`
      `solve_G_binary`

判別力[必為零] 一**執行期組出**之人造字樣（字面⛔ 出艙）於全母體命中 ＝ **0** ⇒ ✅

================================================================================================================
款 `2`　🔑 `f3_cad_side_lines_by_side` 之全部**寫入處**與**讀取處**（**三形分列並報** ＋ 文字層對照）
================================================================================================================
   形甲 Subscript.slice 為該常數            處 ＝ **2**／檔 ＝ **2**
   形乙 Assign 之目標含之                    處 ＝ **2**／檔 ＝ **2**
   形丙 .get(<該常數>) 之 Call              處 ＝ **9**／檔 ＝ **2**
   ⇒ 三形之**聯集** ＝ **11** 處／**3** 檔
   **文字層列框** ＝ **19** 列／**6** 檔（**二數並報**）
      app.py                               13 列
      verify/run_verification.py           2 列
      verify/stepg_pipeline.py             1 列
      verify/wg_g1_smoke.py                1 列
      verify/wg_g2_smoke.py                1 列
      verify/wg_g3.py                      1 列
   🛑 **loud 具名：二數相異**（差 ＝ 8）——其成因逐項：
      · `app.py` ⛔ 三形之列：`side_lines  {'left'/'right': {'p1','p2'|'pts'}}（f3_cad_side_lines_by_side[blk]；側別可`
      · `app.py` ⛔ 三形之列：`#   side_lines_by_side    : `f3_cad_side_lines_by_side`（`{label: {'left','right'}}`
      · `app.py` ⛔ 三形之列：`| 「宗地側街臨街線實際長度之**中點**」 | 參數 `side_mid`（＝SIDE_LINE 中點·由 `f3_cad_side_lines_by_side``
      · `app.py` ⛔ 三形之列：`"`f3_cad_side_lines_by_side` 查無對應側界 ⇒ 停（no-silent-fallback）")`
      · `app.py` ⛔ 三形之列：`'f3_cad_side_lines_by_side', {}) or {}).get(_lbl, {})`
      · `app.py` ⛔ 三形之列：`'f3_cad_side_lines_by_side', {}) or {}).get(blk_label, {}) or {}`
      · `verify/run_verification.py` ⛔ 三形之列：`"f3_cad_side_lines_by_side": _cad.get("side_lines_by_side", {}),`
      · `verify/wg_g1_smoke.py` ⛔ 三形之列：`"f3_cad_side_lines_by_side": cad.get("side_lines_by_side", {}),`
      · `verify/wg_g2_smoke.py` ⛔ 三形之列：`"f3_cad_side_lines_by_side": cad.get("side_lines_by_side", {}),`
      · `verify/wg_g3.py` ⛔ 三形之列：`"f3_cad_side_lines_by_side": cad.get("side_lines_by_side", {}),`

────────────────────────────────────────────────────────────────────────────────────────────────────────────────
`app.py` :: `_annotate_temp_parcel_cut_type`　**讀取**
   字樣錨（⛔ 行號為錨）＝ `_ss_k6.get('f3_cad_side_lines_by_side', {}) or {},`
   ⛔ 非錨·當態 blob 之位 ＝ :4296
`app.py` :: `select_corner_lots_both_sides_v12`　**讀取**
   字樣錨（⛔ 行號為錨）＝ `_slbs_wb = _st_wb5.session_state.get('f3_cad_side_lines_by_side', {}) or {}`
   ⛔ 非錨·當態 blob 之位 ＝ :13097
`app.py` :: `_first_corner_alloc_dir`　**讀取**
   字樣錨（⛔ 行號為錨）＝ `_slbs = (_st_fc.session_state.get('f3_cad_side_lines_by_side', {}) or {})`
   ⛔ 非錨·當態 blob 之位 ＝ :13944
`app.py` :: `_build_wf_ctx`　**讀取**
   字樣錨（⛔ 行號為錨）＝ `"side_lines_by_side":   ss.get("f3_cad_side_lines_by_side", {}) or {},`
   ⛔ 非錨·當態 blob 之位 ＝ :14572
`app.py` :: `main`　**寫入**
   字樣錨（⛔ 行號為錨）＝ `st.session_state['f3_cad_side_lines_by_side'] = (`
   ⛔ 非錨·當態 blob 之位 ＝ :18536
`app.py` :: `main`　**讀取**
   字樣錨（⛔ 行號為錨）＝ `_sls_a = (st.session_state.get(`
   ⛔ 非錨·當態 blob 之位 ＝ :20379
`app.py` :: `main`　**讀取**
   字樣錨（⛔ 行號為錨）＝ `_slbs_cr = st.session_state.get('f3_cad_side_lines_by_side', {}) or {}`
   ⛔ 非錨·當態 blob 之位 ＝ :20414
`app.py` :: `main`　**讀取**
   字樣錨（⛔ 行號為錨）＝ `_slb_ap = (st.session_state.get('f3_cad_side_lines_by_side', {})`
   ⛔ 非錨·當態 blob 之位 ＝ :20714
`app.py` :: `main`　**讀取**
   字樣錨（⛔ 行號為錨）＝ `_side_lines_blk = (st.session_state.get(`
   ⛔ 非錨·當態 blob 之位 ＝ :21942
`verify/run_verification.py` :: `build_pipeline`　**寫入**
   字樣錨（⛔ 行號為錨）＝ `ss["f3_cad_side_lines_by_side"] = slm`
   ⛔ 非錨·當態 blob 之位 ＝ :191
`verify/stepg_pipeline.py` :: `_run_step_g_impl`　**讀取**
   字樣錨（⛔ 行號為錨）＝ `_side_lines_blk = (ss.get('f3_cad_side_lines_by_side', {}) or {}).get(blk_label, {}) or {}`
   ⛔ 非錨·當態 blob 之位 ＝ :679
────────────────────────────────────────────────────────────────────────────────────────────────────────────────

================================================================================================================
款 `3`　🔑 其表之**鍵結構**逐層（AST 之 `Subscript`／`Assign`／`.get` 鏈**逐字**·⛔ 讀來像是）
================================================================================================================
**寫入處** ＝ **2** 處：
   `app.py` :: `main`
      賦值逐字 ＝ `st.session_state['f3_cad_side_lines_by_side']`
   `verify/run_verification.py` :: `build_pipeline`
      賦值逐字 ＝ `ss['f3_cad_side_lines_by_side']`

**讀取處之鍵鏈逐層**（自讀取處之 AST 逐層取其鍵）：
   `app.py` :: `_first_corner_alloc_dir`
      敘述逐字 ＝ `_slbs = _st_fc.session_state.get('f3_cad_side_lines_by_side', {}) or {}`
   `app.py` :: `_annotate_temp_parcel_cut_type`
      敘述逐字 ＝ `temp_parcels, _diag_k6 = k6_step0_merge(temp_parcels, _ss_k6.get('t8_ownership_map', {}) or {}, _ss_k6.get('f3_cad_front_lines`
   `app.py` :: `select_corner_lots_both_sides_v12`
      敘述逐字 ＝ `_slbs_wb = _st_wb5.session_state.get('f3_cad_side_lines_by_side', {}) or {}`
   `app.py` :: `_build_wf_ctx`
      敘述逐字 ＝ `cad = {'front_lengths': _need('f3_cad_front_lengths'), 'side_lengths_by_side': _need('f3_cad_side_lengths_by_side'), 'front_li`
   `app.py` :: `main`
      敘述逐字 ＝ `_slbs_cr = st.session_state.get('f3_cad_side_lines_by_side', {}) or {}`
   `app.py` :: `main`
      敘述逐字 ＝ `_sls_a = (st.session_state.get('f3_cad_side_lines_by_side', {}) or {}).get(_lbl, {})`
   `app.py` :: `main`
      敘述逐字 ＝ `_side_lines_blk = (st.session_state.get('f3_cad_side_lines_by_side', {}) or {}).get(blk_label, {}) or {}`
   `app.py` :: `main`
      敘述逐字 ＝ `_slb_ap = (st.session_state.get('f3_cad_side_lines_by_side', {}) or {}).get(_lbl, {}) or {}`
   `verify/stepg_pipeline.py` :: `_run_step_g_impl`
      敘述逐字 ＝ `_side_lines_blk = (ss.get('f3_cad_side_lines_by_side', {}) or {}).get(blk_label, {}) or {}`

🔑 **其鍵是否含街廓層**（`blk_label` 或等價）——**逐處之第二層鍵逐字**：
   `app.py                    ` :: `_first_corner_alloc_di` ⇒ 第二層鍵逐字 ＝ `**無第二層**`
   `app.py                    ` :: `_annotate_temp_parcel_` ⇒ 第二層鍵逐字 ＝ `**無第二層**`
   `app.py                    ` :: `select_corner_lots_bot` ⇒ 第二層鍵逐字 ＝ `**無第二層**`
   `app.py                    ` :: `_build_wf_ctx         ` ⇒ 第二層鍵逐字 ＝ `**無第二層**`
   `app.py                    ` :: `main                  ` ⇒ 第二層鍵逐字 ＝ `**無第二層**`
   `app.py                    ` :: `main                  ` ⇒ 第二層鍵逐字 ＝ `_lbl`
   `app.py                    ` :: `main                  ` ⇒ 第二層鍵逐字 ＝ `blk_label`
   `app.py                    ` :: `main                  ` ⇒ 第二層鍵逐字 ＝ `_lbl`
   `verify/stepg_pipeline.py  ` :: `_run_step_g_impl      ` ⇒ 第二層鍵逐字 ＝ `blk_label`

================================================================================================================
款 `3′`　🔑 **消費端之鍵鏈逐層**（`_first_corner_alloc_dir` 體內·AST `For`／`Subscript`／`.get` **逐字**）
================================================================================================================
**`For` 之 `target`／`iter` 逐字**（＝ 其逐層之走法）：
   `for _lbl in _slbs:`
   `for _w in ('left', 'right'):`

**`Subscript`／`.get` 之鍵逐字**（去重·序同 AST 之走訪）：
   'f3_cad_side_lines_by_side'
   _w
   'mid'
   _lbl
   'p1'
   'p2'
   1
   0

🔑 **其是否以<u>街廓標籤</u>索引** ＝ 見上 `for` 之 `target`；若其為**遍歷全表**而以幾何比對定位，則**⛔ 以標籤索引**（照實出艙·⛔ 判其可施）

================================================================================================================
款 `4`　🔑 **寫入之時機**（外圍 `For`／`While` 之 `target` 與 `iter` **逐字**）　🔑 **此即 `停五` 之受詞**
================================================================================================================
   `app.py` :: `main`
      外圍 `For`／`While` ＝ **無**（⇒ **⛔ 在逐街廓迴圈內**）
      ⇒ 其賦值之受詞 ＝ **整表一次賦值**（逐字見款 `3`）
   `verify/run_verification.py` :: `build_pipeline`
      外圍 `For`／`While` ＝ **無**（⇒ **⛔ 在逐街廓迴圈內**）
      ⇒ 其賦值之受詞 ＝ **整表一次賦值**（逐字見款 `3`）

================================================================================================================
款 `5`　🔑 `_st_fc` 之可達性（**三態分列**）　🔑 **此即 `停六` 之受詞**
================================================================================================================
`_st_fc` 之**賦值逐字**（其為何物）＝ ['import streamlit as _st_fc']
`_st_fc` 在 `ns` 之鍵框內 ＝ **False**

**三態分列**：
   態① **在 `ns`** ＝ False
   態② **⛔ 在 `ns` 而可自他途** ＝ True
        `ns` 之鍵 `st`　其頂層敘述逐字 ＝ `import streamlit as st`
   態③ **⛔ 可達** ＝ False

🔒 **`_corner_buffer_S` 之體內是否可解**（框 ＝ `app.py` 頂層名之集·⛔ 模組 `__globals__`）：
   名 `st` 於 `ns` 之鍵框內 ＝ **True**（⇒ `_corner_buffer_S` 體內該名可經 `__globals__`(=`ns`) 解析）
   （併記·⛔ 判其可施）`_corner_buffer_S` 體內現有之 `Name.Load` 是否已含 `st` ＝ False

================================================================================================================
款 `6`　`_first_corner_alloc_dir` 之**接觸面**（定義處 ＋ 全部呼叫端·AST **二形並取**·本批**只量**）
================================================================================================================
**定義處**：檔 ＝ **1**／處 ＝ **1**
   `app.py`　字樣錨 ＝ `def _first_corner_alloc_dir(side_mid):`
**呼叫端**：檔 ＝ **1**／處 ＝ **1**
   `app.py` :: `_solve_G_one`
      字樣錨 ＝ `allocation_dir = _first_corner_alloc_dir(side_mid)`
      外圍守衛 `test` 逐字 ＝ ['If `is_corner`']
      其中命中 `forced` 旗字樣者 ＝ **無**

判別力[必為否] `def _first_corner_alloc_dir` 之定義列：外圍 `If`／`IfExp` ＝ **0** 個 ⇒ 判 ＝ 否（須「否」）

================================================================================================================
款 `7`　判別力四造
================================================================================================================
[必非零] 款 `2` 之處數 `≥ 1` ⇒ **11** ⇒ ✅
[必為 `34`] 母體基數之**外部錨**（坑 `bj`）⇒ **34** ⇒ ✅
[必為零] **執行期組出**之人造字樣於款 `1` 之框下命中 ⇒ **0** ⇒ ✅
[必真] `_first_corner_alloc_dir` 在 `ns` 之鍵 ＝ **True** ⇒ ✅

================================================================================================================
🛑 二停機款之**受詞**（本器只出艙·其成否之判由報告承載）
================================================================================================================
`停五`（鍵結構·**二合取項須分列**）：
   合取 `(i)` 鍵結構**⛔ 含街廓層** ⇒ 見款 `3` 之第二層鍵逐字
   合取 `(ii)` 寫入**不隨街廓更新** ⇒ 見款 `4` 之外圍迴圈逐字

`停六`（可達性）：款 `5` 判 `_st_fc` 於 `_corner_buffer_S` 之體內**⛔ 可達** ⇒ 見款 `5` 之三態

✅ 判別力四造全數成立 ⇒ 本器非恆綠亦非恆紅
🔒 **出艙即止**——⛔ 判「可施」或「不可施」·⛔ 擬任何改法或 diff。
