==============================================================================================================================
【`W-G.9-318 補令一` `§三`】`_b_*0` 與鏈頭 `W_0` 之對帳（唯讀·態甲·⛔ 全量）
==============================================================================================================================
🛑 **唯讀**：⛔ 改生產碼一字·⛔ 替身·⛔ 反事實；三 spy 逐位原樣回傳
🔒 本器跑於 `c7′` 之態（forced 側傳 `None` ⇒ 覆寫**不觸發**）⇒ ② 即**改前之值**
🔒 `R(·)` 一律 `ns["rw_from_width"]`；`W(·)` 一律 `ns["k956_W_from_mp"]`（⛔ 器內另算）

──────────────────────────────────────────────────────────────────────────────────────────────────────────────────────────────
▍情境 0m ｜ 態甲（`WV_K6_STEP0` 未設）｜中止閘 ＝ （無·跑完）
──────────────────────────────────────────────────────────────────────────────────────────────────────────────────────────────
🔒 **自我驗證閘 `(i)`**（碼面自身之保證：`_select_pool_slot` 之實參 `b` ＝ 本器所捕之 ①）
   ⇒ 逐格相符 ＝ **True**（受檢 5 街廓 × 2 側）

🔒 **自我驗證閘 `(ii)`**：以鏈頭實參重建之 `W` ＝ `4.4804447558`／碼面 `W_0` ＝ `4.4804447558` ⇒ ✅ 逐位相符
**五量（`R4` left·未捨入）**
| # | 量 | 值 | `R(·)` (%) |
|---|---|---|---|
| ① | `_b_L0`（`_mp_base_W0` 之回傳） | `3.7076106246` | `35.8994690601` |
| ② | 改前之鏈頭 `W_0`（`_W_near`·`rw_increment` 之 `W_prev`） | `4.4804447558` | `40.7787574859` |
| ③ | `W(遠側)`（`corner_pt + buf·d̂` → `k956_W_from_mp`·`probe_WG9279:282` 逐字） | `4.4804447558` | `40.7787574859` |

　併記（生產實參）：`_left_buffer_S` ＝ `4.4997522400`／`_fo_left` ＝ `True`
　🔑 **二軸之別**：① 之量測軸 ＝ `_mp_base_W0` 之 `_adir`（＝ `allocation_dir_block`）／②③ 之量測軸 ＝ 鏈頭之 `allocation_dir`（`K-9-5-4 ②` 之換軸）⇒ `|cos|` ＝ `0.9988785831`（⛔ 判孰誤）
　對拍 `GB-169 §三`【倉】：`buf` `4.4997522400`／`W(遠側)` `4.4804447558`／`W_0`（碼面）`4.4804447558`
　　· 本器之 `_left_buffer_S` vs 其 `buf` ⇒ Δ ＝ `+3.872e-11`
　　· 本器之 ③ vs 其 `W(遠側)` ⇒ Δ ＝ `-1.771e-11`
　　· 本器之 ② vs 其 `W_0`（碼面） ⇒ Δ ＝ `-1.771e-11`

| ④ | `R(①) − R(②)` | **`-4.8792884257`** 個百分點 |
| ⑤ | `R(②) − R(③)` | **`0.0000000000`** 個百分點 |

🔒 **判（補令 `§三`）**：④ 與 `GB-170` 之 `R(W_0) − R(S1_perp)`（【倉】 `4.955250038496402`）
   ⇒ |④| ＝ `4.8792884257`／倉載 ＝ `4.9552500385`／**Δ ＝ `-0.0759616128`**
   ⇒ **⛔ 逐位相符 ⇒ 具名其差如上** ——⛔ 判孰誤（單 `§三` 明令）

🔒 **判別力二造**
   甲[必為零] ⑤（依 `GB-169 §三` 應 ＝ `0`）⇒ 實得 `0.0000000000` ⇒ ✅ 為零
   乙[必非零] ④ ⇒ 實得 `-4.8792884257` ⇒ ✅ 非零
   ⇒ 二造**異色** ⇒ ✅ 器非紅

──────────────────────────────────────────────────────────────────────────────────────────────────────────────────────────────
▍情境 3.5m ｜ 態甲（`WV_K6_STEP0` 未設）｜中止閘 ＝ （無·跑完）
──────────────────────────────────────────────────────────────────────────────────────────────────────────────────────────────
🔒 **自我驗證閘 `(i)`**（碼面自身之保證：`_select_pool_slot` 之實參 `b` ＝ 本器所捕之 ①）
   ⇒ 逐格相符 ＝ **True**（受檢 5 街廓 × 2 側）

🔒 **自我驗證閘 `(ii)`**：以鏈頭實參重建之 `W` ＝ `7.7850157181`／碼面 `W_0` ＝ `7.7850157181` ⇒ ✅ 逐位相符
**五量（`R4` left·未捨入）**
| # | 量 | 值 | `R(·)` (%) |
|---|---|---|---|
| ① | `_b_L0`（`_mp_base_W0` 之回傳） | `7.0230161898` | `55.8242874248` |
| ② | 改前之鏈頭 `W_0`（`_W_near`·`rw_increment` 之 `W_prev`） | `7.7850157181` | `59.9390848777` |
| ③ | `W(遠側)`（`corner_pt + buf·d̂` → `k956_W_from_mp`·`probe_WG9279:282` 逐字） | `7.7850157181` | `59.9390848777` |

　併記（生產實參）：`_left_buffer_S` ＝ `7.8185635189`／`_fo_left` ＝ `True`
　🔑 **二軸之別**：① 之量測軸 ＝ `_mp_base_W0` 之 `_adir`（＝ `allocation_dir_block`）／②③ 之量測軸 ＝ 鏈頭之 `allocation_dir`（`K-9-5-4 ②` 之換軸）⇒ `|cos|` ＝ `0.9988785831`（⛔ 判孰誤）
　對拍 `GB-169 §三`【倉】：`buf` `7.8185635189`／`W(遠側)` `7.7850157181`／`W_0`（碼面）`7.7850157181`
　　· 本器之 `_left_buffer_S` vs 其 `buf` ⇒ Δ ＝ `+9.008e-12`
　　· 本器之 ③ vs 其 `W(遠側)` ⇒ Δ ＝ `-9.743e-12`
　　· 本器之 ② vs 其 `W_0`（碼面） ⇒ Δ ＝ `-9.743e-12`

| ④ | `R(①) − R(②)` | **`-4.1147974529`** 個百分點 |
| ⑤ | `R(②) − R(③)` | **`0.0000000000`** 個百分點 |

🔒 **判（補令 `§三`）**：④ 與 `GB-170` 之 `R(W_0) − R(S1_perp)`（【倉】 `4.265999999999998`）
   ⇒ |④| ＝ `4.1147974529`／倉載 ＝ `4.2660000000`／**Δ ＝ `-0.1512025471`**
   ⇒ **⛔ 逐位相符 ⇒ 具名其差如上** ——⛔ 判孰誤（單 `§三` 明令）

🔒 **判別力二造**
   甲[必為零] ⑤（依 `GB-169 §三` 應 ＝ `0`）⇒ 實得 `0.0000000000` ⇒ ✅ 為零
   乙[必非零] ④ ⇒ 實得 `-4.1147974529` ⇒ ✅ 非零
   ⇒ 二造**異色** ⇒ ✅ 器非紅

