【`W-G.9-300` 工項一｜路丙之接觸面之現查】mode ＝ static
態 ＝ 5b39171cf3be193c52a78b52edeb1ccfbbfd630b

================================================================================================================
款 1　`S` ＝ `_corner_buffer_S` 之全部呼叫端（**AST**·二形並取）
================================================================================================================
母體（**正面列舉**）＝ `git ls-tree HEAD --name-only verify/` ⋂ `*.py` ＋ `app.py`　rc ＝ 0　基數 ＝ **1**（1 + 0）
**檔／處二數並報**：檔 ＝ **1**／處 ＝ **2**

────────────────────────────────────────────────────────────────────────────────────────────────────────────────
S1  檔 ＝ `app.py`
     形            ＝ 形甲 Name
     所在函式名     ＝ `main`
     字樣錨（⛔ 行號為錨）＝ `_left_buffer_S = _corner_buffer_S(`
     　唯一性 ＝ 1（該檔·列框）／判別力自檢 寬字樣 `_corner_buffer_S(` ＝ 3 ⇒ 非恆為 1：True
     `allocation_dir` 位之實參逐字（`ast.unparse`）＝ `allocation_dir_block`（取位 位置#4）
     落於該檔 `def main` 內（**AST 實查**）＝ **True**（`def main` ＝ 14975-24579）
     ⛔ 非錨·當態 blob 之位 ＝ :21903
────────────────────────────────────────────────────────────────────────────────────────────────────────────────
S2  檔 ＝ `app.py`
     形            ＝ 形甲 Name
     所在函式名     ＝ `main`
     字樣錨（⛔ 行號為錨）＝ `_right_buffer_S = _corner_buffer_S(`
     　唯一性 ＝ 1（該檔·列框）／判別力自檢 寬字樣 `_corner_buffer_S(` ＝ 3 ⇒ 非恆為 1：True
     `allocation_dir` 位之實參逐字（`ast.unparse`）＝ `allocation_dir_block`（取位 位置#4）
     落於該檔 `def main` 內（**AST 實查**）＝ **True**（`def main` ＝ 14975-24579）
     ⛔ 非錨·當態 blob 之位 ＝ :21914
────────────────────────────────────────────────────────────────────────────────────────────────────────────────

── **文字層**之數（以資對照·`_corner_buffer_S(` 之**列框**）──
   app.py                             列框 ＝ 3
   文字層合計 ＝ **3** 列／AST 之處 ＝ **2**
   🛑 **loud 具名：二數相異**（差 ＝ 1）——成因逐項：
     · `app.py` ⛔ 非 `Call` 之列：`def _corner_buffer_S(block_poly, d_hat, front_p1, allocation_dir, range_area, side,`

================================================================================================================
款 4　**判準載體**之現查（頂層 `*_EXPECT` 之 AST 賦值 ＋ `baselines` 列框）
================================================================================================================
母體 ＝ 全 `1` 檔（供 `S ∪ F` 之取用·逐檔二數並報）
────────────────────────────────────────────────────────────────────────────────────────────────────────────────
   app.py                             頂層 `*_EXPECT` ＝ 0   `baselines` 列框 ＝ 22  

   全母體頂層 `*_EXPECT` 合計 ＝ **0** 個／分布於 **0** 檔：
   🔒 發單側之預查（⛔ 充結論·本器自行重得）＝ `11` 個·分布 `run_verification.py`／`wd4_tier_list.py`／`wf_f0.py`／`wf_f4.py`
   ⇒ 本器實得 ＝ **0** 個／**0** 檔 ⇒ 與預查 **相異·照實出艙**

================================================================================================================
款 2 (甲)　**靜態**：`verify/run_verification.py` 之遞移 `import` 閉包（母體 ＝ 34 檔）
================================================================================================================
閉包之**全量列舉**（基數 ＝ **1**）：
   01 verify/run_verification.py

S 之各檔是否在閉包內：
   app.py                             ⇒ 🔴 **⛔ 在閉包內**

================================================================================================================
款 3（靜態半）　`_first_corner_alloc_dir` 之可達性 ＋ `side_mid` 之在域性（`t.body` 頂層）
================================================================================================================
S1 `app.py` :: `main`
   `_first_corner_alloc_dir` 於**該檔頂層**（`t.body`）＝ **True**
   `ns` 於該檔頂層 ＝ False；該檔含 `ns["_first_corner_alloc_dir"]` 之列框 ＝ 0
   `side_mid` 族之名於該函式內（**二鍵並報**·⛔ 只報其一）：
      **呼叫列之前**已賦值 ＝ **空**
      **呼叫列之後**方賦值 ＝ ['_side_mid_left', '_side_mid_right']
   ⇒ 靜態在域性判 ＝ 🔴 **⛔ 可取（呼叫列之前無任何 `side_mid` 族之名被賦值）**
────────────────────────────────────────────────────────────────────────────────────────────────────────────────
S2 `app.py` :: `main`
   `_first_corner_alloc_dir` 於**該檔頂層**（`t.body`）＝ **True**
   `ns` 於該檔頂層 ＝ False；該檔含 `ns["_first_corner_alloc_dir"]` 之列框 ＝ 0
   `side_mid` 族之名於該函式內（**二鍵並報**·⛔ 只報其一）：
      **呼叫列之前**已賦值 ＝ **空**
      **呼叫列之後**方賦值 ＝ ['_side_mid_left', '_side_mid_right']
   ⇒ 靜態在域性判 ＝ 🔴 **⛔ 可取（呼叫列之前無任何 `side_mid` 族之名被賦值）**
────────────────────────────────────────────────────────────────────────────────────────────────────────────────

================================================================================================================
款 5　判別力四造
================================================================================================================
[必非零] `|S| ≥ 1` ⇒ |S| ＝ 2 ⇒ ✅
[必相異] 文字層之數（3）與 AST 之數（2）**各自出艙** ⇒ ✅（⛔ 只報其一）
[必為零] 一**執行期組出**之人造函式名（字面⛔ 出艙）於款 1 之框下命中 ＝ 0 ⇒ ✅
[必命中] `verify/run_verification.py` 在款 2 甲形之閉包內（自反）＝ True ⇒ ✅

✅ 判別力四造全數成立 ⇒ 本器非恆綠亦非恆紅
