# `W-G.9-318` 補令六　輕級開工閘（唯讀）
開工態 ＝ `174b0be1841125b14ed31267aebd0d274915c10f`
母體 ＝ 全倉追蹤 `.md` **`864`** 檔（讀不到 `0`）

══ 閘 `②`　號占用（`恆常附款 z`：先列舉定義域·⛔ 以「執行期組出」充證） ══

【受詞一】`自誤 444`
  定義域 ＝ 自誤簿已鑄集：基數 `433`／MIN `7`／MAX `443`／缺號 [106, 355, 356, 357]
  ⇒ `444` ∈ 定義域？ **False**（須 `False`）
  受詢                     `自誤 444`：B `0`／C `0`／聯集 `0` ⇒ 除本補令自身之產物外 **`0`**（須 ＝ 0）
  對照甲［必命中·同形族］           `自誤 443`：B `25`／C `25`／聯集 `25` ⇒ 除本補令自身之產物外 **`25`**（須 > 0）
  對照乙［必為零］哨兵（字面⛔ 出艙）：∈ 已鑄集？ **False**（枚舉 `433` 成員後判）
      ⇒ 全倉 B `0`／C `0`（須 `0`／`0`）

【受詞二】`恆常附款 ab`
  定義域 ＝ 簿內款名（`裁 1` 之框·去重）＝ **`27`** 個 ⇒ ['a', 'b', 'c', 'd', 'e', 'f', 'g', 'h', 'i', 'j', 'k', 'l', 'm', 'n', 'o', 'p', 'q', 'r', 's', 't', 'u', 'v', 'w', 'x', 'y', 'z', 'aa']
  ⇒ `ab` ∈ 定義域？ **False**（須 `False`）
  受詢                     `恆常附款 ab`：定義形之檔命中 **`0`**（須 ＝ 0）[]
  對照甲［必命中·同形族］           `恆常附款 aa`：定義形之檔命中 **`5`**（須 > 0）['docs/orders/W-G.9-318_補令五_裁3之撤回與自誤443及恆常附款z_aa.md', 'docs/reports/W-G.9波_claude.ai側自誤登記.md']
  對照乙［必為零］哨兵：∈ 定義域 ∪ {`ab`}？ **False** ⇒ 定義形之檔命中 `0`（須 `0`）

══ 閘 `③`　被追加之簿（⛔ 數他簿） ══
  自誤簿　相異 `433`／MAX `443`
  恆常附款簿　款名（`裁 1` 之框·去重）＝ **`27`**（與 `裁 1` 所載之 `27` 相符 🟢）

══ `§一` 索引閘　逐款 `出處` 欄**非空**（`恆常附款 ab②` 之受詞） ══
  簿 `§三` 具 `出處` 節題者 ＝ **`25`** 款；款名總數 ＝ `27`；**缺 `出處` 者 ＝ `2`** ['z', 'aa']

  抽驗 `5` 款（**經索引取 `檔:列` 後以檔案管線取之**·⛔ 文字搜框·`ab②`）：
    款 `a `  `W-G.9-308_補令一_K-9-38與K-9-39之鑄及自誤420至:82`  取得 `1` 列·非空 🟢
    款 `e `  `W-G.9-311_施工單_修批前置之現態診斷與自誤423_424.md:89`  取得 `1` 列·非空 🟢
    款 `l `  `W-G.9-315_施工單_K-9-5-12反事實之態乙驅動與自誤429:98`–`:102`  取得 `5` 列·非空 🟢
    款 `u `  `W-G.9-318_補令一_forced側之避讓與自誤434至438.m:129`  取得 `1` 列·非空 🟢
    款 `aa`：🔴 ⛔ 索引
  ⇒ 相符 `4`／`5`

══ 閘 `④`　`append-only` 之期初（**三值化**·`恆常附款 x`） ══
  W-G.9波_恆常附款登記表.md                          倉側 `33412` B／工作區 `33412` B／相同 True
  W-G.9波_claude.ai側自誤登記.md                   倉側 `938680` B／工作區 `938680` B／相同 True
  W-G.9-318_CC側換手_一.md                       倉側 `27109` B／工作區 `27109` B／相同 True
