態 ＝ `bc97c9d72d1680e820872aba787ecc453fa3a509`／母體 ＝ 全倉追蹤 `.md` `857` 檔／粒度框 ＝ **列框**

══ 第四形（單 `§一-1` 之「（`x`）」列舉形）══

## 款 `a`　命中 `1`
  docs/orders/W-G.9-308_補令一_K-9-38與K-9-39之鑄及自誤420至421與款4之靜態結案.md:82
    （`a`）**凡單內鑄一攔法者，出單前以該攔法逐款回掃本單全文並出艙回掃之結果**；**重擬之版次對前版未改之款重跑攔法**（`自誤 420`）；

## 款 `b`　命中 `1`
  docs/orders/W-G.9-308_補令一_K-9-38與K-9-39之鑄及自誤420至421與款4之靜態結案.md:83
    （`b`）**凡擬鑄之裁，以其受詞之關鍵語及其同義詞全倉查既有之裁，查得者同格具名其與新裁之關係（取代／併存／例外）**（`自誤 421`）；

## 款 `c`　命中 `1`
  docs/orders/W-G.9-308_補令一_K-9-38與K-9-39之鑄及自誤420至421與款4之靜態結案.md:84
    （`c`）**凡於 `_corner_buffer_S` 之呼叫所在之迴圈體內新增讀取 N7 之任一名者，讀取點須位於該迴圈體內之綁定語句之後**；其閘 ＝ `verify/probes/probe_WG9308S1_bindorder.py` 之「通則命中」與「N7 首次賦值前之讀取」皆 ＝ `0`（`§零-2` 裁 `2`）。

══ 第五形（行內之受詞括註·**⛔ 為條文·僅作佐證**）══
  款 `a`　〔攔法回掃〕　docs/orders/W-G.9-310_施工單_K-9-40之鑄與三則末端註記及自誤422.md:82
  款 `a`　〔原封入倉·`sha256` 逐位相同〕　docs/reports/W-G.9-223R_框之落地與補入倉接收與驗收出艙閘_執行報告.md:107
  款 `b`　〔擬鑄之裁須全倉查既有之裁並具名關係〕　docs/orders/W-G.9-310_施工單_K-9-40之鑄與三則末端註記及自誤422.md:82
  款 `b`　〔首行標作廢〕　docs/reports/W-G.9-223R_框之落地與補入倉接收與驗收出艙閘_執行報告.md:107
  款 `c`　〔`_corner_buffer_S` 迴圈體內之綁定序〕　docs/orders/W-G.9-310_施工單_K-9-40之鑄與三則末端註記及自誤422.md:82
  款 `o`　〔二態之差須並載母體與可比性判〕　docs/orders/W-G.9-318_補令一_forced側之避讓與自誤434至438.md:108

══ 判別力二造 ══
  必非零：款 `a` 第四形命中 ＝ `1`（須 `> 0`）
  必為零：第四形⛔ 命中之字母 ＝ `23` 個 ⇒ 本器⛔ 恆命中
  第四形所得之款集 ＝ ['a', 'b', 'c']
