# `W-G.9-319`　輕級開工閘 ＋ 態錨復現（唯讀）
開工態 ＝ `c286a79cc6a699c57c7763306c4beae9ef7b60a3`

══ 閘 `②`　號占用（`W-G.9-319`） ══
母體 ＝ 追蹤 `.md` **`868`** 檔（讀不到 `0`）
🔒 `z` 之定義域列舉：全倉 `.md` 內出現過之 `W-G.9-N` 之 `N` ＝ **`315`** 個相異號（`MIN` `1`／`MAX` `999`）
  受詢                       `W-G.9-319`：B `0`／C `0`／並取 `0` ⇒ **除本單自身之產物外 `0`**（須 ＝ 0）
  對照甲［必命中·同形族］             `W-G.9-318`：B `238`／C `24`／並取 `238` ⇒ **除本單自身之產物外 `238`**（須 > 0）
  對照甲2［必命中·同形族］            `W-G.9-309`：B `111`／C `109`／並取 `111` ⇒ **除本單自身之產物外 `111`**（須 > 0）
  對照乙［必為零］哨兵（字面⛔ 出艙）：∈ 定義域？ **False**（枚舉 `315` 成員後判）
      ⇒ B `0`／C `0`／並取 `0`（須 `0`）
  🔒 `aa②` 二框之**相異維度** ＝ **鄰接形**（裸 vs 反引號括全 token），⛔ 僅差標點或動詞

══ 閘 `④`　四簿（**二框並報**·期初） ══
  自誤〔正典框〕 相異 **`434`**／MAX **`444`**／缺 [106, 355, 356, 357]
  VR  〔標題錨定框〕 相異 **`80`**／MAX **`95`**／缺 [73, 75]
  K-9 〔標題錨定框〕 相異 **`40`**／MAX **`41`**／缺 []
  ── 自擬框（`probe_WG9267_issuer_measurers.py registry`）──
     自誤 : {'相異': 430, 'MAX': 444, 'MIN': 7, '缺號': [106, 355, 356, 357, 434, 435, 436, 437]}
     GB   : {'相異': 169, 'MAX': 171, 'MIN': 1, '缺號': [12, 87]}   （997 在聯集內？ False ⇒ 扣哨兵為空操作： True ）
     VR   : {'相異': 80, 'MAX': 95, 'MIN': 14, '缺號': [73, 75]}   （999 在定義框內？ True ）
     K-9  : {'相異': 40, 'MAX': 41, 'MIN': 2, '缺號': []}

══ 閘 `⑤`　`append-only` 之期初（**三值化**·`恆常附款 x`） ══
  W-G.9波_claude.ai側自誤登記.md                 倉側 `940833` B／`2d419207277b6052…`／工作區 ＝ 倉側 **True**
  W-G.9波_恆常附款登記表.md                        倉側 `40233` B／`59d86cc50d345ce2…`／工作區 ＝ 倉側 **True**
  W-G.9-318_CC側換手_一.md                     倉側 `32398` B／`87ab2188d52af67d…`／工作區 ＝ 倉側 **True**
  W-G.4_泛用阻塞項登記表.md                        倉側 `944120` B／`0a0f1ee56bcfbc8c…`／工作區 ＝ 倉側 **True**
  K-6_街角地分配程序與可分配判準.md                     倉側 `360462` B／`bf195413d2ab88d3…`／工作區 ＝ 倉側 **True**

══ `§零-3` 態錨之復現（`恆常附款 f`·二值並列） ══
  項 `3` 生產碼 `verify/` 頂層 `*.py`      單載 `33`／實測 **`33`**  🟢
  項 `3` 判別力 子層 `*.py`                單載 `356`／實測 **`357`**  🩸 **相異·具名**
  項 `7` 自誤簿列數                        單載 `10758`／實測 **`10758`**  🟢
  項 `7` 恆常附款簿列數                      單載 `342`／實測 **`342`**  🟢
  項 `8` 全倉追蹤                         單載 `2548`／實測 **`2548`**  🟢
  項 `8` `.md`                        單載 `868`／實測 **`868`**  🟢
  項 `8` `docs/`                      單載 `842`／實測 **`842`**  🟢
  項 `8` `verify/out/`                單載 `989`／實測 **`989`**  🟢
  `§五` 受詞檔列數                         單載 `423`／實測 **`423`**  🟢
  `GB` 簿 blob                        單載 `64e91c72779fe84e…`／實測 **`64e91c72779fe84e…`**  🟢
  `K-6` 典 blob                       單載 `3bc628dffb7688ea…`／實測 **`3bc628dffb7688ea…`**  🟢

══ `§八` 三數之當場重算（`恆常附款 f` 後段） ══
  受掃之款（框 ＝ 簿內款列之去重）＝ 單載 `28`／實測 **`28`**  🟢
     列舉 ＝ a b c d e f g h i j k l m n o p q r s t u v w x y z aa ab
  🟢 施行 ＝ 單載 `21`／實測 **`21`**  🟢
  ⚪ 不生 ＝ 單載 `7`／實測 **`7`**  🟢
  `21 + 7` ＝ **`28`**；二列舉之聯集 ＝ **`28`** 個
  ⇒ 聯集 ＝ 簿內款名？ **True** 🟢
     差集（簿∖表）＝ []／（表∖簿）＝ []
  🔒 重疊之檢（須空）：`DONE ∩ NA` ＝ []
  🔒 索引（`ab②` 之受詞）：具索引形 `出處` 者 ＝ **`28`**／缺 **`0`** 🟢
