============================================================================================================
【W-G.9-69】乙式耦合斷言　`垂距 ＝ max(_seg_P0Ps·sinθ, T)`（`K-9-5-14`／`K-9-5-15`·KL 裁 2026-08-19 耦合條款之機械載體）
============================================================================================================
  ── setback = 0 m（T ＝ setback ＋ 畸零地最小寬）────────────────────────────────────────────────────
  街廓   側              sinθ   _seg_P0Ps    seg·sinθ       T    期望 S1_perp            實測垂距         |差|    判
  R1   left      0.9974794    3.668198    3.658952    3.50      3.658952     3.658951915   1.330e-10   ✅
  R1   right     0.9956960    3.382567    3.368008    3.50      3.500000     3.500000000   2.017e-10   ✅
  R2   left      0.9999884    3.544219    3.544178    3.50      3.544178     3.544177647   1.756e-10   ✅
  R3   right     0.9998560    3.565921    3.565408    3.50      3.565408     3.565407553   5.211e-11   ✅
  R4   left      0.9956946    3.711446    3.695467    3.50      3.695467     3.695466686   2.769e-11   ✅
  R4   right     0.9999895    3.543883    3.543846    3.50      3.543846     3.543846043   9.561e-11   ✅
  R5   left      0.9998560    3.463292    3.462793    3.50      3.500000     3.500000000   2.816e-10   ✅
  R6   right     0.9967659    3.401504    3.390503    3.50      3.500000     3.500000000   8.090e-11   ✅
  ── setback = 3.5 m（T ＝ setback ＋ 畸零地最小寬）────────────────────────────────────────────────────
  街廓   側              sinθ   _seg_P0Ps    seg·sinθ       T    期望 S1_perp            實測垂距         |差|    判
  R1   left      0.9974794    3.668198    3.658952    7.00      7.000000     7.000000000   1.425e-10   ✅
  R1   right     0.9956960    3.382567    3.368008    7.00      7.000000     7.000000000   9.314e-11   ✅
  R2   left      0.9999884    3.544219    3.544178    7.00      7.000000     7.000000000   1.151e-10   ✅
  R3   right     0.9998560    3.565921    3.565408    7.00      7.000000     7.000000000   1.782e-10   ✅
  R4   left      0.9956946    3.711446    3.695467    7.00      7.000000     7.000000000   1.160e-10   ✅
  R4   right     0.9999895    3.543883    3.543846    7.00      7.000000     7.000000000   2.816e-10   ✅
  R5   left      0.9998560    3.463292    3.462793    7.00      7.000000     7.000000000   1.235e-10   ✅
  R6   right     0.9967659    3.401504    3.390503    7.00      7.000000     7.000000000   5.294e-12   ✅
------------------------------------------------------------------------------------------------------------
  ⇒ **不變式成立 16／16 格**（容差 1e-09；八格 × 2 情境）
------------------------------------------------------------------------------------------------------------
  **判別力自檢（⛔ 二式並試·缺一則本閘不計為證據）**
  ✅ 變異 A（施工單 A-2 逐字：`S1_perp` 改回 `max(seg, T)`（垂距 ⇒ max(seg,T)））⇒ 本閘咬中 5 格
      · 不成立：R1/left@sb=0
      · 不成立：R2/left@sb=0
      · 不成立：R3/right@sb=0
      · 不成立：R4/left@sb=0
      · 不成立：R4/right@sb=0
  ✅ 變異 B（Z-1 耦合條款之真甲式：併改 `S1_par` 不除 sinθ（垂距 ⇒ max(seg,T)·sinθ））⇒ **生產碼構造自檢先行停機**：🔴 _build_corner_range_v3[R1·left]：構造自檢不合：深度 0.00 之垂距 獨立覆算 3.658952 ≠ S1_perp 3.668198（eps=0.0001）——K-9-5-14 之平移有誤（K-8 §三〜§五·停機條件·⛔ 禁兜底）
     🔒 倉內 `app.py` 全程未動；複本已刪。
============================================================================================================
乙式耦合斷言：✅ 綠
